$ /usr/bin/time -v -o /home/duhaochen/website-trial-v1/data/spice-model-benchmark/75a059bbb4b683a0b37cc6e0eb24433e/hspice/resource.txt /usr/bin/python -m spice_model_benchmark.cli /home/duhaochen/pipeline_full_collection/benchmark-inputs/75a059bbb4b683a0b37cc6e0eb24433e/hspice.lib --simulator hspice --modes dc transient ac noise --output-dir /home/duhaochen/website-trial-v1/data/spice-model-benchmark/75a059bbb4b683a0b37cc6e0eb24433e --dpi 120 --log-level WARNING
SPICE Model Benchmark: /home/duhaochen/pipeline_full_collection/benchmark-inputs/75a059bbb4b683a0b37cc6e0eb24433e/hspice.lib
Simulators: hspice
Modes: dc, transient, ac, noise
------------------------------------------------------------

============================================================
  Running: HSPICE
  Output:  /home/duhaochen/website-trial-v1/data/spice-model-benchmark/75a059bbb4b683a0b37cc6e0eb24433e/hspice
============================================================
Vgs range: 0.000V to 1.200V
Ids range: -3.254e-05A to 8.999e-09A
Selected Vgs values: [0.  0.2 0.4 0.6 0.8 1.  1.2]
Vgs=0.000V: Ids range -3.610e-10A to -1.086e-14A
Vgs=0.200V: Ids range -6.865e-08A to 7.012e-13A
Vgs=0.400V: Ids range -1.406e-06A to 7.474e-11A
Vgs=0.600V: Ids range -5.640e-06A to 5.416e-10A
Vgs=0.800V: Ids range -1.368e-05A to 1.820e-09A
Vgs=1.000V: Ids range -2.333e-05A to 4.409e-09A
Vgs=1.200V: Ids range -3.254e-05A to 8.999e-09A
ids_variation: 4.735809888431203
ids_variation <= max_variation: False
tc: 908685.3233444695
abs(tc) <= max_tc: False
[WARNING]: Temperature effects verification failed - effects outside expected range
/home/duhaochen/spice_model_benchmark/src/spice_model_benchmark/verification_manager.py:2706: RuntimeWarning: divide by zero encountered in divide
  norm_dvg = np.abs(dvg_dt / gate_voltage[:-1])
/home/duhaochen/spice_model_benchmark/src/spice_model_benchmark/verification_manager.py:2706: RuntimeWarning: invalid value encountered in divide
  norm_dvg = np.abs(dvg_dt / gate_voltage[:-1])
norm_dvg: [1.00000000e+10 5.00000000e+09 3.33333333e+09 ... 0.00000000e+00
 0.00000000e+00 0.00000000e+00]
norm_dvd: [0. 0. 0. ... 0. 0. 0.]
norm_did: [ 8051529.79066085  9848688.33378032 13443269.40311925 ...
        0.                0.                0.        ]
[WARNING]: Quasi-static verification failed
[WARNING]: Max normalized derivatives: dVg/dt=nan, dVd/dt=0.00e+00, dId/dt=2.44e+12
/home/duhaochen/spice_model_benchmark/src/spice_model_benchmark/plot_generator.py:336: UserWarning: Attempting to set identical low and high ylims makes transformation singular; automatically expanding.
  plt.ylim(0, max_cap*1.2)  # Add 20% margin to ensure all components are visible
[INFO]: S-parameter analysis plot saved to /home/duhaochen/website-trial-v1/data/spice-model-benchmark/75a059bbb4b683a0b37cc6e0eb24433e/hspice/plots/ac_cv_sparameter_analysis.png
[INFO]: S-parameter analysis plot saved to /home/duhaochen/website-trial-v1/data/spice-model-benchmark/75a059bbb4b683a0b37cc6e0eb24433e/hspice/plots/ac_cv_sparameter_analysis.png
[INFO]: NQS effects plot saved to /home/duhaochen/website-trial-v1/data/spice-model-benchmark/75a059bbb4b683a0b37cc6e0eb24433e/hspice/plots/ac_cv_nqs_effects.png
[WARNING]: Cannot compute correlation: constant data detected

  hspice: ✓ PASS  (206.1s)

✓ Benchmark completed: /home/duhaochen/website-trial-v1/data/spice-model-benchmark/75a059bbb4b683a0b37cc6e0eb24433e/hspice
