
6. Printing statistics.

=== adder_top ===

        +----------Local Count, excluding submodules.
        |        +-Local Area, excluding submodules.
        |        | 
       69        - wires
      114        - wire bits
        5        - public wires
       50        - public wire bits
        5        - ports
       50        - port bits
       81 1.68E+03 cells
       11  193.178   gf180mcu_fd_sc_mcu7t5v0__and2_1
        3   52.685   gf180mcu_fd_sc_mcu7t5v0__aoi21_1
       11   96.589   gf180mcu_fd_sc_mcu7t5v0__clkinv_1
        6   65.856   gf180mcu_fd_sc_mcu7t5v0__nand2_1
        1   15.366   gf180mcu_fd_sc_mcu7t5v0__nand3_1
        8   105.37   gf180mcu_fd_sc_mcu7t5v0__nor2_1
        5   87.808   gf180mcu_fd_sc_mcu7t5v0__nor3_1
       13  228.301   gf180mcu_fd_sc_mcu7t5v0__oai21_1
        1   17.562   gf180mcu_fd_sc_mcu7t5v0__or2_1
       12  316.109   gf180mcu_fd_sc_mcu7t5v0__xor2_1
       10  504.896   gf180mcu_fd_sc_mcu7t5v0__xor3_1

   Chip area for module '\adder_top': 1683.718400
     of which used for sequential elements: 0.000000 (0.00%)

