OpenSTA 3.1.0 543361765b Copyright (c) 2026, Parallax Software, Inc.
License GPLv3: GNU GPL version 3 <http://gnu.org/licenses/gpl.html>

This is free software, and you are free to change and redistribute it
under certain conditions; type `show_copying' for details. 
This program comes with ABSOLUTELY NO WARRANTY; for details type `show_warranty'.
Startpoint: cin (input port clocked by vclk)
Endpoint: sum[15] (output port clocked by vclk)
Path Group: vclk
Path Type: max

        Cap        Slew       Delay        Time   Description
---------------------------------------------------------------------------------------
               0.000000    0.000000    0.000000   clock vclk (rise edge)
                           0.000000    0.000000   clock network delay (ideal)
                           0.000000    0.000000 v input external delay
   0.016234    0.050000    0.000000    0.000000 v cin (in)
               0.050000    0.000000    0.000000 v _076_/A2 (gf180mcu_fd_sc_mcu7t5v0__nor2_1)
   0.004823    0.261039    0.185892    0.185892 ^ _076_/ZN (gf180mcu_fd_sc_mcu7t5v0__nor2_1)
               0.261039    0.000000    0.185892 ^ _078_/A2 (gf180mcu_fd_sc_mcu7t5v0__oai21_1)
   0.016234    0.351415    0.260372    0.446264 v _078_/ZN (gf180mcu_fd_sc_mcu7t5v0__oai21_1)
               0.351415    0.000000    0.446264 v _080_/A2 (gf180mcu_fd_sc_mcu7t5v0__nor2_1)
   0.004823    0.284207    0.236574    0.682837 ^ _080_/ZN (gf180mcu_fd_sc_mcu7t5v0__nor2_1)
               0.284207    0.000000    0.682837 ^ _081_/A2 (gf180mcu_fd_sc_mcu7t5v0__oai21_1)
   0.011977    0.295981    0.227188    0.910026 v _081_/ZN (gf180mcu_fd_sc_mcu7t5v0__oai21_1)
               0.295981    0.000000    0.910026 v _083_/A2 (gf180mcu_fd_sc_mcu7t5v0__xor2_1)
   0.011977    0.291584    0.544329    1.454355 v _083_/Z (gf180mcu_fd_sc_mcu7t5v0__xor2_1)
               0.291584    0.000000    1.454355 v _084_/A2 (gf180mcu_fd_sc_mcu7t5v0__nand2_1)
   0.013585    0.347788    0.285484    1.739839 ^ _084_/ZN (gf180mcu_fd_sc_mcu7t5v0__nand2_1)
               0.347788    0.000000    1.739839 ^ _087_/A3 (gf180mcu_fd_sc_mcu7t5v0__nand3_1)
   0.004772    0.228581    0.163219    1.903058 v _087_/ZN (gf180mcu_fd_sc_mcu7t5v0__nand3_1)
               0.228581    0.000000    1.903058 v _088_/A2 (gf180mcu_fd_sc_mcu7t5v0__aoi21_1)
   0.016234    0.685548    0.438432    2.341491 ^ _088_/ZN (gf180mcu_fd_sc_mcu7t5v0__aoi21_1)
               0.685548    0.000000    2.341491 ^ _089_/A2 (gf180mcu_fd_sc_mcu7t5v0__nor2_1)
   0.004011    0.266901    0.171559    2.513050 v _089_/ZN (gf180mcu_fd_sc_mcu7t5v0__nor2_1)
               0.266901    0.000000    2.513050 v _091_/B (gf180mcu_fd_sc_mcu7t5v0__aoi21_1)
   0.013033    0.589321    0.425273    2.938323 ^ _091_/ZN (gf180mcu_fd_sc_mcu7t5v0__aoi21_1)
               0.589321    0.000000    2.938323 ^ _092_/A2 (gf180mcu_fd_sc_mcu7t5v0__or2_1)
   0.004783    0.149802    0.300889    3.239212 ^ _092_/Z (gf180mcu_fd_sc_mcu7t5v0__or2_1)
               0.149802    0.000000    3.239212 ^ _094_/B (gf180mcu_fd_sc_mcu7t5v0__oai21_1)
   0.010240    0.255405    0.217734    3.456946 v _094_/ZN (gf180mcu_fd_sc_mcu7t5v0__oai21_1)
               0.255405    0.000000    3.456946 v _096_/A2 (gf180mcu_fd_sc_mcu7t5v0__xor2_1)
   0.010240    0.275456    0.517969    3.974915 v _096_/Z (gf180mcu_fd_sc_mcu7t5v0__xor2_1)
               0.275456    0.000000    3.974915 v _097_/A2 (gf180mcu_fd_sc_mcu7t5v0__and2_1)
   0.013156    0.197542    0.375437    4.350352 v _097_/Z (gf180mcu_fd_sc_mcu7t5v0__and2_1)
               0.197542    0.000000    4.350352 v _100_/A3 (gf180mcu_fd_sc_mcu7t5v0__nor3_1)
   0.004823    0.428013    0.321182    4.671535 ^ _100_/ZN (gf180mcu_fd_sc_mcu7t5v0__nor3_1)
               0.428013    0.000000    4.671535 ^ _101_/A2 (gf180mcu_fd_sc_mcu7t5v0__oai21_1)
   0.010240    0.304000    0.230720    4.902255 v _101_/ZN (gf180mcu_fd_sc_mcu7t5v0__oai21_1)
               0.304000    0.000000    4.902255 v _103_/A2 (gf180mcu_fd_sc_mcu7t5v0__xor2_1)
   0.010240    0.275536    0.534014    5.436268 v _103_/Z (gf180mcu_fd_sc_mcu7t5v0__xor2_1)
               0.275536    0.000000    5.436268 v _104_/A2 (gf180mcu_fd_sc_mcu7t5v0__and2_1)
   0.013156    0.197543    0.375461    5.811730 v _104_/Z (gf180mcu_fd_sc_mcu7t5v0__and2_1)
               0.197543    0.000000    5.811730 v _113_/A3 (gf180mcu_fd_sc_mcu7t5v0__nor3_1)
   0.004823    0.428039    0.321182    6.132912 ^ _113_/ZN (gf180mcu_fd_sc_mcu7t5v0__nor3_1)
               0.428039    0.000000    6.132912 ^ _114_/A2 (gf180mcu_fd_sc_mcu7t5v0__oai21_1)
   0.010240    0.304007    0.230723    6.363635 v _114_/ZN (gf180mcu_fd_sc_mcu7t5v0__oai21_1)
               0.304007    0.000000    6.363635 v _116_/A2 (gf180mcu_fd_sc_mcu7t5v0__xor2_1)
   0.010240    0.275536    0.534016    6.897651 v _116_/Z (gf180mcu_fd_sc_mcu7t5v0__xor2_1)
               0.275536    0.000000    6.897651 v _117_/A2 (gf180mcu_fd_sc_mcu7t5v0__and2_1)
   0.013156    0.197543    0.375462    7.273113 v _117_/Z (gf180mcu_fd_sc_mcu7t5v0__and2_1)
               0.197543    0.000000    7.273113 v _120_/A3 (gf180mcu_fd_sc_mcu7t5v0__nor3_1)
   0.004823    0.428039    0.321182    7.594295 ^ _120_/ZN (gf180mcu_fd_sc_mcu7t5v0__nor3_1)
               0.428039    0.000000    7.594295 ^ _121_/A2 (gf180mcu_fd_sc_mcu7t5v0__oai21_1)
   0.010240    0.304007    0.230723    7.825018 v _121_/ZN (gf180mcu_fd_sc_mcu7t5v0__oai21_1)
               0.304007    0.000000    7.825018 v _123_/A2 (gf180mcu_fd_sc_mcu7t5v0__xor2_1)
   0.010240    0.275536    0.534016    8.359034 v _123_/Z (gf180mcu_fd_sc_mcu7t5v0__xor2_1)
               0.275536    0.000000    8.359034 v _124_/A2 (gf180mcu_fd_sc_mcu7t5v0__and2_1)
   0.013156    0.197543    0.375461    8.734495 v _124_/Z (gf180mcu_fd_sc_mcu7t5v0__and2_1)
               0.197543    0.000000    8.734495 v _127_/A3 (gf180mcu_fd_sc_mcu7t5v0__nor3_1)
   0.004823    0.428039    0.321182    9.055677 ^ _127_/ZN (gf180mcu_fd_sc_mcu7t5v0__nor3_1)
               0.428039    0.000000    9.055677 ^ _128_/A2 (gf180mcu_fd_sc_mcu7t5v0__oai21_1)
   0.010240    0.304007    0.230723    9.286401 v _128_/ZN (gf180mcu_fd_sc_mcu7t5v0__oai21_1)
               0.304007    0.000000    9.286401 v _130_/A2 (gf180mcu_fd_sc_mcu7t5v0__xor2_1)
   0.010240    0.275536    0.534016    9.820415 v _130_/Z (gf180mcu_fd_sc_mcu7t5v0__xor2_1)
               0.275536    0.000000    9.820415 v _131_/A2 (gf180mcu_fd_sc_mcu7t5v0__and2_1)
   0.013156    0.197543    0.375461   10.195877 v _131_/Z (gf180mcu_fd_sc_mcu7t5v0__and2_1)
               0.197543    0.000000   10.195877 v _132_/A2 (gf180mcu_fd_sc_mcu7t5v0__nor2_1)
   0.007465    0.344415    0.253318   10.449196 ^ _132_/ZN (gf180mcu_fd_sc_mcu7t5v0__nor2_1)
               0.344415    0.000000   10.449196 ^ _144_/A3 (gf180mcu_fd_sc_mcu7t5v0__xor3_1)
   0.010000    0.519135    0.492752   10.941947 ^ _144_/Z (gf180mcu_fd_sc_mcu7t5v0__xor3_1)
               0.519135    0.000000   10.941947 ^ sum[15] (out)
                                      10.941947   data arrival time

               0.000000  100.000000  100.000000   clock vclk (rise edge)
                           0.000000  100.000000   clock network delay (ideal)
                           0.000000  100.000000   clock reconvergence pessimism
                           0.000000  100.000000   output external delay
                                     100.000000   data required time
---------------------------------------------------------------------------------------
                                     100.000000   data required time
                                     -10.941947   data arrival time
---------------------------------------------------------------------------------------
                                      89.058052   slack (MET)


Startpoint: cin (input port clocked by vclk)
Endpoint: cout (output port clocked by vclk)
Path Group: vclk
Path Type: max

        Cap        Slew       Delay        Time   Description
---------------------------------------------------------------------------------------
               0.000000    0.000000    0.000000   clock vclk (rise edge)
                           0.000000    0.000000   clock network delay (ideal)
                           0.000000    0.000000 v input external delay
   0.016234    0.050000    0.000000    0.000000 v cin (in)
               0.050000    0.000000    0.000000 v _076_/A2 (gf180mcu_fd_sc_mcu7t5v0__nor2_1)
   0.004823    0.261039    0.185892    0.185892 ^ _076_/ZN (gf180mcu_fd_sc_mcu7t5v0__nor2_1)
               0.261039    0.000000    0.185892 ^ _078_/A2 (gf180mcu_fd_sc_mcu7t5v0__oai21_1)
   0.016234    0.351415    0.260372    0.446264 v _078_/ZN (gf180mcu_fd_sc_mcu7t5v0__oai21_1)
               0.351415    0.000000    0.446264 v _080_/A2 (gf180mcu_fd_sc_mcu7t5v0__nor2_1)
   0.004823    0.284207    0.236574    0.682837 ^ _080_/ZN (gf180mcu_fd_sc_mcu7t5v0__nor2_1)
               0.284207    0.000000    0.682837 ^ _081_/A2 (gf180mcu_fd_sc_mcu7t5v0__oai21_1)
   0.011977    0.295981    0.227188    0.910026 v _081_/ZN (gf180mcu_fd_sc_mcu7t5v0__oai21_1)
               0.295981    0.000000    0.910026 v _083_/A2 (gf180mcu_fd_sc_mcu7t5v0__xor2_1)
   0.011977    0.291584    0.544329    1.454355 v _083_/Z (gf180mcu_fd_sc_mcu7t5v0__xor2_1)
               0.291584    0.000000    1.454355 v _084_/A2 (gf180mcu_fd_sc_mcu7t5v0__nand2_1)
   0.013585    0.347788    0.285484    1.739839 ^ _084_/ZN (gf180mcu_fd_sc_mcu7t5v0__nand2_1)
               0.347788    0.000000    1.739839 ^ _087_/A3 (gf180mcu_fd_sc_mcu7t5v0__nand3_1)
   0.004772    0.228581    0.163219    1.903058 v _087_/ZN (gf180mcu_fd_sc_mcu7t5v0__nand3_1)
               0.228581    0.000000    1.903058 v _088_/A2 (gf180mcu_fd_sc_mcu7t5v0__aoi21_1)
   0.016234    0.685548    0.438432    2.341491 ^ _088_/ZN (gf180mcu_fd_sc_mcu7t5v0__aoi21_1)
               0.685548    0.000000    2.341491 ^ _089_/A2 (gf180mcu_fd_sc_mcu7t5v0__nor2_1)
   0.004011    0.266901    0.171559    2.513050 v _089_/ZN (gf180mcu_fd_sc_mcu7t5v0__nor2_1)
               0.266901    0.000000    2.513050 v _091_/B (gf180mcu_fd_sc_mcu7t5v0__aoi21_1)
   0.013033    0.589321    0.425273    2.938323 ^ _091_/ZN (gf180mcu_fd_sc_mcu7t5v0__aoi21_1)
               0.589321    0.000000    2.938323 ^ _092_/A2 (gf180mcu_fd_sc_mcu7t5v0__or2_1)
   0.004783    0.149802    0.300889    3.239212 ^ _092_/Z (gf180mcu_fd_sc_mcu7t5v0__or2_1)
               0.149802    0.000000    3.239212 ^ _094_/B (gf180mcu_fd_sc_mcu7t5v0__oai21_1)
   0.010240    0.255405    0.217734    3.456946 v _094_/ZN (gf180mcu_fd_sc_mcu7t5v0__oai21_1)
               0.255405    0.000000    3.456946 v _096_/A2 (gf180mcu_fd_sc_mcu7t5v0__xor2_1)
   0.010240    0.275456    0.517969    3.974915 v _096_/Z (gf180mcu_fd_sc_mcu7t5v0__xor2_1)
               0.275456    0.000000    3.974915 v _097_/A2 (gf180mcu_fd_sc_mcu7t5v0__and2_1)
   0.013156    0.197542    0.375437    4.350352 v _097_/Z (gf180mcu_fd_sc_mcu7t5v0__and2_1)
               0.197542    0.000000    4.350352 v _100_/A3 (gf180mcu_fd_sc_mcu7t5v0__nor3_1)
   0.004823    0.428013    0.321182    4.671535 ^ _100_/ZN (gf180mcu_fd_sc_mcu7t5v0__nor3_1)
               0.428013    0.000000    4.671535 ^ _101_/A2 (gf180mcu_fd_sc_mcu7t5v0__oai21_1)
   0.010240    0.304000    0.230720    4.902255 v _101_/ZN (gf180mcu_fd_sc_mcu7t5v0__oai21_1)
               0.304000    0.000000    4.902255 v _103_/A2 (gf180mcu_fd_sc_mcu7t5v0__xor2_1)
   0.010240    0.275536    0.534014    5.436268 v _103_/Z (gf180mcu_fd_sc_mcu7t5v0__xor2_1)
               0.275536    0.000000    5.436268 v _104_/A2 (gf180mcu_fd_sc_mcu7t5v0__and2_1)
   0.013156    0.197543    0.375461    5.811730 v _104_/Z (gf180mcu_fd_sc_mcu7t5v0__and2_1)
               0.197543    0.000000    5.811730 v _113_/A3 (gf180mcu_fd_sc_mcu7t5v0__nor3_1)
   0.004823    0.428039    0.321182    6.132912 ^ _113_/ZN (gf180mcu_fd_sc_mcu7t5v0__nor3_1)
               0.428039    0.000000    6.132912 ^ _114_/A2 (gf180mcu_fd_sc_mcu7t5v0__oai21_1)
   0.010240    0.304007    0.230723    6.363635 v _114_/ZN (gf180mcu_fd_sc_mcu7t5v0__oai21_1)
               0.304007    0.000000    6.363635 v _116_/A2 (gf180mcu_fd_sc_mcu7t5v0__xor2_1)
   0.010240    0.275536    0.534016    6.897651 v _116_/Z (gf180mcu_fd_sc_mcu7t5v0__xor2_1)
               0.275536    0.000000    6.897651 v _117_/A2 (gf180mcu_fd_sc_mcu7t5v0__and2_1)
   0.013156    0.197543    0.375462    7.273113 v _117_/Z (gf180mcu_fd_sc_mcu7t5v0__and2_1)
               0.197543    0.000000    7.273113 v _120_/A3 (gf180mcu_fd_sc_mcu7t5v0__nor3_1)
   0.004823    0.428039    0.321182    7.594295 ^ _120_/ZN (gf180mcu_fd_sc_mcu7t5v0__nor3_1)
               0.428039    0.000000    7.594295 ^ _121_/A2 (gf180mcu_fd_sc_mcu7t5v0__oai21_1)
   0.010240    0.304007    0.230723    7.825018 v _121_/ZN (gf180mcu_fd_sc_mcu7t5v0__oai21_1)
               0.304007    0.000000    7.825018 v _123_/A2 (gf180mcu_fd_sc_mcu7t5v0__xor2_1)
   0.010240    0.275536    0.534016    8.359034 v _123_/Z (gf180mcu_fd_sc_mcu7t5v0__xor2_1)
               0.275536    0.000000    8.359034 v _124_/A2 (gf180mcu_fd_sc_mcu7t5v0__and2_1)
   0.013156    0.197543    0.375461    8.734495 v _124_/Z (gf180mcu_fd_sc_mcu7t5v0__and2_1)
               0.197543    0.000000    8.734495 v _127_/A3 (gf180mcu_fd_sc_mcu7t5v0__nor3_1)
   0.004823    0.428039    0.321182    9.055677 ^ _127_/ZN (gf180mcu_fd_sc_mcu7t5v0__nor3_1)
               0.428039    0.000000    9.055677 ^ _128_/A2 (gf180mcu_fd_sc_mcu7t5v0__oai21_1)
   0.010240    0.304007    0.230723    9.286401 v _128_/ZN (gf180mcu_fd_sc_mcu7t5v0__oai21_1)
               0.304007    0.000000    9.286401 v _130_/A2 (gf180mcu_fd_sc_mcu7t5v0__xor2_1)
   0.010240    0.275536    0.534016    9.820415 v _130_/Z (gf180mcu_fd_sc_mcu7t5v0__xor2_1)
               0.275536    0.000000    9.820415 v _131_/A2 (gf180mcu_fd_sc_mcu7t5v0__and2_1)
   0.013156    0.197543    0.375461   10.195877 v _131_/Z (gf180mcu_fd_sc_mcu7t5v0__and2_1)
               0.197543    0.000000   10.195877 v _134_/A3 (gf180mcu_fd_sc_mcu7t5v0__nor3_1)
   0.004823    0.428039    0.321182   10.517059 ^ _134_/ZN (gf180mcu_fd_sc_mcu7t5v0__nor3_1)
               0.428039    0.000000   10.517059 ^ _135_/A2 (gf180mcu_fd_sc_mcu7t5v0__oai21_1)
   0.010000    0.301011    0.228162   10.745222 v _135_/ZN (gf180mcu_fd_sc_mcu7t5v0__oai21_1)
               0.301011    0.000000   10.745222 v cout (out)
                                      10.745222   data arrival time

               0.000000  100.000000  100.000000   clock vclk (rise edge)
                           0.000000  100.000000   clock network delay (ideal)
                           0.000000  100.000000   clock reconvergence pessimism
                           0.000000  100.000000   output external delay
                                     100.000000   data required time
---------------------------------------------------------------------------------------
                                     100.000000   data required time
                                     -10.745222   data arrival time
---------------------------------------------------------------------------------------
                                      89.254768   slack (MET)


Startpoint: cin (input port clocked by vclk)
Endpoint: sum[14] (output port clocked by vclk)
Path Group: vclk
Path Type: max

        Cap        Slew       Delay        Time   Description
---------------------------------------------------------------------------------------
               0.000000    0.000000    0.000000   clock vclk (rise edge)
                           0.000000    0.000000   clock network delay (ideal)
                           0.000000    0.000000 v input external delay
   0.016234    0.050000    0.000000    0.000000 v cin (in)
               0.050000    0.000000    0.000000 v _076_/A2 (gf180mcu_fd_sc_mcu7t5v0__nor2_1)
   0.004823    0.261039    0.185892    0.185892 ^ _076_/ZN (gf180mcu_fd_sc_mcu7t5v0__nor2_1)
               0.261039    0.000000    0.185892 ^ _078_/A2 (gf180mcu_fd_sc_mcu7t5v0__oai21_1)
   0.016234    0.351415    0.260372    0.446264 v _078_/ZN (gf180mcu_fd_sc_mcu7t5v0__oai21_1)
               0.351415    0.000000    0.446264 v _080_/A2 (gf180mcu_fd_sc_mcu7t5v0__nor2_1)
   0.004823    0.284207    0.236574    0.682837 ^ _080_/ZN (gf180mcu_fd_sc_mcu7t5v0__nor2_1)
               0.284207    0.000000    0.682837 ^ _081_/A2 (gf180mcu_fd_sc_mcu7t5v0__oai21_1)
   0.011977    0.295981    0.227188    0.910026 v _081_/ZN (gf180mcu_fd_sc_mcu7t5v0__oai21_1)
               0.295981    0.000000    0.910026 v _083_/A2 (gf180mcu_fd_sc_mcu7t5v0__xor2_1)
   0.011977    0.291584    0.544329    1.454355 v _083_/Z (gf180mcu_fd_sc_mcu7t5v0__xor2_1)
               0.291584    0.000000    1.454355 v _084_/A2 (gf180mcu_fd_sc_mcu7t5v0__nand2_1)
   0.013585    0.347788    0.285484    1.739839 ^ _084_/ZN (gf180mcu_fd_sc_mcu7t5v0__nand2_1)
               0.347788    0.000000    1.739839 ^ _087_/A3 (gf180mcu_fd_sc_mcu7t5v0__nand3_1)
   0.004772    0.228581    0.163219    1.903058 v _087_/ZN (gf180mcu_fd_sc_mcu7t5v0__nand3_1)
               0.228581    0.000000    1.903058 v _088_/A2 (gf180mcu_fd_sc_mcu7t5v0__aoi21_1)
   0.016234    0.685548    0.438432    2.341491 ^ _088_/ZN (gf180mcu_fd_sc_mcu7t5v0__aoi21_1)
               0.685548    0.000000    2.341491 ^ _089_/A2 (gf180mcu_fd_sc_mcu7t5v0__nor2_1)
   0.004011    0.266901    0.171559    2.513050 v _089_/ZN (gf180mcu_fd_sc_mcu7t5v0__nor2_1)
               0.266901    0.000000    2.513050 v _091_/B (gf180mcu_fd_sc_mcu7t5v0__aoi21_1)
   0.013033    0.589321    0.425273    2.938323 ^ _091_/ZN (gf180mcu_fd_sc_mcu7t5v0__aoi21_1)
               0.589321    0.000000    2.938323 ^ _092_/A2 (gf180mcu_fd_sc_mcu7t5v0__or2_1)
   0.004783    0.149802    0.300889    3.239212 ^ _092_/Z (gf180mcu_fd_sc_mcu7t5v0__or2_1)
               0.149802    0.000000    3.239212 ^ _094_/B (gf180mcu_fd_sc_mcu7t5v0__oai21_1)
   0.010240    0.255405    0.217734    3.456946 v _094_/ZN (gf180mcu_fd_sc_mcu7t5v0__oai21_1)
               0.255405    0.000000    3.456946 v _096_/A2 (gf180mcu_fd_sc_mcu7t5v0__xor2_1)
   0.010240    0.275456    0.517969    3.974915 v _096_/Z (gf180mcu_fd_sc_mcu7t5v0__xor2_1)
               0.275456    0.000000    3.974915 v _097_/A2 (gf180mcu_fd_sc_mcu7t5v0__and2_1)
   0.013156    0.197542    0.375437    4.350352 v _097_/Z (gf180mcu_fd_sc_mcu7t5v0__and2_1)
               0.197542    0.000000    4.350352 v _100_/A3 (gf180mcu_fd_sc_mcu7t5v0__nor3_1)
   0.004823    0.428013    0.321182    4.671535 ^ _100_/ZN (gf180mcu_fd_sc_mcu7t5v0__nor3_1)
               0.428013    0.000000    4.671535 ^ _101_/A2 (gf180mcu_fd_sc_mcu7t5v0__oai21_1)
   0.010240    0.304000    0.230720    4.902255 v _101_/ZN (gf180mcu_fd_sc_mcu7t5v0__oai21_1)
               0.304000    0.000000    4.902255 v _103_/A2 (gf180mcu_fd_sc_mcu7t5v0__xor2_1)
   0.010240    0.275536    0.534014    5.436268 v _103_/Z (gf180mcu_fd_sc_mcu7t5v0__xor2_1)
               0.275536    0.000000    5.436268 v _104_/A2 (gf180mcu_fd_sc_mcu7t5v0__and2_1)
   0.013156    0.197543    0.375461    5.811730 v _104_/Z (gf180mcu_fd_sc_mcu7t5v0__and2_1)
               0.197543    0.000000    5.811730 v _113_/A3 (gf180mcu_fd_sc_mcu7t5v0__nor3_1)
   0.004823    0.428039    0.321182    6.132912 ^ _113_/ZN (gf180mcu_fd_sc_mcu7t5v0__nor3_1)
               0.428039    0.000000    6.132912 ^ _114_/A2 (gf180mcu_fd_sc_mcu7t5v0__oai21_1)
   0.010240    0.304007    0.230723    6.363635 v _114_/ZN (gf180mcu_fd_sc_mcu7t5v0__oai21_1)
               0.304007    0.000000    6.363635 v _116_/A2 (gf180mcu_fd_sc_mcu7t5v0__xor2_1)
   0.010240    0.275536    0.534016    6.897651 v _116_/Z (gf180mcu_fd_sc_mcu7t5v0__xor2_1)
               0.275536    0.000000    6.897651 v _117_/A2 (gf180mcu_fd_sc_mcu7t5v0__and2_1)
   0.013156    0.197543    0.375462    7.273113 v _117_/Z (gf180mcu_fd_sc_mcu7t5v0__and2_1)
               0.197543    0.000000    7.273113 v _120_/A3 (gf180mcu_fd_sc_mcu7t5v0__nor3_1)
   0.004823    0.428039    0.321182    7.594295 ^ _120_/ZN (gf180mcu_fd_sc_mcu7t5v0__nor3_1)
               0.428039    0.000000    7.594295 ^ _121_/A2 (gf180mcu_fd_sc_mcu7t5v0__oai21_1)
   0.010240    0.304007    0.230723    7.825018 v _121_/ZN (gf180mcu_fd_sc_mcu7t5v0__oai21_1)
               0.304007    0.000000    7.825018 v _123_/A2 (gf180mcu_fd_sc_mcu7t5v0__xor2_1)
   0.010240    0.275536    0.534016    8.359034 v _123_/Z (gf180mcu_fd_sc_mcu7t5v0__xor2_1)
               0.275536    0.000000    8.359034 v _124_/A2 (gf180mcu_fd_sc_mcu7t5v0__and2_1)
   0.013156    0.197543    0.375461    8.734495 v _124_/Z (gf180mcu_fd_sc_mcu7t5v0__and2_1)
               0.197543    0.000000    8.734495 v _127_/A3 (gf180mcu_fd_sc_mcu7t5v0__nor3_1)
   0.004823    0.428039    0.321182    9.055677 ^ _127_/ZN (gf180mcu_fd_sc_mcu7t5v0__nor3_1)
               0.428039    0.000000    9.055677 ^ _128_/A2 (gf180mcu_fd_sc_mcu7t5v0__oai21_1)
   0.010240    0.304007    0.230723    9.286401 v _128_/ZN (gf180mcu_fd_sc_mcu7t5v0__oai21_1)
               0.304007    0.000000    9.286401 v _130_/A2 (gf180mcu_fd_sc_mcu7t5v0__xor2_1)
   0.010240    0.275536    0.534016    9.820415 v _130_/Z (gf180mcu_fd_sc_mcu7t5v0__xor2_1)
               0.275536    0.000000    9.820415 v _142_/A2 (gf180mcu_fd_sc_mcu7t5v0__xor2_1)
   0.010000    0.273149    0.522649   10.343065 v _142_/Z (gf180mcu_fd_sc_mcu7t5v0__xor2_1)
               0.273149    0.000000   10.343065 v sum[14] (out)
                                      10.343065   data arrival time

               0.000000  100.000000  100.000000   clock vclk (rise edge)
                           0.000000  100.000000   clock network delay (ideal)
                           0.000000  100.000000   clock reconvergence pessimism
                           0.000000  100.000000   output external delay
                                     100.000000   data required time
---------------------------------------------------------------------------------------
                                     100.000000   data required time
                                     -10.343065   data arrival time
---------------------------------------------------------------------------------------
                                      89.656929   slack (MET)


Startpoint: cin (input port clocked by vclk)
Endpoint: sum[13] (output port clocked by vclk)
Path Group: vclk
Path Type: max

        Cap        Slew       Delay        Time   Description
---------------------------------------------------------------------------------------
               0.000000    0.000000    0.000000   clock vclk (rise edge)
                           0.000000    0.000000   clock network delay (ideal)
                           0.000000    0.000000 v input external delay
   0.016234    0.050000    0.000000    0.000000 v cin (in)
               0.050000    0.000000    0.000000 v _076_/A2 (gf180mcu_fd_sc_mcu7t5v0__nor2_1)
   0.004823    0.261039    0.185892    0.185892 ^ _076_/ZN (gf180mcu_fd_sc_mcu7t5v0__nor2_1)
               0.261039    0.000000    0.185892 ^ _078_/A2 (gf180mcu_fd_sc_mcu7t5v0__oai21_1)
   0.016234    0.351415    0.260372    0.446264 v _078_/ZN (gf180mcu_fd_sc_mcu7t5v0__oai21_1)
               0.351415    0.000000    0.446264 v _080_/A2 (gf180mcu_fd_sc_mcu7t5v0__nor2_1)
   0.004823    0.284207    0.236574    0.682837 ^ _080_/ZN (gf180mcu_fd_sc_mcu7t5v0__nor2_1)
               0.284207    0.000000    0.682837 ^ _081_/A2 (gf180mcu_fd_sc_mcu7t5v0__oai21_1)
   0.011977    0.295981    0.227188    0.910026 v _081_/ZN (gf180mcu_fd_sc_mcu7t5v0__oai21_1)
               0.295981    0.000000    0.910026 v _083_/A2 (gf180mcu_fd_sc_mcu7t5v0__xor2_1)
   0.011977    0.291584    0.544329    1.454355 v _083_/Z (gf180mcu_fd_sc_mcu7t5v0__xor2_1)
               0.291584    0.000000    1.454355 v _084_/A2 (gf180mcu_fd_sc_mcu7t5v0__nand2_1)
   0.013585    0.347788    0.285484    1.739839 ^ _084_/ZN (gf180mcu_fd_sc_mcu7t5v0__nand2_1)
               0.347788    0.000000    1.739839 ^ _087_/A3 (gf180mcu_fd_sc_mcu7t5v0__nand3_1)
   0.004772    0.228581    0.163219    1.903058 v _087_/ZN (gf180mcu_fd_sc_mcu7t5v0__nand3_1)
               0.228581    0.000000    1.903058 v _088_/A2 (gf180mcu_fd_sc_mcu7t5v0__aoi21_1)
   0.016234    0.685548    0.438432    2.341491 ^ _088_/ZN (gf180mcu_fd_sc_mcu7t5v0__aoi21_1)
               0.685548    0.000000    2.341491 ^ _089_/A2 (gf180mcu_fd_sc_mcu7t5v0__nor2_1)
   0.004011    0.266901    0.171559    2.513050 v _089_/ZN (gf180mcu_fd_sc_mcu7t5v0__nor2_1)
               0.266901    0.000000    2.513050 v _091_/B (gf180mcu_fd_sc_mcu7t5v0__aoi21_1)
   0.013033    0.589321    0.425273    2.938323 ^ _091_/ZN (gf180mcu_fd_sc_mcu7t5v0__aoi21_1)
               0.589321    0.000000    2.938323 ^ _092_/A2 (gf180mcu_fd_sc_mcu7t5v0__or2_1)
   0.004783    0.149802    0.300889    3.239212 ^ _092_/Z (gf180mcu_fd_sc_mcu7t5v0__or2_1)
               0.149802    0.000000    3.239212 ^ _094_/B (gf180mcu_fd_sc_mcu7t5v0__oai21_1)
   0.010240    0.255405    0.217734    3.456946 v _094_/ZN (gf180mcu_fd_sc_mcu7t5v0__oai21_1)
               0.255405    0.000000    3.456946 v _096_/A2 (gf180mcu_fd_sc_mcu7t5v0__xor2_1)
   0.010240    0.275456    0.517969    3.974915 v _096_/Z (gf180mcu_fd_sc_mcu7t5v0__xor2_1)
               0.275456    0.000000    3.974915 v _097_/A2 (gf180mcu_fd_sc_mcu7t5v0__and2_1)
   0.013156    0.197542    0.375437    4.350352 v _097_/Z (gf180mcu_fd_sc_mcu7t5v0__and2_1)
               0.197542    0.000000    4.350352 v _100_/A3 (gf180mcu_fd_sc_mcu7t5v0__nor3_1)
   0.004823    0.428013    0.321182    4.671535 ^ _100_/ZN (gf180mcu_fd_sc_mcu7t5v0__nor3_1)
               0.428013    0.000000    4.671535 ^ _101_/A2 (gf180mcu_fd_sc_mcu7t5v0__oai21_1)
   0.010240    0.304000    0.230720    4.902255 v _101_/ZN (gf180mcu_fd_sc_mcu7t5v0__oai21_1)
               0.304000    0.000000    4.902255 v _103_/A2 (gf180mcu_fd_sc_mcu7t5v0__xor2_1)
   0.010240    0.275536    0.534014    5.436268 v _103_/Z (gf180mcu_fd_sc_mcu7t5v0__xor2_1)
               0.275536    0.000000    5.436268 v _104_/A2 (gf180mcu_fd_sc_mcu7t5v0__and2_1)
   0.013156    0.197543    0.375461    5.811730 v _104_/Z (gf180mcu_fd_sc_mcu7t5v0__and2_1)
               0.197543    0.000000    5.811730 v _113_/A3 (gf180mcu_fd_sc_mcu7t5v0__nor3_1)
   0.004823    0.428039    0.321182    6.132912 ^ _113_/ZN (gf180mcu_fd_sc_mcu7t5v0__nor3_1)
               0.428039    0.000000    6.132912 ^ _114_/A2 (gf180mcu_fd_sc_mcu7t5v0__oai21_1)
   0.010240    0.304007    0.230723    6.363635 v _114_/ZN (gf180mcu_fd_sc_mcu7t5v0__oai21_1)
               0.304007    0.000000    6.363635 v _116_/A2 (gf180mcu_fd_sc_mcu7t5v0__xor2_1)
   0.010240    0.275536    0.534016    6.897651 v _116_/Z (gf180mcu_fd_sc_mcu7t5v0__xor2_1)
               0.275536    0.000000    6.897651 v _117_/A2 (gf180mcu_fd_sc_mcu7t5v0__and2_1)
   0.013156    0.197543    0.375462    7.273113 v _117_/Z (gf180mcu_fd_sc_mcu7t5v0__and2_1)
               0.197543    0.000000    7.273113 v _120_/A3 (gf180mcu_fd_sc_mcu7t5v0__nor3_1)
   0.004823    0.428039    0.321182    7.594295 ^ _120_/ZN (gf180mcu_fd_sc_mcu7t5v0__nor3_1)
               0.428039    0.000000    7.594295 ^ _121_/A2 (gf180mcu_fd_sc_mcu7t5v0__oai21_1)
   0.010240    0.304007    0.230723    7.825018 v _121_/ZN (gf180mcu_fd_sc_mcu7t5v0__oai21_1)
               0.304007    0.000000    7.825018 v _123_/A2 (gf180mcu_fd_sc_mcu7t5v0__xor2_1)
   0.010240    0.275536    0.534016    8.359034 v _123_/Z (gf180mcu_fd_sc_mcu7t5v0__xor2_1)
               0.275536    0.000000    8.359034 v _124_/A2 (gf180mcu_fd_sc_mcu7t5v0__and2_1)
   0.013156    0.197543    0.375461    8.734495 v _124_/Z (gf180mcu_fd_sc_mcu7t5v0__and2_1)
               0.197543    0.000000    8.734495 v _125_/A2 (gf180mcu_fd_sc_mcu7t5v0__nor2_1)
   0.007465    0.344415    0.253318    8.987813 ^ _125_/ZN (gf180mcu_fd_sc_mcu7t5v0__nor2_1)
               0.344415    0.000000    8.987813 ^ _140_/A3 (gf180mcu_fd_sc_mcu7t5v0__xor3_1)
   0.010000    0.519135    0.492752    9.480565 ^ _140_/Z (gf180mcu_fd_sc_mcu7t5v0__xor3_1)
               0.519135    0.000000    9.480565 ^ sum[13] (out)
                                       9.480565   data arrival time

               0.000000  100.000000  100.000000   clock vclk (rise edge)
                           0.000000  100.000000   clock network delay (ideal)
                           0.000000  100.000000   clock reconvergence pessimism
                           0.000000  100.000000   output external delay
                                     100.000000   data required time
---------------------------------------------------------------------------------------
                                     100.000000   data required time
                                      -9.480565   data arrival time
---------------------------------------------------------------------------------------
                                      90.519432   slack (MET)


Startpoint: cin (input port clocked by vclk)
Endpoint: sum[12] (output port clocked by vclk)
Path Group: vclk
Path Type: max

        Cap        Slew       Delay        Time   Description
---------------------------------------------------------------------------------------
               0.000000    0.000000    0.000000   clock vclk (rise edge)
                           0.000000    0.000000   clock network delay (ideal)
                           0.000000    0.000000 v input external delay
   0.016234    0.050000    0.000000    0.000000 v cin (in)
               0.050000    0.000000    0.000000 v _076_/A2 (gf180mcu_fd_sc_mcu7t5v0__nor2_1)
   0.004823    0.261039    0.185892    0.185892 ^ _076_/ZN (gf180mcu_fd_sc_mcu7t5v0__nor2_1)
               0.261039    0.000000    0.185892 ^ _078_/A2 (gf180mcu_fd_sc_mcu7t5v0__oai21_1)
   0.016234    0.351415    0.260372    0.446264 v _078_/ZN (gf180mcu_fd_sc_mcu7t5v0__oai21_1)
               0.351415    0.000000    0.446264 v _080_/A2 (gf180mcu_fd_sc_mcu7t5v0__nor2_1)
   0.004823    0.284207    0.236574    0.682837 ^ _080_/ZN (gf180mcu_fd_sc_mcu7t5v0__nor2_1)
               0.284207    0.000000    0.682837 ^ _081_/A2 (gf180mcu_fd_sc_mcu7t5v0__oai21_1)
   0.011977    0.295981    0.227188    0.910026 v _081_/ZN (gf180mcu_fd_sc_mcu7t5v0__oai21_1)
               0.295981    0.000000    0.910026 v _083_/A2 (gf180mcu_fd_sc_mcu7t5v0__xor2_1)
   0.011977    0.291584    0.544329    1.454355 v _083_/Z (gf180mcu_fd_sc_mcu7t5v0__xor2_1)
               0.291584    0.000000    1.454355 v _084_/A2 (gf180mcu_fd_sc_mcu7t5v0__nand2_1)
   0.013585    0.347788    0.285484    1.739839 ^ _084_/ZN (gf180mcu_fd_sc_mcu7t5v0__nand2_1)
               0.347788    0.000000    1.739839 ^ _087_/A3 (gf180mcu_fd_sc_mcu7t5v0__nand3_1)
   0.004772    0.228581    0.163219    1.903058 v _087_/ZN (gf180mcu_fd_sc_mcu7t5v0__nand3_1)
               0.228581    0.000000    1.903058 v _088_/A2 (gf180mcu_fd_sc_mcu7t5v0__aoi21_1)
   0.016234    0.685548    0.438432    2.341491 ^ _088_/ZN (gf180mcu_fd_sc_mcu7t5v0__aoi21_1)
               0.685548    0.000000    2.341491 ^ _089_/A2 (gf180mcu_fd_sc_mcu7t5v0__nor2_1)
   0.004011    0.266901    0.171559    2.513050 v _089_/ZN (gf180mcu_fd_sc_mcu7t5v0__nor2_1)
               0.266901    0.000000    2.513050 v _091_/B (gf180mcu_fd_sc_mcu7t5v0__aoi21_1)
   0.013033    0.589321    0.425273    2.938323 ^ _091_/ZN (gf180mcu_fd_sc_mcu7t5v0__aoi21_1)
               0.589321    0.000000    2.938323 ^ _092_/A2 (gf180mcu_fd_sc_mcu7t5v0__or2_1)
   0.004783    0.149802    0.300889    3.239212 ^ _092_/Z (gf180mcu_fd_sc_mcu7t5v0__or2_1)
               0.149802    0.000000    3.239212 ^ _094_/B (gf180mcu_fd_sc_mcu7t5v0__oai21_1)
   0.010240    0.255405    0.217734    3.456946 v _094_/ZN (gf180mcu_fd_sc_mcu7t5v0__oai21_1)
               0.255405    0.000000    3.456946 v _096_/A2 (gf180mcu_fd_sc_mcu7t5v0__xor2_1)
   0.010240    0.275456    0.517969    3.974915 v _096_/Z (gf180mcu_fd_sc_mcu7t5v0__xor2_1)
               0.275456    0.000000    3.974915 v _097_/A2 (gf180mcu_fd_sc_mcu7t5v0__and2_1)
   0.013156    0.197542    0.375437    4.350352 v _097_/Z (gf180mcu_fd_sc_mcu7t5v0__and2_1)
               0.197542    0.000000    4.350352 v _100_/A3 (gf180mcu_fd_sc_mcu7t5v0__nor3_1)
   0.004823    0.428013    0.321182    4.671535 ^ _100_/ZN (gf180mcu_fd_sc_mcu7t5v0__nor3_1)
               0.428013    0.000000    4.671535 ^ _101_/A2 (gf180mcu_fd_sc_mcu7t5v0__oai21_1)
   0.010240    0.304000    0.230720    4.902255 v _101_/ZN (gf180mcu_fd_sc_mcu7t5v0__oai21_1)
               0.304000    0.000000    4.902255 v _103_/A2 (gf180mcu_fd_sc_mcu7t5v0__xor2_1)
   0.010240    0.275536    0.534014    5.436268 v _103_/Z (gf180mcu_fd_sc_mcu7t5v0__xor2_1)
               0.275536    0.000000    5.436268 v _104_/A2 (gf180mcu_fd_sc_mcu7t5v0__and2_1)
   0.013156    0.197543    0.375461    5.811730 v _104_/Z (gf180mcu_fd_sc_mcu7t5v0__and2_1)
               0.197543    0.000000    5.811730 v _113_/A3 (gf180mcu_fd_sc_mcu7t5v0__nor3_1)
   0.004823    0.428039    0.321182    6.132912 ^ _113_/ZN (gf180mcu_fd_sc_mcu7t5v0__nor3_1)
               0.428039    0.000000    6.132912 ^ _114_/A2 (gf180mcu_fd_sc_mcu7t5v0__oai21_1)
   0.010240    0.304007    0.230723    6.363635 v _114_/ZN (gf180mcu_fd_sc_mcu7t5v0__oai21_1)
               0.304007    0.000000    6.363635 v _116_/A2 (gf180mcu_fd_sc_mcu7t5v0__xor2_1)
   0.010240    0.275536    0.534016    6.897651 v _116_/Z (gf180mcu_fd_sc_mcu7t5v0__xor2_1)
               0.275536    0.000000    6.897651 v _117_/A2 (gf180mcu_fd_sc_mcu7t5v0__and2_1)
   0.013156    0.197543    0.375462    7.273113 v _117_/Z (gf180mcu_fd_sc_mcu7t5v0__and2_1)
               0.197543    0.000000    7.273113 v _120_/A3 (gf180mcu_fd_sc_mcu7t5v0__nor3_1)
   0.004823    0.428039    0.321182    7.594295 ^ _120_/ZN (gf180mcu_fd_sc_mcu7t5v0__nor3_1)
               0.428039    0.000000    7.594295 ^ _121_/A2 (gf180mcu_fd_sc_mcu7t5v0__oai21_1)
   0.010240    0.304007    0.230723    7.825018 v _121_/ZN (gf180mcu_fd_sc_mcu7t5v0__oai21_1)
               0.304007    0.000000    7.825018 v _123_/A2 (gf180mcu_fd_sc_mcu7t5v0__xor2_1)
   0.010240    0.275536    0.534016    8.359034 v _123_/Z (gf180mcu_fd_sc_mcu7t5v0__xor2_1)
               0.275536    0.000000    8.359034 v _138_/A2 (gf180mcu_fd_sc_mcu7t5v0__xor2_1)
   0.010000    0.273149    0.522649    8.881683 v _138_/Z (gf180mcu_fd_sc_mcu7t5v0__xor2_1)
               0.273149    0.000000    8.881683 v sum[12] (out)
                                       8.881683   data arrival time

               0.000000  100.000000  100.000000   clock vclk (rise edge)
                           0.000000  100.000000   clock network delay (ideal)
                           0.000000  100.000000   clock reconvergence pessimism
                           0.000000  100.000000   output external delay
                                     100.000000   data required time
---------------------------------------------------------------------------------------
                                     100.000000   data required time
                                      -8.881683   data arrival time
---------------------------------------------------------------------------------------
                                      91.118309   slack (MET)


Startpoint: cin (input port clocked by vclk)
Endpoint: sum[11] (output port clocked by vclk)
Path Group: vclk
Path Type: max

        Cap        Slew       Delay        Time   Description
---------------------------------------------------------------------------------------
               0.000000    0.000000    0.000000   clock vclk (rise edge)
                           0.000000    0.000000   clock network delay (ideal)
                           0.000000    0.000000 v input external delay
   0.016234    0.050000    0.000000    0.000000 v cin (in)
               0.050000    0.000000    0.000000 v _076_/A2 (gf180mcu_fd_sc_mcu7t5v0__nor2_1)
   0.004823    0.261039    0.185892    0.185892 ^ _076_/ZN (gf180mcu_fd_sc_mcu7t5v0__nor2_1)
               0.261039    0.000000    0.185892 ^ _078_/A2 (gf180mcu_fd_sc_mcu7t5v0__oai21_1)
   0.016234    0.351415    0.260372    0.446264 v _078_/ZN (gf180mcu_fd_sc_mcu7t5v0__oai21_1)
               0.351415    0.000000    0.446264 v _080_/A2 (gf180mcu_fd_sc_mcu7t5v0__nor2_1)
   0.004823    0.284207    0.236574    0.682837 ^ _080_/ZN (gf180mcu_fd_sc_mcu7t5v0__nor2_1)
               0.284207    0.000000    0.682837 ^ _081_/A2 (gf180mcu_fd_sc_mcu7t5v0__oai21_1)
   0.011977    0.295981    0.227188    0.910026 v _081_/ZN (gf180mcu_fd_sc_mcu7t5v0__oai21_1)
               0.295981    0.000000    0.910026 v _083_/A2 (gf180mcu_fd_sc_mcu7t5v0__xor2_1)
   0.011977    0.291584    0.544329    1.454355 v _083_/Z (gf180mcu_fd_sc_mcu7t5v0__xor2_1)
               0.291584    0.000000    1.454355 v _084_/A2 (gf180mcu_fd_sc_mcu7t5v0__nand2_1)
   0.013585    0.347788    0.285484    1.739839 ^ _084_/ZN (gf180mcu_fd_sc_mcu7t5v0__nand2_1)
               0.347788    0.000000    1.739839 ^ _087_/A3 (gf180mcu_fd_sc_mcu7t5v0__nand3_1)
   0.004772    0.228581    0.163219    1.903058 v _087_/ZN (gf180mcu_fd_sc_mcu7t5v0__nand3_1)
               0.228581    0.000000    1.903058 v _088_/A2 (gf180mcu_fd_sc_mcu7t5v0__aoi21_1)
   0.016234    0.685548    0.438432    2.341491 ^ _088_/ZN (gf180mcu_fd_sc_mcu7t5v0__aoi21_1)
               0.685548    0.000000    2.341491 ^ _089_/A2 (gf180mcu_fd_sc_mcu7t5v0__nor2_1)
   0.004011    0.266901    0.171559    2.513050 v _089_/ZN (gf180mcu_fd_sc_mcu7t5v0__nor2_1)
               0.266901    0.000000    2.513050 v _091_/B (gf180mcu_fd_sc_mcu7t5v0__aoi21_1)
   0.013033    0.589321    0.425273    2.938323 ^ _091_/ZN (gf180mcu_fd_sc_mcu7t5v0__aoi21_1)
               0.589321    0.000000    2.938323 ^ _092_/A2 (gf180mcu_fd_sc_mcu7t5v0__or2_1)
   0.004783    0.149802    0.300889    3.239212 ^ _092_/Z (gf180mcu_fd_sc_mcu7t5v0__or2_1)
               0.149802    0.000000    3.239212 ^ _094_/B (gf180mcu_fd_sc_mcu7t5v0__oai21_1)
   0.010240    0.255405    0.217734    3.456946 v _094_/ZN (gf180mcu_fd_sc_mcu7t5v0__oai21_1)
               0.255405    0.000000    3.456946 v _096_/A2 (gf180mcu_fd_sc_mcu7t5v0__xor2_1)
   0.010240    0.275456    0.517969    3.974915 v _096_/Z (gf180mcu_fd_sc_mcu7t5v0__xor2_1)
               0.275456    0.000000    3.974915 v _097_/A2 (gf180mcu_fd_sc_mcu7t5v0__and2_1)
   0.013156    0.197542    0.375437    4.350352 v _097_/Z (gf180mcu_fd_sc_mcu7t5v0__and2_1)
               0.197542    0.000000    4.350352 v _100_/A3 (gf180mcu_fd_sc_mcu7t5v0__nor3_1)
   0.004823    0.428013    0.321182    4.671535 ^ _100_/ZN (gf180mcu_fd_sc_mcu7t5v0__nor3_1)
               0.428013    0.000000    4.671535 ^ _101_/A2 (gf180mcu_fd_sc_mcu7t5v0__oai21_1)
   0.010240    0.304000    0.230720    4.902255 v _101_/ZN (gf180mcu_fd_sc_mcu7t5v0__oai21_1)
               0.304000    0.000000    4.902255 v _103_/A2 (gf180mcu_fd_sc_mcu7t5v0__xor2_1)
   0.010240    0.275536    0.534014    5.436268 v _103_/Z (gf180mcu_fd_sc_mcu7t5v0__xor2_1)
               0.275536    0.000000    5.436268 v _104_/A2 (gf180mcu_fd_sc_mcu7t5v0__and2_1)
   0.013156    0.197543    0.375461    5.811730 v _104_/Z (gf180mcu_fd_sc_mcu7t5v0__and2_1)
               0.197543    0.000000    5.811730 v _113_/A3 (gf180mcu_fd_sc_mcu7t5v0__nor3_1)
   0.004823    0.428039    0.321182    6.132912 ^ _113_/ZN (gf180mcu_fd_sc_mcu7t5v0__nor3_1)
               0.428039    0.000000    6.132912 ^ _114_/A2 (gf180mcu_fd_sc_mcu7t5v0__oai21_1)
   0.010240    0.304007    0.230723    6.363635 v _114_/ZN (gf180mcu_fd_sc_mcu7t5v0__oai21_1)
               0.304007    0.000000    6.363635 v _116_/A2 (gf180mcu_fd_sc_mcu7t5v0__xor2_1)
   0.010240    0.275536    0.534016    6.897651 v _116_/Z (gf180mcu_fd_sc_mcu7t5v0__xor2_1)
               0.275536    0.000000    6.897651 v _117_/A2 (gf180mcu_fd_sc_mcu7t5v0__and2_1)
   0.013156    0.197543    0.375462    7.273113 v _117_/Z (gf180mcu_fd_sc_mcu7t5v0__and2_1)
               0.197543    0.000000    7.273113 v _118_/A2 (gf180mcu_fd_sc_mcu7t5v0__nor2_1)
   0.007465    0.344415    0.253318    7.526431 ^ _118_/ZN (gf180mcu_fd_sc_mcu7t5v0__nor2_1)
               0.344415    0.000000    7.526431 ^ _143_/A3 (gf180mcu_fd_sc_mcu7t5v0__xor3_1)
   0.010000    0.519135    0.492752    8.019183 ^ _143_/Z (gf180mcu_fd_sc_mcu7t5v0__xor3_1)
               0.519135    0.000000    8.019183 ^ sum[11] (out)
                                       8.019183   data arrival time

               0.000000  100.000000  100.000000   clock vclk (rise edge)
                           0.000000  100.000000   clock network delay (ideal)
                           0.000000  100.000000   clock reconvergence pessimism
                           0.000000  100.000000   output external delay
                                     100.000000   data required time
---------------------------------------------------------------------------------------
                                     100.000000   data required time
                                      -8.019183   data arrival time
---------------------------------------------------------------------------------------
                                      91.980812   slack (MET)


Startpoint: cin (input port clocked by vclk)
Endpoint: sum[10] (output port clocked by vclk)
Path Group: vclk
Path Type: max

        Cap        Slew       Delay        Time   Description
---------------------------------------------------------------------------------------
               0.000000    0.000000    0.000000   clock vclk (rise edge)
                           0.000000    0.000000   clock network delay (ideal)
                           0.000000    0.000000 v input external delay
   0.016234    0.050000    0.000000    0.000000 v cin (in)
               0.050000    0.000000    0.000000 v _076_/A2 (gf180mcu_fd_sc_mcu7t5v0__nor2_1)
   0.004823    0.261039    0.185892    0.185892 ^ _076_/ZN (gf180mcu_fd_sc_mcu7t5v0__nor2_1)
               0.261039    0.000000    0.185892 ^ _078_/A2 (gf180mcu_fd_sc_mcu7t5v0__oai21_1)
   0.016234    0.351415    0.260372    0.446264 v _078_/ZN (gf180mcu_fd_sc_mcu7t5v0__oai21_1)
               0.351415    0.000000    0.446264 v _080_/A2 (gf180mcu_fd_sc_mcu7t5v0__nor2_1)
   0.004823    0.284207    0.236574    0.682837 ^ _080_/ZN (gf180mcu_fd_sc_mcu7t5v0__nor2_1)
               0.284207    0.000000    0.682837 ^ _081_/A2 (gf180mcu_fd_sc_mcu7t5v0__oai21_1)
   0.011977    0.295981    0.227188    0.910026 v _081_/ZN (gf180mcu_fd_sc_mcu7t5v0__oai21_1)
               0.295981    0.000000    0.910026 v _083_/A2 (gf180mcu_fd_sc_mcu7t5v0__xor2_1)
   0.011977    0.291584    0.544329    1.454355 v _083_/Z (gf180mcu_fd_sc_mcu7t5v0__xor2_1)
               0.291584    0.000000    1.454355 v _084_/A2 (gf180mcu_fd_sc_mcu7t5v0__nand2_1)
   0.013585    0.347788    0.285484    1.739839 ^ _084_/ZN (gf180mcu_fd_sc_mcu7t5v0__nand2_1)
               0.347788    0.000000    1.739839 ^ _087_/A3 (gf180mcu_fd_sc_mcu7t5v0__nand3_1)
   0.004772    0.228581    0.163219    1.903058 v _087_/ZN (gf180mcu_fd_sc_mcu7t5v0__nand3_1)
               0.228581    0.000000    1.903058 v _088_/A2 (gf180mcu_fd_sc_mcu7t5v0__aoi21_1)
   0.016234    0.685548    0.438432    2.341491 ^ _088_/ZN (gf180mcu_fd_sc_mcu7t5v0__aoi21_1)
               0.685548    0.000000    2.341491 ^ _089_/A2 (gf180mcu_fd_sc_mcu7t5v0__nor2_1)
   0.004011    0.266901    0.171559    2.513050 v _089_/ZN (gf180mcu_fd_sc_mcu7t5v0__nor2_1)
               0.266901    0.000000    2.513050 v _091_/B (gf180mcu_fd_sc_mcu7t5v0__aoi21_1)
   0.013033    0.589321    0.425273    2.938323 ^ _091_/ZN (gf180mcu_fd_sc_mcu7t5v0__aoi21_1)
               0.589321    0.000000    2.938323 ^ _092_/A2 (gf180mcu_fd_sc_mcu7t5v0__or2_1)
   0.004783    0.149802    0.300889    3.239212 ^ _092_/Z (gf180mcu_fd_sc_mcu7t5v0__or2_1)
               0.149802    0.000000    3.239212 ^ _094_/B (gf180mcu_fd_sc_mcu7t5v0__oai21_1)
   0.010240    0.255405    0.217734    3.456946 v _094_/ZN (gf180mcu_fd_sc_mcu7t5v0__oai21_1)
               0.255405    0.000000    3.456946 v _096_/A2 (gf180mcu_fd_sc_mcu7t5v0__xor2_1)
   0.010240    0.275456    0.517969    3.974915 v _096_/Z (gf180mcu_fd_sc_mcu7t5v0__xor2_1)
               0.275456    0.000000    3.974915 v _097_/A2 (gf180mcu_fd_sc_mcu7t5v0__and2_1)
   0.013156    0.197542    0.375437    4.350352 v _097_/Z (gf180mcu_fd_sc_mcu7t5v0__and2_1)
               0.197542    0.000000    4.350352 v _100_/A3 (gf180mcu_fd_sc_mcu7t5v0__nor3_1)
   0.004823    0.428013    0.321182    4.671535 ^ _100_/ZN (gf180mcu_fd_sc_mcu7t5v0__nor3_1)
               0.428013    0.000000    4.671535 ^ _101_/A2 (gf180mcu_fd_sc_mcu7t5v0__oai21_1)
   0.010240    0.304000    0.230720    4.902255 v _101_/ZN (gf180mcu_fd_sc_mcu7t5v0__oai21_1)
               0.304000    0.000000    4.902255 v _103_/A2 (gf180mcu_fd_sc_mcu7t5v0__xor2_1)
   0.010240    0.275536    0.534014    5.436268 v _103_/Z (gf180mcu_fd_sc_mcu7t5v0__xor2_1)
               0.275536    0.000000    5.436268 v _104_/A2 (gf180mcu_fd_sc_mcu7t5v0__and2_1)
   0.013156    0.197543    0.375461    5.811730 v _104_/Z (gf180mcu_fd_sc_mcu7t5v0__and2_1)
               0.197543    0.000000    5.811730 v _113_/A3 (gf180mcu_fd_sc_mcu7t5v0__nor3_1)
   0.004823    0.428039    0.321182    6.132912 ^ _113_/ZN (gf180mcu_fd_sc_mcu7t5v0__nor3_1)
               0.428039    0.000000    6.132912 ^ _114_/A2 (gf180mcu_fd_sc_mcu7t5v0__oai21_1)
   0.010240    0.304007    0.230723    6.363635 v _114_/ZN (gf180mcu_fd_sc_mcu7t5v0__oai21_1)
               0.304007    0.000000    6.363635 v _116_/A2 (gf180mcu_fd_sc_mcu7t5v0__xor2_1)
   0.010240    0.275536    0.534016    6.897651 v _116_/Z (gf180mcu_fd_sc_mcu7t5v0__xor2_1)
               0.275536    0.000000    6.897651 v _139_/A2 (gf180mcu_fd_sc_mcu7t5v0__xor2_1)
   0.010000    0.273149    0.522649    7.420300 v _139_/Z (gf180mcu_fd_sc_mcu7t5v0__xor2_1)
               0.273149    0.000000    7.420300 v sum[10] (out)
                                       7.420300   data arrival time

               0.000000  100.000000  100.000000   clock vclk (rise edge)
                           0.000000  100.000000   clock network delay (ideal)
                           0.000000  100.000000   clock reconvergence pessimism
                           0.000000  100.000000   output external delay
                                     100.000000   data required time
---------------------------------------------------------------------------------------
                                     100.000000   data required time
                                      -7.420300   data arrival time
---------------------------------------------------------------------------------------
                                      92.579697   slack (MET)


Startpoint: cin (input port clocked by vclk)
Endpoint: sum[9] (output port clocked by vclk)
Path Group: vclk
Path Type: max

        Cap        Slew       Delay        Time   Description
---------------------------------------------------------------------------------------
               0.000000    0.000000    0.000000   clock vclk (rise edge)
                           0.000000    0.000000   clock network delay (ideal)
                           0.000000    0.000000 v input external delay
   0.016234    0.050000    0.000000    0.000000 v cin (in)
               0.050000    0.000000    0.000000 v _076_/A2 (gf180mcu_fd_sc_mcu7t5v0__nor2_1)
   0.004823    0.261039    0.185892    0.185892 ^ _076_/ZN (gf180mcu_fd_sc_mcu7t5v0__nor2_1)
               0.261039    0.000000    0.185892 ^ _078_/A2 (gf180mcu_fd_sc_mcu7t5v0__oai21_1)
   0.016234    0.351415    0.260372    0.446264 v _078_/ZN (gf180mcu_fd_sc_mcu7t5v0__oai21_1)
               0.351415    0.000000    0.446264 v _080_/A2 (gf180mcu_fd_sc_mcu7t5v0__nor2_1)
   0.004823    0.284207    0.236574    0.682837 ^ _080_/ZN (gf180mcu_fd_sc_mcu7t5v0__nor2_1)
               0.284207    0.000000    0.682837 ^ _081_/A2 (gf180mcu_fd_sc_mcu7t5v0__oai21_1)
   0.011977    0.295981    0.227188    0.910026 v _081_/ZN (gf180mcu_fd_sc_mcu7t5v0__oai21_1)
               0.295981    0.000000    0.910026 v _083_/A2 (gf180mcu_fd_sc_mcu7t5v0__xor2_1)
   0.011977    0.291584    0.544329    1.454355 v _083_/Z (gf180mcu_fd_sc_mcu7t5v0__xor2_1)
               0.291584    0.000000    1.454355 v _084_/A2 (gf180mcu_fd_sc_mcu7t5v0__nand2_1)
   0.013585    0.347788    0.285484    1.739839 ^ _084_/ZN (gf180mcu_fd_sc_mcu7t5v0__nand2_1)
               0.347788    0.000000    1.739839 ^ _087_/A3 (gf180mcu_fd_sc_mcu7t5v0__nand3_1)
   0.004772    0.228581    0.163219    1.903058 v _087_/ZN (gf180mcu_fd_sc_mcu7t5v0__nand3_1)
               0.228581    0.000000    1.903058 v _088_/A2 (gf180mcu_fd_sc_mcu7t5v0__aoi21_1)
   0.016234    0.685548    0.438432    2.341491 ^ _088_/ZN (gf180mcu_fd_sc_mcu7t5v0__aoi21_1)
               0.685548    0.000000    2.341491 ^ _089_/A2 (gf180mcu_fd_sc_mcu7t5v0__nor2_1)
   0.004011    0.266901    0.171559    2.513050 v _089_/ZN (gf180mcu_fd_sc_mcu7t5v0__nor2_1)
               0.266901    0.000000    2.513050 v _091_/B (gf180mcu_fd_sc_mcu7t5v0__aoi21_1)
   0.013033    0.589321    0.425273    2.938323 ^ _091_/ZN (gf180mcu_fd_sc_mcu7t5v0__aoi21_1)
               0.589321    0.000000    2.938323 ^ _092_/A2 (gf180mcu_fd_sc_mcu7t5v0__or2_1)
   0.004783    0.149802    0.300889    3.239212 ^ _092_/Z (gf180mcu_fd_sc_mcu7t5v0__or2_1)
               0.149802    0.000000    3.239212 ^ _094_/B (gf180mcu_fd_sc_mcu7t5v0__oai21_1)
   0.010240    0.255405    0.217734    3.456946 v _094_/ZN (gf180mcu_fd_sc_mcu7t5v0__oai21_1)
               0.255405    0.000000    3.456946 v _096_/A2 (gf180mcu_fd_sc_mcu7t5v0__xor2_1)
   0.010240    0.275456    0.517969    3.974915 v _096_/Z (gf180mcu_fd_sc_mcu7t5v0__xor2_1)
               0.275456    0.000000    3.974915 v _097_/A2 (gf180mcu_fd_sc_mcu7t5v0__and2_1)
   0.013156    0.197542    0.375437    4.350352 v _097_/Z (gf180mcu_fd_sc_mcu7t5v0__and2_1)
               0.197542    0.000000    4.350352 v _100_/A3 (gf180mcu_fd_sc_mcu7t5v0__nor3_1)
   0.004823    0.428013    0.321182    4.671535 ^ _100_/ZN (gf180mcu_fd_sc_mcu7t5v0__nor3_1)
               0.428013    0.000000    4.671535 ^ _101_/A2 (gf180mcu_fd_sc_mcu7t5v0__oai21_1)
   0.010240    0.304000    0.230720    4.902255 v _101_/ZN (gf180mcu_fd_sc_mcu7t5v0__oai21_1)
               0.304000    0.000000    4.902255 v _103_/A2 (gf180mcu_fd_sc_mcu7t5v0__xor2_1)
   0.010240    0.275536    0.534014    5.436268 v _103_/Z (gf180mcu_fd_sc_mcu7t5v0__xor2_1)
               0.275536    0.000000    5.436268 v _104_/A2 (gf180mcu_fd_sc_mcu7t5v0__and2_1)
   0.013156    0.197543    0.375461    5.811730 v _104_/Z (gf180mcu_fd_sc_mcu7t5v0__and2_1)
               0.197543    0.000000    5.811730 v _111_/A2 (gf180mcu_fd_sc_mcu7t5v0__nor2_1)
   0.007465    0.344415    0.253319    6.065049 ^ _111_/ZN (gf180mcu_fd_sc_mcu7t5v0__nor2_1)
               0.344415    0.000000    6.065049 ^ _137_/A3 (gf180mcu_fd_sc_mcu7t5v0__xor3_1)
   0.010000    0.518892    0.492751    6.557800 ^ _137_/Z (gf180mcu_fd_sc_mcu7t5v0__xor3_1)
               0.518892    0.000000    6.557800 ^ sum[9] (out)
                                       6.557800   data arrival time

               0.000000  100.000000  100.000000   clock vclk (rise edge)
                           0.000000  100.000000   clock network delay (ideal)
                           0.000000  100.000000   clock reconvergence pessimism
                           0.000000  100.000000   output external delay
                                     100.000000   data required time
---------------------------------------------------------------------------------------
                                     100.000000   data required time
                                      -6.557800   data arrival time
---------------------------------------------------------------------------------------
                                      93.442200   slack (MET)


Startpoint: cin (input port clocked by vclk)
Endpoint: sum[8] (output port clocked by vclk)
Path Group: vclk
Path Type: max

        Cap        Slew       Delay        Time   Description
---------------------------------------------------------------------------------------
               0.000000    0.000000    0.000000   clock vclk (rise edge)
                           0.000000    0.000000   clock network delay (ideal)
                           0.000000    0.000000 v input external delay
   0.016234    0.050000    0.000000    0.000000 v cin (in)
               0.050000    0.000000    0.000000 v _076_/A2 (gf180mcu_fd_sc_mcu7t5v0__nor2_1)
   0.004823    0.261039    0.185892    0.185892 ^ _076_/ZN (gf180mcu_fd_sc_mcu7t5v0__nor2_1)
               0.261039    0.000000    0.185892 ^ _078_/A2 (gf180mcu_fd_sc_mcu7t5v0__oai21_1)
   0.016234    0.351415    0.260372    0.446264 v _078_/ZN (gf180mcu_fd_sc_mcu7t5v0__oai21_1)
               0.351415    0.000000    0.446264 v _080_/A2 (gf180mcu_fd_sc_mcu7t5v0__nor2_1)
   0.004823    0.284207    0.236574    0.682837 ^ _080_/ZN (gf180mcu_fd_sc_mcu7t5v0__nor2_1)
               0.284207    0.000000    0.682837 ^ _081_/A2 (gf180mcu_fd_sc_mcu7t5v0__oai21_1)
   0.011977    0.295981    0.227188    0.910026 v _081_/ZN (gf180mcu_fd_sc_mcu7t5v0__oai21_1)
               0.295981    0.000000    0.910026 v _083_/A2 (gf180mcu_fd_sc_mcu7t5v0__xor2_1)
   0.011977    0.291584    0.544329    1.454355 v _083_/Z (gf180mcu_fd_sc_mcu7t5v0__xor2_1)
               0.291584    0.000000    1.454355 v _084_/A2 (gf180mcu_fd_sc_mcu7t5v0__nand2_1)
   0.013585    0.347788    0.285484    1.739839 ^ _084_/ZN (gf180mcu_fd_sc_mcu7t5v0__nand2_1)
               0.347788    0.000000    1.739839 ^ _087_/A3 (gf180mcu_fd_sc_mcu7t5v0__nand3_1)
   0.004772    0.228581    0.163219    1.903058 v _087_/ZN (gf180mcu_fd_sc_mcu7t5v0__nand3_1)
               0.228581    0.000000    1.903058 v _088_/A2 (gf180mcu_fd_sc_mcu7t5v0__aoi21_1)
   0.016234    0.685548    0.438432    2.341491 ^ _088_/ZN (gf180mcu_fd_sc_mcu7t5v0__aoi21_1)
               0.685548    0.000000    2.341491 ^ _089_/A2 (gf180mcu_fd_sc_mcu7t5v0__nor2_1)
   0.004011    0.266901    0.171559    2.513050 v _089_/ZN (gf180mcu_fd_sc_mcu7t5v0__nor2_1)
               0.266901    0.000000    2.513050 v _091_/B (gf180mcu_fd_sc_mcu7t5v0__aoi21_1)
   0.013033    0.589321    0.425273    2.938323 ^ _091_/ZN (gf180mcu_fd_sc_mcu7t5v0__aoi21_1)
               0.589321    0.000000    2.938323 ^ _092_/A2 (gf180mcu_fd_sc_mcu7t5v0__or2_1)
   0.004783    0.149802    0.300889    3.239212 ^ _092_/Z (gf180mcu_fd_sc_mcu7t5v0__or2_1)
               0.149802    0.000000    3.239212 ^ _094_/B (gf180mcu_fd_sc_mcu7t5v0__oai21_1)
   0.010240    0.255405    0.217734    3.456946 v _094_/ZN (gf180mcu_fd_sc_mcu7t5v0__oai21_1)
               0.255405    0.000000    3.456946 v _096_/A2 (gf180mcu_fd_sc_mcu7t5v0__xor2_1)
   0.010240    0.275456    0.517969    3.974915 v _096_/Z (gf180mcu_fd_sc_mcu7t5v0__xor2_1)
               0.275456    0.000000    3.974915 v _097_/A2 (gf180mcu_fd_sc_mcu7t5v0__and2_1)
   0.013156    0.197542    0.375437    4.350352 v _097_/Z (gf180mcu_fd_sc_mcu7t5v0__and2_1)
               0.197542    0.000000    4.350352 v _100_/A3 (gf180mcu_fd_sc_mcu7t5v0__nor3_1)
   0.004823    0.428013    0.321182    4.671535 ^ _100_/ZN (gf180mcu_fd_sc_mcu7t5v0__nor3_1)
               0.428013    0.000000    4.671535 ^ _101_/A2 (gf180mcu_fd_sc_mcu7t5v0__oai21_1)
   0.010240    0.304000    0.230720    4.902255 v _101_/ZN (gf180mcu_fd_sc_mcu7t5v0__oai21_1)
               0.304000    0.000000    4.902255 v _103_/A2 (gf180mcu_fd_sc_mcu7t5v0__xor2_1)
   0.010240    0.275536    0.534014    5.436268 v _103_/Z (gf180mcu_fd_sc_mcu7t5v0__xor2_1)
               0.275536    0.000000    5.436268 v _105_/A2 (gf180mcu_fd_sc_mcu7t5v0__xor2_1)
   0.010000    0.273149    0.522649    5.958918 v _105_/Z (gf180mcu_fd_sc_mcu7t5v0__xor2_1)
               0.273149    0.000000    5.958918 v sum[8] (out)
                                       5.958918   data arrival time

               0.000000  100.000000  100.000000   clock vclk (rise edge)
                           0.000000  100.000000   clock network delay (ideal)
                           0.000000  100.000000   clock reconvergence pessimism
                           0.000000  100.000000   output external delay
                                     100.000000   data required time
---------------------------------------------------------------------------------------
                                     100.000000   data required time
                                      -5.958918   data arrival time
---------------------------------------------------------------------------------------
                                      94.041077   slack (MET)


Startpoint: cin (input port clocked by vclk)
Endpoint: sum[7] (output port clocked by vclk)
Path Group: vclk
Path Type: max

        Cap        Slew       Delay        Time   Description
---------------------------------------------------------------------------------------
               0.000000    0.000000    0.000000   clock vclk (rise edge)
                           0.000000    0.000000   clock network delay (ideal)
                           0.000000    0.000000 ^ input external delay
   0.016234    0.050000    0.000000    0.000000 ^ cin (in)
               0.050000    0.000000    0.000000 ^ _076_/A2 (gf180mcu_fd_sc_mcu7t5v0__nor2_1)
   0.004823    0.142412    0.112247    0.112247 v _076_/ZN (gf180mcu_fd_sc_mcu7t5v0__nor2_1)
               0.142412    0.000000    0.112247 v _078_/A2 (gf180mcu_fd_sc_mcu7t5v0__oai21_1)
   0.016234    0.628248    0.412153    0.524400 ^ _078_/ZN (gf180mcu_fd_sc_mcu7t5v0__oai21_1)
               0.628248    0.000000    0.524400 ^ _080_/A2 (gf180mcu_fd_sc_mcu7t5v0__nor2_1)
   0.004823    0.266092    0.181935    0.706336 v _080_/ZN (gf180mcu_fd_sc_mcu7t5v0__nor2_1)
               0.266092    0.000000    0.706336 v _081_/A2 (gf180mcu_fd_sc_mcu7t5v0__oai21_1)
   0.011977    0.502382    0.359814    1.066150 ^ _081_/ZN (gf180mcu_fd_sc_mcu7t5v0__oai21_1)
               0.502382    0.000000    1.066150 ^ _083_/A2 (gf180mcu_fd_sc_mcu7t5v0__xor2_1)
   0.011977    0.564539    0.484149    1.550299 ^ _083_/Z (gf180mcu_fd_sc_mcu7t5v0__xor2_1)
               0.564539    0.000000    1.550299 ^ _084_/A2 (gf180mcu_fd_sc_mcu7t5v0__nand2_1)
   0.013585    0.314675    0.217948    1.768248 v _084_/ZN (gf180mcu_fd_sc_mcu7t5v0__nand2_1)
               0.314675    0.000000    1.768248 v _086_/A2 (gf180mcu_fd_sc_mcu7t5v0__aoi21_1)
   0.004011    0.319446    0.264707    2.032954 ^ _086_/ZN (gf180mcu_fd_sc_mcu7t5v0__aoi21_1)
               0.319446    0.000000    2.032954 ^ _088_/B (gf180mcu_fd_sc_mcu7t5v0__aoi21_1)
   0.016234    0.401052    0.319125    2.352079 v _088_/ZN (gf180mcu_fd_sc_mcu7t5v0__aoi21_1)
               0.401052    0.000000    2.352079 v _089_/A2 (gf180mcu_fd_sc_mcu7t5v0__nor2_1)
   0.004011    0.272084    0.231302    2.583381 ^ _089_/ZN (gf180mcu_fd_sc_mcu7t5v0__nor2_1)
               0.272084    0.000000    2.583381 ^ _091_/B (gf180mcu_fd_sc_mcu7t5v0__aoi21_1)
   0.013033    0.353932    0.279848    2.863229 v _091_/ZN (gf180mcu_fd_sc_mcu7t5v0__aoi21_1)
               0.353932    0.000000    2.863229 v _092_/A2 (gf180mcu_fd_sc_mcu7t5v0__or2_1)
   0.004783    0.166679    0.444022    3.307251 v _092_/Z (gf180mcu_fd_sc_mcu7t5v0__or2_1)
               0.166679    0.000000    3.307251 v _094_/B (gf180mcu_fd_sc_mcu7t5v0__oai21_1)
   0.010240    0.448386    0.263487    3.570738 ^ _094_/ZN (gf180mcu_fd_sc_mcu7t5v0__oai21_1)
               0.448386    0.000000    3.570738 ^ _096_/A2 (gf180mcu_fd_sc_mcu7t5v0__xor2_1)
   0.010240    0.512261    0.453670    4.024407 ^ _096_/Z (gf180mcu_fd_sc_mcu7t5v0__xor2_1)
               0.512261    0.000000    4.024407 ^ _097_/A2 (gf180mcu_fd_sc_mcu7t5v0__and2_1)
   0.013156    0.288250    0.396381    4.420789 ^ _097_/Z (gf180mcu_fd_sc_mcu7t5v0__and2_1)
               0.288250    0.000000    4.420789 ^ _098_/A2 (gf180mcu_fd_sc_mcu7t5v0__nor2_1)
   0.007465    0.212595    0.178799    4.599588 v _098_/ZN (gf180mcu_fd_sc_mcu7t5v0__nor2_1)
               0.212595    0.000000    4.599588 v _108_/A3 (gf180mcu_fd_sc_mcu7t5v0__xor3_1)
   0.010000    0.317683    0.502412    5.102000 v _108_/Z (gf180mcu_fd_sc_mcu7t5v0__xor3_1)
               0.317683    0.000000    5.102000 v sum[7] (out)
                                       5.102000   data arrival time

               0.000000  100.000000  100.000000   clock vclk (rise edge)
                           0.000000  100.000000   clock network delay (ideal)
                           0.000000  100.000000   clock reconvergence pessimism
                           0.000000  100.000000   output external delay
                                     100.000000   data required time
---------------------------------------------------------------------------------------
                                     100.000000   data required time
                                      -5.102000   data arrival time
---------------------------------------------------------------------------------------
                                      94.897995   slack (MET)


Startpoint: cin (input port clocked by vclk)
Endpoint: sum[6] (output port clocked by vclk)
Path Group: vclk
Path Type: max

        Cap        Slew       Delay        Time   Description
---------------------------------------------------------------------------------------
               0.000000    0.000000    0.000000   clock vclk (rise edge)
                           0.000000    0.000000   clock network delay (ideal)
                           0.000000    0.000000 v input external delay
   0.016234    0.050000    0.000000    0.000000 v cin (in)
               0.050000    0.000000    0.000000 v _076_/A2 (gf180mcu_fd_sc_mcu7t5v0__nor2_1)
   0.004823    0.261039    0.185892    0.185892 ^ _076_/ZN (gf180mcu_fd_sc_mcu7t5v0__nor2_1)
               0.261039    0.000000    0.185892 ^ _078_/A2 (gf180mcu_fd_sc_mcu7t5v0__oai21_1)
   0.016234    0.351415    0.260372    0.446264 v _078_/ZN (gf180mcu_fd_sc_mcu7t5v0__oai21_1)
               0.351415    0.000000    0.446264 v _080_/A2 (gf180mcu_fd_sc_mcu7t5v0__nor2_1)
   0.004823    0.284207    0.236574    0.682837 ^ _080_/ZN (gf180mcu_fd_sc_mcu7t5v0__nor2_1)
               0.284207    0.000000    0.682837 ^ _081_/A2 (gf180mcu_fd_sc_mcu7t5v0__oai21_1)
   0.011977    0.295981    0.227188    0.910026 v _081_/ZN (gf180mcu_fd_sc_mcu7t5v0__oai21_1)
               0.295981    0.000000    0.910026 v _083_/A2 (gf180mcu_fd_sc_mcu7t5v0__xor2_1)
   0.011977    0.291584    0.544329    1.454355 v _083_/Z (gf180mcu_fd_sc_mcu7t5v0__xor2_1)
               0.291584    0.000000    1.454355 v _084_/A2 (gf180mcu_fd_sc_mcu7t5v0__nand2_1)
   0.013585    0.347788    0.285484    1.739839 ^ _084_/ZN (gf180mcu_fd_sc_mcu7t5v0__nand2_1)
               0.347788    0.000000    1.739839 ^ _087_/A3 (gf180mcu_fd_sc_mcu7t5v0__nand3_1)
   0.004772    0.228581    0.163219    1.903058 v _087_/ZN (gf180mcu_fd_sc_mcu7t5v0__nand3_1)
               0.228581    0.000000    1.903058 v _088_/A2 (gf180mcu_fd_sc_mcu7t5v0__aoi21_1)
   0.016234    0.685548    0.438432    2.341491 ^ _088_/ZN (gf180mcu_fd_sc_mcu7t5v0__aoi21_1)
               0.685548    0.000000    2.341491 ^ _089_/A2 (gf180mcu_fd_sc_mcu7t5v0__nor2_1)
   0.004011    0.266901    0.171559    2.513050 v _089_/ZN (gf180mcu_fd_sc_mcu7t5v0__nor2_1)
               0.266901    0.000000    2.513050 v _091_/B (gf180mcu_fd_sc_mcu7t5v0__aoi21_1)
   0.013033    0.589321    0.425273    2.938323 ^ _091_/ZN (gf180mcu_fd_sc_mcu7t5v0__aoi21_1)
               0.589321    0.000000    2.938323 ^ _092_/A2 (gf180mcu_fd_sc_mcu7t5v0__or2_1)
   0.004783    0.149802    0.300889    3.239212 ^ _092_/Z (gf180mcu_fd_sc_mcu7t5v0__or2_1)
               0.149802    0.000000    3.239212 ^ _094_/B (gf180mcu_fd_sc_mcu7t5v0__oai21_1)
   0.010240    0.255405    0.217734    3.456946 v _094_/ZN (gf180mcu_fd_sc_mcu7t5v0__oai21_1)
               0.255405    0.000000    3.456946 v _096_/A2 (gf180mcu_fd_sc_mcu7t5v0__xor2_1)
   0.010240    0.275456    0.517969    3.974915 v _096_/Z (gf180mcu_fd_sc_mcu7t5v0__xor2_1)
               0.275456    0.000000    3.974915 v _136_/A2 (gf180mcu_fd_sc_mcu7t5v0__xor2_1)
   0.010000    0.273149    0.522623    4.497539 v _136_/Z (gf180mcu_fd_sc_mcu7t5v0__xor2_1)
               0.273149    0.000000    4.497539 v sum[6] (out)
                                       4.497539   data arrival time

               0.000000  100.000000  100.000000   clock vclk (rise edge)
                           0.000000  100.000000   clock network delay (ideal)
                           0.000000  100.000000   clock reconvergence pessimism
                           0.000000  100.000000   output external delay
                                     100.000000   data required time
---------------------------------------------------------------------------------------
                                     100.000000   data required time
                                      -4.497539   data arrival time
---------------------------------------------------------------------------------------
                                      95.502457   slack (MET)


Startpoint: cin (input port clocked by vclk)
Endpoint: sum[5] (output port clocked by vclk)
Path Group: vclk
Path Type: max

        Cap        Slew       Delay        Time   Description
---------------------------------------------------------------------------------------
               0.000000    0.000000    0.000000   clock vclk (rise edge)
                           0.000000    0.000000   clock network delay (ideal)
                           0.000000    0.000000 v input external delay
   0.016234    0.050000    0.000000    0.000000 v cin (in)
               0.050000    0.000000    0.000000 v _076_/A2 (gf180mcu_fd_sc_mcu7t5v0__nor2_1)
   0.004823    0.261039    0.185892    0.185892 ^ _076_/ZN (gf180mcu_fd_sc_mcu7t5v0__nor2_1)
               0.261039    0.000000    0.185892 ^ _078_/A2 (gf180mcu_fd_sc_mcu7t5v0__oai21_1)
   0.016234    0.351415    0.260372    0.446264 v _078_/ZN (gf180mcu_fd_sc_mcu7t5v0__oai21_1)
               0.351415    0.000000    0.446264 v _080_/A2 (gf180mcu_fd_sc_mcu7t5v0__nor2_1)
   0.004823    0.284207    0.236574    0.682837 ^ _080_/ZN (gf180mcu_fd_sc_mcu7t5v0__nor2_1)
               0.284207    0.000000    0.682837 ^ _081_/A2 (gf180mcu_fd_sc_mcu7t5v0__oai21_1)
   0.011977    0.295981    0.227188    0.910026 v _081_/ZN (gf180mcu_fd_sc_mcu7t5v0__oai21_1)
               0.295981    0.000000    0.910026 v _083_/A2 (gf180mcu_fd_sc_mcu7t5v0__xor2_1)
   0.011977    0.291584    0.544329    1.454355 v _083_/Z (gf180mcu_fd_sc_mcu7t5v0__xor2_1)
               0.291584    0.000000    1.454355 v _084_/A2 (gf180mcu_fd_sc_mcu7t5v0__nand2_1)
   0.013585    0.347788    0.285484    1.739839 ^ _084_/ZN (gf180mcu_fd_sc_mcu7t5v0__nand2_1)
               0.347788    0.000000    1.739839 ^ _087_/A3 (gf180mcu_fd_sc_mcu7t5v0__nand3_1)
   0.004772    0.228581    0.163219    1.903058 v _087_/ZN (gf180mcu_fd_sc_mcu7t5v0__nand3_1)
               0.228581    0.000000    1.903058 v _088_/A2 (gf180mcu_fd_sc_mcu7t5v0__aoi21_1)
   0.016234    0.685548    0.438432    2.341491 ^ _088_/ZN (gf180mcu_fd_sc_mcu7t5v0__aoi21_1)
               0.685548    0.000000    2.341491 ^ _089_/A2 (gf180mcu_fd_sc_mcu7t5v0__nor2_1)
   0.004011    0.266901    0.171559    2.513050 v _089_/ZN (gf180mcu_fd_sc_mcu7t5v0__nor2_1)
               0.266901    0.000000    2.513050 v _091_/B (gf180mcu_fd_sc_mcu7t5v0__aoi21_1)
   0.013033    0.589321    0.425273    2.938323 ^ _091_/ZN (gf180mcu_fd_sc_mcu7t5v0__aoi21_1)
               0.589321    0.000000    2.938323 ^ _107_/A3 (gf180mcu_fd_sc_mcu7t5v0__xor3_1)
   0.010000    0.518892    0.502316    3.440638 ^ _107_/Z (gf180mcu_fd_sc_mcu7t5v0__xor3_1)
               0.518892    0.000000    3.440638 ^ sum[5] (out)
                                       3.440638   data arrival time

               0.000000  100.000000  100.000000   clock vclk (rise edge)
                           0.000000  100.000000   clock network delay (ideal)
                           0.000000  100.000000   clock reconvergence pessimism
                           0.000000  100.000000   output external delay
                                     100.000000   data required time
---------------------------------------------------------------------------------------
                                     100.000000   data required time
                                      -3.440638   data arrival time
---------------------------------------------------------------------------------------
                                      96.559357   slack (MET)


Startpoint: cin (input port clocked by vclk)
Endpoint: sum[4] (output port clocked by vclk)
Path Group: vclk
Path Type: max

        Cap        Slew       Delay        Time   Description
---------------------------------------------------------------------------------------
               0.000000    0.000000    0.000000   clock vclk (rise edge)
                           0.000000    0.000000   clock network delay (ideal)
                           0.000000    0.000000 ^ input external delay
   0.016234    0.050000    0.000000    0.000000 ^ cin (in)
               0.050000    0.000000    0.000000 ^ _076_/A2 (gf180mcu_fd_sc_mcu7t5v0__nor2_1)
   0.004823    0.142412    0.112247    0.112247 v _076_/ZN (gf180mcu_fd_sc_mcu7t5v0__nor2_1)
               0.142412    0.000000    0.112247 v _078_/A2 (gf180mcu_fd_sc_mcu7t5v0__oai21_1)
   0.016234    0.628248    0.412153    0.524400 ^ _078_/ZN (gf180mcu_fd_sc_mcu7t5v0__oai21_1)
               0.628248    0.000000    0.524400 ^ _080_/A2 (gf180mcu_fd_sc_mcu7t5v0__nor2_1)
   0.004823    0.266092    0.181935    0.706336 v _080_/ZN (gf180mcu_fd_sc_mcu7t5v0__nor2_1)
               0.266092    0.000000    0.706336 v _081_/A2 (gf180mcu_fd_sc_mcu7t5v0__oai21_1)
   0.011977    0.502382    0.359814    1.066150 ^ _081_/ZN (gf180mcu_fd_sc_mcu7t5v0__oai21_1)
               0.502382    0.000000    1.066150 ^ _083_/A2 (gf180mcu_fd_sc_mcu7t5v0__xor2_1)
   0.011977    0.564539    0.484149    1.550299 ^ _083_/Z (gf180mcu_fd_sc_mcu7t5v0__xor2_1)
               0.564539    0.000000    1.550299 ^ _084_/A2 (gf180mcu_fd_sc_mcu7t5v0__nand2_1)
   0.013585    0.314675    0.217948    1.768248 v _084_/ZN (gf180mcu_fd_sc_mcu7t5v0__nand2_1)
               0.314675    0.000000    1.768248 v _086_/A2 (gf180mcu_fd_sc_mcu7t5v0__aoi21_1)
   0.004011    0.319446    0.264707    2.032954 ^ _086_/ZN (gf180mcu_fd_sc_mcu7t5v0__aoi21_1)
               0.319446    0.000000    2.032954 ^ _088_/B (gf180mcu_fd_sc_mcu7t5v0__aoi21_1)
   0.016234    0.401052    0.319125    2.352079 v _088_/ZN (gf180mcu_fd_sc_mcu7t5v0__aoi21_1)
               0.401052    0.000000    2.352079 v _141_/A3 (gf180mcu_fd_sc_mcu7t5v0__xor3_1)
   0.010000    0.329180    0.545290    2.897370 v _141_/Z (gf180mcu_fd_sc_mcu7t5v0__xor3_1)
               0.329180    0.000000    2.897370 v sum[4] (out)
                                       2.897370   data arrival time

               0.000000  100.000000  100.000000   clock vclk (rise edge)
                           0.000000  100.000000   clock network delay (ideal)
                           0.000000  100.000000   clock reconvergence pessimism
                           0.000000  100.000000   output external delay
                                     100.000000   data required time
---------------------------------------------------------------------------------------
                                     100.000000   data required time
                                      -2.897370   data arrival time
---------------------------------------------------------------------------------------
                                      97.102623   slack (MET)


Startpoint: cin (input port clocked by vclk)
Endpoint: sum[3] (output port clocked by vclk)
Path Group: vclk
Path Type: max

        Cap        Slew       Delay        Time   Description
---------------------------------------------------------------------------------------
               0.000000    0.000000    0.000000   clock vclk (rise edge)
                           0.000000    0.000000   clock network delay (ideal)
                           0.000000    0.000000 ^ input external delay
   0.016234    0.050000    0.000000    0.000000 ^ cin (in)
               0.050000    0.000000    0.000000 ^ _076_/A2 (gf180mcu_fd_sc_mcu7t5v0__nor2_1)
   0.004823    0.142412    0.112247    0.112247 v _076_/ZN (gf180mcu_fd_sc_mcu7t5v0__nor2_1)
               0.142412    0.000000    0.112247 v _078_/A2 (gf180mcu_fd_sc_mcu7t5v0__oai21_1)
   0.016234    0.628248    0.412153    0.524400 ^ _078_/ZN (gf180mcu_fd_sc_mcu7t5v0__oai21_1)
               0.628248    0.000000    0.524400 ^ _080_/A2 (gf180mcu_fd_sc_mcu7t5v0__nor2_1)
   0.004823    0.266092    0.181935    0.706336 v _080_/ZN (gf180mcu_fd_sc_mcu7t5v0__nor2_1)
               0.266092    0.000000    0.706336 v _081_/A2 (gf180mcu_fd_sc_mcu7t5v0__oai21_1)
   0.011977    0.502382    0.359814    1.066150 ^ _081_/ZN (gf180mcu_fd_sc_mcu7t5v0__oai21_1)
               0.502382    0.000000    1.066150 ^ _083_/A2 (gf180mcu_fd_sc_mcu7t5v0__xor2_1)
   0.011977    0.564539    0.484149    1.550299 ^ _083_/Z (gf180mcu_fd_sc_mcu7t5v0__xor2_1)
               0.564539    0.000000    1.550299 ^ _084_/A2 (gf180mcu_fd_sc_mcu7t5v0__nand2_1)
   0.013585    0.314675    0.217948    1.768248 v _084_/ZN (gf180mcu_fd_sc_mcu7t5v0__nand2_1)
               0.314675    0.000000    1.768248 v _085_/A2 (gf180mcu_fd_sc_mcu7t5v0__nand2_1)
   0.007465    0.250835    0.232581    2.000829 ^ _085_/ZN (gf180mcu_fd_sc_mcu7t5v0__nand2_1)
               0.250835    0.000000    2.000829 ^ _106_/A3 (gf180mcu_fd_sc_mcu7t5v0__xor3_1)
   0.010000    0.518892    0.483901    2.484730 ^ _106_/Z (gf180mcu_fd_sc_mcu7t5v0__xor3_1)
               0.518892    0.000000    2.484730 ^ sum[3] (out)
                                       2.484730   data arrival time

               0.000000  100.000000  100.000000   clock vclk (rise edge)
                           0.000000  100.000000   clock network delay (ideal)
                           0.000000  100.000000   clock reconvergence pessimism
                           0.000000  100.000000   output external delay
                                     100.000000   data required time
---------------------------------------------------------------------------------------
                                     100.000000   data required time
                                      -2.484730   data arrival time
---------------------------------------------------------------------------------------
                                      97.515266   slack (MET)


Startpoint: cin (input port clocked by vclk)
Endpoint: sum[2] (output port clocked by vclk)
Path Group: vclk
Path Type: max

        Cap        Slew       Delay        Time   Description
---------------------------------------------------------------------------------------
               0.000000    0.000000    0.000000   clock vclk (rise edge)
                           0.000000    0.000000   clock network delay (ideal)
                           0.000000    0.000000 ^ input external delay
   0.016234    0.050000    0.000000    0.000000 ^ cin (in)
               0.050000    0.000000    0.000000 ^ _076_/A2 (gf180mcu_fd_sc_mcu7t5v0__nor2_1)
   0.004823    0.142412    0.112247    0.112247 v _076_/ZN (gf180mcu_fd_sc_mcu7t5v0__nor2_1)
               0.142412    0.000000    0.112247 v _078_/A2 (gf180mcu_fd_sc_mcu7t5v0__oai21_1)
   0.016234    0.628248    0.412153    0.524400 ^ _078_/ZN (gf180mcu_fd_sc_mcu7t5v0__oai21_1)
               0.628248    0.000000    0.524400 ^ _080_/A2 (gf180mcu_fd_sc_mcu7t5v0__nor2_1)
   0.004823    0.266092    0.181935    0.706336 v _080_/ZN (gf180mcu_fd_sc_mcu7t5v0__nor2_1)
               0.266092    0.000000    0.706336 v _081_/A2 (gf180mcu_fd_sc_mcu7t5v0__oai21_1)
   0.011977    0.502382    0.359814    1.066150 ^ _081_/ZN (gf180mcu_fd_sc_mcu7t5v0__oai21_1)
               0.502382    0.000000    1.066150 ^ _083_/A2 (gf180mcu_fd_sc_mcu7t5v0__xor2_1)
   0.011977    0.564539    0.484149    1.550299 ^ _083_/Z (gf180mcu_fd_sc_mcu7t5v0__xor2_1)
               0.564539    0.000000    1.550299 ^ _110_/A2 (gf180mcu_fd_sc_mcu7t5v0__xor2_1)
   0.010000    0.505030    0.452917    2.003217 ^ _110_/Z (gf180mcu_fd_sc_mcu7t5v0__xor2_1)
               0.505030    0.000000    2.003217 ^ sum[2] (out)
                                       2.003217   data arrival time

               0.000000  100.000000  100.000000   clock vclk (rise edge)
                           0.000000  100.000000   clock network delay (ideal)
                           0.000000  100.000000   clock reconvergence pessimism
                           0.000000  100.000000   output external delay
                                     100.000000   data required time
---------------------------------------------------------------------------------------
                                     100.000000   data required time
                                      -2.003217   data arrival time
---------------------------------------------------------------------------------------
                                      97.996780   slack (MET)


Startpoint: b[0] (input port clocked by vclk)
Endpoint: sum[0] (output port clocked by vclk)
Path Group: vclk
Path Type: max

        Cap        Slew       Delay        Time   Description
---------------------------------------------------------------------------------------
               0.000000    0.000000    0.000000   clock vclk (rise edge)
                           0.000000    0.000000   clock network delay (ideal)
                           0.000000    0.000000 v input external delay
   0.009164    0.050000    0.000000    0.000000 v b[0] (in)
               0.050000    0.000000    0.000000 v _077_/A1 (gf180mcu_fd_sc_mcu7t5v0__xor3_1)
   0.010000    0.317683    1.083385    1.083385 v _077_/Z (gf180mcu_fd_sc_mcu7t5v0__xor3_1)
               0.317683    0.000000    1.083385 v sum[0] (out)
                                       1.083385   data arrival time

               0.000000  100.000000  100.000000   clock vclk (rise edge)
                           0.000000  100.000000   clock network delay (ideal)
                           0.000000  100.000000   clock reconvergence pessimism
                           0.000000  100.000000   output external delay
                                     100.000000   data required time
---------------------------------------------------------------------------------------
                                     100.000000   data required time
                                      -1.083385   data arrival time
---------------------------------------------------------------------------------------
                                      98.916611   slack (MET)


Startpoint: b[1] (input port clocked by vclk)
Endpoint: sum[1] (output port clocked by vclk)
Path Group: vclk
Path Type: max

        Cap        Slew       Delay        Time   Description
---------------------------------------------------------------------------------------
               0.000000    0.000000    0.000000   clock vclk (rise edge)
                           0.000000    0.000000   clock network delay (ideal)
                           0.000000    0.000000 v input external delay
   0.009164    0.050000    0.000000    0.000000 v b[1] (in)
               0.050000    0.000000    0.000000 v _109_/A1 (gf180mcu_fd_sc_mcu7t5v0__xor3_1)
   0.010000    0.317683    1.083385    1.083385 v _109_/Z (gf180mcu_fd_sc_mcu7t5v0__xor3_1)
               0.317683    0.000000    1.083385 v sum[1] (out)
                                       1.083385   data arrival time

               0.000000  100.000000  100.000000   clock vclk (rise edge)
                           0.000000  100.000000   clock network delay (ideal)
                           0.000000  100.000000   clock reconvergence pessimism
                           0.000000  100.000000   output external delay
                                     100.000000   data required time
---------------------------------------------------------------------------------------
                                     100.000000   data required time
                                      -1.083385   data arrival time
---------------------------------------------------------------------------------------
                                      98.916611   slack (MET)


