
6. Printing statistics.

=== adder_top ===

        +----------Local Count, excluding submodules.
        |        +-Local Area, excluding submodules.
        |        | 
      242        - wires
      335        - wire bits
        5        - public wires
       98        - public wire bits
        5        - ports
       98        - port bits
      270 4.73E+03 cells
       17  298.547   gf180mcu_fd_sc_mcu7t5v0__and2_1
        1   21.952   gf180mcu_fd_sc_mcu7t5v0__and3_1
        1   24.147   gf180mcu_fd_sc_mcu7t5v0__and4_1
        5   109.76   gf180mcu_fd_sc_mcu7t5v0__aoi211_1
       13  228.301   gf180mcu_fd_sc_mcu7t5v0__aoi21_1
        2   48.294   gf180mcu_fd_sc_mcu7t5v0__aoi221_1
        3    59.27   gf180mcu_fd_sc_mcu7t5v0__aoi22_1
        7   61.466   gf180mcu_fd_sc_mcu7t5v0__clkinv_1
       64  702.464   gf180mcu_fd_sc_mcu7t5v0__nand2_1
        9  138.298   gf180mcu_fd_sc_mcu7t5v0__nand3_1
       39  513.677   gf180mcu_fd_sc_mcu7t5v0__nor2_1
        3   52.685   gf180mcu_fd_sc_mcu7t5v0__nor3_1
        1   21.952   gf180mcu_fd_sc_mcu7t5v0__nor4_1
        8  175.616   gf180mcu_fd_sc_mcu7t5v0__oai211_1
       21  368.794   gf180mcu_fd_sc_mcu7t5v0__oai21_1
        2   52.685   gf180mcu_fd_sc_mcu7t5v0__oai221_1
        3   72.442   gf180mcu_fd_sc_mcu7t5v0__oai31_1
        2   52.685   gf180mcu_fd_sc_mcu7t5v0__oai32_1
       16  280.986   gf180mcu_fd_sc_mcu7t5v0__or2_1
       24  684.902   gf180mcu_fd_sc_mcu7t5v0__xnor2_1
       29   763.93   gf180mcu_fd_sc_mcu7t5v0__xor2_1

   Chip area for module '\adder_top': 4732.851200
     of which used for sequential elements: 0.000000 (0.00%)

