$ /usr/bin/time -v -o /home/duhaochen/website-trial-v1/data/spice-model-benchmark/121d7533ff02ffdc5690ab28c571a5e1/ngspice/resource.txt /usr/bin/python -m spice_model_benchmark.cli /home/duhaochen/pipeline_full_collection/benchmark-inputs/121d7533ff02ffdc5690ab28c571a5e1/ngspice.lib --simulator ngspice --modes dc transient ac noise --output-dir /home/duhaochen/website-trial-v1/data/spice-model-benchmark/121d7533ff02ffdc5690ab28c571a5e1 --dpi 120 --log-level WARNING
/home/duhaochen/spice_model_benchmark/src/spice_model_benchmark/verification_manager.py:1557: RuntimeWarning: divide by zero encountered in divide
  tc = np.mean((d_ids / d_temp) / np.abs(i_ds[:-1]))
SPICE Model Benchmark: /home/duhaochen/pipeline_full_collection/benchmark-inputs/121d7533ff02ffdc5690ab28c571a5e1/ngspice.lib
Simulators: ngspice
Modes: dc, transient, ac, noise
------------------------------------------------------------

============================================================
  Running: NGSPICE
  Output:  /home/duhaochen/website-trial-v1/data/spice-model-benchmark/121d7533ff02ffdc5690ab28c571a5e1/ngspice
============================================================
Vgs range: 0.000V to 1.200V
Ids range: -7.258e-04A to 0.000e+00A
Selected Vgs values: [0.  0.2 0.4 0.6 0.8 1.  1.2]
Vgs=0.000V: Ids range -7.152e-13A to -1.005e-16A
Vgs=0.200V: Ids range -5.118e-11A to 0.000e+00A
Vgs=0.400V: Ids range -7.512e-09A to 0.000e+00A
Vgs=0.600V: Ids range -8.162e-07A to 0.000e+00A
Vgs=0.800V: Ids range -5.308e-05A to 0.000e+00A
Vgs=1.000V: Ids range -3.159e-04A to 0.000e+00A
Vgs=1.200V: Ids range -7.258e-04A to 0.000e+00A
ids_variation: 7.179477544591899
ids_variation <= max_variation: False
tc: inf
abs(tc) <= max_tc: False
[WARNING]: Temperature effects verification failed - effects outside expected range
/home/duhaochen/spice_model_benchmark/src/spice_model_benchmark/verification_manager.py:1817: RuntimeWarning: divide by zero encountered in log
  log_ids = np.log(np.abs(i_ds))
/home/duhaochen/.local/lib/python3.9/site-packages/numpy/lib/function_base.py:2742: RuntimeWarning: invalid value encountered in subtract
  X -= avg[:, None]
/home/duhaochen/spice_model_benchmark/src/spice_model_benchmark/verification_manager.py:1862: RuntimeWarning: divide by zero encountered in divide
  efficiency = np.abs(gm / i_ds)  # Transconductance efficiency
[INFO]: S-parameter analysis plot saved to /home/duhaochen/website-trial-v1/data/spice-model-benchmark/121d7533ff02ffdc5690ab28c571a5e1/ngspice/plots/ac_cv_sparameter_analysis.png
[INFO]: NQS effects plot saved to /home/duhaochen/website-trial-v1/data/spice-model-benchmark/121d7533ff02ffdc5690ab28c571a5e1/ngspice/plots/ac_cv_nqs_effects.png
[INFO]: S-parameter analysis plot saved to /home/duhaochen/website-trial-v1/data/spice-model-benchmark/121d7533ff02ffdc5690ab28c571a5e1/ngspice/plots/ac_cv_sparameter_analysis.png
norm_dvg: [2.50000000e+11 1.25000000e+11 6.25000000e+10 3.12500000e+10
 1.56249999e+10 9.40839762e+09 6.79288291e+09 5.16662217e+09
 4.16277528e+09 3.89357439e+09 3.71543863e+09 3.56130101e+09
 3.37773635e+09 3.24376769e+09 3.12717416e+09 3.00089860e+09
 2.87629912e+09 2.74075761e+09 2.60404130e+09 2.53159873e+09
 2.46813710e+09 2.39040264e+09 2.32005288e+09 2.27333549e+09
 2.21832093e+09 2.16448904e+09 2.09399382e+09 2.04591794e+09
 1.99999934e+09 1.99599614e+09 1.98803682e+09 1.97230548e+09
 1.94157948e+09 1.90723526e+09 1.88650876e+09 1.86952986e+09
 1.85094614e+09 1.82930349e+09 1.78750075e+09 1.70937643e+09
 1.68009355e+09 1.65956677e+09 1.63481698e+09 1.60947850e+09
 1.58300198e+09 1.55827248e+09 1.52105039e+09 1.47629444e+09
 1.41924270e+09 1.35404615e+09 1.28384349e+09 1.21713735e+09
 1.14616086e+09 1.07445455e+09 1.03589124e+09 1.01920076e+09
 1.00000142e+09 9.97657967e+08 9.93010171e+08 9.83839870e+08
 9.69048261e+08 9.53481526e+08 9.36727997e+08 9.17550528e+08
 9.00599917e+08 8.83314502e+08 8.67845224e+08 8.50618179e+08
 8.31258611e+08 8.08024787e+08 7.79501321e+08 7.51454952e+08
 7.33075031e+08 7.09866677e+08 6.67596120e+08 6.30016457e+08
 5.93568143e+08 5.56702171e+08 5.21987242e+08 4.97275709e+08
 4.82593366e+08 4.77045550e+08 4.72138094e+08 4.67763324e+08
 4.62436354e+08 4.59188014e+08 4.55095127e+08 4.50390138e+08
 4.45162637e+08 4.38765061e+08 4.29979342e+08 4.24816414e+08
 4.20251117e+08 4.15878009e+08 4.11036890e+08 4.06604137e+08
 4.03305967e+08 4.01238182e+08 3.99811754e+08 3.98619439e+08
 3.97281172e+08 3.95905550e+08 3.94790863e+08 3.93304941e+08
 3.91552584e+08 3.88095210e+08 3.84273452e+08 3.79829858e+08
 3.75387704e+08 3.73301618e+08 3.71653971e+08 3.69273319e+08
 3.67390641e+08 3.65023732e+08 3.62385365e+08 3.58489215e+08
 3.53771993e+08 3.47636474e+08 3.41027496e+08 3.33447789e+08
 3.24893038e+08 3.14528596e+08 3.02127927e+08 2.87328611e+08
 2.71058243e+08 2.53529824e+08 2.34982796e+08 2.14877798e+08
 1.93586592e+08 1.71250856e+08 1.50616317e+08 1.34419679e+08
 1.21368254e+08 1.10626975e+08 1.02357356e+08 9.52397060e+07
 9.52110194e+07 9.51575843e+07 9.50505591e+07 9.48376752e+07
 9.45846345e+07 9.43176139e+07 9.40160144e+07 9.37008939e+07
 9.35175308e+07 9.34007580e+07 9.32946386e+07 9.31582982e+07
 9.30048870e+07 9.28876915e+07 9.27612529e+07 9.26601152e+07
 9.25630161e+07 9.24720128e+07 9.23696422e+07 9.22768051e+07
 9.21705694e+07 9.20500696e+07 9.19014650e+07 9.17169268e+07
 9.14735409e+07 9.11904201e+07 9.09395177e+07 9.09306896e+07
 9.08917381e+07 9.09083111e+07 9.09036726e+07 9.08896741e+07
 9.08731532e+07 9.08355533e+07 9.08134286e+07 9.07800790e+07
 9.07608357e+07 9.07381641e+07 9.07119818e+07 9.06639782e+07
 9.05994567e+07 9.05377845e+07 9.04113268e+07 9.03124566e+07
 9.02372818e+07 9.01725641e+07 9.00796903e+07 8.99947770e+07
 8.99000030e+07 8.98143161e+07 8.96775993e+07 8.95073027e+07
 8.92654372e+07 8.89485712e+07 8.85187558e+07 8.79716834e+07
 8.77006272e+07 8.75058879e+07 8.72930389e+07 8.70632485e+07
 8.69057897e+07 8.66801816e+07 8.64448009e+07 8.60968219e+07
 8.58914838e+07 8.57271093e+07 8.55189735e+07 8.53017012e+07
 8.51409667e+07 8.49375136e+07 8.47282420e+07 8.44548895e+07
 8.42304761e+07 8.40678440e+07 8.38994653e+07 8.37358945e+07
 8.35864526e+07 8.34596627e+07 8.33320418e+07 8.33190465e+07
 8.32880678e+07 8.32289988e+07 8.31100272e+07 8.28728187e+07
 8.24145255e+07 8.18670945e+07 8.13283946e+07 8.07912631e+07
 8.03007236e+07 7.99482522e+07 7.97050745e+07 7.95361741e+07
 7.94042829e+07 7.92993012e+07 7.91782382e+07 7.90480245e+07
 7.89512629e+07 7.88279918e+07 7.86978129e+07 7.85095792e+07
 7.82676093e+07 7.79472382e+07 7.76193092e+07 7.73289777e+07
 7.72424460e+07 7.71749814e+07 7.71280766e+07 7.70732749e+07
 7.70146737e+07 7.69759463e+07 7.69247517e+07 7.68701956e+07
 7.67793552e+07 7.66402699e+07 7.65003050e+07 7.63464843e+07
 7.61413969e+07 7.60166491e+07 7.59315683e+07 7.58226134e+07
 7.57124129e+07 7.55953525e+07 7.54751476e+07 7.52890242e+07
 7.50480143e+07 7.47144379e+07 7.42828140e+07 7.37156491e+07
 7.30598283e+07 7.22811117e+07 7.13854606e+07 7.03370357e+07
 6.91442116e+07 6.77645254e+07 6.61628683e+07 6.42208579e+07
 6.17625517e+07 5.88545498e+07 5.62080693e+07 5.37893655e+07
 5.18254941e+07 0.00000000e+00 0.00000000e+00 0.00000000e+00
 0.00000000e+00 0.00000000e+00 0.00000000e+00 0.00000000e+00
 0.00000000e+00 0.00000000e+00 0.00000000e+00 0.00000000e+00
 0.00000000e+00 0.00000000e+00 0.00000000e+00 0.00000000e+00
 0.00000000e+00 0.00000000e+00 0.00000000e+00 0.00000000e+00
 0.00000000e+00 0.00000000e+00 0.00000000e+00 0.00000000e+00
 0.00000000e+00 0.00000000e+00 0.00000000e+00 0.00000000e+00
 0.00000000e+00 0.00000000e+00 0.00000000e+00 0.00000000e+00
 0.00000000e+00 0.00000000e+00 0.00000000e+00 0.00000000e+00
 0.00000000e+00 0.00000000e+00 0.00000000e+00 0.00000000e+00
 0.00000000e+00 0.00000000e+00 0.00000000e+00 0.00000000e+00
 0.00000000e+00 0.00000000e+00 0.00000000e+00 0.00000000e+00
 0.00000000e+00 0.00000000e+00 0.00000000e+00 0.00000000e+00
 0.00000000e+00 0.00000000e+00 0.00000000e+00 0.00000000e+00
 0.00000000e+00 0.00000000e+00 0.00000000e+00 0.00000000e+00
 0.00000000e+00 0.00000000e+00 0.00000000e+00 0.00000000e+00
 0.00000000e+00 0.00000000e+00 0.00000000e+00 0.00000000e+00
 0.00000000e+00 0.00000000e+00 0.00000000e+00 0.00000000e+00
 0.00000000e+00 0.00000000e+00 0.00000000e+00 0.00000000e+00
 0.00000000e+00 0.00000000e+00 0.00000000e+00 0.00000000e+00
 0.00000000e+00 0.00000000e+00 0.00000000e+00 0.00000000e+00
 0.00000000e+00 0.00000000e+00 0.00000000e+00 0.00000000e+00
 0.00000000e+00 0.00000000e+00 0.00000000e+00 0.00000000e+00
 0.00000000e+00 0.00000000e+00 0.00000000e+00 0.00000000e+00
 0.00000000e+00 0.00000000e+00 0.00000000e+00 0.00000000e+00
 0.00000000e+00 0.00000000e+00 0.00000000e+00 0.00000000e+00
 0.00000000e+00 0.00000000e+00 0.00000000e+00 0.00000000e+00
 0.00000000e+00 0.00000000e+00 0.00000000e+00 0.00000000e+00
 0.00000000e+00 0.00000000e+00 0.00000000e+00 0.00000000e+00
 0.00000000e+00 0.00000000e+00 0.00000000e+00 0.00000000e+00
 0.00000000e+00 0.00000000e+00 0.00000000e+00 0.00000000e+00
 0.00000000e+00 0.00000000e+00 0.00000000e+00 0.00000000e+00
 0.00000000e+00 0.00000000e+00 0.00000000e+00 0.00000000e+00
 0.00000000e+00 0.00000000e+00 0.00000000e+00 0.00000000e+00
 0.00000000e+00 0.00000000e+00 0.00000000e+00 0.00000000e+00
 0.00000000e+00 0.00000000e+00 0.00000000e+00 0.00000000e+00
 0.00000000e+00 0.00000000e+00 0.00000000e+00 0.00000000e+00
 0.00000000e+00 0.00000000e+00 0.00000000e+00 0.00000000e+00
 0.00000000e+00 0.00000000e+00 0.00000000e+00 0.00000000e+00
 0.00000000e+00 0.00000000e+00 0.00000000e+00 0.00000000e+00
 0.00000000e+00 0.00000000e+00 0.00000000e+00 0.00000000e+00
 0.00000000e+00 0.00000000e+00 0.00000000e+00 0.00000000e+00
 0.00000000e+00 0.00000000e+00 0.00000000e+00 0.00000000e+00
 0.00000000e+00 0.00000000e+00 0.00000000e+00 0.00000000e+00
 0.00000000e+00 0.00000000e+00 0.00000000e+00 0.00000000e+00
 0.00000000e+00 0.00000000e+00 0.00000000e+00 0.00000000e+00
 0.00000000e+00 0.00000000e+00 0.00000000e+00 0.00000000e+00
 0.00000000e+00 0.00000000e+00 0.00000000e+00 0.00000000e+00
 0.00000000e+00 0.00000000e+00 0.00000000e+00 0.00000000e+00
 0.00000000e+00 0.00000000e+00 0.00000000e+00 0.00000000e+00
 0.00000000e+00 0.00000000e+00 0.00000000e+00 0.00000000e+00
 0.00000000e+00 0.00000000e+00 0.00000000e+00 0.00000000e+00
 0.00000000e+00 0.00000000e+00 0.00000000e+00 0.00000000e+00
 0.00000000e+00 0.00000000e+00 0.00000000e+00 0.00000000e+00
 0.00000000e+00 0.00000000e+00 0.00000000e+00 0.00000000e+00
 0.00000000e+00 0.00000000e+00 0.00000000e+00 0.00000000e+00
 0.00000000e+00 0.00000000e+00 0.00000000e+00 0.00000000e+00
 0.00000000e+00 0.00000000e+00 0.00000000e+00 0.00000000e+00
 0.00000000e+00 0.00000000e+00 0.00000000e+00 0.00000000e+00
 0.00000000e+00 0.00000000e+00 0.00000000e+00 0.00000000e+00
 0.00000000e+00 0.00000000e+00 0.00000000e+00 0.00000000e+00
 0.00000000e+00 0.00000000e+00 0.00000000e+00 0.00000000e+00
 0.00000000e+00 0.00000000e+00 0.00000000e+00 0.00000000e+00
 0.00000000e+00 0.00000000e+00 0.00000000e+00 0.00000000e+00
 0.00000000e+00 0.00000000e+00 0.00000000e+00 0.00000000e+00
 0.00000000e+00 0.00000000e+00 0.00000000e+00 0.00000000e+00
 0.00000000e+00 0.00000000e+00 0.00000000e+00 0.00000000e+00
 0.00000000e+00 0.00000000e+00 0.00000000e+00 0.00000000e+00
 0.00000000e+00 0.00000000e+00 0.00000000e+00 0.00000000e+00
 0.00000000e+00 0.00000000e+00 0.00000000e+00]
norm_dvd: [0. 0. 0. 0. 0. 0. 0. 0. 0. 0. 0. 0. 0. 0. 0. 0. 0. 0. 0. 0. 0. 0. 0. 0.
 0. 0. 0. 0. 0. 0. 0. 0. 0. 0. 0. 0. 0. 0. 0. 0. 0. 0. 0. 0. 0. 0. 0. 0.
 0. 0. 0. 0. 0. 0. 0. 0. 0. 0. 0. 0. 0. 0. 0. 0. 0. 0. 0. 0. 0. 0. 0. 0.
 0. 0. 0. 0. 0. 0. 0. 0. 0. 0. 0. 0. 0. 0. 0. 0. 0. 0. 0. 0. 0. 0. 0. 0.
 0. 0. 0. 0. 0. 0. 0. 0. 0. 0. 0. 0. 0. 0. 0. 0. 0. 0. 0. 0. 0. 0. 0. 0.
 0. 0. 0. 0. 0. 0. 0. 0. 0. 0. 0. 0. 0. 0. 0. 0. 0. 0. 0. 0. 0. 0. 0. 0.
 0. 0. 0. 0. 0. 0. 0. 0. 0. 0. 0. 0. 0. 0. 0. 0. 0. 0. 0. 0. 0. 0. 0. 0.
 0. 0. 0. 0. 0. 0. 0. 0. 0. 0. 0. 0. 0. 0. 0. 0. 0. 0. 0. 0. 0. 0. 0. 0.
 0. 0. 0. 0. 0. 0. 0. 0. 0. 0. 0. 0. 0. 0. 0. 0. 0. 0. 0. 0. 0. 0. 0. 0.
 0. 0. 0. 0. 0. 0. 0. 0. 0. 0. 0. 0. 0. 0. 0. 0. 0. 0. 0. 0. 0. 0. 0. 0.
 0. 0. 0. 0. 0. 0. 0. 0. 0. 0. 0. 0. 0. 0. 0. 0. 0. 0. 0. 0. 0. 0. 0. 0.
 0. 0. 0. 0. 0. 0. 0. 0. 0. 0. 0. 0. 0. 0. 0. 0. 0. 0. 0. 0. 0. 0. 0. 0.
 0. 0. 0. 0. 0. 0. 0. 0. 0. 0. 0. 0. 0. 0. 0. 0. 0. 0. 0. 0. 0. 0. 0. 0.
 0. 0. 0. 0. 0. 0. 0. 0. 0. 0. 0. 0. 0. 0. 0. 0. 0. 0. 0. 0. 0. 0. 0. 0.
 0. 0. 0. 0. 0. 0. 0. 0. 0. 0. 0. 0. 0. 0. 0. 0. 0. 0. 0. 0. 0. 0. 0. 0.
 0. 0. 0. 0. 0. 0. 0. 0. 0. 0. 0. 0. 0. 0. 0. 0. 0. 0. 0. 0. 0. 0. 0. 0.
 0. 0. 0. 0. 0. 0. 0. 0. 0. 0. 0. 0. 0. 0. 0. 0. 0. 0. 0. 0. 0. 0. 0. 0.
 0. 0. 0. 0. 0. 0. 0. 0. 0. 0. 0. 0. 0. 0. 0. 0. 0. 0. 0. 0. 0. 0. 0. 0.
 0. 0. 0. 0. 0. 0. 0. 0. 0. 0. 0. 0. 0. 0. 0. 0. 0. 0. 0. 0. 0. 0. 0. 0.
 0. 0. 0. 0. 0. 0. 0. 0. 0. 0. 0. 0. 0. 0. 0. 0. 0. 0. 0. 0. 0. 0. 0. 0.
 0. 0. 0. 0. 0. 0. 0. 0. 0. 0. 0. 0. 0. 0. 0. 0. 0. 0. 0. 0. 0. 0. 0. 0.
 0. 0. 0. 0. 0. 0. 0. 0. 0. 0. 0. 0. 0. 0. 0. 0. 0. 0. 0. 0. 0. 0. 0. 0.
 0. 0. 0. 0. 0. 0. 0. 0. 0. 0. 0. 0. 0. 0. 0. 0. 0. 0. 0. 0. 0. 0. 0. 0.
 0. 0. 0.]
norm_did: [0.00000000e+00 0.00000000e+00 0.00000000e+00 0.00000000e+00
 0.00000000e+00 0.00000000e+00 0.00000000e+00 0.00000000e+00
 0.00000000e+00 0.00000000e+00 0.00000000e+00 0.00000000e+00
 0.00000000e+00 0.00000000e+00 0.00000000e+00 0.00000000e+00
 0.00000000e+00 0.00000000e+00 0.00000000e+00 0.00000000e+00
 0.00000000e+00 0.00000000e+00 0.00000000e+00 0.00000000e+00
 0.00000000e+00 0.00000000e+00 0.00000000e+00 0.00000000e+00
 0.00000000e+00 0.00000000e+00 0.00000000e+00 0.00000000e+00
 0.00000000e+00 0.00000000e+00 0.00000000e+00 0.00000000e+00
 0.00000000e+00 0.00000000e+00 0.00000000e+00 0.00000000e+00
 0.00000000e+00 0.00000000e+00 0.00000000e+00 0.00000000e+00
 0.00000000e+00 0.00000000e+00 0.00000000e+00 0.00000000e+00
 0.00000000e+00 0.00000000e+00 0.00000000e+00 0.00000000e+00
 0.00000000e+00 0.00000000e+00 0.00000000e+00 0.00000000e+00
 0.00000000e+00 0.00000000e+00 0.00000000e+00 0.00000000e+00
 0.00000000e+00 0.00000000e+00 0.00000000e+00 0.00000000e+00
 0.00000000e+00 0.00000000e+00 0.00000000e+00 0.00000000e+00
 0.00000000e+00 0.00000000e+00 0.00000000e+00 0.00000000e+00
 0.00000000e+00 0.00000000e+00 9.03460328e+01 0.00000000e+00
 0.00000000e+00 6.75715299e+01 0.00000000e+00 1.31939641e+02
 0.00000000e+00 0.00000000e+00 0.00000000e+00 0.00000000e+00
 0.00000000e+00 0.00000000e+00 3.51669251e+02 0.00000000e+00
 0.00000000e+00 1.73335722e+02 0.00000000e+00 0.00000000e+00
 0.00000000e+00 2.85031922e+02 0.00000000e+00 0.00000000e+00
 6.31554256e+02 0.00000000e+00 0.00000000e+00 0.00000000e+00
 0.00000000e+00 0.00000000e+00 0.00000000e+00 7.09566731e+02
 0.00000000e+00 0.00000000e+00 2.65135251e+02 2.59124546e+02
 0.00000000e+00 0.00000000e+00 4.65344094e+02 0.00000000e+00
 0.00000000e+00 4.04684317e+02 2.69171607e+02 2.17026890e+02
 3.23605614e+02 2.89609764e+02 3.63311273e+02 4.08900021e+02
 5.57123581e+02 7.42304798e+02 1.08906295e+03 1.73881464e+03
 3.03820684e+03 6.14520311e+03 1.50426910e+04 4.67461260e+04
 2.01760003e+05 1.10690807e+06 5.93015281e+06 3.11032411e+07
 1.66965740e+08 8.53313525e+08 8.81951245e+09 2.24005526e+11
 2.55271978e+09 6.26208652e+09 6.15605469e+09 5.75311014e+09
 5.33260907e+09 5.03147990e+09 4.73214265e+09 4.28317389e+09
 4.14237781e+09 4.12384603e+09 4.10568240e+09 4.04653392e+09
 3.92682927e+09 3.89084189e+09 3.81662335e+09 3.77649778e+09
 3.73800104e+09 3.71586474e+09 3.67062111e+09 3.65138397e+09
 3.62721706e+09 3.60872613e+09 3.58652008e+09 3.57151788e+09
 3.52694619e+09 3.42921643e+09 3.13723193e+09 4.54525334e+09
 2.48574951e+09 3.23588272e+09 3.23746352e+09 3.24047234e+09
 3.24683481e+09 3.23007497e+09 3.23053685e+09 3.21638875e+09
 3.21507541e+09 3.21082747e+09 3.21933442e+09 3.21623223e+09
 3.20226628e+09 3.22364090e+09 3.18223413e+09 3.14835910e+09
 3.12893138e+09 3.13215459e+09 3.10957210e+09 3.09798781e+09
 3.07472705e+09 3.08360512e+09 3.07336301e+09 3.07394233e+09
 3.06060649e+09 3.04813092e+09 3.01048610e+09 2.79594403e+09
 2.71418317e+09 2.67926863e+09 2.64490725e+09 2.57972997e+09
 2.57018568e+09 2.53163798e+09 2.52154456e+09 2.41930676e+09
 2.36929263e+09 2.34886217e+09 2.31414722e+09 2.26308010e+09
 2.24380496e+09 2.20999838e+09 2.18870397e+09 2.13199041e+09
 2.08198304e+09 2.05498518e+09 2.02647396e+09 1.99763021e+09
 1.96970633e+09 1.94951515e+09 1.98764948e+09 1.87423569e+09
 1.91018343e+09 1.91189030e+09 1.91486640e+09 1.91716381e+09
 1.86121428e+09 1.77772673e+09 1.69908615e+09 1.61827907e+09
 1.53746169e+09 1.48099544e+09 1.44362269e+09 1.41961303e+09
 1.40160623e+09 1.39106791e+09 1.37796277e+09 1.36037658e+09
 1.35185929e+09 1.33868887e+09 1.32934312e+09 1.31306867e+09
 1.29295933e+09 1.25904357e+09 1.22191658e+09 1.17929796e+09
 1.16897755e+09 1.16094071e+09 1.15687930e+09 1.15197486e+09
 1.14483906e+09 1.14216382e+09 1.13730084e+09 1.13432160e+09
 1.12855022e+09 1.11547458e+09 1.10310107e+09 1.09159245e+09
 1.06854961e+09 1.05524325e+09 1.04878151e+09 1.03926579e+09
 1.02979775e+09 1.01985735e+09 1.01239473e+09 9.98870410e+08
 9.82259882e+08 9.58181513e+08 9.27706707e+08 8.85594646e+08
 8.39514636e+08 7.86935649e+08 7.30989010e+08 6.70493333e+08
 6.09297112e+08 5.47550118e+08 4.87362108e+08 4.28015479e+08
 3.67437237e+08 3.08583048e+08 2.66648368e+08 2.34092280e+08
 2.11988169e+08 9.00478853e+08 0.00000000e+00 0.00000000e+00
 0.00000000e+00 0.00000000e+00 0.00000000e+00 0.00000000e+00
 0.00000000e+00 0.00000000e+00 0.00000000e+00 0.00000000e+00
 0.00000000e+00 0.00000000e+00 0.00000000e+00 0.00000000e+00
 0.00000000e+00 0.00000000e+00 0.00000000e+00 0.00000000e+00
 0.00000000e+00 0.00000000e+00 0.00000000e+00 0.00000000e+00
 0.00000000e+00 0.00000000e+00 0.00000000e+00 0.00000000e+00
 0.00000000e+00 0.00000000e+00 0.00000000e+00 0.00000000e+00
 0.00000000e+00 0.00000000e+00 0.00000000e+00 0.00000000e+00
 0.00000000e+00 0.00000000e+00 0.00000000e+00 0.00000000e+00
 0.00000000e+00 0.00000000e+00 0.00000000e+00 0.00000000e+00
 0.00000000e+00 0.00000000e+00 0.00000000e+00 0.00000000e+00
 0.00000000e+00 0.00000000e+00 0.00000000e+00 0.00000000e+00
 0.00000000e+00 0.00000000e+00 0.00000000e+00 0.00000000e+00
 0.00000000e+00 0.00000000e+00 0.00000000e+00 0.00000000e+00
 0.00000000e+00 0.00000000e+00 0.00000000e+00 0.00000000e+00
 0.00000000e+00 0.00000000e+00 0.00000000e+00 0.00000000e+00
 0.00000000e+00 0.00000000e+00 0.00000000e+00 0.00000000e+00
 0.00000000e+00 0.00000000e+00 0.00000000e+00 0.00000000e+00
 0.00000000e+00 0.00000000e+00 0.00000000e+00 0.00000000e+00
 0.00000000e+00 0.00000000e+00 0.00000000e+00 0.00000000e+00
 0.00000000e+00 0.00000000e+00 0.00000000e+00 0.00000000e+00
 0.00000000e+00 0.00000000e+00 0.00000000e+00 0.00000000e+00
 0.00000000e+00 0.00000000e+00 0.00000000e+00 0.00000000e+00
 0.00000000e+00 0.00000000e+00 0.00000000e+00 0.00000000e+00
 0.00000000e+00 0.00000000e+00 0.00000000e+00 0.00000000e+00
 0.00000000e+00 0.00000000e+00 0.00000000e+00 0.00000000e+00
 0.00000000e+00 0.00000000e+00 0.00000000e+00 0.00000000e+00
 0.00000000e+00 0.00000000e+00 0.00000000e+00 0.00000000e+00
 0.00000000e+00 0.00000000e+00 0.00000000e+00 0.00000000e+00
 0.00000000e+00 0.00000000e+00 0.00000000e+00 0.00000000e+00
 0.00000000e+00 0.00000000e+00 0.00000000e+00 0.00000000e+00
 0.00000000e+00 0.00000000e+00 0.00000000e+00 0.00000000e+00
 0.00000000e+00 0.00000000e+00 0.00000000e+00 0.00000000e+00
 0.00000000e+00 0.00000000e+00 0.00000000e+00 0.00000000e+00
 0.00000000e+00 0.00000000e+00 0.00000000e+00 0.00000000e+00
 0.00000000e+00 0.00000000e+00 0.00000000e+00 0.00000000e+00
 0.00000000e+00 0.00000000e+00 0.00000000e+00 0.00000000e+00
 0.00000000e+00 0.00000000e+00 0.00000000e+00 0.00000000e+00
 0.00000000e+00 0.00000000e+00 0.00000000e+00 0.00000000e+00
 0.00000000e+00 0.00000000e+00 0.00000000e+00 0.00000000e+00
 0.00000000e+00 0.00000000e+00 0.00000000e+00 0.00000000e+00
 0.00000000e+00 0.00000000e+00 0.00000000e+00 0.00000000e+00
 0.00000000e+00 0.00000000e+00 0.00000000e+00 0.00000000e+00
 0.00000000e+00 0.00000000e+00 0.00000000e+00 0.00000000e+00
 0.00000000e+00 0.00000000e+00 0.00000000e+00 0.00000000e+00
 0.00000000e+00 0.00000000e+00 0.00000000e+00 0.00000000e+00
 0.00000000e+00 0.00000000e+00 0.00000000e+00 0.00000000e+00
 0.00000000e+00 0.00000000e+00 0.00000000e+00 0.00000000e+00
 0.00000000e+00 0.00000000e+00 0.00000000e+00 0.00000000e+00
 0.00000000e+00 0.00000000e+00 0.00000000e+00 0.00000000e+00
 0.00000000e+00 0.00000000e+00 0.00000000e+00 0.00000000e+00
 0.00000000e+00 0.00000000e+00 0.00000000e+00 0.00000000e+00
 0.00000000e+00 0.00000000e+00 0.00000000e+00 0.00000000e+00
 0.00000000e+00 0.00000000e+00 0.00000000e+00 0.00000000e+00
 0.00000000e+00 0.00000000e+00 0.00000000e+00 0.00000000e+00
 0.00000000e+00 0.00000000e+00 0.00000000e+00 0.00000000e+00
 0.00000000e+00 0.00000000e+00 0.00000000e+00 0.00000000e+00
 0.00000000e+00 0.00000000e+00 0.00000000e+00 0.00000000e+00
 0.00000000e+00 0.00000000e+00 0.00000000e+00 0.00000000e+00
 0.00000000e+00 0.00000000e+00 0.00000000e+00 0.00000000e+00
 0.00000000e+00 0.00000000e+00 0.00000000e+00 0.00000000e+00
 0.00000000e+00 0.00000000e+00 0.00000000e+00 0.00000000e+00
 0.00000000e+00 0.00000000e+00 0.00000000e+00 0.00000000e+00
 0.00000000e+00 0.00000000e+00 0.00000000e+00 0.00000000e+00
 0.00000000e+00 0.00000000e+00 0.00000000e+00 0.00000000e+00
 0.00000000e+00 0.00000000e+00 0.00000000e+00 0.00000000e+00
 0.00000000e+00 0.00000000e+00 0.00000000e+00 0.00000000e+00
 0.00000000e+00 0.00000000e+00 0.00000000e+00 0.00000000e+00
 0.00000000e+00 0.00000000e+00 0.00000000e+00]
[WARNING]: Quasi-static verification failed
[WARNING]: Max normalized derivatives: dVg/dt=2.50e+11, dVd/dt=0.00e+00, dId/dt=2.24e+11

  ngspice: ✓ PASS  (55.2s)

✓ Benchmark completed: /home/duhaochen/website-trial-v1/data/spice-model-benchmark/121d7533ff02ffdc5690ab28c571a5e1/ngspice
