
6. Printing statistics.

=== adder_top ===

        +----------Local Count, excluding submodules.
        |        +-Local Area, excluding submodules.
        |        | 
       26        - wires
       35        - wire bits
        5        - public wires
       14        - public wire bits
        5        - ports
       14        - port bits
       26  570.752 cells
        2   35.123   gf180mcu_fd_sc_mcu7t5v0__and2_1
        1   24.147   gf180mcu_fd_sc_mcu7t5v0__and4_1
        1   17.562   gf180mcu_fd_sc_mcu7t5v0__aoi21_1
        1   19.757   gf180mcu_fd_sc_mcu7t5v0__aoi22_1
        3   32.928   gf180mcu_fd_sc_mcu7t5v0__nand2_1
        2   30.733   gf180mcu_fd_sc_mcu7t5v0__nand3_1
        4   52.685   gf180mcu_fd_sc_mcu7t5v0__nor2_1
        1   17.562   gf180mcu_fd_sc_mcu7t5v0__oai21_1
        1   21.952   gf180mcu_fd_sc_mcu7t5v0__oai22_1
        1   24.147   gf180mcu_fd_sc_mcu7t5v0__oai31_1
        2   35.123   gf180mcu_fd_sc_mcu7t5v0__or2_1
        1   26.342   gf180mcu_fd_sc_mcu7t5v0__or4_1
        1   52.685   gf180mcu_fd_sc_mcu7t5v0__xnor3_1
        3   79.027   gf180mcu_fd_sc_mcu7t5v0__xor2_1
        2  100.979   gf180mcu_fd_sc_mcu7t5v0__xor3_1

   Chip area for module '\adder_top': 570.752000
     of which used for sequential elements: 0.000000 (0.00%)

