$ /usr/bin/timeout --kill-after=10 300 /usr/bin/python -m spice_model_benchmark.cli /home/duhaochen/website-trial-v1/data/spice-benchmark/076b81ba0dcd161da47dfee868d420d7/model.lib --simulator hspice --modes dc transient ac noise --output-dir /home/duhaochen/website-trial-v1/data/spice-benchmark/076b81ba0dcd161da47dfee868d420d7 --dpi 150 --log-level WARNING
SPICE Model Benchmark: /home/duhaochen/website-trial-v1/data/spice-benchmark/076b81ba0dcd161da47dfee868d420d7/model.lib
Simulators: hspice
Modes: dc, transient, ac, noise
------------------------------------------------------------

============================================================
  Running: HSPICE
  Output:  /home/duhaochen/website-trial-v1/data/spice-benchmark/076b81ba0dcd161da47dfee868d420d7/hspice
============================================================
[ERROR]: HSPICE failed rc=1
[WARNING]: HSPICE DC returned non-zero but data may still be usable
[ERROR]: HSPICE failed rc=1
[ERROR]: HSPICE failed rc=1
[ERROR]: HSPICE failed rc=1
[ERROR]: HSPICE failed rc=1
[ERROR]: HSPICE failed rc=1
[ERROR]: HSPICE failed rc=1
[ERROR]: HSPICE failed rc=1
[ERROR]: HSPICE failed rc=1
[ERROR]: HSPICE failed rc=1
[ERROR]: HSPICE failed rc=1
[ERROR]: HSPICE failed rc=1
[ERROR]: HSPICE failed rc=1
[ERROR]: HSPICE failed rc=1
[ERROR]: HSPICE failed rc=1
[ERROR]: HSPICE failed rc=1
[ERROR]: HSPICE failed rc=1
[ERROR]: HSPICE failed rc=1
[ERROR]: HSPICE failed rc=1
[ERROR]: HSPICE failed rc=1
[ERROR]: HSPICE failed rc=1
[ERROR]: HSPICE failed rc=1
[ERROR]: HSPICE failed rc=1
[ERROR]: HSPICE failed rc=1
[ERROR]: HSPICE failed rc=1
[ERROR]: HSPICE failed rc=1
[ERROR]: HSPICE failed rc=1
[WARNING]: IV data file not found: iv_data_-40.txt
[ERROR]: Error parsing data file None: stat: path should be string, bytes, os.PathLike or integer, not NoneType
[WARNING]: IV data file not found: iv_data_0.txt
[ERROR]: Error parsing data file None: stat: path should be string, bytes, os.PathLike or integer, not NoneType
[WARNING]: IV data file not found: iv_data_25.txt
[ERROR]: Error parsing data file None: stat: path should be string, bytes, os.PathLike or integer, not NoneType
[WARNING]: IV data file not found: iv_data_50.txt
[ERROR]: Error parsing data file None: stat: path should be string, bytes, os.PathLike or integer, not NoneType
[WARNING]: IV data file not found: iv_data_100.txt
[ERROR]: Error parsing data file None: stat: path should be string, bytes, os.PathLike or integer, not NoneType
[WARNING]: IV data file not found: iv_data_150.txt
[ERROR]: Error parsing data file None: stat: path should be string, bytes, os.PathLike or integer, not NoneType
[ERROR]: No valid data found in any IV data file
[WARNING]: Temperature data file not found: iv_data_-40.txt
[ERROR]: Error parsing data file None: stat: path should be string, bytes, os.PathLike or integer, not NoneType
[WARNING]: Temperature data file not found: iv_data_0.txt
[ERROR]: Error parsing data file None: stat: path should be string, bytes, os.PathLike or integer, not NoneType
[WARNING]: Temperature data file not found: iv_data_25.txt
[ERROR]: Error parsing data file None: stat: path should be string, bytes, os.PathLike or integer, not NoneType
[WARNING]: Temperature data file not found: iv_data_50.txt
[ERROR]: Error parsing data file None: stat: path should be string, bytes, os.PathLike or integer, not NoneType
[WARNING]: Temperature data file not found: iv_data_100.txt
[ERROR]: Error parsing data file None: stat: path should be string, bytes, os.PathLike or integer, not NoneType
[WARNING]: Temperature data file not found: iv_data_150.txt
[ERROR]: Error parsing data file None: stat: path should be string, bytes, os.PathLike or integer, not NoneType
[ERROR]: No valid temperature data found
[WARNING]: Large signal transient data file not found in any location
[WARNING]: Switching response data file not found in any location
[WARNING]: Delay effect data file not found in any location
[WARNING]: Power dissipation data file at 27°C not found in any location
[WARNING]: Power dissipation data file at 100°C not found in any location
[WARNING]: Quasi-static data file not found in any location
[ERROR]: Failed to parse ngspice raw format: Could not find data section in ngspice raw file
[WARNING]: S-parameter data file not found
[WARNING]: NQS effects data file not found
[WARNING]: Thermal noise data file not found for Vgs=0.6V, Vds=0.6V

  hspice: ✓ PASS  (178.9s)

✓ Benchmark completed: /home/duhaochen/website-trial-v1/data/spice-benchmark/076b81ba0dcd161da47dfee868d420d7/hspice
