$ /usr/bin/time -v -o /home/duhaochen/website-trial-v1/data/spice-model-benchmark/dc205c70ce833ddf92fc3a1ae508b7fc/ngspice/resource.txt /usr/bin/python -m spice_model_benchmark.cli /home/duhaochen/pipeline_full_collection/benchmark-inputs/dc205c70ce833ddf92fc3a1ae508b7fc/ngspice.lib --simulator ngspice --modes dc transient ac noise --output-dir /home/duhaochen/website-trial-v1/data/spice-model-benchmark/dc205c70ce833ddf92fc3a1ae508b7fc --dpi 120 --log-level WARNING
/home/duhaochen/spice_model_benchmark/src/spice_model_benchmark/verification_manager.py:1557: RuntimeWarning: divide by zero encountered in divide
  tc = np.mean((d_ids / d_temp) / np.abs(i_ds[:-1]))
SPICE Model Benchmark: /home/duhaochen/pipeline_full_collection/benchmark-inputs/dc205c70ce833ddf92fc3a1ae508b7fc/ngspice.lib
Simulators: ngspice
Modes: dc, transient, ac, noise
------------------------------------------------------------

============================================================
  Running: NGSPICE
  Output:  /home/duhaochen/website-trial-v1/data/spice-model-benchmark/dc205c70ce833ddf92fc3a1ae508b7fc/ngspice
============================================================
Vgs range: 0.000V to 1.200V
Ids range: -1.541e-03A to 0.000e+00A
Selected Vgs values: [0.  0.2 0.4 0.6 0.8 1.  1.2]
Vgs=0.000V: Ids range -9.485e-12A to -2.417e-16A
Vgs=0.200V: Ids range -1.607e-09A to 0.000e+00A
Vgs=0.400V: Ids range -2.335e-07A to 0.000e+00A
Vgs=0.600V: Ids range -2.090e-05A to 0.000e+00A
Vgs=0.800V: Ids range -3.237e-04A to 0.000e+00A
Vgs=1.000V: Ids range -8.596e-04A to 0.000e+00A
Vgs=1.200V: Ids range -1.541e-03A to 0.000e+00A
ids_variation: 6.03945093645332
ids_variation <= max_variation: False
tc: inf
abs(tc) <= max_tc: False
[WARNING]: Temperature effects verification failed - effects outside expected range
/home/duhaochen/spice_model_benchmark/src/spice_model_benchmark/verification_manager.py:1817: RuntimeWarning: divide by zero encountered in log
  log_ids = np.log(np.abs(i_ds))
/home/duhaochen/.local/lib/python3.9/site-packages/numpy/lib/function_base.py:2742: RuntimeWarning: invalid value encountered in subtract
  X -= avg[:, None]
/home/duhaochen/spice_model_benchmark/src/spice_model_benchmark/verification_manager.py:1862: RuntimeWarning: divide by zero encountered in divide
  efficiency = np.abs(gm / i_ds)  # Transconductance efficiency
[INFO]: S-parameter analysis plot saved to /home/duhaochen/website-trial-v1/data/spice-model-benchmark/dc205c70ce833ddf92fc3a1ae508b7fc/ngspice/plots/ac_cv_sparameter_analysis.png
[INFO]: NQS effects plot saved to /home/duhaochen/website-trial-v1/data/spice-model-benchmark/dc205c70ce833ddf92fc3a1ae508b7fc/ngspice/plots/ac_cv_nqs_effects.png
[INFO]: S-parameter analysis plot saved to /home/duhaochen/website-trial-v1/data/spice-model-benchmark/dc205c70ce833ddf92fc3a1ae508b7fc/ngspice/plots/ac_cv_sparameter_analysis.png
norm_dvg: [2.50000000e+11 1.25000000e+11 6.25000000e+10 3.12500000e+10
 1.56249998e+10 9.40503436e+09 6.51263568e+09 5.21910839e+09
 4.93862573e+09 4.67543686e+09 4.45093995e+09 4.20989829e+09
 4.03920156e+09 3.89333656e+09 3.72774297e+09 3.58415209e+09
 3.44219404e+09 3.28593205e+09 3.07814913e+09 2.79542171e+09
 2.54506469e+09 2.46620553e+09 2.39817785e+09 2.36131439e+09
 2.32729055e+09 2.29380701e+09 2.25524331e+09 2.21956014e+09
 2.19592719e+09 2.16653801e+09 2.13936179e+09 2.10549897e+09
 2.06389437e+09 2.03144559e+09 2.01941989e+09 2.00966345e+09
 1.99998980e+09 1.99921919e+09 1.99764835e+09 1.99452466e+09
 1.98830058e+09 1.97597210e+09 1.95176705e+09 1.93321619e+09
 1.91916555e+09 1.90712095e+09 1.89015850e+09 1.87510307e+09
 1.86021244e+09 1.84387714e+09 1.82186882e+09 1.79324927e+09
 1.75646649e+09 1.71006594e+09 1.65318132e+09 1.58680398e+09
 1.51262363e+09 1.44090020e+09 1.38049088e+09 1.35779658e+09
 1.33559344e+09 1.30800983e+09 1.29084405e+09 1.26846438e+09
 1.24456432e+09 1.21777142e+09 1.18909911e+09 1.16126052e+09
 1.13156461e+09 1.09060515e+09 1.05455692e+09 1.03253077e+09
 1.01600506e+09 9.99997169e+08 9.98236670e+08 9.94728835e+08
 9.87786489e+08 9.76777050e+08 9.64825601e+08 9.53914586e+08
 9.41772232e+08 9.32064426e+08 9.22232226e+08 9.12340187e+08
 8.93179481e+08 8.73984543e+08 8.48096377e+08 8.18961051e+08
 7.80552684e+08 7.25005297e+08 6.75642803e+08 6.19926434e+08
 5.87628618e+08 5.79484962e+08 5.71146720e+08 5.63840158e+08
 5.55294172e+08 5.50051945e+08 5.44004685e+08 5.36652977e+08
 5.29774604e+08 5.22141089e+08 5.14268893e+08 5.05659794e+08
 4.91959940e+08 4.78306540e+08 4.61444336e+08 4.57615804e+08
 4.53954557e+08 4.52348008e+08 4.51239686e+08 4.50267323e+08
 4.49050653e+08 4.48576790e+08 4.47897407e+08 4.47118686e+08
 4.46280017e+08 4.44719212e+08 4.41630105e+08 4.37539801e+08
 4.34160088e+08 4.32423258e+08 4.30926463e+08 4.28955467e+08
 4.27459806e+08 4.25235215e+08 4.22953149e+08 4.19465895e+08
 4.15193178e+08 4.09372770e+08 4.02328473e+08 3.93825635e+08
 3.84505452e+08 3.73186159e+08 3.59955034e+08 3.43705229e+08
 3.25640240e+08 3.06096528e+08 2.86011277e+08 2.64964593e+08
 2.43135007e+08 2.20437805e+08 1.97690036e+08 1.73021393e+08
 1.51984181e+08 1.35508110e+08 1.22254884e+08 1.15704755e+08
 1.09959064e+08 1.04049959e+08 9.94492115e+07 9.52391672e+07
 9.52109738e+07 9.51571783e+07 9.50505048e+07 9.48368141e+07
 9.46070226e+07 9.43362891e+07 9.40400322e+07 9.36887789e+07
 9.35135756e+07 9.34191177e+07 9.33284151e+07 9.32229417e+07
 9.31084373e+07 9.30276300e+07 9.29401234e+07 9.28385908e+07
 9.27328185e+07 9.26199681e+07 9.25238716e+07 9.24082088e+07
 9.22949016e+07 9.21309624e+07 9.20419987e+07 9.19615204e+07
 9.18614468e+07 9.17656521e+07 9.17126111e+07 9.16507412e+07
 9.15769621e+07 9.14994119e+07 9.14067624e+07 9.12948854e+07
 9.11537959e+07 9.10313304e+07 9.09090909e+07 9.09098754e+07
 9.09026697e+07 9.08955720e+07 9.08755324e+07 9.08450472e+07
 9.08238618e+07 9.08104066e+07 9.07934581e+07 9.07820618e+07
 9.07659824e+07 9.07456552e+07 9.07074679e+07 9.06308229e+07
 9.05396831e+07 9.04493822e+07 9.03942603e+07 9.03291298e+07
 9.02786021e+07 9.02103431e+07 9.01420539e+07 9.00408189e+07
 8.99129208e+07 8.97332832e+07 8.95000357e+07 8.91786079e+07
 8.87559808e+07 8.82047889e+07 8.75212128e+07 8.71444474e+07
 8.69156447e+07 8.67469258e+07 8.65811170e+07 8.63886712e+07
 8.61605368e+07 8.59807149e+07 8.57908186e+07 8.55871987e+07
 8.54007594e+07 8.51879674e+07 8.49768382e+07 8.47759497e+07
 8.45119963e+07 8.41110664e+07 8.37201460e+07 8.34423200e+07
 8.33333333e+07 8.33027748e+07 8.32424184e+07 8.31543062e+07
 8.30465483e+07 8.29384626e+07 8.28770433e+07 8.28055302e+07
 8.27281031e+07 8.26360979e+07 8.25280937e+07 8.23907195e+07
 8.22075055e+07 8.19306986e+07 8.13825904e+07 8.07987824e+07
 8.06356395e+07 8.05249402e+07 8.04428747e+07 8.03152499e+07
 8.01968155e+07 8.00985494e+07 7.99900225e+07 7.98644462e+07
 7.97160580e+07 7.95637324e+07 7.94000861e+07 7.91776885e+07
 7.89116060e+07 7.85646596e+07 7.83034554e+07 7.82418537e+07
 7.82066477e+07 7.81797592e+07 7.81457421e+07 7.81121807e+07
 7.80923656e+07 7.80655314e+07 7.80386590e+07 7.80025995e+07
 7.79543858e+07 7.78575307e+07 7.77388948e+07 7.76035916e+07
 7.74983379e+07 7.74283220e+07 7.73554454e+07 7.72752351e+07
 7.72066970e+07 7.71103169e+07 7.70027476e+07 7.68460913e+07
 7.66450096e+07 7.63616865e+07 7.59861290e+07 7.54785347e+07
 7.48244295e+07 7.40294438e+07 7.31793066e+07 7.21991593e+07
 7.11288901e+07 6.98708049e+07 6.84211172e+07 6.66253104e+07
 6.43558377e+07 6.12920980e+07 5.84271988e+07 5.58181598e+07
 5.34321742e+07 5.16591383e+07 0.00000000e+00 0.00000000e+00
 0.00000000e+00 0.00000000e+00 0.00000000e+00 0.00000000e+00
 0.00000000e+00 0.00000000e+00 0.00000000e+00 0.00000000e+00
 0.00000000e+00 0.00000000e+00 0.00000000e+00 0.00000000e+00
 0.00000000e+00 0.00000000e+00 0.00000000e+00 0.00000000e+00
 0.00000000e+00 0.00000000e+00 0.00000000e+00 0.00000000e+00
 0.00000000e+00 0.00000000e+00 0.00000000e+00 0.00000000e+00
 0.00000000e+00 0.00000000e+00 0.00000000e+00 0.00000000e+00
 0.00000000e+00 0.00000000e+00 0.00000000e+00 0.00000000e+00
 0.00000000e+00 0.00000000e+00 0.00000000e+00 0.00000000e+00
 0.00000000e+00 0.00000000e+00 0.00000000e+00 0.00000000e+00
 0.00000000e+00 0.00000000e+00 0.00000000e+00 0.00000000e+00
 0.00000000e+00 0.00000000e+00 0.00000000e+00 0.00000000e+00
 0.00000000e+00 0.00000000e+00 0.00000000e+00 0.00000000e+00
 0.00000000e+00 0.00000000e+00 0.00000000e+00 0.00000000e+00
 0.00000000e+00 0.00000000e+00 0.00000000e+00 0.00000000e+00
 0.00000000e+00 0.00000000e+00 0.00000000e+00 0.00000000e+00
 0.00000000e+00 0.00000000e+00 0.00000000e+00 0.00000000e+00
 0.00000000e+00 0.00000000e+00 0.00000000e+00 0.00000000e+00
 0.00000000e+00 0.00000000e+00 0.00000000e+00 0.00000000e+00
 0.00000000e+00 0.00000000e+00 0.00000000e+00 0.00000000e+00
 0.00000000e+00 0.00000000e+00 0.00000000e+00 0.00000000e+00
 0.00000000e+00 0.00000000e+00 0.00000000e+00 0.00000000e+00
 0.00000000e+00 0.00000000e+00 0.00000000e+00 0.00000000e+00
 0.00000000e+00 0.00000000e+00 0.00000000e+00 0.00000000e+00
 0.00000000e+00 0.00000000e+00 0.00000000e+00 0.00000000e+00
 0.00000000e+00 0.00000000e+00 0.00000000e+00 0.00000000e+00
 0.00000000e+00 0.00000000e+00 0.00000000e+00 0.00000000e+00
 0.00000000e+00 0.00000000e+00 0.00000000e+00 0.00000000e+00
 0.00000000e+00 0.00000000e+00 0.00000000e+00 0.00000000e+00
 0.00000000e+00 0.00000000e+00 0.00000000e+00 0.00000000e+00
 0.00000000e+00 0.00000000e+00 0.00000000e+00 0.00000000e+00
 0.00000000e+00 0.00000000e+00 0.00000000e+00 0.00000000e+00
 0.00000000e+00 0.00000000e+00 0.00000000e+00 0.00000000e+00
 0.00000000e+00 0.00000000e+00 0.00000000e+00 0.00000000e+00
 0.00000000e+00 0.00000000e+00 0.00000000e+00 0.00000000e+00
 0.00000000e+00 0.00000000e+00 0.00000000e+00 0.00000000e+00
 0.00000000e+00 0.00000000e+00 0.00000000e+00 0.00000000e+00
 0.00000000e+00 0.00000000e+00 0.00000000e+00 0.00000000e+00
 0.00000000e+00 0.00000000e+00 0.00000000e+00 0.00000000e+00
 0.00000000e+00 0.00000000e+00 0.00000000e+00 0.00000000e+00
 0.00000000e+00 0.00000000e+00 0.00000000e+00 0.00000000e+00
 0.00000000e+00 0.00000000e+00 0.00000000e+00 0.00000000e+00
 0.00000000e+00 0.00000000e+00 0.00000000e+00 0.00000000e+00
 0.00000000e+00 0.00000000e+00 0.00000000e+00 0.00000000e+00
 0.00000000e+00 0.00000000e+00 0.00000000e+00 0.00000000e+00
 0.00000000e+00 0.00000000e+00 0.00000000e+00 0.00000000e+00
 0.00000000e+00 0.00000000e+00 0.00000000e+00 0.00000000e+00
 0.00000000e+00 0.00000000e+00 0.00000000e+00 0.00000000e+00
 0.00000000e+00 0.00000000e+00 0.00000000e+00 0.00000000e+00
 0.00000000e+00 0.00000000e+00 0.00000000e+00 0.00000000e+00
 0.00000000e+00 0.00000000e+00 0.00000000e+00 0.00000000e+00
 0.00000000e+00 0.00000000e+00 0.00000000e+00 0.00000000e+00
 0.00000000e+00 0.00000000e+00 0.00000000e+00 0.00000000e+00
 0.00000000e+00 0.00000000e+00 0.00000000e+00 0.00000000e+00
 0.00000000e+00 0.00000000e+00 0.00000000e+00 0.00000000e+00
 0.00000000e+00 0.00000000e+00 0.00000000e+00 0.00000000e+00
 0.00000000e+00 0.00000000e+00 0.00000000e+00 0.00000000e+00
 0.00000000e+00 0.00000000e+00 0.00000000e+00 0.00000000e+00
 0.00000000e+00 0.00000000e+00 0.00000000e+00 0.00000000e+00
 0.00000000e+00 0.00000000e+00 0.00000000e+00 0.00000000e+00
 0.00000000e+00 0.00000000e+00 0.00000000e+00 0.00000000e+00
 0.00000000e+00 0.00000000e+00 0.00000000e+00 0.00000000e+00
 0.00000000e+00 0.00000000e+00 0.00000000e+00 0.00000000e+00
 0.00000000e+00 0.00000000e+00 0.00000000e+00 0.00000000e+00
 0.00000000e+00 0.00000000e+00 0.00000000e+00 0.00000000e+00
 0.00000000e+00 0.00000000e+00 0.00000000e+00 0.00000000e+00
 0.00000000e+00 0.00000000e+00 0.00000000e+00 0.00000000e+00
 0.00000000e+00 0.00000000e+00 0.00000000e+00 0.00000000e+00
 0.00000000e+00 0.00000000e+00 0.00000000e+00 0.00000000e+00
 0.00000000e+00 0.00000000e+00 0.00000000e+00 0.00000000e+00
 0.00000000e+00 0.00000000e+00 0.00000000e+00 0.00000000e+00
 0.00000000e+00 0.00000000e+00 0.00000000e+00 0.00000000e+00
 0.00000000e+00 0.00000000e+00 0.00000000e+00 0.00000000e+00
 0.00000000e+00 0.00000000e+00 0.00000000e+00]
norm_dvd: [0. 0. 0. 0. 0. 0. 0. 0. 0. 0. 0. 0. 0. 0. 0. 0. 0. 0. 0. 0. 0. 0. 0. 0.
 0. 0. 0. 0. 0. 0. 0. 0. 0. 0. 0. 0. 0. 0. 0. 0. 0. 0. 0. 0. 0. 0. 0. 0.
 0. 0. 0. 0. 0. 0. 0. 0. 0. 0. 0. 0. 0. 0. 0. 0. 0. 0. 0. 0. 0. 0. 0. 0.
 0. 0. 0. 0. 0. 0. 0. 0. 0. 0. 0. 0. 0. 0. 0. 0. 0. 0. 0. 0. 0. 0. 0. 0.
 0. 0. 0. 0. 0. 0. 0. 0. 0. 0. 0. 0. 0. 0. 0. 0. 0. 0. 0. 0. 0. 0. 0. 0.
 0. 0. 0. 0. 0. 0. 0. 0. 0. 0. 0. 0. 0. 0. 0. 0. 0. 0. 0. 0. 0. 0. 0. 0.
 0. 0. 0. 0. 0. 0. 0. 0. 0. 0. 0. 0. 0. 0. 0. 0. 0. 0. 0. 0. 0. 0. 0. 0.
 0. 0. 0. 0. 0. 0. 0. 0. 0. 0. 0. 0. 0. 0. 0. 0. 0. 0. 0. 0. 0. 0. 0. 0.
 0. 0. 0. 0. 0. 0. 0. 0. 0. 0. 0. 0. 0. 0. 0. 0. 0. 0. 0. 0. 0. 0. 0. 0.
 0. 0. 0. 0. 0. 0. 0. 0. 0. 0. 0. 0. 0. 0. 0. 0. 0. 0. 0. 0. 0. 0. 0. 0.
 0. 0. 0. 0. 0. 0. 0. 0. 0. 0. 0. 0. 0. 0. 0. 0. 0. 0. 0. 0. 0. 0. 0. 0.
 0. 0. 0. 0. 0. 0. 0. 0. 0. 0. 0. 0. 0. 0. 0. 0. 0. 0. 0. 0. 0. 0. 0. 0.
 0. 0. 0. 0. 0. 0. 0. 0. 0. 0. 0. 0. 0. 0. 0. 0. 0. 0. 0. 0. 0. 0. 0. 0.
 0. 0. 0. 0. 0. 0. 0. 0. 0. 0. 0. 0. 0. 0. 0. 0. 0. 0. 0. 0. 0. 0. 0. 0.
 0. 0. 0. 0. 0. 0. 0. 0. 0. 0. 0. 0. 0. 0. 0. 0. 0. 0. 0. 0. 0. 0. 0. 0.
 0. 0. 0. 0. 0. 0. 0. 0. 0. 0. 0. 0. 0. 0. 0. 0. 0. 0. 0. 0. 0. 0. 0. 0.
 0. 0. 0. 0. 0. 0. 0. 0. 0. 0. 0. 0. 0. 0. 0. 0. 0. 0. 0. 0. 0. 0. 0. 0.
 0. 0. 0. 0. 0. 0. 0. 0. 0. 0. 0. 0. 0. 0. 0. 0. 0. 0. 0. 0. 0. 0. 0. 0.
 0. 0. 0. 0. 0. 0. 0. 0. 0. 0. 0. 0. 0. 0. 0. 0. 0. 0. 0. 0. 0. 0. 0. 0.
 0. 0. 0. 0. 0. 0. 0. 0. 0. 0. 0. 0. 0. 0. 0. 0. 0. 0. 0. 0. 0. 0. 0. 0.
 0. 0. 0. 0. 0. 0. 0. 0. 0. 0. 0. 0. 0. 0. 0. 0. 0. 0. 0. 0. 0. 0. 0. 0.
 0. 0. 0. 0. 0. 0. 0. 0. 0. 0. 0. 0. 0. 0. 0. 0. 0. 0. 0. 0. 0. 0. 0. 0.
 0. 0. 0. 0. 0. 0. 0. 0. 0. 0. 0. 0. 0. 0. 0. 0. 0. 0. 0. 0. 0. 0. 0. 0.
 0. 0. 0. 0. 0. 0. 0. 0. 0. 0. 0. 0. 0. 0. 0. 0. 0. 0. 0. 0. 0. 0. 0. 0.
 0. 0. 0. 0. 0. 0. 0. 0. 0. 0. 0. 0. 0. 0. 0. 0. 0. 0. 0. 0. 0. 0. 0.]
norm_did: [0.00000000e+00 0.00000000e+00 0.00000000e+00 0.00000000e+00
 0.00000000e+00 0.00000000e+00 0.00000000e+00 0.00000000e+00
 0.00000000e+00 0.00000000e+00 0.00000000e+00 0.00000000e+00
 0.00000000e+00 0.00000000e+00 0.00000000e+00 0.00000000e+00
 0.00000000e+00 0.00000000e+00 0.00000000e+00 0.00000000e+00
 0.00000000e+00 0.00000000e+00 0.00000000e+00 0.00000000e+00
 0.00000000e+00 0.00000000e+00 0.00000000e+00 0.00000000e+00
 0.00000000e+00 0.00000000e+00 0.00000000e+00 0.00000000e+00
 0.00000000e+00 0.00000000e+00 0.00000000e+00 0.00000000e+00
 0.00000000e+00 1.98821437e+04 9.94107191e+03 0.00000000e+00
 0.00000000e+00 0.00000000e+00 1.58631959e+03 0.00000000e+00
 0.00000000e+00 0.00000000e+00 0.00000000e+00 0.00000000e+00
 0.00000000e+00 0.00000000e+00 0.00000000e+00 0.00000000e+00
 0.00000000e+00 0.00000000e+00 0.00000000e+00 0.00000000e+00
 0.00000000e+00 0.00000000e+00 0.00000000e+00 0.00000000e+00
 0.00000000e+00 0.00000000e+00 0.00000000e+00 5.15151078e+02
 0.00000000e+00 0.00000000e+00 0.00000000e+00 0.00000000e+00
 0.00000000e+00 2.48823770e+02 0.00000000e+00 0.00000000e+00
 0.00000000e+00 0.00000000e+00 0.00000000e+00 0.00000000e+00
 0.00000000e+00 0.00000000e+00 0.00000000e+00 0.00000000e+00
 0.00000000e+00 0.00000000e+00 6.63360453e+02 0.00000000e+00
 0.00000000e+00 2.23298675e+02 1.85920865e+02 1.29800925e+02
 3.97271691e+02 3.86963664e+02 6.44919318e+02 8.79649239e+01
 2.93484841e+03 0.00000000e+00 0.00000000e+00 5.71487757e+02
 0.00000000e+00 3.85935615e+02 3.09688256e+02 6.44728263e+02
 2.82609000e+02 5.32073587e+02 7.06693879e+02 1.13294096e+03
 9.40867338e+02 1.53120213e+03 6.02286361e+03 0.00000000e+00
 0.00000000e+00 0.00000000e+00 1.63046273e+03 0.00000000e+00
 0.00000000e+00 2.30903370e+03 0.00000000e+00 1.85552017e+03
 9.91826868e+02 9.91827507e+02 1.10524408e+03 8.76628680e+02
 0.00000000e+00 9.71339666e+02 1.46251367e+03 9.56382495e+02
 6.37220028e+02 1.22925068e+03 1.58712502e+03 1.58945996e+03
 2.04965973e+03 2.37057602e+03 2.76131078e+03 3.16781321e+03
 4.54782507e+03 6.65113993e+03 1.11036895e+04 1.76367708e+04
 3.04293075e+04 5.52409481e+04 1.18929649e+05 2.91904708e+05
 8.61183755e+05 3.02011569e+06 1.66349757e+07 9.78060555e+07
 5.96293623e+08 5.62554855e+09 3.53612547e+09 5.45667067e+09
 5.05084685e+09 3.08877691e+09 2.17731529e+09 2.07679235e+09
 1.34023186e+09 1.34290302e+09 1.34103751e+09 1.32559033e+09
 1.31036504e+09 1.29127477e+09 1.27191287e+09 1.23715526e+09
 1.22052031e+09 1.21349471e+09 1.20762187e+09 1.20063996e+09
 1.19102566e+09 1.18573840e+09 1.18020790e+09 1.17324791e+09
 1.16631018e+09 1.15788774e+09 1.15198760e+09 1.14404946e+09
 1.13847993e+09 1.12432451e+09 1.11798363e+09 1.11336448e+09
 1.10657699e+09 1.09861122e+09 1.09548469e+09 1.09178547e+09
 1.08716088e+09 1.08260984e+09 1.07730031e+09 1.07113379e+09
 1.06133698e+09 1.05347291e+09 1.04503649e+09 1.04045193e+09
 1.04141265e+09 1.04116575e+09 1.04064211e+09 1.03793446e+09
 1.03682335e+09 1.03592370e+09 1.03461144e+09 1.03393459e+09
 1.03322079e+09 1.03254466e+09 1.03138428e+09 1.02718175e+09
 1.02131379e+09 1.01472940e+09 1.01158662e+09 1.00708386e+09
 1.00458774e+09 1.00037730e+09 9.97238368e+08 9.91843086e+08
 9.85604608e+08 9.76288059e+08 9.64727369e+08 9.48260729e+08
 9.26605576e+08 8.97866458e+08 8.53504771e+08 8.30651829e+08
 8.17659566e+08 8.09017662e+08 8.01132851e+08 7.92121895e+08
 7.80070197e+08 7.71506735e+08 7.62592802e+08 7.52669118e+08
 7.44326518e+08 7.34463407e+08 7.24713011e+08 7.16504505e+08
 7.06519989e+08 6.88922930e+08 6.71124070e+08 6.57855943e+08
 6.53099681e+08 6.51495620e+08 6.49588993e+08 6.46297904e+08
 6.42054321e+08 6.37330288e+08 6.35078261e+08 6.32325046e+08
 6.29514886e+08 6.26141688e+08 6.22305007e+08 6.17547635e+08
 6.11546394e+08 6.03682905e+08 5.84246595e+08 5.61041226e+08
 5.55255248e+08 5.51424901e+08 5.49088552e+08 5.44908541e+08
 5.41005394e+08 5.37978538e+08 5.34684197e+08 5.30936971e+08
 5.26396779e+08 5.21842921e+08 5.17293394e+08 5.10977295e+08
 5.03725935e+08 4.93383728e+08 4.85047309e+08 4.83249664e+08
 4.82218162e+08 4.81515121e+08 4.80655810e+08 4.79635969e+08
 4.79141160e+08 4.78450671e+08 4.77766336e+08 4.76869133e+08
 4.75842915e+08 4.73410920e+08 4.70379512e+08 4.66713405e+08
 4.63829104e+08 4.62064211e+08 4.60250002e+08 4.58167606e+08
 4.56592560e+08 4.54239946e+08 4.51828710e+08 4.48209315e+08
 4.43748337e+08 4.37457906e+08 4.29370630e+08 4.18657543e+08
 4.05256385e+08 3.89399931e+08 3.73766706e+08 3.56746335e+08
 3.39840884e+08 3.21478820e+08 3.02597118e+08 2.81662675e+08
 2.58694605e+08 2.28524031e+08 2.03826244e+08 1.83787421e+08
 1.66491747e+08 1.55115735e+08 5.55976575e+08 0.00000000e+00
 0.00000000e+00 0.00000000e+00 0.00000000e+00 0.00000000e+00
 0.00000000e+00 0.00000000e+00 0.00000000e+00 0.00000000e+00
 0.00000000e+00 0.00000000e+00 0.00000000e+00 0.00000000e+00
 0.00000000e+00 0.00000000e+00 0.00000000e+00 0.00000000e+00
 0.00000000e+00 0.00000000e+00 0.00000000e+00 0.00000000e+00
 0.00000000e+00 0.00000000e+00 0.00000000e+00 0.00000000e+00
 0.00000000e+00 0.00000000e+00 0.00000000e+00 0.00000000e+00
 0.00000000e+00 0.00000000e+00 0.00000000e+00 0.00000000e+00
 0.00000000e+00 0.00000000e+00 0.00000000e+00 0.00000000e+00
 0.00000000e+00 0.00000000e+00 0.00000000e+00 0.00000000e+00
 0.00000000e+00 0.00000000e+00 0.00000000e+00 0.00000000e+00
 0.00000000e+00 0.00000000e+00 0.00000000e+00 0.00000000e+00
 0.00000000e+00 0.00000000e+00 0.00000000e+00 0.00000000e+00
 0.00000000e+00 0.00000000e+00 0.00000000e+00 0.00000000e+00
 0.00000000e+00 0.00000000e+00 0.00000000e+00 0.00000000e+00
 0.00000000e+00 0.00000000e+00 0.00000000e+00 0.00000000e+00
 0.00000000e+00 0.00000000e+00 0.00000000e+00 0.00000000e+00
 0.00000000e+00 0.00000000e+00 0.00000000e+00 0.00000000e+00
 0.00000000e+00 0.00000000e+00 0.00000000e+00 0.00000000e+00
 0.00000000e+00 0.00000000e+00 0.00000000e+00 0.00000000e+00
 0.00000000e+00 0.00000000e+00 0.00000000e+00 0.00000000e+00
 0.00000000e+00 0.00000000e+00 0.00000000e+00 0.00000000e+00
 0.00000000e+00 0.00000000e+00 0.00000000e+00 0.00000000e+00
 0.00000000e+00 0.00000000e+00 0.00000000e+00 0.00000000e+00
 0.00000000e+00 0.00000000e+00 0.00000000e+00 0.00000000e+00
 0.00000000e+00 0.00000000e+00 0.00000000e+00 0.00000000e+00
 0.00000000e+00 0.00000000e+00 0.00000000e+00 0.00000000e+00
 0.00000000e+00 0.00000000e+00 0.00000000e+00 0.00000000e+00
 0.00000000e+00 0.00000000e+00 0.00000000e+00 0.00000000e+00
 0.00000000e+00 0.00000000e+00 0.00000000e+00 0.00000000e+00
 0.00000000e+00 0.00000000e+00 0.00000000e+00 0.00000000e+00
 0.00000000e+00 0.00000000e+00 0.00000000e+00 0.00000000e+00
 0.00000000e+00 0.00000000e+00 0.00000000e+00 0.00000000e+00
 0.00000000e+00 0.00000000e+00 0.00000000e+00 0.00000000e+00
 0.00000000e+00 0.00000000e+00 0.00000000e+00 0.00000000e+00
 0.00000000e+00 0.00000000e+00 0.00000000e+00 0.00000000e+00
 0.00000000e+00 0.00000000e+00 0.00000000e+00 0.00000000e+00
 0.00000000e+00 0.00000000e+00 0.00000000e+00 0.00000000e+00
 0.00000000e+00 0.00000000e+00 0.00000000e+00 0.00000000e+00
 0.00000000e+00 0.00000000e+00 0.00000000e+00 0.00000000e+00
 0.00000000e+00 0.00000000e+00 0.00000000e+00 0.00000000e+00
 0.00000000e+00 0.00000000e+00 0.00000000e+00 0.00000000e+00
 0.00000000e+00 0.00000000e+00 0.00000000e+00 0.00000000e+00
 0.00000000e+00 0.00000000e+00 0.00000000e+00 0.00000000e+00
 0.00000000e+00 0.00000000e+00 0.00000000e+00 0.00000000e+00
 0.00000000e+00 0.00000000e+00 0.00000000e+00 0.00000000e+00
 0.00000000e+00 0.00000000e+00 0.00000000e+00 0.00000000e+00
 0.00000000e+00 0.00000000e+00 0.00000000e+00 0.00000000e+00
 0.00000000e+00 0.00000000e+00 0.00000000e+00 0.00000000e+00
 0.00000000e+00 0.00000000e+00 0.00000000e+00 0.00000000e+00
 0.00000000e+00 0.00000000e+00 0.00000000e+00 0.00000000e+00
 0.00000000e+00 0.00000000e+00 0.00000000e+00 0.00000000e+00
 0.00000000e+00 0.00000000e+00 0.00000000e+00 0.00000000e+00
 0.00000000e+00 0.00000000e+00 0.00000000e+00 0.00000000e+00
 0.00000000e+00 0.00000000e+00 0.00000000e+00 0.00000000e+00
 0.00000000e+00 0.00000000e+00 0.00000000e+00 0.00000000e+00
 0.00000000e+00 0.00000000e+00 0.00000000e+00 0.00000000e+00
 0.00000000e+00 0.00000000e+00 0.00000000e+00 0.00000000e+00
 0.00000000e+00 0.00000000e+00 0.00000000e+00 0.00000000e+00
 0.00000000e+00 0.00000000e+00 0.00000000e+00 0.00000000e+00
 0.00000000e+00 0.00000000e+00 0.00000000e+00 0.00000000e+00
 0.00000000e+00 0.00000000e+00 0.00000000e+00 0.00000000e+00
 0.00000000e+00 0.00000000e+00 0.00000000e+00 0.00000000e+00
 0.00000000e+00 0.00000000e+00 0.00000000e+00 0.00000000e+00
 0.00000000e+00 0.00000000e+00 0.00000000e+00 0.00000000e+00
 0.00000000e+00 0.00000000e+00 0.00000000e+00 0.00000000e+00
 0.00000000e+00 0.00000000e+00 0.00000000e+00 0.00000000e+00
 0.00000000e+00 0.00000000e+00 0.00000000e+00 0.00000000e+00
 0.00000000e+00 0.00000000e+00 0.00000000e+00 0.00000000e+00
 0.00000000e+00 0.00000000e+00 0.00000000e+00 0.00000000e+00
 0.00000000e+00 0.00000000e+00 0.00000000e+00 0.00000000e+00
 0.00000000e+00 0.00000000e+00 0.00000000e+00 0.00000000e+00
 0.00000000e+00 0.00000000e+00 0.00000000e+00 0.00000000e+00
 0.00000000e+00 0.00000000e+00 0.00000000e+00]
[WARNING]: Quasi-static verification failed
[WARNING]: Max normalized derivatives: dVg/dt=2.50e+11, dVd/dt=0.00e+00, dId/dt=5.63e+09

  ngspice: ✓ PASS  (151.1s)

✓ Benchmark completed: /home/duhaochen/website-trial-v1/data/spice-model-benchmark/dc205c70ce833ddf92fc3a1ae508b7fc/ngspice
