$ /usr/bin/time -v -o /home/duhaochen/website-trial-v1/data/spice-model-benchmark/dcab2ce08ee711d6176ca0f1feac16fe/ngspice/resource.txt /usr/bin/python -m spice_model_benchmark.cli /home/duhaochen/pipeline_full_collection/benchmark-inputs/dcab2ce08ee711d6176ca0f1feac16fe/ngspice.lib --simulator ngspice --modes dc transient ac noise --output-dir /home/duhaochen/website-trial-v1/data/spice-model-benchmark/dcab2ce08ee711d6176ca0f1feac16fe --dpi 120 --log-level WARNING
/home/duhaochen/spice_model_benchmark/src/spice_model_benchmark/verification_manager.py:1557: RuntimeWarning: divide by zero encountered in divide
  tc = np.mean((d_ids / d_temp) / np.abs(i_ds[:-1]))
SPICE Model Benchmark: /home/duhaochen/pipeline_full_collection/benchmark-inputs/dcab2ce08ee711d6176ca0f1feac16fe/ngspice.lib
Simulators: ngspice
Modes: dc, transient, ac, noise
------------------------------------------------------------

============================================================
  Running: NGSPICE
  Output:  /home/duhaochen/website-trial-v1/data/spice-model-benchmark/dcab2ce08ee711d6176ca0f1feac16fe/ngspice
============================================================
Vgs range: 0.000V to 1.200V
Ids range: -8.826e-04A to 0.000e+00A
Selected Vgs values: [0.  0.2 0.4 0.6 0.8 1.  1.2]
Vgs=0.000V: Ids range -2.519e-11A to -5.149e-16A
Vgs=0.200V: Ids range -2.665e-09A to 0.000e+00A
Vgs=0.400V: Ids range -2.360e-07A to 0.000e+00A
Vgs=0.600V: Ids range -1.174e-05A to 0.000e+00A
Vgs=0.800V: Ids range -1.680e-04A to 0.000e+00A
Vgs=1.000V: Ids range -4.720e-04A to 0.000e+00A
Vgs=1.200V: Ids range -8.826e-04A to 0.000e+00A
ids_variation: 6.77794188652683
ids_variation <= max_variation: False
tc: inf
abs(tc) <= max_tc: False
[WARNING]: Temperature effects verification failed - effects outside expected range
/home/duhaochen/spice_model_benchmark/src/spice_model_benchmark/verification_manager.py:1817: RuntimeWarning: divide by zero encountered in log
  log_ids = np.log(np.abs(i_ds))
/home/duhaochen/.local/lib/python3.9/site-packages/numpy/lib/function_base.py:2742: RuntimeWarning: invalid value encountered in subtract
  X -= avg[:, None]
/home/duhaochen/spice_model_benchmark/src/spice_model_benchmark/verification_manager.py:1862: RuntimeWarning: divide by zero encountered in divide
  efficiency = np.abs(gm / i_ds)  # Transconductance efficiency
[INFO]: S-parameter analysis plot saved to /home/duhaochen/website-trial-v1/data/spice-model-benchmark/dcab2ce08ee711d6176ca0f1feac16fe/ngspice/plots/ac_cv_sparameter_analysis.png
[INFO]: NQS effects plot saved to /home/duhaochen/website-trial-v1/data/spice-model-benchmark/dcab2ce08ee711d6176ca0f1feac16fe/ngspice/plots/ac_cv_nqs_effects.png
[INFO]: S-parameter analysis plot saved to /home/duhaochen/website-trial-v1/data/spice-model-benchmark/dcab2ce08ee711d6176ca0f1feac16fe/ngspice/plots/ac_cv_sparameter_analysis.png
norm_dvg: [2.50000000e+11 1.25000000e+11 6.25000000e+10 3.12500000e+10
 1.56250000e+10 7.81249995e+09 6.37300439e+09 5.00097942e+09
 4.61886578e+09 4.27659659e+09 3.90828923e+09 3.71131054e+09
 3.42423962e+09 3.19598623e+09 3.03712054e+09 2.89360276e+09
 2.75656870e+09 2.62840665e+09 2.50148436e+09 2.47110225e+09
 2.44394488e+09 2.42539920e+09 2.40484047e+09 2.37748361e+09
 2.35184169e+09 2.32428445e+09 2.30838578e+09 2.29818183e+09
 2.28717047e+09 2.27277196e+09 2.25521167e+09 2.24083714e+09
 2.22462973e+09 2.20699259e+09 2.19508627e+09 2.18103531e+09
 2.16732769e+09 2.15479913e+09 2.14097929e+09 2.12437176e+09
 2.10731944e+09 2.08493695e+09 2.05784789e+09 2.02851190e+09
 2.00000000e+09 1.99660528e+09 1.98984775e+09 1.97647122e+09
 1.95024974e+09 1.89984068e+09 1.80645567e+09 1.64476205e+09
 1.51447851e+09 1.35525722e+09 1.19369896e+09 1.08829788e+09
 1.00000195e+09 9.98296096e+08 9.94906127e+08 9.88196717e+08
 9.75044191e+08 9.49761361e+08 9.02935821e+08 8.21893191e+08
 6.96809468e+08 5.34207610e+08 3.74261106e+08 2.88024124e+08
 2.34086156e+08 1.97163550e+08 1.70301717e+08 1.49881637e+08
 1.33834205e+08 1.20890751e+08 1.10230110e+08 1.02187156e+08
 9.52380952e+07 9.52180066e+07 9.51785838e+07 9.51004737e+07
 9.49430489e+07 9.46303893e+07 9.40113502e+07 9.34478366e+07
 9.32126503e+07 9.30067566e+07 9.28656765e+07 9.26965961e+07
 9.25127812e+07 9.23784131e+07 9.22361850e+07 9.20896062e+07
 9.19267853e+07 9.17715699e+07 9.17220592e+07 9.16796160e+07
 9.16511136e+07 9.16216054e+07 9.15826603e+07 9.15422853e+07
 9.14948278e+07 9.14728072e+07 9.14510612e+07 9.14372502e+07
 9.14123759e+07 9.13890121e+07 9.13680933e+07 9.13414950e+07
 9.13165647e+07 9.12915288e+07 9.12702855e+07 9.12521641e+07
 9.12194847e+07 9.11951241e+07 9.11681571e+07 9.11371066e+07
 9.10976494e+07 9.10476134e+07 9.09768039e+07 9.09070094e+07
 9.08986224e+07 9.08721275e+07 9.08305962e+07 9.07458839e+07
 9.05769324e+07 9.02408915e+07 8.95763434e+07 8.82759752e+07
 8.75206017e+07 8.71688439e+07 8.68482366e+07 8.65966587e+07
 8.62461476e+07 8.59502074e+07 8.56222456e+07 8.53043580e+07
 8.47172951e+07 8.40196724e+07 8.33337511e+07 8.32869708e+07
 8.31951293e+07 8.30112746e+07 8.26463786e+07 8.19259362e+07
 8.05221829e+07 7.78541597e+07 7.32894489e+07 6.92303647e+07
 6.55973044e+07 6.23265406e+07 5.93664572e+07 5.66747919e+07
 5.42166194e+07 5.19628183e+07 0.00000000e+00 0.00000000e+00
 0.00000000e+00 0.00000000e+00 0.00000000e+00 0.00000000e+00
 0.00000000e+00 0.00000000e+00 0.00000000e+00 0.00000000e+00
 0.00000000e+00 0.00000000e+00 0.00000000e+00 0.00000000e+00
 0.00000000e+00 0.00000000e+00 0.00000000e+00 0.00000000e+00
 0.00000000e+00 0.00000000e+00 0.00000000e+00 0.00000000e+00
 0.00000000e+00 0.00000000e+00 0.00000000e+00 0.00000000e+00
 0.00000000e+00 0.00000000e+00 0.00000000e+00 0.00000000e+00
 0.00000000e+00 0.00000000e+00 0.00000000e+00 0.00000000e+00
 0.00000000e+00 0.00000000e+00 0.00000000e+00 0.00000000e+00
 0.00000000e+00 0.00000000e+00 0.00000000e+00 0.00000000e+00
 0.00000000e+00 0.00000000e+00 0.00000000e+00 0.00000000e+00
 0.00000000e+00 0.00000000e+00 0.00000000e+00 0.00000000e+00
 0.00000000e+00 0.00000000e+00 0.00000000e+00 0.00000000e+00
 0.00000000e+00 0.00000000e+00 0.00000000e+00 0.00000000e+00
 0.00000000e+00 0.00000000e+00 0.00000000e+00 0.00000000e+00
 0.00000000e+00 0.00000000e+00 0.00000000e+00 0.00000000e+00
 0.00000000e+00 0.00000000e+00 0.00000000e+00 0.00000000e+00
 0.00000000e+00 0.00000000e+00 0.00000000e+00 0.00000000e+00
 0.00000000e+00 0.00000000e+00 0.00000000e+00 0.00000000e+00
 0.00000000e+00 0.00000000e+00 0.00000000e+00 0.00000000e+00
 0.00000000e+00 0.00000000e+00 0.00000000e+00 0.00000000e+00
 0.00000000e+00 0.00000000e+00 0.00000000e+00 0.00000000e+00
 0.00000000e+00 0.00000000e+00 0.00000000e+00 0.00000000e+00
 0.00000000e+00 0.00000000e+00 0.00000000e+00 0.00000000e+00
 0.00000000e+00 0.00000000e+00 0.00000000e+00 0.00000000e+00
 0.00000000e+00 0.00000000e+00 0.00000000e+00 0.00000000e+00
 0.00000000e+00 0.00000000e+00 0.00000000e+00 0.00000000e+00
 0.00000000e+00 0.00000000e+00 0.00000000e+00 0.00000000e+00
 0.00000000e+00 0.00000000e+00 0.00000000e+00 0.00000000e+00
 0.00000000e+00 0.00000000e+00 0.00000000e+00 0.00000000e+00
 0.00000000e+00 0.00000000e+00 0.00000000e+00 0.00000000e+00
 0.00000000e+00 0.00000000e+00 0.00000000e+00 0.00000000e+00
 0.00000000e+00 0.00000000e+00 0.00000000e+00 0.00000000e+00
 0.00000000e+00 0.00000000e+00 0.00000000e+00 0.00000000e+00
 0.00000000e+00 0.00000000e+00 0.00000000e+00 0.00000000e+00
 0.00000000e+00 0.00000000e+00 0.00000000e+00 0.00000000e+00
 0.00000000e+00 0.00000000e+00 0.00000000e+00 0.00000000e+00
 0.00000000e+00 0.00000000e+00 0.00000000e+00]
norm_dvd: [0. 0. 0. 0. 0. 0. 0. 0. 0. 0. 0. 0. 0. 0. 0. 0. 0. 0. 0. 0. 0. 0. 0. 0.
 0. 0. 0. 0. 0. 0. 0. 0. 0. 0. 0. 0. 0. 0. 0. 0. 0. 0. 0. 0. 0. 0. 0. 0.
 0. 0. 0. 0. 0. 0. 0. 0. 0. 0. 0. 0. 0. 0. 0. 0. 0. 0. 0. 0. 0. 0. 0. 0.
 0. 0. 0. 0. 0. 0. 0. 0. 0. 0. 0. 0. 0. 0. 0. 0. 0. 0. 0. 0. 0. 0. 0. 0.
 0. 0. 0. 0. 0. 0. 0. 0. 0. 0. 0. 0. 0. 0. 0. 0. 0. 0. 0. 0. 0. 0. 0. 0.
 0. 0. 0. 0. 0. 0. 0. 0. 0. 0. 0. 0. 0. 0. 0. 0. 0. 0. 0. 0. 0. 0. 0. 0.
 0. 0. 0. 0. 0. 0. 0. 0. 0. 0. 0. 0. 0. 0. 0. 0. 0. 0. 0. 0. 0. 0. 0. 0.
 0. 0. 0. 0. 0. 0. 0. 0. 0. 0. 0. 0. 0. 0. 0. 0. 0. 0. 0. 0. 0. 0. 0. 0.
 0. 0. 0. 0. 0. 0. 0. 0. 0. 0. 0. 0. 0. 0. 0. 0. 0. 0. 0. 0. 0. 0. 0. 0.
 0. 0. 0. 0. 0. 0. 0. 0. 0. 0. 0. 0. 0. 0. 0. 0. 0. 0. 0. 0. 0. 0. 0. 0.
 0. 0. 0. 0. 0. 0. 0. 0. 0. 0. 0. 0. 0. 0. 0. 0. 0. 0. 0. 0. 0. 0. 0. 0.
 0. 0. 0. 0. 0. 0. 0. 0. 0. 0. 0. 0. 0. 0. 0. 0. 0. 0. 0. 0. 0. 0. 0. 0.
 0. 0. 0. 0. 0. 0. 0. 0. 0. 0. 0. 0. 0. 0. 0. 0. 0. 0. 0.]
norm_did: [2.32071934e+03 1.93393275e+03 2.41741601e+03 2.46576441e+03
 2.73168040e+03 2.88967596e+03 3.19859144e+03 3.27338904e+03
 3.48226600e+03 3.65098164e+03 3.75959208e+03 3.90398623e+03
 4.07987710e+03 4.15929950e+03 4.35797837e+03 4.50278677e+03
 4.72310603e+03 4.80877067e+03 4.72164578e+03 5.16107664e+03
 4.94450935e+03 5.26762936e+03 4.85000214e+03 5.39806825e+03
 5.21713104e+03 5.22188531e+03 4.82529417e+03 5.16956140e+03
 5.58591038e+03 5.41923475e+03 5.43909962e+03 5.23440617e+03
 5.59900568e+03 5.66517091e+03 5.27213539e+03 5.33519077e+03
 5.76670962e+03 5.68150729e+03 5.50861981e+03 5.68598375e+03
 5.77022060e+03 5.88126537e+03 5.94399998e+03 5.94400023e+03
 7.27796200e+03 5.45846820e+03 5.91334065e+03 6.14077784e+03
 6.25449620e+03 6.53879181e+03 7.13581334e+03 7.86848075e+03
 9.01477228e+03 1.07827527e+04 1.27191117e+04 1.49692849e+04
 3.62688628e+03 1.40541430e+04 1.65476208e+04 1.68876547e+04
 1.75677049e+04 1.91544676e+04 2.27672053e+04 3.22878608e+04
 6.55679128e+04 2.53063167e+05 1.23362518e+06 5.95045540e+06
 2.86418511e+07 1.37888472e+08 7.07402760e+08 7.01844688e+09
 5.86211295e+09 3.67007774e+09 2.83957050e+09 2.12161751e+09
 2.82042150e+09 1.12141710e+09 1.12363337e+09 1.12320232e+09
 1.12216626e+09 1.11947730e+09 1.08562592e+09 1.04517009e+09
 1.03235377e+09 1.02004513e+09 1.01426624e+09 1.00662469e+09
 9.96236524e+08 9.90100683e+08 9.83542980e+08 9.77155009e+08
 9.69231620e+08 9.58853997e+08 9.56178670e+08 9.53843342e+08
 9.52565217e+08 9.51368115e+08 9.49710909e+08 9.48025273e+08
 9.45320648e+08 9.43831592e+08 9.43039515e+08 9.42516641e+08
 9.41402330e+08 9.40305905e+08 9.39386805e+08 9.38392596e+08
 9.36806977e+08 9.35774164e+08 9.35009669e+08 9.34152766e+08
 9.32659065e+08 9.31693762e+08 9.30504825e+08 9.29239204e+08
 9.27833432e+08 9.26192741e+08 9.22892470e+08 9.19833434e+08
 9.17263628e+08 9.17460334e+08 9.16751735e+08 9.15287207e+08
 9.12242052e+08 9.05708392e+08 8.91053480e+08 8.20597050e+08
 7.81055163e+08 7.66267717e+08 7.52364818e+08 7.44297241e+08
 7.29910035e+08 7.19244420e+08 7.06874788e+08 6.99209256e+08
 6.79469405e+08 6.54788431e+08 6.24512220e+08 6.22897470e+08
 6.21152130e+08 6.17325618e+08 6.09603933e+08 5.94002794e+08
 5.63003955e+08 5.03798222e+08 4.00859236e+08 3.33097253e+08
 2.85384955e+08 2.49856224e+08 2.22218810e+08 1.99996651e+08
 1.81675570e+08 1.66071412e+08 2.63288311e+08 0.00000000e+00
 0.00000000e+00 0.00000000e+00 0.00000000e+00 0.00000000e+00
 0.00000000e+00 0.00000000e+00 0.00000000e+00 0.00000000e+00
 0.00000000e+00 0.00000000e+00 0.00000000e+00 0.00000000e+00
 0.00000000e+00 0.00000000e+00 0.00000000e+00 0.00000000e+00
 0.00000000e+00 0.00000000e+00 0.00000000e+00 0.00000000e+00
 0.00000000e+00 0.00000000e+00 0.00000000e+00 0.00000000e+00
 0.00000000e+00 0.00000000e+00 0.00000000e+00 0.00000000e+00
 0.00000000e+00 0.00000000e+00 0.00000000e+00 0.00000000e+00
 0.00000000e+00 0.00000000e+00 0.00000000e+00 0.00000000e+00
 0.00000000e+00 0.00000000e+00 0.00000000e+00 0.00000000e+00
 0.00000000e+00 0.00000000e+00 0.00000000e+00 0.00000000e+00
 0.00000000e+00 0.00000000e+00 0.00000000e+00 0.00000000e+00
 0.00000000e+00 0.00000000e+00 0.00000000e+00 0.00000000e+00
 0.00000000e+00 0.00000000e+00 0.00000000e+00 0.00000000e+00
 0.00000000e+00 0.00000000e+00 0.00000000e+00 0.00000000e+00
 0.00000000e+00 0.00000000e+00 0.00000000e+00 0.00000000e+00
 0.00000000e+00 0.00000000e+00 0.00000000e+00 0.00000000e+00
 0.00000000e+00 0.00000000e+00 0.00000000e+00 0.00000000e+00
 0.00000000e+00 0.00000000e+00 0.00000000e+00 0.00000000e+00
 0.00000000e+00 0.00000000e+00 0.00000000e+00 0.00000000e+00
 0.00000000e+00 0.00000000e+00 0.00000000e+00 0.00000000e+00
 0.00000000e+00 0.00000000e+00 0.00000000e+00 0.00000000e+00
 0.00000000e+00 0.00000000e+00 0.00000000e+00 0.00000000e+00
 0.00000000e+00 0.00000000e+00 0.00000000e+00 0.00000000e+00
 0.00000000e+00 0.00000000e+00 0.00000000e+00 0.00000000e+00
 0.00000000e+00 0.00000000e+00 0.00000000e+00 0.00000000e+00
 0.00000000e+00 0.00000000e+00 0.00000000e+00 0.00000000e+00
 0.00000000e+00 0.00000000e+00 0.00000000e+00 0.00000000e+00
 0.00000000e+00 0.00000000e+00 0.00000000e+00 0.00000000e+00
 0.00000000e+00 0.00000000e+00 0.00000000e+00 0.00000000e+00
 0.00000000e+00 0.00000000e+00 0.00000000e+00 0.00000000e+00
 0.00000000e+00 0.00000000e+00 0.00000000e+00 0.00000000e+00
 0.00000000e+00 0.00000000e+00 0.00000000e+00 0.00000000e+00
 0.00000000e+00 0.00000000e+00 0.00000000e+00 0.00000000e+00
 0.00000000e+00 0.00000000e+00 0.00000000e+00 0.00000000e+00
 0.00000000e+00 0.00000000e+00 0.00000000e+00 0.00000000e+00
 0.00000000e+00 0.00000000e+00 0.00000000e+00 0.00000000e+00
 0.00000000e+00 0.00000000e+00 0.00000000e+00]
[WARNING]: Quasi-static verification failed
[WARNING]: Max normalized derivatives: dVg/dt=2.50e+11, dVd/dt=0.00e+00, dId/dt=7.02e+09

  ngspice: ✓ PASS  (103.3s)

✓ Benchmark completed: /home/duhaochen/website-trial-v1/data/spice-model-benchmark/dcab2ce08ee711d6176ca0f1feac16fe/ngspice
