$ /usr/bin/time -v -o /home/duhaochen/website-trial-v1/data/spice-model-benchmark/de81c21fd385f96ec13a49e5367578b2/hspice/resource.txt /usr/bin/python -m spice_model_benchmark.cli /home/duhaochen/pipeline_full_collection/benchmark-inputs/de81c21fd385f96ec13a49e5367578b2/hspice.lib --simulator hspice --modes dc transient ac noise --output-dir /home/duhaochen/website-trial-v1/data/spice-model-benchmark/de81c21fd385f96ec13a49e5367578b2 --dpi 120 --log-level WARNING
SPICE Model Benchmark: /home/duhaochen/pipeline_full_collection/benchmark-inputs/de81c21fd385f96ec13a49e5367578b2/hspice.lib
Simulators: hspice
Modes: dc, transient, ac, noise
------------------------------------------------------------

============================================================
  Running: HSPICE
  Output:  /home/duhaochen/website-trial-v1/data/spice-model-benchmark/de81c21fd385f96ec13a49e5367578b2/hspice
============================================================
Vgs range: -1.200V to 0.000V
Ids range: -3.795e-11A to 2.584e-05A
Selected Vgs values: [-1.2 -1.  -0.8 -0.6 -0.4 -0.2  0. ]
Vgs=-1.200V: Ids range -3.795e-11A to 2.584e-05A
Vgs=-1.000V: Ids range -1.760e-11A to 1.744e-05A
Vgs=-0.800V: Ids range -6.942e-12A to 9.885e-06A
Vgs=-0.600V: Ids range -2.006e-12A to 4.573e-06A
Vgs=-0.400V: Ids range -2.768e-13A to 1.162e-06A
Vgs=-0.200V: Ids range -2.598e-15A to 5.634e-08A
Vgs=0.000V: Ids range 1.020e-15A to 2.916e-10A
ids_variation: 4.81581944290224
ids_variation <= max_variation: False
tc: 11764328287.584257
abs(tc) <= max_tc: False
[WARNING]: Temperature effects verification failed - effects outside expected range
/home/duhaochen/spice_model_benchmark/src/spice_model_benchmark/verification_manager.py:2706: RuntimeWarning: divide by zero encountered in divide
  norm_dvg = np.abs(dvg_dt / gate_voltage[:-1])
/home/duhaochen/spice_model_benchmark/src/spice_model_benchmark/verification_manager.py:2706: RuntimeWarning: invalid value encountered in divide
  norm_dvg = np.abs(dvg_dt / gate_voltage[:-1])
norm_dvg: [1.00000000e+10 5.00000000e+09 3.33333333e+09 ... 0.00000000e+00
 0.00000000e+00 0.00000000e+00]
norm_dvd: [0. 0. 0. ... 0. 0. 0.]
norm_did: [2675132.97661478 3152948.03839299 4529394.04000886 ...       0.
       0.               0.        ]
[WARNING]: Quasi-static verification failed
[WARNING]: Max normalized derivatives: dVg/dt=nan, dVd/dt=0.00e+00, dId/dt=2.79e+11
/home/duhaochen/spice_model_benchmark/src/spice_model_benchmark/plot_generator.py:336: UserWarning: Attempting to set identical low and high ylims makes transformation singular; automatically expanding.
  plt.ylim(0, max_cap*1.2)  # Add 20% margin to ensure all components are visible
[INFO]: S-parameter analysis plot saved to /home/duhaochen/website-trial-v1/data/spice-model-benchmark/de81c21fd385f96ec13a49e5367578b2/hspice/plots/ac_cv_sparameter_analysis.png
[INFO]: S-parameter analysis plot saved to /home/duhaochen/website-trial-v1/data/spice-model-benchmark/de81c21fd385f96ec13a49e5367578b2/hspice/plots/ac_cv_sparameter_analysis.png
[INFO]: NQS effects plot saved to /home/duhaochen/website-trial-v1/data/spice-model-benchmark/de81c21fd385f96ec13a49e5367578b2/hspice/plots/ac_cv_nqs_effects.png
[WARNING]: Cannot compute correlation: constant data detected

  hspice: ✓ PASS  (211.8s)

✓ Benchmark completed: /home/duhaochen/website-trial-v1/data/spice-model-benchmark/de81c21fd385f96ec13a49e5367578b2/hspice
