$ /usr/bin/time -v -o /home/duhaochen/website-trial-v1/data/spice-model-benchmark/bc905c7bc432f6dc57e5b7e53a49ff75/ngspice/resource.txt /usr/bin/python -m spice_model_benchmark.cli /home/duhaochen/pipeline_full_collection/benchmark-inputs/bc905c7bc432f6dc57e5b7e53a49ff75/ngspice.lib --simulator ngspice --modes dc transient ac noise --output-dir /home/duhaochen/website-trial-v1/data/spice-model-benchmark/bc905c7bc432f6dc57e5b7e53a49ff75 --dpi 120 --log-level WARNING
/home/duhaochen/spice_model_benchmark/src/spice_model_benchmark/verification_manager.py:1557: RuntimeWarning: divide by zero encountered in divide
  tc = np.mean((d_ids / d_temp) / np.abs(i_ds[:-1]))
SPICE Model Benchmark: /home/duhaochen/pipeline_full_collection/benchmark-inputs/bc905c7bc432f6dc57e5b7e53a49ff75/ngspice.lib
Simulators: ngspice
Modes: dc, transient, ac, noise
------------------------------------------------------------

============================================================
  Running: NGSPICE
  Output:  /home/duhaochen/website-trial-v1/data/spice-model-benchmark/bc905c7bc432f6dc57e5b7e53a49ff75/ngspice
============================================================
Vgs range: -1.200V to 0.000V
Ids range: 0.000e+00A to 1.306e-03A
Selected Vgs values: [-1.2 -1.  -0.8 -0.6 -0.4 -0.2  0. ]
Vgs=-1.200V: Ids range 0.000e+00A to 1.306e-03A
Vgs=-1.000V: Ids range 0.000e+00A to 6.929e-04A
Vgs=-0.800V: Ids range 0.000e+00A to 2.443e-04A
Vgs=-0.600V: Ids range 0.000e+00A to 1.688e-05A
Vgs=-0.400V: Ids range 0.000e+00A to 3.386e-07A
Vgs=-0.200V: Ids range 0.000e+00A to 3.824e-09A
Vgs=0.000V: Ids range 6.534e-16A to 3.615e-11A
ids_variation: 6.835229238689674
ids_variation <= max_variation: False
tc: inf
abs(tc) <= max_tc: False
[WARNING]: Temperature effects verification failed - effects outside expected range
/home/duhaochen/spice_model_benchmark/src/spice_model_benchmark/verification_manager.py:1817: RuntimeWarning: divide by zero encountered in log
  log_ids = np.log(np.abs(i_ds))
/home/duhaochen/.local/lib/python3.9/site-packages/numpy/lib/function_base.py:2742: RuntimeWarning: invalid value encountered in subtract
  X -= avg[:, None]
/home/duhaochen/spice_model_benchmark/src/spice_model_benchmark/verification_manager.py:1862: RuntimeWarning: divide by zero encountered in divide
  efficiency = np.abs(gm / i_ds)  # Transconductance efficiency
[INFO]: S-parameter analysis plot saved to /home/duhaochen/website-trial-v1/data/spice-model-benchmark/bc905c7bc432f6dc57e5b7e53a49ff75/ngspice/plots/ac_cv_sparameter_analysis.png
[INFO]: NQS effects plot saved to /home/duhaochen/website-trial-v1/data/spice-model-benchmark/bc905c7bc432f6dc57e5b7e53a49ff75/ngspice/plots/ac_cv_nqs_effects.png
[INFO]: S-parameter analysis plot saved to /home/duhaochen/website-trial-v1/data/spice-model-benchmark/bc905c7bc432f6dc57e5b7e53a49ff75/ngspice/plots/ac_cv_sparameter_analysis.png
norm_dvg: [2.50000000e+11 1.25000000e+11 6.25000000e+10 3.12500000e+10
 1.56250000e+10 7.81250020e+09 6.78818097e+09 5.37794605e+09
 5.04507155e+09 4.69370564e+09 4.43552326e+09 4.15103750e+09
 3.91229096e+09 3.74312895e+09 3.56049939e+09 3.39121855e+09
 3.21165700e+09 3.03078799e+09 2.86718493e+09 2.70702155e+09
 2.57699019e+09 2.47511568e+09 2.45252988e+09 2.42740027e+09
 2.40651387e+09 2.37803714e+09 2.35238752e+09 2.32431760e+09
 2.30870046e+09 2.29844651e+09 2.28736107e+09 2.27297186e+09
 2.25495030e+09 2.24013206e+09 2.22354091e+09 2.20824282e+09
 2.19729688e+09 2.18302691e+09 2.17012554e+09 2.15708973e+09
 2.14322607e+09 2.12665569e+09 2.10987320e+09 2.08797703e+09
 2.06170726e+09 2.03038471e+09 2.00000134e+09 1.99403140e+09
 1.98220176e+09 1.96425850e+09 1.92932988e+09 1.86307069e+09
 1.76851434e+09 1.67604783e+09 1.58937266e+09 1.49486089e+09
 1.34823968e+09 1.15532545e+09 1.00000119e+09 9.95798879e+08
 9.87501553e+08 9.71315156e+08 9.40483610e+08 8.84342067e+08
 7.90022206e+08 6.51129300e+08 4.81740722e+08 3.47728673e+08
 2.72049221e+08 2.23423475e+08 1.89544519e+08 1.64587233e+08
 1.45437507e+08 1.30279488e+08 1.17982884e+08 1.11085382e+08
 1.03649533e+08 9.92659322e+07 9.52393578e+07 9.52146620e+07
 9.51700371e+07 9.50785520e+07 9.48972850e+07 9.45362320e+07
 9.38224402e+07 9.35179478e+07 9.32690166e+07 9.31066990e+07
 9.29862342e+07 9.28761409e+07 9.27492159e+07 9.26180188e+07
 9.25259809e+07 9.23987351e+07 9.22634570e+07 9.21138276e+07
 9.19501654e+07 9.17947485e+07 9.17312847e+07 9.16907137e+07
 9.16603931e+07 9.16308763e+07 9.15951252e+07 9.15551111e+07
 9.15125631e+07 9.14843641e+07 9.14674118e+07 9.14500756e+07
 9.14295541e+07 9.14086336e+07 9.13843289e+07 9.13593061e+07
 9.13367883e+07 9.13068916e+07 9.12841218e+07 9.12671201e+07
 9.12424049e+07 9.12086690e+07 9.11814467e+07 9.11482849e+07
 9.11166131e+07 9.10721785e+07 9.10180815e+07 9.09625068e+07
 9.09056030e+07 9.08989036e+07 9.08770833e+07 9.08340547e+07
 9.07476843e+07 9.05765190e+07 9.02355796e+07 8.95616182e+07
 8.82432621e+07 8.77255953e+07 8.73410101e+07 8.70851891e+07
 8.68797876e+07 8.66877023e+07 8.64462897e+07 8.62206495e+07
 8.60603268e+07 8.58051845e+07 8.55762659e+07 8.52125268e+07
 8.47158668e+07 8.40189700e+07 8.33333333e+07 8.32845071e+07
 8.31870261e+07 8.29927224e+07 8.26068987e+07 8.18458539e+07
 8.03651186e+07 7.75587146e+07 7.30275748e+07 6.89966484e+07
 6.53874372e+07 6.21370551e+07 5.91945130e+07 5.65180655e+07
 5.40731741e+07 5.19568787e+07 0.00000000e+00 0.00000000e+00
 0.00000000e+00 0.00000000e+00 0.00000000e+00 0.00000000e+00
 0.00000000e+00 0.00000000e+00 0.00000000e+00 0.00000000e+00
 0.00000000e+00 0.00000000e+00 0.00000000e+00 0.00000000e+00
 0.00000000e+00 0.00000000e+00 0.00000000e+00 0.00000000e+00
 0.00000000e+00 0.00000000e+00 0.00000000e+00 0.00000000e+00
 0.00000000e+00 0.00000000e+00 0.00000000e+00 0.00000000e+00
 0.00000000e+00 0.00000000e+00 0.00000000e+00 0.00000000e+00
 0.00000000e+00 0.00000000e+00 0.00000000e+00 0.00000000e+00
 0.00000000e+00 0.00000000e+00 0.00000000e+00 0.00000000e+00
 0.00000000e+00 0.00000000e+00 0.00000000e+00 0.00000000e+00
 0.00000000e+00 0.00000000e+00 0.00000000e+00 0.00000000e+00
 0.00000000e+00 0.00000000e+00 0.00000000e+00 0.00000000e+00
 0.00000000e+00 0.00000000e+00 0.00000000e+00 0.00000000e+00
 0.00000000e+00 0.00000000e+00 0.00000000e+00 0.00000000e+00
 0.00000000e+00 0.00000000e+00 0.00000000e+00 0.00000000e+00
 0.00000000e+00 0.00000000e+00 0.00000000e+00 0.00000000e+00
 0.00000000e+00 0.00000000e+00 0.00000000e+00 0.00000000e+00
 0.00000000e+00 0.00000000e+00 0.00000000e+00 0.00000000e+00
 0.00000000e+00 0.00000000e+00 0.00000000e+00 0.00000000e+00
 0.00000000e+00 0.00000000e+00 0.00000000e+00 0.00000000e+00
 0.00000000e+00 0.00000000e+00 0.00000000e+00 0.00000000e+00
 0.00000000e+00 0.00000000e+00 0.00000000e+00 0.00000000e+00
 0.00000000e+00 0.00000000e+00 0.00000000e+00 0.00000000e+00
 0.00000000e+00 0.00000000e+00 0.00000000e+00 0.00000000e+00
 0.00000000e+00 0.00000000e+00 0.00000000e+00 0.00000000e+00
 0.00000000e+00 0.00000000e+00 0.00000000e+00 0.00000000e+00
 0.00000000e+00 0.00000000e+00 0.00000000e+00 0.00000000e+00
 0.00000000e+00 0.00000000e+00 0.00000000e+00 0.00000000e+00
 0.00000000e+00 0.00000000e+00 0.00000000e+00 0.00000000e+00
 0.00000000e+00 0.00000000e+00 0.00000000e+00 0.00000000e+00
 0.00000000e+00 0.00000000e+00 0.00000000e+00 0.00000000e+00
 0.00000000e+00 0.00000000e+00 0.00000000e+00 0.00000000e+00
 0.00000000e+00 0.00000000e+00 0.00000000e+00 0.00000000e+00
 0.00000000e+00 0.00000000e+00 0.00000000e+00 0.00000000e+00
 0.00000000e+00 0.00000000e+00 0.00000000e+00 0.00000000e+00
 0.00000000e+00 0.00000000e+00 0.00000000e+00 0.00000000e+00
 0.00000000e+00 0.00000000e+00 0.00000000e+00 0.00000000e+00
 0.00000000e+00 0.00000000e+00 0.00000000e+00 0.00000000e+00
 0.00000000e+00 0.00000000e+00 0.00000000e+00]
norm_dvd: [0. 0. 0. 0. 0. 0. 0. 0. 0. 0. 0. 0. 0. 0. 0. 0. 0. 0. 0. 0. 0. 0. 0. 0.
 0. 0. 0. 0. 0. 0. 0. 0. 0. 0. 0. 0. 0. 0. 0. 0. 0. 0. 0. 0. 0. 0. 0. 0.
 0. 0. 0. 0. 0. 0. 0. 0. 0. 0. 0. 0. 0. 0. 0. 0. 0. 0. 0. 0. 0. 0. 0. 0.
 0. 0. 0. 0. 0. 0. 0. 0. 0. 0. 0. 0. 0. 0. 0. 0. 0. 0. 0. 0. 0. 0. 0. 0.
 0. 0. 0. 0. 0. 0. 0. 0. 0. 0. 0. 0. 0. 0. 0. 0. 0. 0. 0. 0. 0. 0. 0. 0.
 0. 0. 0. 0. 0. 0. 0. 0. 0. 0. 0. 0. 0. 0. 0. 0. 0. 0. 0. 0. 0. 0. 0. 0.
 0. 0. 0. 0. 0. 0. 0. 0. 0. 0. 0. 0. 0. 0. 0. 0. 0. 0. 0. 0. 0. 0. 0. 0.
 0. 0. 0. 0. 0. 0. 0. 0. 0. 0. 0. 0. 0. 0. 0. 0. 0. 0. 0. 0. 0. 0. 0. 0.
 0. 0. 0. 0. 0. 0. 0. 0. 0. 0. 0. 0. 0. 0. 0. 0. 0. 0. 0. 0. 0. 0. 0. 0.
 0. 0. 0. 0. 0. 0. 0. 0. 0. 0. 0. 0. 0. 0. 0. 0. 0. 0. 0. 0. 0. 0. 0. 0.
 0. 0. 0. 0. 0. 0. 0. 0. 0. 0. 0. 0. 0. 0. 0. 0. 0. 0. 0. 0. 0. 0. 0. 0.
 0. 0. 0. 0. 0. 0. 0. 0. 0. 0. 0. 0. 0. 0. 0. 0. 0. 0. 0. 0. 0. 0. 0. 0.
 0. 0. 0. 0. 0. 0. 0. 0. 0. 0. 0. 0. 0. 0. 0. 0. 0. 0. 0. 0. 0. 0. 0. 0.
 0. 0. 0. 0. 0. 0. 0.]
norm_did: [2.70750603e+03 1.74053962e+03 2.51411283e+03 2.65915791e+03
 2.94924811e+03 2.88364831e+03 3.32420578e+03 3.40486291e+03
 3.54513719e+03 3.61796680e+03 3.80501132e+03 3.89389771e+03
 4.01805638e+03 4.06451622e+03 4.19346948e+03 4.31679787e+03
 4.49621103e+03 4.68409692e+03 4.87336731e+03 4.98012077e+03
 5.23084275e+03 4.98974754e+03 5.49756255e+03 5.19305913e+03
 5.59627050e+03 5.39889332e+03 5.72599711e+03 5.31651639e+03
 5.60310017e+03 5.87077497e+03 5.59023866e+03 5.72017156e+03
 5.80156777e+03 5.57377664e+03 5.95854629e+03 5.48735581e+03
 6.24102276e+03 5.68073186e+03 6.11071245e+03 5.67597719e+03
 5.95775234e+03 6.20480352e+03 6.22544644e+03 6.08466578e+03
 6.20305359e+03 6.40982148e+03 9.30458261e+03 5.16921080e+03
 6.37875885e+03 6.54662036e+03 6.79841424e+03 7.17019285e+03
 7.58813200e+03 7.98838298e+03 8.67318285e+03 9.84656610e+03
 1.22174113e+04 1.56507232e+04 1.17352307e+04 1.33854810e+04
 1.80612332e+04 1.91155750e+04 2.14076242e+04 2.68512525e+04
 4.24086299e+04 1.06807822e+05 4.58314316e+05 2.22488555e+06
 1.06900186e+07 5.13028442e+07 2.49288342e+08 1.41048779e+09
 4.63724520e+10 4.53838673e+09 2.61109894e+09 3.13561148e+09
 2.14112126e+09 1.71374901e+09 1.91163929e+09 1.16402196e+09
 1.16760147e+09 1.16677218e+09 1.16491384e+09 1.16035609e+09
 1.10350351e+09 1.08451823e+09 1.06773578e+09 1.05760001e+09
 1.05079589e+09 1.04570745e+09 1.03925865e+09 1.03106709e+09
 1.02753230e+09 1.02131675e+09 1.01485748e+09 1.00771225e+09
 9.99143443e+08 9.88363792e+08 9.84326912e+08 9.82122391e+08
 9.80442923e+08 9.79115247e+08 9.77600364e+08 9.75618713e+08
 9.73163734e+08 9.71460833e+08 9.70461452e+08 9.69663509e+08
 9.68930928e+08 9.67955466e+08 9.66525231e+08 9.65535426e+08
 9.64463517e+08 9.62689580e+08 9.61711237e+08 9.60827921e+08
 9.59970688e+08 9.58257556e+08 9.56993585e+08 9.55424700e+08
 9.54145002e+08 9.52395223e+08 9.49652201e+08 9.47020479e+08
 9.45698158e+08 9.41666990e+08 9.42531934e+08 9.41716200e+08
 9.40049333e+08 9.36609831e+08 9.29280803e+08 9.13046751e+08
 8.32620864e+08 8.07063768e+08 7.88118139e+08 7.76502791e+08
 7.67825222e+08 7.60917229e+08 7.50947104e+08 7.40855973e+08
 7.36161341e+08 7.25807135e+08 7.19146324e+08 7.07329820e+08
 6.91644640e+08 6.66114977e+08 6.35153497e+08 6.33066788e+08
 6.31243170e+08 6.27070597e+08 6.18655509e+08 6.01697766e+08
 5.68216810e+08 5.03416651e+08 4.01292038e+08 3.34017052e+08
 2.86575359e+08 2.51193923e+08 2.23634574e+08 2.01450807e+08
 1.82871602e+08 1.68349495e+08 3.78192235e+08 0.00000000e+00
 0.00000000e+00 0.00000000e+00 0.00000000e+00 0.00000000e+00
 0.00000000e+00 0.00000000e+00 0.00000000e+00 0.00000000e+00
 0.00000000e+00 0.00000000e+00 0.00000000e+00 0.00000000e+00
 0.00000000e+00 0.00000000e+00 0.00000000e+00 0.00000000e+00
 0.00000000e+00 0.00000000e+00 0.00000000e+00 0.00000000e+00
 0.00000000e+00 0.00000000e+00 0.00000000e+00 0.00000000e+00
 0.00000000e+00 0.00000000e+00 0.00000000e+00 0.00000000e+00
 0.00000000e+00 0.00000000e+00 0.00000000e+00 0.00000000e+00
 0.00000000e+00 0.00000000e+00 0.00000000e+00 0.00000000e+00
 0.00000000e+00 0.00000000e+00 0.00000000e+00 0.00000000e+00
 0.00000000e+00 0.00000000e+00 0.00000000e+00 0.00000000e+00
 0.00000000e+00 0.00000000e+00 0.00000000e+00 0.00000000e+00
 0.00000000e+00 0.00000000e+00 0.00000000e+00 0.00000000e+00
 0.00000000e+00 0.00000000e+00 0.00000000e+00 0.00000000e+00
 0.00000000e+00 0.00000000e+00 0.00000000e+00 0.00000000e+00
 0.00000000e+00 0.00000000e+00 0.00000000e+00 0.00000000e+00
 0.00000000e+00 0.00000000e+00 0.00000000e+00 0.00000000e+00
 0.00000000e+00 0.00000000e+00 0.00000000e+00 0.00000000e+00
 0.00000000e+00 0.00000000e+00 0.00000000e+00 0.00000000e+00
 0.00000000e+00 0.00000000e+00 0.00000000e+00 0.00000000e+00
 0.00000000e+00 0.00000000e+00 0.00000000e+00 0.00000000e+00
 0.00000000e+00 0.00000000e+00 0.00000000e+00 0.00000000e+00
 0.00000000e+00 0.00000000e+00 0.00000000e+00 0.00000000e+00
 0.00000000e+00 0.00000000e+00 0.00000000e+00 0.00000000e+00
 0.00000000e+00 0.00000000e+00 0.00000000e+00 0.00000000e+00
 0.00000000e+00 0.00000000e+00 0.00000000e+00 0.00000000e+00
 0.00000000e+00 0.00000000e+00 0.00000000e+00 0.00000000e+00
 0.00000000e+00 0.00000000e+00 0.00000000e+00 0.00000000e+00
 0.00000000e+00 0.00000000e+00 0.00000000e+00 0.00000000e+00
 0.00000000e+00 0.00000000e+00 0.00000000e+00 0.00000000e+00
 0.00000000e+00 0.00000000e+00 0.00000000e+00 0.00000000e+00
 0.00000000e+00 0.00000000e+00 0.00000000e+00 0.00000000e+00
 0.00000000e+00 0.00000000e+00 0.00000000e+00 0.00000000e+00
 0.00000000e+00 0.00000000e+00 0.00000000e+00 0.00000000e+00
 0.00000000e+00 0.00000000e+00 0.00000000e+00 0.00000000e+00
 0.00000000e+00 0.00000000e+00 0.00000000e+00 0.00000000e+00
 0.00000000e+00 0.00000000e+00 0.00000000e+00 0.00000000e+00
 0.00000000e+00 0.00000000e+00 0.00000000e+00 0.00000000e+00
 0.00000000e+00 0.00000000e+00 0.00000000e+00]
[WARNING]: Quasi-static verification failed
[WARNING]: Max normalized derivatives: dVg/dt=2.50e+11, dVd/dt=0.00e+00, dId/dt=4.64e+10

  ngspice: ✓ PASS  (90.8s)

✓ Benchmark completed: /home/duhaochen/website-trial-v1/data/spice-model-benchmark/bc905c7bc432f6dc57e5b7e53a49ff75/ngspice
