
6. Printing statistics.

=== adder_top ===

        +----------Local Count, excluding submodules.
        |        +-Local Area, excluding submodules.
        |        | 
       68        - wires
      113        - wire bits
        5        - public wires
       50        - public wire bits
        5        - ports
       50        - port bits
       80  829.181 cells
        2   25.402   sg13g2_a21o_1
        2   18.144   sg13g2_a21oi_1
        2   18.144   sg13g2_and2_1
       13   70.762   sg13g2_inv_1
       12   87.091   sg13g2_nand2_1
        1    9.072   sg13g2_nand2b_1
        2   14.515   sg13g2_nor2_1
        2   18.144   sg13g2_nor2b_1
       12  108.864   sg13g2_o21ai_1
        1    9.072   sg13g2_or2_1
       27   391.91   sg13g2_xnor2_1
        4   58.061   sg13g2_xor2_1

   Chip area for module '\adder_top': 829.180800
     of which used for sequential elements: 0.000000 (0.00%)

