OpenSTA 3.1.0 543361765b Copyright (c) 2026, Parallax Software, Inc.
License GPLv3: GNU GPL version 3 <http://gnu.org/licenses/gpl.html>

This is free software, and you are free to change and redistribute it
under certain conditions; type `show_copying' for details. 
This program comes with ABSOLUTELY NO WARRANTY; for details type `show_warranty'.
Startpoint: a[0] (input port clocked by vclk)
Endpoint: sum[15] (output port clocked by vclk)
Path Group: vclk
Path Type: max

        Cap        Slew       Delay        Time   Description
---------------------------------------------------------------------------------------
               0.000000    0.000000    0.000000   clock vclk (rise edge)
                           0.000000    0.000000   clock network delay (ideal)
                           0.000000    0.000000 v input external delay
   0.005035    0.050000    0.000000    0.000000 v a[0] (in)
               0.050000    0.000000    0.000000 v _077_/A (sg13g2_or2_1)
   0.005921    0.036782    0.118697    0.118697 v _077_/X (sg13g2_or2_1)
               0.036782    0.000000    0.118697 v _080_/A2 (sg13g2_a21oi_1)
   0.008011    0.093804    0.102932    0.221628 ^ _080_/Y (sg13g2_a21oi_1)
               0.093804    0.000000    0.221628 ^ _082_/B (sg13g2_xnor2_1)
   0.008257    0.103847    0.121170    0.342799 ^ _082_/Y (sg13g2_xnor2_1)
               0.103847    0.000000    0.342799 ^ _083_/A2 (sg13g2_a21oi_1)
   0.007914    0.073121    0.106442    0.449241 v _083_/Y (sg13g2_a21oi_1)
               0.073121    0.000000    0.449241 v _085_/B (sg13g2_xnor2_1)
   0.008109    0.103094    0.110576    0.559817 ^ _085_/Y (sg13g2_xnor2_1)
               0.103094    0.000000    0.559817 ^ _086_/A2 (sg13g2_a21o_1)
   0.011391    0.061272    0.152711    0.712528 ^ _086_/X (sg13g2_a21o_1)
               0.061272    0.000000    0.712528 ^ _088_/B (sg13g2_nor2_1)
   0.003257    0.027192    0.040042    0.752570 v _088_/Y (sg13g2_nor2_1)
               0.027192    0.000000    0.752570 v _090_/A2 (sg13g2_o21ai_1)
   0.007866    0.114472    0.110476    0.863045 ^ _090_/Y (sg13g2_o21ai_1)
               0.114472    0.000000    0.863045 ^ _092_/B (sg13g2_xor2_1)
   0.007863    0.094279    0.151347    1.014393 ^ _092_/X (sg13g2_xor2_1)
               0.094279    0.000000    1.014393 ^ _093_/A2 (sg13g2_a21o_1)
   0.008140    0.048863    0.139300    1.153693 ^ _093_/X (sg13g2_a21o_1)
               0.048863    0.000000    1.153693 ^ _095_/B (sg13g2_xnor2_1)
   0.008313    0.070545    0.082875    1.236567 v _095_/Y (sg13g2_xnor2_1)
               0.070545    0.000000    1.236567 v _096_/A2 (sg13g2_o21ai_1)
   0.008140    0.121438    0.129660    1.366228 ^ _096_/Y (sg13g2_o21ai_1)
               0.121438    0.000000    1.366228 ^ _098_/B (sg13g2_xnor2_1)
   0.008451    0.105049    0.130010    1.496237 ^ _098_/Y (sg13g2_xnor2_1)
               0.105049    0.000000    1.496237 ^ _099_/A2 (sg13g2_o21ai_1)
   0.007953    0.068242    0.097318    1.593555 v _099_/Y (sg13g2_o21ai_1)
               0.068242    0.000000    1.593555 v _101_/B (sg13g2_xnor2_1)
   0.008313    0.070545    0.122372    1.715927 v _101_/Y (sg13g2_xnor2_1)
               0.070545    0.000000    1.715927 v _102_/A2 (sg13g2_o21ai_1)
   0.011145    0.149278    0.151409    1.867336 ^ _102_/Y (sg13g2_o21ai_1)
               0.149278    0.000000    1.867336 ^ _104_/B (sg13g2_nor2_1)
   0.003257    0.041315    0.060455    1.927790 v _104_/Y (sg13g2_nor2_1)
               0.041315    0.000000    1.927790 v _112_/A2 (sg13g2_o21ai_1)
   0.008140    0.118398    0.118036    2.045826 ^ _112_/Y (sg13g2_o21ai_1)
               0.118398    0.000000    2.045826 ^ _114_/B (sg13g2_xnor2_1)
   0.008451    0.105195    0.129143    2.174969 ^ _114_/Y (sg13g2_xnor2_1)
               0.105195    0.000000    2.174969 ^ _115_/A2 (sg13g2_o21ai_1)
   0.007953    0.068277    0.097352    2.272321 v _115_/Y (sg13g2_o21ai_1)
               0.068277    0.000000    2.272321 v _117_/B (sg13g2_xnor2_1)
   0.008313    0.070545    0.122387    2.394708 v _117_/Y (sg13g2_xnor2_1)
               0.070545    0.000000    2.394708 v _118_/A2 (sg13g2_o21ai_1)
   0.008140    0.121438    0.129660    2.524368 ^ _118_/Y (sg13g2_o21ai_1)
               0.121438    0.000000    2.524368 ^ _120_/B (sg13g2_xnor2_1)
   0.008451    0.105141    0.130010    2.654378 ^ _120_/Y (sg13g2_xnor2_1)
               0.105141    0.000000    2.654378 ^ _121_/A2 (sg13g2_o21ai_1)
   0.007953    0.068264    0.097339    2.751717 v _121_/Y (sg13g2_o21ai_1)
               0.068264    0.000000    2.751717 v _123_/B (sg13g2_xnor2_1)
   0.008313    0.070545    0.122381    2.874098 v _123_/Y (sg13g2_xnor2_1)
               0.070545    0.000000    2.874098 v _124_/A2 (sg13g2_o21ai_1)
   0.008140    0.121438    0.129660    3.003758 ^ _124_/Y (sg13g2_o21ai_1)
               0.121438    0.000000    3.003758 ^ _126_/B (sg13g2_xnor2_1)
   0.008451    0.105140    0.130010    3.133768 ^ _126_/Y (sg13g2_xnor2_1)
               0.105140    0.000000    3.133768 ^ _127_/A2 (sg13g2_o21ai_1)
   0.007953    0.068264    0.097339    3.231107 v _127_/Y (sg13g2_o21ai_1)
               0.068264    0.000000    3.231107 v _129_/B (sg13g2_xnor2_1)
   0.008313    0.070545    0.122381    3.353488 v _129_/Y (sg13g2_xnor2_1)
               0.070545    0.000000    3.353488 v _130_/A2 (sg13g2_o21ai_1)
   0.008140    0.121438    0.129660    3.483149 ^ _130_/Y (sg13g2_o21ai_1)
               0.121438    0.000000    3.483149 ^ _132_/B (sg13g2_xnor2_1)
   0.008451    0.105140    0.130010    3.613158 ^ _132_/Y (sg13g2_xnor2_1)
               0.105140    0.000000    3.613158 ^ _142_/B (sg13g2_xnor2_1)
   0.010000    0.117353    0.130091    3.743249 ^ _142_/Y (sg13g2_xnor2_1)
               0.117353    0.000000    3.743249 ^ sum[15] (out)
                                       3.743249   data arrival time

               0.000000  100.000000  100.000000   clock vclk (rise edge)
                           0.000000  100.000000   clock network delay (ideal)
                           0.000000  100.000000   clock reconvergence pessimism
                           0.000000  100.000000   output external delay
                                     100.000000   data required time
---------------------------------------------------------------------------------------
                                     100.000000   data required time
                                      -3.743249   data arrival time
---------------------------------------------------------------------------------------
                                      96.256744   slack (MET)


Startpoint: a[0] (input port clocked by vclk)
Endpoint: cout (output port clocked by vclk)
Path Group: vclk
Path Type: max

        Cap        Slew       Delay        Time   Description
---------------------------------------------------------------------------------------
               0.000000    0.000000    0.000000   clock vclk (rise edge)
                           0.000000    0.000000   clock network delay (ideal)
                           0.000000    0.000000 v input external delay
   0.005035    0.050000    0.000000    0.000000 v a[0] (in)
               0.050000    0.000000    0.000000 v _077_/A (sg13g2_or2_1)
   0.005921    0.036782    0.118697    0.118697 v _077_/X (sg13g2_or2_1)
               0.036782    0.000000    0.118697 v _080_/A2 (sg13g2_a21oi_1)
   0.008011    0.093804    0.102932    0.221628 ^ _080_/Y (sg13g2_a21oi_1)
               0.093804    0.000000    0.221628 ^ _082_/B (sg13g2_xnor2_1)
   0.008257    0.103847    0.121170    0.342799 ^ _082_/Y (sg13g2_xnor2_1)
               0.103847    0.000000    0.342799 ^ _083_/A2 (sg13g2_a21oi_1)
   0.007914    0.073121    0.106442    0.449241 v _083_/Y (sg13g2_a21oi_1)
               0.073121    0.000000    0.449241 v _085_/B (sg13g2_xnor2_1)
   0.008109    0.103094    0.110576    0.559817 ^ _085_/Y (sg13g2_xnor2_1)
               0.103094    0.000000    0.559817 ^ _086_/A2 (sg13g2_a21o_1)
   0.011391    0.061272    0.152711    0.712528 ^ _086_/X (sg13g2_a21o_1)
               0.061272    0.000000    0.712528 ^ _088_/B (sg13g2_nor2_1)
   0.003257    0.027192    0.040042    0.752570 v _088_/Y (sg13g2_nor2_1)
               0.027192    0.000000    0.752570 v _090_/A2 (sg13g2_o21ai_1)
   0.007866    0.114472    0.110476    0.863045 ^ _090_/Y (sg13g2_o21ai_1)
               0.114472    0.000000    0.863045 ^ _092_/B (sg13g2_xor2_1)
   0.007863    0.094279    0.151347    1.014393 ^ _092_/X (sg13g2_xor2_1)
               0.094279    0.000000    1.014393 ^ _093_/A2 (sg13g2_a21o_1)
   0.008140    0.048863    0.139300    1.153693 ^ _093_/X (sg13g2_a21o_1)
               0.048863    0.000000    1.153693 ^ _095_/B (sg13g2_xnor2_1)
   0.008313    0.070545    0.082875    1.236567 v _095_/Y (sg13g2_xnor2_1)
               0.070545    0.000000    1.236567 v _096_/A2 (sg13g2_o21ai_1)
   0.008140    0.121438    0.129660    1.366228 ^ _096_/Y (sg13g2_o21ai_1)
               0.121438    0.000000    1.366228 ^ _098_/B (sg13g2_xnor2_1)
   0.008451    0.105049    0.130010    1.496237 ^ _098_/Y (sg13g2_xnor2_1)
               0.105049    0.000000    1.496237 ^ _099_/A2 (sg13g2_o21ai_1)
   0.007953    0.068242    0.097318    1.593555 v _099_/Y (sg13g2_o21ai_1)
               0.068242    0.000000    1.593555 v _101_/B (sg13g2_xnor2_1)
   0.008313    0.070545    0.122372    1.715927 v _101_/Y (sg13g2_xnor2_1)
               0.070545    0.000000    1.715927 v _102_/A2 (sg13g2_o21ai_1)
   0.011145    0.149278    0.151409    1.867336 ^ _102_/Y (sg13g2_o21ai_1)
               0.149278    0.000000    1.867336 ^ _104_/B (sg13g2_nor2_1)
   0.003257    0.041315    0.060455    1.927790 v _104_/Y (sg13g2_nor2_1)
               0.041315    0.000000    1.927790 v _112_/A2 (sg13g2_o21ai_1)
   0.008140    0.118398    0.118036    2.045826 ^ _112_/Y (sg13g2_o21ai_1)
               0.118398    0.000000    2.045826 ^ _114_/B (sg13g2_xnor2_1)
   0.008313    0.070545    0.106469    2.152295 v _114_/Y (sg13g2_xnor2_1)
               0.070545    0.000000    2.152295 v _115_/A2 (sg13g2_o21ai_1)
   0.008140    0.121438    0.129660    2.281955 ^ _115_/Y (sg13g2_o21ai_1)
               0.121438    0.000000    2.281955 ^ _117_/B (sg13g2_xnor2_1)
   0.008451    0.105142    0.130010    2.411965 ^ _117_/Y (sg13g2_xnor2_1)
               0.105142    0.000000    2.411965 ^ _118_/A2 (sg13g2_o21ai_1)
   0.007953    0.068264    0.097340    2.509305 v _118_/Y (sg13g2_o21ai_1)
               0.068264    0.000000    2.509305 v _120_/B (sg13g2_xnor2_1)
   0.008313    0.070545    0.122381    2.631686 v _120_/Y (sg13g2_xnor2_1)
               0.070545    0.000000    2.631686 v _121_/A2 (sg13g2_o21ai_1)
   0.008140    0.121438    0.129660    2.761346 ^ _121_/Y (sg13g2_o21ai_1)
               0.121438    0.000000    2.761346 ^ _123_/B (sg13g2_xnor2_1)
   0.008451    0.105140    0.130010    2.891356 ^ _123_/Y (sg13g2_xnor2_1)
               0.105140    0.000000    2.891356 ^ _124_/A2 (sg13g2_o21ai_1)
   0.007953    0.068264    0.097339    2.988695 v _124_/Y (sg13g2_o21ai_1)
               0.068264    0.000000    2.988695 v _126_/B (sg13g2_xnor2_1)
   0.008313    0.070545    0.122381    3.111076 v _126_/Y (sg13g2_xnor2_1)
               0.070545    0.000000    3.111076 v _127_/A2 (sg13g2_o21ai_1)
   0.008140    0.121438    0.129660    3.240737 ^ _127_/Y (sg13g2_o21ai_1)
               0.121438    0.000000    3.240737 ^ _129_/B (sg13g2_xnor2_1)
   0.008451    0.105140    0.130010    3.370746 ^ _129_/Y (sg13g2_xnor2_1)
               0.105140    0.000000    3.370746 ^ _130_/A2 (sg13g2_o21ai_1)
   0.007953    0.068264    0.097339    3.468086 v _130_/Y (sg13g2_o21ai_1)
               0.068264    0.000000    3.468086 v _132_/B (sg13g2_xnor2_1)
   0.008313    0.070545    0.122381    3.590467 v _132_/Y (sg13g2_xnor2_1)
               0.070545    0.000000    3.590467 v _133_/A2 (sg13g2_o21ai_1)
   0.010000    0.138668    0.143121    3.733588 ^ _133_/Y (sg13g2_o21ai_1)
               0.138668    0.000000    3.733588 ^ cout (out)
                                       3.733588   data arrival time

               0.000000  100.000000  100.000000   clock vclk (rise edge)
                           0.000000  100.000000   clock network delay (ideal)
                           0.000000  100.000000   clock reconvergence pessimism
                           0.000000  100.000000   output external delay
                                     100.000000   data required time
---------------------------------------------------------------------------------------
                                     100.000000   data required time
                                      -3.733588   data arrival time
---------------------------------------------------------------------------------------
                                      96.266411   slack (MET)


Startpoint: a[0] (input port clocked by vclk)
Endpoint: sum[14] (output port clocked by vclk)
Path Group: vclk
Path Type: max

        Cap        Slew       Delay        Time   Description
---------------------------------------------------------------------------------------
               0.000000    0.000000    0.000000   clock vclk (rise edge)
                           0.000000    0.000000   clock network delay (ideal)
                           0.000000    0.000000 v input external delay
   0.005035    0.050000    0.000000    0.000000 v a[0] (in)
               0.050000    0.000000    0.000000 v _077_/A (sg13g2_or2_1)
   0.005921    0.036782    0.118697    0.118697 v _077_/X (sg13g2_or2_1)
               0.036782    0.000000    0.118697 v _080_/A2 (sg13g2_a21oi_1)
   0.008011    0.093804    0.102932    0.221628 ^ _080_/Y (sg13g2_a21oi_1)
               0.093804    0.000000    0.221628 ^ _082_/B (sg13g2_xnor2_1)
   0.008257    0.103847    0.121170    0.342799 ^ _082_/Y (sg13g2_xnor2_1)
               0.103847    0.000000    0.342799 ^ _083_/A2 (sg13g2_a21oi_1)
   0.007914    0.073121    0.106442    0.449241 v _083_/Y (sg13g2_a21oi_1)
               0.073121    0.000000    0.449241 v _085_/B (sg13g2_xnor2_1)
   0.008109    0.103094    0.110576    0.559817 ^ _085_/Y (sg13g2_xnor2_1)
               0.103094    0.000000    0.559817 ^ _086_/A2 (sg13g2_a21o_1)
   0.011391    0.061272    0.152711    0.712528 ^ _086_/X (sg13g2_a21o_1)
               0.061272    0.000000    0.712528 ^ _088_/B (sg13g2_nor2_1)
   0.003257    0.027192    0.040042    0.752570 v _088_/Y (sg13g2_nor2_1)
               0.027192    0.000000    0.752570 v _090_/A2 (sg13g2_o21ai_1)
   0.007866    0.114472    0.110476    0.863045 ^ _090_/Y (sg13g2_o21ai_1)
               0.114472    0.000000    0.863045 ^ _092_/B (sg13g2_xor2_1)
   0.007863    0.094279    0.151347    1.014393 ^ _092_/X (sg13g2_xor2_1)
               0.094279    0.000000    1.014393 ^ _093_/A2 (sg13g2_a21o_1)
   0.008140    0.048863    0.139300    1.153693 ^ _093_/X (sg13g2_a21o_1)
               0.048863    0.000000    1.153693 ^ _095_/B (sg13g2_xnor2_1)
   0.008313    0.070545    0.082875    1.236567 v _095_/Y (sg13g2_xnor2_1)
               0.070545    0.000000    1.236567 v _096_/A2 (sg13g2_o21ai_1)
   0.008140    0.121438    0.129660    1.366228 ^ _096_/Y (sg13g2_o21ai_1)
               0.121438    0.000000    1.366228 ^ _098_/B (sg13g2_xnor2_1)
   0.008451    0.105049    0.130010    1.496237 ^ _098_/Y (sg13g2_xnor2_1)
               0.105049    0.000000    1.496237 ^ _099_/A2 (sg13g2_o21ai_1)
   0.007953    0.068242    0.097318    1.593555 v _099_/Y (sg13g2_o21ai_1)
               0.068242    0.000000    1.593555 v _101_/B (sg13g2_xnor2_1)
   0.008313    0.070545    0.122372    1.715927 v _101_/Y (sg13g2_xnor2_1)
               0.070545    0.000000    1.715927 v _102_/A2 (sg13g2_o21ai_1)
   0.011145    0.149278    0.151409    1.867336 ^ _102_/Y (sg13g2_o21ai_1)
               0.149278    0.000000    1.867336 ^ _104_/B (sg13g2_nor2_1)
   0.003257    0.041315    0.060455    1.927790 v _104_/Y (sg13g2_nor2_1)
               0.041315    0.000000    1.927790 v _112_/A2 (sg13g2_o21ai_1)
   0.008140    0.118398    0.118036    2.045826 ^ _112_/Y (sg13g2_o21ai_1)
               0.118398    0.000000    2.045826 ^ _114_/B (sg13g2_xnor2_1)
   0.008313    0.070545    0.106469    2.152295 v _114_/Y (sg13g2_xnor2_1)
               0.070545    0.000000    2.152295 v _115_/A2 (sg13g2_o21ai_1)
   0.008140    0.121438    0.129660    2.281955 ^ _115_/Y (sg13g2_o21ai_1)
               0.121438    0.000000    2.281955 ^ _117_/B (sg13g2_xnor2_1)
   0.008451    0.105142    0.130010    2.411965 ^ _117_/Y (sg13g2_xnor2_1)
               0.105142    0.000000    2.411965 ^ _118_/A2 (sg13g2_o21ai_1)
   0.007953    0.068264    0.097340    2.509305 v _118_/Y (sg13g2_o21ai_1)
               0.068264    0.000000    2.509305 v _120_/B (sg13g2_xnor2_1)
   0.008313    0.070545    0.122381    2.631686 v _120_/Y (sg13g2_xnor2_1)
               0.070545    0.000000    2.631686 v _121_/A2 (sg13g2_o21ai_1)
   0.008140    0.121438    0.129660    2.761346 ^ _121_/Y (sg13g2_o21ai_1)
               0.121438    0.000000    2.761346 ^ _123_/B (sg13g2_xnor2_1)
   0.008451    0.105140    0.130010    2.891356 ^ _123_/Y (sg13g2_xnor2_1)
               0.105140    0.000000    2.891356 ^ _124_/A2 (sg13g2_o21ai_1)
   0.007953    0.068264    0.097339    2.988695 v _124_/Y (sg13g2_o21ai_1)
               0.068264    0.000000    2.988695 v _126_/B (sg13g2_xnor2_1)
   0.008313    0.070545    0.122381    3.111076 v _126_/Y (sg13g2_xnor2_1)
               0.070545    0.000000    3.111076 v _127_/A2 (sg13g2_o21ai_1)
   0.008140    0.121438    0.129660    3.240737 ^ _127_/Y (sg13g2_o21ai_1)
               0.121438    0.000000    3.240737 ^ _129_/B (sg13g2_xnor2_1)
   0.008451    0.105140    0.130010    3.370746 ^ _129_/Y (sg13g2_xnor2_1)
               0.105140    0.000000    3.370746 ^ _140_/B (sg13g2_xnor2_1)
   0.010000    0.117353    0.130091    3.500837 ^ _140_/Y (sg13g2_xnor2_1)
               0.117353    0.000000    3.500837 ^ sum[14] (out)
                                       3.500837   data arrival time

               0.000000  100.000000  100.000000   clock vclk (rise edge)
                           0.000000  100.000000   clock network delay (ideal)
                           0.000000  100.000000   clock reconvergence pessimism
                           0.000000  100.000000   output external delay
                                     100.000000   data required time
---------------------------------------------------------------------------------------
                                     100.000000   data required time
                                      -3.500837   data arrival time
---------------------------------------------------------------------------------------
                                      96.499161   slack (MET)


Startpoint: a[0] (input port clocked by vclk)
Endpoint: sum[13] (output port clocked by vclk)
Path Group: vclk
Path Type: max

        Cap        Slew       Delay        Time   Description
---------------------------------------------------------------------------------------
               0.000000    0.000000    0.000000   clock vclk (rise edge)
                           0.000000    0.000000   clock network delay (ideal)
                           0.000000    0.000000 v input external delay
   0.005035    0.050000    0.000000    0.000000 v a[0] (in)
               0.050000    0.000000    0.000000 v _077_/A (sg13g2_or2_1)
   0.005921    0.036782    0.118697    0.118697 v _077_/X (sg13g2_or2_1)
               0.036782    0.000000    0.118697 v _080_/A2 (sg13g2_a21oi_1)
   0.008011    0.093804    0.102932    0.221628 ^ _080_/Y (sg13g2_a21oi_1)
               0.093804    0.000000    0.221628 ^ _082_/B (sg13g2_xnor2_1)
   0.008257    0.103847    0.121170    0.342799 ^ _082_/Y (sg13g2_xnor2_1)
               0.103847    0.000000    0.342799 ^ _083_/A2 (sg13g2_a21oi_1)
   0.007914    0.073121    0.106442    0.449241 v _083_/Y (sg13g2_a21oi_1)
               0.073121    0.000000    0.449241 v _085_/B (sg13g2_xnor2_1)
   0.008109    0.103094    0.110576    0.559817 ^ _085_/Y (sg13g2_xnor2_1)
               0.103094    0.000000    0.559817 ^ _086_/A2 (sg13g2_a21o_1)
   0.011391    0.061272    0.152711    0.712528 ^ _086_/X (sg13g2_a21o_1)
               0.061272    0.000000    0.712528 ^ _088_/B (sg13g2_nor2_1)
   0.003257    0.027192    0.040042    0.752570 v _088_/Y (sg13g2_nor2_1)
               0.027192    0.000000    0.752570 v _090_/A2 (sg13g2_o21ai_1)
   0.007866    0.114472    0.110476    0.863045 ^ _090_/Y (sg13g2_o21ai_1)
               0.114472    0.000000    0.863045 ^ _092_/B (sg13g2_xor2_1)
   0.007863    0.094279    0.151347    1.014393 ^ _092_/X (sg13g2_xor2_1)
               0.094279    0.000000    1.014393 ^ _093_/A2 (sg13g2_a21o_1)
   0.008140    0.048863    0.139300    1.153693 ^ _093_/X (sg13g2_a21o_1)
               0.048863    0.000000    1.153693 ^ _095_/B (sg13g2_xnor2_1)
   0.008313    0.070545    0.082875    1.236567 v _095_/Y (sg13g2_xnor2_1)
               0.070545    0.000000    1.236567 v _096_/A2 (sg13g2_o21ai_1)
   0.008140    0.121438    0.129660    1.366228 ^ _096_/Y (sg13g2_o21ai_1)
               0.121438    0.000000    1.366228 ^ _098_/B (sg13g2_xnor2_1)
   0.008451    0.105049    0.130010    1.496237 ^ _098_/Y (sg13g2_xnor2_1)
               0.105049    0.000000    1.496237 ^ _099_/A2 (sg13g2_o21ai_1)
   0.007953    0.068242    0.097318    1.593555 v _099_/Y (sg13g2_o21ai_1)
               0.068242    0.000000    1.593555 v _101_/B (sg13g2_xnor2_1)
   0.008313    0.070545    0.122372    1.715927 v _101_/Y (sg13g2_xnor2_1)
               0.070545    0.000000    1.715927 v _102_/A2 (sg13g2_o21ai_1)
   0.011145    0.149278    0.151409    1.867336 ^ _102_/Y (sg13g2_o21ai_1)
               0.149278    0.000000    1.867336 ^ _104_/B (sg13g2_nor2_1)
   0.003257    0.041315    0.060455    1.927790 v _104_/Y (sg13g2_nor2_1)
               0.041315    0.000000    1.927790 v _112_/A2 (sg13g2_o21ai_1)
   0.008140    0.118398    0.118036    2.045826 ^ _112_/Y (sg13g2_o21ai_1)
               0.118398    0.000000    2.045826 ^ _114_/B (sg13g2_xnor2_1)
   0.008451    0.105195    0.129143    2.174969 ^ _114_/Y (sg13g2_xnor2_1)
               0.105195    0.000000    2.174969 ^ _115_/A2 (sg13g2_o21ai_1)
   0.007953    0.068277    0.097352    2.272321 v _115_/Y (sg13g2_o21ai_1)
               0.068277    0.000000    2.272321 v _117_/B (sg13g2_xnor2_1)
   0.008313    0.070545    0.122387    2.394708 v _117_/Y (sg13g2_xnor2_1)
               0.070545    0.000000    2.394708 v _118_/A2 (sg13g2_o21ai_1)
   0.008140    0.121438    0.129660    2.524368 ^ _118_/Y (sg13g2_o21ai_1)
               0.121438    0.000000    2.524368 ^ _120_/B (sg13g2_xnor2_1)
   0.008451    0.105141    0.130010    2.654378 ^ _120_/Y (sg13g2_xnor2_1)
               0.105141    0.000000    2.654378 ^ _121_/A2 (sg13g2_o21ai_1)
   0.007953    0.068264    0.097339    2.751717 v _121_/Y (sg13g2_o21ai_1)
               0.068264    0.000000    2.751717 v _123_/B (sg13g2_xnor2_1)
   0.008313    0.070545    0.122381    2.874098 v _123_/Y (sg13g2_xnor2_1)
               0.070545    0.000000    2.874098 v _124_/A2 (sg13g2_o21ai_1)
   0.008140    0.121438    0.129660    3.003758 ^ _124_/Y (sg13g2_o21ai_1)
               0.121438    0.000000    3.003758 ^ _126_/B (sg13g2_xnor2_1)
   0.008451    0.105140    0.130010    3.133768 ^ _126_/Y (sg13g2_xnor2_1)
               0.105140    0.000000    3.133768 ^ _138_/B (sg13g2_xnor2_1)
   0.010000    0.117353    0.130091    3.263859 ^ _138_/Y (sg13g2_xnor2_1)
               0.117353    0.000000    3.263859 ^ sum[13] (out)
                                       3.263859   data arrival time

               0.000000  100.000000  100.000000   clock vclk (rise edge)
                           0.000000  100.000000   clock network delay (ideal)
                           0.000000  100.000000   clock reconvergence pessimism
                           0.000000  100.000000   output external delay
                                     100.000000   data required time
---------------------------------------------------------------------------------------
                                     100.000000   data required time
                                      -3.263859   data arrival time
---------------------------------------------------------------------------------------
                                      96.736137   slack (MET)


Startpoint: a[0] (input port clocked by vclk)
Endpoint: sum[12] (output port clocked by vclk)
Path Group: vclk
Path Type: max

        Cap        Slew       Delay        Time   Description
---------------------------------------------------------------------------------------
               0.000000    0.000000    0.000000   clock vclk (rise edge)
                           0.000000    0.000000   clock network delay (ideal)
                           0.000000    0.000000 v input external delay
   0.005035    0.050000    0.000000    0.000000 v a[0] (in)
               0.050000    0.000000    0.000000 v _077_/A (sg13g2_or2_1)
   0.005921    0.036782    0.118697    0.118697 v _077_/X (sg13g2_or2_1)
               0.036782    0.000000    0.118697 v _080_/A2 (sg13g2_a21oi_1)
   0.008011    0.093804    0.102932    0.221628 ^ _080_/Y (sg13g2_a21oi_1)
               0.093804    0.000000    0.221628 ^ _082_/B (sg13g2_xnor2_1)
   0.008257    0.103847    0.121170    0.342799 ^ _082_/Y (sg13g2_xnor2_1)
               0.103847    0.000000    0.342799 ^ _083_/A2 (sg13g2_a21oi_1)
   0.007914    0.073121    0.106442    0.449241 v _083_/Y (sg13g2_a21oi_1)
               0.073121    0.000000    0.449241 v _085_/B (sg13g2_xnor2_1)
   0.008109    0.103094    0.110576    0.559817 ^ _085_/Y (sg13g2_xnor2_1)
               0.103094    0.000000    0.559817 ^ _086_/A2 (sg13g2_a21o_1)
   0.011391    0.061272    0.152711    0.712528 ^ _086_/X (sg13g2_a21o_1)
               0.061272    0.000000    0.712528 ^ _088_/B (sg13g2_nor2_1)
   0.003257    0.027192    0.040042    0.752570 v _088_/Y (sg13g2_nor2_1)
               0.027192    0.000000    0.752570 v _090_/A2 (sg13g2_o21ai_1)
   0.007866    0.114472    0.110476    0.863045 ^ _090_/Y (sg13g2_o21ai_1)
               0.114472    0.000000    0.863045 ^ _092_/B (sg13g2_xor2_1)
   0.007863    0.094279    0.151347    1.014393 ^ _092_/X (sg13g2_xor2_1)
               0.094279    0.000000    1.014393 ^ _093_/A2 (sg13g2_a21o_1)
   0.008140    0.048863    0.139300    1.153693 ^ _093_/X (sg13g2_a21o_1)
               0.048863    0.000000    1.153693 ^ _095_/B (sg13g2_xnor2_1)
   0.008313    0.070545    0.082875    1.236567 v _095_/Y (sg13g2_xnor2_1)
               0.070545    0.000000    1.236567 v _096_/A2 (sg13g2_o21ai_1)
   0.008140    0.121438    0.129660    1.366228 ^ _096_/Y (sg13g2_o21ai_1)
               0.121438    0.000000    1.366228 ^ _098_/B (sg13g2_xnor2_1)
   0.008451    0.105049    0.130010    1.496237 ^ _098_/Y (sg13g2_xnor2_1)
               0.105049    0.000000    1.496237 ^ _099_/A2 (sg13g2_o21ai_1)
   0.007953    0.068242    0.097318    1.593555 v _099_/Y (sg13g2_o21ai_1)
               0.068242    0.000000    1.593555 v _101_/B (sg13g2_xnor2_1)
   0.008313    0.070545    0.122372    1.715927 v _101_/Y (sg13g2_xnor2_1)
               0.070545    0.000000    1.715927 v _102_/A2 (sg13g2_o21ai_1)
   0.011145    0.149278    0.151409    1.867336 ^ _102_/Y (sg13g2_o21ai_1)
               0.149278    0.000000    1.867336 ^ _104_/B (sg13g2_nor2_1)
   0.003257    0.041315    0.060455    1.927790 v _104_/Y (sg13g2_nor2_1)
               0.041315    0.000000    1.927790 v _112_/A2 (sg13g2_o21ai_1)
   0.008140    0.118398    0.118036    2.045826 ^ _112_/Y (sg13g2_o21ai_1)
               0.118398    0.000000    2.045826 ^ _114_/B (sg13g2_xnor2_1)
   0.008313    0.070545    0.106469    2.152295 v _114_/Y (sg13g2_xnor2_1)
               0.070545    0.000000    2.152295 v _115_/A2 (sg13g2_o21ai_1)
   0.008140    0.121438    0.129660    2.281955 ^ _115_/Y (sg13g2_o21ai_1)
               0.121438    0.000000    2.281955 ^ _117_/B (sg13g2_xnor2_1)
   0.008451    0.105142    0.130010    2.411965 ^ _117_/Y (sg13g2_xnor2_1)
               0.105142    0.000000    2.411965 ^ _118_/A2 (sg13g2_o21ai_1)
   0.007953    0.068264    0.097340    2.509305 v _118_/Y (sg13g2_o21ai_1)
               0.068264    0.000000    2.509305 v _120_/B (sg13g2_xnor2_1)
   0.008313    0.070545    0.122381    2.631686 v _120_/Y (sg13g2_xnor2_1)
               0.070545    0.000000    2.631686 v _121_/A2 (sg13g2_o21ai_1)
   0.008140    0.121438    0.129660    2.761346 ^ _121_/Y (sg13g2_o21ai_1)
               0.121438    0.000000    2.761346 ^ _123_/B (sg13g2_xnor2_1)
   0.008451    0.105140    0.130010    2.891356 ^ _123_/Y (sg13g2_xnor2_1)
               0.105140    0.000000    2.891356 ^ _136_/B (sg13g2_xnor2_1)
   0.010000    0.117353    0.130091    3.021447 ^ _136_/Y (sg13g2_xnor2_1)
               0.117353    0.000000    3.021447 ^ sum[12] (out)
                                       3.021447   data arrival time

               0.000000  100.000000  100.000000   clock vclk (rise edge)
                           0.000000  100.000000   clock network delay (ideal)
                           0.000000  100.000000   clock reconvergence pessimism
                           0.000000  100.000000   output external delay
                                     100.000000   data required time
---------------------------------------------------------------------------------------
                                     100.000000   data required time
                                      -3.021447   data arrival time
---------------------------------------------------------------------------------------
                                      96.978546   slack (MET)


Startpoint: a[0] (input port clocked by vclk)
Endpoint: sum[11] (output port clocked by vclk)
Path Group: vclk
Path Type: max

        Cap        Slew       Delay        Time   Description
---------------------------------------------------------------------------------------
               0.000000    0.000000    0.000000   clock vclk (rise edge)
                           0.000000    0.000000   clock network delay (ideal)
                           0.000000    0.000000 v input external delay
   0.005035    0.050000    0.000000    0.000000 v a[0] (in)
               0.050000    0.000000    0.000000 v _077_/A (sg13g2_or2_1)
   0.005921    0.036782    0.118697    0.118697 v _077_/X (sg13g2_or2_1)
               0.036782    0.000000    0.118697 v _080_/A2 (sg13g2_a21oi_1)
   0.008011    0.093804    0.102932    0.221628 ^ _080_/Y (sg13g2_a21oi_1)
               0.093804    0.000000    0.221628 ^ _082_/B (sg13g2_xnor2_1)
   0.008257    0.103847    0.121170    0.342799 ^ _082_/Y (sg13g2_xnor2_1)
               0.103847    0.000000    0.342799 ^ _083_/A2 (sg13g2_a21oi_1)
   0.007914    0.073121    0.106442    0.449241 v _083_/Y (sg13g2_a21oi_1)
               0.073121    0.000000    0.449241 v _085_/B (sg13g2_xnor2_1)
   0.008109    0.103094    0.110576    0.559817 ^ _085_/Y (sg13g2_xnor2_1)
               0.103094    0.000000    0.559817 ^ _086_/A2 (sg13g2_a21o_1)
   0.011391    0.061272    0.152711    0.712528 ^ _086_/X (sg13g2_a21o_1)
               0.061272    0.000000    0.712528 ^ _088_/B (sg13g2_nor2_1)
   0.003257    0.027192    0.040042    0.752570 v _088_/Y (sg13g2_nor2_1)
               0.027192    0.000000    0.752570 v _090_/A2 (sg13g2_o21ai_1)
   0.007866    0.114472    0.110476    0.863045 ^ _090_/Y (sg13g2_o21ai_1)
               0.114472    0.000000    0.863045 ^ _092_/B (sg13g2_xor2_1)
   0.007863    0.094279    0.151347    1.014393 ^ _092_/X (sg13g2_xor2_1)
               0.094279    0.000000    1.014393 ^ _093_/A2 (sg13g2_a21o_1)
   0.008140    0.048863    0.139300    1.153693 ^ _093_/X (sg13g2_a21o_1)
               0.048863    0.000000    1.153693 ^ _095_/B (sg13g2_xnor2_1)
   0.008313    0.070545    0.082875    1.236567 v _095_/Y (sg13g2_xnor2_1)
               0.070545    0.000000    1.236567 v _096_/A2 (sg13g2_o21ai_1)
   0.008140    0.121438    0.129660    1.366228 ^ _096_/Y (sg13g2_o21ai_1)
               0.121438    0.000000    1.366228 ^ _098_/B (sg13g2_xnor2_1)
   0.008451    0.105049    0.130010    1.496237 ^ _098_/Y (sg13g2_xnor2_1)
               0.105049    0.000000    1.496237 ^ _099_/A2 (sg13g2_o21ai_1)
   0.007953    0.068242    0.097318    1.593555 v _099_/Y (sg13g2_o21ai_1)
               0.068242    0.000000    1.593555 v _101_/B (sg13g2_xnor2_1)
   0.008313    0.070545    0.122372    1.715927 v _101_/Y (sg13g2_xnor2_1)
               0.070545    0.000000    1.715927 v _102_/A2 (sg13g2_o21ai_1)
   0.011145    0.149278    0.151409    1.867336 ^ _102_/Y (sg13g2_o21ai_1)
               0.149278    0.000000    1.867336 ^ _104_/B (sg13g2_nor2_1)
   0.003257    0.041315    0.060455    1.927790 v _104_/Y (sg13g2_nor2_1)
               0.041315    0.000000    1.927790 v _112_/A2 (sg13g2_o21ai_1)
   0.008140    0.118398    0.118036    2.045826 ^ _112_/Y (sg13g2_o21ai_1)
               0.118398    0.000000    2.045826 ^ _114_/B (sg13g2_xnor2_1)
   0.008451    0.105195    0.129143    2.174969 ^ _114_/Y (sg13g2_xnor2_1)
               0.105195    0.000000    2.174969 ^ _115_/A2 (sg13g2_o21ai_1)
   0.007953    0.068277    0.097352    2.272321 v _115_/Y (sg13g2_o21ai_1)
               0.068277    0.000000    2.272321 v _117_/B (sg13g2_xnor2_1)
   0.008313    0.070545    0.122387    2.394708 v _117_/Y (sg13g2_xnor2_1)
               0.070545    0.000000    2.394708 v _118_/A2 (sg13g2_o21ai_1)
   0.008140    0.121438    0.129660    2.524368 ^ _118_/Y (sg13g2_o21ai_1)
               0.121438    0.000000    2.524368 ^ _120_/B (sg13g2_xnor2_1)
   0.008451    0.105141    0.130010    2.654378 ^ _120_/Y (sg13g2_xnor2_1)
               0.105141    0.000000    2.654378 ^ _141_/B (sg13g2_xnor2_1)
   0.010000    0.117353    0.130091    2.784469 ^ _141_/Y (sg13g2_xnor2_1)
               0.117353    0.000000    2.784469 ^ sum[11] (out)
                                       2.784469   data arrival time

               0.000000  100.000000  100.000000   clock vclk (rise edge)
                           0.000000  100.000000   clock network delay (ideal)
                           0.000000  100.000000   clock reconvergence pessimism
                           0.000000  100.000000   output external delay
                                     100.000000   data required time
---------------------------------------------------------------------------------------
                                     100.000000   data required time
                                      -2.784469   data arrival time
---------------------------------------------------------------------------------------
                                      97.215530   slack (MET)


Startpoint: a[0] (input port clocked by vclk)
Endpoint: sum[10] (output port clocked by vclk)
Path Group: vclk
Path Type: max

        Cap        Slew       Delay        Time   Description
---------------------------------------------------------------------------------------
               0.000000    0.000000    0.000000   clock vclk (rise edge)
                           0.000000    0.000000   clock network delay (ideal)
                           0.000000    0.000000 v input external delay
   0.005035    0.050000    0.000000    0.000000 v a[0] (in)
               0.050000    0.000000    0.000000 v _077_/A (sg13g2_or2_1)
   0.005921    0.036782    0.118697    0.118697 v _077_/X (sg13g2_or2_1)
               0.036782    0.000000    0.118697 v _080_/A2 (sg13g2_a21oi_1)
   0.008011    0.093804    0.102932    0.221628 ^ _080_/Y (sg13g2_a21oi_1)
               0.093804    0.000000    0.221628 ^ _082_/B (sg13g2_xnor2_1)
   0.008257    0.103847    0.121170    0.342799 ^ _082_/Y (sg13g2_xnor2_1)
               0.103847    0.000000    0.342799 ^ _083_/A2 (sg13g2_a21oi_1)
   0.007914    0.073121    0.106442    0.449241 v _083_/Y (sg13g2_a21oi_1)
               0.073121    0.000000    0.449241 v _085_/B (sg13g2_xnor2_1)
   0.008109    0.103094    0.110576    0.559817 ^ _085_/Y (sg13g2_xnor2_1)
               0.103094    0.000000    0.559817 ^ _086_/A2 (sg13g2_a21o_1)
   0.011391    0.061272    0.152711    0.712528 ^ _086_/X (sg13g2_a21o_1)
               0.061272    0.000000    0.712528 ^ _088_/B (sg13g2_nor2_1)
   0.003257    0.027192    0.040042    0.752570 v _088_/Y (sg13g2_nor2_1)
               0.027192    0.000000    0.752570 v _090_/A2 (sg13g2_o21ai_1)
   0.007866    0.114472    0.110476    0.863045 ^ _090_/Y (sg13g2_o21ai_1)
               0.114472    0.000000    0.863045 ^ _092_/B (sg13g2_xor2_1)
   0.007863    0.094279    0.151347    1.014393 ^ _092_/X (sg13g2_xor2_1)
               0.094279    0.000000    1.014393 ^ _093_/A2 (sg13g2_a21o_1)
   0.008140    0.048863    0.139300    1.153693 ^ _093_/X (sg13g2_a21o_1)
               0.048863    0.000000    1.153693 ^ _095_/B (sg13g2_xnor2_1)
   0.008313    0.070545    0.082875    1.236567 v _095_/Y (sg13g2_xnor2_1)
               0.070545    0.000000    1.236567 v _096_/A2 (sg13g2_o21ai_1)
   0.008140    0.121438    0.129660    1.366228 ^ _096_/Y (sg13g2_o21ai_1)
               0.121438    0.000000    1.366228 ^ _098_/B (sg13g2_xnor2_1)
   0.008451    0.105049    0.130010    1.496237 ^ _098_/Y (sg13g2_xnor2_1)
               0.105049    0.000000    1.496237 ^ _099_/A2 (sg13g2_o21ai_1)
   0.007953    0.068242    0.097318    1.593555 v _099_/Y (sg13g2_o21ai_1)
               0.068242    0.000000    1.593555 v _101_/B (sg13g2_xnor2_1)
   0.008313    0.070545    0.122372    1.715927 v _101_/Y (sg13g2_xnor2_1)
               0.070545    0.000000    1.715927 v _102_/A2 (sg13g2_o21ai_1)
   0.011145    0.149278    0.151409    1.867336 ^ _102_/Y (sg13g2_o21ai_1)
               0.149278    0.000000    1.867336 ^ _104_/B (sg13g2_nor2_1)
   0.003257    0.041315    0.060455    1.927790 v _104_/Y (sg13g2_nor2_1)
               0.041315    0.000000    1.927790 v _112_/A2 (sg13g2_o21ai_1)
   0.008140    0.118398    0.118036    2.045826 ^ _112_/Y (sg13g2_o21ai_1)
               0.118398    0.000000    2.045826 ^ _114_/B (sg13g2_xnor2_1)
   0.008313    0.070545    0.106469    2.152295 v _114_/Y (sg13g2_xnor2_1)
               0.070545    0.000000    2.152295 v _115_/A2 (sg13g2_o21ai_1)
   0.008140    0.121438    0.129660    2.281955 ^ _115_/Y (sg13g2_o21ai_1)
               0.121438    0.000000    2.281955 ^ _117_/B (sg13g2_xnor2_1)
   0.008451    0.105142    0.130010    2.411965 ^ _117_/Y (sg13g2_xnor2_1)
               0.105142    0.000000    2.411965 ^ _137_/B (sg13g2_xnor2_1)
   0.010000    0.117353    0.130091    2.542056 ^ _137_/Y (sg13g2_xnor2_1)
               0.117353    0.000000    2.542056 ^ sum[10] (out)
                                       2.542056   data arrival time

               0.000000  100.000000  100.000000   clock vclk (rise edge)
                           0.000000  100.000000   clock network delay (ideal)
                           0.000000  100.000000   clock reconvergence pessimism
                           0.000000  100.000000   output external delay
                                     100.000000   data required time
---------------------------------------------------------------------------------------
                                     100.000000   data required time
                                      -2.542056   data arrival time
---------------------------------------------------------------------------------------
                                      97.457939   slack (MET)


Startpoint: a[0] (input port clocked by vclk)
Endpoint: sum[9] (output port clocked by vclk)
Path Group: vclk
Path Type: max

        Cap        Slew       Delay        Time   Description
---------------------------------------------------------------------------------------
               0.000000    0.000000    0.000000   clock vclk (rise edge)
                           0.000000    0.000000   clock network delay (ideal)
                           0.000000    0.000000 v input external delay
   0.005035    0.050000    0.000000    0.000000 v a[0] (in)
               0.050000    0.000000    0.000000 v _077_/A (sg13g2_or2_1)
   0.005921    0.036782    0.118697    0.118697 v _077_/X (sg13g2_or2_1)
               0.036782    0.000000    0.118697 v _080_/A2 (sg13g2_a21oi_1)
   0.008011    0.093804    0.102932    0.221628 ^ _080_/Y (sg13g2_a21oi_1)
               0.093804    0.000000    0.221628 ^ _082_/B (sg13g2_xnor2_1)
   0.008257    0.103847    0.121170    0.342799 ^ _082_/Y (sg13g2_xnor2_1)
               0.103847    0.000000    0.342799 ^ _083_/A2 (sg13g2_a21oi_1)
   0.007914    0.073121    0.106442    0.449241 v _083_/Y (sg13g2_a21oi_1)
               0.073121    0.000000    0.449241 v _085_/B (sg13g2_xnor2_1)
   0.008109    0.103094    0.110576    0.559817 ^ _085_/Y (sg13g2_xnor2_1)
               0.103094    0.000000    0.559817 ^ _086_/A2 (sg13g2_a21o_1)
   0.011391    0.061272    0.152711    0.712528 ^ _086_/X (sg13g2_a21o_1)
               0.061272    0.000000    0.712528 ^ _088_/B (sg13g2_nor2_1)
   0.003257    0.027192    0.040042    0.752570 v _088_/Y (sg13g2_nor2_1)
               0.027192    0.000000    0.752570 v _090_/A2 (sg13g2_o21ai_1)
   0.007866    0.114472    0.110476    0.863045 ^ _090_/Y (sg13g2_o21ai_1)
               0.114472    0.000000    0.863045 ^ _092_/B (sg13g2_xor2_1)
   0.007863    0.094279    0.151347    1.014393 ^ _092_/X (sg13g2_xor2_1)
               0.094279    0.000000    1.014393 ^ _093_/A2 (sg13g2_a21o_1)
   0.008140    0.048863    0.139300    1.153693 ^ _093_/X (sg13g2_a21o_1)
               0.048863    0.000000    1.153693 ^ _095_/B (sg13g2_xnor2_1)
   0.008313    0.070545    0.082875    1.236567 v _095_/Y (sg13g2_xnor2_1)
               0.070545    0.000000    1.236567 v _096_/A2 (sg13g2_o21ai_1)
   0.008140    0.121438    0.129660    1.366228 ^ _096_/Y (sg13g2_o21ai_1)
               0.121438    0.000000    1.366228 ^ _098_/B (sg13g2_xnor2_1)
   0.008451    0.105049    0.130010    1.496237 ^ _098_/Y (sg13g2_xnor2_1)
               0.105049    0.000000    1.496237 ^ _099_/A2 (sg13g2_o21ai_1)
   0.007953    0.068242    0.097318    1.593555 v _099_/Y (sg13g2_o21ai_1)
               0.068242    0.000000    1.593555 v _101_/B (sg13g2_xnor2_1)
   0.008313    0.070545    0.122372    1.715927 v _101_/Y (sg13g2_xnor2_1)
               0.070545    0.000000    1.715927 v _102_/A2 (sg13g2_o21ai_1)
   0.011145    0.149278    0.151409    1.867336 ^ _102_/Y (sg13g2_o21ai_1)
               0.149278    0.000000    1.867336 ^ _104_/B (sg13g2_nor2_1)
   0.003257    0.041315    0.060455    1.927790 v _104_/Y (sg13g2_nor2_1)
               0.041315    0.000000    1.927790 v _112_/A2 (sg13g2_o21ai_1)
   0.008140    0.118398    0.118036    2.045826 ^ _112_/Y (sg13g2_o21ai_1)
               0.118398    0.000000    2.045826 ^ _114_/B (sg13g2_xnor2_1)
   0.008451    0.105195    0.129143    2.174969 ^ _114_/Y (sg13g2_xnor2_1)
               0.105195    0.000000    2.174969 ^ _135_/B (sg13g2_xnor2_1)
   0.010000    0.117353    0.130107    2.305076 ^ _135_/Y (sg13g2_xnor2_1)
               0.117353    0.000000    2.305076 ^ sum[9] (out)
                                       2.305076   data arrival time

               0.000000  100.000000  100.000000   clock vclk (rise edge)
                           0.000000  100.000000   clock network delay (ideal)
                           0.000000  100.000000   clock reconvergence pessimism
                           0.000000  100.000000   output external delay
                                     100.000000   data required time
---------------------------------------------------------------------------------------
                                     100.000000   data required time
                                      -2.305076   data arrival time
---------------------------------------------------------------------------------------
                                      97.694916   slack (MET)


Startpoint: a[0] (input port clocked by vclk)
Endpoint: sum[8] (output port clocked by vclk)
Path Group: vclk
Path Type: max

        Cap        Slew       Delay        Time   Description
---------------------------------------------------------------------------------------
               0.000000    0.000000    0.000000   clock vclk (rise edge)
                           0.000000    0.000000   clock network delay (ideal)
                           0.000000    0.000000 v input external delay
   0.005035    0.050000    0.000000    0.000000 v a[0] (in)
               0.050000    0.000000    0.000000 v _077_/A (sg13g2_or2_1)
   0.005921    0.036782    0.118697    0.118697 v _077_/X (sg13g2_or2_1)
               0.036782    0.000000    0.118697 v _080_/A2 (sg13g2_a21oi_1)
   0.008011    0.093804    0.102932    0.221628 ^ _080_/Y (sg13g2_a21oi_1)
               0.093804    0.000000    0.221628 ^ _082_/B (sg13g2_xnor2_1)
   0.008257    0.103847    0.121170    0.342799 ^ _082_/Y (sg13g2_xnor2_1)
               0.103847    0.000000    0.342799 ^ _083_/A2 (sg13g2_a21oi_1)
   0.007914    0.073121    0.106442    0.449241 v _083_/Y (sg13g2_a21oi_1)
               0.073121    0.000000    0.449241 v _085_/B (sg13g2_xnor2_1)
   0.008109    0.103094    0.110576    0.559817 ^ _085_/Y (sg13g2_xnor2_1)
               0.103094    0.000000    0.559817 ^ _086_/A2 (sg13g2_a21o_1)
   0.011391    0.061272    0.152711    0.712528 ^ _086_/X (sg13g2_a21o_1)
               0.061272    0.000000    0.712528 ^ _088_/B (sg13g2_nor2_1)
   0.003257    0.027192    0.040042    0.752570 v _088_/Y (sg13g2_nor2_1)
               0.027192    0.000000    0.752570 v _090_/A2 (sg13g2_o21ai_1)
   0.007866    0.114472    0.110476    0.863045 ^ _090_/Y (sg13g2_o21ai_1)
               0.114472    0.000000    0.863045 ^ _092_/B (sg13g2_xor2_1)
   0.007863    0.094279    0.151347    1.014393 ^ _092_/X (sg13g2_xor2_1)
               0.094279    0.000000    1.014393 ^ _093_/A2 (sg13g2_a21o_1)
   0.008140    0.048863    0.139300    1.153693 ^ _093_/X (sg13g2_a21o_1)
               0.048863    0.000000    1.153693 ^ _095_/B (sg13g2_xnor2_1)
   0.008313    0.070545    0.082875    1.236567 v _095_/Y (sg13g2_xnor2_1)
               0.070545    0.000000    1.236567 v _096_/A2 (sg13g2_o21ai_1)
   0.008140    0.121438    0.129660    1.366228 ^ _096_/Y (sg13g2_o21ai_1)
               0.121438    0.000000    1.366228 ^ _098_/B (sg13g2_xnor2_1)
   0.008451    0.105049    0.130010    1.496237 ^ _098_/Y (sg13g2_xnor2_1)
               0.105049    0.000000    1.496237 ^ _099_/A2 (sg13g2_o21ai_1)
   0.007953    0.068242    0.097318    1.593555 v _099_/Y (sg13g2_o21ai_1)
               0.068242    0.000000    1.593555 v _101_/B (sg13g2_xnor2_1)
   0.008313    0.070545    0.122372    1.715927 v _101_/Y (sg13g2_xnor2_1)
               0.070545    0.000000    1.715927 v _102_/A2 (sg13g2_o21ai_1)
   0.011145    0.149278    0.151409    1.867336 ^ _102_/Y (sg13g2_o21ai_1)
               0.149278    0.000000    1.867336 ^ _105_/B (sg13g2_xnor2_1)
   0.005004    0.080776    0.127353    1.994689 ^ _105_/Y (sg13g2_xnor2_1)
               0.080776    0.000000    1.994689 ^ _106_/B (sg13g2_xnor2_1)
   0.010000    0.115715    0.121023    2.115712 ^ _106_/Y (sg13g2_xnor2_1)
               0.115715    0.000000    2.115712 ^ sum[8] (out)
                                       2.115712   data arrival time

               0.000000  100.000000  100.000000   clock vclk (rise edge)
                           0.000000  100.000000   clock network delay (ideal)
                           0.000000  100.000000   clock reconvergence pessimism
                           0.000000  100.000000   output external delay
                                     100.000000   data required time
---------------------------------------------------------------------------------------
                                     100.000000   data required time
                                      -2.115712   data arrival time
---------------------------------------------------------------------------------------
                                      97.884285   slack (MET)


Startpoint: a[0] (input port clocked by vclk)
Endpoint: sum[7] (output port clocked by vclk)
Path Group: vclk
Path Type: max

        Cap        Slew       Delay        Time   Description
---------------------------------------------------------------------------------------
               0.000000    0.000000    0.000000   clock vclk (rise edge)
                           0.000000    0.000000   clock network delay (ideal)
                           0.000000    0.000000 v input external delay
   0.005035    0.050000    0.000000    0.000000 v a[0] (in)
               0.050000    0.000000    0.000000 v _077_/A (sg13g2_or2_1)
   0.005921    0.036782    0.118697    0.118697 v _077_/X (sg13g2_or2_1)
               0.036782    0.000000    0.118697 v _080_/A2 (sg13g2_a21oi_1)
   0.008011    0.093804    0.102932    0.221628 ^ _080_/Y (sg13g2_a21oi_1)
               0.093804    0.000000    0.221628 ^ _082_/B (sg13g2_xnor2_1)
   0.008257    0.103847    0.121170    0.342799 ^ _082_/Y (sg13g2_xnor2_1)
               0.103847    0.000000    0.342799 ^ _083_/A2 (sg13g2_a21oi_1)
   0.007914    0.073121    0.106442    0.449241 v _083_/Y (sg13g2_a21oi_1)
               0.073121    0.000000    0.449241 v _085_/B (sg13g2_xnor2_1)
   0.008109    0.103094    0.110576    0.559817 ^ _085_/Y (sg13g2_xnor2_1)
               0.103094    0.000000    0.559817 ^ _086_/A2 (sg13g2_a21o_1)
   0.011391    0.061272    0.152711    0.712528 ^ _086_/X (sg13g2_a21o_1)
               0.061272    0.000000    0.712528 ^ _088_/B (sg13g2_nor2_1)
   0.003257    0.027192    0.040042    0.752570 v _088_/Y (sg13g2_nor2_1)
               0.027192    0.000000    0.752570 v _090_/A2 (sg13g2_o21ai_1)
   0.007866    0.114472    0.110476    0.863045 ^ _090_/Y (sg13g2_o21ai_1)
               0.114472    0.000000    0.863045 ^ _092_/B (sg13g2_xor2_1)
   0.007863    0.094279    0.151347    1.014393 ^ _092_/X (sg13g2_xor2_1)
               0.094279    0.000000    1.014393 ^ _093_/A2 (sg13g2_a21o_1)
   0.008140    0.048863    0.139300    1.153693 ^ _093_/X (sg13g2_a21o_1)
               0.048863    0.000000    1.153693 ^ _095_/B (sg13g2_xnor2_1)
   0.008451    0.101992    0.102996    1.256688 ^ _095_/Y (sg13g2_xnor2_1)
               0.101992    0.000000    1.256688 ^ _096_/A2 (sg13g2_o21ai_1)
   0.007953    0.067504    0.096599    1.353288 v _096_/Y (sg13g2_o21ai_1)
               0.067504    0.000000    1.353288 v _098_/B (sg13g2_xnor2_1)
   0.008313    0.070545    0.122064    1.475352 v _098_/Y (sg13g2_xnor2_1)
               0.070545    0.000000    1.475352 v _099_/A2 (sg13g2_o21ai_1)
   0.008140    0.121438    0.129660    1.605012 ^ _099_/Y (sg13g2_o21ai_1)
               0.121438    0.000000    1.605012 ^ _101_/B (sg13g2_xnor2_1)
   0.008451    0.105138    0.130010    1.735022 ^ _101_/Y (sg13g2_xnor2_1)
               0.105138    0.000000    1.735022 ^ _109_/B (sg13g2_xnor2_1)
   0.010000    0.117353    0.130090    1.865112 ^ _109_/Y (sg13g2_xnor2_1)
               0.117353    0.000000    1.865112 ^ sum[7] (out)
                                       1.865112   data arrival time

               0.000000  100.000000  100.000000   clock vclk (rise edge)
                           0.000000  100.000000   clock network delay (ideal)
                           0.000000  100.000000   clock reconvergence pessimism
                           0.000000  100.000000   output external delay
                                     100.000000   data required time
---------------------------------------------------------------------------------------
                                     100.000000   data required time
                                      -1.865112   data arrival time
---------------------------------------------------------------------------------------
                                      98.134888   slack (MET)


Startpoint: a[0] (input port clocked by vclk)
Endpoint: sum[6] (output port clocked by vclk)
Path Group: vclk
Path Type: max

        Cap        Slew       Delay        Time   Description
---------------------------------------------------------------------------------------
               0.000000    0.000000    0.000000   clock vclk (rise edge)
                           0.000000    0.000000   clock network delay (ideal)
                           0.000000    0.000000 v input external delay
   0.005035    0.050000    0.000000    0.000000 v a[0] (in)
               0.050000    0.000000    0.000000 v _077_/A (sg13g2_or2_1)
   0.005921    0.036782    0.118697    0.118697 v _077_/X (sg13g2_or2_1)
               0.036782    0.000000    0.118697 v _080_/A2 (sg13g2_a21oi_1)
   0.008011    0.093804    0.102932    0.221628 ^ _080_/Y (sg13g2_a21oi_1)
               0.093804    0.000000    0.221628 ^ _082_/B (sg13g2_xnor2_1)
   0.008257    0.103847    0.121170    0.342799 ^ _082_/Y (sg13g2_xnor2_1)
               0.103847    0.000000    0.342799 ^ _083_/A2 (sg13g2_a21oi_1)
   0.007914    0.073121    0.106442    0.449241 v _083_/Y (sg13g2_a21oi_1)
               0.073121    0.000000    0.449241 v _085_/B (sg13g2_xnor2_1)
   0.008109    0.103094    0.110576    0.559817 ^ _085_/Y (sg13g2_xnor2_1)
               0.103094    0.000000    0.559817 ^ _086_/A2 (sg13g2_a21o_1)
   0.011391    0.061272    0.152711    0.712528 ^ _086_/X (sg13g2_a21o_1)
               0.061272    0.000000    0.712528 ^ _088_/B (sg13g2_nor2_1)
   0.003257    0.027192    0.040042    0.752570 v _088_/Y (sg13g2_nor2_1)
               0.027192    0.000000    0.752570 v _090_/A2 (sg13g2_o21ai_1)
   0.007866    0.114472    0.110476    0.863045 ^ _090_/Y (sg13g2_o21ai_1)
               0.114472    0.000000    0.863045 ^ _092_/B (sg13g2_xor2_1)
   0.007863    0.094279    0.151347    1.014393 ^ _092_/X (sg13g2_xor2_1)
               0.094279    0.000000    1.014393 ^ _093_/A2 (sg13g2_a21o_1)
   0.008140    0.048863    0.139300    1.153693 ^ _093_/X (sg13g2_a21o_1)
               0.048863    0.000000    1.153693 ^ _095_/B (sg13g2_xnor2_1)
   0.008313    0.070545    0.082875    1.236567 v _095_/Y (sg13g2_xnor2_1)
               0.070545    0.000000    1.236567 v _096_/A2 (sg13g2_o21ai_1)
   0.008140    0.121438    0.129660    1.366228 ^ _096_/Y (sg13g2_o21ai_1)
               0.121438    0.000000    1.366228 ^ _098_/B (sg13g2_xnor2_1)
   0.008451    0.105049    0.130010    1.496237 ^ _098_/Y (sg13g2_xnor2_1)
               0.105049    0.000000    1.496237 ^ _134_/B (sg13g2_xnor2_1)
   0.010000    0.117353    0.130065    1.626302 ^ _134_/Y (sg13g2_xnor2_1)
               0.117353    0.000000    1.626302 ^ sum[6] (out)
                                       1.626302   data arrival time

               0.000000  100.000000  100.000000   clock vclk (rise edge)
                           0.000000  100.000000   clock network delay (ideal)
                           0.000000  100.000000   clock reconvergence pessimism
                           0.000000  100.000000   output external delay
                                     100.000000   data required time
---------------------------------------------------------------------------------------
                                     100.000000   data required time
                                      -1.626302   data arrival time
---------------------------------------------------------------------------------------
                                      98.373695   slack (MET)


Startpoint: a[0] (input port clocked by vclk)
Endpoint: sum[5] (output port clocked by vclk)
Path Group: vclk
Path Type: max

        Cap        Slew       Delay        Time   Description
---------------------------------------------------------------------------------------
               0.000000    0.000000    0.000000   clock vclk (rise edge)
                           0.000000    0.000000   clock network delay (ideal)
                           0.000000    0.000000 v input external delay
   0.005035    0.050000    0.000000    0.000000 v a[0] (in)
               0.050000    0.000000    0.000000 v _077_/A (sg13g2_or2_1)
   0.005921    0.036782    0.118697    0.118697 v _077_/X (sg13g2_or2_1)
               0.036782    0.000000    0.118697 v _080_/A2 (sg13g2_a21oi_1)
   0.008011    0.093804    0.102932    0.221628 ^ _080_/Y (sg13g2_a21oi_1)
               0.093804    0.000000    0.221628 ^ _082_/B (sg13g2_xnor2_1)
   0.008257    0.103847    0.121170    0.342799 ^ _082_/Y (sg13g2_xnor2_1)
               0.103847    0.000000    0.342799 ^ _083_/A2 (sg13g2_a21oi_1)
   0.007914    0.073121    0.106442    0.449241 v _083_/Y (sg13g2_a21oi_1)
               0.073121    0.000000    0.449241 v _085_/B (sg13g2_xnor2_1)
   0.008109    0.103094    0.110576    0.559817 ^ _085_/Y (sg13g2_xnor2_1)
               0.103094    0.000000    0.559817 ^ _086_/A2 (sg13g2_a21o_1)
   0.011391    0.061272    0.152711    0.712528 ^ _086_/X (sg13g2_a21o_1)
               0.061272    0.000000    0.712528 ^ _088_/B (sg13g2_nor2_1)
   0.003257    0.027192    0.040042    0.752570 v _088_/Y (sg13g2_nor2_1)
               0.027192    0.000000    0.752570 v _090_/A2 (sg13g2_o21ai_1)
   0.007866    0.114472    0.110476    0.863045 ^ _090_/Y (sg13g2_o21ai_1)
               0.114472    0.000000    0.863045 ^ _092_/B (sg13g2_xor2_1)
   0.007863    0.094279    0.151347    1.014393 ^ _092_/X (sg13g2_xor2_1)
               0.094279    0.000000    1.014393 ^ _093_/A2 (sg13g2_a21o_1)
   0.008140    0.048863    0.139300    1.153693 ^ _093_/X (sg13g2_a21o_1)
               0.048863    0.000000    1.153693 ^ _095_/B (sg13g2_xnor2_1)
   0.008451    0.101992    0.102996    1.256688 ^ _095_/Y (sg13g2_xnor2_1)
               0.101992    0.000000    1.256688 ^ _108_/B (sg13g2_xnor2_1)
   0.010000    0.117353    0.129191    1.385879 ^ _108_/Y (sg13g2_xnor2_1)
               0.117353    0.000000    1.385879 ^ sum[5] (out)
                                       1.385879   data arrival time

               0.000000  100.000000  100.000000   clock vclk (rise edge)
                           0.000000  100.000000   clock network delay (ideal)
                           0.000000  100.000000   clock reconvergence pessimism
                           0.000000  100.000000   output external delay
                                     100.000000   data required time
---------------------------------------------------------------------------------------
                                     100.000000   data required time
                                      -1.385879   data arrival time
---------------------------------------------------------------------------------------
                                      98.614120   slack (MET)


Startpoint: a[0] (input port clocked by vclk)
Endpoint: sum[4] (output port clocked by vclk)
Path Group: vclk
Path Type: max

        Cap        Slew       Delay        Time   Description
---------------------------------------------------------------------------------------
               0.000000    0.000000    0.000000   clock vclk (rise edge)
                           0.000000    0.000000   clock network delay (ideal)
                           0.000000    0.000000 v input external delay
   0.005035    0.050000    0.000000    0.000000 v a[0] (in)
               0.050000    0.000000    0.000000 v _077_/A (sg13g2_or2_1)
   0.005921    0.036782    0.118697    0.118697 v _077_/X (sg13g2_or2_1)
               0.036782    0.000000    0.118697 v _080_/A2 (sg13g2_a21oi_1)
   0.008011    0.093804    0.102932    0.221628 ^ _080_/Y (sg13g2_a21oi_1)
               0.093804    0.000000    0.221628 ^ _082_/B (sg13g2_xnor2_1)
   0.008257    0.103847    0.121170    0.342799 ^ _082_/Y (sg13g2_xnor2_1)
               0.103847    0.000000    0.342799 ^ _083_/A2 (sg13g2_a21oi_1)
   0.007914    0.073121    0.106442    0.449241 v _083_/Y (sg13g2_a21oi_1)
               0.073121    0.000000    0.449241 v _085_/B (sg13g2_xnor2_1)
   0.008109    0.103094    0.110576    0.559817 ^ _085_/Y (sg13g2_xnor2_1)
               0.103094    0.000000    0.559817 ^ _086_/A2 (sg13g2_a21o_1)
   0.011391    0.061272    0.152711    0.712528 ^ _086_/X (sg13g2_a21o_1)
               0.061272    0.000000    0.712528 ^ _088_/B (sg13g2_nor2_1)
   0.003257    0.027192    0.040042    0.752570 v _088_/Y (sg13g2_nor2_1)
               0.027192    0.000000    0.752570 v _090_/A2 (sg13g2_o21ai_1)
   0.007866    0.114472    0.110476    0.863045 ^ _090_/Y (sg13g2_o21ai_1)
               0.114472    0.000000    0.863045 ^ _092_/B (sg13g2_xor2_1)
   0.007863    0.094279    0.151347    1.014393 ^ _092_/X (sg13g2_xor2_1)
               0.094279    0.000000    1.014393 ^ _139_/B (sg13g2_xnor2_1)
   0.010000    0.118392    0.126678    1.141071 ^ _139_/Y (sg13g2_xnor2_1)
               0.118392    0.000000    1.141071 ^ sum[4] (out)
                                       1.141071   data arrival time

               0.000000  100.000000  100.000000   clock vclk (rise edge)
                           0.000000  100.000000   clock network delay (ideal)
                           0.000000  100.000000   clock reconvergence pessimism
                           0.000000  100.000000   output external delay
                                     100.000000   data required time
---------------------------------------------------------------------------------------
                                     100.000000   data required time
                                      -1.141071   data arrival time
---------------------------------------------------------------------------------------
                                      98.858932   slack (MET)


Startpoint: a[0] (input port clocked by vclk)
Endpoint: sum[3] (output port clocked by vclk)
Path Group: vclk
Path Type: max

        Cap        Slew       Delay        Time   Description
---------------------------------------------------------------------------------------
               0.000000    0.000000    0.000000   clock vclk (rise edge)
                           0.000000    0.000000   clock network delay (ideal)
                           0.000000    0.000000 v input external delay
   0.005035    0.050000    0.000000    0.000000 v a[0] (in)
               0.050000    0.000000    0.000000 v _077_/A (sg13g2_or2_1)
   0.005921    0.036782    0.118697    0.118697 v _077_/X (sg13g2_or2_1)
               0.036782    0.000000    0.118697 v _080_/A2 (sg13g2_a21oi_1)
   0.008011    0.093804    0.102932    0.221628 ^ _080_/Y (sg13g2_a21oi_1)
               0.093804    0.000000    0.221628 ^ _082_/B (sg13g2_xnor2_1)
   0.008257    0.103847    0.121170    0.342799 ^ _082_/Y (sg13g2_xnor2_1)
               0.103847    0.000000    0.342799 ^ _083_/A2 (sg13g2_a21oi_1)
   0.007914    0.073121    0.106442    0.449241 v _083_/Y (sg13g2_a21oi_1)
               0.073121    0.000000    0.449241 v _085_/B (sg13g2_xnor2_1)
   0.007861    0.068074    0.122534    0.571775 v _085_/Y (sg13g2_xnor2_1)
               0.068074    0.000000    0.571775 v _086_/A2 (sg13g2_a21o_1)
   0.010842    0.050371    0.148630    0.720405 v _086_/X (sg13g2_a21o_1)
               0.050371    0.000000    0.720405 v _089_/B (sg13g2_xor2_1)
   0.005056    0.057029    0.104916    0.825321 v _089_/X (sg13g2_xor2_1)
               0.057029    0.000000    0.825321 v _107_/B (sg13g2_xnor2_1)
   0.010000    0.079776    0.124660    0.949980 v _107_/Y (sg13g2_xnor2_1)
               0.079776    0.000000    0.949980 v sum[3] (out)
                                       0.949980   data arrival time

               0.000000  100.000000  100.000000   clock vclk (rise edge)
                           0.000000  100.000000   clock network delay (ideal)
                           0.000000  100.000000   clock reconvergence pessimism
                           0.000000  100.000000   output external delay
                                     100.000000   data required time
---------------------------------------------------------------------------------------
                                     100.000000   data required time
                                      -0.949980   data arrival time
---------------------------------------------------------------------------------------
                                      99.050018   slack (MET)


Startpoint: a[0] (input port clocked by vclk)
Endpoint: sum[2] (output port clocked by vclk)
Path Group: vclk
Path Type: max

        Cap        Slew       Delay        Time   Description
---------------------------------------------------------------------------------------
               0.000000    0.000000    0.000000   clock vclk (rise edge)
                           0.000000    0.000000   clock network delay (ideal)
                           0.000000    0.000000 v input external delay
   0.005035    0.050000    0.000000    0.000000 v a[0] (in)
               0.050000    0.000000    0.000000 v _077_/A (sg13g2_or2_1)
   0.005921    0.036782    0.118697    0.118697 v _077_/X (sg13g2_or2_1)
               0.036782    0.000000    0.118697 v _080_/A2 (sg13g2_a21oi_1)
   0.008011    0.093804    0.102932    0.221628 ^ _080_/Y (sg13g2_a21oi_1)
               0.093804    0.000000    0.221628 ^ _082_/B (sg13g2_xnor2_1)
   0.008257    0.103847    0.121170    0.342799 ^ _082_/Y (sg13g2_xnor2_1)
               0.103847    0.000000    0.342799 ^ _083_/A2 (sg13g2_a21oi_1)
   0.007914    0.073121    0.106442    0.449241 v _083_/Y (sg13g2_a21oi_1)
               0.073121    0.000000    0.449241 v _085_/B (sg13g2_xnor2_1)
   0.008109    0.103094    0.110576    0.559817 ^ _085_/Y (sg13g2_xnor2_1)
               0.103094    0.000000    0.559817 ^ _111_/B (sg13g2_xor2_1)
   0.010000    0.111479    0.160601    0.720418 ^ _111_/X (sg13g2_xor2_1)
               0.111479    0.000000    0.720418 ^ sum[2] (out)
                                       0.720418   data arrival time

               0.000000  100.000000  100.000000   clock vclk (rise edge)
                           0.000000  100.000000   clock network delay (ideal)
                           0.000000  100.000000   clock reconvergence pessimism
                           0.000000  100.000000   output external delay
                                     100.000000   data required time
---------------------------------------------------------------------------------------
                                     100.000000   data required time
                                      -0.720418   data arrival time
---------------------------------------------------------------------------------------
                                      99.279579   slack (MET)


Startpoint: a[0] (input port clocked by vclk)
Endpoint: sum[1] (output port clocked by vclk)
Path Group: vclk
Path Type: max

        Cap        Slew       Delay        Time   Description
---------------------------------------------------------------------------------------
               0.000000    0.000000    0.000000   clock vclk (rise edge)
                           0.000000    0.000000   clock network delay (ideal)
                           0.000000    0.000000 v input external delay
   0.005035    0.050000    0.000000    0.000000 v a[0] (in)
               0.050000    0.000000    0.000000 v _077_/A (sg13g2_or2_1)
   0.005921    0.036782    0.118697    0.118697 v _077_/X (sg13g2_or2_1)
               0.036782    0.000000    0.118697 v _080_/A2 (sg13g2_a21oi_1)
   0.008011    0.093804    0.102932    0.221628 ^ _080_/Y (sg13g2_a21oi_1)
               0.093804    0.000000    0.221628 ^ _082_/B (sg13g2_xnor2_1)
   0.008257    0.103847    0.121170    0.342799 ^ _082_/Y (sg13g2_xnor2_1)
               0.103847    0.000000    0.342799 ^ _110_/B (sg13g2_xor2_1)
   0.010000    0.111479    0.160813    0.503612 ^ _110_/X (sg13g2_xor2_1)
               0.111479    0.000000    0.503612 ^ sum[1] (out)
                                       0.503612   data arrival time

               0.000000  100.000000  100.000000   clock vclk (rise edge)
                           0.000000  100.000000   clock network delay (ideal)
                           0.000000  100.000000   clock reconvergence pessimism
                           0.000000  100.000000   output external delay
                                     100.000000   data required time
---------------------------------------------------------------------------------------
                                     100.000000   data required time
                                      -0.503612   data arrival time
---------------------------------------------------------------------------------------
                                      99.496384   slack (MET)


Startpoint: cin (input port clocked by vclk)
Endpoint: sum[0] (output port clocked by vclk)
Path Group: vclk
Path Type: max

        Cap        Slew       Delay        Time   Description
---------------------------------------------------------------------------------------
               0.000000    0.000000    0.000000   clock vclk (rise edge)
                           0.000000    0.000000   clock network delay (ideal)
                           0.000000    0.000000 v input external delay
   0.004752    0.050000    0.000000    0.000000 v cin (in)
               0.050000    0.000000    0.000000 v _076_/B (sg13g2_and2_1)
   0.005006    0.027688    0.086068    0.086068 v _076_/X (sg13g2_and2_1)
               0.027688    0.000000    0.086068 v _078_/A_N (sg13g2_nand2b_1)
   0.005056    0.044920    0.083651    0.169719 v _078_/Y (sg13g2_nand2b_1)
               0.044920    0.000000    0.169719 v _079_/B (sg13g2_xnor2_1)
   0.010000    0.079782    0.119585    0.289305 v _079_/Y (sg13g2_xnor2_1)
               0.079782    0.000000    0.289305 v sum[0] (out)
                                       0.289305   data arrival time

               0.000000  100.000000  100.000000   clock vclk (rise edge)
                           0.000000  100.000000   clock network delay (ideal)
                           0.000000  100.000000   clock reconvergence pessimism
                           0.000000  100.000000   output external delay
                                     100.000000   data required time
---------------------------------------------------------------------------------------
                                     100.000000   data required time
                                      -0.289305   data arrival time
---------------------------------------------------------------------------------------
                                      99.710693   slack (MET)


