
6. Printing statistics.

=== adder_top ===

        +----------Local Count, excluding submodules.
        |        +-Local Area, excluding submodules.
        |        | 
       22        - wires
       31        - wire bits
        5        - public wires
       14        - public wire bits
        5        - ports
       14        - port bits
       22   64.763 cells
        2    4.693   AND2X1
        2    5.632   AOI21X1
        6   11.263   NAND2X1
        2    4.693   NOR2X1
        2    5.632   OAI21X1
        2    4.693   OR2X1
        4   18.772   XNOR2X1
        2    9.386   XOR2X1

   Chip area for module '\adder_top': 64.763400
     of which used for sequential elements: 0.000000 (0.00%)

