
6. Printing statistics.

=== adder_top ===

        +----------Local Count, excluding submodules.
        |        +-Local Area, excluding submodules.
        |        | 
       38        - wires
       59        - wire bits
        5        - public wires
       26        - public wire bits
        5        - ports
       26        - port bits
       42   878.08 cells
        1   17.562   gf180mcu_fd_sc_mcu7t5v0__and2_1
        3   52.685   gf180mcu_fd_sc_mcu7t5v0__aoi21_1
        2   48.294   gf180mcu_fd_sc_mcu7t5v0__aoi221_1
        2   39.514   gf180mcu_fd_sc_mcu7t5v0__aoi22_1
        3   26.342   gf180mcu_fd_sc_mcu7t5v0__clkinv_1
        5    54.88   gf180mcu_fd_sc_mcu7t5v0__nand2_1
        8   105.37   gf180mcu_fd_sc_mcu7t5v0__nor2_1
        1   17.562   gf180mcu_fd_sc_mcu7t5v0__nor3_1
        1   21.952   gf180mcu_fd_sc_mcu7t5v0__oai211_1
        2   35.123   gf180mcu_fd_sc_mcu7t5v0__oai21_1
        1   24.147   gf180mcu_fd_sc_mcu7t5v0__oai31_1
        1   17.562   gf180mcu_fd_sc_mcu7t5v0__or2_1
        1   21.952   gf180mcu_fd_sc_mcu7t5v0__or3_1
        3   85.613   gf180mcu_fd_sc_mcu7t5v0__xnor2_1
        1   52.685   gf180mcu_fd_sc_mcu7t5v0__xnor3_1
        4   105.37   gf180mcu_fd_sc_mcu7t5v0__xor2_1
        3  151.469   gf180mcu_fd_sc_mcu7t5v0__xor3_1

   Chip area for module '\adder_top': 878.080000
     of which used for sequential elements: 0.000000 (0.00%)

