$ /usr/bin/time -v -o /home/duhaochen/website-trial-v1/data/spice-model-benchmark/95a0ef8b1deda29260e20c9b7f097c07/ngspice/resource.txt /usr/bin/python -m spice_model_benchmark.cli /home/duhaochen/pipeline_full_collection/benchmark-inputs/95a0ef8b1deda29260e20c9b7f097c07/ngspice.lib --simulator ngspice --modes dc transient ac noise --output-dir /home/duhaochen/website-trial-v1/data/spice-model-benchmark/95a0ef8b1deda29260e20c9b7f097c07 --dpi 120 --log-level WARNING
/home/duhaochen/spice_model_benchmark/src/spice_model_benchmark/verification_manager.py:1557: RuntimeWarning: divide by zero encountered in divide
  tc = np.mean((d_ids / d_temp) / np.abs(i_ds[:-1]))
SPICE Model Benchmark: /home/duhaochen/pipeline_full_collection/benchmark-inputs/95a0ef8b1deda29260e20c9b7f097c07/ngspice.lib
Simulators: ngspice
Modes: dc, transient, ac, noise
------------------------------------------------------------

============================================================
  Running: NGSPICE
  Output:  /home/duhaochen/website-trial-v1/data/spice-model-benchmark/95a0ef8b1deda29260e20c9b7f097c07/ngspice
============================================================
Vgs range: 0.000V to 1.200V
Ids range: -4.940e-04A to 0.000e+00A
Selected Vgs values: [0.  0.2 0.4 0.6 0.8 1.  1.2]
Vgs=0.000V: Ids range -5.062e-13A to -1.003e-16A
Vgs=0.200V: Ids range -2.651e-11A to 0.000e+00A
Vgs=0.400V: Ids range -2.804e-09A to 0.000e+00A
Vgs=0.600V: Ids range -2.483e-07A to 0.000e+00A
Vgs=0.800V: Ids range -1.242e-05A to 0.000e+00A
Vgs=1.000V: Ids range -1.767e-04A to 0.000e+00A
Vgs=1.200V: Ids range -4.940e-04A to 0.000e+00A
ids_variation: 8.095229085711779
ids_variation <= max_variation: False
tc: inf
abs(tc) <= max_tc: False
[WARNING]: Temperature effects verification failed - effects outside expected range
/home/duhaochen/spice_model_benchmark/src/spice_model_benchmark/verification_manager.py:1817: RuntimeWarning: divide by zero encountered in log
  log_ids = np.log(np.abs(i_ds))
/home/duhaochen/.local/lib/python3.9/site-packages/numpy/lib/function_base.py:2742: RuntimeWarning: invalid value encountered in subtract
  X -= avg[:, None]
/home/duhaochen/spice_model_benchmark/src/spice_model_benchmark/verification_manager.py:1862: RuntimeWarning: divide by zero encountered in divide
  efficiency = np.abs(gm / i_ds)  # Transconductance efficiency
/home/duhaochen/spice_model_benchmark/src/spice_model_benchmark/verification_manager.py:2701: RuntimeWarning: divide by zero encountered in divide
  dvg_dt = np.diff(gate_voltage) / dt
/home/duhaochen/spice_model_benchmark/src/spice_model_benchmark/verification_manager.py:2701: RuntimeWarning: invalid value encountered in divide
  dvg_dt = np.diff(gate_voltage) / dt
/home/duhaochen/spice_model_benchmark/src/spice_model_benchmark/verification_manager.py:2702: RuntimeWarning: invalid value encountered in divide
  dvd_dt = np.diff(drain_voltage) / dt
/home/duhaochen/spice_model_benchmark/src/spice_model_benchmark/verification_manager.py:2703: RuntimeWarning: divide by zero encountered in divide
  did_dt = np.diff(drain_current) / dt
[INFO]: S-parameter analysis plot saved to /home/duhaochen/website-trial-v1/data/spice-model-benchmark/95a0ef8b1deda29260e20c9b7f097c07/ngspice/plots/ac_cv_sparameter_analysis.png
[INFO]: NQS effects plot saved to /home/duhaochen/website-trial-v1/data/spice-model-benchmark/95a0ef8b1deda29260e20c9b7f097c07/ngspice/plots/ac_cv_nqs_effects.png
[INFO]: S-parameter analysis plot saved to /home/duhaochen/website-trial-v1/data/spice-model-benchmark/95a0ef8b1deda29260e20c9b7f097c07/ngspice/plots/ac_cv_sparameter_analysis.png
norm_dvg: [9.99997866e+11 9.98441794e+11 9.95336197e+11 ... 0.00000000e+00
 0.00000000e+00 0.00000000e+00]
norm_dvd: [0. 0. 0. ... 0. 0. 0.]
norm_did: [15850773.26187171 17336838.32376546  5696380.93954665 ...
        0.                0.                0.        ]
[WARNING]: Quasi-static verification failed
[WARNING]: Max normalized derivatives: dVg/dt=nan, dVd/dt=nan, dId/dt=inf
[WARNING]: Cannot compute correlation: constant data detected

  ngspice: ✓ PASS  (573.4s)

✓ Benchmark completed: /home/duhaochen/website-trial-v1/data/spice-model-benchmark/95a0ef8b1deda29260e20c9b7f097c07/ngspice
