
6. Printing statistics.

=== adder_top ===

        +----------Local Count, excluding submodules.
        |        +-Local Area, excluding submodules.
        |        | 
       96        - wires
      141        - wire bits
        5        - public wires
       50        - public wire bits
        5        - ports
       50        - port bits
      108  2034.95 cells
        3   52.685   gf180mcu_fd_sc_mcu7t5v0__and2_1
        5   109.76   gf180mcu_fd_sc_mcu7t5v0__aoi211_1
        7  122.931   gf180mcu_fd_sc_mcu7t5v0__aoi21_1
        1   24.147   gf180mcu_fd_sc_mcu7t5v0__aoi221_1
        2   39.514   gf180mcu_fd_sc_mcu7t5v0__aoi22_1
        5   43.904   gf180mcu_fd_sc_mcu7t5v0__clkinv_1
       22  241.472   gf180mcu_fd_sc_mcu7t5v0__nand2_1
       21  276.595   gf180mcu_fd_sc_mcu7t5v0__nor2_1
        1   17.562   gf180mcu_fd_sc_mcu7t5v0__nor3_1
        2   43.904   gf180mcu_fd_sc_mcu7t5v0__oai211_1
        8  140.493   gf180mcu_fd_sc_mcu7t5v0__oai21_1
        1   26.342   gf180mcu_fd_sc_mcu7t5v0__oai221_1
        1   24.147   gf180mcu_fd_sc_mcu7t5v0__oai31_1
        4   70.246   gf180mcu_fd_sc_mcu7t5v0__or2_1
        1   21.952   gf180mcu_fd_sc_mcu7t5v0__or3_1
       10  285.376   gf180mcu_fd_sc_mcu7t5v0__xnor2_1
        2   105.37   gf180mcu_fd_sc_mcu7t5v0__xnor3_1
        9  237.082   gf180mcu_fd_sc_mcu7t5v0__xor2_1
        3  151.469   gf180mcu_fd_sc_mcu7t5v0__xor3_1

   Chip area for module '\adder_top': 2034.950400
     of which used for sequential elements: 0.000000 (0.00%)

