$ /usr/bin/time -v -o /home/duhaochen/website-trial-v1/data/spice-model-benchmark/a7c738730e05900a23f8e8ff30cf3c28/ngspice/resource.txt /usr/bin/python -m spice_model_benchmark.cli /home/duhaochen/pipeline_full_collection/benchmark-inputs/a7c738730e05900a23f8e8ff30cf3c28/ngspice.lib --simulator ngspice --modes dc transient ac noise --output-dir /home/duhaochen/website-trial-v1/data/spice-model-benchmark/a7c738730e05900a23f8e8ff30cf3c28 --dpi 120 --log-level WARNING
/home/duhaochen/spice_model_benchmark/src/spice_model_benchmark/verification_manager.py:1557: RuntimeWarning: divide by zero encountered in divide
  tc = np.mean((d_ids / d_temp) / np.abs(i_ds[:-1]))
SPICE Model Benchmark: /home/duhaochen/pipeline_full_collection/benchmark-inputs/a7c738730e05900a23f8e8ff30cf3c28/ngspice.lib
Simulators: ngspice
Modes: dc, transient, ac, noise
------------------------------------------------------------

============================================================
  Running: NGSPICE
  Output:  /home/duhaochen/website-trial-v1/data/spice-model-benchmark/a7c738730e05900a23f8e8ff30cf3c28/ngspice
============================================================
Vgs range: 0.000V to 1.200V
Ids range: -4.729e-04A to 0.000e+00A
Selected Vgs values: [0.  0.2 0.4 0.6 0.8 1.  1.2]
Vgs=0.000V: Ids range -8.959e-13A to -1.040e-16A
Vgs=0.200V: Ids range -9.638e-11A to 0.000e+00A
Vgs=0.400V: Ids range -9.910e-09A to 0.000e+00A
Vgs=0.600V: Ids range -7.429e-07A to 0.000e+00A
Vgs=0.800V: Ids range -3.364e-05A to 0.000e+00A
Vgs=1.000V: Ids range -2.003e-04A to 0.000e+00A
Vgs=1.200V: Ids range -4.729e-04A to 0.000e+00A
ids_variation: 7.6562827958894015
ids_variation <= max_variation: False
tc: inf
abs(tc) <= max_tc: False
[WARNING]: Temperature effects verification failed - effects outside expected range
/home/duhaochen/spice_model_benchmark/src/spice_model_benchmark/verification_manager.py:1817: RuntimeWarning: divide by zero encountered in log
  log_ids = np.log(np.abs(i_ds))
/home/duhaochen/.local/lib/python3.9/site-packages/numpy/lib/function_base.py:2742: RuntimeWarning: invalid value encountered in subtract
  X -= avg[:, None]
/home/duhaochen/spice_model_benchmark/src/spice_model_benchmark/verification_manager.py:1862: RuntimeWarning: divide by zero encountered in divide
  efficiency = np.abs(gm / i_ds)  # Transconductance efficiency
[INFO]: S-parameter analysis plot saved to /home/duhaochen/website-trial-v1/data/spice-model-benchmark/a7c738730e05900a23f8e8ff30cf3c28/ngspice/plots/ac_cv_sparameter_analysis.png
[INFO]: NQS effects plot saved to /home/duhaochen/website-trial-v1/data/spice-model-benchmark/a7c738730e05900a23f8e8ff30cf3c28/ngspice/plots/ac_cv_nqs_effects.png
[INFO]: S-parameter analysis plot saved to /home/duhaochen/website-trial-v1/data/spice-model-benchmark/a7c738730e05900a23f8e8ff30cf3c28/ngspice/plots/ac_cv_sparameter_analysis.png
norm_dvg: [2.50000000e+11 1.25000000e+11 6.25000000e+10 3.12500000e+10
 1.56250001e+10 9.42429763e+09 6.80219713e+09 5.17572977e+09
 4.16896435e+09 3.78574586e+09 3.56902643e+09 3.29746310e+09
 3.10004507e+09 2.90809283e+09 2.75157538e+09 2.53124353e+09
 2.41471615e+09 2.35468708e+09 2.29985203e+09 2.24467977e+09
 2.18479579e+09 2.14850015e+09 2.10796646e+09 2.06173454e+09
 2.03039775e+09 2.00001041e+09 1.99947724e+09 1.99846373e+09
 1.99642033e+09 1.99234215e+09 1.98423800e+09 1.96822660e+09
 1.93696548e+09 1.90266253e+09 1.87906376e+09 1.86288980e+09
 1.85063805e+09 1.84016983e+09 1.83024274e+09 1.81762288e+09
 1.80591853e+09 1.79737537e+09 1.78666666e+09 1.77447662e+09
 1.75307884e+09 1.71179483e+09 1.63479811e+09 1.55365735e+09
 1.51552074e+09 1.48938942e+09 1.46142611e+09 1.43076555e+09
 1.40053672e+09 1.37125544e+09 1.32876907e+09 1.28090229e+09
 1.22396709e+09 1.17263294e+09 1.11743016e+09 1.06346940e+09
 1.03075854e+09 1.00000596e+09 9.99160287e+08 9.97487557e+08
 9.94157860e+08 9.87565325e+08 9.74638016e+08 9.59206839e+08
 9.46745739e+08 9.34095675e+08 9.20828897e+08 9.13420965e+08
 9.04366741e+08 8.93542362e+08 8.82837306e+08 8.70393587e+08
 8.56335468e+08 8.39872899e+08 8.20999374e+08 7.99243151e+08
 7.74478769e+08 7.46177172e+08 7.14435817e+08 6.91352165e+08
 6.73618466e+08 6.55612202e+08 6.22341464e+08 5.79663542e+08
 5.45514124e+08 5.10562279e+08 4.80083580e+08 4.58837204e+08
 4.45117500e+08 4.37377419e+08 4.32493944e+08 4.27823574e+08
 4.22214737e+08 4.18778098e+08 4.13134169e+08 4.08043256e+08
 3.99885814e+08 3.90692095e+08 3.82443707e+08 3.76087117e+08
 3.73716095e+08 3.71771671e+08 3.70462888e+08 3.69058276e+08
 3.67421788e+08 3.66419075e+08 3.64948172e+08 3.63159013e+08
 3.59633120e+08 3.56252061e+08 3.51933701e+08 3.46779595e+08
 3.44364622e+08 3.42513168e+08 3.39911982e+08 3.37918156e+08
 3.35709407e+08 3.32414169e+08 3.28548386e+08 3.23721548e+08
 3.19134066e+08 3.13691254e+08 3.07928686e+08 3.00586216e+08
 2.91903652e+08 2.80422543e+08 2.66861104e+08 2.50662862e+08
 2.32796200e+08 2.11976367e+08 1.91169308e+08 1.69060479e+08
 1.48919374e+08 1.33066438e+08 1.20263960e+08 1.09708753e+08
 1.01962560e+08 9.52396161e+07 9.52293897e+07 9.52089432e+07
 9.51718737e+07 9.50963997e+07 9.49454051e+07 9.47108467e+07
 9.44592458e+07 9.41626626e+07 9.38544827e+07 9.35134316e+07
 9.33380377e+07 9.32232384e+07 9.31298617e+07 9.30384191e+07
 9.29310170e+07 9.28429271e+07 9.27742268e+07 9.26937060e+07
 9.26142954e+07 9.25182963e+07 9.24083776e+07 9.22716531e+07
 9.21053214e+07 9.18946389e+07 9.16305618e+07 9.12933178e+07
 9.10627596e+07 9.09090909e+07 9.09066666e+07 9.08971147e+07
 9.08797302e+07 9.08651861e+07 9.08379198e+07 9.08182103e+07
 9.07797889e+07 9.07389209e+07 9.06952932e+07 9.06103412e+07
 9.04394796e+07 9.03525426e+07 9.02868203e+07 9.02116205e+07
 9.01294424e+07 9.00587399e+07 8.99720799e+07 8.98630885e+07
 8.97131931e+07 8.95154712e+07 8.92432297e+07 8.88802765e+07
 8.84006974e+07 8.78055549e+07 8.75007914e+07 8.72075864e+07
 8.68741819e+07 8.66213860e+07 8.63602501e+07 8.61157207e+07
 8.58604436e+07 8.56495215e+07 8.54062972e+07 8.50886507e+07
 8.47397623e+07 8.45691470e+07 8.44056792e+07 8.41940334e+07
 8.40829405e+07 8.39530726e+07 8.37999575e+07 8.36137095e+07
 8.34735276e+07 8.33343681e+07 8.33053785e+07 8.32489187e+07
 8.31545680e+07 8.29649703e+07 8.26526996e+07 8.23254290e+07
 8.19165940e+07 8.14273511e+07 8.07869717e+07 8.03824714e+07
 8.01289887e+07 7.99659203e+07 7.98445415e+07 7.97417788e+07
 7.96189871e+07 7.94911294e+07 7.94016241e+07 7.92855546e+07
 7.91618674e+07 7.90024698e+07 7.88000165e+07 7.84945413e+07
 7.81720007e+07 7.77915754e+07 7.76047640e+07 7.75058141e+07
 7.74218564e+07 7.73428536e+07 7.72576398e+07 7.71938553e+07
 7.71285966e+07 7.70554930e+07 7.69577181e+07 7.68042003e+07
 7.66250468e+07 7.64417780e+07 7.61900101e+07 7.59956556e+07
 7.58888615e+07 7.57869992e+07 7.56638897e+07 7.55628852e+07
 7.54201982e+07 7.52548174e+07 7.50108884e+07 7.46965892e+07
 7.42638272e+07 7.37102772e+07 7.30127529e+07 7.21963813e+07
 7.11832387e+07 7.00002435e+07 6.86302936e+07 6.71349710e+07
 6.54605657e+07 6.35799236e+07 6.13515899e+07 5.86101334e+07
 5.59850981e+07 5.35851154e+07 5.17305204e+07 0.00000000e+00
 0.00000000e+00 0.00000000e+00 0.00000000e+00 0.00000000e+00
 0.00000000e+00 0.00000000e+00 0.00000000e+00 0.00000000e+00
 0.00000000e+00 0.00000000e+00 0.00000000e+00 0.00000000e+00
 0.00000000e+00 0.00000000e+00 0.00000000e+00 0.00000000e+00
 0.00000000e+00 0.00000000e+00 0.00000000e+00 0.00000000e+00
 0.00000000e+00 0.00000000e+00 0.00000000e+00 0.00000000e+00
 0.00000000e+00 0.00000000e+00 0.00000000e+00 0.00000000e+00
 0.00000000e+00 0.00000000e+00 0.00000000e+00 0.00000000e+00
 0.00000000e+00 0.00000000e+00 0.00000000e+00 0.00000000e+00
 0.00000000e+00 0.00000000e+00 0.00000000e+00 0.00000000e+00
 0.00000000e+00 0.00000000e+00 0.00000000e+00 0.00000000e+00
 0.00000000e+00 0.00000000e+00 0.00000000e+00 0.00000000e+00
 0.00000000e+00 0.00000000e+00 0.00000000e+00 0.00000000e+00
 0.00000000e+00 0.00000000e+00 0.00000000e+00 0.00000000e+00
 0.00000000e+00 0.00000000e+00 0.00000000e+00 0.00000000e+00
 0.00000000e+00 0.00000000e+00 0.00000000e+00 0.00000000e+00
 0.00000000e+00 0.00000000e+00 0.00000000e+00 0.00000000e+00
 0.00000000e+00 0.00000000e+00 0.00000000e+00 0.00000000e+00
 0.00000000e+00 0.00000000e+00 0.00000000e+00 0.00000000e+00
 0.00000000e+00 0.00000000e+00 0.00000000e+00 0.00000000e+00
 0.00000000e+00 0.00000000e+00 0.00000000e+00 0.00000000e+00
 0.00000000e+00 0.00000000e+00 0.00000000e+00 0.00000000e+00
 0.00000000e+00 0.00000000e+00 0.00000000e+00 0.00000000e+00
 0.00000000e+00 0.00000000e+00 0.00000000e+00 0.00000000e+00
 0.00000000e+00 0.00000000e+00 0.00000000e+00 0.00000000e+00
 0.00000000e+00 0.00000000e+00 0.00000000e+00 0.00000000e+00
 0.00000000e+00 0.00000000e+00 0.00000000e+00 0.00000000e+00
 0.00000000e+00 0.00000000e+00 0.00000000e+00 0.00000000e+00
 0.00000000e+00 0.00000000e+00 0.00000000e+00 0.00000000e+00
 0.00000000e+00 0.00000000e+00 0.00000000e+00 0.00000000e+00
 0.00000000e+00 0.00000000e+00 0.00000000e+00 0.00000000e+00
 0.00000000e+00 0.00000000e+00 0.00000000e+00 0.00000000e+00
 0.00000000e+00 0.00000000e+00 0.00000000e+00 0.00000000e+00
 0.00000000e+00 0.00000000e+00 0.00000000e+00 0.00000000e+00
 0.00000000e+00 0.00000000e+00 0.00000000e+00 0.00000000e+00
 0.00000000e+00 0.00000000e+00 0.00000000e+00 0.00000000e+00
 0.00000000e+00 0.00000000e+00 0.00000000e+00 0.00000000e+00
 0.00000000e+00 0.00000000e+00 0.00000000e+00 0.00000000e+00
 0.00000000e+00 0.00000000e+00 0.00000000e+00 0.00000000e+00
 0.00000000e+00 0.00000000e+00 0.00000000e+00 0.00000000e+00
 0.00000000e+00 0.00000000e+00 0.00000000e+00 0.00000000e+00
 0.00000000e+00 0.00000000e+00 0.00000000e+00 0.00000000e+00
 0.00000000e+00 0.00000000e+00 0.00000000e+00 0.00000000e+00
 0.00000000e+00 0.00000000e+00 0.00000000e+00 0.00000000e+00
 0.00000000e+00 0.00000000e+00 0.00000000e+00 0.00000000e+00
 0.00000000e+00 0.00000000e+00 0.00000000e+00 0.00000000e+00
 0.00000000e+00 0.00000000e+00 0.00000000e+00 0.00000000e+00
 0.00000000e+00 0.00000000e+00 0.00000000e+00 0.00000000e+00
 0.00000000e+00 0.00000000e+00 0.00000000e+00 0.00000000e+00
 0.00000000e+00 0.00000000e+00 0.00000000e+00 0.00000000e+00
 0.00000000e+00 0.00000000e+00 0.00000000e+00 0.00000000e+00
 0.00000000e+00 0.00000000e+00 0.00000000e+00 0.00000000e+00
 0.00000000e+00 0.00000000e+00 0.00000000e+00 0.00000000e+00
 0.00000000e+00 0.00000000e+00 0.00000000e+00 0.00000000e+00
 0.00000000e+00 0.00000000e+00 0.00000000e+00 0.00000000e+00
 0.00000000e+00 0.00000000e+00 0.00000000e+00 0.00000000e+00
 0.00000000e+00 0.00000000e+00 0.00000000e+00 0.00000000e+00
 0.00000000e+00 0.00000000e+00 0.00000000e+00 0.00000000e+00
 0.00000000e+00 0.00000000e+00 0.00000000e+00 0.00000000e+00
 0.00000000e+00 0.00000000e+00 0.00000000e+00 0.00000000e+00
 0.00000000e+00 0.00000000e+00 0.00000000e+00 0.00000000e+00
 0.00000000e+00 0.00000000e+00 0.00000000e+00 0.00000000e+00
 0.00000000e+00 0.00000000e+00 0.00000000e+00 0.00000000e+00
 0.00000000e+00 0.00000000e+00 0.00000000e+00 0.00000000e+00
 0.00000000e+00 0.00000000e+00 0.00000000e+00 0.00000000e+00
 0.00000000e+00 0.00000000e+00 0.00000000e+00 0.00000000e+00
 0.00000000e+00 0.00000000e+00 0.00000000e+00 0.00000000e+00
 0.00000000e+00]
norm_dvd: [0. 0. 0. 0. 0. 0. 0. 0. 0. 0. 0. 0. 0. 0. 0. 0. 0. 0. 0. 0. 0. 0. 0. 0.
 0. 0. 0. 0. 0. 0. 0. 0. 0. 0. 0. 0. 0. 0. 0. 0. 0. 0. 0. 0. 0. 0. 0. 0.
 0. 0. 0. 0. 0. 0. 0. 0. 0. 0. 0. 0. 0. 0. 0. 0. 0. 0. 0. 0. 0. 0. 0. 0.
 0. 0. 0. 0. 0. 0. 0. 0. 0. 0. 0. 0. 0. 0. 0. 0. 0. 0. 0. 0. 0. 0. 0. 0.
 0. 0. 0. 0. 0. 0. 0. 0. 0. 0. 0. 0. 0. 0. 0. 0. 0. 0. 0. 0. 0. 0. 0. 0.
 0. 0. 0. 0. 0. 0. 0. 0. 0. 0. 0. 0. 0. 0. 0. 0. 0. 0. 0. 0. 0. 0. 0. 0.
 0. 0. 0. 0. 0. 0. 0. 0. 0. 0. 0. 0. 0. 0. 0. 0. 0. 0. 0. 0. 0. 0. 0. 0.
 0. 0. 0. 0. 0. 0. 0. 0. 0. 0. 0. 0. 0. 0. 0. 0. 0. 0. 0. 0. 0. 0. 0. 0.
 0. 0. 0. 0. 0. 0. 0. 0. 0. 0. 0. 0. 0. 0. 0. 0. 0. 0. 0. 0. 0. 0. 0. 0.
 0. 0. 0. 0. 0. 0. 0. 0. 0. 0. 0. 0. 0. 0. 0. 0. 0. 0. 0. 0. 0. 0. 0. 0.
 0. 0. 0. 0. 0. 0. 0. 0. 0. 0. 0. 0. 0. 0. 0. 0. 0. 0. 0. 0. 0. 0. 0. 0.
 0. 0. 0. 0. 0. 0. 0. 0. 0. 0. 0. 0. 0. 0. 0. 0. 0. 0. 0. 0. 0. 0. 0. 0.
 0. 0. 0. 0. 0. 0. 0. 0. 0. 0. 0. 0. 0. 0. 0. 0. 0. 0. 0. 0. 0. 0. 0. 0.
 0. 0. 0. 0. 0. 0. 0. 0. 0. 0. 0. 0. 0. 0. 0. 0. 0. 0. 0. 0. 0. 0. 0. 0.
 0. 0. 0. 0. 0. 0. 0. 0. 0. 0. 0. 0. 0. 0. 0. 0. 0. 0. 0. 0. 0. 0. 0. 0.
 0. 0. 0. 0. 0. 0. 0. 0. 0. 0. 0. 0. 0. 0. 0. 0. 0. 0. 0. 0. 0. 0. 0. 0.
 0. 0. 0. 0. 0. 0. 0. 0. 0. 0. 0. 0. 0. 0. 0. 0. 0. 0. 0. 0. 0. 0. 0. 0.
 0. 0. 0. 0. 0. 0. 0. 0. 0. 0. 0. 0. 0. 0. 0. 0. 0. 0. 0. 0. 0. 0. 0. 0.
 0. 0. 0. 0. 0. 0. 0. 0. 0. 0. 0. 0. 0. 0. 0. 0. 0. 0. 0. 0. 0. 0. 0. 0.
 0. 0. 0. 0. 0. 0. 0. 0. 0. 0. 0. 0. 0. 0. 0. 0. 0. 0. 0. 0. 0. 0. 0. 0.
 0. 0. 0. 0. 0. 0. 0. 0. 0. 0. 0. 0. 0. 0. 0. 0. 0. 0. 0. 0. 0. 0. 0. 0.
 0. 0. 0. 0. 0. 0. 0. 0. 0. 0. 0. 0. 0. 0. 0. 0. 0. 0. 0. 0. 0. 0. 0. 0.
 0. 0. 0. 0. 0. 0. 0. 0. 0. 0. 0. 0. 0. 0. 0. 0. 0.]
norm_did: [0.00000000e+00 0.00000000e+00 0.00000000e+00 4.83482619e+01
 0.00000000e+00 3.78250680e+01 3.34893191e+01 3.31590738e+01
 0.00000000e+00 9.64571305e+01 0.00000000e+00 8.01110613e+01
 0.00000000e+00 7.90965650e+01 0.00000000e+00 8.11527269e+01
 0.00000000e+00 1.52794395e+02 0.00000000e+00 0.00000000e+00
 0.00000000e+00 1.72866841e+02 0.00000000e+00 0.00000000e+00
 2.06679162e+02 1.20756520e+04 6.03780243e+03 3.01890711e+03
 1.50945208e+03 0.00000000e+00 0.00000000e+00 0.00000000e+00
 0.00000000e+00 2.34390711e+02 0.00000000e+00 0.00000000e+00
 0.00000000e+00 0.00000000e+00 0.00000000e+00 4.33925547e+02
 0.00000000e+00 0.00000000e+00 0.00000000e+00 0.00000000e+00
 1.12461473e+02 5.62307388e+01 4.84297085e+01 9.55223829e+01
 0.00000000e+00 1.20428450e+02 1.05510727e+02 1.02558386e+02
 0.00000000e+00 1.32702573e+02 5.50126155e+01 8.52051893e+01
 1.29770864e+02 1.10172688e+02 1.02216019e+02 1.55540325e+02
 1.03693553e+02 0.00000000e+00 0.00000000e+00 4.60775137e+02
 0.00000000e+00 2.30387710e+02 9.37352699e+01 2.25491492e+02
 1.08163572e+02 2.00614181e+02 1.75647006e+02 1.41161531e+02
 1.15503900e+02 2.28018868e+02 1.91070023e+02 1.64062844e+02
 2.02768763e+02 2.26096941e+02 2.33314740e+02 2.32028830e+02
 2.52732498e+02 3.11811795e+02 2.97941885e+02 3.65665445e+02
 3.79465808e+02 4.36385584e+02 5.36188984e+02 6.58999940e+02
 8.50678500e+02 1.07003964e+03 1.29928941e+03 1.52005928e+03
 1.63446879e+03 1.79772887e+03 1.96161724e+03 2.04279147e+03
 2.06970421e+03 2.27645707e+03 2.40785824e+03 2.63050132e+03
 2.91831854e+03 3.25105154e+03 3.57086867e+03 3.57614020e+03
 3.87030417e+03 4.06872555e+03 4.06798763e+03 4.22860437e+03
 4.15502857e+03 4.36071464e+03 4.47000845e+03 4.64193042e+03
 4.86607540e+03 5.21061187e+03 5.64171857e+03 5.81440822e+03
 6.11075361e+03 6.44031531e+03 6.59500372e+03 6.91393952e+03
 7.28235498e+03 7.78060567e+03 8.45446108e+03 9.16349727e+03
 1.01875144e+04 1.13850573e+04 1.31647403e+04 1.57756444e+04
 2.02854708e+04 2.81906230e+04 4.37340258e+04 7.68841616e+04
 1.65462096e+05 4.32739364e+05 1.52137488e+06 6.92057331e+06
 3.30805836e+07 1.57915885e+08 8.14510009e+08 8.49958346e+09
 5.47674664e+09 1.21580802e+11 1.72200711e+09 2.02317787e+09
 2.02981165e+09 2.04315333e+09 2.05444566e+09 2.04411864e+09
 2.04323507e+09 2.03311930e+09 2.03014704e+09 1.97070898e+09
 1.95866898e+09 1.95687024e+09 1.95643810e+09 1.95846611e+09
 1.95061705e+09 1.94374979e+09 1.94678569e+09 1.94396543e+09
 1.94655122e+09 1.94748076e+09 1.95106496e+09 1.95476652e+09
 1.96108718e+09 1.96874204e+09 1.97958263e+09 1.94598886e+09
 1.92478239e+09 2.14971480e+09 1.72697288e+09 1.89589977e+09
 1.89584437e+09 1.89666795e+09 1.89609716e+09 1.89893307e+09
 1.89873247e+09 1.89814343e+09 1.90643771e+09 1.92281276e+09
 1.90009048e+09 1.89381937e+09 1.89480371e+09 1.89463443e+09
 1.89032700e+09 1.89193068e+09 1.89425187e+09 1.90016642e+09
 1.90584510e+09 1.91558865e+09 1.92561032e+09 1.93661531e+09
 1.94001594e+09 1.85656906e+09 1.83771080e+09 1.82834611e+09
 1.79534530e+09 1.78109846e+09 1.76186264e+09 1.74759364e+09
 1.72350839e+09 1.71370341e+09 1.70769091e+09 1.68911975e+09
 1.63855138e+09 1.62282603e+09 1.61626570e+09 1.58702138e+09
 1.58018179e+09 1.57280145e+09 1.56492241e+09 1.54460495e+09
 1.53310234e+09 1.54732222e+09 1.49032843e+09 1.50914108e+09
 1.51283713e+09 1.51185117e+09 1.48755462e+09 1.46875629e+09
 1.44193091e+09 1.41414857e+09 1.33672214e+09 1.28941230e+09
 1.26058253e+09 1.24363827e+09 1.23238517e+09 1.22552428e+09
 1.21617082e+09 1.20309797e+09 1.19791434e+09 1.18929118e+09
 1.18199028e+09 1.17237579e+09 1.16329361e+09 1.14021674e+09
 1.11848294e+09 1.07797293e+09 1.05910366e+09 1.05069997e+09
 1.04431941e+09 1.03872905e+09 1.03155405e+09 1.02695149e+09
 1.02262758e+09 1.01859921e+09 1.01434974e+09 1.00460334e+09
 9.91983710e+08 9.82152187e+08 9.61852814e+08 9.44762492e+08
 9.37182772e+08 9.31156517e+08 9.22005989e+08 9.16890929e+08
 9.08308304e+08 9.00317522e+08 8.86852626e+08 8.70501391e+08
 8.46634893e+08 8.16211496e+08 7.77190011e+08 7.34793964e+08
 6.83553108e+08 6.28300638e+08 5.69627075e+08 5.14015680e+08
 4.60463267e+08 4.10548422e+08 3.62222459e+08 3.10179858e+08
 2.69489667e+08 2.37067327e+08 2.16315062e+08 6.52671112e+08
 0.00000000e+00 0.00000000e+00 0.00000000e+00 0.00000000e+00
 0.00000000e+00 0.00000000e+00 0.00000000e+00 0.00000000e+00
 0.00000000e+00 0.00000000e+00 0.00000000e+00 0.00000000e+00
 0.00000000e+00 0.00000000e+00 0.00000000e+00 0.00000000e+00
 0.00000000e+00 0.00000000e+00 0.00000000e+00 0.00000000e+00
 0.00000000e+00 0.00000000e+00 0.00000000e+00 0.00000000e+00
 0.00000000e+00 0.00000000e+00 0.00000000e+00 0.00000000e+00
 0.00000000e+00 0.00000000e+00 0.00000000e+00 0.00000000e+00
 0.00000000e+00 0.00000000e+00 0.00000000e+00 0.00000000e+00
 0.00000000e+00 0.00000000e+00 0.00000000e+00 0.00000000e+00
 0.00000000e+00 0.00000000e+00 0.00000000e+00 0.00000000e+00
 0.00000000e+00 0.00000000e+00 0.00000000e+00 0.00000000e+00
 0.00000000e+00 0.00000000e+00 0.00000000e+00 0.00000000e+00
 0.00000000e+00 0.00000000e+00 0.00000000e+00 0.00000000e+00
 0.00000000e+00 0.00000000e+00 0.00000000e+00 0.00000000e+00
 0.00000000e+00 0.00000000e+00 0.00000000e+00 0.00000000e+00
 0.00000000e+00 0.00000000e+00 0.00000000e+00 0.00000000e+00
 0.00000000e+00 0.00000000e+00 0.00000000e+00 0.00000000e+00
 0.00000000e+00 0.00000000e+00 0.00000000e+00 0.00000000e+00
 0.00000000e+00 0.00000000e+00 0.00000000e+00 0.00000000e+00
 0.00000000e+00 0.00000000e+00 0.00000000e+00 0.00000000e+00
 0.00000000e+00 0.00000000e+00 0.00000000e+00 0.00000000e+00
 0.00000000e+00 0.00000000e+00 0.00000000e+00 0.00000000e+00
 0.00000000e+00 0.00000000e+00 0.00000000e+00 0.00000000e+00
 0.00000000e+00 0.00000000e+00 0.00000000e+00 0.00000000e+00
 0.00000000e+00 0.00000000e+00 0.00000000e+00 0.00000000e+00
 0.00000000e+00 0.00000000e+00 0.00000000e+00 0.00000000e+00
 0.00000000e+00 0.00000000e+00 0.00000000e+00 0.00000000e+00
 0.00000000e+00 0.00000000e+00 0.00000000e+00 0.00000000e+00
 0.00000000e+00 0.00000000e+00 0.00000000e+00 0.00000000e+00
 0.00000000e+00 0.00000000e+00 0.00000000e+00 0.00000000e+00
 0.00000000e+00 0.00000000e+00 0.00000000e+00 0.00000000e+00
 0.00000000e+00 0.00000000e+00 0.00000000e+00 0.00000000e+00
 0.00000000e+00 0.00000000e+00 0.00000000e+00 0.00000000e+00
 0.00000000e+00 0.00000000e+00 0.00000000e+00 0.00000000e+00
 0.00000000e+00 0.00000000e+00 0.00000000e+00 0.00000000e+00
 0.00000000e+00 0.00000000e+00 0.00000000e+00 0.00000000e+00
 0.00000000e+00 0.00000000e+00 0.00000000e+00 0.00000000e+00
 0.00000000e+00 0.00000000e+00 0.00000000e+00 0.00000000e+00
 0.00000000e+00 0.00000000e+00 0.00000000e+00 0.00000000e+00
 0.00000000e+00 0.00000000e+00 0.00000000e+00 0.00000000e+00
 0.00000000e+00 0.00000000e+00 0.00000000e+00 0.00000000e+00
 0.00000000e+00 0.00000000e+00 0.00000000e+00 0.00000000e+00
 0.00000000e+00 0.00000000e+00 0.00000000e+00 0.00000000e+00
 0.00000000e+00 0.00000000e+00 0.00000000e+00 0.00000000e+00
 0.00000000e+00 0.00000000e+00 0.00000000e+00 0.00000000e+00
 0.00000000e+00 0.00000000e+00 0.00000000e+00 0.00000000e+00
 0.00000000e+00 0.00000000e+00 0.00000000e+00 0.00000000e+00
 0.00000000e+00 0.00000000e+00 0.00000000e+00 0.00000000e+00
 0.00000000e+00 0.00000000e+00 0.00000000e+00 0.00000000e+00
 0.00000000e+00 0.00000000e+00 0.00000000e+00 0.00000000e+00
 0.00000000e+00 0.00000000e+00 0.00000000e+00 0.00000000e+00
 0.00000000e+00 0.00000000e+00 0.00000000e+00 0.00000000e+00
 0.00000000e+00 0.00000000e+00 0.00000000e+00 0.00000000e+00
 0.00000000e+00 0.00000000e+00 0.00000000e+00 0.00000000e+00
 0.00000000e+00 0.00000000e+00 0.00000000e+00 0.00000000e+00
 0.00000000e+00 0.00000000e+00 0.00000000e+00 0.00000000e+00
 0.00000000e+00 0.00000000e+00 0.00000000e+00 0.00000000e+00
 0.00000000e+00 0.00000000e+00 0.00000000e+00 0.00000000e+00
 0.00000000e+00 0.00000000e+00 0.00000000e+00 0.00000000e+00
 0.00000000e+00 0.00000000e+00 0.00000000e+00 0.00000000e+00
 0.00000000e+00 0.00000000e+00 0.00000000e+00 0.00000000e+00
 0.00000000e+00 0.00000000e+00 0.00000000e+00 0.00000000e+00
 0.00000000e+00 0.00000000e+00 0.00000000e+00 0.00000000e+00
 0.00000000e+00 0.00000000e+00 0.00000000e+00 0.00000000e+00
 0.00000000e+00 0.00000000e+00 0.00000000e+00 0.00000000e+00
 0.00000000e+00 0.00000000e+00 0.00000000e+00 0.00000000e+00
 0.00000000e+00]
[WARNING]: Quasi-static verification failed
[WARNING]: Max normalized derivatives: dVg/dt=2.50e+11, dVd/dt=0.00e+00, dId/dt=1.22e+11

  ngspice: ✓ PASS  (93.8s)

✓ Benchmark completed: /home/duhaochen/website-trial-v1/data/spice-model-benchmark/a7c738730e05900a23f8e8ff30cf3c28/ngspice
