$ /usr/bin/time -v -o /home/duhaochen/website-trial-v1/data/spice-model-benchmark/f21a70f79362e9337d91d3212c1da531/spectre/resource.txt /usr/bin/python -m spice_model_benchmark.cli /home/duhaochen/pipeline_full_collection/benchmark-inputs/f21a70f79362e9337d91d3212c1da531/spectre.lib --simulator spectre --modes dc transient ac noise --output-dir /home/duhaochen/website-trial-v1/data/spice-model-benchmark/f21a70f79362e9337d91d3212c1da531 --dpi 120 --log-level WARNING
SPICE Model Benchmark: /home/duhaochen/pipeline_full_collection/benchmark-inputs/f21a70f79362e9337d91d3212c1da531/spectre.lib
Simulators: spectre
Modes: dc, transient, ac, noise
------------------------------------------------------------

============================================================
  Running: SPECTRE
  Output:  /home/duhaochen/website-trial-v1/data/spice-model-benchmark/f21a70f79362e9337d91d3212c1da531/spectre
============================================================
Vgs range: -1.200V to 0.000V
Ids range: -1.449e-04A to 4.393e-13A
Selected Vgs values: [-1.2 -1.  -0.8 -0.6 -0.4 -0.2  0. ]
Vgs=-1.200V: Ids range -1.449e-04A to 4.393e-13A
Vgs=-1.000V: Ids range -1.073e-04A to 1.822e-13A
Vgs=-0.800V: Ids range -7.063e-05A to 5.791e-14A
Vgs=-0.600V: Ids range -3.730e-05A to 1.014e-14A
Vgs=-0.400V: Ids range -1.118e-05A to 2.624e-16A
Vgs=-0.200V: Ids range -4.991e-07A to 8.628e-20A
Vgs=0.000V: Ids range -6.546e-09A to -6.031e-16A
ids_variation: 4.385250669192918
ids_variation <= max_variation: False
tc: 7.319553953867855e+17
abs(tc) <= max_tc: False
[WARNING]: Temperature effects verification failed - effects outside expected range
/home/duhaochen/spice_model_benchmark/src/spice_model_benchmark/verification_manager.py:2706: RuntimeWarning: divide by zero encountered in divide
  norm_dvg = np.abs(dvg_dt / gate_voltage[:-1])
/home/duhaochen/spice_model_benchmark/src/spice_model_benchmark/verification_manager.py:2706: RuntimeWarning: invalid value encountered in divide
  norm_dvg = np.abs(dvg_dt / gate_voltage[:-1])
norm_dvg: [2.27662591e+11 1.37671413e+11 7.68870826e+10 ... 0.00000000e+00
 0.00000000e+00 0.00000000e+00]
norm_dvd: [0. 0. 0. ... 0. 0. 0.]
norm_did: [1.62390284e+09 2.67235167e+07 4.95408251e+07 ... 0.00000000e+00
 0.00000000e+00 0.00000000e+00]
[WARNING]: Quasi-static verification failed
[WARNING]: Max normalized derivatives: dVg/dt=nan, dVd/dt=0.00e+00, dId/dt=2.11e+12
/home/duhaochen/spice_model_benchmark/src/spice_model_benchmark/plot_generator.py:633: RuntimeWarning: divide by zero encountered in log10
  plt.semilogx(freq, 20 * np.log10(s11_mag), 'r-', label='S11 (Input Return Loss)')
/home/duhaochen/spice_model_benchmark/src/spice_model_benchmark/plot_generator.py:634: RuntimeWarning: divide by zero encountered in log10
  plt.semilogx(freq, 20 * np.log10(s21_mag), 'g-', label='S21 (Forward Gain)')
/home/duhaochen/spice_model_benchmark/src/spice_model_benchmark/plot_generator.py:635: RuntimeWarning: divide by zero encountered in log10
  plt.semilogx(freq, 20 * np.log10(s12_mag), 'b-', label='S12 (Reverse Isolation)')
/home/duhaochen/spice_model_benchmark/src/spice_model_benchmark/plot_generator.py:636: RuntimeWarning: divide by zero encountered in log10
  plt.semilogx(freq, 20 * np.log10(s22_mag), 'm-', label='S22 (Output Return Loss)')
/home/duhaochen/spice_model_benchmark/src/spice_model_benchmark/verification_manager.py:2157: RuntimeWarning: invalid value encountered in scalar divide
  unilateral_ratio = np.max(s21_mag) / np.max(s12_mag)
/home/duhaochen/spice_model_benchmark/src/spice_model_benchmark/verification_manager.py:2183: RuntimeWarning: divide by zero encountered in log10
  s11_db = 20 * np.log10(s11_mag)
/home/duhaochen/spice_model_benchmark/src/spice_model_benchmark/verification_manager.py:2184: RuntimeWarning: divide by zero encountered in log10
  s21_db = 20 * np.log10(s21_mag)
/home/duhaochen/spice_model_benchmark/src/spice_model_benchmark/verification_manager.py:2185: RuntimeWarning: divide by zero encountered in log10
  s22_db = 20 * np.log10(s22_mag)
/home/duhaochen/spice_model_benchmark/src/spice_model_benchmark/verification_manager.py:2186: RuntimeWarning: divide by zero encountered in log10
  s12_db = 20 * np.log10(s12_mag)
[INFO]: S-parameter analysis plot saved to /home/duhaochen/website-trial-v1/data/spice-model-benchmark/f21a70f79362e9337d91d3212c1da531/spectre/plots/ac_cv_sparameter_analysis.png
[INFO]: S-parameter analysis plot saved to /home/duhaochen/website-trial-v1/data/spice-model-benchmark/f21a70f79362e9337d91d3212c1da531/spectre/plots/ac_cv_sparameter_analysis.png
[INFO]: NQS effects plot saved to /home/duhaochen/website-trial-v1/data/spice-model-benchmark/f21a70f79362e9337d91d3212c1da531/spectre/plots/ac_cv_nqs_effects.png

  spectre: ✓ PASS  (56.5s)

✓ Benchmark completed: /home/duhaochen/website-trial-v1/data/spice-model-benchmark/f21a70f79362e9337d91d3212c1da531/spectre
