$ /usr/bin/time -v -o /home/duhaochen/website-trial-v1/data/spice-model-benchmark/b119538f7a68b028f69ba04927ed86df/hspice/resource.txt /usr/bin/python -m spice_model_benchmark.cli /home/duhaochen/pipeline_full_collection/benchmark-inputs/b119538f7a68b028f69ba04927ed86df/hspice.lib --simulator hspice --modes dc transient ac noise --output-dir /home/duhaochen/website-trial-v1/data/spice-model-benchmark/b119538f7a68b028f69ba04927ed86df --dpi 120 --log-level WARNING
SPICE Model Benchmark: /home/duhaochen/pipeline_full_collection/benchmark-inputs/b119538f7a68b028f69ba04927ed86df/hspice.lib
Simulators: hspice
Modes: dc, transient, ac, noise
------------------------------------------------------------

============================================================
  Running: HSPICE
  Output:  /home/duhaochen/website-trial-v1/data/spice-model-benchmark/b119538f7a68b028f69ba04927ed86df/hspice
============================================================
Vgs range: 0.000V to 1.200V
Ids range: -2.170e-05A to 5.025e-09A
Selected Vgs values: [0.  0.2 0.4 0.6 0.8 1.  1.2]
Vgs=0.000V: Ids range -2.400e-12A to -2.905e-16A
Vgs=0.200V: Ids range -5.720e-10A to 1.099e-16A
Vgs=0.400V: Ids range -9.664e-08A to 1.868e-12A
Vgs=0.600V: Ids range -1.513e-06A to 1.122e-10A
Vgs=0.800V: Ids range -5.519e-06A to 6.855e-10A
Vgs=1.000V: Ids range -1.276e-05A to 2.148e-09A
Vgs=1.200V: Ids range -2.170e-05A to 5.025e-09A
ids_variation: 5.377008629264958
ids_variation <= max_variation: False
tc: 23554925468403.562
abs(tc) <= max_tc: False
[WARNING]: Temperature effects verification failed - effects outside expected range
/home/duhaochen/spice_model_benchmark/src/spice_model_benchmark/verification_manager.py:2706: RuntimeWarning: divide by zero encountered in divide
  norm_dvg = np.abs(dvg_dt / gate_voltage[:-1])
/home/duhaochen/spice_model_benchmark/src/spice_model_benchmark/verification_manager.py:2706: RuntimeWarning: invalid value encountered in divide
  norm_dvg = np.abs(dvg_dt / gate_voltage[:-1])
norm_dvg: [1.00000000e+10 5.00000000e+09 3.33333333e+09 ... 0.00000000e+00
 0.00000000e+00 0.00000000e+00]
norm_dvd: [0. 0. 0. ... 0. 0. 0.]
norm_did: [0. 0. 0. ... 0. 0. 0.]
[WARNING]: Quasi-static verification failed
[WARNING]: Max normalized derivatives: dVg/dt=nan, dVd/dt=0.00e+00, dId/dt=8.58e+11
/home/duhaochen/spice_model_benchmark/src/spice_model_benchmark/plot_generator.py:336: UserWarning: Attempting to set identical low and high ylims makes transformation singular; automatically expanding.
  plt.ylim(0, max_cap*1.2)  # Add 20% margin to ensure all components are visible
[INFO]: S-parameter analysis plot saved to /home/duhaochen/website-trial-v1/data/spice-model-benchmark/b119538f7a68b028f69ba04927ed86df/hspice/plots/ac_cv_sparameter_analysis.png
[INFO]: S-parameter analysis plot saved to /home/duhaochen/website-trial-v1/data/spice-model-benchmark/b119538f7a68b028f69ba04927ed86df/hspice/plots/ac_cv_sparameter_analysis.png
[INFO]: NQS effects plot saved to /home/duhaochen/website-trial-v1/data/spice-model-benchmark/b119538f7a68b028f69ba04927ed86df/hspice/plots/ac_cv_nqs_effects.png
[WARNING]: Cannot compute correlation: constant data detected

  hspice: ✓ PASS  (211.2s)

✓ Benchmark completed: /home/duhaochen/website-trial-v1/data/spice-model-benchmark/b119538f7a68b028f69ba04927ed86df/hspice
