$ /usr/bin/time -v -o /home/duhaochen/website-trial-v1/data/spice-model-benchmark/37788b6a00252e249957c366fd4cd856/ngspice/resource.txt /usr/bin/python -m spice_model_benchmark.cli /home/duhaochen/pipeline_full_collection/benchmark-inputs/37788b6a00252e249957c366fd4cd856/ngspice.lib --simulator ngspice --modes dc transient ac noise --output-dir /home/duhaochen/website-trial-v1/data/spice-model-benchmark/37788b6a00252e249957c366fd4cd856 --dpi 120 --log-level WARNING
/home/duhaochen/spice_model_benchmark/src/spice_model_benchmark/verification_manager.py:1557: RuntimeWarning: divide by zero encountered in divide
  tc = np.mean((d_ids / d_temp) / np.abs(i_ds[:-1]))
SPICE Model Benchmark: /home/duhaochen/pipeline_full_collection/benchmark-inputs/37788b6a00252e249957c366fd4cd856/ngspice.lib
Simulators: ngspice
Modes: dc, transient, ac, noise
------------------------------------------------------------

============================================================
  Running: NGSPICE
  Output:  /home/duhaochen/website-trial-v1/data/spice-model-benchmark/37788b6a00252e249957c366fd4cd856/ngspice
============================================================
Vgs range: -1.200V to 0.000V
Ids range: 0.000e+00A to 3.052e-04A
Selected Vgs values: [-1.2 -1.  -0.8 -0.6 -0.4 -0.2  0. ]
Vgs=-1.200V: Ids range 0.000e+00A to 3.052e-04A
Vgs=-1.000V: Ids range 0.000e+00A to 1.860e-04A
Vgs=-0.800V: Ids range 0.000e+00A to 8.991e-05A
Vgs=-0.600V: Ids range 0.000e+00A to 2.404e-05A
Vgs=-0.400V: Ids range 0.000e+00A to 6.792e-07A
Vgs=-0.200V: Ids range 0.000e+00A to 8.646e-09A
Vgs=0.000V: Ids range 7.390e-15A to 6.782e-11A
ids_variation: 6.091828681237768
ids_variation <= max_variation: False
tc: inf
abs(tc) <= max_tc: False
[WARNING]: Temperature effects verification failed - effects outside expected range
/home/duhaochen/spice_model_benchmark/src/spice_model_benchmark/verification_manager.py:1817: RuntimeWarning: divide by zero encountered in log
  log_ids = np.log(np.abs(i_ds))
/home/duhaochen/.local/lib/python3.9/site-packages/numpy/lib/function_base.py:2742: RuntimeWarning: invalid value encountered in subtract
  X -= avg[:, None]
/home/duhaochen/spice_model_benchmark/src/spice_model_benchmark/verification_manager.py:1862: RuntimeWarning: divide by zero encountered in divide
  efficiency = np.abs(gm / i_ds)  # Transconductance efficiency
[INFO]: S-parameter analysis plot saved to /home/duhaochen/website-trial-v1/data/spice-model-benchmark/37788b6a00252e249957c366fd4cd856/ngspice/plots/ac_cv_sparameter_analysis.png
[INFO]: NQS effects plot saved to /home/duhaochen/website-trial-v1/data/spice-model-benchmark/37788b6a00252e249957c366fd4cd856/ngspice/plots/ac_cv_nqs_effects.png
[INFO]: S-parameter analysis plot saved to /home/duhaochen/website-trial-v1/data/spice-model-benchmark/37788b6a00252e249957c366fd4cd856/ngspice/plots/ac_cv_sparameter_analysis.png
norm_dvg: [2.50000000e+11 1.25000000e+11 6.25000000e+10 3.12500000e+10
 1.56250000e+10 7.81250010e+09 7.07563447e+09 6.34399585e+09
 5.90482050e+09 5.40461674e+09 5.02501064e+09 4.74769138e+09
 4.46207400e+09 4.19189591e+09 3.90982633e+09 3.63080678e+09
 3.23363449e+09 3.06189297e+09 2.92055684e+09 2.79076944e+09
 2.66331283e+09 2.53246204e+09 2.48944827e+09 2.46235553e+09
 2.44134412e+09 2.42146616e+09 2.39886394e+09 2.37280586e+09
 2.34597215e+09 2.32212073e+09 2.30814972e+09 2.29794328e+09
 2.28645770e+09 2.27236288e+09 2.25291633e+09 2.23710138e+09
 2.21859942e+09 2.20489731e+09 2.19364373e+09 2.17996203e+09
 2.16498624e+09 2.15332714e+09 2.13957841e+09 2.12310356e+09
 2.10549182e+09 2.08237054e+09 2.05366055e+09 2.02647485e+09
 1.99999898e+09 1.99478880e+09 1.98444375e+09 1.96542143e+09
 1.92844841e+09 1.85852448e+09 1.73286044e+09 1.52644005e+09
 1.23274743e+09 9.99999745e+08 9.93498107e+08 9.80743294e+08
 9.56193223e+08 9.10603792e+08 8.31331455e+08 7.08052767e+08
 5.46092038e+08 3.80055717e+08 2.91443809e+08 2.36339955e+08
 1.98760010e+08 1.71491487e+08 1.55071468e+08 1.43428618e+08
 1.32095617e+08 1.24538185e+08 1.17422503e+08 1.10461632e+08
 1.03517224e+08 9.92052253e+07 9.52395918e+07 9.52089934e+07
 9.51514658e+07 9.50363702e+07 9.48071985e+07 9.43516944e+07
 9.34537559e+07 9.32703392e+07 9.29054433e+07 9.27257710e+07
 9.25792492e+07 9.24690152e+07 9.23617576e+07 9.22295993e+07
 9.20906845e+07 9.19833924e+07 9.18517842e+07 9.16988060e+07
 9.16607502e+07 9.16278929e+07 9.15925455e+07 9.15530101e+07
 9.15087695e+07 9.14860459e+07 9.14650296e+07 9.14506730e+07
 9.14317145e+07 9.14076085e+07 9.13815865e+07 9.13603475e+07
 9.13357972e+07 9.13035693e+07 9.12840377e+07 9.12640803e+07
 9.12386103e+07 9.12115530e+07 9.11861143e+07 9.11521273e+07
 9.11185925e+07 9.10758745e+07 9.10205295e+07 9.09656692e+07
 9.09124393e+07 9.08973149e+07 9.08754452e+07 9.08303441e+07
 9.07409717e+07 9.05626151e+07 9.02077393e+07 8.95062325e+07
 8.81354179e+07 8.73697985e+07 8.67615233e+07 8.64475232e+07
 8.61923368e+07 8.60000163e+07 8.58144822e+07 8.55845634e+07
 8.53522596e+07 8.51729150e+07 8.49451378e+07 8.46890445e+07
 8.42916356e+07 8.38098269e+07 8.33335165e+07 8.32804384e+07
 8.31758541e+07 8.29663355e+07 8.25509557e+07 8.17324117e+07
 8.01431448e+07 7.71430577e+07 7.26589508e+07 6.86675037e+07
 6.50917532e+07 6.18699783e+07 5.89520819e+07 5.62970207e+07
 5.38708104e+07 5.18632751e+07 0.00000000e+00 0.00000000e+00
 0.00000000e+00 0.00000000e+00 0.00000000e+00 0.00000000e+00
 0.00000000e+00 0.00000000e+00 0.00000000e+00 0.00000000e+00
 0.00000000e+00 0.00000000e+00 0.00000000e+00 0.00000000e+00
 0.00000000e+00 0.00000000e+00 0.00000000e+00 0.00000000e+00
 0.00000000e+00 0.00000000e+00 0.00000000e+00 0.00000000e+00
 0.00000000e+00 0.00000000e+00 0.00000000e+00 0.00000000e+00
 0.00000000e+00 0.00000000e+00 0.00000000e+00 0.00000000e+00
 0.00000000e+00 0.00000000e+00 0.00000000e+00 0.00000000e+00
 0.00000000e+00 0.00000000e+00 0.00000000e+00 0.00000000e+00
 0.00000000e+00 0.00000000e+00 0.00000000e+00 0.00000000e+00
 0.00000000e+00 0.00000000e+00 0.00000000e+00 0.00000000e+00
 0.00000000e+00 0.00000000e+00 0.00000000e+00 0.00000000e+00
 0.00000000e+00 0.00000000e+00 0.00000000e+00 0.00000000e+00
 0.00000000e+00 0.00000000e+00 0.00000000e+00 0.00000000e+00
 0.00000000e+00 0.00000000e+00 0.00000000e+00 0.00000000e+00
 0.00000000e+00 0.00000000e+00 0.00000000e+00 0.00000000e+00
 0.00000000e+00 0.00000000e+00 0.00000000e+00 0.00000000e+00
 0.00000000e+00 0.00000000e+00 0.00000000e+00 0.00000000e+00
 0.00000000e+00 0.00000000e+00 0.00000000e+00 0.00000000e+00
 0.00000000e+00 0.00000000e+00 0.00000000e+00 0.00000000e+00
 0.00000000e+00 0.00000000e+00 0.00000000e+00 0.00000000e+00
 0.00000000e+00 0.00000000e+00 0.00000000e+00 0.00000000e+00
 0.00000000e+00 0.00000000e+00 0.00000000e+00 0.00000000e+00
 0.00000000e+00 0.00000000e+00 0.00000000e+00 0.00000000e+00
 0.00000000e+00 0.00000000e+00 0.00000000e+00 0.00000000e+00
 0.00000000e+00 0.00000000e+00 0.00000000e+00 0.00000000e+00
 0.00000000e+00 0.00000000e+00 0.00000000e+00 0.00000000e+00
 0.00000000e+00 0.00000000e+00 0.00000000e+00 0.00000000e+00
 0.00000000e+00 0.00000000e+00 0.00000000e+00 0.00000000e+00
 0.00000000e+00 0.00000000e+00 0.00000000e+00 0.00000000e+00
 0.00000000e+00 0.00000000e+00 0.00000000e+00 0.00000000e+00
 0.00000000e+00 0.00000000e+00 0.00000000e+00 0.00000000e+00
 0.00000000e+00 0.00000000e+00 0.00000000e+00 0.00000000e+00
 0.00000000e+00 0.00000000e+00 0.00000000e+00 0.00000000e+00
 0.00000000e+00 0.00000000e+00 0.00000000e+00 0.00000000e+00
 0.00000000e+00 0.00000000e+00 0.00000000e+00 0.00000000e+00
 0.00000000e+00 0.00000000e+00 0.00000000e+00 0.00000000e+00
 0.00000000e+00 0.00000000e+00 0.00000000e+00 0.00000000e+00
 0.00000000e+00]
norm_dvd: [0. 0. 0. 0. 0. 0. 0. 0. 0. 0. 0. 0. 0. 0. 0. 0. 0. 0. 0. 0. 0. 0. 0. 0.
 0. 0. 0. 0. 0. 0. 0. 0. 0. 0. 0. 0. 0. 0. 0. 0. 0. 0. 0. 0. 0. 0. 0. 0.
 0. 0. 0. 0. 0. 0. 0. 0. 0. 0. 0. 0. 0. 0. 0. 0. 0. 0. 0. 0. 0. 0. 0. 0.
 0. 0. 0. 0. 0. 0. 0. 0. 0. 0. 0. 0. 0. 0. 0. 0. 0. 0. 0. 0. 0. 0. 0. 0.
 0. 0. 0. 0. 0. 0. 0. 0. 0. 0. 0. 0. 0. 0. 0. 0. 0. 0. 0. 0. 0. 0. 0. 0.
 0. 0. 0. 0. 0. 0. 0. 0. 0. 0. 0. 0. 0. 0. 0. 0. 0. 0. 0. 0. 0. 0. 0. 0.
 0. 0. 0. 0. 0. 0. 0. 0. 0. 0. 0. 0. 0. 0. 0. 0. 0. 0. 0. 0. 0. 0. 0. 0.
 0. 0. 0. 0. 0. 0. 0. 0. 0. 0. 0. 0. 0. 0. 0. 0. 0. 0. 0. 0. 0. 0. 0. 0.
 0. 0. 0. 0. 0. 0. 0. 0. 0. 0. 0. 0. 0. 0. 0. 0. 0. 0. 0. 0. 0. 0. 0. 0.
 0. 0. 0. 0. 0. 0. 0. 0. 0. 0. 0. 0. 0. 0. 0. 0. 0. 0. 0. 0. 0. 0. 0. 0.
 0. 0. 0. 0. 0. 0. 0. 0. 0. 0. 0. 0. 0. 0. 0. 0. 0. 0. 0. 0. 0. 0. 0. 0.
 0. 0. 0. 0. 0. 0. 0. 0. 0. 0. 0. 0. 0. 0. 0. 0. 0. 0. 0. 0. 0. 0. 0. 0.
 0. 0. 0. 0. 0. 0. 0. 0. 0. 0. 0. 0. 0. 0. 0. 0. 0. 0. 0. 0. 0. 0. 0. 0.
 0.]
norm_did: [3.63551260e+04 4.79226591e+04 3.71813592e+04 3.88338410e+04
 4.21387964e+04 5.45457262e+04 4.94756962e+04 5.01789443e+04
 5.14498583e+04 5.34376651e+04 5.45894820e+04 5.63808586e+04
 5.76588644e+04 5.91467294e+04 6.18787135e+04 6.46756444e+04
 7.08783444e+04 7.23510932e+04 7.38877357e+04 7.67063697e+04
 7.93851012e+04 8.42859535e+04 8.37476002e+04 8.51020522e+04
 8.45280407e+04 8.32345817e+04 8.66308394e+04 8.63881972e+04
 8.60471693e+04 8.87589847e+04 8.93083768e+04 8.76852479e+04
 9.01506090e+04 8.87455651e+04 9.05757688e+04 9.22109218e+04
 8.96587939e+04 9.37568304e+04 9.24066918e+04 9.37359119e+04
 9.25105992e+04 9.52461404e+04 9.47679748e+04 9.56293612e+04
 9.65108759e+04 9.74718275e+04 9.91631527e+04 1.00174941e+05
 4.04746911e+04 1.34072458e+05 1.02994372e+05 1.03671925e+05
 1.06382195e+05 1.11972106e+05 1.23914129e+05 1.51863216e+05
 2.17151192e+05 1.10174171e+06 3.88788106e+05 3.03959831e+05
 3.25416324e+05 3.73124194e+05 4.90085057e+05 8.45011005e+05
 2.47073954e+06 1.27547557e+07 6.58591517e+07 2.88182217e+08
 1.01708874e+09 2.04674085e+09 1.32423282e+09 1.88936005e+08
 2.29369676e+09 7.71669673e+10 2.87390592e+09 1.45863148e+09
 9.01932483e+08 7.16341380e+08 6.03830603e+08 5.71391575e+08
 5.71121318e+08 5.68906680e+08 5.64520496e+08 5.55912322e+08
 5.31637485e+08 5.28368861e+08 5.19500229e+08 5.15499986e+08
 5.12212109e+08 5.09881168e+08 5.07754466e+08 5.05033058e+08
 5.02053945e+08 4.99958780e+08 4.97396535e+08 4.93786165e+08
 4.93044936e+08 4.92335256e+08 4.91724553e+08 4.90887295e+08
 4.89995258e+08 4.89485150e+08 4.89062811e+08 4.88768898e+08
 4.88436043e+08 4.88000769e+08 4.87459203e+08 4.87042891e+08
 4.86564364e+08 4.85923455e+08 4.85546767e+08 4.85153375e+08
 4.84714758e+08 4.84157988e+08 4.83658861e+08 4.83025625e+08
 4.82438866e+08 4.81649147e+08 4.80611137e+08 4.79541724e+08
 4.79406875e+08 4.77552864e+08 4.77776316e+08 4.77117242e+08
 4.75802923e+08 4.73196306e+08 4.68063590e+08 4.58125518e+08
 4.32388214e+08 4.19561917e+08 4.09164368e+08 4.04262763e+08
 4.00287181e+08 3.97471994e+08 3.94960593e+08 3.91704834e+08
 3.88265701e+08 3.85941172e+08 3.82903960e+08 3.79898569e+08
 3.74872312e+08 3.68567532e+08 3.61801362e+08 3.60384954e+08
 3.59691064e+08 3.57736130e+08 3.53901127e+08 3.46508124e+08
 3.32743036e+08 3.06071881e+08 2.64950013e+08 2.33775811e+08
 2.09169212e+08 1.89165865e+08 1.72538028e+08 1.58474733e+08
 1.46130704e+08 1.36708529e+08 1.79373482e+09 0.00000000e+00
 0.00000000e+00 0.00000000e+00 0.00000000e+00 0.00000000e+00
 0.00000000e+00 0.00000000e+00 0.00000000e+00 0.00000000e+00
 0.00000000e+00 0.00000000e+00 0.00000000e+00 0.00000000e+00
 0.00000000e+00 0.00000000e+00 0.00000000e+00 0.00000000e+00
 0.00000000e+00 0.00000000e+00 0.00000000e+00 0.00000000e+00
 0.00000000e+00 0.00000000e+00 0.00000000e+00 0.00000000e+00
 0.00000000e+00 0.00000000e+00 0.00000000e+00 0.00000000e+00
 0.00000000e+00 0.00000000e+00 0.00000000e+00 0.00000000e+00
 0.00000000e+00 0.00000000e+00 0.00000000e+00 0.00000000e+00
 0.00000000e+00 0.00000000e+00 0.00000000e+00 0.00000000e+00
 0.00000000e+00 0.00000000e+00 0.00000000e+00 0.00000000e+00
 0.00000000e+00 0.00000000e+00 0.00000000e+00 0.00000000e+00
 0.00000000e+00 0.00000000e+00 0.00000000e+00 0.00000000e+00
 0.00000000e+00 0.00000000e+00 0.00000000e+00 0.00000000e+00
 0.00000000e+00 0.00000000e+00 0.00000000e+00 0.00000000e+00
 0.00000000e+00 0.00000000e+00 0.00000000e+00 0.00000000e+00
 0.00000000e+00 0.00000000e+00 0.00000000e+00 0.00000000e+00
 0.00000000e+00 0.00000000e+00 0.00000000e+00 0.00000000e+00
 0.00000000e+00 0.00000000e+00 0.00000000e+00 0.00000000e+00
 0.00000000e+00 0.00000000e+00 0.00000000e+00 0.00000000e+00
 0.00000000e+00 0.00000000e+00 0.00000000e+00 0.00000000e+00
 0.00000000e+00 0.00000000e+00 0.00000000e+00 0.00000000e+00
 0.00000000e+00 0.00000000e+00 0.00000000e+00 0.00000000e+00
 0.00000000e+00 0.00000000e+00 0.00000000e+00 0.00000000e+00
 0.00000000e+00 0.00000000e+00 0.00000000e+00 0.00000000e+00
 0.00000000e+00 0.00000000e+00 0.00000000e+00 0.00000000e+00
 0.00000000e+00 0.00000000e+00 0.00000000e+00 0.00000000e+00
 0.00000000e+00 0.00000000e+00 0.00000000e+00 0.00000000e+00
 0.00000000e+00 0.00000000e+00 0.00000000e+00 0.00000000e+00
 0.00000000e+00 0.00000000e+00 0.00000000e+00 0.00000000e+00
 0.00000000e+00 0.00000000e+00 0.00000000e+00 0.00000000e+00
 0.00000000e+00 0.00000000e+00 0.00000000e+00 0.00000000e+00
 0.00000000e+00 0.00000000e+00 0.00000000e+00 0.00000000e+00
 0.00000000e+00 0.00000000e+00 0.00000000e+00 0.00000000e+00
 0.00000000e+00 0.00000000e+00 0.00000000e+00 0.00000000e+00
 0.00000000e+00 0.00000000e+00 0.00000000e+00 0.00000000e+00
 0.00000000e+00 0.00000000e+00 0.00000000e+00 0.00000000e+00
 0.00000000e+00 0.00000000e+00 0.00000000e+00 0.00000000e+00
 0.00000000e+00]
[WARNING]: Quasi-static verification failed
[WARNING]: Max normalized derivatives: dVg/dt=2.50e+11, dVd/dt=0.00e+00, dId/dt=7.72e+10

  ngspice: ✓ PASS  (48.3s)

✓ Benchmark completed: /home/duhaochen/website-trial-v1/data/spice-model-benchmark/37788b6a00252e249957c366fd4cd856/ngspice
