$ /usr/bin/time -v -o /home/duhaochen/website-trial-v1/data/spice-model-benchmark/885bfaafb75ac73510ce6fc27e15c139/ngspice/resource.txt /usr/bin/python -m spice_model_benchmark.cli /home/duhaochen/pipeline_full_collection/benchmark-inputs/885bfaafb75ac73510ce6fc27e15c139/ngspice.lib --simulator ngspice --modes dc transient ac noise --output-dir /home/duhaochen/website-trial-v1/data/spice-model-benchmark/885bfaafb75ac73510ce6fc27e15c139 --dpi 120 --log-level WARNING
/home/duhaochen/spice_model_benchmark/src/spice_model_benchmark/verification_manager.py:1557: RuntimeWarning: divide by zero encountered in divide
  tc = np.mean((d_ids / d_temp) / np.abs(i_ds[:-1]))
SPICE Model Benchmark: /home/duhaochen/pipeline_full_collection/benchmark-inputs/885bfaafb75ac73510ce6fc27e15c139/ngspice.lib
Simulators: ngspice
Modes: dc, transient, ac, noise
------------------------------------------------------------

============================================================
  Running: NGSPICE
  Output:  /home/duhaochen/website-trial-v1/data/spice-model-benchmark/885bfaafb75ac73510ce6fc27e15c139/ngspice
============================================================
Vgs range: 0.000V to 1.200V
Ids range: -6.788e-04A to 0.000e+00A
Selected Vgs values: [0.  0.2 0.4 0.6 0.8 1.  1.2]
Vgs=0.000V: Ids range -2.692e-12A to -1.230e-16A
Vgs=0.200V: Ids range -2.891e-10A to 0.000e+00A
Vgs=0.400V: Ids range -2.902e-08A to 0.000e+00A
Vgs=0.600V: Ids range -1.956e-06A to 0.000e+00A
Vgs=0.800V: Ids range -7.048e-05A to 0.000e+00A
Vgs=1.000V: Ids range -3.130e-04A to 0.000e+00A
Vgs=1.200V: Ids range -6.788e-04A to 0.000e+00A
ids_variation: 7.343536788661666
ids_variation <= max_variation: False
tc: inf
abs(tc) <= max_tc: False
[WARNING]: Temperature effects verification failed - effects outside expected range
/home/duhaochen/spice_model_benchmark/src/spice_model_benchmark/verification_manager.py:1817: RuntimeWarning: divide by zero encountered in log
  log_ids = np.log(np.abs(i_ds))
/home/duhaochen/.local/lib/python3.9/site-packages/numpy/lib/function_base.py:2742: RuntimeWarning: invalid value encountered in subtract
  X -= avg[:, None]
/home/duhaochen/spice_model_benchmark/src/spice_model_benchmark/verification_manager.py:1862: RuntimeWarning: divide by zero encountered in divide
  efficiency = np.abs(gm / i_ds)  # Transconductance efficiency
[INFO]: S-parameter analysis plot saved to /home/duhaochen/website-trial-v1/data/spice-model-benchmark/885bfaafb75ac73510ce6fc27e15c139/ngspice/plots/ac_cv_sparameter_analysis.png
[INFO]: NQS effects plot saved to /home/duhaochen/website-trial-v1/data/spice-model-benchmark/885bfaafb75ac73510ce6fc27e15c139/ngspice/plots/ac_cv_nqs_effects.png
[INFO]: S-parameter analysis plot saved to /home/duhaochen/website-trial-v1/data/spice-model-benchmark/885bfaafb75ac73510ce6fc27e15c139/ngspice/plots/ac_cv_sparameter_analysis.png
norm_dvg: [2.50000000e+11 1.25000000e+11 6.25000000e+10 3.12500000e+10
 1.56250001e+10 8.98740806e+09 5.98374532e+09 4.43392955e+09
 4.01419548e+09 3.76395400e+09 3.46668428e+09 3.24555163e+09
 3.03474514e+09 2.86514890e+09 2.62727598e+09 2.36119670e+09
 2.16564107e+09 2.00000000e+09 1.99924436e+09 1.99774630e+09
 1.99474807e+09 1.98877743e+09 1.97694492e+09 1.95369760e+09
 1.90880498e+09 1.86542774e+09 1.82483051e+09 1.79100907e+09
 1.77507154e+09 1.76427636e+09 1.75502902e+09 1.74426130e+09
 1.73320395e+09 1.72329711e+09 1.71207465e+09 1.69603006e+09
 1.66482645e+09 1.62087520e+09 1.57614506e+09 1.55193368e+09
 1.53130839e+09 1.50389069e+09 1.48426868e+09 1.45969194e+09
 1.42884887e+09 1.39021365e+09 1.34537755e+09 1.29560636e+09
 1.25056701e+09 1.21624840e+09 1.18349749e+09 1.15076865e+09
 1.12374712e+09 1.09459294e+09 1.05936411e+09 1.02882640e+09
 1.00000312e+09 9.98929961e+08 9.96804109e+08 9.92574050e+08
 9.84220058e+08 9.67928579e+08 9.36911054e+08 9.17137152e+08
 8.99327643e+08 8.79861987e+08 8.60271752e+08 8.50438816e+08
 8.38146731e+08 8.23532277e+08 8.08925054e+08 7.95894727e+08
 7.82229527e+08 7.63640979e+08 7.45317800e+08 7.11188346e+08
 6.71646376e+08 6.39020486e+08 6.03232925e+08 5.64937261e+08
 5.21095522e+08 4.94053544e+08 4.83612814e+08 4.72472575e+08
 4.63281977e+08 4.53464975e+08 4.44749308e+08 4.29950754e+08
 4.13186045e+08 3.96537241e+08 3.87530829e+08 3.84895115e+08
 3.81021911e+08 3.79576807e+08 3.78286772e+08 3.77157092e+08
 3.75708064e+08 3.75001290e+08 3.74304137e+08 3.73510214e+08
 3.71934332e+08 3.68822003e+08 3.64176191e+08 3.59227959e+08
 3.56738103e+08 3.54952042e+08 3.52240480e+08 3.50409949e+08
 3.48302749e+08 3.45283071e+08 3.41452146e+08 3.36923749e+08
 3.32539251e+08 3.27390212e+08 3.21764058e+08 3.14470396e+08
 3.05433759e+08 2.93243213e+08 2.79043386e+08 2.63075884e+08
 2.46176914e+08 2.27617341e+08 2.07526349e+08 1.85526431e+08
 1.62929132e+08 1.44141281e+08 1.29238409e+08 1.17128417e+08
 1.07093468e+08 1.00818454e+08 9.52409061e+07 9.52271494e+07
 9.52066697e+07 9.51666142e+07 9.50848529e+07 9.49214460e+07
 9.47025304e+07 9.44682653e+07 9.41866852e+07 9.39816531e+07
 9.38575855e+07 9.37226980e+07 9.35745414e+07 9.34588251e+07
 9.33224717e+07 9.31789496e+07 9.29883235e+07 9.27880467e+07
 9.26386828e+07 9.25285421e+07 9.23955825e+07 9.22935666e+07
 9.22045989e+07 9.20946985e+07 9.19863811e+07 9.18456779e+07
 9.16735771e+07 9.14385730e+07 9.12278914e+07 9.11597279e+07
 9.10876644e+07 9.10400489e+07 9.09823140e+07 9.09444722e+07
 9.09248984e+07 9.08956540e+07 9.09063132e+07 9.08999760e+07
 9.08848353e+07 9.08590094e+07 9.08105209e+07 9.07439024e+07
 9.06823828e+07 9.06182807e+07 9.05374078e+07 9.04668762e+07
 9.03829396e+07 9.02864422e+07 9.01916951e+07 9.01047125e+07
 8.99754082e+07 8.98098823e+07 8.95829690e+07 8.92858338e+07
 8.88933280e+07 8.83817228e+07 8.77389546e+07 8.74204073e+07
 8.71588956e+07 8.67941648e+07 8.65292775e+07 8.61952168e+07
 8.58640427e+07 8.56325497e+07 8.52711451e+07 8.49442189e+07
 8.43862083e+07 8.38564661e+07 8.33335736e+07 8.32928438e+07
 8.32130609e+07 8.30533862e+07 8.27353549e+07 8.24576906e+07
 8.23033624e+07 8.21677865e+07 8.20568099e+07 8.19450550e+07
 8.18154648e+07 8.17476742e+07 8.16738429e+07 8.15780365e+07
 8.14875979e+07 8.13784605e+07 8.12547178e+07 8.11047787e+07
 8.08946894e+07 8.04774897e+07 8.01687314e+07 8.00090514e+07
 7.98699297e+07 7.96721329e+07 7.95153000e+07 7.93334963e+07
 7.91694109e+07 7.89032620e+07 7.85818490e+07 7.81888494e+07
 7.78020009e+07 7.75699544e+07 7.73533496e+07 7.72086481e+07
 7.71480229e+07 7.70829852e+07 7.70006828e+07 7.69527452e+07
 7.69008330e+07 7.68390092e+07 7.67652547e+07 7.66707483e+07
 7.64815653e+07 7.62875494e+07 7.60665004e+07 7.59315278e+07
 7.58334617e+07 7.57009869e+07 7.55715596e+07 7.54241764e+07
 7.52836276e+07 7.50642611e+07 7.47865875e+07 7.44015429e+07
 7.39056314e+07 7.32554073e+07 7.24461284e+07 7.14576237e+07
 7.04214969e+07 6.92305619e+07 6.79572821e+07 6.64695707e+07
 6.47759784e+07 6.26737284e+07 6.01400835e+07 5.73794353e+07
 5.48611154e+07 5.25545507e+07 5.12454576e+07 0.00000000e+00
 0.00000000e+00 0.00000000e+00 0.00000000e+00 0.00000000e+00
 0.00000000e+00 0.00000000e+00 0.00000000e+00 0.00000000e+00
 0.00000000e+00 0.00000000e+00 0.00000000e+00 0.00000000e+00
 0.00000000e+00 0.00000000e+00 0.00000000e+00 0.00000000e+00
 0.00000000e+00 0.00000000e+00 0.00000000e+00 0.00000000e+00
 0.00000000e+00 0.00000000e+00 0.00000000e+00 0.00000000e+00
 0.00000000e+00 0.00000000e+00 0.00000000e+00 0.00000000e+00
 0.00000000e+00 0.00000000e+00 0.00000000e+00 0.00000000e+00
 0.00000000e+00 0.00000000e+00 0.00000000e+00 0.00000000e+00
 0.00000000e+00 0.00000000e+00 0.00000000e+00 0.00000000e+00
 0.00000000e+00 0.00000000e+00 0.00000000e+00 0.00000000e+00
 0.00000000e+00 0.00000000e+00 0.00000000e+00 0.00000000e+00
 0.00000000e+00 0.00000000e+00 0.00000000e+00 0.00000000e+00
 0.00000000e+00 0.00000000e+00 0.00000000e+00 0.00000000e+00
 0.00000000e+00 0.00000000e+00 0.00000000e+00 0.00000000e+00
 0.00000000e+00 0.00000000e+00 0.00000000e+00 0.00000000e+00
 0.00000000e+00 0.00000000e+00 0.00000000e+00 0.00000000e+00
 0.00000000e+00 0.00000000e+00 0.00000000e+00 0.00000000e+00
 0.00000000e+00 0.00000000e+00 0.00000000e+00 0.00000000e+00
 0.00000000e+00 0.00000000e+00 0.00000000e+00 0.00000000e+00
 0.00000000e+00 0.00000000e+00 0.00000000e+00 0.00000000e+00
 0.00000000e+00 0.00000000e+00 0.00000000e+00 0.00000000e+00
 0.00000000e+00 0.00000000e+00 0.00000000e+00 0.00000000e+00
 0.00000000e+00 0.00000000e+00 0.00000000e+00 0.00000000e+00
 0.00000000e+00 0.00000000e+00 0.00000000e+00 0.00000000e+00
 0.00000000e+00 0.00000000e+00 0.00000000e+00 0.00000000e+00
 0.00000000e+00 0.00000000e+00 0.00000000e+00 0.00000000e+00
 0.00000000e+00 0.00000000e+00 0.00000000e+00 0.00000000e+00
 0.00000000e+00 0.00000000e+00 0.00000000e+00 0.00000000e+00
 0.00000000e+00 0.00000000e+00 0.00000000e+00 0.00000000e+00
 0.00000000e+00 0.00000000e+00 0.00000000e+00 0.00000000e+00
 0.00000000e+00 0.00000000e+00 0.00000000e+00 0.00000000e+00
 0.00000000e+00 0.00000000e+00 0.00000000e+00 0.00000000e+00
 0.00000000e+00 0.00000000e+00 0.00000000e+00 0.00000000e+00
 0.00000000e+00 0.00000000e+00 0.00000000e+00 0.00000000e+00
 0.00000000e+00 0.00000000e+00 0.00000000e+00 0.00000000e+00
 0.00000000e+00 0.00000000e+00 0.00000000e+00 0.00000000e+00
 0.00000000e+00 0.00000000e+00 0.00000000e+00 0.00000000e+00
 0.00000000e+00 0.00000000e+00 0.00000000e+00 0.00000000e+00
 0.00000000e+00 0.00000000e+00 0.00000000e+00 0.00000000e+00
 0.00000000e+00 0.00000000e+00 0.00000000e+00 0.00000000e+00
 0.00000000e+00 0.00000000e+00 0.00000000e+00 0.00000000e+00
 0.00000000e+00 0.00000000e+00 0.00000000e+00 0.00000000e+00
 0.00000000e+00 0.00000000e+00 0.00000000e+00 0.00000000e+00
 0.00000000e+00 0.00000000e+00 0.00000000e+00 0.00000000e+00
 0.00000000e+00 0.00000000e+00 0.00000000e+00 0.00000000e+00
 0.00000000e+00 0.00000000e+00 0.00000000e+00 0.00000000e+00
 0.00000000e+00 0.00000000e+00 0.00000000e+00 0.00000000e+00
 0.00000000e+00 0.00000000e+00 0.00000000e+00 0.00000000e+00
 0.00000000e+00 0.00000000e+00 0.00000000e+00 0.00000000e+00
 0.00000000e+00 0.00000000e+00 0.00000000e+00 0.00000000e+00
 0.00000000e+00 0.00000000e+00 0.00000000e+00 0.00000000e+00
 0.00000000e+00 0.00000000e+00 0.00000000e+00 0.00000000e+00
 0.00000000e+00 0.00000000e+00 0.00000000e+00 0.00000000e+00
 0.00000000e+00 0.00000000e+00 0.00000000e+00 0.00000000e+00
 0.00000000e+00 0.00000000e+00 0.00000000e+00 0.00000000e+00
 0.00000000e+00 0.00000000e+00 0.00000000e+00 0.00000000e+00
 0.00000000e+00 0.00000000e+00 0.00000000e+00 0.00000000e+00
 0.00000000e+00 0.00000000e+00 0.00000000e+00 0.00000000e+00
 0.00000000e+00 0.00000000e+00 0.00000000e+00 0.00000000e+00
 0.00000000e+00 0.00000000e+00 0.00000000e+00 0.00000000e+00
 0.00000000e+00 0.00000000e+00 0.00000000e+00 0.00000000e+00
 0.00000000e+00 0.00000000e+00 0.00000000e+00 0.00000000e+00
 0.00000000e+00 0.00000000e+00 0.00000000e+00 0.00000000e+00
 0.00000000e+00 0.00000000e+00 0.00000000e+00 0.00000000e+00
 0.00000000e+00 0.00000000e+00 0.00000000e+00]
norm_dvd: [0. 0. 0. 0. 0. 0. 0. 0. 0. 0. 0. 0. 0. 0. 0. 0. 0. 0. 0. 0. 0. 0. 0. 0.
 0. 0. 0. 0. 0. 0. 0. 0. 0. 0. 0. 0. 0. 0. 0. 0. 0. 0. 0. 0. 0. 0. 0. 0.
 0. 0. 0. 0. 0. 0. 0. 0. 0. 0. 0. 0. 0. 0. 0. 0. 0. 0. 0. 0. 0. 0. 0. 0.
 0. 0. 0. 0. 0. 0. 0. 0. 0. 0. 0. 0. 0. 0. 0. 0. 0. 0. 0. 0. 0. 0. 0. 0.
 0. 0. 0. 0. 0. 0. 0. 0. 0. 0. 0. 0. 0. 0. 0. 0. 0. 0. 0. 0. 0. 0. 0. 0.
 0. 0. 0. 0. 0. 0. 0. 0. 0. 0. 0. 0. 0. 0. 0. 0. 0. 0. 0. 0. 0. 0. 0. 0.
 0. 0. 0. 0. 0. 0. 0. 0. 0. 0. 0. 0. 0. 0. 0. 0. 0. 0. 0. 0. 0. 0. 0. 0.
 0. 0. 0. 0. 0. 0. 0. 0. 0. 0. 0. 0. 0. 0. 0. 0. 0. 0. 0. 0. 0. 0. 0. 0.
 0. 0. 0. 0. 0. 0. 0. 0. 0. 0. 0. 0. 0. 0. 0. 0. 0. 0. 0. 0. 0. 0. 0. 0.
 0. 0. 0. 0. 0. 0. 0. 0. 0. 0. 0. 0. 0. 0. 0. 0. 0. 0. 0. 0. 0. 0. 0. 0.
 0. 0. 0. 0. 0. 0. 0. 0. 0. 0. 0. 0. 0. 0. 0. 0. 0. 0. 0. 0. 0. 0. 0. 0.
 0. 0. 0. 0. 0. 0. 0. 0. 0. 0. 0. 0. 0. 0. 0. 0. 0. 0. 0. 0. 0. 0. 0. 0.
 0. 0. 0. 0. 0. 0. 0. 0. 0. 0. 0. 0. 0. 0. 0. 0. 0. 0. 0. 0. 0. 0. 0. 0.
 0. 0. 0. 0. 0. 0. 0. 0. 0. 0. 0. 0. 0. 0. 0. 0. 0. 0. 0. 0. 0. 0. 0. 0.
 0. 0. 0. 0. 0. 0. 0. 0. 0. 0. 0. 0. 0. 0. 0. 0. 0. 0. 0. 0. 0. 0. 0. 0.
 0. 0. 0. 0. 0. 0. 0. 0. 0. 0. 0. 0. 0. 0. 0. 0. 0. 0. 0. 0. 0. 0. 0. 0.
 0. 0. 0. 0. 0. 0. 0. 0. 0. 0. 0. 0. 0. 0. 0. 0. 0. 0. 0. 0. 0. 0. 0. 0.
 0. 0. 0. 0. 0. 0. 0. 0. 0. 0. 0. 0. 0. 0. 0. 0. 0. 0. 0. 0. 0. 0. 0. 0.
 0. 0. 0. 0. 0. 0. 0. 0. 0. 0. 0. 0. 0. 0. 0. 0. 0. 0. 0. 0. 0. 0. 0. 0.
 0. 0. 0. 0. 0. 0. 0. 0. 0. 0. 0. 0. 0. 0. 0. 0. 0. 0. 0. 0. 0. 0. 0. 0.
 0. 0. 0. 0. 0. 0. 0. 0. 0. 0. 0. 0. 0. 0. 0. 0. 0. 0. 0. 0. 0. 0. 0. 0.
 0. 0. 0. 0. 0. 0. 0. 0. 0. 0. 0. 0. 0. 0. 0. 0. 0. 0. 0. 0. 0. 0. 0. 0.
 0. 0. 0.]
norm_did: [0.00000000e+00 1.93393055e+02 9.66965404e+01 9.66965278e+01
 1.30928692e+02 1.10801907e+02 1.32428933e+02 1.96817888e+02
 9.34146022e+01 2.03732512e+02 1.57438268e+02 2.16859947e+02
 1.58640439e+02 1.95838927e+02 2.16425631e+02 2.42734000e+02
 2.42734002e+02 0.00000000e+00 0.00000000e+00 0.00000000e+00
 0.00000000e+00 5.14084864e+02 2.57042432e+02 2.57042450e+02
 2.54003098e+02 2.59457369e+02 2.99012373e+02 3.08626222e+02
 0.00000000e+00 5.18034276e+02 4.39894560e+02 0.00000000e+00
 4.66466710e+02 4.06748342e+02 2.80000363e+02 2.80000327e+02
 2.84970064e+02 3.53457086e+02 3.12614172e+02 3.56534006e+02
 3.89851906e+02 3.52001905e+02 4.09168028e+02 3.13864371e+02
 3.97727357e+02 4.51779231e+02 4.33472205e+02 4.45254467e+02
 4.79985504e+02 4.75987625e+02 5.15046888e+02 5.18290168e+02
 5.87484003e+02 6.11098176e+02 6.62618721e+02 6.62618717e+02
 0.00000000e+00 7.23746149e+02 7.23747891e+02 7.23747870e+02
 7.23747463e+02 7.68981917e+02 8.06760641e+02 8.59858638e+02
 8.80461896e+02 9.56459608e+02 9.20908792e+02 9.86873115e+02
 1.02301706e+03 1.12892406e+03 1.07021743e+03 1.19825123e+03
 1.24295621e+03 1.34559793e+03 1.46574090e+03 1.70074909e+03
 1.97422302e+03 2.34972830e+03 2.89125517e+03 3.78149220e+03
 4.72812095e+03 5.20463744e+03 5.99754628e+03 6.59586376e+03
 7.21760762e+03 7.87612573e+03 8.97623617e+03 1.06565019e+04
 1.29114197e+04 1.46774448e+04 1.51474310e+04 1.68722188e+04
 1.71842966e+04 1.79141010e+04 1.79618599e+04 1.84692887e+04
 1.85182419e+04 1.89632931e+04 1.90925156e+04 1.95016259e+04
 2.01835143e+04 2.13819028e+04 2.29061756e+04 2.38884445e+04
 2.49011211e+04 2.58939383e+04 2.68160149e+04 2.77775517e+04
 2.89594009e+04 3.07123568e+04 3.30154647e+04 3.55447751e+04
 3.88617833e+04 4.29325425e+04 4.88520656e+04 5.78202538e+04
 7.32753715e+04 1.00205913e+05 1.48831770e+05 2.41200021e+05
 4.41870953e+05 9.60513113e+05 2.69818184e+06 1.05522225e+07
 4.91791690e+07 2.38400809e+08 1.32408266e+09 9.30708194e+10
 3.57739454e+09 2.98051526e+09 2.30468446e+10 1.66677073e+09
 1.76618704e+09 1.77211203e+09 1.78390637e+09 1.78975157e+09
 1.78732249e+09 1.78993304e+09 1.77039989e+09 1.75239162e+09
 1.75106435e+09 1.74947561e+09 1.74037457e+09 1.74020457e+09
 1.73739054e+09 1.74033378e+09 1.73583464e+09 1.72152342e+09
 1.71069671e+09 1.71009825e+09 1.70061843e+09 1.69511425e+09
 1.69477501e+09 1.69041390e+09 1.69079168e+09 1.68993681e+09
 1.69189016e+09 1.67847549e+09 1.65100799e+09 1.64666241e+09
 1.64017286e+09 1.63925810e+09 1.63367577e+09 1.63188645e+09
 1.70253327e+09 1.58857544e+09 1.62593345e+09 1.62649650e+09
 1.62757339e+09 1.62981948e+09 1.62950439e+09 1.62598089e+09
 1.62351242e+09 1.62251309e+09 1.61736934e+09 1.61570322e+09
 1.61301005e+09 1.60820007e+09 1.60231324e+09 1.60325161e+09
 1.60113927e+09 1.60008196e+09 1.59641062e+09 1.59126839e+09
 1.58206622e+09 1.56500796e+09 1.48862014e+09 1.46067345e+09
 1.45304396e+09 1.41914346e+09 1.40760498e+09 1.38461628e+09
 1.35335343e+09 1.34835191e+09 1.32053846e+09 1.31621246e+09
 1.27437367e+09 1.23635330e+09 1.17924354e+09 1.16458109e+09
 1.16735774e+09 1.16654302e+09 1.14259699e+09 1.11695152e+09
 1.10554214e+09 1.09519533e+09 1.08805679e+09 1.08166288e+09
 1.07007138e+09 1.06590264e+09 1.06228611e+09 1.05589660e+09
 1.05100549e+09 1.04476559e+09 1.03809346e+09 1.03141953e+09
 1.02761360e+09 9.95968762e+08 9.70392289e+08 9.59612858e+08
 9.53431698e+08 9.39826763e+08 9.31286806e+08 9.19755353e+08
 9.13685743e+08 8.99815247e+08 8.83284110e+08 8.60292799e+08
 8.33839870e+08 8.20562839e+08 8.06869806e+08 7.96818593e+08
 7.93751617e+08 7.90813163e+08 7.85527424e+08 7.83201992e+08
 7.80718030e+08 7.77782374e+08 7.74533333e+08 7.71951808e+08
 7.62339343e+08 7.53094203e+08 7.40069317e+08 7.32595122e+08
 7.28511299e+08 7.22011741e+08 7.16128247e+08 7.08951883e+08
 7.03841726e+08 6.94637908e+08 6.83716520e+08 6.68073942e+08
 6.48505762e+08 6.22941953e+08 5.92265617e+08 5.55100509e+08
 5.20311129e+08 4.82927298e+08 4.47924849e+08 4.11181490e+08
 3.75611425e+08 3.37282652e+08 2.97196467e+08 2.58965535e+08
 2.29526119e+08 2.03719600e+08 1.91866878e+08 5.77223650e+08
 0.00000000e+00 0.00000000e+00 0.00000000e+00 0.00000000e+00
 0.00000000e+00 0.00000000e+00 0.00000000e+00 0.00000000e+00
 0.00000000e+00 0.00000000e+00 0.00000000e+00 0.00000000e+00
 0.00000000e+00 0.00000000e+00 0.00000000e+00 0.00000000e+00
 0.00000000e+00 0.00000000e+00 0.00000000e+00 0.00000000e+00
 0.00000000e+00 0.00000000e+00 0.00000000e+00 0.00000000e+00
 0.00000000e+00 0.00000000e+00 0.00000000e+00 0.00000000e+00
 0.00000000e+00 0.00000000e+00 0.00000000e+00 0.00000000e+00
 0.00000000e+00 0.00000000e+00 0.00000000e+00 0.00000000e+00
 0.00000000e+00 0.00000000e+00 0.00000000e+00 0.00000000e+00
 0.00000000e+00 0.00000000e+00 0.00000000e+00 0.00000000e+00
 0.00000000e+00 0.00000000e+00 0.00000000e+00 0.00000000e+00
 0.00000000e+00 0.00000000e+00 0.00000000e+00 0.00000000e+00
 0.00000000e+00 0.00000000e+00 0.00000000e+00 0.00000000e+00
 0.00000000e+00 0.00000000e+00 0.00000000e+00 0.00000000e+00
 0.00000000e+00 0.00000000e+00 0.00000000e+00 0.00000000e+00
 0.00000000e+00 0.00000000e+00 0.00000000e+00 0.00000000e+00
 0.00000000e+00 0.00000000e+00 0.00000000e+00 0.00000000e+00
 0.00000000e+00 0.00000000e+00 0.00000000e+00 0.00000000e+00
 0.00000000e+00 0.00000000e+00 0.00000000e+00 0.00000000e+00
 0.00000000e+00 0.00000000e+00 0.00000000e+00 0.00000000e+00
 0.00000000e+00 0.00000000e+00 0.00000000e+00 0.00000000e+00
 0.00000000e+00 0.00000000e+00 0.00000000e+00 0.00000000e+00
 0.00000000e+00 0.00000000e+00 0.00000000e+00 0.00000000e+00
 0.00000000e+00 0.00000000e+00 0.00000000e+00 0.00000000e+00
 0.00000000e+00 0.00000000e+00 0.00000000e+00 0.00000000e+00
 0.00000000e+00 0.00000000e+00 0.00000000e+00 0.00000000e+00
 0.00000000e+00 0.00000000e+00 0.00000000e+00 0.00000000e+00
 0.00000000e+00 0.00000000e+00 0.00000000e+00 0.00000000e+00
 0.00000000e+00 0.00000000e+00 0.00000000e+00 0.00000000e+00
 0.00000000e+00 0.00000000e+00 0.00000000e+00 0.00000000e+00
 0.00000000e+00 0.00000000e+00 0.00000000e+00 0.00000000e+00
 0.00000000e+00 0.00000000e+00 0.00000000e+00 0.00000000e+00
 0.00000000e+00 0.00000000e+00 0.00000000e+00 0.00000000e+00
 0.00000000e+00 0.00000000e+00 0.00000000e+00 0.00000000e+00
 0.00000000e+00 0.00000000e+00 0.00000000e+00 0.00000000e+00
 0.00000000e+00 0.00000000e+00 0.00000000e+00 0.00000000e+00
 0.00000000e+00 0.00000000e+00 0.00000000e+00 0.00000000e+00
 0.00000000e+00 0.00000000e+00 0.00000000e+00 0.00000000e+00
 0.00000000e+00 0.00000000e+00 0.00000000e+00 0.00000000e+00
 0.00000000e+00 0.00000000e+00 0.00000000e+00 0.00000000e+00
 0.00000000e+00 0.00000000e+00 0.00000000e+00 0.00000000e+00
 0.00000000e+00 0.00000000e+00 0.00000000e+00 0.00000000e+00
 0.00000000e+00 0.00000000e+00 0.00000000e+00 0.00000000e+00
 0.00000000e+00 0.00000000e+00 0.00000000e+00 0.00000000e+00
 0.00000000e+00 0.00000000e+00 0.00000000e+00 0.00000000e+00
 0.00000000e+00 0.00000000e+00 0.00000000e+00 0.00000000e+00
 0.00000000e+00 0.00000000e+00 0.00000000e+00 0.00000000e+00
 0.00000000e+00 0.00000000e+00 0.00000000e+00 0.00000000e+00
 0.00000000e+00 0.00000000e+00 0.00000000e+00 0.00000000e+00
 0.00000000e+00 0.00000000e+00 0.00000000e+00 0.00000000e+00
 0.00000000e+00 0.00000000e+00 0.00000000e+00 0.00000000e+00
 0.00000000e+00 0.00000000e+00 0.00000000e+00 0.00000000e+00
 0.00000000e+00 0.00000000e+00 0.00000000e+00 0.00000000e+00
 0.00000000e+00 0.00000000e+00 0.00000000e+00 0.00000000e+00
 0.00000000e+00 0.00000000e+00 0.00000000e+00 0.00000000e+00
 0.00000000e+00 0.00000000e+00 0.00000000e+00 0.00000000e+00
 0.00000000e+00 0.00000000e+00 0.00000000e+00 0.00000000e+00
 0.00000000e+00 0.00000000e+00 0.00000000e+00 0.00000000e+00
 0.00000000e+00 0.00000000e+00 0.00000000e+00 0.00000000e+00
 0.00000000e+00 0.00000000e+00 0.00000000e+00 0.00000000e+00
 0.00000000e+00 0.00000000e+00 0.00000000e+00 0.00000000e+00
 0.00000000e+00 0.00000000e+00 0.00000000e+00 0.00000000e+00
 0.00000000e+00 0.00000000e+00 0.00000000e+00 0.00000000e+00
 0.00000000e+00 0.00000000e+00 0.00000000e+00 0.00000000e+00
 0.00000000e+00 0.00000000e+00 0.00000000e+00]
[WARNING]: Quasi-static verification failed
[WARNING]: Max normalized derivatives: dVg/dt=2.50e+11, dVd/dt=0.00e+00, dId/dt=9.31e+10

  ngspice: ✓ PASS  (106.6s)

✓ Benchmark completed: /home/duhaochen/website-trial-v1/data/spice-model-benchmark/885bfaafb75ac73510ce6fc27e15c139/ngspice
