$ /usr/bin/timeout --kill-after=10 300 /usr/bin/python -m spice_model_benchmark.cli /home/duhaochen/website-trial-v1/data/spice-benchmark/794dc1a7574bd3ffd50e44ffc9b5c90b/model.lib --simulator hspice --modes dc transient ac noise --output-dir /home/duhaochen/website-trial-v1/data/spice-benchmark/794dc1a7574bd3ffd50e44ffc9b5c90b --dpi 150 --log-level WARNING
SPICE Model Benchmark: /home/duhaochen/website-trial-v1/data/spice-benchmark/794dc1a7574bd3ffd50e44ffc9b5c90b/model.lib
Simulators: hspice
Modes: dc, transient, ac, noise
------------------------------------------------------------

============================================================
  Running: HSPICE
  Output:  /home/duhaochen/website-trial-v1/data/spice-benchmark/794dc1a7574bd3ffd50e44ffc9b5c90b/hspice
============================================================
[ERROR]: HSPICE failed rc=1
[WARNING]: HSPICE DC returned non-zero but data may still be usable
[WARNING]: No CV data parsed, using fallback
[WARNING]: Using synthetic CV data fallback
[WARNING]: IV data file not found: iv_data_100.txt
[ERROR]: Error parsing data file None: stat: path should be string, bytes, os.PathLike or integer, not NoneType
[WARNING]: IV data file not found: iv_data_150.txt
[ERROR]: Error parsing data file None: stat: path should be string, bytes, os.PathLike or integer, not NoneType
[WARNING]: Temperature data file not found: iv_data_100.txt
[ERROR]: Error parsing data file None: stat: path should be string, bytes, os.PathLike or integer, not NoneType
[WARNING]: Temperature data file not found: iv_data_150.txt
[ERROR]: Error parsing data file None: stat: path should be string, bytes, os.PathLike or integer, not NoneType
/home/duhaochen/spice_model_benchmark/src/spice_model_benchmark/verification_manager.py:1540: RuntimeWarning: divide by zero encountered in divide
  tc = np.mean((d_ids / d_temp) / np.abs(i_ds[:-1]))
Vgs range: 0.000V to 1.200V
Ids range: -2.074e-02A to 0.000e+00A
Selected Vgs values: [0.  0.2 0.4 0.6 0.8 1.  1.2]
Vgs=0.000V: Ids range -3.989e-10A to -1.137e-14A
Vgs=0.200V: Ids range -2.623e-07A to 0.000e+00A
Vgs=0.400V: Ids range -1.088e-04A to 0.000e+00A
Vgs=0.600V: Ids range -3.649e-03A to 0.000e+00A
Vgs=0.800V: Ids range -9.314e-03A to 0.000e+00A
Vgs=1.000V: Ids range -1.500e-02A to 0.000e+00A
Vgs=1.200V: Ids range -2.074e-02A to 0.000e+00A
ids_variation: 7.9391651697264765
ids_variation <= max_variation: False
tc: inf
abs(tc) <= max_tc: False
[WARNING]: Temperature effects verification failed - effects outside expected range
/home/duhaochen/spice_model_benchmark/src/spice_model_benchmark/verification_manager.py:1800: RuntimeWarning: divide by zero encountered in log
  log_ids = np.log(np.abs(i_ds))
/home/duhaochen/.local/lib/python3.9/site-packages/numpy/lib/function_base.py:2742: RuntimeWarning: invalid value encountered in subtract
  X -= avg[:, None]
/home/duhaochen/spice_model_benchmark/src/spice_model_benchmark/verification_manager.py:1845: RuntimeWarning: divide by zero encountered in divide
  efficiency = np.abs(gm / i_ds)  # Transconductance efficiency
/home/duhaochen/spice_model_benchmark/src/spice_model_benchmark/data_reader.py:137: UserWarning: loadtxt: input contained no data: "/home/duhaochen/website-trial-v1/data/spice-benchmark/794dc1a7574bd3ffd50e44ffc9b5c90b/hspice/data/tran_switching.txt"
  data = np.loadtxt(file_path, skiprows=skiprows)
[WARNING]: Data file /home/duhaochen/website-trial-v1/data/spice-benchmark/794dc1a7574bd3ffd50e44ffc9b5c90b/hspice/data/tran_switching.txt has incorrect format. Expected at least 5 columns.
[WARNING]: No switching response data found in file
/home/duhaochen/spice_model_benchmark/src/spice_model_benchmark/data_reader.py:137: UserWarning: loadtxt: input contained no data: "/home/duhaochen/website-trial-v1/data/spice-benchmark/794dc1a7574bd3ffd50e44ffc9b5c90b/hspice/data/tran_delay.txt"
  data = np.loadtxt(file_path, skiprows=skiprows)
[WARNING]: Data file /home/duhaochen/website-trial-v1/data/spice-benchmark/794dc1a7574bd3ffd50e44ffc9b5c90b/hspice/data/tran_delay.txt has incorrect format. Expected at least 6 columns.
[WARNING]: No delay effect data found in file
/home/duhaochen/spice_model_benchmark/src/spice_model_benchmark/data_reader.py:137: UserWarning: loadtxt: input contained no data: "/home/duhaochen/website-trial-v1/data/spice-benchmark/794dc1a7574bd3ffd50e44ffc9b5c90b/hspice/data/tran_power_27C.txt"
  data = np.loadtxt(file_path, skiprows=skiprows)
[WARNING]: Data file /home/duhaochen/website-trial-v1/data/spice-benchmark/794dc1a7574bd3ffd50e44ffc9b5c90b/hspice/data/tran_power_27C.txt has incorrect format. Expected at least 5 columns.
[WARNING]: No power dissipation data at 27°C found in file
/home/duhaochen/spice_model_benchmark/src/spice_model_benchmark/data_reader.py:137: UserWarning: loadtxt: input contained no data: "/home/duhaochen/website-trial-v1/data/spice-benchmark/794dc1a7574bd3ffd50e44ffc9b5c90b/hspice/data/tran_power_100C.txt"
  data = np.loadtxt(file_path, skiprows=skiprows)
[WARNING]: Data file /home/duhaochen/website-trial-v1/data/spice-benchmark/794dc1a7574bd3ffd50e44ffc9b5c90b/hspice/data/tran_power_100C.txt has incorrect format. Expected at least 5 columns.
[WARNING]: No power dissipation data at 100°C found in file
/home/duhaochen/spice_model_benchmark/src/spice_model_benchmark/verification_manager.py:2689: RuntimeWarning: divide by zero encountered in divide
  norm_dvg = np.abs(dvg_dt / gate_voltage[:-1])
/home/duhaochen/spice_model_benchmark/src/spice_model_benchmark/verification_manager.py:2689: RuntimeWarning: invalid value encountered in divide
  norm_dvg = np.abs(dvg_dt / gate_voltage[:-1])
norm_dvg: [1.00000000e+10 5.00000000e+09 3.33333333e+09 ... 0.00000000e+00
 0.00000000e+00 0.00000000e+00]
norm_dvd: [0. 0. 0. ... 0. 0. 0.]
norm_did: [ 6235531.4486972   7668836.6956278  11933622.08274913 ...
        0.                0.                0.        ]
[WARNING]: Quasi-static verification failed
[WARNING]: Max normalized derivatives: dVg/dt=nan, dVd/dt=0.00e+00, dId/dt=8.09e+11
[ERROR]: Failed to parse ngspice raw format: Could not find data section in ngspice raw file
[INFO]: S-parameter analysis plot saved to /home/duhaochen/website-trial-v1/data/spice-benchmark/794dc1a7574bd3ffd50e44ffc9b5c90b/hspice/plots/ac_cv_sparameter_analysis.png
[INFO]: NQS effects plot saved to /home/duhaochen/website-trial-v1/data/spice-benchmark/794dc1a7574bd3ffd50e44ffc9b5c90b/hspice/plots/ac_cv_nqs_effects.png

  hspice: ✓ PASS  (170.1s)

✓ Benchmark completed: /home/duhaochen/website-trial-v1/data/spice-benchmark/794dc1a7574bd3ffd50e44ffc9b5c90b/hspice
