$ /usr/bin/time -v -o /home/duhaochen/website-trial-v1/data/spice-model-benchmark/87db5a3d3b31ee2e4c5a01217fee0c7b/ngspice/resource.txt /usr/bin/python -m spice_model_benchmark.cli /home/duhaochen/pipeline_full_collection/benchmark-inputs/87db5a3d3b31ee2e4c5a01217fee0c7b/ngspice.lib --simulator ngspice --modes dc transient ac noise --output-dir /home/duhaochen/website-trial-v1/data/spice-model-benchmark/87db5a3d3b31ee2e4c5a01217fee0c7b --dpi 120 --log-level WARNING
/home/duhaochen/spice_model_benchmark/src/spice_model_benchmark/verification_manager.py:1557: RuntimeWarning: divide by zero encountered in divide
  tc = np.mean((d_ids / d_temp) / np.abs(i_ds[:-1]))
SPICE Model Benchmark: /home/duhaochen/pipeline_full_collection/benchmark-inputs/87db5a3d3b31ee2e4c5a01217fee0c7b/ngspice.lib
Simulators: ngspice
Modes: dc, transient, ac, noise
------------------------------------------------------------

============================================================
  Running: NGSPICE
  Output:  /home/duhaochen/website-trial-v1/data/spice-model-benchmark/87db5a3d3b31ee2e4c5a01217fee0c7b/ngspice
============================================================
Vgs range: 0.000V to 1.200V
Ids range: -4.892e-04A to 0.000e+00A
Selected Vgs values: [0.  0.2 0.4 0.6 0.8 1.  1.2]
Vgs=0.000V: Ids range -5.062e-13A to -1.003e-16A
Vgs=0.200V: Ids range -2.629e-11A to 0.000e+00A
Vgs=0.400V: Ids range -2.780e-09A to 0.000e+00A
Vgs=0.600V: Ids range -2.462e-07A to 0.000e+00A
Vgs=0.800V: Ids range -1.227e-05A to 0.000e+00A
Vgs=1.000V: Ids range -1.747e-04A to 0.000e+00A
Vgs=1.200V: Ids range -4.892e-04A to 0.000e+00A
ids_variation: 8.047032146901916
ids_variation <= max_variation: False
tc: inf
abs(tc) <= max_tc: False
[WARNING]: Temperature effects verification failed - effects outside expected range
/home/duhaochen/spice_model_benchmark/src/spice_model_benchmark/verification_manager.py:1817: RuntimeWarning: divide by zero encountered in log
  log_ids = np.log(np.abs(i_ds))
/home/duhaochen/.local/lib/python3.9/site-packages/numpy/lib/function_base.py:2742: RuntimeWarning: invalid value encountered in subtract
  X -= avg[:, None]
/home/duhaochen/spice_model_benchmark/src/spice_model_benchmark/verification_manager.py:1862: RuntimeWarning: divide by zero encountered in divide
  efficiency = np.abs(gm / i_ds)  # Transconductance efficiency
/home/duhaochen/spice_model_benchmark/src/spice_model_benchmark/verification_manager.py:2701: RuntimeWarning: divide by zero encountered in divide
  dvg_dt = np.diff(gate_voltage) / dt
/home/duhaochen/spice_model_benchmark/src/spice_model_benchmark/verification_manager.py:2701: RuntimeWarning: invalid value encountered in divide
  dvg_dt = np.diff(gate_voltage) / dt
/home/duhaochen/spice_model_benchmark/src/spice_model_benchmark/verification_manager.py:2702: RuntimeWarning: invalid value encountered in divide
  dvd_dt = np.diff(drain_voltage) / dt
/home/duhaochen/spice_model_benchmark/src/spice_model_benchmark/verification_manager.py:2703: RuntimeWarning: divide by zero encountered in divide
  did_dt = np.diff(drain_current) / dt
/home/duhaochen/spice_model_benchmark/src/spice_model_benchmark/verification_manager.py:2703: RuntimeWarning: invalid value encountered in divide
  did_dt = np.diff(drain_current) / dt
[INFO]: S-parameter analysis plot saved to /home/duhaochen/website-trial-v1/data/spice-model-benchmark/87db5a3d3b31ee2e4c5a01217fee0c7b/ngspice/plots/ac_cv_sparameter_analysis.png
[INFO]: NQS effects plot saved to /home/duhaochen/website-trial-v1/data/spice-model-benchmark/87db5a3d3b31ee2e4c5a01217fee0c7b/ngspice/plots/ac_cv_nqs_effects.png
[INFO]: S-parameter analysis plot saved to /home/duhaochen/website-trial-v1/data/spice-model-benchmark/87db5a3d3b31ee2e4c5a01217fee0c7b/ngspice/plots/ac_cv_sparameter_analysis.png
norm_dvg: [9.99996437e+11 9.98598691e+11 9.95808119e+11 ... 0.00000000e+00
 0.00000000e+00 0.00000000e+00]
norm_dvd: [0. 0. 0. ... 0. 0. 0.]
norm_did: [12383618.18883798  8255774.67712059  2063943.70344412 ...
        0.                0.                0.        ]
[WARNING]: Quasi-static verification failed
[WARNING]: Max normalized derivatives: dVg/dt=nan, dVd/dt=nan, dId/dt=nan

  ngspice: ✓ PASS  (499.5s)

✓ Benchmark completed: /home/duhaochen/website-trial-v1/data/spice-model-benchmark/87db5a3d3b31ee2e4c5a01217fee0c7b/ngspice
