$ /usr/bin/timeout --kill-after=10 300 /usr/bin/python -m spice_model_benchmark.cli /home/duhaochen/website-trial-v1/data/spice-benchmark/8f995d1fa8809a42841ab199d8fea137/model.lib --simulator hspice --modes dc transient ac noise --output-dir /home/duhaochen/website-trial-v1/data/spice-benchmark/8f995d1fa8809a42841ab199d8fea137 --dpi 150 --log-level WARNING
SPICE Model Benchmark: /home/duhaochen/website-trial-v1/data/spice-benchmark/8f995d1fa8809a42841ab199d8fea137/model.lib
Simulators: hspice
Modes: dc, transient, ac, noise
------------------------------------------------------------

============================================================
  Running: HSPICE
  Output:  /home/duhaochen/website-trial-v1/data/spice-benchmark/8f995d1fa8809a42841ab199d8fea137/hspice
============================================================
[WARNING]: No CV data parsed, using fallback
[WARNING]: Using synthetic CV data fallback
/home/duhaochen/spice_model_benchmark/src/spice_model_benchmark/verification_manager.py:1540: RuntimeWarning: divide by zero encountered in divide
  tc = np.mean((d_ids / d_temp) / np.abs(i_ds[:-1]))
Vgs range: 0.000V to 1.200V
Ids range: -1.200e-12A to 0.000e+00A
Selected Vgs values: [0.  0.2 0.4 0.6 0.8 1.  1.2]
Vgs=0.000V: Ids range -1.200e-12A to -1.000e-14A
Vgs=0.200V: Ids range -1.200e-12A to 0.000e+00A
Vgs=0.400V: Ids range -1.200e-12A to 0.000e+00A
Vgs=0.600V: Ids range -1.200e-12A to 0.000e+00A
Vgs=0.800V: Ids range -1.200e-12A to 0.000e+00A
Vgs=1.000V: Ids range -1.200e-12A to 0.000e+00A
Vgs=1.200V: Ids range -1.200e-12A to 0.000e+00A
ids_variation: 1.9976387249114522
ids_variation <= max_variation: False
tc: inf
abs(tc) <= max_tc: False
[WARNING]: Temperature effects verification failed - effects outside expected range
/home/duhaochen/spice_model_benchmark/src/spice_model_benchmark/verification_manager.py:1800: RuntimeWarning: divide by zero encountered in log
  log_ids = np.log(np.abs(i_ds))
/home/duhaochen/.local/lib/python3.9/site-packages/numpy/lib/function_base.py:2742: RuntimeWarning: invalid value encountered in subtract
  X -= avg[:, None]
/home/duhaochen/spice_model_benchmark/src/spice_model_benchmark/verification_manager.py:1845: RuntimeWarning: divide by zero encountered in divide
  efficiency = np.abs(gm / i_ds)  # Transconductance efficiency
/home/duhaochen/spice_model_benchmark/src/spice_model_benchmark/verification_manager.py:2689: RuntimeWarning: divide by zero encountered in divide
  norm_dvg = np.abs(dvg_dt / gate_voltage[:-1])
/home/duhaochen/spice_model_benchmark/src/spice_model_benchmark/verification_manager.py:2689: RuntimeWarning: invalid value encountered in divide
  norm_dvg = np.abs(dvg_dt / gate_voltage[:-1])
norm_dvg: [1.00000000e+10 5.00000000e+09 3.33333333e+09 ... 0.00000000e+00
 0.00000000e+00 0.00000000e+00]
norm_dvd: [0. 0. 0. ... 0. 0. 0.]
norm_did: [1.35527322e+05 5.10042147e+05 4.15341218e+05 ... 2.92061942e+08
 2.83771566e+08 2.75943492e+08]
[WARNING]: Quasi-static verification failed
[WARNING]: Max normalized derivatives: dVg/dt=nan, dVd/dt=0.00e+00, dId/dt=1.14e+13
[ERROR]: Failed to parse ngspice raw format: Could not find data section in ngspice raw file
[INFO]: S-parameter analysis plot saved to /home/duhaochen/website-trial-v1/data/spice-benchmark/8f995d1fa8809a42841ab199d8fea137/hspice/plots/ac_cv_sparameter_analysis.png
[INFO]: NQS effects plot saved to /home/duhaochen/website-trial-v1/data/spice-benchmark/8f995d1fa8809a42841ab199d8fea137/hspice/plots/ac_cv_nqs_effects.png

  hspice: ✓ PASS  (203.0s)

✓ Benchmark completed: /home/duhaochen/website-trial-v1/data/spice-benchmark/8f995d1fa8809a42841ab199d8fea137/hspice
