$ /usr/bin/time -v -o /home/duhaochen/website-trial-v1/data/spice-model-benchmark/121d7533ff02ffdc5690ab28c571a5e1/hspice/resource.txt /usr/bin/python -m spice_model_benchmark.cli /home/duhaochen/pipeline_full_collection/benchmark-inputs/121d7533ff02ffdc5690ab28c571a5e1/hspice.lib --simulator hspice --modes dc transient ac noise --output-dir /home/duhaochen/website-trial-v1/data/spice-model-benchmark/121d7533ff02ffdc5690ab28c571a5e1 --dpi 120 --log-level WARNING
SPICE Model Benchmark: /home/duhaochen/pipeline_full_collection/benchmark-inputs/121d7533ff02ffdc5690ab28c571a5e1/hspice.lib
Simulators: hspice
Modes: dc, transient, ac, noise
------------------------------------------------------------

============================================================
  Running: HSPICE
  Output:  /home/duhaochen/website-trial-v1/data/spice-model-benchmark/121d7533ff02ffdc5690ab28c571a5e1/hspice
============================================================
Vgs range: 0.000V to 1.200V
Ids range: -6.187e-03A to 2.193e-07A
Selected Vgs values: [0.  0.2 0.4 0.6 0.8 1.  1.2]
Vgs=0.000V: Ids range -5.693e-11A to -2.761e-14A
Vgs=0.200V: Ids range -2.258e-09A to 1.922e-15A
Vgs=0.400V: Ids range -8.284e-08A to 1.055e-12A
Vgs=0.600V: Ids range -1.100e-05A to 3.923e-10A
Vgs=0.800V: Ids range -5.461e-04A to 1.140e-08A
Vgs=1.000V: Ids range -3.046e-03A to 6.092e-08A
Vgs=1.200V: Ids range -6.187e-03A to 2.193e-07A
ids_variation: 23.07895477332829
ids_variation <= max_variation: False
tc: 99159579727.18507
abs(tc) <= max_tc: False
[WARNING]: Temperature effects verification failed - effects outside expected range
/home/duhaochen/spice_model_benchmark/src/spice_model_benchmark/verification_manager.py:2706: RuntimeWarning: divide by zero encountered in divide
  norm_dvg = np.abs(dvg_dt / gate_voltage[:-1])
/home/duhaochen/spice_model_benchmark/src/spice_model_benchmark/verification_manager.py:2706: RuntimeWarning: invalid value encountered in divide
  norm_dvg = np.abs(dvg_dt / gate_voltage[:-1])
norm_dvg: [1.00000000e+10 5.00000000e+09 3.33333333e+09 ... 0.00000000e+00
 0.00000000e+00 0.00000000e+00]
norm_dvd: [0. 0. 0. ... 0. 0. 0.]
norm_did: [3.68579135e+06 3.82169654e+06 3.82023657e+06 ... 2.25884870e+03
 2.25884819e+03 2.25884768e+03]
[WARNING]: Quasi-static verification failed
[WARNING]: Max normalized derivatives: dVg/dt=nan, dVd/dt=0.00e+00, dId/dt=2.62e+13
/home/duhaochen/spice_model_benchmark/src/spice_model_benchmark/plot_generator.py:336: UserWarning: Attempting to set identical low and high ylims makes transformation singular; automatically expanding.
  plt.ylim(0, max_cap*1.2)  # Add 20% margin to ensure all components are visible
[INFO]: S-parameter analysis plot saved to /home/duhaochen/website-trial-v1/data/spice-model-benchmark/121d7533ff02ffdc5690ab28c571a5e1/hspice/plots/ac_cv_sparameter_analysis.png
[INFO]: S-parameter analysis plot saved to /home/duhaochen/website-trial-v1/data/spice-model-benchmark/121d7533ff02ffdc5690ab28c571a5e1/hspice/plots/ac_cv_sparameter_analysis.png
[INFO]: NQS effects plot saved to /home/duhaochen/website-trial-v1/data/spice-model-benchmark/121d7533ff02ffdc5690ab28c571a5e1/hspice/plots/ac_cv_nqs_effects.png
[WARNING]: Cannot compute correlation: constant data detected

  hspice: ✓ PASS  (206.3s)

✓ Benchmark completed: /home/duhaochen/website-trial-v1/data/spice-model-benchmark/121d7533ff02ffdc5690ab28c571a5e1/hspice
