$ /usr/bin/time -v -o /home/duhaochen/website-trial-v1/data/spice-model-benchmark/a1cc5bfa7e78acc81a18b65ad52da9e2/hspice/resource.txt /usr/bin/python -m spice_model_benchmark.cli /home/duhaochen/pipeline_full_collection/benchmark-inputs/a1cc5bfa7e78acc81a18b65ad52da9e2/hspice.lib --simulator hspice --modes dc transient ac noise --output-dir /home/duhaochen/website-trial-v1/data/spice-model-benchmark/a1cc5bfa7e78acc81a18b65ad52da9e2 --dpi 120 --log-level WARNING
SPICE Model Benchmark: /home/duhaochen/pipeline_full_collection/benchmark-inputs/a1cc5bfa7e78acc81a18b65ad52da9e2/hspice.lib
Simulators: hspice
Modes: dc, transient, ac, noise
------------------------------------------------------------

============================================================
  Running: HSPICE
  Output:  /home/duhaochen/website-trial-v1/data/spice-model-benchmark/a1cc5bfa7e78acc81a18b65ad52da9e2/hspice
============================================================
Vgs range: 0.000V to 1.200V
Ids range: -6.735e-04A to 3.959e-16A
Selected Vgs values: [0.  0.2 0.4 0.6 0.8 1.  1.2]
Vgs=0.000V: Ids range -1.983e-08A to -3.587e-11A
Vgs=0.200V: Ids range -1.747e-07A to 8.478e-22A
Vgs=0.400V: Ids range -1.418e-06A to 3.971e-19A
Vgs=0.600V: Ids range -1.182e-05A to 2.823e-17A
Vgs=0.800V: Ids range -1.090e-04A to 1.125e-16A
Vgs=1.000V: Ids range -3.398e-04A to 2.353e-16A
Vgs=1.200V: Ids range -6.735e-04A to 3.959e-16A
ids_variation: 6.920096368635093
ids_variation <= max_variation: False
tc: 1485958977933512.0
abs(tc) <= max_tc: False
[WARNING]: Temperature effects verification failed - effects outside expected range
/home/duhaochen/spice_model_benchmark/src/spice_model_benchmark/verification_manager.py:2706: RuntimeWarning: divide by zero encountered in divide
  norm_dvg = np.abs(dvg_dt / gate_voltage[:-1])
/home/duhaochen/spice_model_benchmark/src/spice_model_benchmark/verification_manager.py:2706: RuntimeWarning: invalid value encountered in divide
  norm_dvg = np.abs(dvg_dt / gate_voltage[:-1])
norm_dvg: [1.00000000e+10 5.00000000e+09 3.33333333e+09 ... 0.00000000e+00
 0.00000000e+00 0.00000000e+00]
norm_dvd: [0. 0. 0. ... 0. 0. 0.]
norm_did: [2.68099452e+06 2.88777431e+06 3.15174083e+06 ... 0.00000000e+00
 2.02419029e+03 0.00000000e+00]
[WARNING]: Quasi-static verification failed
[WARNING]: Max normalized derivatives: dVg/dt=nan, dVd/dt=0.00e+00, dId/dt=2.22e+12
/home/duhaochen/spice_model_benchmark/src/spice_model_benchmark/plot_generator.py:336: UserWarning: Attempting to set identical low and high ylims makes transformation singular; automatically expanding.
  plt.ylim(0, max_cap*1.2)  # Add 20% margin to ensure all components are visible
[INFO]: S-parameter analysis plot saved to /home/duhaochen/website-trial-v1/data/spice-model-benchmark/a1cc5bfa7e78acc81a18b65ad52da9e2/hspice/plots/ac_cv_sparameter_analysis.png
[INFO]: S-parameter analysis plot saved to /home/duhaochen/website-trial-v1/data/spice-model-benchmark/a1cc5bfa7e78acc81a18b65ad52da9e2/hspice/plots/ac_cv_sparameter_analysis.png
[INFO]: NQS effects plot saved to /home/duhaochen/website-trial-v1/data/spice-model-benchmark/a1cc5bfa7e78acc81a18b65ad52da9e2/hspice/plots/ac_cv_nqs_effects.png
[WARNING]: Cannot compute correlation: constant data detected

  hspice: ✓ PASS  (211.6s)

✓ Benchmark completed: /home/duhaochen/website-trial-v1/data/spice-model-benchmark/a1cc5bfa7e78acc81a18b65ad52da9e2/hspice
