$ /usr/bin/time -v -o /home/duhaochen/website-trial-v1/data/spice-model-benchmark/e4a3a2e59fef3aedea238540881b7773/ngspice/resource.txt /usr/bin/python -m spice_model_benchmark.cli /home/duhaochen/pipeline_full_collection/benchmark-inputs/e4a3a2e59fef3aedea238540881b7773/ngspice.lib --simulator ngspice --modes dc transient ac noise --output-dir /home/duhaochen/website-trial-v1/data/spice-model-benchmark/e4a3a2e59fef3aedea238540881b7773 --dpi 120 --log-level WARNING
/home/duhaochen/spice_model_benchmark/src/spice_model_benchmark/verification_manager.py:1557: RuntimeWarning: divide by zero encountered in divide
  tc = np.mean((d_ids / d_temp) / np.abs(i_ds[:-1]))
SPICE Model Benchmark: /home/duhaochen/pipeline_full_collection/benchmark-inputs/e4a3a2e59fef3aedea238540881b7773/ngspice.lib
Simulators: ngspice
Modes: dc, transient, ac, noise
------------------------------------------------------------

============================================================
  Running: NGSPICE
  Output:  /home/duhaochen/website-trial-v1/data/spice-model-benchmark/e4a3a2e59fef3aedea238540881b7773/ngspice
============================================================
Vgs range: 0.000V to 1.200V
Ids range: -5.349e-04A to 0.000e+00A
Selected Vgs values: [0.  0.2 0.4 0.6 0.8 1.  1.2]
Vgs=0.000V: Ids range -9.472e-13A to -1.039e-16A
Vgs=0.200V: Ids range -1.019e-10A to 0.000e+00A
Vgs=0.400V: Ids range -1.051e-08A to 0.000e+00A
Vgs=0.600V: Ids range -7.976e-07A to 0.000e+00A
Vgs=0.800V: Ids range -3.671e-05A to 0.000e+00A
Vgs=1.000V: Ids range -2.261e-04A to 0.000e+00A
Vgs=1.200V: Ids range -5.349e-04A to 0.000e+00A
ids_variation: 7.64402553442693
ids_variation <= max_variation: False
tc: inf
abs(tc) <= max_tc: False
[WARNING]: Temperature effects verification failed - effects outside expected range
/home/duhaochen/spice_model_benchmark/src/spice_model_benchmark/verification_manager.py:1817: RuntimeWarning: divide by zero encountered in log
  log_ids = np.log(np.abs(i_ds))
/home/duhaochen/.local/lib/python3.9/site-packages/numpy/lib/function_base.py:2742: RuntimeWarning: invalid value encountered in subtract
  X -= avg[:, None]
/home/duhaochen/spice_model_benchmark/src/spice_model_benchmark/verification_manager.py:1862: RuntimeWarning: divide by zero encountered in divide
  efficiency = np.abs(gm / i_ds)  # Transconductance efficiency
[INFO]: S-parameter analysis plot saved to /home/duhaochen/website-trial-v1/data/spice-model-benchmark/e4a3a2e59fef3aedea238540881b7773/ngspice/plots/ac_cv_sparameter_analysis.png
[INFO]: NQS effects plot saved to /home/duhaochen/website-trial-v1/data/spice-model-benchmark/e4a3a2e59fef3aedea238540881b7773/ngspice/plots/ac_cv_nqs_effects.png
[INFO]: S-parameter analysis plot saved to /home/duhaochen/website-trial-v1/data/spice-model-benchmark/e4a3a2e59fef3aedea238540881b7773/ngspice/plots/ac_cv_sparameter_analysis.png
norm_dvg: [2.50000000e+11 1.25000000e+11 6.25000000e+10 3.12500000e+10
 1.56250000e+10 8.44481520e+09 5.61742172e+09 4.11655445e+09
 3.75309998e+09 3.53074563e+09 3.22428498e+09 3.04562624e+09
 2.86252031e+09 2.70202202e+09 2.47208569e+09 2.22476770e+09
 1.99999738e+09 1.99898428e+09 1.99695136e+09 1.99290180e+09
 1.98485305e+09 1.96894583e+09 1.93788549e+09 1.87861476e+09
 1.77032320e+09 1.69348003e+09 1.64847887e+09 1.60959220e+09
 1.58302699e+09 1.56854432e+09 1.55773458e+09 1.54945998e+09
 1.54228254e+09 1.53546812e+09 1.52783351e+09 1.52003027e+09
 1.51350784e+09 1.50476717e+09 1.49560311e+09 1.47886144e+09
 1.45079014e+09 1.40699707e+09 1.36503739e+09 1.34140094e+09
 1.32322602e+09 1.29612452e+09 1.27629365e+09 1.25518947e+09
 1.22866469e+09 1.19419815e+09 1.15464642e+09 1.11159223e+09
 1.07198191e+09 1.03474064e+09 9.99998446e+08 9.98926989e+08
 9.96793658e+08 9.92547501e+08 9.84165920e+08 9.67818802e+08
 9.48084595e+08 9.24544790e+08 9.03451545e+08 8.77679428e+08
 8.48471078e+08 8.14094879e+08 7.71622508e+08 7.53410065e+08
 7.29516284e+08 7.11761230e+08 6.98676972e+08 6.83444761e+08
 6.68997558e+08 6.51187370e+08 6.36837277e+08 6.21347692e+08
 6.09200812e+08 5.94535796e+08 5.67226319e+08 5.35417933e+08
 5.07137559e+08 4.78268955e+08 4.46734677e+08 4.11530119e+08
 3.84838207e+08 3.74800621e+08 3.67612492e+08 3.58173098e+08
 3.53239907e+08 3.45708183e+08 3.37940529e+08 3.23407442e+08
 3.10418038e+08 2.98738521e+08 2.96450659e+08 2.92998003e+08
 2.91907935e+08 2.90878447e+08 2.89904502e+08 2.88792327e+08
 2.88263929e+08 2.87547885e+08 2.86827765e+08 2.85399514e+08
 2.82584366e+08 2.79256511e+08 2.75975086e+08 2.74431220e+08
 2.73145245e+08 2.71351413e+08 2.69949876e+08 2.68471349e+08
 2.66035607e+08 2.63350033e+08 2.59994330e+08 2.56960937e+08
 2.53116033e+08 2.49070678e+08 2.43492522e+08 2.36738756e+08
 2.27221240e+08 2.16448912e+08 2.04067424e+08 1.91124158e+08
 1.76593054e+08 1.60943645e+08 1.43655107e+08 1.28847434e+08
 1.16807189e+08 1.06824860e+08 1.00699272e+08 9.52435857e+07
 9.52293138e+07 9.52140425e+07 9.51826003e+07 9.51204636e+07
 9.49949055e+07 9.47817609e+07 9.45516124e+07 9.42754901e+07
 9.39887903e+07 9.38471663e+07 9.37405498e+07 9.35955021e+07
 9.34716920e+07 9.33617963e+07 9.32402233e+07 9.31067170e+07
 9.29429912e+07 9.27713049e+07 9.26154956e+07 9.24685257e+07
 9.23775624e+07 9.22635496e+07 9.21414599e+07 9.19918174e+07
 9.18057850e+07 9.15579856e+07 9.12326459e+07 9.09572027e+07
 9.09090909e+07 9.09130469e+07 9.09080399e+07 9.08954437e+07
 9.08941496e+07 9.08705780e+07 9.08324074e+07 9.08039172e+07
 9.07661296e+07 9.07497470e+07 9.07200534e+07 9.06817522e+07
 9.06104093e+07 9.04661895e+07 9.03469865e+07 9.02368464e+07
 9.01272348e+07 9.00282196e+07 8.99200559e+07 8.98234013e+07
 8.97173988e+07 8.95748050e+07 8.93855991e+07 8.91344607e+07
 8.87981381e+07 8.83545912e+07 8.77698203e+07 8.74758243e+07
 8.71570238e+07 8.68187908e+07 8.65158044e+07 8.61954579e+07
 8.56676596e+07 8.47586148e+07 8.42987420e+07 8.38135015e+07
 8.35725455e+07 8.33327983e+07 8.32976947e+07 8.32253795e+07
 8.30921586e+07 8.28273673e+07 8.23026390e+07 8.12728511e+07
 8.03608434e+07 7.97756227e+07 7.95782713e+07 7.94051282e+07
 7.92727408e+07 7.91324746e+07 7.89727631e+07 7.88961739e+07
 7.88002872e+07 7.86823562e+07 7.85639658e+07 7.84215763e+07
 7.82531485e+07 7.80375123e+07 7.77374378e+07 7.71868294e+07
 7.67935596e+07 7.66188300e+07 7.64782117e+07 7.62982705e+07
 7.61142721e+07 7.59626495e+07 7.57934953e+07 7.55827053e+07
 7.52674765e+07 7.48977689e+07 7.44559314e+07 7.39606795e+07
 7.36796973e+07 7.33391698e+07 7.32540078e+07 7.31686198e+07
 7.30621577e+07 7.30031682e+07 7.29186141e+07 7.28376175e+07
 7.27136794e+07 7.25087116e+07 7.22719323e+07 7.20215371e+07
 7.18601605e+07 7.17507287e+07 7.16260483e+07 7.14934294e+07
 7.13674303e+07 7.12101833e+07 7.10163692e+07 7.07459615e+07
 7.03936335e+07 6.99117287e+07 6.92828876e+07 6.84666058e+07
 6.74438807e+07 6.62616223e+07 6.50025552e+07 6.36096672e+07
 6.21044365e+07 6.03877810e+07 5.84150252e+07 5.60495430e+07
 5.36441559e+07 5.17580119e+07 0.00000000e+00 0.00000000e+00
 0.00000000e+00 0.00000000e+00 0.00000000e+00 0.00000000e+00
 0.00000000e+00 0.00000000e+00 0.00000000e+00 0.00000000e+00
 0.00000000e+00 0.00000000e+00 0.00000000e+00 0.00000000e+00
 0.00000000e+00 0.00000000e+00 0.00000000e+00 0.00000000e+00
 0.00000000e+00 0.00000000e+00 0.00000000e+00 0.00000000e+00
 0.00000000e+00 0.00000000e+00 0.00000000e+00 0.00000000e+00
 0.00000000e+00 0.00000000e+00 0.00000000e+00 0.00000000e+00
 0.00000000e+00 0.00000000e+00 0.00000000e+00 0.00000000e+00
 0.00000000e+00 0.00000000e+00 0.00000000e+00 0.00000000e+00
 0.00000000e+00 0.00000000e+00 0.00000000e+00 0.00000000e+00
 0.00000000e+00 0.00000000e+00 0.00000000e+00 0.00000000e+00
 0.00000000e+00 0.00000000e+00 0.00000000e+00 0.00000000e+00
 0.00000000e+00 0.00000000e+00 0.00000000e+00 0.00000000e+00
 0.00000000e+00 0.00000000e+00 0.00000000e+00 0.00000000e+00
 0.00000000e+00 0.00000000e+00 0.00000000e+00 0.00000000e+00
 0.00000000e+00 0.00000000e+00 0.00000000e+00 0.00000000e+00
 0.00000000e+00 0.00000000e+00 0.00000000e+00 0.00000000e+00
 0.00000000e+00 0.00000000e+00 0.00000000e+00 0.00000000e+00
 0.00000000e+00 0.00000000e+00 0.00000000e+00 0.00000000e+00
 0.00000000e+00 0.00000000e+00 0.00000000e+00 0.00000000e+00
 0.00000000e+00 0.00000000e+00 0.00000000e+00 0.00000000e+00
 0.00000000e+00 0.00000000e+00 0.00000000e+00 0.00000000e+00
 0.00000000e+00 0.00000000e+00 0.00000000e+00 0.00000000e+00
 0.00000000e+00 0.00000000e+00 0.00000000e+00 0.00000000e+00
 0.00000000e+00 0.00000000e+00 0.00000000e+00 0.00000000e+00
 0.00000000e+00 0.00000000e+00 0.00000000e+00 0.00000000e+00
 0.00000000e+00 0.00000000e+00 0.00000000e+00 0.00000000e+00
 0.00000000e+00 0.00000000e+00 0.00000000e+00 0.00000000e+00
 0.00000000e+00 0.00000000e+00 0.00000000e+00 0.00000000e+00
 0.00000000e+00 0.00000000e+00 0.00000000e+00 0.00000000e+00
 0.00000000e+00 0.00000000e+00 0.00000000e+00 0.00000000e+00
 0.00000000e+00 0.00000000e+00 0.00000000e+00 0.00000000e+00
 0.00000000e+00 0.00000000e+00 0.00000000e+00 0.00000000e+00
 0.00000000e+00 0.00000000e+00 0.00000000e+00 0.00000000e+00
 0.00000000e+00 0.00000000e+00 0.00000000e+00 0.00000000e+00
 0.00000000e+00 0.00000000e+00 0.00000000e+00 0.00000000e+00
 0.00000000e+00 0.00000000e+00 0.00000000e+00 0.00000000e+00
 0.00000000e+00 0.00000000e+00 0.00000000e+00 0.00000000e+00
 0.00000000e+00 0.00000000e+00 0.00000000e+00 0.00000000e+00
 0.00000000e+00 0.00000000e+00 0.00000000e+00 0.00000000e+00
 0.00000000e+00 0.00000000e+00 0.00000000e+00 0.00000000e+00
 0.00000000e+00 0.00000000e+00 0.00000000e+00 0.00000000e+00
 0.00000000e+00 0.00000000e+00 0.00000000e+00 0.00000000e+00
 0.00000000e+00 0.00000000e+00 0.00000000e+00 0.00000000e+00
 0.00000000e+00 0.00000000e+00 0.00000000e+00 0.00000000e+00
 0.00000000e+00 0.00000000e+00 0.00000000e+00 0.00000000e+00
 0.00000000e+00 0.00000000e+00 0.00000000e+00 0.00000000e+00
 0.00000000e+00 0.00000000e+00 0.00000000e+00 0.00000000e+00
 0.00000000e+00 0.00000000e+00 0.00000000e+00 0.00000000e+00
 0.00000000e+00 0.00000000e+00 0.00000000e+00 0.00000000e+00
 0.00000000e+00 0.00000000e+00 0.00000000e+00 0.00000000e+00
 0.00000000e+00 0.00000000e+00 0.00000000e+00 0.00000000e+00
 0.00000000e+00 0.00000000e+00 0.00000000e+00 0.00000000e+00
 0.00000000e+00 0.00000000e+00 0.00000000e+00 0.00000000e+00
 0.00000000e+00 0.00000000e+00 0.00000000e+00 0.00000000e+00
 0.00000000e+00 0.00000000e+00 0.00000000e+00 0.00000000e+00
 0.00000000e+00 0.00000000e+00 0.00000000e+00 0.00000000e+00
 0.00000000e+00 0.00000000e+00 0.00000000e+00 0.00000000e+00
 0.00000000e+00 0.00000000e+00 0.00000000e+00 0.00000000e+00
 0.00000000e+00 0.00000000e+00 0.00000000e+00 0.00000000e+00
 0.00000000e+00 0.00000000e+00 0.00000000e+00 0.00000000e+00
 0.00000000e+00 0.00000000e+00 0.00000000e+00 0.00000000e+00
 0.00000000e+00 0.00000000e+00 0.00000000e+00 0.00000000e+00
 0.00000000e+00 0.00000000e+00 0.00000000e+00 0.00000000e+00
 0.00000000e+00 0.00000000e+00 0.00000000e+00 0.00000000e+00
 0.00000000e+00 0.00000000e+00 0.00000000e+00 0.00000000e+00
 0.00000000e+00]
norm_dvd: [0. 0. 0. 0. 0. 0. 0. 0. 0. 0. 0. 0. 0. 0. 0. 0. 0. 0. 0. 0. 0. 0. 0. 0.
 0. 0. 0. 0. 0. 0. 0. 0. 0. 0. 0. 0. 0. 0. 0. 0. 0. 0. 0. 0. 0. 0. 0. 0.
 0. 0. 0. 0. 0. 0. 0. 0. 0. 0. 0. 0. 0. 0. 0. 0. 0. 0. 0. 0. 0. 0. 0. 0.
 0. 0. 0. 0. 0. 0. 0. 0. 0. 0. 0. 0. 0. 0. 0. 0. 0. 0. 0. 0. 0. 0. 0. 0.
 0. 0. 0. 0. 0. 0. 0. 0. 0. 0. 0. 0. 0. 0. 0. 0. 0. 0. 0. 0. 0. 0. 0. 0.
 0. 0. 0. 0. 0. 0. 0. 0. 0. 0. 0. 0. 0. 0. 0. 0. 0. 0. 0. 0. 0. 0. 0. 0.
 0. 0. 0. 0. 0. 0. 0. 0. 0. 0. 0. 0. 0. 0. 0. 0. 0. 0. 0. 0. 0. 0. 0. 0.
 0. 0. 0. 0. 0. 0. 0. 0. 0. 0. 0. 0. 0. 0. 0. 0. 0. 0. 0. 0. 0. 0. 0. 0.
 0. 0. 0. 0. 0. 0. 0. 0. 0. 0. 0. 0. 0. 0. 0. 0. 0. 0. 0. 0. 0. 0. 0. 0.
 0. 0. 0. 0. 0. 0. 0. 0. 0. 0. 0. 0. 0. 0. 0. 0. 0. 0. 0. 0. 0. 0. 0. 0.
 0. 0. 0. 0. 0. 0. 0. 0. 0. 0. 0. 0. 0. 0. 0. 0. 0. 0. 0. 0. 0. 0. 0. 0.
 0. 0. 0. 0. 0. 0. 0. 0. 0. 0. 0. 0. 0. 0. 0. 0. 0. 0. 0. 0. 0. 0. 0. 0.
 0. 0. 0. 0. 0. 0. 0. 0. 0. 0. 0. 0. 0. 0. 0. 0. 0. 0. 0. 0. 0. 0. 0. 0.
 0. 0. 0. 0. 0. 0. 0. 0. 0. 0. 0. 0. 0. 0. 0. 0. 0. 0. 0. 0. 0. 0. 0. 0.
 0. 0. 0. 0. 0. 0. 0. 0. 0. 0. 0. 0. 0. 0. 0. 0. 0. 0. 0. 0. 0. 0. 0. 0.
 0. 0. 0. 0. 0. 0. 0. 0. 0. 0. 0. 0. 0. 0. 0. 0. 0. 0. 0. 0. 0. 0. 0. 0.
 0. 0. 0. 0. 0. 0. 0. 0. 0. 0. 0. 0. 0. 0. 0. 0. 0. 0. 0. 0. 0. 0. 0. 0.
 0. 0. 0. 0. 0. 0. 0. 0. 0. 0. 0. 0. 0. 0. 0. 0. 0. 0. 0. 0. 0. 0. 0. 0.
 0. 0. 0. 0. 0. 0. 0. 0. 0. 0. 0. 0. 0. 0. 0. 0. 0. 0. 0. 0. 0. 0. 0. 0.
 0. 0. 0. 0. 0. 0. 0. 0. 0. 0. 0. 0. 0. 0. 0. 0. 0. 0. 0. 0. 0. 0. 0. 0.
 0. 0. 0. 0. 0. 0. 0. 0. 0. 0. 0. 0. 0. 0. 0. 0. 0. 0. 0. 0. 0. 0. 0. 0.
 0. 0. 0. 0. 0. 0. 0. 0. 0. 0. 0. 0. 0. 0. 0. 0. 0. 0. 0. 0. 0. 0. 0. 0.
 0. 0. 0. 0. 0.]
norm_did: [0.00000000e+00 0.00000000e+00 0.00000000e+00 4.83482619e+01
 2.84318724e+01 2.59580332e+01 2.38374309e+01 6.57665660e+01
 0.00000000e+00 5.74720019e+01 0.00000000e+00 7.36638253e+01
 0.00000000e+00 4.49443984e+01 6.88102965e+01 6.12550130e+01
 0.00000000e+00 0.00000000e+00 0.00000000e+00 0.00000000e+00
 0.00000000e+00 0.00000000e+00 9.50290626e+01 4.75145314e+01
 6.03613281e+01 9.59776892e+01 1.05566616e+02 0.00000000e+00
 2.65253865e+02 0.00000000e+00 0.00000000e+00 0.00000000e+00
 0.00000000e+00 0.00000000e+00 4.60421693e+02 0.00000000e+00
 0.00000000e+00 0.00000000e+00 2.04394619e+02 0.00000000e+00
 1.44229455e+02 7.08168238e+01 1.19853571e+02 0.00000000e+00
 9.79084009e+01 1.29057520e+02 1.17441942e+02 8.99543483e+01
 1.31726501e+02 1.07874933e+02 1.38366629e+02 9.30862997e+01
 1.84325237e+02 1.38243930e+02 0.00000000e+00 0.00000000e+00
 3.60603644e+02 0.00000000e+00 1.80301705e+02 2.15806259e+02
 1.72831586e+02 1.83798994e+02 1.90407892e+02 2.36670498e+02
 2.17613146e+02 2.74589717e+02 2.96315962e+02 2.84707564e+02
 3.61967848e+02 3.52808378e+02 3.88010112e+02 3.91712461e+02
 4.54119317e+02 4.47105539e+02 5.13808054e+02 5.30340454e+02
 5.73159135e+02 6.68685670e+02 8.12456053e+02 9.80411455e+02
 1.22189000e+03 1.61432513e+03 2.29457045e+03 3.20373776e+03
 3.69052965e+03 4.35941753e+03 5.13622640e+03 5.55519473e+03
 6.32140388e+03 7.16714254e+03 8.92402618e+03 1.14552726e+04
 1.46303458e+04 1.41351766e+04 1.78632147e+04 1.83381462e+04
 1.92655084e+04 1.98286826e+04 2.03734695e+04 2.07352970e+04
 2.09450260e+04 2.14542157e+04 2.19861299e+04 2.33159518e+04
 2.51307216e+04 2.72162982e+04 2.83839217e+04 2.97624826e+04
 3.13271810e+04 3.25843974e+04 3.38998215e+04 3.60214570e+04
 3.86274881e+04 4.22065854e+04 4.61387213e+04 5.14279276e+04
 5.80852766e+04 6.83960910e+04 8.45417616e+04 1.14984414e+05
 1.71600201e+05 2.85810736e+05 5.30983842e+05 1.16689946e+06
 3.21073213e+06 1.24488724e+07 5.79829977e+07 2.81101857e+08
 1.61291866e+09 1.70068272e+10 4.10074343e+09 9.14872553e+10
 1.72407608e+09 1.96158995e+09 1.96655196e+09 1.97656619e+09
 1.98872008e+09 1.97968093e+09 1.97853886e+09 1.96805813e+09
 1.91627858e+09 1.91182303e+09 1.92188842e+09 1.91213695e+09
 1.90494263e+09 1.90521819e+09 1.90458687e+09 1.90744583e+09
 1.90421534e+09 1.89577171e+09 1.89034406e+09 1.87382866e+09
 1.87959922e+09 1.87901677e+09 1.88227486e+09 1.88669738e+09
 1.89582491e+09 1.90719352e+09 1.88826689e+09 1.81966180e+09
 2.04004912e+09 1.68549773e+09 1.83029714e+09 1.83103217e+09
 1.83294767e+09 1.83639831e+09 1.83371692e+09 1.83405236e+09
 1.83008249e+09 1.83263410e+09 1.83301391e+09 1.83957923e+09
 1.85272588e+09 1.84444497e+09 1.84013818e+09 1.83809002e+09
 1.83370143e+09 1.83368596e+09 1.82916244e+09 1.82917664e+09
 1.83396717e+09 1.84006717e+09 1.84782358e+09 1.85811544e+09
 1.86969782e+09 1.88292028e+09 1.80611992e+09 1.79839463e+09
 1.78761706e+09 1.76568932e+09 1.75324525e+09 1.77076233e+09
 1.80248430e+09 1.67197815e+09 1.64032011e+09 1.57191396e+09
 1.55211738e+09 1.55044996e+09 1.49093980e+09 1.51188778e+09
 1.51832373e+09 1.52969611e+09 1.54639893e+09 1.44268492e+09
 1.33324712e+09 1.25298331e+09 1.23323596e+09 1.21628347e+09
 1.20661475e+09 1.19709538e+09 1.17887413e+09 1.17426466e+09
 1.16852081e+09 1.15953229e+09 1.15211725e+09 1.14306720e+09
 1.13331174e+09 1.12225888e+09 1.11455365e+09 1.06342735e+09
 1.02298875e+09 1.00850532e+09 1.00040520e+09 9.87876194e+08
 9.73528250e+08 9.63781244e+08 9.53988094e+08 9.43979734e+08
 9.24691907e+08 9.02582239e+08 8.75251983e+08 8.36544451e+08
 8.20979768e+08 7.93082898e+08 7.87968574e+08 7.83634810e+08
 7.76132213e+08 7.73511073e+08 7.68514654e+08 7.65110272e+08
 7.60181497e+08 7.49477987e+08 7.36676868e+08 7.21001407e+08
 7.11253518e+08 7.05811562e+08 6.99509766e+08 6.92522449e+08
 6.86733607e+08 6.79508988e+08 6.71322880e+08 6.59513820e+08
 6.44779015e+08 6.24550044e+08 5.98992552e+08 5.66961806e+08
 5.28542335e+08 4.87278336e+08 4.48629874e+08 4.10662640e+08
 3.75455442e+08 3.40806195e+08 3.07252125e+08 2.71261180e+08
 2.38210946e+08 2.16715597e+08 5.68965749e+08 0.00000000e+00
 0.00000000e+00 0.00000000e+00 0.00000000e+00 0.00000000e+00
 0.00000000e+00 0.00000000e+00 0.00000000e+00 0.00000000e+00
 0.00000000e+00 0.00000000e+00 0.00000000e+00 0.00000000e+00
 0.00000000e+00 0.00000000e+00 0.00000000e+00 0.00000000e+00
 0.00000000e+00 0.00000000e+00 0.00000000e+00 0.00000000e+00
 0.00000000e+00 0.00000000e+00 0.00000000e+00 0.00000000e+00
 0.00000000e+00 0.00000000e+00 0.00000000e+00 0.00000000e+00
 0.00000000e+00 0.00000000e+00 0.00000000e+00 0.00000000e+00
 0.00000000e+00 0.00000000e+00 0.00000000e+00 0.00000000e+00
 0.00000000e+00 0.00000000e+00 0.00000000e+00 0.00000000e+00
 0.00000000e+00 0.00000000e+00 0.00000000e+00 0.00000000e+00
 0.00000000e+00 0.00000000e+00 0.00000000e+00 0.00000000e+00
 0.00000000e+00 0.00000000e+00 0.00000000e+00 0.00000000e+00
 0.00000000e+00 0.00000000e+00 0.00000000e+00 0.00000000e+00
 0.00000000e+00 0.00000000e+00 0.00000000e+00 0.00000000e+00
 0.00000000e+00 0.00000000e+00 0.00000000e+00 0.00000000e+00
 0.00000000e+00 0.00000000e+00 0.00000000e+00 0.00000000e+00
 0.00000000e+00 0.00000000e+00 0.00000000e+00 0.00000000e+00
 0.00000000e+00 0.00000000e+00 0.00000000e+00 0.00000000e+00
 0.00000000e+00 0.00000000e+00 0.00000000e+00 0.00000000e+00
 0.00000000e+00 0.00000000e+00 0.00000000e+00 0.00000000e+00
 0.00000000e+00 0.00000000e+00 0.00000000e+00 0.00000000e+00
 0.00000000e+00 0.00000000e+00 0.00000000e+00 0.00000000e+00
 0.00000000e+00 0.00000000e+00 0.00000000e+00 0.00000000e+00
 0.00000000e+00 0.00000000e+00 0.00000000e+00 0.00000000e+00
 0.00000000e+00 0.00000000e+00 0.00000000e+00 0.00000000e+00
 0.00000000e+00 0.00000000e+00 0.00000000e+00 0.00000000e+00
 0.00000000e+00 0.00000000e+00 0.00000000e+00 0.00000000e+00
 0.00000000e+00 0.00000000e+00 0.00000000e+00 0.00000000e+00
 0.00000000e+00 0.00000000e+00 0.00000000e+00 0.00000000e+00
 0.00000000e+00 0.00000000e+00 0.00000000e+00 0.00000000e+00
 0.00000000e+00 0.00000000e+00 0.00000000e+00 0.00000000e+00
 0.00000000e+00 0.00000000e+00 0.00000000e+00 0.00000000e+00
 0.00000000e+00 0.00000000e+00 0.00000000e+00 0.00000000e+00
 0.00000000e+00 0.00000000e+00 0.00000000e+00 0.00000000e+00
 0.00000000e+00 0.00000000e+00 0.00000000e+00 0.00000000e+00
 0.00000000e+00 0.00000000e+00 0.00000000e+00 0.00000000e+00
 0.00000000e+00 0.00000000e+00 0.00000000e+00 0.00000000e+00
 0.00000000e+00 0.00000000e+00 0.00000000e+00 0.00000000e+00
 0.00000000e+00 0.00000000e+00 0.00000000e+00 0.00000000e+00
 0.00000000e+00 0.00000000e+00 0.00000000e+00 0.00000000e+00
 0.00000000e+00 0.00000000e+00 0.00000000e+00 0.00000000e+00
 0.00000000e+00 0.00000000e+00 0.00000000e+00 0.00000000e+00
 0.00000000e+00 0.00000000e+00 0.00000000e+00 0.00000000e+00
 0.00000000e+00 0.00000000e+00 0.00000000e+00 0.00000000e+00
 0.00000000e+00 0.00000000e+00 0.00000000e+00 0.00000000e+00
 0.00000000e+00 0.00000000e+00 0.00000000e+00 0.00000000e+00
 0.00000000e+00 0.00000000e+00 0.00000000e+00 0.00000000e+00
 0.00000000e+00 0.00000000e+00 0.00000000e+00 0.00000000e+00
 0.00000000e+00 0.00000000e+00 0.00000000e+00 0.00000000e+00
 0.00000000e+00 0.00000000e+00 0.00000000e+00 0.00000000e+00
 0.00000000e+00 0.00000000e+00 0.00000000e+00 0.00000000e+00
 0.00000000e+00 0.00000000e+00 0.00000000e+00 0.00000000e+00
 0.00000000e+00 0.00000000e+00 0.00000000e+00 0.00000000e+00
 0.00000000e+00 0.00000000e+00 0.00000000e+00 0.00000000e+00
 0.00000000e+00 0.00000000e+00 0.00000000e+00 0.00000000e+00
 0.00000000e+00 0.00000000e+00 0.00000000e+00 0.00000000e+00
 0.00000000e+00 0.00000000e+00 0.00000000e+00 0.00000000e+00
 0.00000000e+00 0.00000000e+00 0.00000000e+00 0.00000000e+00
 0.00000000e+00 0.00000000e+00 0.00000000e+00 0.00000000e+00
 0.00000000e+00 0.00000000e+00 0.00000000e+00 0.00000000e+00
 0.00000000e+00 0.00000000e+00 0.00000000e+00 0.00000000e+00
 0.00000000e+00 0.00000000e+00 0.00000000e+00 0.00000000e+00
 0.00000000e+00 0.00000000e+00 0.00000000e+00 0.00000000e+00
 0.00000000e+00 0.00000000e+00 0.00000000e+00 0.00000000e+00
 0.00000000e+00 0.00000000e+00 0.00000000e+00 0.00000000e+00
 0.00000000e+00]
[WARNING]: Quasi-static verification failed
[WARNING]: Max normalized derivatives: dVg/dt=2.50e+11, dVd/dt=0.00e+00, dId/dt=9.15e+10

  ngspice: ✓ PASS  (110.7s)

✓ Benchmark completed: /home/duhaochen/website-trial-v1/data/spice-model-benchmark/e4a3a2e59fef3aedea238540881b7773/ngspice
