$ /usr/bin/time -v -o /home/duhaochen/website-trial-v1/data/spice-model-benchmark/6c0d05193992cff21066ccb7c66f9b50/ngspice/resource.txt /usr/bin/python -m spice_model_benchmark.cli /home/duhaochen/pipeline_full_collection/benchmark-inputs/6c0d05193992cff21066ccb7c66f9b50/ngspice.lib --simulator ngspice --modes dc transient ac noise --output-dir /home/duhaochen/website-trial-v1/data/spice-model-benchmark/6c0d05193992cff21066ccb7c66f9b50 --dpi 120 --log-level WARNING
/home/duhaochen/spice_model_benchmark/src/spice_model_benchmark/verification_manager.py:1557: RuntimeWarning: divide by zero encountered in divide
  tc = np.mean((d_ids / d_temp) / np.abs(i_ds[:-1]))
SPICE Model Benchmark: /home/duhaochen/pipeline_full_collection/benchmark-inputs/6c0d05193992cff21066ccb7c66f9b50/ngspice.lib
Simulators: ngspice
Modes: dc, transient, ac, noise
------------------------------------------------------------

============================================================
  Running: NGSPICE
  Output:  /home/duhaochen/website-trial-v1/data/spice-model-benchmark/6c0d05193992cff21066ccb7c66f9b50/ngspice
============================================================
Vgs range: 0.000V to 1.200V
Ids range: -3.507e-04A to 0.000e+00A
Selected Vgs values: [0.  0.2 0.4 0.6 0.8 1.  1.2]
Vgs=0.000V: Ids range -1.588e-13A to -1.000e-16A
Vgs=0.200V: Ids range -8.106e-12A to 0.000e+00A
Vgs=0.400V: Ids range -8.648e-10A to 0.000e+00A
Vgs=0.600V: Ids range -8.188e-08A to 0.000e+00A
Vgs=0.800V: Ids range -4.530e-06A to 0.000e+00A
Vgs=1.000V: Ids range -1.047e-04A to 0.000e+00A
Vgs=1.200V: Ids range -3.507e-04A to 0.000e+00A
ids_variation: 8.442418895996653
ids_variation <= max_variation: False
tc: inf
abs(tc) <= max_tc: False
[WARNING]: Temperature effects verification failed - effects outside expected range
/home/duhaochen/spice_model_benchmark/src/spice_model_benchmark/verification_manager.py:1817: RuntimeWarning: divide by zero encountered in log
  log_ids = np.log(np.abs(i_ds))
/home/duhaochen/.local/lib/python3.9/site-packages/numpy/lib/function_base.py:2742: RuntimeWarning: invalid value encountered in subtract
  X -= avg[:, None]
/home/duhaochen/spice_model_benchmark/src/spice_model_benchmark/verification_manager.py:1862: RuntimeWarning: divide by zero encountered in divide
  efficiency = np.abs(gm / i_ds)  # Transconductance efficiency
[INFO]: S-parameter analysis plot saved to /home/duhaochen/website-trial-v1/data/spice-model-benchmark/6c0d05193992cff21066ccb7c66f9b50/ngspice/plots/ac_cv_sparameter_analysis.png
[INFO]: NQS effects plot saved to /home/duhaochen/website-trial-v1/data/spice-model-benchmark/6c0d05193992cff21066ccb7c66f9b50/ngspice/plots/ac_cv_nqs_effects.png
[INFO]: S-parameter analysis plot saved to /home/duhaochen/website-trial-v1/data/spice-model-benchmark/6c0d05193992cff21066ccb7c66f9b50/ngspice/plots/ac_cv_sparameter_analysis.png
norm_dvg: [2.50000000e+11 1.25000000e+11 6.25000000e+10 3.12500000e+10
 1.56249999e+10 9.40723379e+09 6.51841990e+09 4.91471838e+09
 3.90338091e+09 3.20032652e+09 3.02013973e+09 2.81736777e+09
 2.68479985e+09 2.54451773e+09 2.41449737e+09 2.23229577e+09
 2.10977286e+09 2.00001604e+09 1.99949612e+09 1.99850648e+09
 1.99651547e+09 1.99254700e+09 1.98466001e+09 1.96907065e+09
 1.93861419e+09 1.88044350e+09 1.77398224e+09 1.69302259e+09
 1.61213164e+09 1.56434931e+09 1.51943594e+09 1.49005807e+09
 1.47590172e+09 1.46380975e+09 1.45112328e+09 1.43728082e+09
 1.42827671e+09 1.41670839e+09 1.40196186e+09 1.37353469e+09
 1.32000400e+09 1.23391951e+09 1.20038657e+09 1.17898835e+09
 1.15794391e+09 1.13364310e+09 1.11179309e+09 1.09001587e+09
 1.05664634e+09 1.02754304e+09 9.99987684e+08 9.99732505e+08
 9.99193335e+08 9.98108291e+08 9.95955956e+08 9.91680351e+08
 9.83235055e+08 9.66770081e+08 9.35440737e+08 8.84584893e+08
 8.40578848e+08 7.83866787e+08 7.67713018e+08 7.55858878e+08
 7.47137127e+08 7.38495259e+08 7.28020277e+08 7.17677256e+08
 7.11525162e+08 7.03756663e+08 6.96699729e+08 6.87671131e+08
 6.77535483e+08 6.64925997e+08 6.49851898e+08 6.31201335e+08
 6.08827139e+08 5.82643899e+08 5.53465913e+08 5.30133304e+08
 5.05944956e+08 4.84851398e+08 4.64285598e+08 4.40224934e+08
 4.08279055e+08 3.75969586e+08 3.56112202e+08 3.40220820e+08
 3.30908328e+08 3.23342953e+08 3.19898718e+08 3.16532075e+08
 3.12824411e+08 3.09818746e+08 3.06602512e+08 3.01430510e+08
 2.94631545e+08 2.87310355e+08 2.80223416e+08 2.75566902e+08
 2.74043579e+08 2.72508376e+08 2.71591728e+08 2.70581226e+08
 2.69456558e+08 2.68606324e+08 2.67650455e+08 2.65923780e+08
 2.63434325e+08 2.60975033e+08 2.57352813e+08 2.55298311e+08
 2.54122017e+08 2.52819388e+08 2.51582775e+08 2.50251295e+08
 2.48829284e+08 2.46541610e+08 2.44039305e+08 2.41199835e+08
 2.38373404e+08 2.35028406e+08 2.31283236e+08 2.26456110e+08
 2.20479554e+08 2.12477413e+08 2.02661837e+08 1.90604838e+08
 1.76464618e+08 1.59064990e+08 1.43623883e+08 1.28822315e+08
 1.16786544e+08 1.06807591e+08 1.00691600e+08 9.52362630e+07
 9.52293224e+07 9.52159025e+07 9.51831246e+07 9.51204930e+07
 9.49948652e+07 9.47836280e+07 9.45534291e+07 9.42898970e+07
 9.40220639e+07 9.38313550e+07 9.37243684e+07 9.36343571e+07
 9.35438180e+07 9.34386328e+07 9.33510530e+07 9.32862922e+07
 9.32164700e+07 9.31410619e+07 9.30618267e+07 9.29697678e+07
 9.28731225e+07 9.27746451e+07 9.26670147e+07 9.25436840e+07
 9.23676176e+07 9.21604589e+07 9.19042960e+07 9.16140393e+07
 9.12720142e+07 9.11313535e+07 9.10407110e+07 9.09923191e+07
 9.09531012e+07 9.09016582e+07 9.09112969e+07 9.08980554e+07
 9.08850483e+07 9.08579372e+07 9.08197717e+07 9.07780606e+07
 9.07294841e+07 9.06724131e+07 9.05601521e+07 9.05063403e+07
 9.04509318e+07 9.03891891e+07 9.03444438e+07 9.02768906e+07
 9.02073990e+07 9.01055990e+07 8.99768098e+07 8.97960320e+07
 8.95611221e+07 8.92373407e+07 8.88118916e+07 8.83951081e+07
 8.81148870e+07 8.77456057e+07 8.74425905e+07 8.71088602e+07
 8.67744943e+07 8.61564856e+07 8.58832055e+07 8.54961120e+07
 8.52641376e+07 8.49828214e+07 8.46534815e+07 8.41767949e+07
 8.37529406e+07 8.33338648e+07 8.32966567e+07 8.32245936e+07
 8.30800811e+07 8.27924578e+07 8.25829687e+07 8.23459271e+07
 8.21565918e+07 8.20069271e+07 8.18282062e+07 8.16326552e+07
 8.13693740e+07 8.10116010e+07 8.05432509e+07 8.01165080e+07
 7.96310925e+07 7.91937734e+07 7.86234633e+07 7.82374296e+07
 7.79678296e+07 7.77769092e+07 7.76388904e+07 7.75176699e+07
 7.73532674e+07 7.72029215e+07 7.70898017e+07 7.69400789e+07
 7.68002398e+07 7.66040316e+07 7.63558661e+07 7.59234875e+07
 7.55282245e+07 7.51257083e+07 7.47809134e+07 7.46189142e+07
 7.45218190e+07 7.44294893e+07 7.43103575e+07 7.42487593e+07
 7.41649878e+07 7.40688956e+07 7.39401755e+07 7.37468515e+07
 7.34886215e+07 7.32247823e+07 7.29454241e+07 7.28035149e+07
 7.27024687e+07 7.25725145e+07 7.24372632e+07 7.22819178e+07
 7.21377513e+07 7.19063070e+07 7.16089027e+07 7.11862792e+07
 7.06364654e+07 6.98946850e+07 6.89361739e+07 6.78857503e+07
 6.67984735e+07 6.55465176e+07 6.37674457e+07 6.19950978e+07
 6.00717545e+07 5.82128071e+07 5.61871382e+07 5.39595552e+07
 5.19043800e+07 0.00000000e+00 0.00000000e+00 0.00000000e+00
 0.00000000e+00 0.00000000e+00 0.00000000e+00 0.00000000e+00
 0.00000000e+00 0.00000000e+00 0.00000000e+00 0.00000000e+00
 0.00000000e+00 0.00000000e+00 0.00000000e+00 0.00000000e+00
 0.00000000e+00 0.00000000e+00 0.00000000e+00 0.00000000e+00
 0.00000000e+00 0.00000000e+00 0.00000000e+00 0.00000000e+00
 0.00000000e+00 0.00000000e+00 0.00000000e+00 0.00000000e+00
 0.00000000e+00 0.00000000e+00 0.00000000e+00 0.00000000e+00
 0.00000000e+00 0.00000000e+00 0.00000000e+00 0.00000000e+00
 0.00000000e+00 0.00000000e+00 0.00000000e+00 0.00000000e+00
 0.00000000e+00 0.00000000e+00 0.00000000e+00 0.00000000e+00
 0.00000000e+00 0.00000000e+00 0.00000000e+00 0.00000000e+00
 0.00000000e+00 0.00000000e+00 0.00000000e+00 0.00000000e+00
 0.00000000e+00 0.00000000e+00 0.00000000e+00 0.00000000e+00
 0.00000000e+00 0.00000000e+00 0.00000000e+00 0.00000000e+00
 0.00000000e+00 0.00000000e+00 0.00000000e+00 0.00000000e+00
 0.00000000e+00 0.00000000e+00 0.00000000e+00 0.00000000e+00
 0.00000000e+00 0.00000000e+00 0.00000000e+00 0.00000000e+00
 0.00000000e+00 0.00000000e+00 0.00000000e+00 0.00000000e+00
 0.00000000e+00 0.00000000e+00 0.00000000e+00 0.00000000e+00
 0.00000000e+00 0.00000000e+00 0.00000000e+00 0.00000000e+00
 0.00000000e+00 0.00000000e+00 0.00000000e+00 0.00000000e+00
 0.00000000e+00 0.00000000e+00 0.00000000e+00 0.00000000e+00
 0.00000000e+00 0.00000000e+00 0.00000000e+00 0.00000000e+00
 0.00000000e+00 0.00000000e+00 0.00000000e+00 0.00000000e+00
 0.00000000e+00 0.00000000e+00 0.00000000e+00 0.00000000e+00
 0.00000000e+00 0.00000000e+00 0.00000000e+00 0.00000000e+00
 0.00000000e+00 0.00000000e+00 0.00000000e+00 0.00000000e+00
 0.00000000e+00 0.00000000e+00 0.00000000e+00 0.00000000e+00
 0.00000000e+00 0.00000000e+00 0.00000000e+00 0.00000000e+00
 0.00000000e+00 0.00000000e+00 0.00000000e+00 0.00000000e+00
 0.00000000e+00 0.00000000e+00 0.00000000e+00 0.00000000e+00
 0.00000000e+00 0.00000000e+00 0.00000000e+00 0.00000000e+00
 0.00000000e+00 0.00000000e+00 0.00000000e+00 0.00000000e+00
 0.00000000e+00 0.00000000e+00 0.00000000e+00 0.00000000e+00
 0.00000000e+00 0.00000000e+00 0.00000000e+00 0.00000000e+00
 0.00000000e+00 0.00000000e+00 0.00000000e+00 0.00000000e+00
 0.00000000e+00 0.00000000e+00 0.00000000e+00 0.00000000e+00
 0.00000000e+00 0.00000000e+00 0.00000000e+00 0.00000000e+00
 0.00000000e+00 0.00000000e+00 0.00000000e+00 0.00000000e+00
 0.00000000e+00 0.00000000e+00 0.00000000e+00 0.00000000e+00
 0.00000000e+00 0.00000000e+00 0.00000000e+00 0.00000000e+00
 0.00000000e+00 0.00000000e+00 0.00000000e+00 0.00000000e+00
 0.00000000e+00 0.00000000e+00 0.00000000e+00 0.00000000e+00
 0.00000000e+00 0.00000000e+00 0.00000000e+00 0.00000000e+00
 0.00000000e+00 0.00000000e+00 0.00000000e+00 0.00000000e+00
 0.00000000e+00 0.00000000e+00 0.00000000e+00 0.00000000e+00
 0.00000000e+00 0.00000000e+00 0.00000000e+00 0.00000000e+00
 0.00000000e+00 0.00000000e+00 0.00000000e+00 0.00000000e+00
 0.00000000e+00 0.00000000e+00 0.00000000e+00 0.00000000e+00
 0.00000000e+00 0.00000000e+00 0.00000000e+00 0.00000000e+00
 0.00000000e+00 0.00000000e+00 0.00000000e+00 0.00000000e+00
 0.00000000e+00 0.00000000e+00 0.00000000e+00 0.00000000e+00
 0.00000000e+00 0.00000000e+00 0.00000000e+00 0.00000000e+00
 0.00000000e+00 0.00000000e+00 0.00000000e+00 0.00000000e+00
 0.00000000e+00 0.00000000e+00 0.00000000e+00 0.00000000e+00
 0.00000000e+00 0.00000000e+00 0.00000000e+00 0.00000000e+00
 0.00000000e+00 0.00000000e+00 0.00000000e+00 0.00000000e+00
 0.00000000e+00 0.00000000e+00 0.00000000e+00 0.00000000e+00
 0.00000000e+00 0.00000000e+00 0.00000000e+00 0.00000000e+00
 0.00000000e+00 0.00000000e+00 0.00000000e+00 0.00000000e+00
 0.00000000e+00 0.00000000e+00 0.00000000e+00 0.00000000e+00
 0.00000000e+00 0.00000000e+00 0.00000000e+00 0.00000000e+00
 0.00000000e+00 0.00000000e+00 0.00000000e+00 0.00000000e+00
 0.00000000e+00 0.00000000e+00 0.00000000e+00 0.00000000e+00
 0.00000000e+00 0.00000000e+00 0.00000000e+00 0.00000000e+00
 0.00000000e+00 0.00000000e+00 0.00000000e+00 0.00000000e+00
 0.00000000e+00 0.00000000e+00 0.00000000e+00 0.00000000e+00
 0.00000000e+00]
norm_dvd: [0. 0. 0. 0. 0. 0. 0. 0. 0. 0. 0. 0. 0. 0. 0. 0. 0. 0. 0. 0. 0. 0. 0. 0.
 0. 0. 0. 0. 0. 0. 0. 0. 0. 0. 0. 0. 0. 0. 0. 0. 0. 0. 0. 0. 0. 0. 0. 0.
 0. 0. 0. 0. 0. 0. 0. 0. 0. 0. 0. 0. 0. 0. 0. 0. 0. 0. 0. 0. 0. 0. 0. 0.
 0. 0. 0. 0. 0. 0. 0. 0. 0. 0. 0. 0. 0. 0. 0. 0. 0. 0. 0. 0. 0. 0. 0. 0.
 0. 0. 0. 0. 0. 0. 0. 0. 0. 0. 0. 0. 0. 0. 0. 0. 0. 0. 0. 0. 0. 0. 0. 0.
 0. 0. 0. 0. 0. 0. 0. 0. 0. 0. 0. 0. 0. 0. 0. 0. 0. 0. 0. 0. 0. 0. 0. 0.
 0. 0. 0. 0. 0. 0. 0. 0. 0. 0. 0. 0. 0. 0. 0. 0. 0. 0. 0. 0. 0. 0. 0. 0.
 0. 0. 0. 0. 0. 0. 0. 0. 0. 0. 0. 0. 0. 0. 0. 0. 0. 0. 0. 0. 0. 0. 0. 0.
 0. 0. 0. 0. 0. 0. 0. 0. 0. 0. 0. 0. 0. 0. 0. 0. 0. 0. 0. 0. 0. 0. 0. 0.
 0. 0. 0. 0. 0. 0. 0. 0. 0. 0. 0. 0. 0. 0. 0. 0. 0. 0. 0. 0. 0. 0. 0. 0.
 0. 0. 0. 0. 0. 0. 0. 0. 0. 0. 0. 0. 0. 0. 0. 0. 0. 0. 0. 0. 0. 0. 0. 0.
 0. 0. 0. 0. 0. 0. 0. 0. 0. 0. 0. 0. 0. 0. 0. 0. 0. 0. 0. 0. 0. 0. 0. 0.
 0. 0. 0. 0. 0. 0. 0. 0. 0. 0. 0. 0. 0. 0. 0. 0. 0. 0. 0. 0. 0. 0. 0. 0.
 0. 0. 0. 0. 0. 0. 0. 0. 0. 0. 0. 0. 0. 0. 0. 0. 0. 0. 0. 0. 0. 0. 0. 0.
 0. 0. 0. 0. 0. 0. 0. 0. 0. 0. 0. 0. 0. 0. 0. 0. 0. 0. 0. 0. 0. 0. 0. 0.
 0. 0. 0. 0. 0. 0. 0. 0. 0. 0. 0. 0. 0. 0. 0. 0. 0. 0. 0. 0. 0. 0. 0. 0.
 0. 0. 0. 0. 0. 0. 0. 0. 0. 0. 0. 0. 0. 0. 0. 0. 0. 0. 0. 0. 0. 0. 0. 0.
 0. 0. 0. 0. 0. 0. 0. 0. 0. 0. 0. 0. 0. 0. 0. 0. 0. 0. 0. 0. 0. 0. 0. 0.
 0. 0. 0. 0. 0. 0. 0. 0. 0. 0. 0. 0. 0. 0. 0. 0. 0. 0. 0. 0. 0. 0. 0. 0.
 0. 0. 0. 0. 0. 0. 0. 0. 0. 0. 0. 0. 0. 0. 0. 0. 0. 0. 0. 0. 0. 0. 0. 0.
 0. 0. 0. 0. 0. 0. 0. 0. 0. 0. 0. 0. 0. 0. 0. 0. 0. 0. 0. 0. 0. 0. 0. 0.
 0. 0. 0. 0. 0. 0. 0. 0. 0. 0. 0. 0. 0. 0. 0. 0. 0. 0. 0. 0. 0. 0. 0. 0.
 0. 0. 0. 0. 0. 0. 0. 0. 0. 0. 0. 0. 0. 0. 0. 0. 0.]
norm_did: [0.00000000e+00 0.00000000e+00 0.00000000e+00 0.00000000e+00
 0.00000000e+00 0.00000000e+00 0.00000000e+00 0.00000000e+00
 0.00000000e+00 0.00000000e+00 0.00000000e+00 0.00000000e+00
 0.00000000e+00 0.00000000e+00 0.00000000e+00 0.00000000e+00
 0.00000000e+00 0.00000000e+00 0.00000000e+00 0.00000000e+00
 0.00000000e+00 0.00000000e+00 0.00000000e+00 0.00000000e+00
 0.00000000e+00 0.00000000e+00 0.00000000e+00 0.00000000e+00
 0.00000000e+00 0.00000000e+00 0.00000000e+00 0.00000000e+00
 0.00000000e+00 0.00000000e+00 0.00000000e+00 0.00000000e+00
 0.00000000e+00 0.00000000e+00 1.04802938e+02 0.00000000e+00
 0.00000000e+00 0.00000000e+00 0.00000000e+00 0.00000000e+00
 0.00000000e+00 0.00000000e+00 0.00000000e+00 0.00000000e+00
 0.00000000e+00 0.00000000e+00 0.00000000e+00 0.00000000e+00
 0.00000000e+00 0.00000000e+00 0.00000000e+00 0.00000000e+00
 0.00000000e+00 0.00000000e+00 2.51736137e+01 0.00000000e+00
 0.00000000e+00 0.00000000e+00 0.00000000e+00 0.00000000e+00
 9.87775946e+01 0.00000000e+00 0.00000000e+00 0.00000000e+00
 0.00000000e+00 0.00000000e+00 0.00000000e+00 0.00000000e+00
 5.52761019e+01 0.00000000e+00 0.00000000e+00 2.65733196e+01
 2.09606531e+01 1.70990550e+01 1.94554000e+01 3.43118464e+01
 1.79925284e+01 5.08042642e+01 3.94280368e+01 6.96365972e+01
 1.02905573e+02 1.35609889e+02 1.76933115e+02 2.05743980e+02
 2.62574703e+02 2.78769238e+02 2.79215322e+02 3.30540210e+02
 3.49240235e+02 3.65534032e+02 4.14701100e+02 4.64815777e+02
 5.54551883e+02 6.50329700e+02 7.44013607e+02 7.67119525e+02
 8.27629543e+02 8.74706080e+02 9.00271747e+02 1.00268901e+03
 9.22311063e+02 9.30567470e+02 1.02053508e+03 1.08836531e+03
 1.12449736e+03 1.29098474e+03 1.33566089e+03 1.36560764e+03
 1.52613904e+03 1.51166603e+03 1.60977165e+03 1.69352672e+03
 1.82556816e+03 1.93438946e+03 2.11678726e+03 2.36035721e+03
 2.59131617e+03 2.98659088e+03 3.50847063e+03 4.35572454e+03
 5.90548985e+03 8.89144734e+03 1.55742029e+04 3.33830500e+04
 1.00935735e+05 3.71903141e+05 1.68217775e+06 8.13031132e+06
 3.89068933e+07 1.34235411e+08 4.31087427e+08 5.51216310e+10
 6.96869533e+08 8.21086554e+08 8.32141237e+08 8.54795566e+08
 8.97748656e+08 9.59264326e+08 1.03579603e+09 1.12934809e+09
 1.22009397e+09 1.28756637e+09 1.34447890e+09 1.39355176e+09
 1.44557720e+09 1.49927344e+09 1.54525913e+09 1.58912025e+09
 1.63577520e+09 1.68722276e+09 1.74647056e+09 1.81526890e+09
 1.89185861e+09 1.97827155e+09 2.08023262e+09 2.21884106e+09
 2.42392173e+09 2.71032857e+09 3.13295905e+09 3.76636666e+09
 4.58786575e+09 5.14890966e+09 5.55871765e+09 5.82098455e+09
 6.05707663e+09 7.90315250e+09 5.44102193e+09 6.36076138e+09
 6.45789299e+09 6.64557484e+09 6.91842064e+09 7.24227960e+09
 7.66160182e+09 8.24646863e+09 9.40676668e+09 1.01940887e+10
 1.10932404e+10 1.22285051e+10 1.32912525e+10 1.51671718e+10
 1.77521030e+10 2.34598268e+10 3.87005370e+10 3.01298926e+11
 4.11609941e+10 1.67904022e+10 9.65290822e+09 6.81110666e+09
 5.95520991e+09 4.97294874e+09 4.47561707e+09 4.03301506e+09
 3.85542268e+09 3.11712222e+09 3.08770175e+09 2.81904800e+09
 2.76983255e+09 2.69269374e+09 2.64552387e+09 2.47993613e+09
 2.38294035e+09 2.40378310e+09 1.90462194e+09 2.22315793e+09
 2.24667177e+09 2.16595367e+09 2.15066731e+09 2.10517825e+09
 2.07186271e+09 2.07398401e+09 2.06273080e+09 2.06763109e+09
 2.07584050e+09 2.08375653e+09 2.03506342e+09 2.03637127e+09
 2.00082968e+09 2.03368200e+09 1.95398087e+09 1.91246999e+09
 1.88791767e+09 1.87029618e+09 1.86364530e+09 1.87274599e+09
 1.86376577e+09 1.84851347e+09 1.85526071e+09 1.84735824e+09
 1.85719362e+09 1.86318423e+09 1.90105603e+09 1.86811766e+09
 1.84615722e+09 1.80506303e+09 1.73999352e+09 1.71188366e+09
 1.70204700e+09 1.70024750e+09 1.67936961e+09 1.67855841e+09
 1.67408826e+09 1.67307235e+09 1.67521529e+09 1.67128137e+09
 1.64882319e+09 1.62651252e+09 1.57560804e+09 1.55362752e+09
 1.54764016e+09 1.53574728e+09 1.52548487e+09 1.50812785e+09
 1.50694919e+09 1.49291168e+09 1.47950791e+09 1.45030933e+09
 1.41190005e+09 1.34895317e+09 1.24396731e+09 1.12718820e+09
 1.02154622e+09 9.22273993e+08 7.66845749e+08 6.45591164e+08
 5.37939393e+08 4.59837524e+08 3.93464316e+08 3.33945355e+08
 2.90635679e+08 9.43231632e+08 0.00000000e+00 0.00000000e+00
 0.00000000e+00 0.00000000e+00 0.00000000e+00 0.00000000e+00
 0.00000000e+00 0.00000000e+00 0.00000000e+00 0.00000000e+00
 0.00000000e+00 0.00000000e+00 0.00000000e+00 0.00000000e+00
 0.00000000e+00 0.00000000e+00 0.00000000e+00 0.00000000e+00
 0.00000000e+00 0.00000000e+00 0.00000000e+00 0.00000000e+00
 0.00000000e+00 0.00000000e+00 0.00000000e+00 0.00000000e+00
 0.00000000e+00 0.00000000e+00 0.00000000e+00 0.00000000e+00
 0.00000000e+00 0.00000000e+00 0.00000000e+00 0.00000000e+00
 0.00000000e+00 0.00000000e+00 0.00000000e+00 0.00000000e+00
 0.00000000e+00 0.00000000e+00 0.00000000e+00 0.00000000e+00
 0.00000000e+00 0.00000000e+00 0.00000000e+00 0.00000000e+00
 0.00000000e+00 0.00000000e+00 0.00000000e+00 0.00000000e+00
 0.00000000e+00 0.00000000e+00 0.00000000e+00 0.00000000e+00
 0.00000000e+00 0.00000000e+00 0.00000000e+00 0.00000000e+00
 0.00000000e+00 0.00000000e+00 0.00000000e+00 0.00000000e+00
 0.00000000e+00 0.00000000e+00 0.00000000e+00 0.00000000e+00
 0.00000000e+00 0.00000000e+00 0.00000000e+00 0.00000000e+00
 0.00000000e+00 0.00000000e+00 0.00000000e+00 0.00000000e+00
 0.00000000e+00 0.00000000e+00 0.00000000e+00 0.00000000e+00
 0.00000000e+00 0.00000000e+00 0.00000000e+00 0.00000000e+00
 0.00000000e+00 0.00000000e+00 0.00000000e+00 0.00000000e+00
 0.00000000e+00 0.00000000e+00 0.00000000e+00 0.00000000e+00
 0.00000000e+00 0.00000000e+00 0.00000000e+00 0.00000000e+00
 0.00000000e+00 0.00000000e+00 0.00000000e+00 0.00000000e+00
 0.00000000e+00 0.00000000e+00 0.00000000e+00 0.00000000e+00
 0.00000000e+00 0.00000000e+00 0.00000000e+00 0.00000000e+00
 0.00000000e+00 0.00000000e+00 0.00000000e+00 0.00000000e+00
 0.00000000e+00 0.00000000e+00 0.00000000e+00 0.00000000e+00
 0.00000000e+00 0.00000000e+00 0.00000000e+00 0.00000000e+00
 0.00000000e+00 0.00000000e+00 0.00000000e+00 0.00000000e+00
 0.00000000e+00 0.00000000e+00 0.00000000e+00 0.00000000e+00
 0.00000000e+00 0.00000000e+00 0.00000000e+00 0.00000000e+00
 0.00000000e+00 0.00000000e+00 0.00000000e+00 0.00000000e+00
 0.00000000e+00 0.00000000e+00 0.00000000e+00 0.00000000e+00
 0.00000000e+00 0.00000000e+00 0.00000000e+00 0.00000000e+00
 0.00000000e+00 0.00000000e+00 0.00000000e+00 0.00000000e+00
 0.00000000e+00 0.00000000e+00 0.00000000e+00 0.00000000e+00
 0.00000000e+00 0.00000000e+00 0.00000000e+00 0.00000000e+00
 0.00000000e+00 0.00000000e+00 0.00000000e+00 0.00000000e+00
 0.00000000e+00 0.00000000e+00 0.00000000e+00 0.00000000e+00
 0.00000000e+00 0.00000000e+00 0.00000000e+00 0.00000000e+00
 0.00000000e+00 0.00000000e+00 0.00000000e+00 0.00000000e+00
 0.00000000e+00 0.00000000e+00 0.00000000e+00 0.00000000e+00
 0.00000000e+00 0.00000000e+00 0.00000000e+00 0.00000000e+00
 0.00000000e+00 0.00000000e+00 0.00000000e+00 0.00000000e+00
 0.00000000e+00 0.00000000e+00 0.00000000e+00 0.00000000e+00
 0.00000000e+00 0.00000000e+00 0.00000000e+00 0.00000000e+00
 0.00000000e+00 0.00000000e+00 0.00000000e+00 0.00000000e+00
 0.00000000e+00 0.00000000e+00 0.00000000e+00 0.00000000e+00
 0.00000000e+00 0.00000000e+00 0.00000000e+00 0.00000000e+00
 0.00000000e+00 0.00000000e+00 0.00000000e+00 0.00000000e+00
 0.00000000e+00 0.00000000e+00 0.00000000e+00 0.00000000e+00
 0.00000000e+00 0.00000000e+00 0.00000000e+00 0.00000000e+00
 0.00000000e+00 0.00000000e+00 0.00000000e+00 0.00000000e+00
 0.00000000e+00 0.00000000e+00 0.00000000e+00 0.00000000e+00
 0.00000000e+00 0.00000000e+00 0.00000000e+00 0.00000000e+00
 0.00000000e+00 0.00000000e+00 0.00000000e+00 0.00000000e+00
 0.00000000e+00 0.00000000e+00 0.00000000e+00 0.00000000e+00
 0.00000000e+00 0.00000000e+00 0.00000000e+00 0.00000000e+00
 0.00000000e+00 0.00000000e+00 0.00000000e+00 0.00000000e+00
 0.00000000e+00 0.00000000e+00 0.00000000e+00 0.00000000e+00
 0.00000000e+00 0.00000000e+00 0.00000000e+00 0.00000000e+00
 0.00000000e+00 0.00000000e+00 0.00000000e+00 0.00000000e+00
 0.00000000e+00 0.00000000e+00 0.00000000e+00 0.00000000e+00
 0.00000000e+00 0.00000000e+00 0.00000000e+00 0.00000000e+00
 0.00000000e+00 0.00000000e+00 0.00000000e+00 0.00000000e+00
 0.00000000e+00 0.00000000e+00 0.00000000e+00 0.00000000e+00
 0.00000000e+00]
[WARNING]: Quasi-static verification failed
[WARNING]: Max normalized derivatives: dVg/dt=2.50e+11, dVd/dt=0.00e+00, dId/dt=3.01e+11

  ngspice: ✓ PASS  (116.1s)

✓ Benchmark completed: /home/duhaochen/website-trial-v1/data/spice-model-benchmark/6c0d05193992cff21066ccb7c66f9b50/ngspice
