$ /usr/bin/time -v -o /home/duhaochen/website-trial-v1/data/spice-model-benchmark/66347c252c67d1d7e87c2cf817ab75a5/ngspice/resource.txt /usr/bin/python -m spice_model_benchmark.cli /home/duhaochen/pipeline_full_collection/benchmark-inputs/66347c252c67d1d7e87c2cf817ab75a5/ngspice.lib --simulator ngspice --modes dc transient ac noise --output-dir /home/duhaochen/website-trial-v1/data/spice-model-benchmark/66347c252c67d1d7e87c2cf817ab75a5 --dpi 120 --log-level WARNING
/home/duhaochen/spice_model_benchmark/src/spice_model_benchmark/verification_manager.py:1557: RuntimeWarning: divide by zero encountered in divide
  tc = np.mean((d_ids / d_temp) / np.abs(i_ds[:-1]))
SPICE Model Benchmark: /home/duhaochen/pipeline_full_collection/benchmark-inputs/66347c252c67d1d7e87c2cf817ab75a5/ngspice.lib
Simulators: ngspice
Modes: dc, transient, ac, noise
------------------------------------------------------------

============================================================
  Running: NGSPICE
  Output:  /home/duhaochen/website-trial-v1/data/spice-model-benchmark/66347c252c67d1d7e87c2cf817ab75a5/ngspice
============================================================
Vgs range: 0.000V to 1.200V
Ids range: -3.128e-04A to 0.000e+00A
Selected Vgs values: [0.  0.2 0.4 0.6 0.8 1.  1.2]
Vgs=0.000V: Ids range -3.882e-13A to -1.003e-16A
Vgs=0.200V: Ids range -1.973e-11A to 0.000e+00A
Vgs=0.400V: Ids range -2.080e-09A to 0.000e+00A
Vgs=0.600V: Ids range -1.802e-07A to 0.000e+00A
Vgs=0.800V: Ids range -9.162e-06A to 0.000e+00A
Vgs=1.000V: Ids range -1.129e-04A to 0.000e+00A
Vgs=1.200V: Ids range -3.128e-04A to 0.000e+00A
ids_variation: 8.081613229654309
ids_variation <= max_variation: False
tc: inf
abs(tc) <= max_tc: False
[WARNING]: Temperature effects verification failed - effects outside expected range
/home/duhaochen/spice_model_benchmark/src/spice_model_benchmark/verification_manager.py:1817: RuntimeWarning: divide by zero encountered in log
  log_ids = np.log(np.abs(i_ds))
/home/duhaochen/.local/lib/python3.9/site-packages/numpy/lib/function_base.py:2742: RuntimeWarning: invalid value encountered in subtract
  X -= avg[:, None]
/home/duhaochen/spice_model_benchmark/src/spice_model_benchmark/verification_manager.py:1862: RuntimeWarning: divide by zero encountered in divide
  efficiency = np.abs(gm / i_ds)  # Transconductance efficiency
[INFO]: S-parameter analysis plot saved to /home/duhaochen/website-trial-v1/data/spice-model-benchmark/66347c252c67d1d7e87c2cf817ab75a5/ngspice/plots/ac_cv_sparameter_analysis.png
[INFO]: NQS effects plot saved to /home/duhaochen/website-trial-v1/data/spice-model-benchmark/66347c252c67d1d7e87c2cf817ab75a5/ngspice/plots/ac_cv_nqs_effects.png
[INFO]: S-parameter analysis plot saved to /home/duhaochen/website-trial-v1/data/spice-model-benchmark/66347c252c67d1d7e87c2cf817ab75a5/ngspice/plots/ac_cv_sparameter_analysis.png
norm_dvg: [2.50000000e+11 1.25000000e+11 6.25000000e+10 3.12500000e+10
 1.56250000e+10 9.40925188e+09 6.35713735e+09 4.82569593e+09
 3.78513107e+09 3.47567679e+09 3.28785240e+09 3.06260331e+09
 2.88661514e+09 2.73461472e+09 2.59206561e+09 2.40449954e+09
 2.31364056e+09 2.25332206e+09 2.19911647e+09 2.13065891e+09
 2.06872512e+09 2.03378181e+09 2.00000261e+09 1.99898054e+09
 1.99693431e+09 1.99286738e+09 1.98477818e+09 1.96879424e+09
 1.93758705e+09 1.87804957e+09 1.76931564e+09 1.67267593e+09
 1.56938936e+09 1.53285540e+09 1.51216072e+09 1.49588319e+09
 1.48347548e+09 1.47061154e+09 1.45570761e+09 1.44797542e+09
 1.43611825e+09 1.42385164e+09 1.40407876e+09 1.36942888e+09
 1.30501824e+09 1.21451125e+09 1.17979471e+09 1.15484030e+09
 1.13383248e+09 1.10654217e+09 1.08560433e+09 1.06170232e+09
 1.03039859e+09 1.00000247e+09 9.99327538e+08 9.97979161e+08
 9.95303108e+08 9.89989579e+08 9.79528828e+08 9.59258786e+08
 9.21135124e+08 8.76521851e+08 8.31786041e+08 7.84012017e+08
 7.34532222e+08 7.17866553e+08 7.07080334e+08 6.98946137e+08
 6.91239431e+08 6.82660682e+08 6.73848064e+08 6.69495786e+08
 6.63947129e+08 6.57270120e+08 6.50590768e+08 6.42643536e+08
 6.33372401e+08 6.21940063e+08 6.07795265e+08 5.89891652e+08
 5.67528065e+08 5.41542956e+08 5.15278886e+08 4.91075563e+08
 4.71431874e+08 4.52541118e+08 4.35525187e+08 4.18351508e+08
 3.87770366e+08 3.63136302e+08 3.37242189e+08 3.15582734e+08
 3.01519329e+08 2.91307698e+08 2.82313063e+08 2.77657517e+08
 2.74716286e+08 2.70745597e+08 2.67784226e+08 2.64464548e+08
 2.61346100e+08 2.56087328e+08 2.50822600e+08 2.45133643e+08
 2.40319496e+08 2.38644346e+08 2.37416283e+08 2.36481817e+08
 2.35080689e+08 2.34221937e+08 2.33165360e+08 2.31904927e+08
 2.29739301e+08 2.27600217e+08 2.24951181e+08 2.21633175e+08
 2.20123405e+08 2.19063642e+08 2.17527953e+08 2.16397403e+08
 2.15147627e+08 2.13420650e+08 2.11196546e+08 2.08514942e+08
 2.05934541e+08 2.02915789e+08 1.99687263e+08 1.95583342e+08
 1.90639255e+08 1.83965765e+08 1.75768909e+08 1.65862323e+08
 1.54987444e+08 1.42527749e+08 1.28863711e+08 1.16820565e+08
 1.06836049e+08 1.00704241e+08 9.52417526e+07 9.52283941e+07
 9.52153952e+07 9.51823286e+07 9.51203702e+07 9.49944754e+07
 9.47448632e+07 9.44835838e+07 9.41765427e+07 9.38733939e+07
 9.36417169e+07 9.35160179e+07 9.34147558e+07 9.33229680e+07
 9.32061940e+07 9.31012698e+07 9.30445024e+07 9.29761192e+07
 9.29000340e+07 9.28143103e+07 9.27148825e+07 9.26053360e+07
 9.25198352e+07 9.24076393e+07 9.23069486e+07 9.21874984e+07
 9.20574576e+07 9.18917838e+07 9.16708125e+07 9.14092868e+07
 9.11584774e+07 9.09124767e+07 9.09003146e+07 9.08971504e+07
 9.08853241e+07 9.08530124e+07 9.07947349e+07 9.07132895e+07
 9.06045004e+07 9.05291129e+07 9.04854729e+07 9.04421235e+07
 9.04030740e+07 9.03653103e+07 9.03273079e+07 9.02537987e+07
 9.01488347e+07 9.00378998e+07 8.98980608e+07 8.97477277e+07
 8.96011031e+07 8.95003334e+07 8.93955175e+07 8.92703712e+07
 8.91770723e+07 8.90341679e+07 8.88972387e+07 8.86880656e+07
 8.84281406e+07 8.80546696e+07 8.77740894e+07 8.74313689e+07
 8.71335771e+07 8.67983958e+07 8.64744514e+07 8.58815008e+07
 8.49045156e+07 8.41115941e+07 8.33328435e+07 8.32943395e+07
 8.32153004e+07 8.30585540e+07 8.27468875e+07 8.24387012e+07
 8.20933116e+07 8.17228450e+07 8.14570504e+07 8.10724364e+07
 8.06560304e+07 8.03983867e+07 8.01069873e+07 7.97994646e+07
 7.96085294e+07 7.93738474e+07 7.91254441e+07 7.87614802e+07
 7.82642603e+07 7.77105115e+07 7.71853790e+07 7.67054692e+07
 7.61979349e+07 7.56431978e+07 7.48466756e+07 7.43745429e+07
 7.40468031e+07 7.37435112e+07 7.34388760e+07 7.33026007e+07
 7.31868800e+07 7.30304672e+07 7.28796364e+07 7.27523790e+07
 7.26107479e+07 7.24548504e+07 7.22546265e+07 7.19877585e+07
 7.16162332e+07 7.12663657e+07 7.08719637e+07 7.04661483e+07
 7.03083139e+07 7.01801391e+07 7.00738088e+07 6.99410906e+07
 6.98619256e+07 6.97574526e+07 6.96459979e+07 6.94673613e+07
 6.92358646e+07 6.90029448e+07 6.87521799e+07 6.84228800e+07
 6.82314260e+07 6.81108981e+07 6.79692476e+07 6.78166832e+07
 6.76582260e+07 6.74908989e+07 6.72442764e+07 6.69173950e+07
 6.64677306e+07 6.58780303e+07 6.51008441e+07 6.41758750e+07
 6.30542328e+07 6.17319697e+07 6.01981964e+07 5.85159380e+07
 5.66808902e+07 5.46780753e+07 5.24159946e+07 5.11794987e+07
 0.00000000e+00 0.00000000e+00 0.00000000e+00 0.00000000e+00
 0.00000000e+00 0.00000000e+00 0.00000000e+00 0.00000000e+00
 0.00000000e+00 0.00000000e+00 0.00000000e+00 0.00000000e+00
 0.00000000e+00 0.00000000e+00 0.00000000e+00 0.00000000e+00
 0.00000000e+00 0.00000000e+00 0.00000000e+00 0.00000000e+00
 0.00000000e+00 0.00000000e+00 0.00000000e+00 0.00000000e+00
 0.00000000e+00 0.00000000e+00 0.00000000e+00 0.00000000e+00
 0.00000000e+00 0.00000000e+00 0.00000000e+00 0.00000000e+00
 0.00000000e+00 0.00000000e+00 0.00000000e+00 0.00000000e+00
 0.00000000e+00 0.00000000e+00 0.00000000e+00 0.00000000e+00
 0.00000000e+00 0.00000000e+00 0.00000000e+00 0.00000000e+00
 0.00000000e+00 0.00000000e+00 0.00000000e+00 0.00000000e+00
 0.00000000e+00 0.00000000e+00 0.00000000e+00 0.00000000e+00
 0.00000000e+00 0.00000000e+00 0.00000000e+00 0.00000000e+00
 0.00000000e+00 0.00000000e+00 0.00000000e+00 0.00000000e+00
 0.00000000e+00 0.00000000e+00 0.00000000e+00 0.00000000e+00
 0.00000000e+00 0.00000000e+00 0.00000000e+00 0.00000000e+00
 0.00000000e+00 0.00000000e+00 0.00000000e+00 0.00000000e+00
 0.00000000e+00 0.00000000e+00 0.00000000e+00 0.00000000e+00
 0.00000000e+00 0.00000000e+00 0.00000000e+00 0.00000000e+00
 0.00000000e+00 0.00000000e+00 0.00000000e+00 0.00000000e+00
 0.00000000e+00 0.00000000e+00 0.00000000e+00 0.00000000e+00
 0.00000000e+00 0.00000000e+00 0.00000000e+00 0.00000000e+00
 0.00000000e+00 0.00000000e+00 0.00000000e+00 0.00000000e+00
 0.00000000e+00 0.00000000e+00 0.00000000e+00 0.00000000e+00
 0.00000000e+00 0.00000000e+00 0.00000000e+00 0.00000000e+00
 0.00000000e+00 0.00000000e+00 0.00000000e+00 0.00000000e+00
 0.00000000e+00 0.00000000e+00 0.00000000e+00 0.00000000e+00
 0.00000000e+00 0.00000000e+00 0.00000000e+00 0.00000000e+00
 0.00000000e+00 0.00000000e+00 0.00000000e+00 0.00000000e+00
 0.00000000e+00 0.00000000e+00 0.00000000e+00 0.00000000e+00
 0.00000000e+00 0.00000000e+00 0.00000000e+00 0.00000000e+00
 0.00000000e+00 0.00000000e+00 0.00000000e+00 0.00000000e+00
 0.00000000e+00 0.00000000e+00 0.00000000e+00 0.00000000e+00
 0.00000000e+00 0.00000000e+00 0.00000000e+00 0.00000000e+00
 0.00000000e+00 0.00000000e+00 0.00000000e+00 0.00000000e+00
 0.00000000e+00 0.00000000e+00 0.00000000e+00 0.00000000e+00
 0.00000000e+00 0.00000000e+00 0.00000000e+00 0.00000000e+00
 0.00000000e+00 0.00000000e+00 0.00000000e+00 0.00000000e+00
 0.00000000e+00 0.00000000e+00 0.00000000e+00 0.00000000e+00
 0.00000000e+00 0.00000000e+00 0.00000000e+00 0.00000000e+00
 0.00000000e+00 0.00000000e+00 0.00000000e+00 0.00000000e+00
 0.00000000e+00 0.00000000e+00 0.00000000e+00 0.00000000e+00
 0.00000000e+00 0.00000000e+00 0.00000000e+00 0.00000000e+00
 0.00000000e+00 0.00000000e+00 0.00000000e+00 0.00000000e+00
 0.00000000e+00 0.00000000e+00 0.00000000e+00 0.00000000e+00
 0.00000000e+00 0.00000000e+00 0.00000000e+00 0.00000000e+00
 0.00000000e+00 0.00000000e+00 0.00000000e+00 0.00000000e+00
 0.00000000e+00 0.00000000e+00 0.00000000e+00 0.00000000e+00
 0.00000000e+00 0.00000000e+00 0.00000000e+00 0.00000000e+00
 0.00000000e+00 0.00000000e+00 0.00000000e+00 0.00000000e+00
 0.00000000e+00 0.00000000e+00 0.00000000e+00 0.00000000e+00
 0.00000000e+00 0.00000000e+00 0.00000000e+00 0.00000000e+00
 0.00000000e+00 0.00000000e+00 0.00000000e+00 0.00000000e+00
 0.00000000e+00 0.00000000e+00 0.00000000e+00 0.00000000e+00
 0.00000000e+00 0.00000000e+00 0.00000000e+00 0.00000000e+00
 0.00000000e+00 0.00000000e+00 0.00000000e+00 0.00000000e+00
 0.00000000e+00 0.00000000e+00 0.00000000e+00 0.00000000e+00
 0.00000000e+00 0.00000000e+00 0.00000000e+00 0.00000000e+00
 0.00000000e+00 0.00000000e+00 0.00000000e+00 0.00000000e+00
 0.00000000e+00 0.00000000e+00 0.00000000e+00 0.00000000e+00
 0.00000000e+00 0.00000000e+00 0.00000000e+00 0.00000000e+00
 0.00000000e+00 0.00000000e+00 0.00000000e+00 0.00000000e+00
 0.00000000e+00 0.00000000e+00 0.00000000e+00 0.00000000e+00
 0.00000000e+00 0.00000000e+00 0.00000000e+00 0.00000000e+00
 0.00000000e+00 0.00000000e+00 0.00000000e+00 0.00000000e+00
 0.00000000e+00 0.00000000e+00 0.00000000e+00 0.00000000e+00
 0.00000000e+00 0.00000000e+00 0.00000000e+00 0.00000000e+00
 0.00000000e+00 0.00000000e+00 0.00000000e+00 0.00000000e+00
 0.00000000e+00 0.00000000e+00]
norm_dvd: [0. 0. 0. 0. 0. 0. 0. 0. 0. 0. 0. 0. 0. 0. 0. 0. 0. 0. 0. 0. 0. 0. 0. 0.
 0. 0. 0. 0. 0. 0. 0. 0. 0. 0. 0. 0. 0. 0. 0. 0. 0. 0. 0. 0. 0. 0. 0. 0.
 0. 0. 0. 0. 0. 0. 0. 0. 0. 0. 0. 0. 0. 0. 0. 0. 0. 0. 0. 0. 0. 0. 0. 0.
 0. 0. 0. 0. 0. 0. 0. 0. 0. 0. 0. 0. 0. 0. 0. 0. 0. 0. 0. 0. 0. 0. 0. 0.
 0. 0. 0. 0. 0. 0. 0. 0. 0. 0. 0. 0. 0. 0. 0. 0. 0. 0. 0. 0. 0. 0. 0. 0.
 0. 0. 0. 0. 0. 0. 0. 0. 0. 0. 0. 0. 0. 0. 0. 0. 0. 0. 0. 0. 0. 0. 0. 0.
 0. 0. 0. 0. 0. 0. 0. 0. 0. 0. 0. 0. 0. 0. 0. 0. 0. 0. 0. 0. 0. 0. 0. 0.
 0. 0. 0. 0. 0. 0. 0. 0. 0. 0. 0. 0. 0. 0. 0. 0. 0. 0. 0. 0. 0. 0. 0. 0.
 0. 0. 0. 0. 0. 0. 0. 0. 0. 0. 0. 0. 0. 0. 0. 0. 0. 0. 0. 0. 0. 0. 0. 0.
 0. 0. 0. 0. 0. 0. 0. 0. 0. 0. 0. 0. 0. 0. 0. 0. 0. 0. 0. 0. 0. 0. 0. 0.
 0. 0. 0. 0. 0. 0. 0. 0. 0. 0. 0. 0. 0. 0. 0. 0. 0. 0. 0. 0. 0. 0. 0. 0.
 0. 0. 0. 0. 0. 0. 0. 0. 0. 0. 0. 0. 0. 0. 0. 0. 0. 0. 0. 0. 0. 0. 0. 0.
 0. 0. 0. 0. 0. 0. 0. 0. 0. 0. 0. 0. 0. 0. 0. 0. 0. 0. 0. 0. 0. 0. 0. 0.
 0. 0. 0. 0. 0. 0. 0. 0. 0. 0. 0. 0. 0. 0. 0. 0. 0. 0. 0. 0. 0. 0. 0. 0.
 0. 0. 0. 0. 0. 0. 0. 0. 0. 0. 0. 0. 0. 0. 0. 0. 0. 0. 0. 0. 0. 0. 0. 0.
 0. 0. 0. 0. 0. 0. 0. 0. 0. 0. 0. 0. 0. 0. 0. 0. 0. 0. 0. 0. 0. 0. 0. 0.
 0. 0. 0. 0. 0. 0. 0. 0. 0. 0. 0. 0. 0. 0. 0. 0. 0. 0. 0. 0. 0. 0. 0. 0.
 0. 0. 0. 0. 0. 0. 0. 0. 0. 0. 0. 0. 0. 0. 0. 0. 0. 0. 0. 0. 0. 0. 0. 0.
 0. 0. 0. 0. 0. 0. 0. 0. 0. 0. 0. 0. 0. 0. 0. 0. 0. 0. 0. 0. 0. 0. 0. 0.
 0. 0. 0. 0. 0. 0. 0. 0. 0. 0. 0. 0. 0. 0. 0. 0. 0. 0. 0. 0. 0. 0. 0. 0.
 0. 0. 0. 0. 0. 0. 0. 0. 0. 0. 0. 0. 0. 0. 0. 0. 0. 0. 0. 0. 0. 0. 0. 0.
 0. 0. 0. 0. 0. 0. 0. 0. 0. 0. 0. 0. 0. 0. 0. 0. 0. 0. 0. 0. 0. 0. 0. 0.
 0. 0. 0. 0. 0. 0. 0. 0. 0. 0. 0. 0. 0. 0. 0. 0. 0. 0. 0. 0. 0. 0. 0. 0.
 0. 0. 0. 0. 0. 0.]
norm_did: [0.00000000e+00 0.00000000e+00 0.00000000e+00 0.00000000e+00
 0.00000000e+00 3.03212256e+01 0.00000000e+00 0.00000000e+00
 0.00000000e+00 0.00000000e+00 0.00000000e+00 0.00000000e+00
 0.00000000e+00 0.00000000e+00 0.00000000e+00 0.00000000e+00
 0.00000000e+00 0.00000000e+00 0.00000000e+00 0.00000000e+00
 0.00000000e+00 0.00000000e+00 0.00000000e+00 0.00000000e+00
 0.00000000e+00 0.00000000e+00 0.00000000e+00 0.00000000e+00
 0.00000000e+00 4.72800818e+01 0.00000000e+00 0.00000000e+00
 0.00000000e+00 0.00000000e+00 0.00000000e+00 0.00000000e+00
 0.00000000e+00 0.00000000e+00 0.00000000e+00 0.00000000e+00
 0.00000000e+00 0.00000000e+00 0.00000000e+00 0.00000000e+00
 2.70936254e+01 0.00000000e+00 0.00000000e+00 0.00000000e+00
 0.00000000e+00 0.00000000e+00 7.46055928e+01 0.00000000e+00
 0.00000000e+00 0.00000000e+00 0.00000000e+00 0.00000000e+00
 0.00000000e+00 0.00000000e+00 0.00000000e+00 3.58586244e+01
 0.00000000e+00 2.52145248e+01 2.11189685e+01 3.60136724e+01
 0.00000000e+00 7.28043279e+01 0.00000000e+00 0.00000000e+00
 8.51027735e+01 0.00000000e+00 0.00000000e+00 1.23947656e+02
 0.00000000e+00 0.00000000e+00 8.13955800e+01 0.00000000e+00
 5.33095008e+01 4.13464703e+01 6.19655422e+01 6.94816001e+01
 5.48969055e+01 8.21893158e+01 9.70500462e+01 1.09402698e+02
 1.39781397e+02 1.61282209e+02 1.96972033e+02 2.70836522e+02
 3.80283392e+02 5.70737083e+02 8.51445001e+02 1.12009091e+03
 1.43723223e+03 1.85311448e+03 2.05790093e+03 2.28704387e+03
 2.66623962e+03 2.87873295e+03 3.16854177e+03 3.46334080e+03
 3.99708172e+03 4.68134228e+03 5.55140273e+03 6.49369975e+03
 6.40952397e+03 7.28070709e+03 7.80856271e+03 8.28752790e+03
 8.53015562e+03 8.79578861e+03 9.29300249e+03 1.00102028e+04
 1.07409941e+04 1.18410618e+04 1.33909439e+04 1.37978014e+04
 1.48541766e+04 1.62283298e+04 1.68750856e+04 1.79254610e+04
 1.92927445e+04 2.11018612e+04 2.35778198e+04 2.63389665e+04
 3.02621999e+04 3.52235327e+04 4.29202318e+04 5.48981192e+04
 7.77481710e+04 1.24005859e+05 2.32188266e+05 5.13257260e+05
 1.46474923e+06 5.84497734e+06 2.72099149e+07 1.28630702e+08
 4.50347862e+08 1.74832278e+09 7.27348306e+13 7.89323578e+09
 1.06971362e+10 1.12216865e+10 1.24167719e+10 1.56176706e+10
 2.88414343e+10 1.90962930e+11 3.60927458e+10 1.67981053e+10
 1.19131331e+10 1.05097269e+10 9.60367598e+09 8.92572679e+09
 8.12963130e+09 7.45617981e+09 7.24722311e+09 6.96562967e+09
 6.66012357e+09 6.36700735e+09 6.05027156e+09 5.70056188e+09
 5.51966161e+09 5.24721456e+09 5.05545695e+09 4.83793828e+09
 4.64579717e+09 4.43287927e+09 4.16526474e+09 3.86242815e+09
 3.63618549e+09 1.47148898e+09 2.51397850e+09 3.36446290e+09
 3.36137787e+09 3.35510476e+09 3.32462794e+09 3.28398472e+09
 3.19041152e+09 3.12057448e+09 3.11916087e+09 3.09748857e+09
 3.07377226e+09 3.05838637e+09 3.05654245e+09 3.03315071e+09
 2.98175530e+09 2.94450238e+09 2.88765725e+09 2.82371267e+09
 2.74250319e+09 2.72291962e+09 2.70357039e+09 2.64468804e+09
 2.64675826e+09 2.60195266e+09 2.59784079e+09 2.56502136e+09
 2.55071986e+09 2.42311848e+09 2.41544669e+09 2.34768788e+09
 2.33291817e+09 2.29437392e+09 2.37321353e+09 2.47061137e+09
 2.32121517e+09 2.29327359e+09 2.21138373e+09 1.82770781e+09
 2.08651558e+09 2.12705872e+09 2.11160083e+09 2.10841840e+09
 2.09803722e+09 2.04815259e+09 2.06390804e+09 2.04547435e+09
 1.97529793e+09 1.96115147e+09 1.93941723e+09 1.88715853e+09
 1.87724719e+09 1.85748546e+09 1.85668496e+09 1.84530526e+09
 1.80101779e+09 1.73205601e+09 1.66265982e+09 1.60942846e+09
 1.55566352e+09 1.52045233e+09 1.39069164e+09 1.32319146e+09
 1.28495501e+09 1.25328483e+09 1.20845445e+09 1.19280418e+09
 1.18461060e+09 1.16894295e+09 1.15267579e+09 1.14160345e+09
 1.12919925e+09 1.11766547e+09 1.10344429e+09 1.08543555e+09
 1.05001289e+09 1.02117191e+09 9.87298612e+08 9.41236511e+08
 9.26888047e+08 9.15681628e+08 9.08486567e+08 8.95784757e+08
 8.90823953e+08 8.83086699e+08 8.77328527e+08 8.65944860e+08
 8.48721482e+08 8.32319162e+08 8.16999182e+08 7.89473600e+08
 7.74331422e+08 7.66911300e+08 7.57889821e+08 7.48171519e+08
 7.38264170e+08 7.29807608e+08 7.16488404e+08 6.99488818e+08
 6.75967831e+08 6.46294079e+08 6.07528056e+08 5.65336365e+08
 5.18722345e+08 4.70252687e+08 4.21312041e+08 3.76205583e+08
 3.35219007e+08 2.98412957e+08 2.57326001e+08 2.40241632e+08
 1.50937986e+09 0.00000000e+00 0.00000000e+00 0.00000000e+00
 0.00000000e+00 0.00000000e+00 0.00000000e+00 0.00000000e+00
 0.00000000e+00 0.00000000e+00 0.00000000e+00 0.00000000e+00
 0.00000000e+00 0.00000000e+00 0.00000000e+00 0.00000000e+00
 0.00000000e+00 0.00000000e+00 0.00000000e+00 0.00000000e+00
 0.00000000e+00 0.00000000e+00 0.00000000e+00 0.00000000e+00
 0.00000000e+00 0.00000000e+00 0.00000000e+00 0.00000000e+00
 0.00000000e+00 0.00000000e+00 0.00000000e+00 0.00000000e+00
 0.00000000e+00 0.00000000e+00 0.00000000e+00 0.00000000e+00
 0.00000000e+00 0.00000000e+00 0.00000000e+00 0.00000000e+00
 0.00000000e+00 0.00000000e+00 0.00000000e+00 0.00000000e+00
 0.00000000e+00 0.00000000e+00 0.00000000e+00 0.00000000e+00
 0.00000000e+00 0.00000000e+00 0.00000000e+00 0.00000000e+00
 0.00000000e+00 0.00000000e+00 0.00000000e+00 0.00000000e+00
 0.00000000e+00 0.00000000e+00 0.00000000e+00 0.00000000e+00
 0.00000000e+00 0.00000000e+00 0.00000000e+00 0.00000000e+00
 0.00000000e+00 0.00000000e+00 0.00000000e+00 0.00000000e+00
 0.00000000e+00 0.00000000e+00 0.00000000e+00 0.00000000e+00
 0.00000000e+00 0.00000000e+00 0.00000000e+00 0.00000000e+00
 0.00000000e+00 0.00000000e+00 0.00000000e+00 0.00000000e+00
 0.00000000e+00 0.00000000e+00 0.00000000e+00 0.00000000e+00
 0.00000000e+00 0.00000000e+00 0.00000000e+00 0.00000000e+00
 0.00000000e+00 0.00000000e+00 0.00000000e+00 0.00000000e+00
 0.00000000e+00 0.00000000e+00 0.00000000e+00 0.00000000e+00
 0.00000000e+00 0.00000000e+00 0.00000000e+00 0.00000000e+00
 0.00000000e+00 0.00000000e+00 0.00000000e+00 0.00000000e+00
 0.00000000e+00 0.00000000e+00 0.00000000e+00 0.00000000e+00
 0.00000000e+00 0.00000000e+00 0.00000000e+00 0.00000000e+00
 0.00000000e+00 0.00000000e+00 0.00000000e+00 0.00000000e+00
 0.00000000e+00 0.00000000e+00 0.00000000e+00 0.00000000e+00
 0.00000000e+00 0.00000000e+00 0.00000000e+00 0.00000000e+00
 0.00000000e+00 0.00000000e+00 0.00000000e+00 0.00000000e+00
 0.00000000e+00 0.00000000e+00 0.00000000e+00 0.00000000e+00
 0.00000000e+00 0.00000000e+00 0.00000000e+00 0.00000000e+00
 0.00000000e+00 0.00000000e+00 0.00000000e+00 0.00000000e+00
 0.00000000e+00 0.00000000e+00 0.00000000e+00 0.00000000e+00
 0.00000000e+00 0.00000000e+00 0.00000000e+00 0.00000000e+00
 0.00000000e+00 0.00000000e+00 0.00000000e+00 0.00000000e+00
 0.00000000e+00 0.00000000e+00 0.00000000e+00 0.00000000e+00
 0.00000000e+00 0.00000000e+00 0.00000000e+00 0.00000000e+00
 0.00000000e+00 0.00000000e+00 0.00000000e+00 0.00000000e+00
 0.00000000e+00 0.00000000e+00 0.00000000e+00 0.00000000e+00
 0.00000000e+00 0.00000000e+00 0.00000000e+00 0.00000000e+00
 0.00000000e+00 0.00000000e+00 0.00000000e+00 0.00000000e+00
 0.00000000e+00 0.00000000e+00 0.00000000e+00 0.00000000e+00
 0.00000000e+00 0.00000000e+00 0.00000000e+00 0.00000000e+00
 0.00000000e+00 0.00000000e+00 0.00000000e+00 0.00000000e+00
 0.00000000e+00 0.00000000e+00 0.00000000e+00 0.00000000e+00
 0.00000000e+00 0.00000000e+00 0.00000000e+00 0.00000000e+00
 0.00000000e+00 0.00000000e+00 0.00000000e+00 0.00000000e+00
 0.00000000e+00 0.00000000e+00 0.00000000e+00 0.00000000e+00
 0.00000000e+00 0.00000000e+00 0.00000000e+00 0.00000000e+00
 0.00000000e+00 0.00000000e+00 0.00000000e+00 0.00000000e+00
 0.00000000e+00 0.00000000e+00 0.00000000e+00 0.00000000e+00
 0.00000000e+00 0.00000000e+00 0.00000000e+00 0.00000000e+00
 0.00000000e+00 0.00000000e+00 0.00000000e+00 0.00000000e+00
 0.00000000e+00 0.00000000e+00 0.00000000e+00 0.00000000e+00
 0.00000000e+00 0.00000000e+00 0.00000000e+00 0.00000000e+00
 0.00000000e+00 0.00000000e+00 0.00000000e+00 0.00000000e+00
 0.00000000e+00 0.00000000e+00 0.00000000e+00 0.00000000e+00
 0.00000000e+00 0.00000000e+00 0.00000000e+00 0.00000000e+00
 0.00000000e+00 0.00000000e+00 0.00000000e+00 0.00000000e+00
 0.00000000e+00 0.00000000e+00 0.00000000e+00 0.00000000e+00
 0.00000000e+00 0.00000000e+00 0.00000000e+00 0.00000000e+00
 0.00000000e+00 0.00000000e+00 0.00000000e+00 0.00000000e+00
 0.00000000e+00 0.00000000e+00 0.00000000e+00 0.00000000e+00
 0.00000000e+00 0.00000000e+00 0.00000000e+00 0.00000000e+00
 0.00000000e+00 0.00000000e+00 0.00000000e+00 0.00000000e+00
 0.00000000e+00 0.00000000e+00 0.00000000e+00 0.00000000e+00
 0.00000000e+00 0.00000000e+00]
[WARNING]: Quasi-static verification failed
[WARNING]: Max normalized derivatives: dVg/dt=2.50e+11, dVd/dt=0.00e+00, dId/dt=7.27e+13

  ngspice: ✓ PASS  (143.1s)

✓ Benchmark completed: /home/duhaochen/website-trial-v1/data/spice-model-benchmark/66347c252c67d1d7e87c2cf817ab75a5/ngspice
