$ /usr/bin/time -v -o /home/duhaochen/website-trial-v1/data/spice-model-benchmark/42b85108fb4fd9c9e204e97b074ad105/ngspice/resource.txt /usr/bin/python -m spice_model_benchmark.cli /home/duhaochen/pipeline_full_collection/benchmark-inputs/42b85108fb4fd9c9e204e97b074ad105/ngspice.lib --simulator ngspice --modes dc transient ac noise --output-dir /home/duhaochen/website-trial-v1/data/spice-model-benchmark/42b85108fb4fd9c9e204e97b074ad105 --dpi 120 --log-level WARNING
/home/duhaochen/spice_model_benchmark/src/spice_model_benchmark/verification_manager.py:1557: RuntimeWarning: divide by zero encountered in divide
  tc = np.mean((d_ids / d_temp) / np.abs(i_ds[:-1]))
SPICE Model Benchmark: /home/duhaochen/pipeline_full_collection/benchmark-inputs/42b85108fb4fd9c9e204e97b074ad105/ngspice.lib
Simulators: ngspice
Modes: dc, transient, ac, noise
------------------------------------------------------------

============================================================
  Running: NGSPICE
  Output:  /home/duhaochen/website-trial-v1/data/spice-model-benchmark/42b85108fb4fd9c9e204e97b074ad105/ngspice
============================================================
Vgs range: 0.000V to 1.200V
Ids range: -1.739e-03A to 0.000e+00A
Selected Vgs values: [0.  0.2 0.4 0.6 0.8 1.  1.2]
Vgs=0.000V: Ids range -2.132e-11A to -3.731e-16A
Vgs=0.200V: Ids range -3.494e-09A to 0.000e+00A
Vgs=0.400V: Ids range -4.673e-07A to 0.000e+00A
Vgs=0.600V: Ids range -4.162e-05A to 0.000e+00A
Vgs=0.800V: Ids range -4.047e-04A to 0.000e+00A
Vgs=1.000V: Ids range -9.983e-04A to 0.000e+00A
Vgs=1.200V: Ids range -1.739e-03A to 0.000e+00A
ids_variation: 6.025991328717019
ids_variation <= max_variation: False
tc: inf
abs(tc) <= max_tc: False
[WARNING]: Temperature effects verification failed - effects outside expected range
/home/duhaochen/spice_model_benchmark/src/spice_model_benchmark/verification_manager.py:1817: RuntimeWarning: divide by zero encountered in log
  log_ids = np.log(np.abs(i_ds))
/home/duhaochen/.local/lib/python3.9/site-packages/numpy/lib/function_base.py:2742: RuntimeWarning: invalid value encountered in subtract
  X -= avg[:, None]
/home/duhaochen/spice_model_benchmark/src/spice_model_benchmark/verification_manager.py:1862: RuntimeWarning: divide by zero encountered in divide
  efficiency = np.abs(gm / i_ds)  # Transconductance efficiency
[INFO]: S-parameter analysis plot saved to /home/duhaochen/website-trial-v1/data/spice-model-benchmark/42b85108fb4fd9c9e204e97b074ad105/ngspice/plots/ac_cv_sparameter_analysis.png
[INFO]: NQS effects plot saved to /home/duhaochen/website-trial-v1/data/spice-model-benchmark/42b85108fb4fd9c9e204e97b074ad105/ngspice/plots/ac_cv_nqs_effects.png
[INFO]: S-parameter analysis plot saved to /home/duhaochen/website-trial-v1/data/spice-model-benchmark/42b85108fb4fd9c9e204e97b074ad105/ngspice/plots/ac_cv_sparameter_analysis.png
norm_dvg: [2.50000000e+11 1.25000000e+11 6.25000000e+10 3.12500000e+10
 1.56249999e+10 9.78505006e+09 7.01039395e+09 5.32514614e+09
 4.99823597e+09 4.74259067e+09 4.40766843e+09 4.13879397e+09
 3.97171471e+09 3.79295764e+09 3.62595333e+09 3.45547127e+09
 3.26049931e+09 3.00162631e+09 2.62891381e+09 2.55417739e+09
 2.49810346e+09 2.46285054e+09 2.42691961e+09 2.38232357e+09
 2.34092654e+09 2.31699436e+09 2.28848177e+09 2.25813518e+09
 2.22343948e+09 2.20886350e+09 2.19410766e+09 2.18356543e+09
 2.17122929e+09 2.15846372e+09 2.13337877e+09 2.08491843e+09
 2.05718762e+09 2.03781838e+09 2.01873158e+09 1.99999719e+09
 1.99810909e+09 1.99432958e+09 1.98681884e+09 1.97196555e+09
 1.94374786e+09 1.91680839e+09 1.87813319e+09 1.83199396e+09
 1.77309290e+09 1.70675030e+09 1.63116131e+09 1.55881456e+09
 1.52023957e+09 1.49739512e+09 1.47179294e+09 1.44333657e+09
 1.42422971e+09 1.39824028e+09 1.37197983e+09 1.34066845e+09
 1.30767290e+09 1.27646567e+09 1.24341270e+09 1.19746301e+09
 1.17479941e+09 1.15801565e+09 1.14306840e+09 1.12702901e+09
 1.11000795e+09 1.10191418e+09 1.09352736e+09 1.08345550e+09
 1.07346912e+09 1.06242916e+09 1.05082782e+09 1.03621119e+09
 1.01901372e+09 9.99999219e+08 9.97870485e+08 9.93640288e+08
 9.85284110e+08 9.68987571e+08 9.37959754e+08 8.89626039e+08
 8.44168680e+08 7.85489182e+08 7.28318286e+08 7.16999705e+08
 7.08094532e+08 6.97674462e+08 6.87049622e+08 6.79550775e+08
 6.70828394e+08 6.62350739e+08 6.52786768e+08 6.43125536e+08
 6.32811622e+08 6.15293504e+08 5.86450081e+08 5.81005798e+08
 5.76850943e+08 5.74933101e+08 5.73524843e+08 5.72148055e+08
 5.70602735e+08 5.69804885e+08 5.68716488e+08 5.67601709e+08
 5.66072351e+08 5.63038067e+08 5.57995876e+08 5.52656374e+08
 5.49982693e+08 5.47955475e+08 5.45184995e+08 5.42784890e+08
 5.40000987e+08 5.36857451e+08 5.32257200e+08 5.26486055e+08
 5.18884674e+08 5.09654322e+08 4.98475843e+08 4.86438920e+08
 4.71892255e+08 4.55258198e+08 4.35056723e+08 4.12847169e+08
 3.88573387e+08 3.63398351e+08 3.36466537e+08 3.07958420e+08
 2.78950613e+08 2.48216019e+08 2.16028475e+08 1.84195327e+08
 1.60538913e+08 1.42267356e+08 1.27729918e+08 1.20364729e+08
 1.13554989e+08 1.06955354e+08 1.02230854e+08 9.86106749e+07
 9.52400448e+07 9.52156200e+07 9.51713504e+07 9.50830157e+07
 9.49069821e+07 9.46839602e+07 9.44438749e+07 9.41531675e+07
 9.38256880e+07 9.35315549e+07 9.34291990e+07 9.33282519e+07
 9.32206217e+07 9.31000935e+07 9.30232920e+07 9.29296745e+07
 9.28206375e+07 9.27044611e+07 9.25957354e+07 9.24675284e+07
 9.23642040e+07 9.22464842e+07 9.21031351e+07 9.20250351e+07
 9.19538177e+07 9.18666248e+07 9.17754110e+07 9.17238695e+07
 9.16670617e+07 9.16005535e+07 9.15282104e+07 9.14435990e+07
 9.13407951e+07 9.12526869e+07 9.12262733e+07 9.12023925e+07
 9.11807945e+07 9.11543983e+07 9.11372822e+07 9.11148830e+07
 9.10885397e+07 9.10416171e+07 9.09745441e+07 9.09275909e+07
 9.09039773e+07 9.09014572e+07 9.08933354e+07 9.08794072e+07
 9.08458854e+07 9.08036561e+07 9.07625728e+07 9.07187594e+07
 9.06715094e+07 9.06194843e+07 9.05729023e+07 9.05007805e+07
 9.04080918e+07 9.02800344e+07 9.01132914e+07 8.98832908e+07
 8.95807714e+07 8.91874020e+07 8.87085234e+07 8.83963990e+07
 8.82656944e+07 8.81337660e+07 8.79524522e+07 8.77703328e+07
 8.76374174e+07 8.74841390e+07 8.73235218e+07 8.71441771e+07
 8.69794956e+07 8.67990740e+07 8.66032769e+07 8.64217868e+07
 8.62231763e+07 8.59863200e+07 8.58672226e+07 8.57914291e+07
 8.57226734e+07 8.56406515e+07 8.55551652e+07 8.55070286e+07
 8.54502894e+07 8.53858054e+07 8.53116264e+07 8.52217461e+07
 8.51090052e+07 8.49550103e+07 8.47199095e+07 8.42536390e+07
 8.38203574e+07 8.36373472e+07 8.35247043e+07 8.34438722e+07
 8.33465048e+07 8.33342838e+07 8.33212859e+07 8.33039111e+07
 8.32739773e+07 8.32172005e+07 8.31179676e+07 8.30126622e+07
 8.28916893e+07 8.27516126e+07 8.26010984e+07 8.24494866e+07
 8.22452075e+07 8.19754102e+07 8.17917630e+07 8.16786166e+07
 8.16371952e+07 8.15946301e+07 8.15668705e+07 8.15449035e+07
 8.15112614e+07 8.14868249e+07 8.14709551e+07 8.14445895e+07
 8.14233657e+07 8.13920773e+07 8.13465712e+07 8.12564949e+07
 8.11490155e+07 8.10237077e+07 8.09441068e+07 8.08860063e+07
 8.08077846e+07 8.07304390e+07 8.06495589e+07 8.05659619e+07
 8.04389842e+07 8.02735065e+07 8.00426576e+07 7.97368018e+07
 7.93244182e+07 7.87934612e+07 7.81541083e+07 7.74462156e+07
 7.66286961e+07 7.57163630e+07 7.46514551e+07 7.34173662e+07
 7.19081128e+07 7.00097984e+07 6.74665524e+07 6.40116369e+07
 6.08933327e+07 5.80647276e+07 5.54872461e+07 5.31288635e+07
 5.15169725e+07 0.00000000e+00 0.00000000e+00 0.00000000e+00
 0.00000000e+00 0.00000000e+00 0.00000000e+00 0.00000000e+00
 0.00000000e+00 0.00000000e+00 0.00000000e+00 0.00000000e+00
 0.00000000e+00 0.00000000e+00 0.00000000e+00 0.00000000e+00
 0.00000000e+00 0.00000000e+00 0.00000000e+00 0.00000000e+00
 0.00000000e+00 0.00000000e+00 0.00000000e+00 0.00000000e+00
 0.00000000e+00 0.00000000e+00 0.00000000e+00 0.00000000e+00
 0.00000000e+00 0.00000000e+00 0.00000000e+00 0.00000000e+00
 0.00000000e+00 0.00000000e+00 0.00000000e+00 0.00000000e+00
 0.00000000e+00 0.00000000e+00 0.00000000e+00 0.00000000e+00
 0.00000000e+00 0.00000000e+00 0.00000000e+00 0.00000000e+00
 0.00000000e+00 0.00000000e+00 0.00000000e+00 0.00000000e+00
 0.00000000e+00 0.00000000e+00 0.00000000e+00 0.00000000e+00
 0.00000000e+00 0.00000000e+00 0.00000000e+00 0.00000000e+00
 0.00000000e+00 0.00000000e+00 0.00000000e+00 0.00000000e+00
 0.00000000e+00 0.00000000e+00 0.00000000e+00 0.00000000e+00
 0.00000000e+00 0.00000000e+00 0.00000000e+00 0.00000000e+00
 0.00000000e+00 0.00000000e+00 0.00000000e+00 0.00000000e+00
 0.00000000e+00 0.00000000e+00 0.00000000e+00 0.00000000e+00
 0.00000000e+00 0.00000000e+00 0.00000000e+00 0.00000000e+00
 0.00000000e+00 0.00000000e+00 0.00000000e+00 0.00000000e+00
 0.00000000e+00 0.00000000e+00 0.00000000e+00 0.00000000e+00
 0.00000000e+00 0.00000000e+00 0.00000000e+00 0.00000000e+00
 0.00000000e+00 0.00000000e+00 0.00000000e+00 0.00000000e+00
 0.00000000e+00 0.00000000e+00 0.00000000e+00 0.00000000e+00
 0.00000000e+00 0.00000000e+00 0.00000000e+00 0.00000000e+00
 0.00000000e+00 0.00000000e+00 0.00000000e+00 0.00000000e+00
 0.00000000e+00 0.00000000e+00 0.00000000e+00 0.00000000e+00
 0.00000000e+00 0.00000000e+00 0.00000000e+00 0.00000000e+00
 0.00000000e+00 0.00000000e+00 0.00000000e+00 0.00000000e+00
 0.00000000e+00 0.00000000e+00 0.00000000e+00 0.00000000e+00
 0.00000000e+00 0.00000000e+00 0.00000000e+00 0.00000000e+00
 0.00000000e+00 0.00000000e+00 0.00000000e+00 0.00000000e+00
 0.00000000e+00 0.00000000e+00 0.00000000e+00 0.00000000e+00
 0.00000000e+00 0.00000000e+00 0.00000000e+00 0.00000000e+00
 0.00000000e+00 0.00000000e+00 0.00000000e+00 0.00000000e+00
 0.00000000e+00 0.00000000e+00 0.00000000e+00 0.00000000e+00
 0.00000000e+00 0.00000000e+00 0.00000000e+00 0.00000000e+00
 0.00000000e+00 0.00000000e+00 0.00000000e+00 0.00000000e+00
 0.00000000e+00 0.00000000e+00 0.00000000e+00 0.00000000e+00
 0.00000000e+00 0.00000000e+00 0.00000000e+00 0.00000000e+00
 0.00000000e+00 0.00000000e+00 0.00000000e+00 0.00000000e+00
 0.00000000e+00 0.00000000e+00 0.00000000e+00 0.00000000e+00
 0.00000000e+00 0.00000000e+00 0.00000000e+00 0.00000000e+00
 0.00000000e+00 0.00000000e+00 0.00000000e+00 0.00000000e+00
 0.00000000e+00 0.00000000e+00 0.00000000e+00 0.00000000e+00
 0.00000000e+00 0.00000000e+00 0.00000000e+00 0.00000000e+00
 0.00000000e+00 0.00000000e+00 0.00000000e+00 0.00000000e+00
 0.00000000e+00 0.00000000e+00 0.00000000e+00 0.00000000e+00
 0.00000000e+00 0.00000000e+00 0.00000000e+00 0.00000000e+00
 0.00000000e+00 0.00000000e+00 0.00000000e+00 0.00000000e+00
 0.00000000e+00 0.00000000e+00 0.00000000e+00 0.00000000e+00
 0.00000000e+00 0.00000000e+00 0.00000000e+00 0.00000000e+00
 0.00000000e+00 0.00000000e+00 0.00000000e+00 0.00000000e+00
 0.00000000e+00 0.00000000e+00 0.00000000e+00 0.00000000e+00
 0.00000000e+00 0.00000000e+00 0.00000000e+00 0.00000000e+00
 0.00000000e+00 0.00000000e+00 0.00000000e+00 0.00000000e+00
 0.00000000e+00 0.00000000e+00 0.00000000e+00 0.00000000e+00
 0.00000000e+00 0.00000000e+00 0.00000000e+00 0.00000000e+00
 0.00000000e+00 0.00000000e+00 0.00000000e+00 0.00000000e+00
 0.00000000e+00 0.00000000e+00 0.00000000e+00 0.00000000e+00
 0.00000000e+00 0.00000000e+00 0.00000000e+00 0.00000000e+00
 0.00000000e+00 0.00000000e+00 0.00000000e+00 0.00000000e+00
 0.00000000e+00 0.00000000e+00 0.00000000e+00 0.00000000e+00
 0.00000000e+00 0.00000000e+00 0.00000000e+00 0.00000000e+00
 0.00000000e+00 0.00000000e+00 0.00000000e+00 0.00000000e+00
 0.00000000e+00 0.00000000e+00 0.00000000e+00 0.00000000e+00
 0.00000000e+00 0.00000000e+00 0.00000000e+00 0.00000000e+00
 0.00000000e+00 0.00000000e+00 0.00000000e+00 0.00000000e+00
 0.00000000e+00 0.00000000e+00 0.00000000e+00 0.00000000e+00
 0.00000000e+00 0.00000000e+00 0.00000000e+00 0.00000000e+00
 0.00000000e+00 0.00000000e+00 0.00000000e+00 0.00000000e+00
 0.00000000e+00 0.00000000e+00 0.00000000e+00 0.00000000e+00
 0.00000000e+00 0.00000000e+00 0.00000000e+00 0.00000000e+00
 0.00000000e+00]
norm_dvd: [0. 0. 0. 0. 0. 0. 0. 0. 0. 0. 0. 0. 0. 0. 0. 0. 0. 0. 0. 0. 0. 0. 0. 0.
 0. 0. 0. 0. 0. 0. 0. 0. 0. 0. 0. 0. 0. 0. 0. 0. 0. 0. 0. 0. 0. 0. 0. 0.
 0. 0. 0. 0. 0. 0. 0. 0. 0. 0. 0. 0. 0. 0. 0. 0. 0. 0. 0. 0. 0. 0. 0. 0.
 0. 0. 0. 0. 0. 0. 0. 0. 0. 0. 0. 0. 0. 0. 0. 0. 0. 0. 0. 0. 0. 0. 0. 0.
 0. 0. 0. 0. 0. 0. 0. 0. 0. 0. 0. 0. 0. 0. 0. 0. 0. 0. 0. 0. 0. 0. 0. 0.
 0. 0. 0. 0. 0. 0. 0. 0. 0. 0. 0. 0. 0. 0. 0. 0. 0. 0. 0. 0. 0. 0. 0. 0.
 0. 0. 0. 0. 0. 0. 0. 0. 0. 0. 0. 0. 0. 0. 0. 0. 0. 0. 0. 0. 0. 0. 0. 0.
 0. 0. 0. 0. 0. 0. 0. 0. 0. 0. 0. 0. 0. 0. 0. 0. 0. 0. 0. 0. 0. 0. 0. 0.
 0. 0. 0. 0. 0. 0. 0. 0. 0. 0. 0. 0. 0. 0. 0. 0. 0. 0. 0. 0. 0. 0. 0. 0.
 0. 0. 0. 0. 0. 0. 0. 0. 0. 0. 0. 0. 0. 0. 0. 0. 0. 0. 0. 0. 0. 0. 0. 0.
 0. 0. 0. 0. 0. 0. 0. 0. 0. 0. 0. 0. 0. 0. 0. 0. 0. 0. 0. 0. 0. 0. 0. 0.
 0. 0. 0. 0. 0. 0. 0. 0. 0. 0. 0. 0. 0. 0. 0. 0. 0. 0. 0. 0. 0. 0. 0. 0.
 0. 0. 0. 0. 0. 0. 0. 0. 0. 0. 0. 0. 0. 0. 0. 0. 0. 0. 0. 0. 0. 0. 0. 0.
 0. 0. 0. 0. 0. 0. 0. 0. 0. 0. 0. 0. 0. 0. 0. 0. 0. 0. 0. 0. 0. 0. 0. 0.
 0. 0. 0. 0. 0. 0. 0. 0. 0. 0. 0. 0. 0. 0. 0. 0. 0. 0. 0. 0. 0. 0. 0. 0.
 0. 0. 0. 0. 0. 0. 0. 0. 0. 0. 0. 0. 0. 0. 0. 0. 0. 0. 0. 0. 0. 0. 0. 0.
 0. 0. 0. 0. 0. 0. 0. 0. 0. 0. 0. 0. 0. 0. 0. 0. 0. 0. 0. 0. 0. 0. 0. 0.
 0. 0. 0. 0. 0. 0. 0. 0. 0. 0. 0. 0. 0. 0. 0. 0. 0. 0. 0. 0. 0. 0. 0. 0.
 0. 0. 0. 0. 0. 0. 0. 0. 0. 0. 0. 0. 0. 0. 0. 0. 0. 0. 0. 0. 0. 0. 0. 0.
 0. 0. 0. 0. 0. 0. 0. 0. 0. 0. 0. 0. 0. 0. 0. 0. 0. 0. 0. 0. 0. 0. 0. 0.
 0. 0. 0. 0. 0. 0. 0. 0. 0. 0. 0. 0. 0. 0. 0. 0. 0. 0. 0. 0. 0. 0. 0. 0.
 0. 0. 0. 0. 0. 0. 0. 0. 0. 0. 0. 0. 0. 0. 0. 0. 0. 0. 0. 0. 0. 0. 0. 0.
 0. 0. 0. 0. 0. 0. 0. 0. 0. 0. 0. 0. 0. 0. 0. 0. 0. 0. 0. 0. 0. 0. 0. 0.
 0. 0. 0. 0. 0. 0. 0. 0. 0. 0. 0. 0. 0. 0. 0. 0. 0. 0. 0. 0. 0. 0. 0. 0.
 0. 0. 0. 0. 0. 0. 0. 0. 0. 0. 0. 0. 0. 0. 0. 0. 0.]
norm_did: [0.00000000e+00 0.00000000e+00 4.39753090e+02 2.19876546e+02
 3.68411200e+02 1.73950305e+02 4.67584919e+02 0.00000000e+00
 0.00000000e+00 4.39146406e+02 4.77378349e+02 6.92239868e+02
 0.00000000e+00 5.79429205e+02 5.17106874e+02 4.06581563e+02
 5.32001816e+02 4.46898213e+02 6.32159889e+02 0.00000000e+00
 1.22792965e+03 0.00000000e+00 9.12208293e+02 9.47857377e+02
 0.00000000e+00 0.00000000e+00 1.19814629e+03 0.00000000e+00
 2.37066576e+03 0.00000000e+00 0.00000000e+00 0.00000000e+00
 2.58322286e+03 0.00000000e+00 6.45805642e+02 1.08823347e+03
 0.00000000e+00 1.51654911e+03 0.00000000e+00 0.00000000e+00
 0.00000000e+00 0.00000000e+00 1.85597341e+03 0.00000000e+00
 9.73116660e+02 6.54939552e+02 1.04939222e+03 7.76053885e+02
 6.41900597e+02 7.77425148e+02 9.89146866e+02 8.64490315e+02
 7.01131374e+02 1.21133358e+03 1.05049645e+03 7.56981723e+02
 1.07826159e+03 1.02798868e+03 1.23997932e+03 1.12154897e+03
 1.12902281e+03 1.35145595e+03 1.36796839e+03 1.31022278e+03
 1.71096363e+03 1.24619098e+03 1.69539373e+03 1.55139172e+03
 1.06333294e+03 2.02173313e+03 1.65537250e+03 1.63889064e+03
 1.45372195e+03 2.03128830e+03 2.09663533e+03 1.72804037e+03
 1.88543576e+03 6.59526087e+03 0.00000000e+00 1.64881717e+03
 2.06102028e+03 2.47322443e+03 2.55087482e+03 2.90604465e+03
 3.65738099e+03 4.36523563e+03 9.73877966e+02 4.01122627e+03
 5.00397394e+03 5.07871550e+03 5.25708896e+03 5.88350916e+03
 5.53153137e+03 6.36175396e+03 6.42093159e+03 6.94081984e+03
 7.66289285e+03 9.41854958e+03 3.08267355e+03 8.51120792e+03
 9.73732314e+03 9.88803787e+03 8.37714437e+03 1.04106921e+04
 1.14853703e+04 1.04478469e+04 1.02095308e+04 1.03448107e+04
 1.03448004e+04 1.09612292e+04 1.13764138e+04 1.12032702e+04
 1.14993673e+04 1.13837314e+04 1.21458895e+04 1.25918362e+04
 1.29781229e+04 1.31109146e+04 1.40075915e+04 1.46664679e+04
 1.57236481e+04 1.74301578e+04 1.91347819e+04 2.20947659e+04
 2.61716762e+04 3.29057608e+04 4.28475379e+04 5.95213367e+04
 8.74181765e+04 1.42700099e+05 2.62815908e+05 5.50468571e+05
 1.46279900e+06 5.36450911e+06 2.92470108e+07 1.63515869e+08
 1.00067878e+09 2.36834504e+10 3.47278562e+09 4.41930057e+09
 3.89239020e+09 2.48691621e+09 1.79226649e+09 1.43120410e+09
 1.19223055e+09 1.05389187e+09 1.05390906e+09 1.05173238e+09
 1.04320609e+09 1.03109791e+09 1.01916768e+09 1.00403472e+09
 9.85085464e+08 9.64139441e+08 9.58665983e+08 9.53403162e+08
 9.48104664e+08 9.40715001e+08 9.37122517e+08 9.32651080e+08
 9.27138580e+08 9.21005190e+08 9.15896426e+08 9.08809607e+08
 9.03890998e+08 8.98530853e+08 8.89961819e+08 8.85876655e+08
 8.82711165e+08 8.78485195e+08 8.73158344e+08 8.70842391e+08
 8.68156523e+08 8.65060436e+08 8.61857009e+08 8.58101608e+08
 8.52810682e+08 8.47478280e+08 8.46149479e+08 8.45035488e+08
 8.43995883e+08 8.42604953e+08 8.41875022e+08 8.40930151e+08
 8.40060661e+08 8.38154868e+08 8.35035852e+08 8.31894126e+08
 8.30275415e+08 8.30587001e+08 8.30355495e+08 8.29914801e+08
 8.28584776e+08 8.26511903e+08 8.24772355e+08 8.22698864e+08
 8.20628818e+08 8.18163549e+08 8.16401069e+08 8.13432996e+08
 8.09827634e+08 8.04608656e+08 7.98073935e+08 7.88838827e+08
 7.76740497e+08 7.60680661e+08 7.37893796e+08 7.22579189e+08
 7.17235180e+08 7.12508534e+08 7.05221039e+08 6.97421902e+08
 6.92437334e+08 6.86524675e+08 6.80544211e+08 6.73530611e+08
 6.67472778e+08 6.60868851e+08 6.53497920e+08 6.47022657e+08
 6.40219276e+08 6.30715831e+08 6.26121535e+08 6.23407312e+08
 6.21161586e+08 6.18350222e+08 6.15087198e+08 6.13561310e+08
 6.11650660e+08 6.09575586e+08 6.07187181e+08 6.04392233e+08
 6.00943065e+08 5.96512390e+08 5.90616112e+08 5.75358188e+08
 5.60116278e+08 5.54065246e+08 5.50490720e+08 5.48198440e+08
 5.44736108e+08 5.44615548e+08 5.43978710e+08 5.43583910e+08
 5.42928804e+08 5.41540215e+08 5.38687801e+08 5.35756843e+08
 5.32409757e+08 5.28490542e+08 5.24276616e+08 5.20363012e+08
 5.15140561e+08 5.07333246e+08 5.02056403e+08 4.98705332e+08
 4.97605533e+08 4.96384905e+08 4.95711184e+08 4.95146724e+08
 4.94259028e+08 4.93593648e+08 4.93155900e+08 4.92563023e+08
 4.92009539e+08 4.91280834e+08 4.90371113e+08 4.88184932e+08
 4.85542272e+08 4.82171484e+08 4.80077000e+08 4.78748258e+08
 4.76812261e+08 4.74934013e+08 4.72976136e+08 4.71178324e+08
 4.68303465e+08 4.64691099e+08 4.59620417e+08 4.53058695e+08
 4.44306724e+08 4.33203529e+08 4.20111712e+08 4.06433931e+08
 3.91347446e+08 3.75678217e+08 3.58572424e+08 3.40499529e+08
 3.20466234e+08 2.98263153e+08 2.72182850e+08 2.37869819e+08
 2.11255087e+08 1.89858223e+08 1.72206030e+08 1.56603868e+08
 1.47194132e+08 5.10684615e+08 0.00000000e+00 0.00000000e+00
 0.00000000e+00 0.00000000e+00 0.00000000e+00 0.00000000e+00
 0.00000000e+00 0.00000000e+00 0.00000000e+00 0.00000000e+00
 0.00000000e+00 0.00000000e+00 0.00000000e+00 0.00000000e+00
 0.00000000e+00 0.00000000e+00 0.00000000e+00 0.00000000e+00
 0.00000000e+00 0.00000000e+00 0.00000000e+00 0.00000000e+00
 0.00000000e+00 0.00000000e+00 0.00000000e+00 0.00000000e+00
 0.00000000e+00 0.00000000e+00 0.00000000e+00 0.00000000e+00
 0.00000000e+00 0.00000000e+00 0.00000000e+00 0.00000000e+00
 0.00000000e+00 0.00000000e+00 0.00000000e+00 0.00000000e+00
 0.00000000e+00 0.00000000e+00 0.00000000e+00 0.00000000e+00
 0.00000000e+00 0.00000000e+00 0.00000000e+00 0.00000000e+00
 0.00000000e+00 0.00000000e+00 0.00000000e+00 0.00000000e+00
 0.00000000e+00 0.00000000e+00 0.00000000e+00 0.00000000e+00
 0.00000000e+00 0.00000000e+00 0.00000000e+00 0.00000000e+00
 0.00000000e+00 0.00000000e+00 0.00000000e+00 0.00000000e+00
 0.00000000e+00 0.00000000e+00 0.00000000e+00 0.00000000e+00
 0.00000000e+00 0.00000000e+00 0.00000000e+00 0.00000000e+00
 0.00000000e+00 0.00000000e+00 0.00000000e+00 0.00000000e+00
 0.00000000e+00 0.00000000e+00 0.00000000e+00 0.00000000e+00
 0.00000000e+00 0.00000000e+00 0.00000000e+00 0.00000000e+00
 0.00000000e+00 0.00000000e+00 0.00000000e+00 0.00000000e+00
 0.00000000e+00 0.00000000e+00 0.00000000e+00 0.00000000e+00
 0.00000000e+00 0.00000000e+00 0.00000000e+00 0.00000000e+00
 0.00000000e+00 0.00000000e+00 0.00000000e+00 0.00000000e+00
 0.00000000e+00 0.00000000e+00 0.00000000e+00 0.00000000e+00
 0.00000000e+00 0.00000000e+00 0.00000000e+00 0.00000000e+00
 0.00000000e+00 0.00000000e+00 0.00000000e+00 0.00000000e+00
 0.00000000e+00 0.00000000e+00 0.00000000e+00 0.00000000e+00
 0.00000000e+00 0.00000000e+00 0.00000000e+00 0.00000000e+00
 0.00000000e+00 0.00000000e+00 0.00000000e+00 0.00000000e+00
 0.00000000e+00 0.00000000e+00 0.00000000e+00 0.00000000e+00
 0.00000000e+00 0.00000000e+00 0.00000000e+00 0.00000000e+00
 0.00000000e+00 0.00000000e+00 0.00000000e+00 0.00000000e+00
 0.00000000e+00 0.00000000e+00 0.00000000e+00 0.00000000e+00
 0.00000000e+00 0.00000000e+00 0.00000000e+00 0.00000000e+00
 0.00000000e+00 0.00000000e+00 0.00000000e+00 0.00000000e+00
 0.00000000e+00 0.00000000e+00 0.00000000e+00 0.00000000e+00
 0.00000000e+00 0.00000000e+00 0.00000000e+00 0.00000000e+00
 0.00000000e+00 0.00000000e+00 0.00000000e+00 0.00000000e+00
 0.00000000e+00 0.00000000e+00 0.00000000e+00 0.00000000e+00
 0.00000000e+00 0.00000000e+00 0.00000000e+00 0.00000000e+00
 0.00000000e+00 0.00000000e+00 0.00000000e+00 0.00000000e+00
 0.00000000e+00 0.00000000e+00 0.00000000e+00 0.00000000e+00
 0.00000000e+00 0.00000000e+00 0.00000000e+00 0.00000000e+00
 0.00000000e+00 0.00000000e+00 0.00000000e+00 0.00000000e+00
 0.00000000e+00 0.00000000e+00 0.00000000e+00 0.00000000e+00
 0.00000000e+00 0.00000000e+00 0.00000000e+00 0.00000000e+00
 0.00000000e+00 0.00000000e+00 0.00000000e+00 0.00000000e+00
 0.00000000e+00 0.00000000e+00 0.00000000e+00 0.00000000e+00
 0.00000000e+00 0.00000000e+00 0.00000000e+00 0.00000000e+00
 0.00000000e+00 0.00000000e+00 0.00000000e+00 0.00000000e+00
 0.00000000e+00 0.00000000e+00 0.00000000e+00 0.00000000e+00
 0.00000000e+00 0.00000000e+00 0.00000000e+00 0.00000000e+00
 0.00000000e+00 0.00000000e+00 0.00000000e+00 0.00000000e+00
 0.00000000e+00 0.00000000e+00 0.00000000e+00 0.00000000e+00
 0.00000000e+00 0.00000000e+00 0.00000000e+00 0.00000000e+00
 0.00000000e+00 0.00000000e+00 0.00000000e+00 0.00000000e+00
 0.00000000e+00 0.00000000e+00 0.00000000e+00 0.00000000e+00
 0.00000000e+00 0.00000000e+00 0.00000000e+00 0.00000000e+00
 0.00000000e+00 0.00000000e+00 0.00000000e+00 0.00000000e+00
 0.00000000e+00 0.00000000e+00 0.00000000e+00 0.00000000e+00
 0.00000000e+00 0.00000000e+00 0.00000000e+00 0.00000000e+00
 0.00000000e+00 0.00000000e+00 0.00000000e+00 0.00000000e+00
 0.00000000e+00 0.00000000e+00 0.00000000e+00 0.00000000e+00
 0.00000000e+00 0.00000000e+00 0.00000000e+00 0.00000000e+00
 0.00000000e+00 0.00000000e+00 0.00000000e+00 0.00000000e+00
 0.00000000e+00 0.00000000e+00 0.00000000e+00 0.00000000e+00
 0.00000000e+00 0.00000000e+00 0.00000000e+00 0.00000000e+00
 0.00000000e+00 0.00000000e+00 0.00000000e+00 0.00000000e+00
 0.00000000e+00 0.00000000e+00 0.00000000e+00 0.00000000e+00
 0.00000000e+00 0.00000000e+00 0.00000000e+00 0.00000000e+00
 0.00000000e+00 0.00000000e+00 0.00000000e+00 0.00000000e+00
 0.00000000e+00 0.00000000e+00 0.00000000e+00 0.00000000e+00
 0.00000000e+00]
[WARNING]: Quasi-static verification failed
[WARNING]: Max normalized derivatives: dVg/dt=2.50e+11, dVd/dt=0.00e+00, dId/dt=2.37e+10

  ngspice: ✓ PASS  (142.5s)

✓ Benchmark completed: /home/duhaochen/website-trial-v1/data/spice-model-benchmark/42b85108fb4fd9c9e204e97b074ad105/ngspice
