$ /usr/bin/time -v -o /home/duhaochen/website-trial-v1/data/spice-model-benchmark/fa1033083b0626d930bc9493490d7484/hspice/resource.txt /usr/bin/python -m spice_model_benchmark.cli /home/duhaochen/pipeline_full_collection/benchmark-inputs/fa1033083b0626d930bc9493490d7484/hspice.lib --simulator hspice --modes dc transient ac noise --output-dir /home/duhaochen/website-trial-v1/data/spice-model-benchmark/fa1033083b0626d930bc9493490d7484 --dpi 120 --log-level WARNING
SPICE Model Benchmark: /home/duhaochen/pipeline_full_collection/benchmark-inputs/fa1033083b0626d930bc9493490d7484/hspice.lib
Simulators: hspice
Modes: dc, transient, ac, noise
------------------------------------------------------------

============================================================
  Running: HSPICE
  Output:  /home/duhaochen/website-trial-v1/data/spice-model-benchmark/fa1033083b0626d930bc9493490d7484/hspice
============================================================
Vgs range: 0.000V to 1.200V
Ids range: -1.228e-03A to 7.364e-12A
Selected Vgs values: [0.  0.2 0.4 0.6 0.8 1.  1.2]
Vgs=0.000V: Ids range -1.204e-08A to -6.853e-12A
Vgs=0.200V: Ids range -3.779e-07A to 6.462e-17A
Vgs=0.400V: Ids range -7.737e-06A to 2.065e-14A
Vgs=0.600V: Ids range -8.583e-05A to 2.548e-13A
Vgs=0.800V: Ids range -3.455e-04A to 1.000e-12A
Vgs=1.000V: Ids range -7.385e-04A to 2.906e-12A
Vgs=1.200V: Ids range -1.228e-03A to 7.364e-12A
ids_variation: 5.818419509460987
ids_variation <= max_variation: False
tc: 2836953613.380368
abs(tc) <= max_tc: False
[WARNING]: Temperature effects verification failed - effects outside expected range
/home/duhaochen/spice_model_benchmark/src/spice_model_benchmark/verification_manager.py:2706: RuntimeWarning: divide by zero encountered in divide
  norm_dvg = np.abs(dvg_dt / gate_voltage[:-1])
/home/duhaochen/spice_model_benchmark/src/spice_model_benchmark/verification_manager.py:2706: RuntimeWarning: invalid value encountered in divide
  norm_dvg = np.abs(dvg_dt / gate_voltage[:-1])
norm_dvg: [1.00000000e+10 5.00000000e+09 3.33333333e+09 ... 0.00000000e+00
 0.00000000e+00 0.00000000e+00]
norm_dvd: [0. 0. 0. ... 0. 0. 0.]
norm_did: [1728547.95407735 1917050.36852864 2273468.15962578 ...       0.
       0.               0.        ]
[WARNING]: Quasi-static verification failed
[WARNING]: Max normalized derivatives: dVg/dt=nan, dVd/dt=0.00e+00, dId/dt=6.77e+12
/home/duhaochen/spice_model_benchmark/src/spice_model_benchmark/plot_generator.py:336: UserWarning: Attempting to set identical low and high ylims makes transformation singular; automatically expanding.
  plt.ylim(0, max_cap*1.2)  # Add 20% margin to ensure all components are visible
[INFO]: S-parameter analysis plot saved to /home/duhaochen/website-trial-v1/data/spice-model-benchmark/fa1033083b0626d930bc9493490d7484/hspice/plots/ac_cv_sparameter_analysis.png
[INFO]: S-parameter analysis plot saved to /home/duhaochen/website-trial-v1/data/spice-model-benchmark/fa1033083b0626d930bc9493490d7484/hspice/plots/ac_cv_sparameter_analysis.png
[INFO]: NQS effects plot saved to /home/duhaochen/website-trial-v1/data/spice-model-benchmark/fa1033083b0626d930bc9493490d7484/hspice/plots/ac_cv_nqs_effects.png
[WARNING]: Cannot compute correlation: constant data detected

  hspice: ✓ PASS  (209.3s)

✓ Benchmark completed: /home/duhaochen/website-trial-v1/data/spice-model-benchmark/fa1033083b0626d930bc9493490d7484/hspice
