$ /usr/bin/time -v -o /home/duhaochen/website-trial-v1/data/spice-model-benchmark/b0c9102f84eb45f899b437a83e4c9eb2/ngspice/resource.txt /usr/bin/python -m spice_model_benchmark.cli /home/duhaochen/pipeline_full_collection/benchmark-inputs/b0c9102f84eb45f899b437a83e4c9eb2/ngspice.lib --simulator ngspice --modes dc transient ac noise --output-dir /home/duhaochen/website-trial-v1/data/spice-model-benchmark/b0c9102f84eb45f899b437a83e4c9eb2 --dpi 120 --log-level WARNING
/home/duhaochen/spice_model_benchmark/src/spice_model_benchmark/verification_manager.py:1557: RuntimeWarning: divide by zero encountered in divide
  tc = np.mean((d_ids / d_temp) / np.abs(i_ds[:-1]))
SPICE Model Benchmark: /home/duhaochen/pipeline_full_collection/benchmark-inputs/b0c9102f84eb45f899b437a83e4c9eb2/ngspice.lib
Simulators: ngspice
Modes: dc, transient, ac, noise
------------------------------------------------------------

============================================================
  Running: NGSPICE
  Output:  /home/duhaochen/website-trial-v1/data/spice-model-benchmark/b0c9102f84eb45f899b437a83e4c9eb2/ngspice
============================================================
Vgs range: 0.000V to 1.200V
Ids range: -2.208e-03A to 0.000e+00A
Selected Vgs values: [0.  0.2 0.4 0.6 0.8 1.  1.2]
Vgs=0.000V: Ids range -5.258e-10A to -4.863e-14A
Vgs=0.200V: Ids range -6.271e-08A to 0.000e+00A
Vgs=0.400V: Ids range -4.774e-06A to 0.000e+00A
Vgs=0.600V: Ids range -1.712e-04A to 0.000e+00A
Vgs=0.800V: Ids range -6.644e-04A to 0.000e+00A
Vgs=1.000V: Ids range -1.365e-03A to 0.000e+00A
Vgs=1.200V: Ids range -2.208e-03A to 0.000e+00A
ids_variation: 5.959101527596406
ids_variation <= max_variation: False
tc: inf
abs(tc) <= max_tc: False
[WARNING]: Temperature effects verification failed - effects outside expected range
/home/duhaochen/spice_model_benchmark/src/spice_model_benchmark/verification_manager.py:1817: RuntimeWarning: divide by zero encountered in log
  log_ids = np.log(np.abs(i_ds))
/home/duhaochen/.local/lib/python3.9/site-packages/numpy/lib/function_base.py:2742: RuntimeWarning: invalid value encountered in subtract
  X -= avg[:, None]
/home/duhaochen/spice_model_benchmark/src/spice_model_benchmark/verification_manager.py:1862: RuntimeWarning: divide by zero encountered in divide
  efficiency = np.abs(gm / i_ds)  # Transconductance efficiency
[INFO]: S-parameter analysis plot saved to /home/duhaochen/website-trial-v1/data/spice-model-benchmark/b0c9102f84eb45f899b437a83e4c9eb2/ngspice/plots/ac_cv_sparameter_analysis.png
[INFO]: NQS effects plot saved to /home/duhaochen/website-trial-v1/data/spice-model-benchmark/b0c9102f84eb45f899b437a83e4c9eb2/ngspice/plots/ac_cv_nqs_effects.png
[INFO]: S-parameter analysis plot saved to /home/duhaochen/website-trial-v1/data/spice-model-benchmark/b0c9102f84eb45f899b437a83e4c9eb2/ngspice/plots/ac_cv_sparameter_analysis.png
norm_dvg: [2.50000000e+11 1.25000000e+11 6.25000000e+10 3.12500000e+10
 1.56250000e+10 9.14923178e+09 6.75034944e+09 6.15776868e+09
 5.67588057e+09 5.12150778e+09 4.77233364e+09 4.46352250e+09
 4.16544491e+09 3.84436454e+09 3.50404794e+09 3.18199304e+09
 2.91986827e+09 2.64075683e+09 2.41966817e+09 2.38266478e+09
 2.35942257e+09 2.34754932e+09 2.33432936e+09 2.32702765e+09
 2.31973829e+09 2.31163457e+09 2.29919645e+09 2.28217983e+09
 2.26230706e+09 2.24349704e+09 2.22158813e+09 2.19648242e+09
 2.17686274e+09 2.15390041e+09 2.13018146e+09 2.10477520e+09
 2.07822790e+09 2.03944677e+09 2.00000115e+09 1.99536225e+09
 1.98615154e+09 1.96798324e+09 1.93262522e+09 1.89916146e+09
 1.86893569e+09 1.83242539e+09 1.80558370e+09 1.76883430e+09
 1.73662708e+09 1.68946706e+09 1.63324307e+09 1.57549010e+09
 1.52082857e+09 1.46903675e+09 1.40923254e+09 1.34220990e+09
 1.32390234e+09 1.30623928e+09 1.28324825e+09 1.27256265e+09
 1.26112357e+09 1.25017695e+09 1.23744739e+09 1.22168128e+09
 1.20306499e+09 1.18421402e+09 1.15830557e+09 1.12596383e+09
 1.08344396e+09 1.04005094e+09 9.99999529e+08 9.96476772e+08
 9.89505317e+08 9.75849595e+08 9.49638886e+08 9.01226616e+08
 8.67455408e+08 8.44523615e+08 8.25576443e+08 7.99535808e+08
 7.79371636e+08 7.61180717e+08 7.42445562e+08 7.19286702e+08
 6.89460929e+08 6.60672256e+08 6.40539485e+08 6.30985517e+08
 6.25552935e+08 6.22022296e+08 6.17491932e+08 6.13394350e+08
 6.09504386e+08 6.06367553e+08 6.03409083e+08 6.00128545e+08
 5.96505503e+08 5.92543496e+08 5.88893160e+08 5.83472079e+08
 5.77363432e+08 5.73448872e+08 5.70672331e+08 5.67881365e+08
 5.64533768e+08 5.61568565e+08 5.57533742e+08 5.53338834e+08
 5.46940561e+08 5.39537443e+08 5.29950713e+08 5.19667145e+08
 5.06970460e+08 4.94210455e+08 4.76605747e+08 4.53907984e+08
 4.28878714e+08 4.01957515e+08 3.74880207e+08 3.47107594e+08
 3.19413995e+08 2.91129382e+08 2.63149426e+08 2.33772631e+08
 2.03278915e+08 1.74845063e+08 1.53389539e+08 1.40121550e+08
 1.27673434e+08 1.18638748e+08 1.10748733e+08 1.03434773e+08
 9.91673351e+07 9.52375188e+07 9.52128369e+07 9.51637998e+07
 9.50632904e+07 9.48653029e+07 9.46832293e+07 9.44241330e+07
 9.41516424e+07 9.40096864e+07 9.38884045e+07 9.37116960e+07
 9.35657560e+07 9.34297574e+07 9.32832711e+07 9.30914906e+07
 9.28588598e+07 9.26134002e+07 9.24749108e+07 9.23483571e+07
 9.21938337e+07 9.20814403e+07 9.19387110e+07 9.18296448e+07
 9.17524677e+07 9.16671937e+07 9.15776117e+07 9.15314520e+07
 9.14716235e+07 9.14002574e+07 9.13366014e+07 9.12932921e+07
 9.12437619e+07 9.12139299e+07 9.11779645e+07 9.11363084e+07
 9.10791336e+07 9.09959041e+07 9.09090909e+07 9.09037515e+07
 9.09020746e+07 9.08996212e+07 9.08834664e+07 9.08536779e+07
 9.08147134e+07 9.07712115e+07 9.06844890e+07 9.06055466e+07
 9.05281986e+07 9.04618176e+07 9.03656283e+07 9.02743931e+07
 9.01385998e+07 8.99694020e+07 8.97339962e+07 8.94306548e+07
 8.90297124e+07 8.85242637e+07 8.82800988e+07 8.80606886e+07
 8.77741451e+07 8.76053375e+07 8.73665259e+07 8.71065312e+07
 8.67740069e+07 8.63853656e+07 8.60914738e+07 8.58718396e+07
 8.55855880e+07 8.53151197e+07 8.50766818e+07 8.48199234e+07
 8.46580133e+07 8.45689049e+07 8.45014920e+07 8.44348850e+07
 8.43550638e+07 8.43026025e+07 8.42433468e+07 8.41704573e+07
 8.41001370e+07 8.40227186e+07 8.39510382e+07 8.38631124e+07
 8.37484137e+07 8.36046857e+07 8.34685032e+07 8.33337124e+07
 8.33073268e+07 8.32574439e+07 8.31553604e+07 8.30313505e+07
 8.28917566e+07 8.27319337e+07 8.25170677e+07 8.22387645e+07
 8.20237626e+07 8.18225494e+07 8.16058411e+07 8.14265217e+07
 8.12213266e+07 8.11773546e+07 8.11461383e+07 8.10972693e+07
 8.10775888e+07 8.10545182e+07 8.10249212e+07 8.09894630e+07
 8.09464638e+07 8.08737138e+07 8.07598206e+07 8.06415642e+07
 8.05348432e+07 8.04551053e+07 8.03721029e+07 8.02829590e+07
 8.02005332e+07 8.00873168e+07 7.99657378e+07 7.97899569e+07
 7.95644741e+07 7.92562806e+07 7.88615772e+07 7.83533201e+07
 7.77289923e+07 7.70221479e+07 7.62482961e+07 7.53699048e+07
 7.43628420e+07 7.31455962e+07 7.16229596e+07 6.95868597e+07
 6.67543668e+07 6.33701779e+07 6.03125586e+07 5.75364282e+07
 5.50046131e+07 5.26862282e+07 5.13079805e+07 0.00000000e+00
 0.00000000e+00 0.00000000e+00 0.00000000e+00 0.00000000e+00
 0.00000000e+00 0.00000000e+00 0.00000000e+00 0.00000000e+00
 0.00000000e+00 0.00000000e+00 0.00000000e+00 0.00000000e+00
 0.00000000e+00 0.00000000e+00 0.00000000e+00 0.00000000e+00
 0.00000000e+00 0.00000000e+00 0.00000000e+00 0.00000000e+00
 0.00000000e+00 0.00000000e+00 0.00000000e+00 0.00000000e+00
 0.00000000e+00 0.00000000e+00 0.00000000e+00 0.00000000e+00
 0.00000000e+00 0.00000000e+00 0.00000000e+00 0.00000000e+00
 0.00000000e+00 0.00000000e+00 0.00000000e+00 0.00000000e+00
 0.00000000e+00 0.00000000e+00 0.00000000e+00 0.00000000e+00
 0.00000000e+00 0.00000000e+00 0.00000000e+00 0.00000000e+00
 0.00000000e+00 0.00000000e+00 0.00000000e+00 0.00000000e+00
 0.00000000e+00 0.00000000e+00 0.00000000e+00 0.00000000e+00
 0.00000000e+00 0.00000000e+00 0.00000000e+00 0.00000000e+00
 0.00000000e+00 0.00000000e+00 0.00000000e+00 0.00000000e+00
 0.00000000e+00 0.00000000e+00 0.00000000e+00 0.00000000e+00
 0.00000000e+00 0.00000000e+00 0.00000000e+00 0.00000000e+00
 0.00000000e+00 0.00000000e+00 0.00000000e+00 0.00000000e+00
 0.00000000e+00 0.00000000e+00 0.00000000e+00 0.00000000e+00
 0.00000000e+00 0.00000000e+00 0.00000000e+00 0.00000000e+00
 0.00000000e+00 0.00000000e+00 0.00000000e+00 0.00000000e+00
 0.00000000e+00 0.00000000e+00 0.00000000e+00 0.00000000e+00
 0.00000000e+00 0.00000000e+00 0.00000000e+00 0.00000000e+00
 0.00000000e+00 0.00000000e+00 0.00000000e+00 0.00000000e+00
 0.00000000e+00 0.00000000e+00 0.00000000e+00 0.00000000e+00
 0.00000000e+00 0.00000000e+00 0.00000000e+00 0.00000000e+00
 0.00000000e+00 0.00000000e+00 0.00000000e+00 0.00000000e+00
 0.00000000e+00 0.00000000e+00 0.00000000e+00 0.00000000e+00
 0.00000000e+00 0.00000000e+00 0.00000000e+00 0.00000000e+00
 0.00000000e+00 0.00000000e+00 0.00000000e+00 0.00000000e+00
 0.00000000e+00 0.00000000e+00 0.00000000e+00 0.00000000e+00
 0.00000000e+00 0.00000000e+00 0.00000000e+00 0.00000000e+00
 0.00000000e+00 0.00000000e+00 0.00000000e+00 0.00000000e+00
 0.00000000e+00 0.00000000e+00 0.00000000e+00 0.00000000e+00
 0.00000000e+00 0.00000000e+00 0.00000000e+00 0.00000000e+00
 0.00000000e+00 0.00000000e+00 0.00000000e+00 0.00000000e+00
 0.00000000e+00 0.00000000e+00 0.00000000e+00 0.00000000e+00
 0.00000000e+00 0.00000000e+00 0.00000000e+00 0.00000000e+00
 0.00000000e+00 0.00000000e+00 0.00000000e+00 0.00000000e+00
 0.00000000e+00 0.00000000e+00 0.00000000e+00 0.00000000e+00
 0.00000000e+00 0.00000000e+00 0.00000000e+00 0.00000000e+00
 0.00000000e+00 0.00000000e+00 0.00000000e+00 0.00000000e+00
 0.00000000e+00 0.00000000e+00 0.00000000e+00 0.00000000e+00
 0.00000000e+00 0.00000000e+00 0.00000000e+00 0.00000000e+00
 0.00000000e+00 0.00000000e+00 0.00000000e+00 0.00000000e+00
 0.00000000e+00 0.00000000e+00 0.00000000e+00 0.00000000e+00
 0.00000000e+00 0.00000000e+00 0.00000000e+00 0.00000000e+00
 0.00000000e+00 0.00000000e+00 0.00000000e+00 0.00000000e+00
 0.00000000e+00 0.00000000e+00 0.00000000e+00 0.00000000e+00
 0.00000000e+00 0.00000000e+00 0.00000000e+00 0.00000000e+00
 0.00000000e+00 0.00000000e+00 0.00000000e+00 0.00000000e+00
 0.00000000e+00 0.00000000e+00 0.00000000e+00 0.00000000e+00
 0.00000000e+00 0.00000000e+00 0.00000000e+00 0.00000000e+00
 0.00000000e+00 0.00000000e+00 0.00000000e+00 0.00000000e+00
 0.00000000e+00 0.00000000e+00 0.00000000e+00 0.00000000e+00
 0.00000000e+00 0.00000000e+00 0.00000000e+00 0.00000000e+00
 0.00000000e+00 0.00000000e+00 0.00000000e+00 0.00000000e+00
 0.00000000e+00 0.00000000e+00 0.00000000e+00 0.00000000e+00
 0.00000000e+00 0.00000000e+00 0.00000000e+00 0.00000000e+00
 0.00000000e+00 0.00000000e+00 0.00000000e+00 0.00000000e+00
 0.00000000e+00 0.00000000e+00 0.00000000e+00 0.00000000e+00
 0.00000000e+00 0.00000000e+00 0.00000000e+00 0.00000000e+00
 0.00000000e+00 0.00000000e+00 0.00000000e+00 0.00000000e+00
 0.00000000e+00 0.00000000e+00 0.00000000e+00 0.00000000e+00
 0.00000000e+00 0.00000000e+00 0.00000000e+00 0.00000000e+00
 0.00000000e+00 0.00000000e+00 0.00000000e+00 0.00000000e+00
 0.00000000e+00 0.00000000e+00 0.00000000e+00]
norm_dvd: [0. 0. 0. 0. 0. 0. 0. 0. 0. 0. 0. 0. 0. 0. 0. 0. 0. 0. 0. 0. 0. 0. 0. 0.
 0. 0. 0. 0. 0. 0. 0. 0. 0. 0. 0. 0. 0. 0. 0. 0. 0. 0. 0. 0. 0. 0. 0. 0.
 0. 0. 0. 0. 0. 0. 0. 0. 0. 0. 0. 0. 0. 0. 0. 0. 0. 0. 0. 0. 0. 0. 0. 0.
 0. 0. 0. 0. 0. 0. 0. 0. 0. 0. 0. 0. 0. 0. 0. 0. 0. 0. 0. 0. 0. 0. 0. 0.
 0. 0. 0. 0. 0. 0. 0. 0. 0. 0. 0. 0. 0. 0. 0. 0. 0. 0. 0. 0. 0. 0. 0. 0.
 0. 0. 0. 0. 0. 0. 0. 0. 0. 0. 0. 0. 0. 0. 0. 0. 0. 0. 0. 0. 0. 0. 0. 0.
 0. 0. 0. 0. 0. 0. 0. 0. 0. 0. 0. 0. 0. 0. 0. 0. 0. 0. 0. 0. 0. 0. 0. 0.
 0. 0. 0. 0. 0. 0. 0. 0. 0. 0. 0. 0. 0. 0. 0. 0. 0. 0. 0. 0. 0. 0. 0. 0.
 0. 0. 0. 0. 0. 0. 0. 0. 0. 0. 0. 0. 0. 0. 0. 0. 0. 0. 0. 0. 0. 0. 0. 0.
 0. 0. 0. 0. 0. 0. 0. 0. 0. 0. 0. 0. 0. 0. 0. 0. 0. 0. 0. 0. 0. 0. 0. 0.
 0. 0. 0. 0. 0. 0. 0. 0. 0. 0. 0. 0. 0. 0. 0. 0. 0. 0. 0. 0. 0. 0. 0. 0.
 0. 0. 0. 0. 0. 0. 0. 0. 0. 0. 0. 0. 0. 0. 0. 0. 0. 0. 0. 0. 0. 0. 0. 0.
 0. 0. 0. 0. 0. 0. 0. 0. 0. 0. 0. 0. 0. 0. 0. 0. 0. 0. 0. 0. 0. 0. 0. 0.
 0. 0. 0. 0. 0. 0. 0. 0. 0. 0. 0. 0. 0. 0. 0. 0. 0. 0. 0. 0. 0. 0. 0. 0.
 0. 0. 0. 0. 0. 0. 0. 0. 0. 0. 0. 0. 0. 0. 0. 0. 0. 0. 0. 0. 0. 0. 0. 0.
 0. 0. 0. 0. 0. 0. 0. 0. 0. 0. 0. 0. 0. 0. 0. 0. 0. 0. 0. 0. 0. 0. 0. 0.
 0. 0. 0. 0. 0. 0. 0. 0. 0. 0. 0. 0. 0. 0. 0. 0. 0. 0. 0. 0. 0. 0. 0. 0.
 0. 0. 0. 0. 0. 0. 0. 0. 0. 0. 0. 0. 0. 0. 0. 0. 0. 0. 0. 0. 0. 0. 0. 0.
 0. 0. 0. 0. 0. 0. 0. 0. 0. 0. 0. 0. 0. 0. 0. 0. 0. 0. 0. 0. 0. 0. 0. 0.
 0. 0. 0. 0. 0. 0. 0. 0. 0. 0. 0. 0. 0. 0. 0. 0. 0. 0. 0. 0. 0. 0. 0. 0.
 0. 0. 0. 0. 0. 0. 0. 0. 0. 0. 0. 0. 0. 0. 0. 0. 0. 0. 0. 0. 0. 0. 0. 0.
 0. 0. 0. 0. 0. 0. 0. 0. 0. 0. 0. 0. 0. 0. 0. 0. 0. 0. 0. 0. 0. 0. 0. 0.
 0. 0. 0. 0. 0. 0. 0. 0. 0. 0. 0.]
norm_did: [4.00186242e+04 3.47220471e+04 4.09014059e+04 4.31083445e+04
 4.67703022e+04 5.05455836e+04 5.21801828e+04 5.46356480e+04
 5.70280106e+04 5.86615595e+04 6.04054432e+04 6.28450826e+04
 6.50430283e+04 6.80225782e+04 7.22092399e+04 7.62642615e+04
 8.16818324e+04 8.77666107e+04 8.58256313e+04 9.22512995e+04
 9.22282264e+04 9.36960064e+04 9.10323773e+04 9.41339196e+04
 9.66107931e+04 9.45493978e+04 9.43627617e+04 9.66398132e+04
 9.65486831e+04 9.74685800e+04 9.79157582e+04 9.98250173e+04
 9.99839635e+04 1.01096386e+05 1.03029004e+05 1.03176445e+05
 1.05486890e+05 1.07591950e+05 1.33703530e+05 9.52131348e+04
 1.09393839e+05 1.11419707e+05 1.13610897e+05 1.15552519e+05
 1.17917025e+05 1.19553353e+05 1.22755161e+05 1.25285776e+05
 1.29176651e+05 1.34019548e+05 1.39921113e+05 1.46533517e+05
 1.53546313e+05 1.62171835e+05 1.73671377e+05 1.75945298e+05
 1.84392949e+05 1.89834530e+05 1.92844064e+05 1.96185457e+05
 1.99379614e+05 2.01994396e+05 2.06776289e+05 2.11517294e+05
 2.17066961e+05 2.24605469e+05 2.35254677e+05 2.50457576e+05
 2.69856947e+05 2.91257783e+05 3.39620951e+05 2.68367466e+05
 3.14650019e+05 3.29468222e+05 3.61519345e+05 3.95909471e+05
 4.23470181e+05 4.52092348e+05 4.88204854e+05 5.22582684e+05
 5.57027731e+05 5.96485734e+05 6.47556808e+05 7.23005479e+05
 8.17927626e+05 9.04780112e+05 9.56447209e+05 1.00312688e+06
 1.03517515e+06 1.06420286e+06 1.08851787e+06 1.11241351e+06
 1.13233973e+06 1.15323838e+06 1.17435619e+06 1.19831305e+06
 1.22436522e+06 1.25088098e+06 1.28781760e+06 1.33345110e+06
 1.36704494e+06 1.39562976e+06 1.42453956e+06 1.45477509e+06
 1.48298122e+06 1.51967438e+06 1.56065944e+06 1.62062136e+06
 1.69917334e+06 1.80660129e+06 1.94116078e+06 2.12363471e+06
 2.34628066e+06 2.68763233e+06 3.25216124e+06 4.13870964e+06
 5.56091509e+06 7.86329404e+06 1.18405874e+07 1.91617037e+07
 3.42464987e+07 6.91024738e+07 1.70827850e+08 5.92256555e+08
 3.90746958e+09 7.31708964e+09 3.29246133e+09 3.05975329e+09
 2.06558123e+09 1.46577514e+09 1.05563966e+09 7.47565216e+08
 6.27949661e+08 5.22710985e+08 5.18237414e+08 5.17625055e+08
 5.16227772e+08 5.12365040e+08 5.09333507e+08 5.04544573e+08
 4.98876775e+08 4.96187894e+08 4.94238709e+08 4.90910821e+08
 4.88243441e+08 4.85877509e+08 4.83481339e+08 4.80303689e+08
 4.76303594e+08 4.71602929e+08 4.69184440e+08 4.67162665e+08
 4.64369610e+08 4.62625036e+08 4.60101526e+08 4.58170471e+08
 4.56920954e+08 4.55548092e+08 4.53891894e+08 4.53195296e+08
 4.52288897e+08 4.51090756e+08 4.49961015e+08 4.49325971e+08
 4.48404218e+08 4.47988015e+08 4.47409515e+08 4.46831071e+08
 4.46010215e+08 4.44691000e+08 4.43082862e+08 4.42900148e+08
 4.42908510e+08 4.42853071e+08 4.42675274e+08 4.42279524e+08
 4.41658948e+08 4.41144488e+08 4.39752633e+08 4.38499485e+08
 4.37271323e+08 4.36344790e+08 4.34843616e+08 4.33602155e+08
 4.31649193e+08 4.29314957e+08 4.26012062e+08 4.21840036e+08
 4.16310937e+08 4.08100085e+08 4.04564122e+08 4.01719046e+08
 3.97360504e+08 3.95283063e+08 3.92116377e+08 3.88868244e+08
 3.84644274e+08 3.79283320e+08 3.75280387e+08 3.72708069e+08
 3.69072431e+08 3.65635536e+08 3.62773660e+08 3.59389794e+08
 3.57240254e+08 3.56116471e+08 3.55311724e+08 3.54571245e+08
 3.53541359e+08 3.52954651e+08 3.52296360e+08 3.51442463e+08
 3.50639116e+08 3.49728883e+08 3.48949482e+08 3.48011005e+08
 3.46777565e+08 3.45112831e+08 3.43570826e+08 3.41796580e+08
 3.41494480e+08 3.41098268e+08 3.40025578e+08 3.38687966e+08
 3.37200482e+08 3.35596755e+08 3.33426031e+08 3.30252687e+08
 3.27923538e+08 3.25835605e+08 3.23468408e+08 3.21672236e+08
 3.19132780e+08 3.18663801e+08 3.18378705e+08 3.17804186e+08
 3.17626961e+08 3.17394896e+08 3.17105337e+08 3.16779406e+08
 3.16412720e+08 3.15780479e+08 3.14643529e+08 3.13432953e+08
 3.12292867e+08 3.11517219e+08 3.10703688e+08 3.09807911e+08
 3.09073047e+08 3.07989041e+08 3.06935042e+08 3.05354552e+08
 3.03390083e+08 3.00667584e+08 2.97234530e+08 2.92819667e+08
 2.87373114e+08 2.81301663e+08 2.74910403e+08 2.67895443e+08
 2.60255048e+08 2.51473374e+08 2.41232439e+08 2.28463388e+08
 2.10850407e+08 1.89883311e+08 1.72529683e+08 1.57902649e+08
 1.45394355e+08 1.33818084e+08 1.27729392e+08 2.84254302e+08
 0.00000000e+00 0.00000000e+00 0.00000000e+00 0.00000000e+00
 0.00000000e+00 0.00000000e+00 0.00000000e+00 0.00000000e+00
 0.00000000e+00 0.00000000e+00 0.00000000e+00 0.00000000e+00
 0.00000000e+00 0.00000000e+00 0.00000000e+00 0.00000000e+00
 0.00000000e+00 0.00000000e+00 0.00000000e+00 0.00000000e+00
 0.00000000e+00 0.00000000e+00 0.00000000e+00 0.00000000e+00
 0.00000000e+00 0.00000000e+00 0.00000000e+00 0.00000000e+00
 0.00000000e+00 0.00000000e+00 0.00000000e+00 0.00000000e+00
 0.00000000e+00 0.00000000e+00 0.00000000e+00 0.00000000e+00
 0.00000000e+00 0.00000000e+00 0.00000000e+00 0.00000000e+00
 0.00000000e+00 0.00000000e+00 0.00000000e+00 0.00000000e+00
 0.00000000e+00 0.00000000e+00 0.00000000e+00 0.00000000e+00
 0.00000000e+00 0.00000000e+00 0.00000000e+00 0.00000000e+00
 0.00000000e+00 0.00000000e+00 0.00000000e+00 0.00000000e+00
 0.00000000e+00 0.00000000e+00 0.00000000e+00 0.00000000e+00
 0.00000000e+00 0.00000000e+00 0.00000000e+00 0.00000000e+00
 0.00000000e+00 0.00000000e+00 0.00000000e+00 0.00000000e+00
 0.00000000e+00 0.00000000e+00 0.00000000e+00 0.00000000e+00
 0.00000000e+00 0.00000000e+00 0.00000000e+00 0.00000000e+00
 0.00000000e+00 0.00000000e+00 0.00000000e+00 0.00000000e+00
 0.00000000e+00 0.00000000e+00 0.00000000e+00 0.00000000e+00
 0.00000000e+00 0.00000000e+00 0.00000000e+00 0.00000000e+00
 0.00000000e+00 0.00000000e+00 0.00000000e+00 0.00000000e+00
 0.00000000e+00 0.00000000e+00 0.00000000e+00 0.00000000e+00
 0.00000000e+00 0.00000000e+00 0.00000000e+00 0.00000000e+00
 0.00000000e+00 0.00000000e+00 0.00000000e+00 0.00000000e+00
 0.00000000e+00 0.00000000e+00 0.00000000e+00 0.00000000e+00
 0.00000000e+00 0.00000000e+00 0.00000000e+00 0.00000000e+00
 0.00000000e+00 0.00000000e+00 0.00000000e+00 0.00000000e+00
 0.00000000e+00 0.00000000e+00 0.00000000e+00 0.00000000e+00
 0.00000000e+00 0.00000000e+00 0.00000000e+00 0.00000000e+00
 0.00000000e+00 0.00000000e+00 0.00000000e+00 0.00000000e+00
 0.00000000e+00 0.00000000e+00 0.00000000e+00 0.00000000e+00
 0.00000000e+00 0.00000000e+00 0.00000000e+00 0.00000000e+00
 0.00000000e+00 0.00000000e+00 0.00000000e+00 0.00000000e+00
 0.00000000e+00 0.00000000e+00 0.00000000e+00 0.00000000e+00
 0.00000000e+00 0.00000000e+00 0.00000000e+00 0.00000000e+00
 0.00000000e+00 0.00000000e+00 0.00000000e+00 0.00000000e+00
 0.00000000e+00 0.00000000e+00 0.00000000e+00 0.00000000e+00
 0.00000000e+00 0.00000000e+00 0.00000000e+00 0.00000000e+00
 0.00000000e+00 0.00000000e+00 0.00000000e+00 0.00000000e+00
 0.00000000e+00 0.00000000e+00 0.00000000e+00 0.00000000e+00
 0.00000000e+00 0.00000000e+00 0.00000000e+00 0.00000000e+00
 0.00000000e+00 0.00000000e+00 0.00000000e+00 0.00000000e+00
 0.00000000e+00 0.00000000e+00 0.00000000e+00 0.00000000e+00
 0.00000000e+00 0.00000000e+00 0.00000000e+00 0.00000000e+00
 0.00000000e+00 0.00000000e+00 0.00000000e+00 0.00000000e+00
 0.00000000e+00 0.00000000e+00 0.00000000e+00 0.00000000e+00
 0.00000000e+00 0.00000000e+00 0.00000000e+00 0.00000000e+00
 0.00000000e+00 0.00000000e+00 0.00000000e+00 0.00000000e+00
 0.00000000e+00 0.00000000e+00 0.00000000e+00 0.00000000e+00
 0.00000000e+00 0.00000000e+00 0.00000000e+00 0.00000000e+00
 0.00000000e+00 0.00000000e+00 0.00000000e+00 0.00000000e+00
 0.00000000e+00 0.00000000e+00 0.00000000e+00 0.00000000e+00
 0.00000000e+00 0.00000000e+00 0.00000000e+00 0.00000000e+00
 0.00000000e+00 0.00000000e+00 0.00000000e+00 0.00000000e+00
 0.00000000e+00 0.00000000e+00 0.00000000e+00 0.00000000e+00
 0.00000000e+00 0.00000000e+00 0.00000000e+00 0.00000000e+00
 0.00000000e+00 0.00000000e+00 0.00000000e+00 0.00000000e+00
 0.00000000e+00 0.00000000e+00 0.00000000e+00 0.00000000e+00
 0.00000000e+00 0.00000000e+00 0.00000000e+00 0.00000000e+00
 0.00000000e+00 0.00000000e+00 0.00000000e+00 0.00000000e+00
 0.00000000e+00 0.00000000e+00 0.00000000e+00 0.00000000e+00
 0.00000000e+00 0.00000000e+00 0.00000000e+00 0.00000000e+00
 0.00000000e+00 0.00000000e+00 0.00000000e+00 0.00000000e+00
 0.00000000e+00 0.00000000e+00 0.00000000e+00 0.00000000e+00
 0.00000000e+00 0.00000000e+00 0.00000000e+00]
[WARNING]: Quasi-static verification failed
[WARNING]: Max normalized derivatives: dVg/dt=2.50e+11, dVd/dt=0.00e+00, dId/dt=7.32e+09

  ngspice: ✓ PASS  (34.8s)

✓ Benchmark completed: /home/duhaochen/website-trial-v1/data/spice-model-benchmark/b0c9102f84eb45f899b437a83e4c9eb2/ngspice
