$ /usr/bin/time -v -o /home/duhaochen/website-trial-v1/data/spice-model-benchmark/156d25d387207241717c7b8d8350ea60/ngspice/resource.txt /usr/bin/python -m spice_model_benchmark.cli /home/duhaochen/pipeline_full_collection/benchmark-inputs/156d25d387207241717c7b8d8350ea60/ngspice.lib --simulator ngspice --modes dc transient ac noise --output-dir /home/duhaochen/website-trial-v1/data/spice-model-benchmark/156d25d387207241717c7b8d8350ea60 --dpi 120 --log-level WARNING
/home/duhaochen/spice_model_benchmark/src/spice_model_benchmark/verification_manager.py:1557: RuntimeWarning: divide by zero encountered in divide
  tc = np.mean((d_ids / d_temp) / np.abs(i_ds[:-1]))
SPICE Model Benchmark: /home/duhaochen/pipeline_full_collection/benchmark-inputs/156d25d387207241717c7b8d8350ea60/ngspice.lib
Simulators: ngspice
Modes: dc, transient, ac, noise
------------------------------------------------------------

============================================================
  Running: NGSPICE
  Output:  /home/duhaochen/website-trial-v1/data/spice-model-benchmark/156d25d387207241717c7b8d8350ea60/ngspice
============================================================
Vgs range: 0.000V to 1.200V
Ids range: -8.181e-04A to 0.000e+00A
Selected Vgs values: [0.  0.2 0.4 0.6 0.8 1.  1.2]
Vgs=0.000V: Ids range -1.188e-12A to -1.012e-16A
Vgs=0.200V: Ids range -8.115e-11A to 0.000e+00A
Vgs=0.400V: Ids range -1.124e-08A to 0.000e+00A
Vgs=0.600V: Ids range -1.127e-06A to 0.000e+00A
Vgs=0.800V: Ids range -6.574e-05A to 0.000e+00A
Vgs=1.000V: Ids range -3.618e-04A to 0.000e+00A
Vgs=1.200V: Ids range -8.181e-04A to 0.000e+00A
ids_variation: 7.23292264685933
ids_variation <= max_variation: False
tc: inf
abs(tc) <= max_tc: False
[WARNING]: Temperature effects verification failed - effects outside expected range
/home/duhaochen/spice_model_benchmark/src/spice_model_benchmark/verification_manager.py:1817: RuntimeWarning: divide by zero encountered in log
  log_ids = np.log(np.abs(i_ds))
/home/duhaochen/.local/lib/python3.9/site-packages/numpy/lib/function_base.py:2742: RuntimeWarning: invalid value encountered in subtract
  X -= avg[:, None]
/home/duhaochen/spice_model_benchmark/src/spice_model_benchmark/verification_manager.py:1862: RuntimeWarning: divide by zero encountered in divide
  efficiency = np.abs(gm / i_ds)  # Transconductance efficiency
[INFO]: S-parameter analysis plot saved to /home/duhaochen/website-trial-v1/data/spice-model-benchmark/156d25d387207241717c7b8d8350ea60/ngspice/plots/ac_cv_sparameter_analysis.png
[INFO]: NQS effects plot saved to /home/duhaochen/website-trial-v1/data/spice-model-benchmark/156d25d387207241717c7b8d8350ea60/ngspice/plots/ac_cv_nqs_effects.png
[INFO]: S-parameter analysis plot saved to /home/duhaochen/website-trial-v1/data/spice-model-benchmark/156d25d387207241717c7b8d8350ea60/ngspice/plots/ac_cv_sparameter_analysis.png
norm_dvg: [2.50000000e+11 1.25000000e+11 6.25000000e+10 3.12500000e+10
 1.56250000e+10 1.01743643e+10 7.28963460e+09 5.63573717e+09
 4.51985202e+09 3.98030481e+09 3.79079776e+09 3.61993582e+09
 3.40839149e+09 3.24490867e+09 3.11687390e+09 2.98268830e+09
 2.84216159e+09 2.68472306e+09 2.60734434e+09 2.53122734e+09
 2.45219246e+09 2.40933874e+09 2.35487247e+09 2.29447561e+09
 2.22731503e+09 2.14678393e+09 2.07079395e+09 2.03835318e+09
 2.00783692e+09 2.00000000e+09 1.99856281e+09 1.99569463e+09
 1.98998335e+09 1.97865657e+09 1.95638763e+09 1.91331897e+09
 1.83263156e+09 1.80138424e+09 1.77965824e+09 1.75517445e+09
 1.72914647e+09 1.70392550e+09 1.67737362e+09 1.64092011e+09
 1.59520048e+09 1.53854254e+09 1.47270276e+09 1.40415111e+09
 1.33661724e+09 1.26560411e+09 1.20039583e+09 1.17705530e+09
 1.16094469e+09 1.14231332e+09 1.12266841e+09 1.10946248e+09
 1.09154200e+09 1.07540093e+09 1.05457134e+09 1.03410696e+09
 1.01676747e+09 1.00000000e+09 9.98229051e+08 9.94707303e+08
 9.87736680e+08 9.74085380e+08 9.47883173e+08 9.22348505e+08
 8.94485614e+08 8.72573669e+08 8.50647562e+08 8.09942920e+08
 7.63151776e+08 7.24830230e+08 6.88488580e+08 6.46713246e+08
 6.13936864e+08 5.92892517e+08 5.83905220e+08 5.77624107e+08
 5.72625400e+08 5.65376170e+08 5.59472673e+08 5.54160716e+08
 5.48449251e+08 5.41627404e+08 5.33116479e+08 5.20541852e+08
 5.13740404e+08 5.08252725e+08 5.04455933e+08 5.01272462e+08
 4.98864124e+08 4.97022127e+08 4.95535912e+08 4.94190934e+08
 4.92911526e+08 4.91497762e+08 4.90163517e+08 4.88877478e+08
 4.87209765e+08 4.85567002e+08 4.82661392e+08 4.78052041e+08
 4.73482232e+08 4.67610052e+08 4.61957475e+08 4.59256596e+08
 4.57030107e+08 4.54028691e+08 4.51563153e+08 4.48458720e+08
 4.44828054e+08 4.39670905e+08 4.33444143e+08 4.25552205e+08
 4.17422304e+08 4.07794385e+08 3.97134047e+08 3.83854419e+08
 3.68297083e+08 3.49666929e+08 3.29567816e+08 3.07542171e+08
 2.84105838e+08 2.58004147e+08 2.31567891e+08 2.02341141e+08
 1.74150838e+08 1.52854979e+08 1.36199912e+08 1.22817703e+08
 1.11829946e+08 1.02646761e+08 9.52391978e+07 9.52114340e+07
 9.51602208e+07 9.50555554e+07 9.48480031e+07 9.46222323e+07
 9.43638037e+07 9.40839059e+07 9.37677999e+07 9.35079547e+07
 9.33740663e+07 9.32609310e+07 9.31099250e+07 9.29727472e+07
 9.28598299e+07 9.27321702e+07 9.26392669e+07 9.25499578e+07
 9.24581816e+07 9.23574797e+07 9.22605335e+07 9.21492804e+07
 9.20202563e+07 9.18609273e+07 9.16595758e+07 9.14073106e+07
 9.11573475e+07 9.10838007e+07 9.10435999e+07 9.10036613e+07
 9.09667074e+07 9.09381060e+07 9.08954286e+07 9.09140907e+07
 9.09001771e+07 9.08979711e+07 9.08807537e+07 9.08527369e+07
 9.07936655e+07 9.06766263e+07 9.05929097e+07 9.05234492e+07
 9.04685862e+07 9.03990811e+07 9.03261951e+07 9.02582348e+07
 9.01825357e+07 9.00788827e+07 8.99407739e+07 8.97516828e+07
 8.94985984e+07 8.91610419e+07 8.87284780e+07 8.82721732e+07
 8.78045408e+07 8.75650180e+07 8.73615426e+07 8.71973150e+07
 8.70365619e+07 8.68602154e+07 8.67308679e+07 8.65552253e+07
 8.63823173e+07 8.61414503e+07 8.60110307e+07 8.58805058e+07
 8.57124117e+07 8.55992292e+07 8.54802394e+07 8.53594074e+07
 8.52194779e+07 8.50344371e+07 8.47790545e+07 8.43549072e+07
 8.39329705e+07 8.36320934e+07 8.33333333e+07 8.32867847e+07
 8.31944159e+07 8.30477618e+07 8.27571674e+07 8.24655473e+07
 8.22360659e+07 8.20759814e+07 8.19642662e+07 8.18710890e+07
 8.17542643e+07 8.16350788e+07 8.15412242e+07 8.14346739e+07
 8.13089435e+07 8.11354590e+07 8.08787001e+07 8.05990416e+07
 8.03019384e+07 8.02237960e+07 8.01607266e+07 8.01131905e+07
 8.00657940e+07 8.00133597e+07 7.99763036e+07 7.99359171e+07
 7.98887023e+07 7.98273897e+07 7.97287778e+07 7.96085504e+07
 7.94883001e+07 7.93289059e+07 7.91478790e+07 7.90485353e+07
 7.89707961e+07 7.88701302e+07 7.87865900e+07 7.86789593e+07
 7.85591698e+07 7.83790644e+07 7.81488924e+07 7.78306475e+07
 7.74258041e+07 7.69174438e+07 7.63444628e+07 7.56442013e+07
 7.48387375e+07 7.38738880e+07 7.27799123e+07 7.14908602e+07
 6.99818343e+07 6.80961585e+07 6.56619797e+07 6.23849203e+07
 5.94194247e+07 5.67230633e+07 5.42607926e+07 5.20034007e+07
 0.00000000e+00 0.00000000e+00 0.00000000e+00 0.00000000e+00
 0.00000000e+00 0.00000000e+00 0.00000000e+00 0.00000000e+00
 0.00000000e+00 0.00000000e+00 0.00000000e+00 0.00000000e+00
 0.00000000e+00 0.00000000e+00 0.00000000e+00 0.00000000e+00
 0.00000000e+00 0.00000000e+00 0.00000000e+00 0.00000000e+00
 0.00000000e+00 0.00000000e+00 0.00000000e+00 0.00000000e+00
 0.00000000e+00 0.00000000e+00 0.00000000e+00 0.00000000e+00
 0.00000000e+00 0.00000000e+00 0.00000000e+00 0.00000000e+00
 0.00000000e+00 0.00000000e+00 0.00000000e+00 0.00000000e+00
 0.00000000e+00 0.00000000e+00 0.00000000e+00 0.00000000e+00
 0.00000000e+00 0.00000000e+00 0.00000000e+00 0.00000000e+00
 0.00000000e+00 0.00000000e+00 0.00000000e+00 0.00000000e+00
 0.00000000e+00 0.00000000e+00 0.00000000e+00 0.00000000e+00
 0.00000000e+00 0.00000000e+00 0.00000000e+00 0.00000000e+00
 0.00000000e+00 0.00000000e+00 0.00000000e+00 0.00000000e+00
 0.00000000e+00 0.00000000e+00 0.00000000e+00 0.00000000e+00
 0.00000000e+00 0.00000000e+00 0.00000000e+00 0.00000000e+00
 0.00000000e+00 0.00000000e+00 0.00000000e+00 0.00000000e+00
 0.00000000e+00 0.00000000e+00 0.00000000e+00 0.00000000e+00
 0.00000000e+00 0.00000000e+00 0.00000000e+00 0.00000000e+00
 0.00000000e+00 0.00000000e+00 0.00000000e+00 0.00000000e+00
 0.00000000e+00 0.00000000e+00 0.00000000e+00 0.00000000e+00
 0.00000000e+00 0.00000000e+00 0.00000000e+00 0.00000000e+00
 0.00000000e+00 0.00000000e+00 0.00000000e+00 0.00000000e+00
 0.00000000e+00 0.00000000e+00 0.00000000e+00 0.00000000e+00
 0.00000000e+00 0.00000000e+00 0.00000000e+00 0.00000000e+00
 0.00000000e+00 0.00000000e+00 0.00000000e+00 0.00000000e+00
 0.00000000e+00 0.00000000e+00 0.00000000e+00 0.00000000e+00
 0.00000000e+00 0.00000000e+00 0.00000000e+00 0.00000000e+00
 0.00000000e+00 0.00000000e+00 0.00000000e+00 0.00000000e+00
 0.00000000e+00 0.00000000e+00 0.00000000e+00 0.00000000e+00
 0.00000000e+00 0.00000000e+00 0.00000000e+00 0.00000000e+00
 0.00000000e+00 0.00000000e+00 0.00000000e+00 0.00000000e+00
 0.00000000e+00 0.00000000e+00 0.00000000e+00 0.00000000e+00
 0.00000000e+00 0.00000000e+00 0.00000000e+00 0.00000000e+00
 0.00000000e+00 0.00000000e+00 0.00000000e+00 0.00000000e+00
 0.00000000e+00 0.00000000e+00 0.00000000e+00 0.00000000e+00
 0.00000000e+00 0.00000000e+00 0.00000000e+00 0.00000000e+00
 0.00000000e+00 0.00000000e+00 0.00000000e+00 0.00000000e+00
 0.00000000e+00 0.00000000e+00 0.00000000e+00 0.00000000e+00
 0.00000000e+00 0.00000000e+00 0.00000000e+00 0.00000000e+00
 0.00000000e+00 0.00000000e+00 0.00000000e+00 0.00000000e+00
 0.00000000e+00 0.00000000e+00 0.00000000e+00 0.00000000e+00
 0.00000000e+00 0.00000000e+00 0.00000000e+00 0.00000000e+00
 0.00000000e+00 0.00000000e+00 0.00000000e+00 0.00000000e+00
 0.00000000e+00 0.00000000e+00 0.00000000e+00 0.00000000e+00
 0.00000000e+00 0.00000000e+00 0.00000000e+00 0.00000000e+00
 0.00000000e+00 0.00000000e+00 0.00000000e+00 0.00000000e+00
 0.00000000e+00 0.00000000e+00 0.00000000e+00 0.00000000e+00
 0.00000000e+00 0.00000000e+00 0.00000000e+00 0.00000000e+00
 0.00000000e+00 0.00000000e+00 0.00000000e+00 0.00000000e+00
 0.00000000e+00 0.00000000e+00 0.00000000e+00 0.00000000e+00
 0.00000000e+00 0.00000000e+00 0.00000000e+00 0.00000000e+00
 0.00000000e+00 0.00000000e+00 0.00000000e+00 0.00000000e+00
 0.00000000e+00 0.00000000e+00 0.00000000e+00 0.00000000e+00
 0.00000000e+00 0.00000000e+00 0.00000000e+00 0.00000000e+00
 0.00000000e+00 0.00000000e+00 0.00000000e+00 0.00000000e+00
 0.00000000e+00 0.00000000e+00 0.00000000e+00 0.00000000e+00
 0.00000000e+00 0.00000000e+00 0.00000000e+00 0.00000000e+00
 0.00000000e+00 0.00000000e+00 0.00000000e+00 0.00000000e+00
 0.00000000e+00 0.00000000e+00 0.00000000e+00 0.00000000e+00
 0.00000000e+00 0.00000000e+00 0.00000000e+00 0.00000000e+00
 0.00000000e+00 0.00000000e+00 0.00000000e+00 0.00000000e+00
 0.00000000e+00 0.00000000e+00 0.00000000e+00 0.00000000e+00
 0.00000000e+00 0.00000000e+00 0.00000000e+00 0.00000000e+00
 0.00000000e+00 0.00000000e+00 0.00000000e+00 0.00000000e+00
 0.00000000e+00 0.00000000e+00 0.00000000e+00 0.00000000e+00]
norm_dvd: [0. 0. 0. 0. 0. 0. 0. 0. 0. 0. 0. 0. 0. 0. 0. 0. 0. 0. 0. 0. 0. 0. 0. 0.
 0. 0. 0. 0. 0. 0. 0. 0. 0. 0. 0. 0. 0. 0. 0. 0. 0. 0. 0. 0. 0. 0. 0. 0.
 0. 0. 0. 0. 0. 0. 0. 0. 0. 0. 0. 0. 0. 0. 0. 0. 0. 0. 0. 0. 0. 0. 0. 0.
 0. 0. 0. 0. 0. 0. 0. 0. 0. 0. 0. 0. 0. 0. 0. 0. 0. 0. 0. 0. 0. 0. 0. 0.
 0. 0. 0. 0. 0. 0. 0. 0. 0. 0. 0. 0. 0. 0. 0. 0. 0. 0. 0. 0. 0. 0. 0. 0.
 0. 0. 0. 0. 0. 0. 0. 0. 0. 0. 0. 0. 0. 0. 0. 0. 0. 0. 0. 0. 0. 0. 0. 0.
 0. 0. 0. 0. 0. 0. 0. 0. 0. 0. 0. 0. 0. 0. 0. 0. 0. 0. 0. 0. 0. 0. 0. 0.
 0. 0. 0. 0. 0. 0. 0. 0. 0. 0. 0. 0. 0. 0. 0. 0. 0. 0. 0. 0. 0. 0. 0. 0.
 0. 0. 0. 0. 0. 0. 0. 0. 0. 0. 0. 0. 0. 0. 0. 0. 0. 0. 0. 0. 0. 0. 0. 0.
 0. 0. 0. 0. 0. 0. 0. 0. 0. 0. 0. 0. 0. 0. 0. 0. 0. 0. 0. 0. 0. 0. 0. 0.
 0. 0. 0. 0. 0. 0. 0. 0. 0. 0. 0. 0. 0. 0. 0. 0. 0. 0. 0. 0. 0. 0. 0. 0.
 0. 0. 0. 0. 0. 0. 0. 0. 0. 0. 0. 0. 0. 0. 0. 0. 0. 0. 0. 0. 0. 0. 0. 0.
 0. 0. 0. 0. 0. 0. 0. 0. 0. 0. 0. 0. 0. 0. 0. 0. 0. 0. 0. 0. 0. 0. 0. 0.
 0. 0. 0. 0. 0. 0. 0. 0. 0. 0. 0. 0. 0. 0. 0. 0. 0. 0. 0. 0. 0. 0. 0. 0.
 0. 0. 0. 0. 0. 0. 0. 0. 0. 0. 0. 0. 0. 0. 0. 0. 0. 0. 0. 0. 0. 0. 0. 0.
 0. 0. 0. 0. 0. 0. 0. 0. 0. 0. 0. 0. 0. 0. 0. 0. 0. 0. 0. 0. 0. 0. 0. 0.
 0. 0. 0. 0. 0. 0. 0. 0. 0. 0. 0. 0. 0. 0. 0. 0. 0. 0. 0. 0. 0. 0. 0. 0.
 0. 0. 0. 0. 0. 0. 0. 0. 0. 0. 0. 0. 0. 0. 0. 0. 0. 0. 0. 0. 0. 0. 0. 0.
 0. 0. 0. 0. 0. 0. 0. 0. 0. 0. 0. 0. 0. 0. 0. 0. 0. 0. 0. 0. 0. 0. 0. 0.
 0. 0. 0. 0. 0. 0. 0. 0. 0. 0. 0. 0. 0. 0. 0. 0. 0. 0. 0. 0. 0. 0. 0. 0.
 0. 0. 0. 0. 0. 0. 0. 0. 0. 0. 0. 0. 0. 0. 0. 0. 0. 0. 0. 0. 0. 0. 0. 0.
 0. 0. 0. 0. 0. 0. 0. 0. 0. 0. 0. 0. 0. 0. 0. 0. 0. 0. 0. 0. 0. 0. 0. 0.
 0. 0. 0. 0. 0. 0. 0. 0.]
norm_did: [0.00000000e+00 0.00000000e+00 0.00000000e+00 0.00000000e+00
 0.00000000e+00 0.00000000e+00 0.00000000e+00 0.00000000e+00
 0.00000000e+00 0.00000000e+00 0.00000000e+00 0.00000000e+00
 0.00000000e+00 0.00000000e+00 0.00000000e+00 0.00000000e+00
 0.00000000e+00 0.00000000e+00 0.00000000e+00 0.00000000e+00
 0.00000000e+00 0.00000000e+00 0.00000000e+00 0.00000000e+00
 4.54170029e+02 0.00000000e+00 0.00000000e+00 0.00000000e+00
 0.00000000e+00 0.00000000e+00 0.00000000e+00 0.00000000e+00
 0.00000000e+00 0.00000000e+00 0.00000000e+00 0.00000000e+00
 0.00000000e+00 0.00000000e+00 0.00000000e+00 0.00000000e+00
 0.00000000e+00 0.00000000e+00 0.00000000e+00 0.00000000e+00
 0.00000000e+00 0.00000000e+00 0.00000000e+00 0.00000000e+00
 0.00000000e+00 0.00000000e+00 0.00000000e+00 0.00000000e+00
 0.00000000e+00 0.00000000e+00 0.00000000e+00 0.00000000e+00
 0.00000000e+00 0.00000000e+00 0.00000000e+00 0.00000000e+00
 0.00000000e+00 4.31272756e+03 0.00000000e+00 0.00000000e+00
 0.00000000e+00 0.00000000e+00 0.00000000e+00 0.00000000e+00
 0.00000000e+00 0.00000000e+00 0.00000000e+00 1.01044948e+02
 0.00000000e+00 1.05036467e+02 8.15270729e+01 9.26586712e+01
 0.00000000e+00 2.94661336e+02 0.00000000e+00 0.00000000e+00
 0.00000000e+00 4.09873665e+02 0.00000000e+00 0.00000000e+00
 3.33081945e+02 0.00000000e+00 1.68808353e+02 3.00757104e+02
 0.00000000e+00 5.16432169e+02 0.00000000e+00 0.00000000e+00
 0.00000000e+00 0.00000000e+00 1.39400719e+03 0.00000000e+00
 0.00000000e+00 0.00000000e+00 0.00000000e+00 0.00000000e+00
 1.10163399e+03 0.00000000e+00 0.00000000e+00 3.78833301e+02
 2.88421305e+02 2.92315769e+02 0.00000000e+00 7.21210185e+02
 0.00000000e+00 6.36015919e+02 0.00000000e+00 4.20304857e+02
 2.90077073e+02 4.68213231e+02 3.57556634e+02 5.01388282e+02
 4.05714450e+02 5.81013329e+02 6.14655503e+02 8.34109220e+02
 1.05749629e+03 1.53498322e+03 2.39355253e+03 4.13500550e+03
 8.50642406e+03 2.09518715e+04 7.33334548e+04 3.71015291e+05
 1.98225618e+06 1.04249455e+07 5.44444846e+07 2.89417244e+08
 1.81789671e+09 1.59054536e+10 9.24395613e+10 2.01648875e+09
 2.67746104e+09 2.70419172e+09 2.68074030e+09 2.66544783e+09
 2.64685455e+09 2.63548267e+09 2.58342775e+09 2.50784949e+09
 2.50880410e+09 2.52151426e+09 2.50600605e+09 2.48776057e+09
 2.48851496e+09 2.46756217e+09 2.46318880e+09 2.45951942e+09
 2.45807010e+09 2.45074253e+09 2.45076214e+09 2.45071815e+09
 2.45401680e+09 2.45913874e+09 2.46446897e+09 2.44816465e+09
 2.37034841e+09 2.36299942e+09 2.36080158e+09 2.35879488e+09
 2.35409515e+09 2.35249439e+09 2.85811367e+09 2.08366792e+09
 2.34387927e+09 2.34583349e+09 2.34940887e+09 2.35670291e+09
 2.37114007e+09 2.35354129e+09 2.34400938e+09 2.33534858e+09
 2.33631078e+09 2.33283601e+09 2.32677985e+09 2.32471629e+09
 2.32773985e+09 2.33103269e+09 2.33587390e+09 2.34082976e+09
 2.34514719e+09 2.34373625e+09 2.31136021e+09 2.27027165e+09
 2.17034077e+09 2.13417030e+09 2.10303831e+09 2.08473090e+09
 2.07084897e+09 2.04297808e+09 2.03799534e+09 2.01887047e+09
 2.01356045e+09 1.96685173e+09 1.95128616e+09 1.94346604e+09
 1.91506416e+09 1.90326866e+09 1.89008903e+09 1.88013879e+09
 1.87239996e+09 1.86366918e+09 1.86310807e+09 1.81351903e+09
 1.74669907e+09 1.71092904e+09 1.68307709e+09 1.62519936e+09
 1.63942160e+09 1.64267559e+09 1.61070395e+09 1.57127961e+09
 1.53825281e+09 1.51536556e+09 1.50125063e+09 1.49402695e+09
 1.48203988e+09 1.46710216e+09 1.45860265e+09 1.44964251e+09
 1.44163913e+09 1.43209492e+09 1.40795804e+09 1.38109132e+09
 1.33281644e+09 1.32289209e+09 1.31527655e+09 1.31073990e+09
 1.30642917e+09 1.30025490e+09 1.29706579e+09 1.29357008e+09
 1.29044573e+09 1.28746217e+09 1.27986332e+09 1.26849133e+09
 1.26012802e+09 1.24672265e+09 1.22398392e+09 1.21317710e+09
 1.20775997e+09 1.19723508e+09 1.19140731e+09 1.18242754e+09
 1.17563814e+09 1.16264819e+09 1.14741829e+09 1.12415513e+09
 1.09412410e+09 1.05341635e+09 1.01095061e+09 9.58203724e+08
 9.01185906e+08 8.34560038e+08 7.65651324e+08 6.91667973e+08
 6.16912532e+08 5.38252757e+08 4.57853690e+08 3.68713448e+08
 3.09623938e+08 2.67458443e+08 2.35602558e+08 2.10281106e+08
 6.74213042e+08 0.00000000e+00 0.00000000e+00 0.00000000e+00
 0.00000000e+00 0.00000000e+00 0.00000000e+00 0.00000000e+00
 0.00000000e+00 0.00000000e+00 0.00000000e+00 0.00000000e+00
 0.00000000e+00 0.00000000e+00 0.00000000e+00 0.00000000e+00
 0.00000000e+00 0.00000000e+00 0.00000000e+00 0.00000000e+00
 0.00000000e+00 0.00000000e+00 0.00000000e+00 0.00000000e+00
 0.00000000e+00 0.00000000e+00 0.00000000e+00 0.00000000e+00
 0.00000000e+00 0.00000000e+00 0.00000000e+00 0.00000000e+00
 0.00000000e+00 0.00000000e+00 0.00000000e+00 0.00000000e+00
 0.00000000e+00 0.00000000e+00 0.00000000e+00 0.00000000e+00
 0.00000000e+00 0.00000000e+00 0.00000000e+00 0.00000000e+00
 0.00000000e+00 0.00000000e+00 0.00000000e+00 0.00000000e+00
 0.00000000e+00 0.00000000e+00 0.00000000e+00 0.00000000e+00
 0.00000000e+00 0.00000000e+00 0.00000000e+00 0.00000000e+00
 0.00000000e+00 0.00000000e+00 0.00000000e+00 0.00000000e+00
 0.00000000e+00 0.00000000e+00 0.00000000e+00 0.00000000e+00
 0.00000000e+00 0.00000000e+00 0.00000000e+00 0.00000000e+00
 0.00000000e+00 0.00000000e+00 0.00000000e+00 0.00000000e+00
 0.00000000e+00 0.00000000e+00 0.00000000e+00 0.00000000e+00
 0.00000000e+00 0.00000000e+00 0.00000000e+00 0.00000000e+00
 0.00000000e+00 0.00000000e+00 0.00000000e+00 0.00000000e+00
 0.00000000e+00 0.00000000e+00 0.00000000e+00 0.00000000e+00
 0.00000000e+00 0.00000000e+00 0.00000000e+00 0.00000000e+00
 0.00000000e+00 0.00000000e+00 0.00000000e+00 0.00000000e+00
 0.00000000e+00 0.00000000e+00 0.00000000e+00 0.00000000e+00
 0.00000000e+00 0.00000000e+00 0.00000000e+00 0.00000000e+00
 0.00000000e+00 0.00000000e+00 0.00000000e+00 0.00000000e+00
 0.00000000e+00 0.00000000e+00 0.00000000e+00 0.00000000e+00
 0.00000000e+00 0.00000000e+00 0.00000000e+00 0.00000000e+00
 0.00000000e+00 0.00000000e+00 0.00000000e+00 0.00000000e+00
 0.00000000e+00 0.00000000e+00 0.00000000e+00 0.00000000e+00
 0.00000000e+00 0.00000000e+00 0.00000000e+00 0.00000000e+00
 0.00000000e+00 0.00000000e+00 0.00000000e+00 0.00000000e+00
 0.00000000e+00 0.00000000e+00 0.00000000e+00 0.00000000e+00
 0.00000000e+00 0.00000000e+00 0.00000000e+00 0.00000000e+00
 0.00000000e+00 0.00000000e+00 0.00000000e+00 0.00000000e+00
 0.00000000e+00 0.00000000e+00 0.00000000e+00 0.00000000e+00
 0.00000000e+00 0.00000000e+00 0.00000000e+00 0.00000000e+00
 0.00000000e+00 0.00000000e+00 0.00000000e+00 0.00000000e+00
 0.00000000e+00 0.00000000e+00 0.00000000e+00 0.00000000e+00
 0.00000000e+00 0.00000000e+00 0.00000000e+00 0.00000000e+00
 0.00000000e+00 0.00000000e+00 0.00000000e+00 0.00000000e+00
 0.00000000e+00 0.00000000e+00 0.00000000e+00 0.00000000e+00
 0.00000000e+00 0.00000000e+00 0.00000000e+00 0.00000000e+00
 0.00000000e+00 0.00000000e+00 0.00000000e+00 0.00000000e+00
 0.00000000e+00 0.00000000e+00 0.00000000e+00 0.00000000e+00
 0.00000000e+00 0.00000000e+00 0.00000000e+00 0.00000000e+00
 0.00000000e+00 0.00000000e+00 0.00000000e+00 0.00000000e+00
 0.00000000e+00 0.00000000e+00 0.00000000e+00 0.00000000e+00
 0.00000000e+00 0.00000000e+00 0.00000000e+00 0.00000000e+00
 0.00000000e+00 0.00000000e+00 0.00000000e+00 0.00000000e+00
 0.00000000e+00 0.00000000e+00 0.00000000e+00 0.00000000e+00
 0.00000000e+00 0.00000000e+00 0.00000000e+00 0.00000000e+00
 0.00000000e+00 0.00000000e+00 0.00000000e+00 0.00000000e+00
 0.00000000e+00 0.00000000e+00 0.00000000e+00 0.00000000e+00
 0.00000000e+00 0.00000000e+00 0.00000000e+00 0.00000000e+00
 0.00000000e+00 0.00000000e+00 0.00000000e+00 0.00000000e+00
 0.00000000e+00 0.00000000e+00 0.00000000e+00 0.00000000e+00
 0.00000000e+00 0.00000000e+00 0.00000000e+00 0.00000000e+00
 0.00000000e+00 0.00000000e+00 0.00000000e+00 0.00000000e+00
 0.00000000e+00 0.00000000e+00 0.00000000e+00 0.00000000e+00
 0.00000000e+00 0.00000000e+00 0.00000000e+00 0.00000000e+00
 0.00000000e+00 0.00000000e+00 0.00000000e+00 0.00000000e+00
 0.00000000e+00 0.00000000e+00 0.00000000e+00 0.00000000e+00
 0.00000000e+00 0.00000000e+00 0.00000000e+00 0.00000000e+00
 0.00000000e+00 0.00000000e+00 0.00000000e+00 0.00000000e+00
 0.00000000e+00 0.00000000e+00 0.00000000e+00 0.00000000e+00]
[WARNING]: Quasi-static verification failed
[WARNING]: Max normalized derivatives: dVg/dt=2.50e+11, dVd/dt=0.00e+00, dId/dt=9.24e+10

  ngspice: ✓ PASS  (94.3s)

✓ Benchmark completed: /home/duhaochen/website-trial-v1/data/spice-model-benchmark/156d25d387207241717c7b8d8350ea60/ngspice
