
6. Printing statistics.

=== adder_top ===

        +----------Local Count, excluding submodules.
        |        +-Local Area, excluding submodules.
        |        | 
       91        - wires
      136        - wire bits
        5        - public wires
       50        - public wire bits
        5        - ports
       50        - port bits
      103  323.348 cells
        9   21.118   AND2X1
       11   30.974   AOI21X1
        1    3.285   AOI22X1
        4    5.632   INVX1
       19   35.667   NAND2X1
        5   11.732   NAND3X1
        6   14.079   NOR2X1
        2    5.632   NOR3X1
        6   16.895   OAI21X1
        4    9.386   OR2X1
       22  103.246   XNOR2X1
       14   65.702   XOR2X1

   Chip area for module '\adder_top': 323.347700
     of which used for sequential elements: 0.000000 (0.00%)

