OpenSTA 3.1.0 543361765b Copyright (c) 2026, Parallax Software, Inc.
License GPLv3: GNU GPL version 3 <http://gnu.org/licenses/gpl.html>

This is free software, and you are free to change and redistribute it
under certain conditions; type `show_copying' for details. 
This program comes with ABSOLUTELY NO WARRANTY; for details type `show_warranty'.
Startpoint: b[0] (input port clocked by vclk)
Endpoint: sum[13] (output port clocked by vclk)
Path Group: vclk
Path Type: max

        Cap        Slew       Delay        Time   Description
---------------------------------------------------------------------------------------
               0.000000    0.000000    0.000000   clock vclk (rise edge)
                           0.000000    0.000000   clock network delay (ideal)
                           0.000000    0.000000 ^ input external delay
   0.011155    0.050000    0.000000    0.000000 ^ b[0] (in)
               0.050000    0.000000    0.000000 ^ _134_/B (XOR2X1)
   0.008009    0.069039    0.071620    0.071620 ^ _134_/Y (XOR2X1)
               0.069039    0.000000    0.071620 ^ _135_/B (AND2X1)
   0.004729    0.038688    0.046052    0.117672 ^ _135_/Y (AND2X1)
               0.038688    0.000000    0.117672 ^ _136_/B (AND2X1)
   0.008009    0.057643    0.058400    0.176072 ^ _136_/Y (AND2X1)
               0.057643    0.000000    0.176072 ^ _137_/B (AND2X1)
   0.008390    0.057397    0.058204    0.234276 ^ _137_/Y (AND2X1)
               0.057397    0.000000    0.234276 ^ _139_/B (AOI21X1)
   0.010636    0.037067    0.050109    0.284385 v _139_/Y (AOI21X1)
               0.037067    0.000000    0.284385 v _142_/B (NOR3X1)
   0.010655    0.089954    0.072754    0.357139 ^ _142_/Y (NOR3X1)
               0.089954    0.000000    0.357139 ^ _144_/C (NAND3X1)
   0.004450    0.019713    0.032541    0.389680 v _144_/Y (NAND3X1)
               0.019713    0.000000    0.389680 v _148_/A (AOI21X1)
   0.007375    0.051713    0.055071    0.444751 ^ _148_/Y (AOI21X1)
               0.051713    0.000000    0.444751 ^ _150_/C (NAND3X1)
   0.004191    0.019666    0.023178    0.467929 v _150_/Y (NAND3X1)
               0.019666    0.000000    0.467929 v _151_/B (OR2X1)
   0.006321    0.023830    0.057798    0.525727 v _151_/Y (OR2X1)
               0.023830    0.000000    0.525727 v _156_/A (AOI21X1)
   0.007375    0.051778    0.056139    0.581865 ^ _156_/Y (AOI21X1)
               0.051778    0.000000    0.581865 ^ _160_/C (AOI21X1)
   0.005004    0.023284    0.029622    0.611488 v _160_/Y (AOI21X1)
               0.023284    0.000000    0.611488 v _161_/B (XNOR2X1)
   0.010000    0.075775    0.075359    0.686847 ^ _161_/Y (XNOR2X1)
               0.075775    0.000000    0.686847 ^ sum[13] (out)
                                       0.686847   data arrival time

               0.000000  100.000000  100.000000   clock vclk (rise edge)
                           0.000000  100.000000   clock network delay (ideal)
                           0.000000  100.000000   clock reconvergence pessimism
                           0.000000  100.000000   output external delay
                                     100.000000   data required time
---------------------------------------------------------------------------------------
                                     100.000000   data required time
                                      -0.686847   data arrival time
---------------------------------------------------------------------------------------
                                      99.313148   slack (MET)


Startpoint: b[0] (input port clocked by vclk)
Endpoint: sum[14] (output port clocked by vclk)
Path Group: vclk
Path Type: max

        Cap        Slew       Delay        Time   Description
---------------------------------------------------------------------------------------
               0.000000    0.000000    0.000000   clock vclk (rise edge)
                           0.000000    0.000000   clock network delay (ideal)
                           0.000000    0.000000 ^ input external delay
   0.011155    0.050000    0.000000    0.000000 ^ b[0] (in)
               0.050000    0.000000    0.000000 ^ _134_/B (XOR2X1)
   0.008009    0.069039    0.071620    0.071620 ^ _134_/Y (XOR2X1)
               0.069039    0.000000    0.071620 ^ _135_/B (AND2X1)
   0.004729    0.038688    0.046052    0.117672 ^ _135_/Y (AND2X1)
               0.038688    0.000000    0.117672 ^ _136_/B (AND2X1)
   0.008009    0.057643    0.058400    0.176072 ^ _136_/Y (AND2X1)
               0.057643    0.000000    0.176072 ^ _137_/B (AND2X1)
   0.008390    0.057397    0.058204    0.234276 ^ _137_/Y (AND2X1)
               0.057397    0.000000    0.234276 ^ _139_/B (AOI21X1)
   0.010636    0.037067    0.050109    0.284385 v _139_/Y (AOI21X1)
               0.037067    0.000000    0.284385 v _142_/B (NOR3X1)
   0.010655    0.089954    0.072754    0.357139 ^ _142_/Y (NOR3X1)
               0.089954    0.000000    0.357139 ^ _144_/C (NAND3X1)
   0.004450    0.019713    0.032541    0.389680 v _144_/Y (NAND3X1)
               0.019713    0.000000    0.389680 v _148_/A (AOI21X1)
   0.007375    0.051713    0.055071    0.444751 ^ _148_/Y (AOI21X1)
               0.051713    0.000000    0.444751 ^ _150_/C (NAND3X1)
   0.004191    0.019666    0.023178    0.467929 v _150_/Y (NAND3X1)
               0.019666    0.000000    0.467929 v _151_/B (OR2X1)
   0.006321    0.023830    0.057798    0.525727 v _151_/Y (OR2X1)
               0.023830    0.000000    0.525727 v _156_/A (AOI21X1)
   0.007375    0.051778    0.056139    0.581865 ^ _156_/Y (AOI21X1)
               0.051778    0.000000    0.581865 ^ _157_/B (NAND2X1)
   0.005004    0.025276    0.029324    0.611189 v _157_/Y (NAND2X1)
               0.025276    0.000000    0.611189 v _159_/B (XNOR2X1)
   0.010000    0.075726    0.075563    0.686752 ^ _159_/Y (XNOR2X1)
               0.075726    0.000000    0.686752 ^ sum[14] (out)
                                       0.686752   data arrival time

               0.000000  100.000000  100.000000   clock vclk (rise edge)
                           0.000000  100.000000   clock network delay (ideal)
                           0.000000  100.000000   clock reconvergence pessimism
                           0.000000  100.000000   output external delay
                                     100.000000   data required time
---------------------------------------------------------------------------------------
                                     100.000000   data required time
                                      -0.686752   data arrival time
---------------------------------------------------------------------------------------
                                      99.313240   slack (MET)


Startpoint: b[0] (input port clocked by vclk)
Endpoint: cout (output port clocked by vclk)
Path Group: vclk
Path Type: max

        Cap        Slew       Delay        Time   Description
---------------------------------------------------------------------------------------
               0.000000    0.000000    0.000000   clock vclk (rise edge)
                           0.000000    0.000000   clock network delay (ideal)
                           0.000000    0.000000 ^ input external delay
   0.011155    0.050000    0.000000    0.000000 ^ b[0] (in)
               0.050000    0.000000    0.000000 ^ _134_/B (XOR2X1)
   0.008009    0.069039    0.071620    0.071620 ^ _134_/Y (XOR2X1)
               0.069039    0.000000    0.071620 ^ _135_/B (AND2X1)
   0.004729    0.038688    0.046052    0.117672 ^ _135_/Y (AND2X1)
               0.038688    0.000000    0.117672 ^ _136_/B (AND2X1)
   0.008009    0.057643    0.058400    0.176072 ^ _136_/Y (AND2X1)
               0.057643    0.000000    0.176072 ^ _137_/B (AND2X1)
   0.008390    0.057397    0.058204    0.234276 ^ _137_/Y (AND2X1)
               0.057397    0.000000    0.234276 ^ _139_/B (AOI21X1)
   0.010636    0.037067    0.050109    0.284385 v _139_/Y (AOI21X1)
               0.037067    0.000000    0.284385 v _142_/B (NOR3X1)
   0.010655    0.089954    0.072754    0.357139 ^ _142_/Y (NOR3X1)
               0.089954    0.000000    0.357139 ^ _144_/C (NAND3X1)
   0.004450    0.019713    0.032541    0.389680 v _144_/Y (NAND3X1)
               0.019713    0.000000    0.389680 v _148_/A (AOI21X1)
   0.007375    0.051713    0.055071    0.444751 ^ _148_/Y (AOI21X1)
               0.051713    0.000000    0.444751 ^ _150_/C (NAND3X1)
   0.004191    0.019666    0.023178    0.467929 v _150_/Y (NAND3X1)
               0.019666    0.000000    0.467929 v _151_/B (OR2X1)
   0.006321    0.023830    0.057798    0.525727 v _151_/Y (OR2X1)
               0.023830    0.000000    0.525727 v _156_/A (AOI21X1)
   0.007375    0.051778    0.056139    0.581865 ^ _156_/Y (AOI21X1)
               0.051778    0.000000    0.581865 ^ _158_/C (NAND3X1)
   0.007189    0.026588    0.028211    0.610076 v _158_/Y (NAND3X1)
               0.026588    0.000000    0.610076 v _183_/A (OAI21X1)
   0.010000    0.077424    0.070722    0.680798 ^ _183_/Y (OAI21X1)
               0.077424    0.000000    0.680798 ^ cout (out)
                                       0.680798   data arrival time

               0.000000  100.000000  100.000000   clock vclk (rise edge)
                           0.000000  100.000000   clock network delay (ideal)
                           0.000000  100.000000   clock reconvergence pessimism
                           0.000000  100.000000   output external delay
                                     100.000000   data required time
---------------------------------------------------------------------------------------
                                     100.000000   data required time
                                      -0.680798   data arrival time
---------------------------------------------------------------------------------------
                                      99.319199   slack (MET)


Startpoint: b[0] (input port clocked by vclk)
Endpoint: sum[15] (output port clocked by vclk)
Path Group: vclk
Path Type: max

        Cap        Slew       Delay        Time   Description
---------------------------------------------------------------------------------------
               0.000000    0.000000    0.000000   clock vclk (rise edge)
                           0.000000    0.000000   clock network delay (ideal)
                           0.000000    0.000000 ^ input external delay
   0.011155    0.050000    0.000000    0.000000 ^ b[0] (in)
               0.050000    0.000000    0.000000 ^ _134_/B (XOR2X1)
   0.008009    0.069039    0.071620    0.071620 ^ _134_/Y (XOR2X1)
               0.069039    0.000000    0.071620 ^ _135_/B (AND2X1)
   0.004729    0.038688    0.046052    0.117672 ^ _135_/Y (AND2X1)
               0.038688    0.000000    0.117672 ^ _136_/B (AND2X1)
   0.008009    0.057643    0.058400    0.176072 ^ _136_/Y (AND2X1)
               0.057643    0.000000    0.176072 ^ _137_/B (AND2X1)
   0.008390    0.057397    0.058204    0.234276 ^ _137_/Y (AND2X1)
               0.057397    0.000000    0.234276 ^ _139_/B (AOI21X1)
   0.010636    0.037067    0.050109    0.284385 v _139_/Y (AOI21X1)
               0.037067    0.000000    0.284385 v _142_/B (NOR3X1)
   0.010655    0.089954    0.072754    0.357139 ^ _142_/Y (NOR3X1)
               0.089954    0.000000    0.357139 ^ _144_/C (NAND3X1)
   0.004450    0.019713    0.032541    0.389680 v _144_/Y (NAND3X1)
               0.019713    0.000000    0.389680 v _148_/A (AOI21X1)
   0.007375    0.051713    0.055071    0.444751 ^ _148_/Y (AOI21X1)
               0.051713    0.000000    0.444751 ^ _150_/C (NAND3X1)
   0.004191    0.019666    0.023178    0.467929 v _150_/Y (NAND3X1)
               0.019666    0.000000    0.467929 v _151_/B (OR2X1)
   0.006321    0.023830    0.057798    0.525727 v _151_/Y (OR2X1)
               0.023830    0.000000    0.525727 v _156_/A (AOI21X1)
   0.007375    0.051778    0.056139    0.581865 ^ _156_/Y (AOI21X1)
               0.051778    0.000000    0.581865 ^ _158_/C (NAND3X1)
   0.007189    0.026588    0.028211    0.610076 v _158_/Y (NAND3X1)
               0.026588    0.000000    0.610076 v _186_/A (XNOR2X1)
   0.010000    0.075639    0.062088    0.672164 ^ _186_/Y (XNOR2X1)
               0.075639    0.000000    0.672164 ^ sum[15] (out)
                                       0.672164   data arrival time

               0.000000  100.000000  100.000000   clock vclk (rise edge)
                           0.000000  100.000000   clock network delay (ideal)
                           0.000000  100.000000   clock reconvergence pessimism
                           0.000000  100.000000   output external delay
                                     100.000000   data required time
---------------------------------------------------------------------------------------
                                     100.000000   data required time
                                      -0.672164   data arrival time
---------------------------------------------------------------------------------------
                                      99.327827   slack (MET)


Startpoint: b[0] (input port clocked by vclk)
Endpoint: sum[12] (output port clocked by vclk)
Path Group: vclk
Path Type: max

        Cap        Slew       Delay        Time   Description
---------------------------------------------------------------------------------------
               0.000000    0.000000    0.000000   clock vclk (rise edge)
                           0.000000    0.000000   clock network delay (ideal)
                           0.000000    0.000000 ^ input external delay
   0.011155    0.050000    0.000000    0.000000 ^ b[0] (in)
               0.050000    0.000000    0.000000 ^ _134_/B (XOR2X1)
   0.008009    0.069039    0.071620    0.071620 ^ _134_/Y (XOR2X1)
               0.069039    0.000000    0.071620 ^ _135_/B (AND2X1)
   0.004729    0.038688    0.046052    0.117672 ^ _135_/Y (AND2X1)
               0.038688    0.000000    0.117672 ^ _136_/B (AND2X1)
   0.008009    0.057643    0.058400    0.176072 ^ _136_/Y (AND2X1)
               0.057643    0.000000    0.176072 ^ _137_/B (AND2X1)
   0.008390    0.057397    0.058204    0.234276 ^ _137_/Y (AND2X1)
               0.057397    0.000000    0.234276 ^ _139_/B (AOI21X1)
   0.010636    0.037067    0.050109    0.284385 v _139_/Y (AOI21X1)
               0.037067    0.000000    0.284385 v _142_/B (NOR3X1)
   0.010655    0.089954    0.072754    0.357139 ^ _142_/Y (NOR3X1)
               0.089954    0.000000    0.357139 ^ _144_/C (NAND3X1)
   0.004450    0.019713    0.032541    0.389680 v _144_/Y (NAND3X1)
               0.019713    0.000000    0.389680 v _148_/A (AOI21X1)
   0.007375    0.051713    0.055071    0.444751 ^ _148_/Y (AOI21X1)
               0.051713    0.000000    0.444751 ^ _150_/C (NAND3X1)
   0.004191    0.019666    0.023178    0.467929 v _150_/Y (NAND3X1)
               0.019666    0.000000    0.467929 v _151_/B (OR2X1)
   0.006321    0.023830    0.057798    0.525727 v _151_/Y (OR2X1)
               0.023830    0.000000    0.525727 v _154_/A (NAND2X1)
   0.005001    0.047674    0.039172    0.564899 ^ _154_/Y (NAND2X1)
               0.047674    0.000000    0.564899 ^ _162_/A (XNOR2X1)
   0.010000    0.075594    0.064672    0.629571 ^ _162_/Y (XNOR2X1)
               0.075594    0.000000    0.629571 ^ sum[12] (out)
                                       0.629571   data arrival time

               0.000000  100.000000  100.000000   clock vclk (rise edge)
                           0.000000  100.000000   clock network delay (ideal)
                           0.000000  100.000000   clock reconvergence pessimism
                           0.000000  100.000000   output external delay
                                     100.000000   data required time
---------------------------------------------------------------------------------------
                                     100.000000   data required time
                                      -0.629571   data arrival time
---------------------------------------------------------------------------------------
                                      99.370430   slack (MET)


Startpoint: b[0] (input port clocked by vclk)
Endpoint: sum[11] (output port clocked by vclk)
Path Group: vclk
Path Type: max

        Cap        Slew       Delay        Time   Description
---------------------------------------------------------------------------------------
               0.000000    0.000000    0.000000   clock vclk (rise edge)
                           0.000000    0.000000   clock network delay (ideal)
                           0.000000    0.000000 ^ input external delay
   0.011155    0.050000    0.000000    0.000000 ^ b[0] (in)
               0.050000    0.000000    0.000000 ^ _134_/B (XOR2X1)
   0.008009    0.069039    0.071620    0.071620 ^ _134_/Y (XOR2X1)
               0.069039    0.000000    0.071620 ^ _135_/B (AND2X1)
   0.004729    0.038688    0.046052    0.117672 ^ _135_/Y (AND2X1)
               0.038688    0.000000    0.117672 ^ _136_/B (AND2X1)
   0.008009    0.057643    0.058400    0.176072 ^ _136_/Y (AND2X1)
               0.057643    0.000000    0.176072 ^ _137_/B (AND2X1)
   0.008390    0.057397    0.058204    0.234276 ^ _137_/Y (AND2X1)
               0.057397    0.000000    0.234276 ^ _139_/B (AOI21X1)
   0.010636    0.037067    0.050109    0.284385 v _139_/Y (AOI21X1)
               0.037067    0.000000    0.284385 v _142_/B (NOR3X1)
   0.010655    0.089954    0.072754    0.357139 ^ _142_/Y (NOR3X1)
               0.089954    0.000000    0.357139 ^ _144_/C (NAND3X1)
   0.004450    0.019713    0.032541    0.389680 v _144_/Y (NAND3X1)
               0.019713    0.000000    0.389680 v _148_/A (AOI21X1)
   0.007375    0.051713    0.055071    0.444751 ^ _148_/Y (AOI21X1)
               0.051713    0.000000    0.444751 ^ _150_/C (NAND3X1)
   0.004191    0.019666    0.023178    0.467929 v _150_/Y (NAND3X1)
               0.019666    0.000000    0.467929 v _151_/B (OR2X1)
   0.006321    0.023830    0.057798    0.525727 v _151_/Y (OR2X1)
               0.023830    0.000000    0.525727 v _185_/A (AND2X1)
   0.010000    0.038509    0.050377    0.576103 v _185_/Y (AND2X1)
               0.038509    0.000000    0.576103 v sum[11] (out)
                                       0.576103   data arrival time

               0.000000  100.000000  100.000000   clock vclk (rise edge)
                           0.000000  100.000000   clock network delay (ideal)
                           0.000000  100.000000   clock reconvergence pessimism
                           0.000000  100.000000   output external delay
                                     100.000000   data required time
---------------------------------------------------------------------------------------
                                     100.000000   data required time
                                      -0.576103   data arrival time
---------------------------------------------------------------------------------------
                                      99.423897   slack (MET)


Startpoint: b[0] (input port clocked by vclk)
Endpoint: sum[10] (output port clocked by vclk)
Path Group: vclk
Path Type: max

        Cap        Slew       Delay        Time   Description
---------------------------------------------------------------------------------------
               0.000000    0.000000    0.000000   clock vclk (rise edge)
                           0.000000    0.000000   clock network delay (ideal)
                           0.000000    0.000000 ^ input external delay
   0.011155    0.050000    0.000000    0.000000 ^ b[0] (in)
               0.050000    0.000000    0.000000 ^ _134_/B (XOR2X1)
   0.008009    0.069039    0.071620    0.071620 ^ _134_/Y (XOR2X1)
               0.069039    0.000000    0.071620 ^ _135_/B (AND2X1)
   0.004729    0.038688    0.046052    0.117672 ^ _135_/Y (AND2X1)
               0.038688    0.000000    0.117672 ^ _136_/B (AND2X1)
   0.008009    0.057643    0.058400    0.176072 ^ _136_/Y (AND2X1)
               0.057643    0.000000    0.176072 ^ _137_/B (AND2X1)
   0.008390    0.057397    0.058204    0.234276 ^ _137_/Y (AND2X1)
               0.057397    0.000000    0.234276 ^ _139_/B (AOI21X1)
   0.010636    0.037067    0.050109    0.284385 v _139_/Y (AOI21X1)
               0.037067    0.000000    0.284385 v _142_/B (NOR3X1)
   0.010655    0.089954    0.072754    0.357139 ^ _142_/Y (NOR3X1)
               0.089954    0.000000    0.357139 ^ _144_/C (NAND3X1)
   0.004450    0.019713    0.032541    0.389680 v _144_/Y (NAND3X1)
               0.019713    0.000000    0.389680 v _148_/A (AOI21X1)
   0.007375    0.051713    0.055071    0.444751 ^ _148_/Y (AOI21X1)
               0.051713    0.000000    0.444751 ^ _149_/B (NAND2X1)
   0.005004    0.025282    0.029310    0.474060 v _149_/Y (NAND2X1)
               0.025282    0.000000    0.474060 v _163_/B (XNOR2X1)
   0.010000    0.075726    0.075564    0.549624 ^ _163_/Y (XNOR2X1)
               0.075726    0.000000    0.549624 ^ sum[10] (out)
                                       0.549624   data arrival time

               0.000000  100.000000  100.000000   clock vclk (rise edge)
                           0.000000  100.000000   clock network delay (ideal)
                           0.000000  100.000000   clock reconvergence pessimism
                           0.000000  100.000000   output external delay
                                     100.000000   data required time
---------------------------------------------------------------------------------------
                                     100.000000   data required time
                                      -0.549624   data arrival time
---------------------------------------------------------------------------------------
                                      99.450371   slack (MET)


Startpoint: b[0] (input port clocked by vclk)
Endpoint: sum[9] (output port clocked by vclk)
Path Group: vclk
Path Type: max

        Cap        Slew       Delay        Time   Description
---------------------------------------------------------------------------------------
               0.000000    0.000000    0.000000   clock vclk (rise edge)
                           0.000000    0.000000   clock network delay (ideal)
                           0.000000    0.000000 ^ input external delay
   0.011155    0.050000    0.000000    0.000000 ^ b[0] (in)
               0.050000    0.000000    0.000000 ^ _134_/B (XOR2X1)
   0.008009    0.069039    0.071620    0.071620 ^ _134_/Y (XOR2X1)
               0.069039    0.000000    0.071620 ^ _135_/B (AND2X1)
   0.004729    0.038688    0.046052    0.117672 ^ _135_/Y (AND2X1)
               0.038688    0.000000    0.117672 ^ _136_/B (AND2X1)
   0.008009    0.057643    0.058400    0.176072 ^ _136_/Y (AND2X1)
               0.057643    0.000000    0.176072 ^ _137_/B (AND2X1)
   0.008390    0.057397    0.058204    0.234276 ^ _137_/Y (AND2X1)
               0.057397    0.000000    0.234276 ^ _139_/B (AOI21X1)
   0.010636    0.037067    0.050109    0.284385 v _139_/Y (AOI21X1)
               0.037067    0.000000    0.284385 v _142_/B (NOR3X1)
   0.010655    0.089954    0.072754    0.357139 ^ _142_/Y (NOR3X1)
               0.089954    0.000000    0.357139 ^ _144_/C (NAND3X1)
   0.004450    0.019713    0.032541    0.389680 v _144_/Y (NAND3X1)
               0.019713    0.000000    0.389680 v _148_/A (AOI21X1)
   0.007375    0.051713    0.055071    0.444751 ^ _148_/Y (AOI21X1)
               0.051713    0.000000    0.444751 ^ _164_/C (AOI21X1)
   0.005004    0.023284    0.029603    0.474354 v _164_/Y (AOI21X1)
               0.023284    0.000000    0.474354 v _165_/B (XNOR2X1)
   0.010000    0.075775    0.075359    0.549713 ^ _165_/Y (XNOR2X1)
               0.075775    0.000000    0.549713 ^ sum[9] (out)
                                       0.549713   data arrival time

               0.000000  100.000000  100.000000   clock vclk (rise edge)
                           0.000000  100.000000   clock network delay (ideal)
                           0.000000  100.000000   clock reconvergence pessimism
                           0.000000  100.000000   output external delay
                                     100.000000   data required time
---------------------------------------------------------------------------------------
                                     100.000000   data required time
                                      -0.549713   data arrival time
---------------------------------------------------------------------------------------
                                      99.450287   slack (MET)


Startpoint: b[0] (input port clocked by vclk)
Endpoint: sum[8] (output port clocked by vclk)
Path Group: vclk
Path Type: max

        Cap        Slew       Delay        Time   Description
---------------------------------------------------------------------------------------
               0.000000    0.000000    0.000000   clock vclk (rise edge)
                           0.000000    0.000000   clock network delay (ideal)
                           0.000000    0.000000 ^ input external delay
   0.011155    0.050000    0.000000    0.000000 ^ b[0] (in)
               0.050000    0.000000    0.000000 ^ _134_/B (XOR2X1)
   0.008009    0.069039    0.071620    0.071620 ^ _134_/Y (XOR2X1)
               0.069039    0.000000    0.071620 ^ _135_/B (AND2X1)
   0.004729    0.038688    0.046052    0.117672 ^ _135_/Y (AND2X1)
               0.038688    0.000000    0.117672 ^ _136_/B (AND2X1)
   0.008009    0.057643    0.058400    0.176072 ^ _136_/Y (AND2X1)
               0.057643    0.000000    0.176072 ^ _137_/B (AND2X1)
   0.008390    0.057397    0.058204    0.234276 ^ _137_/Y (AND2X1)
               0.057397    0.000000    0.234276 ^ _139_/B (AOI21X1)
   0.010636    0.037067    0.050109    0.284385 v _139_/Y (AOI21X1)
               0.037067    0.000000    0.284385 v _142_/B (NOR3X1)
   0.010655    0.089954    0.072754    0.357139 ^ _142_/Y (NOR3X1)
               0.089954    0.000000    0.357139 ^ _144_/C (NAND3X1)
   0.004450    0.019713    0.032541    0.389680 v _144_/Y (NAND3X1)
               0.019713    0.000000    0.389680 v _146_/A (NAND2X1)
   0.005001    0.047192    0.037874    0.427554 ^ _146_/Y (NAND2X1)
               0.047192    0.000000    0.427554 ^ _166_/A (XNOR2X1)
   0.010000    0.075594    0.064613    0.492167 ^ _166_/Y (XNOR2X1)
               0.075594    0.000000    0.492167 ^ sum[8] (out)
                                       0.492167   data arrival time

               0.000000  100.000000  100.000000   clock vclk (rise edge)
                           0.000000  100.000000   clock network delay (ideal)
                           0.000000  100.000000   clock reconvergence pessimism
                           0.000000  100.000000   output external delay
                                     100.000000   data required time
---------------------------------------------------------------------------------------
                                     100.000000   data required time
                                      -0.492167   data arrival time
---------------------------------------------------------------------------------------
                                      99.507835   slack (MET)


Startpoint: b[0] (input port clocked by vclk)
Endpoint: sum[7] (output port clocked by vclk)
Path Group: vclk
Path Type: max

        Cap        Slew       Delay        Time   Description
---------------------------------------------------------------------------------------
               0.000000    0.000000    0.000000   clock vclk (rise edge)
                           0.000000    0.000000   clock network delay (ideal)
                           0.000000    0.000000 ^ input external delay
   0.011155    0.050000    0.000000    0.000000 ^ b[0] (in)
               0.050000    0.000000    0.000000 ^ _134_/B (XOR2X1)
   0.008009    0.069039    0.071620    0.071620 ^ _134_/Y (XOR2X1)
               0.069039    0.000000    0.071620 ^ _135_/B (AND2X1)
   0.004729    0.038688    0.046052    0.117672 ^ _135_/Y (AND2X1)
               0.038688    0.000000    0.117672 ^ _136_/B (AND2X1)
   0.008009    0.057643    0.058400    0.176072 ^ _136_/Y (AND2X1)
               0.057643    0.000000    0.176072 ^ _137_/B (AND2X1)
   0.008390    0.057397    0.058204    0.234276 ^ _137_/Y (AND2X1)
               0.057397    0.000000    0.234276 ^ _139_/B (AOI21X1)
   0.010636    0.037067    0.050109    0.284385 v _139_/Y (AOI21X1)
               0.037067    0.000000    0.284385 v _142_/B (NOR3X1)
   0.010655    0.089954    0.072754    0.357139 ^ _142_/Y (NOR3X1)
               0.089954    0.000000    0.357139 ^ _143_/B (NAND2X1)
   0.005004    0.021436    0.037725    0.394864 v _143_/Y (NAND2X1)
               0.021436    0.000000    0.394864 v _187_/B (XNOR2X1)
   0.010000    0.075820    0.075169    0.470033 ^ _187_/Y (XNOR2X1)
               0.075820    0.000000    0.470033 ^ sum[7] (out)
                                       0.470033   data arrival time

               0.000000  100.000000  100.000000   clock vclk (rise edge)
                           0.000000  100.000000   clock network delay (ideal)
                           0.000000  100.000000   clock reconvergence pessimism
                           0.000000  100.000000   output external delay
                                     100.000000   data required time
---------------------------------------------------------------------------------------
                                     100.000000   data required time
                                      -0.470033   data arrival time
---------------------------------------------------------------------------------------
                                      99.529968   slack (MET)


Startpoint: b[0] (input port clocked by vclk)
Endpoint: sum[6] (output port clocked by vclk)
Path Group: vclk
Path Type: max

        Cap        Slew       Delay        Time   Description
---------------------------------------------------------------------------------------
               0.000000    0.000000    0.000000   clock vclk (rise edge)
                           0.000000    0.000000   clock network delay (ideal)
                           0.000000    0.000000 ^ input external delay
   0.011155    0.050000    0.000000    0.000000 ^ b[0] (in)
               0.050000    0.000000    0.000000 ^ _134_/B (XOR2X1)
   0.008009    0.069039    0.071620    0.071620 ^ _134_/Y (XOR2X1)
               0.069039    0.000000    0.071620 ^ _135_/B (AND2X1)
   0.004729    0.038688    0.046052    0.117672 ^ _135_/Y (AND2X1)
               0.038688    0.000000    0.117672 ^ _136_/B (AND2X1)
   0.008009    0.057643    0.058400    0.176072 ^ _136_/Y (AND2X1)
               0.057643    0.000000    0.176072 ^ _137_/B (AND2X1)
   0.008390    0.057397    0.058204    0.234276 ^ _137_/Y (AND2X1)
               0.057397    0.000000    0.234276 ^ _139_/B (AOI21X1)
   0.010636    0.037067    0.050109    0.284385 v _139_/Y (AOI21X1)
               0.037067    0.000000    0.284385 v _142_/B (NOR3X1)
   0.010655    0.089954    0.072754    0.357139 ^ _142_/Y (NOR3X1)
               0.089954    0.000000    0.357139 ^ _167_/B (XOR2X1)
   0.010000    0.079007    0.081949    0.439088 ^ _167_/Y (XOR2X1)
               0.079007    0.000000    0.439088 ^ sum[6] (out)
                                       0.439088   data arrival time

               0.000000  100.000000  100.000000   clock vclk (rise edge)
                           0.000000  100.000000   clock network delay (ideal)
                           0.000000  100.000000   clock reconvergence pessimism
                           0.000000  100.000000   output external delay
                                     100.000000   data required time
---------------------------------------------------------------------------------------
                                     100.000000   data required time
                                      -0.439088   data arrival time
---------------------------------------------------------------------------------------
                                      99.560913   slack (MET)


Startpoint: b[0] (input port clocked by vclk)
Endpoint: sum[5] (output port clocked by vclk)
Path Group: vclk
Path Type: max

        Cap        Slew       Delay        Time   Description
---------------------------------------------------------------------------------------
               0.000000    0.000000    0.000000   clock vclk (rise edge)
                           0.000000    0.000000   clock network delay (ideal)
                           0.000000    0.000000 ^ input external delay
   0.011155    0.050000    0.000000    0.000000 ^ b[0] (in)
               0.050000    0.000000    0.000000 ^ _134_/B (XOR2X1)
   0.008009    0.069039    0.071620    0.071620 ^ _134_/Y (XOR2X1)
               0.069039    0.000000    0.071620 ^ _135_/B (AND2X1)
   0.004729    0.038688    0.046052    0.117672 ^ _135_/Y (AND2X1)
               0.038688    0.000000    0.117672 ^ _136_/B (AND2X1)
   0.008009    0.057643    0.058400    0.176072 ^ _136_/Y (AND2X1)
               0.057643    0.000000    0.176072 ^ _137_/B (AND2X1)
   0.008390    0.057397    0.058204    0.234276 ^ _137_/Y (AND2X1)
               0.057397    0.000000    0.234276 ^ _139_/B (AOI21X1)
   0.010636    0.037067    0.050109    0.284385 v _139_/Y (AOI21X1)
               0.037067    0.000000    0.284385 v _168_/A (OAI21X1)
   0.005589    0.055766    0.058872    0.343257 ^ _168_/Y (OAI21X1)
               0.055766    0.000000    0.343257 ^ _169_/B (XNOR2X1)
   0.010000    0.075954    0.078694    0.421950 ^ _169_/Y (XNOR2X1)
               0.075954    0.000000    0.421950 ^ sum[5] (out)
                                       0.421950   data arrival time

               0.000000  100.000000  100.000000   clock vclk (rise edge)
                           0.000000  100.000000   clock network delay (ideal)
                           0.000000  100.000000   clock reconvergence pessimism
                           0.000000  100.000000   output external delay
                                     100.000000   data required time
---------------------------------------------------------------------------------------
                                     100.000000   data required time
                                      -0.421950   data arrival time
---------------------------------------------------------------------------------------
                                      99.578049   slack (MET)


Startpoint: b[0] (input port clocked by vclk)
Endpoint: sum[4] (output port clocked by vclk)
Path Group: vclk
Path Type: max

        Cap        Slew       Delay        Time   Description
---------------------------------------------------------------------------------------
               0.000000    0.000000    0.000000   clock vclk (rise edge)
                           0.000000    0.000000   clock network delay (ideal)
                           0.000000    0.000000 ^ input external delay
   0.011155    0.050000    0.000000    0.000000 ^ b[0] (in)
               0.050000    0.000000    0.000000 ^ _134_/B (XOR2X1)
   0.008009    0.069039    0.071620    0.071620 ^ _134_/Y (XOR2X1)
               0.069039    0.000000    0.071620 ^ _135_/B (AND2X1)
   0.004729    0.038688    0.046052    0.117672 ^ _135_/Y (AND2X1)
               0.038688    0.000000    0.117672 ^ _136_/B (AND2X1)
   0.008009    0.057643    0.058400    0.176072 ^ _136_/Y (AND2X1)
               0.057643    0.000000    0.176072 ^ _137_/B (AND2X1)
   0.008390    0.057397    0.058204    0.234276 ^ _137_/Y (AND2X1)
               0.057397    0.000000    0.234276 ^ _139_/B (AOI21X1)
   0.010636    0.037067    0.050109    0.284385 v _139_/Y (AOI21X1)
               0.037067    0.000000    0.284385 v _170_/A (XOR2X1)
   0.010000    0.079012    0.061692    0.346076 ^ _170_/Y (XOR2X1)
               0.079012    0.000000    0.346076 ^ sum[4] (out)
                                       0.346076   data arrival time

               0.000000  100.000000  100.000000   clock vclk (rise edge)
                           0.000000  100.000000   clock network delay (ideal)
                           0.000000  100.000000   clock reconvergence pessimism
                           0.000000  100.000000   output external delay
                                     100.000000   data required time
---------------------------------------------------------------------------------------
                                     100.000000   data required time
                                      -0.346076   data arrival time
---------------------------------------------------------------------------------------
                                      99.653923   slack (MET)


Startpoint: b[0] (input port clocked by vclk)
Endpoint: sum[3] (output port clocked by vclk)
Path Group: vclk
Path Type: max

        Cap        Slew       Delay        Time   Description
---------------------------------------------------------------------------------------
               0.000000    0.000000    0.000000   clock vclk (rise edge)
                           0.000000    0.000000   clock network delay (ideal)
                           0.000000    0.000000 ^ input external delay
   0.011155    0.050000    0.000000    0.000000 ^ b[0] (in)
               0.050000    0.000000    0.000000 ^ _134_/B (XOR2X1)
   0.008009    0.069039    0.071620    0.071620 ^ _134_/Y (XOR2X1)
               0.069039    0.000000    0.071620 ^ _135_/B (AND2X1)
   0.004729    0.038688    0.046052    0.117672 ^ _135_/Y (AND2X1)
               0.038688    0.000000    0.117672 ^ _136_/B (AND2X1)
   0.008009    0.057643    0.058400    0.176072 ^ _136_/Y (AND2X1)
               0.057643    0.000000    0.176072 ^ _137_/B (AND2X1)
   0.008390    0.057397    0.058204    0.234276 ^ _137_/Y (AND2X1)
               0.057397    0.000000    0.234276 ^ _188_/B (XOR2X1)
   0.010000    0.079227    0.078814    0.313090 ^ _188_/Y (XOR2X1)
               0.079227    0.000000    0.313090 ^ sum[3] (out)
                                       0.313090   data arrival time

               0.000000  100.000000  100.000000   clock vclk (rise edge)
                           0.000000  100.000000   clock network delay (ideal)
                           0.000000  100.000000   clock reconvergence pessimism
                           0.000000  100.000000   output external delay
                                     100.000000   data required time
---------------------------------------------------------------------------------------
                                     100.000000   data required time
                                      -0.313090   data arrival time
---------------------------------------------------------------------------------------
                                      99.686913   slack (MET)


Startpoint: b[0] (input port clocked by vclk)
Endpoint: sum[2] (output port clocked by vclk)
Path Group: vclk
Path Type: max

        Cap        Slew       Delay        Time   Description
---------------------------------------------------------------------------------------
               0.000000    0.000000    0.000000   clock vclk (rise edge)
                           0.000000    0.000000   clock network delay (ideal)
                           0.000000    0.000000 ^ input external delay
   0.011155    0.050000    0.000000    0.000000 ^ b[0] (in)
               0.050000    0.000000    0.000000 ^ _134_/B (XOR2X1)
   0.008009    0.069039    0.071620    0.071620 ^ _134_/Y (XOR2X1)
               0.069039    0.000000    0.071620 ^ _135_/B (AND2X1)
   0.004729    0.038688    0.046052    0.117672 ^ _135_/Y (AND2X1)
               0.038688    0.000000    0.117672 ^ _136_/B (AND2X1)
   0.008009    0.057643    0.058400    0.176072 ^ _136_/Y (AND2X1)
               0.057643    0.000000    0.176072 ^ _171_/B (XOR2X1)
   0.010000    0.079274    0.078838    0.254910 ^ _171_/Y (XOR2X1)
               0.079274    0.000000    0.254910 ^ sum[2] (out)
                                       0.254910   data arrival time

               0.000000  100.000000  100.000000   clock vclk (rise edge)
                           0.000000  100.000000   clock network delay (ideal)
                           0.000000  100.000000   clock reconvergence pessimism
                           0.000000  100.000000   output external delay
                                     100.000000   data required time
---------------------------------------------------------------------------------------
                                     100.000000   data required time
                                      -0.254910   data arrival time
---------------------------------------------------------------------------------------
                                      99.745087   slack (MET)


Startpoint: b[0] (input port clocked by vclk)
Endpoint: sum[1] (output port clocked by vclk)
Path Group: vclk
Path Type: max

        Cap        Slew       Delay        Time   Description
---------------------------------------------------------------------------------------
               0.000000    0.000000    0.000000   clock vclk (rise edge)
                           0.000000    0.000000   clock network delay (ideal)
                           0.000000    0.000000 ^ input external delay
   0.011155    0.050000    0.000000    0.000000 ^ b[0] (in)
               0.050000    0.000000    0.000000 ^ _134_/B (XOR2X1)
   0.008009    0.069039    0.071620    0.071620 ^ _134_/Y (XOR2X1)
               0.069039    0.000000    0.071620 ^ _135_/B (AND2X1)
   0.004729    0.038688    0.046052    0.117672 ^ _135_/Y (AND2X1)
               0.038688    0.000000    0.117672 ^ _172_/C (AOI21X1)
   0.005004    0.023284    0.025735    0.143408 v _172_/Y (AOI21X1)
               0.023284    0.000000    0.143408 v _173_/B (XNOR2X1)
   0.010000    0.075775    0.075359    0.218767 ^ _173_/Y (XNOR2X1)
               0.075775    0.000000    0.218767 ^ sum[1] (out)
                                       0.218767   data arrival time

               0.000000  100.000000  100.000000   clock vclk (rise edge)
                           0.000000  100.000000   clock network delay (ideal)
                           0.000000  100.000000   clock reconvergence pessimism
                           0.000000  100.000000   output external delay
                                     100.000000   data required time
---------------------------------------------------------------------------------------
                                     100.000000   data required time
                                      -0.218767   data arrival time
---------------------------------------------------------------------------------------
                                      99.781227   slack (MET)


Startpoint: b[0] (input port clocked by vclk)
Endpoint: sum[0] (output port clocked by vclk)
Path Group: vclk
Path Type: max

        Cap        Slew       Delay        Time   Description
---------------------------------------------------------------------------------------
               0.000000    0.000000    0.000000   clock vclk (rise edge)
                           0.000000    0.000000   clock network delay (ideal)
                           0.000000    0.000000 ^ input external delay
   0.011155    0.050000    0.000000    0.000000 ^ b[0] (in)
               0.050000    0.000000    0.000000 ^ _134_/B (XOR2X1)
   0.008009    0.069039    0.071620    0.071620 ^ _134_/Y (XOR2X1)
               0.069039    0.000000    0.071620 ^ _174_/B (XOR2X1)
   0.010000    0.079177    0.079935    0.151555 ^ _174_/Y (XOR2X1)
               0.079177    0.000000    0.151555 ^ sum[0] (out)
                                       0.151555   data arrival time

               0.000000  100.000000  100.000000   clock vclk (rise edge)
                           0.000000  100.000000   clock network delay (ideal)
                           0.000000  100.000000   clock reconvergence pessimism
                           0.000000  100.000000   output external delay
                                     100.000000   data required time
---------------------------------------------------------------------------------------
                                     100.000000   data required time
                                      -0.151555   data arrival time
---------------------------------------------------------------------------------------
                                      99.848442   slack (MET)


