$ /usr/bin/time -v -o /home/duhaochen/website-trial-v1/data/spice-model-benchmark/cbbfcef815d88a678131af7b7339f103/hspice/resource.txt /usr/bin/python -m spice_model_benchmark.cli /home/duhaochen/pipeline_full_collection/benchmark-inputs/cbbfcef815d88a678131af7b7339f103/hspice.lib --simulator hspice --modes dc transient ac noise --output-dir /home/duhaochen/website-trial-v1/data/spice-model-benchmark/cbbfcef815d88a678131af7b7339f103 --dpi 120 --log-level WARNING
SPICE Model Benchmark: /home/duhaochen/pipeline_full_collection/benchmark-inputs/cbbfcef815d88a678131af7b7339f103/hspice.lib
Simulators: hspice
Modes: dc, transient, ac, noise
------------------------------------------------------------

============================================================
  Running: HSPICE
  Output:  /home/duhaochen/website-trial-v1/data/spice-model-benchmark/cbbfcef815d88a678131af7b7339f103/hspice
============================================================
Vgs range: -1.200V to 0.000V
Ids range: -4.510e-10A to 5.738e-04A
Selected Vgs values: [-1.2 -1.  -0.8 -0.6 -0.4 -0.2  0. ]
Vgs=-1.200V: Ids range -4.510e-10A to 5.738e-04A
Vgs=-1.000V: Ids range -1.819e-10A to 3.066e-04A
Vgs=-0.800V: Ids range -6.759e-11A to 1.345e-04A
Vgs=-0.600V: Ids range -2.209e-11A to 3.635e-05A
Vgs=-0.400V: Ids range -5.704e-12A to 1.999e-06A
Vgs=-0.200V: Ids range -8.295e-13A to 5.891e-08A
Vgs=0.000V: Ids range 4.819e-12A to 2.149e-09A
ids_variation: 12.243815575506025
ids_variation <= max_variation: False
tc: 9428.94438137014
abs(tc) <= max_tc: False
[WARNING]: Temperature effects verification failed - effects outside expected range
/home/duhaochen/spice_model_benchmark/src/spice_model_benchmark/verification_manager.py:2706: RuntimeWarning: divide by zero encountered in divide
  norm_dvg = np.abs(dvg_dt / gate_voltage[:-1])
/home/duhaochen/spice_model_benchmark/src/spice_model_benchmark/verification_manager.py:2706: RuntimeWarning: invalid value encountered in divide
  norm_dvg = np.abs(dvg_dt / gate_voltage[:-1])
norm_dvg: [1.00000000e+10 5.00000000e+09 3.33333333e+09 ... 0.00000000e+00
 0.00000000e+00 0.00000000e+00]
norm_dvd: [0. 0. 0. ... 0. 0. 0.]
norm_did: [2061384.46944877 1831326.24187119 1515302.83671568 ...       0.
       0.               0.        ]
[WARNING]: Quasi-static verification failed
[WARNING]: Max normalized derivatives: dVg/dt=nan, dVd/dt=0.00e+00, dId/dt=1.33e+12
/home/duhaochen/spice_model_benchmark/src/spice_model_benchmark/plot_generator.py:336: UserWarning: Attempting to set identical low and high ylims makes transformation singular; automatically expanding.
  plt.ylim(0, max_cap*1.2)  # Add 20% margin to ensure all components are visible
[INFO]: S-parameter analysis plot saved to /home/duhaochen/website-trial-v1/data/spice-model-benchmark/cbbfcef815d88a678131af7b7339f103/hspice/plots/ac_cv_sparameter_analysis.png
[INFO]: S-parameter analysis plot saved to /home/duhaochen/website-trial-v1/data/spice-model-benchmark/cbbfcef815d88a678131af7b7339f103/hspice/plots/ac_cv_sparameter_analysis.png
[INFO]: NQS effects plot saved to /home/duhaochen/website-trial-v1/data/spice-model-benchmark/cbbfcef815d88a678131af7b7339f103/hspice/plots/ac_cv_nqs_effects.png
[WARNING]: Cannot compute correlation: constant data detected

  hspice: ✓ PASS  (199.0s)

✓ Benchmark completed: /home/duhaochen/website-trial-v1/data/spice-model-benchmark/cbbfcef815d88a678131af7b7339f103/hspice
