$ /usr/bin/time -v -o /home/duhaochen/website-trial-v1/data/spice-model-benchmark/53ef77a656c65aa208c18037e61f0a86/hspice/resource.txt /usr/bin/python -m spice_model_benchmark.cli /home/duhaochen/pipeline_full_collection/benchmark-inputs/53ef77a656c65aa208c18037e61f0a86/hspice.lib --simulator hspice --modes dc transient ac noise --output-dir /home/duhaochen/website-trial-v1/data/spice-model-benchmark/53ef77a656c65aa208c18037e61f0a86 --dpi 120 --log-level WARNING
SPICE Model Benchmark: /home/duhaochen/pipeline_full_collection/benchmark-inputs/53ef77a656c65aa208c18037e61f0a86/hspice.lib
Simulators: hspice
Modes: dc, transient, ac, noise
------------------------------------------------------------

============================================================
  Running: HSPICE
  Output:  /home/duhaochen/website-trial-v1/data/spice-model-benchmark/53ef77a656c65aa208c18037e61f0a86/hspice
============================================================
Vgs range: 0.000V to 1.200V
Ids range: -8.493e-04A to 4.011e-16A
Selected Vgs values: [0.  0.2 0.4 0.6 0.8 1.  1.2]
Vgs=0.000V: Ids range -2.117e-08A to -3.572e-11A
Vgs=0.200V: Ids range -2.004e-07A to 1.089e-21A
Vgs=0.400V: Ids range -1.734e-06A to 5.059e-19A
Vgs=0.600V: Ids range -1.628e-05A to 3.067e-17A
Vgs=0.800V: Ids range -1.453e-04A to 1.159e-16A
Vgs=1.000V: Ids range -4.368e-04A to 2.396e-16A
Vgs=1.200V: Ids range -8.493e-04A to 4.011e-16A
ids_variation: 6.813207177668237
ids_variation <= max_variation: False
tc: 1202092641449848.5
abs(tc) <= max_tc: False
[WARNING]: Temperature effects verification failed - effects outside expected range
/home/duhaochen/spice_model_benchmark/src/spice_model_benchmark/verification_manager.py:2706: RuntimeWarning: divide by zero encountered in divide
  norm_dvg = np.abs(dvg_dt / gate_voltage[:-1])
/home/duhaochen/spice_model_benchmark/src/spice_model_benchmark/verification_manager.py:2706: RuntimeWarning: invalid value encountered in divide
  norm_dvg = np.abs(dvg_dt / gate_voltage[:-1])
norm_dvg: [1.00000000e+10 5.00000000e+09 3.33333333e+09 ... 0.00000000e+00
 0.00000000e+00 0.00000000e+00]
norm_dvd: [0. 0. 0. ... 0. 0. 0.]
norm_did: [2.89314012e+06 3.11175649e+06 3.41244733e+06 ... 0.00000000e+00
 0.00000000e+00 1.59571684e+03]
[WARNING]: Quasi-static verification failed
[WARNING]: Max normalized derivatives: dVg/dt=nan, dVd/dt=0.00e+00, dId/dt=2.16e+12
/home/duhaochen/spice_model_benchmark/src/spice_model_benchmark/plot_generator.py:336: UserWarning: Attempting to set identical low and high ylims makes transformation singular; automatically expanding.
  plt.ylim(0, max_cap*1.2)  # Add 20% margin to ensure all components are visible
[INFO]: S-parameter analysis plot saved to /home/duhaochen/website-trial-v1/data/spice-model-benchmark/53ef77a656c65aa208c18037e61f0a86/hspice/plots/ac_cv_sparameter_analysis.png
[INFO]: S-parameter analysis plot saved to /home/duhaochen/website-trial-v1/data/spice-model-benchmark/53ef77a656c65aa208c18037e61f0a86/hspice/plots/ac_cv_sparameter_analysis.png
[INFO]: NQS effects plot saved to /home/duhaochen/website-trial-v1/data/spice-model-benchmark/53ef77a656c65aa208c18037e61f0a86/hspice/plots/ac_cv_nqs_effects.png
[WARNING]: Cannot compute correlation: constant data detected

  hspice: ✓ PASS  (212.2s)

✓ Benchmark completed: /home/duhaochen/website-trial-v1/data/spice-model-benchmark/53ef77a656c65aa208c18037e61f0a86/hspice
