$ /usr/bin/time -v -o /home/duhaochen/website-trial-v1/data/spice-model-benchmark/9f0345a55dfc700f456a8bd23c9925d0/hspice/resource.txt /usr/bin/python -m spice_model_benchmark.cli /home/duhaochen/pipeline_full_collection/benchmark-inputs/9f0345a55dfc700f456a8bd23c9925d0/hspice.lib --simulator hspice --modes dc transient ac noise --output-dir /home/duhaochen/website-trial-v1/data/spice-model-benchmark/9f0345a55dfc700f456a8bd23c9925d0 --dpi 120 --log-level WARNING
SPICE Model Benchmark: /home/duhaochen/pipeline_full_collection/benchmark-inputs/9f0345a55dfc700f456a8bd23c9925d0/hspice.lib
Simulators: hspice
Modes: dc, transient, ac, noise
------------------------------------------------------------

============================================================
  Running: HSPICE
  Output:  /home/duhaochen/website-trial-v1/data/spice-model-benchmark/9f0345a55dfc700f456a8bd23c9925d0/hspice
============================================================
Vgs range: 0.000V to 1.200V
Ids range: -1.419e-02A to 1.009e-06A
Selected Vgs values: [0.  0.2 0.4 0.6 0.8 1.  1.2]
Vgs=0.000V: Ids range -3.026e-08A to -7.502e-12A
Vgs=0.200V: Ids range -3.417e-08A to 4.974e-12A
Vgs=0.400V: Ids range -6.185e-06A to 3.104e-10A
Vgs=0.600V: Ids range -5.599e-04A to 2.131e-08A
Vgs=0.800V: Ids range -3.880e-03A to 1.262e-07A
Vgs=1.000V: Ids range -8.778e-03A to 4.000e-07A
Vgs=1.200V: Ids range -1.419e-02A to 1.009e-06A
ids_variation: 21.508127148085684
ids_variation <= max_variation: False
tc: 62159.42649153549
abs(tc) <= max_tc: False
[WARNING]: Temperature effects verification failed - effects outside expected range
/home/duhaochen/spice_model_benchmark/src/spice_model_benchmark/verification_manager.py:2706: RuntimeWarning: divide by zero encountered in divide
  norm_dvg = np.abs(dvg_dt / gate_voltage[:-1])
/home/duhaochen/spice_model_benchmark/src/spice_model_benchmark/verification_manager.py:2706: RuntimeWarning: invalid value encountered in divide
  norm_dvg = np.abs(dvg_dt / gate_voltage[:-1])
norm_dvg: [1.00000000e+10 5.00000000e+09 3.33333333e+09 ... 0.00000000e+00
 0.00000000e+00 0.00000000e+00]
norm_dvd: [0. 0. 0. ... 0. 0. 0.]
norm_did: [2.84962880e+08 2.45426104e+08 2.17422491e+08 ... 1.59738463e+03
 0.00000000e+00 1.59738489e+03]
[WARNING]: Quasi-static verification failed
[WARNING]: Max normalized derivatives: dVg/dt=nan, dVd/dt=0.00e+00, dId/dt=9.01e+10
/home/duhaochen/spice_model_benchmark/src/spice_model_benchmark/plot_generator.py:336: UserWarning: Attempting to set identical low and high ylims makes transformation singular; automatically expanding.
  plt.ylim(0, max_cap*1.2)  # Add 20% margin to ensure all components are visible
[INFO]: S-parameter analysis plot saved to /home/duhaochen/website-trial-v1/data/spice-model-benchmark/9f0345a55dfc700f456a8bd23c9925d0/hspice/plots/ac_cv_sparameter_analysis.png
[INFO]: S-parameter analysis plot saved to /home/duhaochen/website-trial-v1/data/spice-model-benchmark/9f0345a55dfc700f456a8bd23c9925d0/hspice/plots/ac_cv_sparameter_analysis.png
[INFO]: NQS effects plot saved to /home/duhaochen/website-trial-v1/data/spice-model-benchmark/9f0345a55dfc700f456a8bd23c9925d0/hspice/plots/ac_cv_nqs_effects.png
[WARNING]: Cannot compute correlation: constant data detected

  hspice: ✓ PASS  (207.9s)

✓ Benchmark completed: /home/duhaochen/website-trial-v1/data/spice-model-benchmark/9f0345a55dfc700f456a8bd23c9925d0/hspice
