$ /usr/bin/time -v -o /home/duhaochen/website-trial-v1/data/spice-model-benchmark/11b06162e175e4743bdd54682eee8007/ngspice/resource.txt /usr/bin/python -m spice_model_benchmark.cli /home/duhaochen/pipeline_full_collection/benchmark-inputs/11b06162e175e4743bdd54682eee8007/ngspice.lib --simulator ngspice --modes dc transient ac noise --output-dir /home/duhaochen/website-trial-v1/data/spice-model-benchmark/11b06162e175e4743bdd54682eee8007 --dpi 120 --log-level WARNING
/home/duhaochen/spice_model_benchmark/src/spice_model_benchmark/verification_manager.py:1557: RuntimeWarning: divide by zero encountered in divide
  tc = np.mean((d_ids / d_temp) / np.abs(i_ds[:-1]))
SPICE Model Benchmark: /home/duhaochen/pipeline_full_collection/benchmark-inputs/11b06162e175e4743bdd54682eee8007/ngspice.lib
Simulators: ngspice
Modes: dc, transient, ac, noise
------------------------------------------------------------

============================================================
  Running: NGSPICE
  Output:  /home/duhaochen/website-trial-v1/data/spice-model-benchmark/11b06162e175e4743bdd54682eee8007/ngspice
============================================================
Vgs range: 0.000V to 1.200V
Ids range: -7.258e-04A to 0.000e+00A
Selected Vgs values: [0.  0.2 0.4 0.6 0.8 1.  1.2]
Vgs=0.000V: Ids range -7.152e-13A to -1.005e-16A
Vgs=0.200V: Ids range -5.118e-11A to 0.000e+00A
Vgs=0.400V: Ids range -7.512e-09A to 0.000e+00A
Vgs=0.600V: Ids range -8.162e-07A to 0.000e+00A
Vgs=0.800V: Ids range -5.308e-05A to 0.000e+00A
Vgs=1.000V: Ids range -3.159e-04A to 0.000e+00A
Vgs=1.200V: Ids range -7.258e-04A to 0.000e+00A
ids_variation: 7.179477544591899
ids_variation <= max_variation: False
tc: inf
abs(tc) <= max_tc: False
[WARNING]: Temperature effects verification failed - effects outside expected range
/home/duhaochen/spice_model_benchmark/src/spice_model_benchmark/verification_manager.py:1817: RuntimeWarning: divide by zero encountered in log
  log_ids = np.log(np.abs(i_ds))
/home/duhaochen/.local/lib/python3.9/site-packages/numpy/lib/function_base.py:2742: RuntimeWarning: invalid value encountered in subtract
  X -= avg[:, None]
/home/duhaochen/spice_model_benchmark/src/spice_model_benchmark/verification_manager.py:1862: RuntimeWarning: divide by zero encountered in divide
  efficiency = np.abs(gm / i_ds)  # Transconductance efficiency
[INFO]: S-parameter analysis plot saved to /home/duhaochen/website-trial-v1/data/spice-model-benchmark/11b06162e175e4743bdd54682eee8007/ngspice/plots/ac_cv_sparameter_analysis.png
[INFO]: NQS effects plot saved to /home/duhaochen/website-trial-v1/data/spice-model-benchmark/11b06162e175e4743bdd54682eee8007/ngspice/plots/ac_cv_nqs_effects.png
[INFO]: S-parameter analysis plot saved to /home/duhaochen/website-trial-v1/data/spice-model-benchmark/11b06162e175e4743bdd54682eee8007/ngspice/plots/ac_cv_sparameter_analysis.png
norm_dvg: [2.50000000e+11 1.25000000e+11 6.25000000e+10 3.12500000e+10
 1.56249999e+10 9.41342833e+09 6.79613395e+09 5.16994815e+09
 4.16532363e+09 3.89542003e+09 3.71726675e+09 3.56353796e+09
 3.37974633e+09 3.24385135e+09 3.12750329e+09 3.00144060e+09
 2.87723902e+09 2.74197283e+09 2.60557018e+09 2.53321677e+09
 2.46993536e+09 2.39204684e+09 2.32281204e+09 2.27685738e+09
 2.22140305e+09 2.16845801e+09 2.09881339e+09 2.04821558e+09
 2.00000066e+09 1.99598006e+09 1.98798848e+09 1.97219553e+09
 1.94135142e+09 1.91142706e+09 1.89209349e+09 1.87318495e+09
 1.85352492e+09 1.83605477e+09 1.80208524e+09 1.73778281e+09
 1.70775571e+09 1.68172065e+09 1.66282769e+09 1.63782925e+09
 1.61297216e+09 1.58642890e+09 1.56214115e+09 1.52531395e+09
 1.48114159e+09 1.42453123e+09 1.35979024e+09 1.28910898e+09
 1.22266875e+09 1.15145076e+09 1.08014464e+09 1.03852838e+09
 1.02188162e+09 1.00442265e+09 1.00000129e+09 9.98712314e+08
 9.96153918e+08 9.92263262e+08 9.84574890e+08 9.69549837e+08
 9.53860741e+08 9.36975146e+08 9.17849774e+08 9.01081383e+08
 8.83992321e+08 8.68561204e+08 8.51331228e+08 8.31936579e+08
 8.08671641e+08 7.80064599e+08 7.52424456e+08 7.34257997e+08
 7.10878386e+08 6.68318327e+08 6.30898432e+08 5.94330520e+08
 5.57541772e+08 5.22865528e+08 4.98145138e+08 4.83448973e+08
 4.77900987e+08 4.72981371e+08 4.68624875e+08 4.63292497e+08
 4.60040920e+08 4.55968740e+08 4.51266898e+08 4.46071507e+08
 4.39711513e+08 4.31052842e+08 4.25865186e+08 4.21282270e+08
 4.16888451e+08 4.12040369e+08 4.07556072e+08 4.04141647e+08
 4.02003222e+08 4.00547799e+08 3.99347128e+08 3.98037872e+08
 3.96669841e+08 3.95626909e+08 3.94105586e+08 3.92472965e+08
 3.89247628e+08 3.85227625e+08 3.81060100e+08 3.76483623e+08
 3.74299244e+08 3.72676163e+08 3.70169602e+08 3.68030184e+08
 3.65763589e+08 3.63115592e+08 3.59244777e+08 3.54490312e+08
 3.48374778e+08 3.41735303e+08 3.34172685e+08 3.25592053e+08
 3.15243268e+08 3.02812305e+08 2.88015189e+08 2.71698351e+08
 2.54155372e+08 2.35563619e+08 2.15443552e+08 1.94100291e+08
 1.71751632e+08 1.51003548e+08 1.34728020e+08 1.21619569e+08
 1.10835735e+08 1.02446625e+08 9.52380952e+07 9.52106941e+07
 9.51564687e+07 9.50486662e+07 9.48328422e+07 9.45812252e+07
 9.43125269e+07 9.40124148e+07 9.36956444e+07 9.35146606e+07
 9.33993938e+07 9.32919134e+07 9.31573115e+07 9.30203787e+07
 9.29063726e+07 9.27780415e+07 9.26662178e+07 9.25686552e+07
 9.24779971e+07 9.23859837e+07 9.22898689e+07 9.21882169e+07
 9.20696593e+07 9.19271182e+07 9.17486037e+07 9.15185107e+07
 9.11999498e+07 9.09434221e+07 9.08988326e+07 9.09283937e+07
 9.08951716e+07 9.09056776e+07 9.08882225e+07 9.08725523e+07
 9.08312017e+07 9.08074736e+07 9.07789134e+07 9.07619141e+07
 9.07396369e+07 9.07120299e+07 9.06602642e+07 9.05972575e+07
 9.05349086e+07 9.04078252e+07 9.03153052e+07 9.02388087e+07
 9.01747372e+07 9.00848768e+07 8.99967544e+07 8.99070023e+07
 8.98191698e+07 8.96839956e+07 8.95119660e+07 8.92708518e+07
 8.89527914e+07 8.85234264e+07 8.79751042e+07 8.77031383e+07
 8.75081713e+07 8.72973896e+07 8.70675406e+07 8.69107647e+07
 8.66872473e+07 8.64528116e+07 8.61095314e+07 8.59031042e+07
 8.57390234e+07 8.55326422e+07 8.53168010e+07 8.51570582e+07
 8.49538005e+07 8.47467840e+07 8.44754406e+07 8.42452622e+07
 8.40821303e+07 8.39158131e+07 8.37537008e+07 8.36074914e+07
 8.34699043e+07 8.33333333e+07 8.33191476e+07 8.32907905e+07
 8.32340493e+07 8.31210527e+07 8.28957664e+07 8.24490309e+07
 8.18986993e+07 8.13642628e+07 8.08307776e+07 8.03244658e+07
 7.99652809e+07 7.97218500e+07 7.95548065e+07 7.94239206e+07
 7.93199170e+07 7.91980365e+07 7.90684922e+07 7.89703570e+07
 7.88480744e+07 7.87171357e+07 7.85283880e+07 7.82857766e+07
 7.79648926e+07 7.76400703e+07 7.73545507e+07 7.72691474e+07
 7.72006133e+07 7.71536762e+07 7.71009156e+07 7.70418878e+07
 7.70061243e+07 7.69525086e+07 7.69011120e+07 7.68136127e+07
 7.66729184e+07 7.65314229e+07 7.63807635e+07 7.61758940e+07
 7.60492329e+07 7.59642222e+07 7.58581489e+07 7.57491270e+07
 7.56311052e+07 7.55135313e+07 7.53297405e+07 7.50928247e+07
 7.47633839e+07 7.43378060e+07 7.37770672e+07 7.31254177e+07
 7.23539371e+07 7.14642244e+07 7.04243460e+07 6.92388911e+07
 6.78701608e+07 6.62811934e+07 6.43602079e+07 6.19334528e+07
 5.90097114e+07 5.63495737e+07 5.39189220e+07 5.18855767e+07
 0.00000000e+00 0.00000000e+00 0.00000000e+00 0.00000000e+00
 0.00000000e+00 0.00000000e+00 0.00000000e+00 0.00000000e+00
 0.00000000e+00 0.00000000e+00 0.00000000e+00 0.00000000e+00
 0.00000000e+00 0.00000000e+00 0.00000000e+00 0.00000000e+00
 0.00000000e+00 0.00000000e+00 0.00000000e+00 0.00000000e+00
 0.00000000e+00 0.00000000e+00 0.00000000e+00 0.00000000e+00
 0.00000000e+00 0.00000000e+00 0.00000000e+00 0.00000000e+00
 0.00000000e+00 0.00000000e+00 0.00000000e+00 0.00000000e+00
 0.00000000e+00 0.00000000e+00 0.00000000e+00 0.00000000e+00
 0.00000000e+00 0.00000000e+00 0.00000000e+00 0.00000000e+00
 0.00000000e+00 0.00000000e+00 0.00000000e+00 0.00000000e+00
 0.00000000e+00 0.00000000e+00 0.00000000e+00 0.00000000e+00
 0.00000000e+00 0.00000000e+00 0.00000000e+00 0.00000000e+00
 0.00000000e+00 0.00000000e+00 0.00000000e+00 0.00000000e+00
 0.00000000e+00 0.00000000e+00 0.00000000e+00 0.00000000e+00
 0.00000000e+00 0.00000000e+00 0.00000000e+00 0.00000000e+00
 0.00000000e+00 0.00000000e+00 0.00000000e+00 0.00000000e+00
 0.00000000e+00 0.00000000e+00 0.00000000e+00 0.00000000e+00
 0.00000000e+00 0.00000000e+00 0.00000000e+00 0.00000000e+00
 0.00000000e+00 0.00000000e+00 0.00000000e+00 0.00000000e+00
 0.00000000e+00 0.00000000e+00 0.00000000e+00 0.00000000e+00
 0.00000000e+00 0.00000000e+00 0.00000000e+00 0.00000000e+00
 0.00000000e+00 0.00000000e+00 0.00000000e+00 0.00000000e+00
 0.00000000e+00 0.00000000e+00 0.00000000e+00 0.00000000e+00
 0.00000000e+00 0.00000000e+00 0.00000000e+00 0.00000000e+00
 0.00000000e+00 0.00000000e+00 0.00000000e+00 0.00000000e+00
 0.00000000e+00 0.00000000e+00 0.00000000e+00 0.00000000e+00
 0.00000000e+00 0.00000000e+00 0.00000000e+00 0.00000000e+00
 0.00000000e+00 0.00000000e+00 0.00000000e+00 0.00000000e+00
 0.00000000e+00 0.00000000e+00 0.00000000e+00 0.00000000e+00
 0.00000000e+00 0.00000000e+00 0.00000000e+00 0.00000000e+00
 0.00000000e+00 0.00000000e+00 0.00000000e+00 0.00000000e+00
 0.00000000e+00 0.00000000e+00 0.00000000e+00 0.00000000e+00
 0.00000000e+00 0.00000000e+00 0.00000000e+00 0.00000000e+00
 0.00000000e+00 0.00000000e+00 0.00000000e+00 0.00000000e+00
 0.00000000e+00 0.00000000e+00 0.00000000e+00 0.00000000e+00
 0.00000000e+00 0.00000000e+00 0.00000000e+00 0.00000000e+00
 0.00000000e+00 0.00000000e+00 0.00000000e+00 0.00000000e+00
 0.00000000e+00 0.00000000e+00 0.00000000e+00 0.00000000e+00
 0.00000000e+00 0.00000000e+00 0.00000000e+00 0.00000000e+00
 0.00000000e+00 0.00000000e+00 0.00000000e+00 0.00000000e+00
 0.00000000e+00 0.00000000e+00 0.00000000e+00 0.00000000e+00
 0.00000000e+00 0.00000000e+00 0.00000000e+00 0.00000000e+00
 0.00000000e+00 0.00000000e+00 0.00000000e+00 0.00000000e+00
 0.00000000e+00 0.00000000e+00 0.00000000e+00 0.00000000e+00
 0.00000000e+00 0.00000000e+00 0.00000000e+00 0.00000000e+00
 0.00000000e+00 0.00000000e+00 0.00000000e+00 0.00000000e+00
 0.00000000e+00 0.00000000e+00 0.00000000e+00 0.00000000e+00
 0.00000000e+00 0.00000000e+00 0.00000000e+00 0.00000000e+00
 0.00000000e+00 0.00000000e+00 0.00000000e+00 0.00000000e+00
 0.00000000e+00 0.00000000e+00 0.00000000e+00 0.00000000e+00
 0.00000000e+00 0.00000000e+00 0.00000000e+00 0.00000000e+00
 0.00000000e+00 0.00000000e+00 0.00000000e+00 0.00000000e+00
 0.00000000e+00 0.00000000e+00 0.00000000e+00 0.00000000e+00
 0.00000000e+00 0.00000000e+00 0.00000000e+00 0.00000000e+00
 0.00000000e+00 0.00000000e+00 0.00000000e+00 0.00000000e+00
 0.00000000e+00 0.00000000e+00 0.00000000e+00 0.00000000e+00
 0.00000000e+00 0.00000000e+00 0.00000000e+00 0.00000000e+00
 0.00000000e+00 0.00000000e+00 0.00000000e+00 0.00000000e+00
 0.00000000e+00 0.00000000e+00 0.00000000e+00 0.00000000e+00
 0.00000000e+00 0.00000000e+00 0.00000000e+00 0.00000000e+00
 0.00000000e+00 0.00000000e+00 0.00000000e+00 0.00000000e+00
 0.00000000e+00 0.00000000e+00 0.00000000e+00 0.00000000e+00
 0.00000000e+00 0.00000000e+00 0.00000000e+00 0.00000000e+00
 0.00000000e+00 0.00000000e+00 0.00000000e+00 0.00000000e+00
 0.00000000e+00 0.00000000e+00 0.00000000e+00 0.00000000e+00
 0.00000000e+00 0.00000000e+00 0.00000000e+00 0.00000000e+00
 0.00000000e+00 0.00000000e+00 0.00000000e+00 0.00000000e+00
 0.00000000e+00 0.00000000e+00 0.00000000e+00 0.00000000e+00
 0.00000000e+00 0.00000000e+00]
norm_dvd: [0. 0. 0. 0. 0. 0. 0. 0. 0. 0. 0. 0. 0. 0. 0. 0. 0. 0. 0. 0. 0. 0. 0. 0.
 0. 0. 0. 0. 0. 0. 0. 0. 0. 0. 0. 0. 0. 0. 0. 0. 0. 0. 0. 0. 0. 0. 0. 0.
 0. 0. 0. 0. 0. 0. 0. 0. 0. 0. 0. 0. 0. 0. 0. 0. 0. 0. 0. 0. 0. 0. 0. 0.
 0. 0. 0. 0. 0. 0. 0. 0. 0. 0. 0. 0. 0. 0. 0. 0. 0. 0. 0. 0. 0. 0. 0. 0.
 0. 0. 0. 0. 0. 0. 0. 0. 0. 0. 0. 0. 0. 0. 0. 0. 0. 0. 0. 0. 0. 0. 0. 0.
 0. 0. 0. 0. 0. 0. 0. 0. 0. 0. 0. 0. 0. 0. 0. 0. 0. 0. 0. 0. 0. 0. 0. 0.
 0. 0. 0. 0. 0. 0. 0. 0. 0. 0. 0. 0. 0. 0. 0. 0. 0. 0. 0. 0. 0. 0. 0. 0.
 0. 0. 0. 0. 0. 0. 0. 0. 0. 0. 0. 0. 0. 0. 0. 0. 0. 0. 0. 0. 0. 0. 0. 0.
 0. 0. 0. 0. 0. 0. 0. 0. 0. 0. 0. 0. 0. 0. 0. 0. 0. 0. 0. 0. 0. 0. 0. 0.
 0. 0. 0. 0. 0. 0. 0. 0. 0. 0. 0. 0. 0. 0. 0. 0. 0. 0. 0. 0. 0. 0. 0. 0.
 0. 0. 0. 0. 0. 0. 0. 0. 0. 0. 0. 0. 0. 0. 0. 0. 0. 0. 0. 0. 0. 0. 0. 0.
 0. 0. 0. 0. 0. 0. 0. 0. 0. 0. 0. 0. 0. 0. 0. 0. 0. 0. 0. 0. 0. 0. 0. 0.
 0. 0. 0. 0. 0. 0. 0. 0. 0. 0. 0. 0. 0. 0. 0. 0. 0. 0. 0. 0. 0. 0. 0. 0.
 0. 0. 0. 0. 0. 0. 0. 0. 0. 0. 0. 0. 0. 0. 0. 0. 0. 0. 0. 0. 0. 0. 0. 0.
 0. 0. 0. 0. 0. 0. 0. 0. 0. 0. 0. 0. 0. 0. 0. 0. 0. 0. 0. 0. 0. 0. 0. 0.
 0. 0. 0. 0. 0. 0. 0. 0. 0. 0. 0. 0. 0. 0. 0. 0. 0. 0. 0. 0. 0. 0. 0. 0.
 0. 0. 0. 0. 0. 0. 0. 0. 0. 0. 0. 0. 0. 0. 0. 0. 0. 0. 0. 0. 0. 0. 0. 0.
 0. 0. 0. 0. 0. 0. 0. 0. 0. 0. 0. 0. 0. 0. 0. 0. 0. 0. 0. 0. 0. 0. 0. 0.
 0. 0. 0. 0. 0. 0. 0. 0. 0. 0. 0. 0. 0. 0. 0. 0. 0. 0. 0. 0. 0. 0. 0. 0.
 0. 0. 0. 0. 0. 0. 0. 0. 0. 0. 0. 0. 0. 0. 0. 0. 0. 0. 0. 0. 0. 0. 0. 0.
 0. 0. 0. 0. 0. 0. 0. 0. 0. 0. 0. 0. 0. 0. 0. 0. 0. 0. 0. 0. 0. 0. 0. 0.
 0. 0. 0. 0. 0. 0. 0. 0. 0. 0. 0. 0. 0. 0. 0. 0. 0. 0. 0. 0. 0. 0. 0. 0.
 0. 0. 0. 0. 0. 0. 0. 0. 0. 0. 0. 0. 0. 0. 0. 0. 0. 0. 0. 0. 0. 0. 0. 0.
 0. 0. 0. 0. 0. 0.]
norm_did: [0.00000000e+00 0.00000000e+00 0.00000000e+00 0.00000000e+00
 0.00000000e+00 0.00000000e+00 0.00000000e+00 0.00000000e+00
 0.00000000e+00 0.00000000e+00 0.00000000e+00 0.00000000e+00
 0.00000000e+00 0.00000000e+00 0.00000000e+00 0.00000000e+00
 0.00000000e+00 0.00000000e+00 0.00000000e+00 0.00000000e+00
 0.00000000e+00 0.00000000e+00 0.00000000e+00 0.00000000e+00
 0.00000000e+00 0.00000000e+00 0.00000000e+00 0.00000000e+00
 0.00000000e+00 0.00000000e+00 0.00000000e+00 0.00000000e+00
 0.00000000e+00 0.00000000e+00 0.00000000e+00 0.00000000e+00
 0.00000000e+00 0.00000000e+00 0.00000000e+00 0.00000000e+00
 0.00000000e+00 0.00000000e+00 0.00000000e+00 0.00000000e+00
 0.00000000e+00 0.00000000e+00 0.00000000e+00 0.00000000e+00
 0.00000000e+00 0.00000000e+00 0.00000000e+00 0.00000000e+00
 0.00000000e+00 0.00000000e+00 0.00000000e+00 0.00000000e+00
 0.00000000e+00 0.00000000e+00 0.00000000e+00 0.00000000e+00
 0.00000000e+00 0.00000000e+00 0.00000000e+00 0.00000000e+00
 0.00000000e+00 0.00000000e+00 0.00000000e+00 0.00000000e+00
 0.00000000e+00 0.00000000e+00 0.00000000e+00 0.00000000e+00
 0.00000000e+00 0.00000000e+00 0.00000000e+00 0.00000000e+00
 0.00000000e+00 9.48622672e+01 0.00000000e+00 0.00000000e+00
 7.07766008e+01 0.00000000e+00 1.37963360e+02 0.00000000e+00
 0.00000000e+00 0.00000000e+00 0.00000000e+00 0.00000000e+00
 0.00000000e+00 0.00000000e+00 3.26186763e+02 0.00000000e+00
 0.00000000e+00 2.97895889e+02 0.00000000e+00 0.00000000e+00
 2.98318757e+02 0.00000000e+00 0.00000000e+00 6.39680546e+02
 0.00000000e+00 0.00000000e+00 0.00000000e+00 0.00000000e+00
 0.00000000e+00 0.00000000e+00 0.00000000e+00 3.98775125e+02
 0.00000000e+00 2.96533955e+02 2.63921042e+02 0.00000000e+00
 0.00000000e+00 4.63445722e+02 0.00000000e+00 0.00000000e+00
 4.22307889e+02 2.83701570e+02 2.25505880e+02 3.40014694e+02
 3.01915146e+02 3.81389468e+02 4.27009157e+02 5.00998026e+02
 7.75800202e+02 1.14128720e+03 1.77653434e+03 3.11505123e+03
 6.23548600e+03 1.52897537e+04 4.73247354e+04 2.02910859e+05
 1.11357556e+06 5.97006658e+06 3.13195657e+07 1.68122639e+08
 8.77026208e+08 9.86747975e+09 2.17251726e+11 2.38425500e+09
 5.85361573e+09 5.77976843e+09 5.43380051e+09 5.08329047e+09
 4.82154257e+09 4.56715899e+09 4.14824258e+09 4.02764090e+09
 4.01611518e+09 4.00224400e+09 3.93545371e+09 3.85023477e+09
 3.82140778e+09 3.75751664e+09 3.70587673e+09 3.67096307e+09
 3.64458987e+09 3.61970323e+09 3.59337968e+09 3.57563570e+09
 3.55727384e+09 3.54048911e+09 3.52597154e+09 3.52192792e+09
 3.39637602e+09 3.11675996e+09 4.47615506e+09 2.46372005e+09
 3.20560753e+09 3.20785384e+09 3.21098195e+09 3.21790075e+09
 3.20010264e+09 3.19960353e+09 3.18601399e+09 3.18734924e+09
 3.18398122e+09 3.19302140e+09 3.18852567e+09 3.17546581e+09
 3.19736847e+09 3.15413482e+09 3.12579226e+09 3.10699578e+09
 3.10935505e+09 3.09099025e+09 3.07553366e+09 3.05779583e+09
 3.06507101e+09 3.05744972e+09 3.05754180e+09 3.04705042e+09
 3.03520355e+09 3.00045501e+09 2.78803951e+09 2.70685598e+09
 2.67208777e+09 2.63881383e+09 2.57449094e+09 2.56476104e+09
 2.52736096e+09 2.51688008e+09 2.41764205e+09 2.36750248e+09
 2.34703650e+09 2.31295578e+09 2.26226310e+09 2.24376276e+09
 2.20974591e+09 2.18892733e+09 2.13446571e+09 2.08247992e+09
 2.05517662e+09 2.02699283e+09 1.99824336e+09 1.97319673e+09
 1.95153436e+09 1.98814576e+09 1.87267277e+09 1.90857780e+09
 1.91021819e+09 1.91312335e+09 1.91744962e+09 1.86587154e+09
 1.78090160e+09 1.70292183e+09 1.62492642e+09 1.54077138e+09
 1.48271391e+09 1.44497533e+09 1.42129216e+09 1.40342613e+09
 1.39303493e+09 1.37986872e+09 1.36237154e+09 1.35353993e+09
 1.34069431e+09 1.33115768e+09 1.31488735e+09 1.29468809e+09
 1.26044484e+09 1.22350270e+09 1.18153240e+09 1.17138409e+09
 1.16322258e+09 1.15911837e+09 1.15436911e+09 1.14717745e+09
 1.14482830e+09 1.13969001e+09 1.13685897e+09 1.13174479e+09
 1.11846341e+09 1.10564746e+09 1.09460995e+09 1.07160444e+09
 1.05801884e+09 1.05142791e+09 1.04215789e+09 1.03296722e+09
 1.02266483e+09 1.01549254e+09 1.00205304e+09 9.85788592e+08
 9.61910449e+08 9.31862172e+08 8.90156172e+08 8.44097556e+08
 7.91766334e+08 7.35777349e+08 6.75331024e+08 6.13901732e+08
 5.51977455e+08 4.91471722e+08 4.31893348e+08 3.71434743e+08
 3.11333927e+08 2.68672211e+08 2.35855022e+08 2.12794527e+08
 8.74163140e+08 0.00000000e+00 0.00000000e+00 0.00000000e+00
 0.00000000e+00 0.00000000e+00 0.00000000e+00 0.00000000e+00
 0.00000000e+00 0.00000000e+00 0.00000000e+00 0.00000000e+00
 0.00000000e+00 0.00000000e+00 0.00000000e+00 0.00000000e+00
 0.00000000e+00 0.00000000e+00 0.00000000e+00 0.00000000e+00
 0.00000000e+00 0.00000000e+00 0.00000000e+00 0.00000000e+00
 0.00000000e+00 0.00000000e+00 0.00000000e+00 0.00000000e+00
 0.00000000e+00 0.00000000e+00 0.00000000e+00 0.00000000e+00
 0.00000000e+00 0.00000000e+00 0.00000000e+00 0.00000000e+00
 0.00000000e+00 0.00000000e+00 0.00000000e+00 0.00000000e+00
 0.00000000e+00 0.00000000e+00 0.00000000e+00 0.00000000e+00
 0.00000000e+00 0.00000000e+00 0.00000000e+00 0.00000000e+00
 0.00000000e+00 0.00000000e+00 0.00000000e+00 0.00000000e+00
 0.00000000e+00 0.00000000e+00 0.00000000e+00 0.00000000e+00
 0.00000000e+00 0.00000000e+00 0.00000000e+00 0.00000000e+00
 0.00000000e+00 0.00000000e+00 0.00000000e+00 0.00000000e+00
 0.00000000e+00 0.00000000e+00 0.00000000e+00 0.00000000e+00
 0.00000000e+00 0.00000000e+00 0.00000000e+00 0.00000000e+00
 0.00000000e+00 0.00000000e+00 0.00000000e+00 0.00000000e+00
 0.00000000e+00 0.00000000e+00 0.00000000e+00 0.00000000e+00
 0.00000000e+00 0.00000000e+00 0.00000000e+00 0.00000000e+00
 0.00000000e+00 0.00000000e+00 0.00000000e+00 0.00000000e+00
 0.00000000e+00 0.00000000e+00 0.00000000e+00 0.00000000e+00
 0.00000000e+00 0.00000000e+00 0.00000000e+00 0.00000000e+00
 0.00000000e+00 0.00000000e+00 0.00000000e+00 0.00000000e+00
 0.00000000e+00 0.00000000e+00 0.00000000e+00 0.00000000e+00
 0.00000000e+00 0.00000000e+00 0.00000000e+00 0.00000000e+00
 0.00000000e+00 0.00000000e+00 0.00000000e+00 0.00000000e+00
 0.00000000e+00 0.00000000e+00 0.00000000e+00 0.00000000e+00
 0.00000000e+00 0.00000000e+00 0.00000000e+00 0.00000000e+00
 0.00000000e+00 0.00000000e+00 0.00000000e+00 0.00000000e+00
 0.00000000e+00 0.00000000e+00 0.00000000e+00 0.00000000e+00
 0.00000000e+00 0.00000000e+00 0.00000000e+00 0.00000000e+00
 0.00000000e+00 0.00000000e+00 0.00000000e+00 0.00000000e+00
 0.00000000e+00 0.00000000e+00 0.00000000e+00 0.00000000e+00
 0.00000000e+00 0.00000000e+00 0.00000000e+00 0.00000000e+00
 0.00000000e+00 0.00000000e+00 0.00000000e+00 0.00000000e+00
 0.00000000e+00 0.00000000e+00 0.00000000e+00 0.00000000e+00
 0.00000000e+00 0.00000000e+00 0.00000000e+00 0.00000000e+00
 0.00000000e+00 0.00000000e+00 0.00000000e+00 0.00000000e+00
 0.00000000e+00 0.00000000e+00 0.00000000e+00 0.00000000e+00
 0.00000000e+00 0.00000000e+00 0.00000000e+00 0.00000000e+00
 0.00000000e+00 0.00000000e+00 0.00000000e+00 0.00000000e+00
 0.00000000e+00 0.00000000e+00 0.00000000e+00 0.00000000e+00
 0.00000000e+00 0.00000000e+00 0.00000000e+00 0.00000000e+00
 0.00000000e+00 0.00000000e+00 0.00000000e+00 0.00000000e+00
 0.00000000e+00 0.00000000e+00 0.00000000e+00 0.00000000e+00
 0.00000000e+00 0.00000000e+00 0.00000000e+00 0.00000000e+00
 0.00000000e+00 0.00000000e+00 0.00000000e+00 0.00000000e+00
 0.00000000e+00 0.00000000e+00 0.00000000e+00 0.00000000e+00
 0.00000000e+00 0.00000000e+00 0.00000000e+00 0.00000000e+00
 0.00000000e+00 0.00000000e+00 0.00000000e+00 0.00000000e+00
 0.00000000e+00 0.00000000e+00 0.00000000e+00 0.00000000e+00
 0.00000000e+00 0.00000000e+00 0.00000000e+00 0.00000000e+00
 0.00000000e+00 0.00000000e+00 0.00000000e+00 0.00000000e+00
 0.00000000e+00 0.00000000e+00 0.00000000e+00 0.00000000e+00
 0.00000000e+00 0.00000000e+00 0.00000000e+00 0.00000000e+00
 0.00000000e+00 0.00000000e+00 0.00000000e+00 0.00000000e+00
 0.00000000e+00 0.00000000e+00 0.00000000e+00 0.00000000e+00
 0.00000000e+00 0.00000000e+00 0.00000000e+00 0.00000000e+00
 0.00000000e+00 0.00000000e+00 0.00000000e+00 0.00000000e+00
 0.00000000e+00 0.00000000e+00 0.00000000e+00 0.00000000e+00
 0.00000000e+00 0.00000000e+00 0.00000000e+00 0.00000000e+00
 0.00000000e+00 0.00000000e+00 0.00000000e+00 0.00000000e+00
 0.00000000e+00 0.00000000e+00 0.00000000e+00 0.00000000e+00
 0.00000000e+00 0.00000000e+00 0.00000000e+00 0.00000000e+00
 0.00000000e+00 0.00000000e+00 0.00000000e+00 0.00000000e+00
 0.00000000e+00 0.00000000e+00 0.00000000e+00 0.00000000e+00
 0.00000000e+00 0.00000000e+00 0.00000000e+00 0.00000000e+00
 0.00000000e+00 0.00000000e+00]
[WARNING]: Quasi-static verification failed
[WARNING]: Max normalized derivatives: dVg/dt=2.50e+11, dVd/dt=0.00e+00, dId/dt=2.17e+11

  ngspice: ✓ PASS  (122.7s)

✓ Benchmark completed: /home/duhaochen/website-trial-v1/data/spice-model-benchmark/11b06162e175e4743bdd54682eee8007/ngspice
