$ /usr/bin/time -v -o /home/duhaochen/website-trial-v1/data/spice-model-benchmark/ce76c515537430b71bc26d456377df91/ngspice/resource.txt /usr/bin/python -m spice_model_benchmark.cli /home/duhaochen/pipeline_full_collection/benchmark-inputs/ce76c515537430b71bc26d456377df91/ngspice.lib --simulator ngspice --modes dc transient ac noise --output-dir /home/duhaochen/website-trial-v1/data/spice-model-benchmark/ce76c515537430b71bc26d456377df91 --dpi 120 --log-level WARNING
/home/duhaochen/spice_model_benchmark/src/spice_model_benchmark/verification_manager.py:1557: RuntimeWarning: divide by zero encountered in divide
  tc = np.mean((d_ids / d_temp) / np.abs(i_ds[:-1]))
SPICE Model Benchmark: /home/duhaochen/pipeline_full_collection/benchmark-inputs/ce76c515537430b71bc26d456377df91/ngspice.lib
Simulators: ngspice
Modes: dc, transient, ac, noise
------------------------------------------------------------

============================================================
  Running: NGSPICE
  Output:  /home/duhaochen/website-trial-v1/data/spice-model-benchmark/ce76c515537430b71bc26d456377df91/ngspice
============================================================
Vgs range: 0.000V to 1.200V
Ids range: -1.994e-03A to 0.000e+00A
Selected Vgs values: [0.  0.2 0.4 0.6 0.8 1.  1.2]
Vgs=0.000V: Ids range -1.217e-10A to -3.953e-15A
Vgs=0.200V: Ids range -1.664e-08A to 0.000e+00A
Vgs=0.400V: Ids range -1.646e-06A to 0.000e+00A
Vgs=0.600V: Ids range -9.634e-05A to 0.000e+00A
Vgs=0.800V: Ids range -5.265e-04A to 0.000e+00A
Vgs=1.000V: Ids range -1.182e-03A to 0.000e+00A
Vgs=1.200V: Ids range -1.994e-03A to 0.000e+00A
ids_variation: 6.157299297053665
ids_variation <= max_variation: False
tc: inf
abs(tc) <= max_tc: False
[WARNING]: Temperature effects verification failed - effects outside expected range
/home/duhaochen/spice_model_benchmark/src/spice_model_benchmark/verification_manager.py:1817: RuntimeWarning: divide by zero encountered in log
  log_ids = np.log(np.abs(i_ds))
/home/duhaochen/.local/lib/python3.9/site-packages/numpy/lib/function_base.py:2742: RuntimeWarning: invalid value encountered in subtract
  X -= avg[:, None]
/home/duhaochen/spice_model_benchmark/src/spice_model_benchmark/verification_manager.py:1862: RuntimeWarning: divide by zero encountered in divide
  efficiency = np.abs(gm / i_ds)  # Transconductance efficiency
[INFO]: S-parameter analysis plot saved to /home/duhaochen/website-trial-v1/data/spice-model-benchmark/ce76c515537430b71bc26d456377df91/ngspice/plots/ac_cv_sparameter_analysis.png
[INFO]: NQS effects plot saved to /home/duhaochen/website-trial-v1/data/spice-model-benchmark/ce76c515537430b71bc26d456377df91/ngspice/plots/ac_cv_nqs_effects.png
[INFO]: S-parameter analysis plot saved to /home/duhaochen/website-trial-v1/data/spice-model-benchmark/ce76c515537430b71bc26d456377df91/ngspice/plots/ac_cv_sparameter_analysis.png
norm_dvg: [2.50000000e+11 1.25000000e+11 6.25000000e+10 3.12500000e+10
 1.56250000e+10 8.43544594e+09 6.31119481e+09 5.86204455e+09
 5.42833518e+09 5.08529523e+09 4.72926544e+09 4.50401418e+09
 4.28286844e+09 4.04866356e+09 3.82588921e+09 3.59586176e+09
 3.36707366e+09 3.05580822e+09 2.80795791e+09 2.62522697e+09
 2.42611692e+09 2.29031354e+09 2.26019492e+09 2.23461675e+09
 2.21320815e+09 2.18506536e+09 2.15946579e+09 2.14456608e+09
 2.12674668e+09 2.10782569e+09 2.09858297e+09 2.08947378e+09
 2.08292462e+09 2.07600523e+09 2.06882832e+09 2.05461947e+09
 2.02678346e+09 2.00000145e+09 1.99631719e+09 1.98899318e+09
 1.97742696e+09 1.96213972e+09 1.94929037e+09 1.93382010e+09
 1.91558193e+09 1.89021955e+09 1.85859400e+09 1.81806998e+09
 1.76924634e+09 1.71204243e+09 1.66535235e+09 1.63856297e+09
 1.60098256e+09 1.57170957e+09 1.54102411e+09 1.51355603e+09
 1.47599101e+09 1.43264702e+09 1.38547463e+09 1.33590905e+09
 1.28217223e+09 1.22814559e+09 1.16240035e+09 1.14229227e+09
 1.12427601e+09 1.10270079e+09 1.08111038e+09 1.06974909e+09
 1.05689069e+09 1.04322050e+09 1.02793254e+09 1.01377386e+09
 1.00000211e+09 9.97637022e+08 9.92944410e+08 9.83690302e+08
 9.65690309e+08 9.31596660e+08 9.00411984e+08 8.63391627e+08
 8.24765285e+08 7.81230713e+08 7.31316420e+08 6.67485375e+08
 6.08536729e+08 5.92885255e+08 5.78096165e+08 5.60609359e+08
 5.50218058e+08 5.35974375e+08 5.23620366e+08 5.07149578e+08
 4.86450768e+08 4.71825926e+08 4.58688311e+08 4.46227616e+08
 4.38050679e+08 4.34701704e+08 4.32053388e+08 4.28388386e+08
 4.24816997e+08 4.22880840e+08 4.20222505e+08 4.18257366e+08
 4.16247030e+08 4.14164870e+08 4.10684342e+08 4.06090568e+08
 4.03664537e+08 4.01949027e+08 4.00316057e+08 3.98281092e+08
 3.96566384e+08 3.94194592e+08 3.91692094e+08 3.87849562e+08
 3.83295071e+08 3.77176724e+08 3.70294060e+08 3.61800876e+08
 3.52222447e+08 3.39299812e+08 3.24354165e+08 3.06024800e+08
 2.87222652e+08 2.67147735e+08 2.47423625e+08 2.27305675e+08
 2.07646696e+08 1.87681404e+08 1.68018561e+08 1.48110336e+08
 1.35722058e+08 1.26846189e+08 1.17920871e+08 1.11742508e+08
 1.06131300e+08 1.00447135e+08 9.52372264e+07 9.52056156e+07
 9.51387711e+07 9.50065131e+07 9.48132632e+07 9.45886295e+07
 9.43303249e+07 9.40206097e+07 9.38849410e+07 9.37798691e+07
 9.36600814e+07 9.35239266e+07 9.34398663e+07 9.33280034e+07
 9.32028910e+07 9.30571006e+07 9.28909775e+07 9.27154983e+07
 9.25970629e+07 9.24760607e+07 9.23485280e+07 9.22585135e+07
 9.21329613e+07 9.20007780e+07 9.18340053e+07 9.17415442e+07
 9.16553988e+07 9.15512510e+07 9.14364107e+07 9.13707888e+07
 9.12889527e+07 9.12112058e+07 9.11109384e+07 9.10098405e+07
 9.09123514e+07 9.09003604e+07 9.09008304e+07 9.08813994e+07
 9.08517211e+07 9.07883833e+07 9.07634723e+07 9.07381296e+07
 9.07082866e+07 9.06789576e+07 9.06612692e+07 9.06352520e+07
 9.06062421e+07 9.05536999e+07 9.04653956e+07 9.02889774e+07
 9.01914598e+07 9.01078455e+07 8.99986044e+07 8.98938140e+07
 8.97801228e+07 8.96738513e+07 8.95152580e+07 8.93149303e+07
 8.90388769e+07 8.86776806e+07 8.81979676e+07 8.75702259e+07
 8.67748737e+07 8.64892905e+07 8.62990357e+07 8.61191908e+07
 8.58904788e+07 8.56722730e+07 8.54727548e+07 8.52528838e+07
 8.49666429e+07 8.46545508e+07 8.43655886e+07 8.40440477e+07
 8.36974238e+07 8.33330978e+07 8.32928688e+07 8.32104127e+07
 8.30477162e+07 8.27234263e+07 8.21969051e+07 8.13925717e+07
 8.08312825e+07 8.06486478e+07 8.05043580e+07 8.04214883e+07
 8.03427686e+07 8.02659748e+07 8.01929162e+07 8.01326155e+07
 8.00756535e+07 8.00142979e+07 7.99510074e+07 7.98828902e+07
 7.98137193e+07 7.97298013e+07 7.96377418e+07 7.95193259e+07
 7.93580242e+07 7.91423082e+07 7.88329364e+07 7.87072087e+07
 7.85672826e+07 7.84151376e+07 7.82835674e+07 7.81393307e+07
 7.79598608e+07 7.77232991e+07 7.74325955e+07 7.71787077e+07
 7.69421554e+07 7.67055266e+07 7.64551368e+07 7.62143045e+07
 7.61316489e+07 7.60869953e+07 7.60494168e+07 7.60142416e+07
 7.59692122e+07 7.59493302e+07 7.59199831e+07 7.58861260e+07
 7.58495072e+07 7.58006826e+07 7.57240159e+07 7.56054708e+07
 7.54800942e+07 7.53483242e+07 7.52538794e+07 7.51689515e+07
 7.50714703e+07 7.49786049e+07 7.48564686e+07 7.47388963e+07
 7.45637243e+07 7.43417209e+07 7.40330037e+07 7.36343317e+07
 7.31009319e+07 7.24270543e+07 7.15824171e+07 7.06630789e+07
 6.96403921e+07 6.85123942e+07 6.72064453e+07 6.56612029e+07
 6.37153464e+07 6.11799692e+07 5.83252925e+07 5.57251442e+07
 5.33469205e+07 5.16192730e+07 0.00000000e+00 0.00000000e+00
 0.00000000e+00 0.00000000e+00 0.00000000e+00 0.00000000e+00
 0.00000000e+00 0.00000000e+00 0.00000000e+00 0.00000000e+00
 0.00000000e+00 0.00000000e+00 0.00000000e+00 0.00000000e+00
 0.00000000e+00 0.00000000e+00 0.00000000e+00 0.00000000e+00
 0.00000000e+00 0.00000000e+00 0.00000000e+00 0.00000000e+00
 0.00000000e+00 0.00000000e+00 0.00000000e+00 0.00000000e+00
 0.00000000e+00 0.00000000e+00 0.00000000e+00 0.00000000e+00
 0.00000000e+00 0.00000000e+00 0.00000000e+00 0.00000000e+00
 0.00000000e+00 0.00000000e+00 0.00000000e+00 0.00000000e+00
 0.00000000e+00 0.00000000e+00 0.00000000e+00 0.00000000e+00
 0.00000000e+00 0.00000000e+00 0.00000000e+00 0.00000000e+00
 0.00000000e+00 0.00000000e+00 0.00000000e+00 0.00000000e+00
 0.00000000e+00 0.00000000e+00 0.00000000e+00 0.00000000e+00
 0.00000000e+00 0.00000000e+00 0.00000000e+00 0.00000000e+00
 0.00000000e+00 0.00000000e+00 0.00000000e+00 0.00000000e+00
 0.00000000e+00 0.00000000e+00 0.00000000e+00 0.00000000e+00
 0.00000000e+00 0.00000000e+00 0.00000000e+00 0.00000000e+00
 0.00000000e+00 0.00000000e+00 0.00000000e+00 0.00000000e+00
 0.00000000e+00 0.00000000e+00 0.00000000e+00 0.00000000e+00
 0.00000000e+00 0.00000000e+00 0.00000000e+00 0.00000000e+00
 0.00000000e+00 0.00000000e+00 0.00000000e+00 0.00000000e+00
 0.00000000e+00 0.00000000e+00 0.00000000e+00 0.00000000e+00
 0.00000000e+00 0.00000000e+00 0.00000000e+00 0.00000000e+00
 0.00000000e+00 0.00000000e+00 0.00000000e+00 0.00000000e+00
 0.00000000e+00 0.00000000e+00 0.00000000e+00 0.00000000e+00
 0.00000000e+00 0.00000000e+00 0.00000000e+00 0.00000000e+00
 0.00000000e+00 0.00000000e+00 0.00000000e+00 0.00000000e+00
 0.00000000e+00 0.00000000e+00 0.00000000e+00 0.00000000e+00
 0.00000000e+00 0.00000000e+00 0.00000000e+00 0.00000000e+00
 0.00000000e+00 0.00000000e+00 0.00000000e+00 0.00000000e+00
 0.00000000e+00 0.00000000e+00 0.00000000e+00 0.00000000e+00
 0.00000000e+00 0.00000000e+00 0.00000000e+00 0.00000000e+00
 0.00000000e+00 0.00000000e+00 0.00000000e+00 0.00000000e+00
 0.00000000e+00 0.00000000e+00 0.00000000e+00 0.00000000e+00
 0.00000000e+00 0.00000000e+00 0.00000000e+00 0.00000000e+00
 0.00000000e+00 0.00000000e+00 0.00000000e+00 0.00000000e+00
 0.00000000e+00 0.00000000e+00 0.00000000e+00 0.00000000e+00
 0.00000000e+00 0.00000000e+00 0.00000000e+00 0.00000000e+00
 0.00000000e+00 0.00000000e+00 0.00000000e+00 0.00000000e+00
 0.00000000e+00 0.00000000e+00 0.00000000e+00 0.00000000e+00
 0.00000000e+00 0.00000000e+00 0.00000000e+00 0.00000000e+00
 0.00000000e+00 0.00000000e+00 0.00000000e+00 0.00000000e+00
 0.00000000e+00 0.00000000e+00 0.00000000e+00 0.00000000e+00
 0.00000000e+00 0.00000000e+00 0.00000000e+00 0.00000000e+00
 0.00000000e+00 0.00000000e+00 0.00000000e+00 0.00000000e+00
 0.00000000e+00 0.00000000e+00 0.00000000e+00 0.00000000e+00
 0.00000000e+00 0.00000000e+00 0.00000000e+00 0.00000000e+00
 0.00000000e+00 0.00000000e+00 0.00000000e+00 0.00000000e+00
 0.00000000e+00 0.00000000e+00 0.00000000e+00 0.00000000e+00
 0.00000000e+00 0.00000000e+00 0.00000000e+00 0.00000000e+00
 0.00000000e+00 0.00000000e+00 0.00000000e+00 0.00000000e+00
 0.00000000e+00 0.00000000e+00 0.00000000e+00 0.00000000e+00
 0.00000000e+00 0.00000000e+00 0.00000000e+00 0.00000000e+00
 0.00000000e+00 0.00000000e+00 0.00000000e+00 0.00000000e+00
 0.00000000e+00 0.00000000e+00 0.00000000e+00 0.00000000e+00
 0.00000000e+00 0.00000000e+00 0.00000000e+00 0.00000000e+00
 0.00000000e+00 0.00000000e+00 0.00000000e+00 0.00000000e+00
 0.00000000e+00 0.00000000e+00 0.00000000e+00 0.00000000e+00
 0.00000000e+00 0.00000000e+00 0.00000000e+00 0.00000000e+00
 0.00000000e+00 0.00000000e+00 0.00000000e+00 0.00000000e+00
 0.00000000e+00 0.00000000e+00 0.00000000e+00 0.00000000e+00
 0.00000000e+00 0.00000000e+00 0.00000000e+00 0.00000000e+00
 0.00000000e+00 0.00000000e+00 0.00000000e+00 0.00000000e+00
 0.00000000e+00 0.00000000e+00 0.00000000e+00 0.00000000e+00
 0.00000000e+00 0.00000000e+00 0.00000000e+00 0.00000000e+00
 0.00000000e+00 0.00000000e+00 0.00000000e+00 0.00000000e+00
 0.00000000e+00 0.00000000e+00 0.00000000e+00 0.00000000e+00
 0.00000000e+00 0.00000000e+00 0.00000000e+00 0.00000000e+00
 0.00000000e+00 0.00000000e+00 0.00000000e+00 0.00000000e+00
 0.00000000e+00 0.00000000e+00 0.00000000e+00 0.00000000e+00
 0.00000000e+00 0.00000000e+00 0.00000000e+00 0.00000000e+00
 0.00000000e+00 0.00000000e+00 0.00000000e+00]
norm_dvd: [0. 0. 0. 0. 0. 0. 0. 0. 0. 0. 0. 0. 0. 0. 0. 0. 0. 0. 0. 0. 0. 0. 0. 0.
 0. 0. 0. 0. 0. 0. 0. 0. 0. 0. 0. 0. 0. 0. 0. 0. 0. 0. 0. 0. 0. 0. 0. 0.
 0. 0. 0. 0. 0. 0. 0. 0. 0. 0. 0. 0. 0. 0. 0. 0. 0. 0. 0. 0. 0. 0. 0. 0.
 0. 0. 0. 0. 0. 0. 0. 0. 0. 0. 0. 0. 0. 0. 0. 0. 0. 0. 0. 0. 0. 0. 0. 0.
 0. 0. 0. 0. 0. 0. 0. 0. 0. 0. 0. 0. 0. 0. 0. 0. 0. 0. 0. 0. 0. 0. 0. 0.
 0. 0. 0. 0. 0. 0. 0. 0. 0. 0. 0. 0. 0. 0. 0. 0. 0. 0. 0. 0. 0. 0. 0. 0.
 0. 0. 0. 0. 0. 0. 0. 0. 0. 0. 0. 0. 0. 0. 0. 0. 0. 0. 0. 0. 0. 0. 0. 0.
 0. 0. 0. 0. 0. 0. 0. 0. 0. 0. 0. 0. 0. 0. 0. 0. 0. 0. 0. 0. 0. 0. 0. 0.
 0. 0. 0. 0. 0. 0. 0. 0. 0. 0. 0. 0. 0. 0. 0. 0. 0. 0. 0. 0. 0. 0. 0. 0.
 0. 0. 0. 0. 0. 0. 0. 0. 0. 0. 0. 0. 0. 0. 0. 0. 0. 0. 0. 0. 0. 0. 0. 0.
 0. 0. 0. 0. 0. 0. 0. 0. 0. 0. 0. 0. 0. 0. 0. 0. 0. 0. 0. 0. 0. 0. 0. 0.
 0. 0. 0. 0. 0. 0. 0. 0. 0. 0. 0. 0. 0. 0. 0. 0. 0. 0. 0. 0. 0. 0. 0. 0.
 0. 0. 0. 0. 0. 0. 0. 0. 0. 0. 0. 0. 0. 0. 0. 0. 0. 0. 0. 0. 0. 0. 0. 0.
 0. 0. 0. 0. 0. 0. 0. 0. 0. 0. 0. 0. 0. 0. 0. 0. 0. 0. 0. 0. 0. 0. 0. 0.
 0. 0. 0. 0. 0. 0. 0. 0. 0. 0. 0. 0. 0. 0. 0. 0. 0. 0. 0. 0. 0. 0. 0. 0.
 0. 0. 0. 0. 0. 0. 0. 0. 0. 0. 0. 0. 0. 0. 0. 0. 0. 0. 0. 0. 0. 0. 0. 0.
 0. 0. 0. 0. 0. 0. 0. 0. 0. 0. 0. 0. 0. 0. 0. 0. 0. 0. 0. 0. 0. 0. 0. 0.
 0. 0. 0. 0. 0. 0. 0. 0. 0. 0. 0. 0. 0. 0. 0. 0. 0. 0. 0. 0. 0. 0. 0. 0.
 0. 0. 0. 0. 0. 0. 0. 0. 0. 0. 0. 0. 0. 0. 0. 0. 0. 0. 0. 0. 0. 0. 0. 0.
 0. 0. 0. 0. 0. 0. 0. 0. 0. 0. 0. 0. 0. 0. 0. 0. 0. 0. 0. 0. 0. 0. 0. 0.
 0. 0. 0. 0. 0. 0. 0. 0. 0. 0. 0. 0. 0. 0. 0. 0. 0. 0. 0. 0. 0. 0. 0. 0.
 0. 0. 0. 0. 0. 0. 0. 0. 0. 0. 0. 0. 0. 0. 0. 0. 0. 0. 0. 0. 0. 0. 0. 0.
 0. 0. 0. 0. 0. 0. 0. 0. 0. 0. 0. 0. 0. 0. 0. 0. 0. 0. 0. 0. 0. 0. 0. 0.
 0. 0. 0. 0. 0. 0. 0. 0. 0. 0. 0. 0. 0. 0. 0. 0. 0. 0. 0. 0. 0. 0. 0. 0.
 0. 0. 0.]
norm_did: [4.93507055e+03 4.11255885e+03 5.75758258e+03 5.96321108e+03
 6.63469630e+03 7.09111576e+03 7.04605328e+03 7.72446624e+03
 7.94258558e+03 8.00072759e+03 8.71138444e+03 8.60951516e+03
 8.76912308e+03 9.15044129e+03 9.44493966e+03 9.75019806e+03
 1.04405258e+04 1.09345584e+04 1.16796956e+04 1.22080611e+04
 1.29232584e+04 1.24400410e+04 1.42928738e+04 1.36806392e+04
 1.35685873e+04 1.45544889e+04 1.22710345e+04 1.51584737e+04
 1.40294428e+04 1.57498171e+04 1.26699132e+04 1.74887101e+04
 1.23356874e+04 1.57496643e+04 1.57496694e+04 1.47653114e+04
 1.49382961e+04 2.14031651e+04 1.07015829e+04 1.56627560e+04
 1.67015552e+04 1.37096728e+04 1.60337155e+04 1.60383059e+04
 1.59699306e+04 1.68120343e+04 1.64603864e+04 1.73404875e+04
 1.81182650e+04 1.84835557e+04 1.87673891e+04 1.92917656e+04
 2.03624480e+04 2.02556928e+04 2.12325095e+04 2.19139528e+04
 2.27923240e+04 2.38113084e+04 2.50629458e+04 2.66373477e+04
 2.85766527e+04 3.14341113e+04 3.08500682e+04 3.37721652e+04
 3.51638957e+04 3.66965493e+04 3.68400025e+04 3.81871365e+04
 3.92732751e+04 4.06175750e+04 4.21350220e+04 4.26193602e+04
 6.38971673e+04 3.33375871e+04 4.44501232e+04 4.61864756e+04
 4.96591864e+04 5.30992256e+04 5.84510528e+04 6.50224698e+04
 7.42121617e+04 8.81990109e+04 1.13327273e+05 1.50811619e+05
 1.39556296e+05 1.86369485e+05 2.15138874e+05 2.27969212e+05
 2.56015149e+05 2.80460371e+05 3.17673169e+05 3.74229109e+05
 4.21414856e+05 4.81269820e+05 5.51157331e+05 5.97889647e+05
 6.09192868e+05 6.61148209e+05 6.98739024e+05 7.26407946e+05
 7.37203896e+05 7.69728405e+05 7.87535157e+05 8.07969684e+05
 8.29453856e+05 8.63691605e+05 9.10092402e+05 9.26976502e+05
 9.55880717e+05 9.86608694e+05 1.01536697e+06 1.03659258e+06
 1.07033900e+06 1.10525512e+06 1.16037041e+06 1.23077131e+06
 1.33386641e+06 1.46723159e+06 1.65932391e+06 1.92197272e+06
 2.36827752e+06 3.08202493e+06 4.40098143e+06 6.70888322e+06
 1.12445522e+07 2.04267331e+07 4.16952247e+07 9.66072954e+07
 2.74185969e+08 1.06070952e+09 1.30596427e+10 4.39357038e+09
 3.27796862e+09 3.34564579e+09 2.28360037e+09 1.72787521e+09
 1.32640436e+09 9.86521212e+08 7.35997885e+08 7.00888150e+08
 6.99759183e+08 6.96235374e+08 6.90468395e+08 6.83793121e+08
 6.76302653e+08 6.65121912e+08 6.60719943e+08 6.57749858e+08
 6.54296783e+08 6.49800530e+08 6.47594254e+08 6.44422573e+08
 6.40972504e+08 6.36939846e+08 6.32239273e+08 6.26745098e+08
 6.23410217e+08 6.20092454e+08 6.16189031e+08 6.13999280e+08
 6.10598077e+08 6.07239129e+08 6.02088570e+08 5.99551333e+08
 5.97391700e+08 5.94650665e+08 5.91263591e+08 5.89629890e+08
 5.87423338e+08 5.85558661e+08 5.82936321e+08 5.80306106e+08
 5.77331498e+08 5.76747494e+08 5.76802851e+08 5.76490042e+08
 5.75929390e+08 5.74099960e+08 5.73396015e+08 5.72742052e+08
 5.72047691e+08 5.71221860e+08 5.70774139e+08 5.70200446e+08
 5.69587223e+08 5.68526313e+08 5.66899401e+08 5.61903805e+08
 5.59399465e+08 5.57480534e+08 5.54769464e+08 5.52252697e+08
 5.49431649e+08 5.47182974e+08 5.43635089e+08 5.39310680e+08
 5.33311121e+08 5.25606752e+08 5.15515427e+08 5.02509123e+08
 4.82923018e+08 4.76583005e+08 4.72686031e+08 4.69326843e+08
 4.64746299e+08 4.60396704e+08 4.56645298e+08 4.52750483e+08
 4.47478806e+08 4.41599259e+08 4.36482482e+08 4.30837923e+08
 4.24821313e+08 4.17373482e+08 4.16657282e+08 4.15660674e+08
 4.13567877e+08 4.08981885e+08 4.01489569e+08 3.87970307e+08
 3.78166860e+08 3.75348099e+08 3.73035338e+08 3.71820917e+08
 3.70686524e+08 3.69566908e+08 3.68492521e+08 3.67605143e+08
 3.66825313e+08 3.65967765e+08 3.65092354e+08 3.64130756e+08
 3.63230306e+08 3.62079545e+08 3.60894964e+08 3.59409891e+08
 3.57382535e+08 3.54770244e+08 3.50043939e+08 3.48430086e+08
 3.46637904e+08 3.44592567e+08 3.42940587e+08 3.41203234e+08
 3.39104298e+08 3.36302663e+08 3.32585158e+08 3.29431791e+08
 3.26582159e+08 3.23803090e+08 3.20829035e+08 3.17573991e+08
 3.16509890e+08 3.15969689e+08 3.15549987e+08 3.15160563e+08
 3.14591657e+08 3.14371332e+08 3.14065842e+08 3.13694234e+08
 3.13301525e+08 3.12834409e+08 3.12095123e+08 3.10779458e+08
 3.09403347e+08 3.07834414e+08 3.06773061e+08 3.05874035e+08
 3.04795782e+08 3.03871136e+08 3.02535925e+08 3.01433252e+08
 2.99693270e+08 2.97581852e+08 2.94598491e+08 2.90860451e+08
 2.85857648e+08 2.79689880e+08 2.71861731e+08 2.63715545e+08
 2.54990892e+08 2.45916335e+08 2.35957409e+08 2.25002825e+08
 2.12135918e+08 1.95620524e+08 1.77417553e+08 1.62131268e+08
 1.48520435e+08 1.39642204e+08 3.15848467e+08 0.00000000e+00
 0.00000000e+00 0.00000000e+00 0.00000000e+00 0.00000000e+00
 0.00000000e+00 0.00000000e+00 0.00000000e+00 0.00000000e+00
 0.00000000e+00 0.00000000e+00 0.00000000e+00 0.00000000e+00
 0.00000000e+00 0.00000000e+00 0.00000000e+00 0.00000000e+00
 0.00000000e+00 0.00000000e+00 0.00000000e+00 0.00000000e+00
 0.00000000e+00 0.00000000e+00 0.00000000e+00 0.00000000e+00
 0.00000000e+00 0.00000000e+00 0.00000000e+00 0.00000000e+00
 0.00000000e+00 0.00000000e+00 0.00000000e+00 0.00000000e+00
 0.00000000e+00 0.00000000e+00 0.00000000e+00 0.00000000e+00
 0.00000000e+00 0.00000000e+00 0.00000000e+00 0.00000000e+00
 0.00000000e+00 0.00000000e+00 0.00000000e+00 0.00000000e+00
 0.00000000e+00 0.00000000e+00 0.00000000e+00 0.00000000e+00
 0.00000000e+00 0.00000000e+00 0.00000000e+00 0.00000000e+00
 0.00000000e+00 0.00000000e+00 0.00000000e+00 0.00000000e+00
 0.00000000e+00 0.00000000e+00 0.00000000e+00 0.00000000e+00
 0.00000000e+00 0.00000000e+00 0.00000000e+00 0.00000000e+00
 0.00000000e+00 0.00000000e+00 0.00000000e+00 0.00000000e+00
 0.00000000e+00 0.00000000e+00 0.00000000e+00 0.00000000e+00
 0.00000000e+00 0.00000000e+00 0.00000000e+00 0.00000000e+00
 0.00000000e+00 0.00000000e+00 0.00000000e+00 0.00000000e+00
 0.00000000e+00 0.00000000e+00 0.00000000e+00 0.00000000e+00
 0.00000000e+00 0.00000000e+00 0.00000000e+00 0.00000000e+00
 0.00000000e+00 0.00000000e+00 0.00000000e+00 0.00000000e+00
 0.00000000e+00 0.00000000e+00 0.00000000e+00 0.00000000e+00
 0.00000000e+00 0.00000000e+00 0.00000000e+00 0.00000000e+00
 0.00000000e+00 0.00000000e+00 0.00000000e+00 0.00000000e+00
 0.00000000e+00 0.00000000e+00 0.00000000e+00 0.00000000e+00
 0.00000000e+00 0.00000000e+00 0.00000000e+00 0.00000000e+00
 0.00000000e+00 0.00000000e+00 0.00000000e+00 0.00000000e+00
 0.00000000e+00 0.00000000e+00 0.00000000e+00 0.00000000e+00
 0.00000000e+00 0.00000000e+00 0.00000000e+00 0.00000000e+00
 0.00000000e+00 0.00000000e+00 0.00000000e+00 0.00000000e+00
 0.00000000e+00 0.00000000e+00 0.00000000e+00 0.00000000e+00
 0.00000000e+00 0.00000000e+00 0.00000000e+00 0.00000000e+00
 0.00000000e+00 0.00000000e+00 0.00000000e+00 0.00000000e+00
 0.00000000e+00 0.00000000e+00 0.00000000e+00 0.00000000e+00
 0.00000000e+00 0.00000000e+00 0.00000000e+00 0.00000000e+00
 0.00000000e+00 0.00000000e+00 0.00000000e+00 0.00000000e+00
 0.00000000e+00 0.00000000e+00 0.00000000e+00 0.00000000e+00
 0.00000000e+00 0.00000000e+00 0.00000000e+00 0.00000000e+00
 0.00000000e+00 0.00000000e+00 0.00000000e+00 0.00000000e+00
 0.00000000e+00 0.00000000e+00 0.00000000e+00 0.00000000e+00
 0.00000000e+00 0.00000000e+00 0.00000000e+00 0.00000000e+00
 0.00000000e+00 0.00000000e+00 0.00000000e+00 0.00000000e+00
 0.00000000e+00 0.00000000e+00 0.00000000e+00 0.00000000e+00
 0.00000000e+00 0.00000000e+00 0.00000000e+00 0.00000000e+00
 0.00000000e+00 0.00000000e+00 0.00000000e+00 0.00000000e+00
 0.00000000e+00 0.00000000e+00 0.00000000e+00 0.00000000e+00
 0.00000000e+00 0.00000000e+00 0.00000000e+00 0.00000000e+00
 0.00000000e+00 0.00000000e+00 0.00000000e+00 0.00000000e+00
 0.00000000e+00 0.00000000e+00 0.00000000e+00 0.00000000e+00
 0.00000000e+00 0.00000000e+00 0.00000000e+00 0.00000000e+00
 0.00000000e+00 0.00000000e+00 0.00000000e+00 0.00000000e+00
 0.00000000e+00 0.00000000e+00 0.00000000e+00 0.00000000e+00
 0.00000000e+00 0.00000000e+00 0.00000000e+00 0.00000000e+00
 0.00000000e+00 0.00000000e+00 0.00000000e+00 0.00000000e+00
 0.00000000e+00 0.00000000e+00 0.00000000e+00 0.00000000e+00
 0.00000000e+00 0.00000000e+00 0.00000000e+00 0.00000000e+00
 0.00000000e+00 0.00000000e+00 0.00000000e+00 0.00000000e+00
 0.00000000e+00 0.00000000e+00 0.00000000e+00 0.00000000e+00
 0.00000000e+00 0.00000000e+00 0.00000000e+00 0.00000000e+00
 0.00000000e+00 0.00000000e+00 0.00000000e+00 0.00000000e+00
 0.00000000e+00 0.00000000e+00 0.00000000e+00 0.00000000e+00
 0.00000000e+00 0.00000000e+00 0.00000000e+00 0.00000000e+00
 0.00000000e+00 0.00000000e+00 0.00000000e+00 0.00000000e+00
 0.00000000e+00 0.00000000e+00 0.00000000e+00 0.00000000e+00
 0.00000000e+00 0.00000000e+00 0.00000000e+00 0.00000000e+00
 0.00000000e+00 0.00000000e+00 0.00000000e+00 0.00000000e+00
 0.00000000e+00 0.00000000e+00 0.00000000e+00 0.00000000e+00
 0.00000000e+00 0.00000000e+00 0.00000000e+00 0.00000000e+00
 0.00000000e+00 0.00000000e+00 0.00000000e+00 0.00000000e+00
 0.00000000e+00 0.00000000e+00 0.00000000e+00]
[WARNING]: Quasi-static verification failed
[WARNING]: Max normalized derivatives: dVg/dt=2.50e+11, dVd/dt=0.00e+00, dId/dt=1.31e+10

  ngspice: ✓ PASS  (114.1s)

✓ Benchmark completed: /home/duhaochen/website-trial-v1/data/spice-model-benchmark/ce76c515537430b71bc26d456377df91/ngspice
