$ /usr/bin/time -v -o /home/duhaochen/website-trial-v1/data/spice-model-benchmark/a7c738730e05900a23f8e8ff30cf3c28/spectre/resource.txt /usr/bin/python -m spice_model_benchmark.cli /home/duhaochen/pipeline_full_collection/benchmark-inputs/a7c738730e05900a23f8e8ff30cf3c28/spectre.lib --simulator spectre --modes dc transient ac noise --output-dir /home/duhaochen/website-trial-v1/data/spice-model-benchmark/a7c738730e05900a23f8e8ff30cf3c28 --dpi 120 --log-level WARNING
/home/duhaochen/spice_model_benchmark/src/spice_model_benchmark/verification_manager.py:1557: RuntimeWarning: divide by zero encountered in divide
  tc = np.mean((d_ids / d_temp) / np.abs(i_ds[:-1]))
SPICE Model Benchmark: /home/duhaochen/pipeline_full_collection/benchmark-inputs/a7c738730e05900a23f8e8ff30cf3c28/spectre.lib
Simulators: spectre
Modes: dc, transient, ac, noise
------------------------------------------------------------

============================================================
  Running: SPECTRE
  Output:  /home/duhaochen/website-trial-v1/data/spice-model-benchmark/a7c738730e05900a23f8e8ff30cf3c28/spectre
============================================================
Vgs range: 0.000V to 1.200V
Ids range: -7.034e-15A to 1.018e-04A
Selected Vgs values: [0.  0.2 0.4 0.6 0.8 1.  1.2]
Vgs=0.000V: Ids range 2.108e-14A to 1.755e-10A
Vgs=0.200V: Ids range -0.000e+00A to 3.221e-09A
Vgs=0.400V: Ids range -1.084e-19A to 5.275e-08A
Vgs=0.600V: Ids range -3.253e-17A to 7.051e-07A
Vgs=0.800V: Ids range -6.922e-16A to 8.687e-06A
Vgs=1.000V: Ids range -2.625e-15A to 4.314e-05A
Vgs=1.200V: Ids range -7.034e-15A to 1.018e-04A
ids_variation: 7.337719184290714
ids_variation <= max_variation: False
tc: inf
abs(tc) <= max_tc: False
[WARNING]: Temperature effects verification failed - effects outside expected range
/home/duhaochen/spice_model_benchmark/src/spice_model_benchmark/verification_manager.py:1817: RuntimeWarning: divide by zero encountered in log
  log_ids = np.log(np.abs(i_ds))
/home/duhaochen/.local/lib/python3.9/site-packages/numpy/lib/function_base.py:2742: RuntimeWarning: invalid value encountered in subtract
  X -= avg[:, None]
/home/duhaochen/spice_model_benchmark/src/spice_model_benchmark/verification_manager.py:1862: RuntimeWarning: divide by zero encountered in divide
  efficiency = np.abs(gm / i_ds)  # Transconductance efficiency
/home/duhaochen/spice_model_benchmark/src/spice_model_benchmark/verification_manager.py:2706: RuntimeWarning: divide by zero encountered in divide
  norm_dvg = np.abs(dvg_dt / gate_voltage[:-1])
/home/duhaochen/spice_model_benchmark/src/spice_model_benchmark/verification_manager.py:2706: RuntimeWarning: invalid value encountered in divide
  norm_dvg = np.abs(dvg_dt / gate_voltage[:-1])
norm_dvg: [2.46589099e+11 1.24800243e+11 7.75784601e+10 ... 0.00000000e+00
 0.00000000e+00 0.00000000e+00]
norm_dvd: [0. 0. 0. ... 0. 0. 0.]
norm_did: [1.96391687e+09 5.11832014e+08 3.20857487e+08 ... 0.00000000e+00
 0.00000000e+00 0.00000000e+00]
[WARNING]: Quasi-static verification failed
[WARNING]: Max normalized derivatives: dVg/dt=nan, dVd/dt=0.00e+00, dId/dt=1.37e+16
/home/duhaochen/spice_model_benchmark/src/spice_model_benchmark/plot_generator.py:633: RuntimeWarning: divide by zero encountered in log10
  plt.semilogx(freq, 20 * np.log10(s11_mag), 'r-', label='S11 (Input Return Loss)')
/home/duhaochen/spice_model_benchmark/src/spice_model_benchmark/plot_generator.py:634: RuntimeWarning: divide by zero encountered in log10
  plt.semilogx(freq, 20 * np.log10(s21_mag), 'g-', label='S21 (Forward Gain)')
/home/duhaochen/spice_model_benchmark/src/spice_model_benchmark/plot_generator.py:635: RuntimeWarning: divide by zero encountered in log10
  plt.semilogx(freq, 20 * np.log10(s12_mag), 'b-', label='S12 (Reverse Isolation)')
/home/duhaochen/spice_model_benchmark/src/spice_model_benchmark/plot_generator.py:636: RuntimeWarning: divide by zero encountered in log10
  plt.semilogx(freq, 20 * np.log10(s22_mag), 'm-', label='S22 (Output Return Loss)')
/home/duhaochen/spice_model_benchmark/src/spice_model_benchmark/verification_manager.py:2157: RuntimeWarning: invalid value encountered in scalar divide
  unilateral_ratio = np.max(s21_mag) / np.max(s12_mag)
/home/duhaochen/spice_model_benchmark/src/spice_model_benchmark/verification_manager.py:2183: RuntimeWarning: divide by zero encountered in log10
  s11_db = 20 * np.log10(s11_mag)
/home/duhaochen/spice_model_benchmark/src/spice_model_benchmark/verification_manager.py:2184: RuntimeWarning: divide by zero encountered in log10
  s21_db = 20 * np.log10(s21_mag)
/home/duhaochen/spice_model_benchmark/src/spice_model_benchmark/verification_manager.py:2185: RuntimeWarning: divide by zero encountered in log10
  s22_db = 20 * np.log10(s22_mag)
/home/duhaochen/spice_model_benchmark/src/spice_model_benchmark/verification_manager.py:2186: RuntimeWarning: divide by zero encountered in log10
  s12_db = 20 * np.log10(s12_mag)
[INFO]: S-parameter analysis plot saved to /home/duhaochen/website-trial-v1/data/spice-model-benchmark/a7c738730e05900a23f8e8ff30cf3c28/spectre/plots/ac_cv_sparameter_analysis.png
[INFO]: S-parameter analysis plot saved to /home/duhaochen/website-trial-v1/data/spice-model-benchmark/a7c738730e05900a23f8e8ff30cf3c28/spectre/plots/ac_cv_sparameter_analysis.png
[INFO]: NQS effects plot saved to /home/duhaochen/website-trial-v1/data/spice-model-benchmark/a7c738730e05900a23f8e8ff30cf3c28/spectre/plots/ac_cv_nqs_effects.png

  spectre: ✓ PASS  (55.0s)

✓ Benchmark completed: /home/duhaochen/website-trial-v1/data/spice-model-benchmark/a7c738730e05900a23f8e8ff30cf3c28/spectre
