$ /usr/bin/time -v -o /home/duhaochen/website-trial-v1/data/spice-model-benchmark/156d25d387207241717c7b8d8350ea60/spectre/resource.txt /usr/bin/python -m spice_model_benchmark.cli /home/duhaochen/pipeline_full_collection/benchmark-inputs/156d25d387207241717c7b8d8350ea60/spectre.lib --simulator spectre --modes dc transient ac noise --output-dir /home/duhaochen/website-trial-v1/data/spice-model-benchmark/156d25d387207241717c7b8d8350ea60 --dpi 120 --log-level WARNING
SPICE Model Benchmark: /home/duhaochen/pipeline_full_collection/benchmark-inputs/156d25d387207241717c7b8d8350ea60/spectre.lib
Simulators: spectre
Modes: dc, transient, ac, noise
------------------------------------------------------------

============================================================
  Running: SPECTRE
  Output:  /home/duhaochen/website-trial-v1/data/spice-model-benchmark/156d25d387207241717c7b8d8350ea60/spectre
============================================================
Vgs range: 0.000V to 1.200V
Ids range: -1.393e-07A to 2.078e-03A
Selected Vgs values: [0.  0.2 0.4 0.6 0.8 1.  1.2]
Vgs=0.000V: Ids range 8.685e-15A to 1.983e-11A
Vgs=0.200V: Ids range -1.091e-15A to 8.190e-10A
Vgs=0.400V: Ids range -6.101e-13A to 2.881e-08A
Vgs=0.600V: Ids range -2.309e-10A to 2.473e-06A
Vgs=0.800V: Ids range -6.423e-09A to 9.431e-05A
Vgs=1.000V: Ids range -3.608e-08A to 6.149e-04A
Vgs=1.200V: Ids range -1.393e-07A to 2.078e-03A
ids_variation: 28.509092956587725
ids_variation <= max_variation: False
tc: 42114651331.390526
abs(tc) <= max_tc: False
[WARNING]: Temperature effects verification failed - effects outside expected range
/home/duhaochen/spice_model_benchmark/src/spice_model_benchmark/verification_manager.py:2706: RuntimeWarning: divide by zero encountered in divide
  norm_dvg = np.abs(dvg_dt / gate_voltage[:-1])
/home/duhaochen/spice_model_benchmark/src/spice_model_benchmark/verification_manager.py:2706: RuntimeWarning: invalid value encountered in divide
  norm_dvg = np.abs(dvg_dt / gate_voltage[:-1])
norm_dvg: [2.47022357e+11 1.25394859e+11 7.90802478e+10 ... 0.00000000e+00
 0.00000000e+00 0.00000000e+00]
norm_dvd: [0. 0. 0. ... 0. 0. 0.]
norm_did: [2.35924511e+10 8.40142636e+09 3.42348383e+09 ... 0.00000000e+00
 0.00000000e+00 0.00000000e+00]
[WARNING]: Quasi-static verification failed
[WARNING]: Max normalized derivatives: dVg/dt=nan, dVd/dt=0.00e+00, dId/dt=2.68e+16
/home/duhaochen/spice_model_benchmark/src/spice_model_benchmark/plot_generator.py:633: RuntimeWarning: divide by zero encountered in log10
  plt.semilogx(freq, 20 * np.log10(s11_mag), 'r-', label='S11 (Input Return Loss)')
/home/duhaochen/spice_model_benchmark/src/spice_model_benchmark/plot_generator.py:634: RuntimeWarning: divide by zero encountered in log10
  plt.semilogx(freq, 20 * np.log10(s21_mag), 'g-', label='S21 (Forward Gain)')
/home/duhaochen/spice_model_benchmark/src/spice_model_benchmark/plot_generator.py:635: RuntimeWarning: divide by zero encountered in log10
  plt.semilogx(freq, 20 * np.log10(s12_mag), 'b-', label='S12 (Reverse Isolation)')
/home/duhaochen/spice_model_benchmark/src/spice_model_benchmark/plot_generator.py:636: RuntimeWarning: divide by zero encountered in log10
  plt.semilogx(freq, 20 * np.log10(s22_mag), 'm-', label='S22 (Output Return Loss)')
/home/duhaochen/spice_model_benchmark/src/spice_model_benchmark/verification_manager.py:2157: RuntimeWarning: invalid value encountered in scalar divide
  unilateral_ratio = np.max(s21_mag) / np.max(s12_mag)
/home/duhaochen/spice_model_benchmark/src/spice_model_benchmark/verification_manager.py:2183: RuntimeWarning: divide by zero encountered in log10
  s11_db = 20 * np.log10(s11_mag)
/home/duhaochen/spice_model_benchmark/src/spice_model_benchmark/verification_manager.py:2184: RuntimeWarning: divide by zero encountered in log10
  s21_db = 20 * np.log10(s21_mag)
/home/duhaochen/spice_model_benchmark/src/spice_model_benchmark/verification_manager.py:2185: RuntimeWarning: divide by zero encountered in log10
  s22_db = 20 * np.log10(s22_mag)
/home/duhaochen/spice_model_benchmark/src/spice_model_benchmark/verification_manager.py:2186: RuntimeWarning: divide by zero encountered in log10
  s12_db = 20 * np.log10(s12_mag)
[INFO]: S-parameter analysis plot saved to /home/duhaochen/website-trial-v1/data/spice-model-benchmark/156d25d387207241717c7b8d8350ea60/spectre/plots/ac_cv_sparameter_analysis.png
[INFO]: S-parameter analysis plot saved to /home/duhaochen/website-trial-v1/data/spice-model-benchmark/156d25d387207241717c7b8d8350ea60/spectre/plots/ac_cv_sparameter_analysis.png
[INFO]: NQS effects plot saved to /home/duhaochen/website-trial-v1/data/spice-model-benchmark/156d25d387207241717c7b8d8350ea60/spectre/plots/ac_cv_nqs_effects.png

  spectre: ✓ PASS  (52.7s)

✓ Benchmark completed: /home/duhaochen/website-trial-v1/data/spice-model-benchmark/156d25d387207241717c7b8d8350ea60/spectre
