
6. Printing statistics.

=== adder_top ===

        +----------Local Count, excluding submodules.
        |        +-Local Area, excluding submodules.
        |        | 
      165        - wires
      258        - wire bits
        5        - public wires
       98        - public wire bits
        5        - ports
       98        - port bits
      193 2.13E+03 cells
       17  154.224   sg13g2_a21oi_1
        3   43.546   sg13g2_a221oi_1
        2   21.697   sg13g2_a22oi_1
        8   72.576   sg13g2_and2_1
        5   27.216   sg13g2_inv_1
       22  159.667   sg13g2_nand2_1
        1    9.072   sg13g2_nand2b_1
        4   36.288   sg13g2_nand3_1
       18  130.637   sg13g2_nor2_1
        3   27.216   sg13g2_nor2b_1
        5    45.36   sg13g2_nor3_1
        7   76.205   sg13g2_nor4_1
       15   136.08   sg13g2_o21ai_1
        2   18.144   sg13g2_or2_1
        2    29.03   sg13g2_or4_1
       39  566.093   sg13g2_xnor2_1
       40  580.608   sg13g2_xor2_1

   Chip area for module '\adder_top': 2133.658800
     of which used for sequential elements: 0.000000 (0.00%)

