OpenSTA 3.1.0 543361765b Copyright (c) 2026, Parallax Software, Inc.
License GPLv3: GNU GPL version 3 <http://gnu.org/licenses/gpl.html>

This is free software, and you are free to change and redistribute it
under certain conditions; type `show_copying' for details. 
This program comes with ABSOLUTELY NO WARRANTY; for details type `show_warranty'.
Startpoint: a[0] (input port clocked by vclk)
Endpoint: cout (output port clocked by vclk)
Path Group: vclk
Path Type: max

        Cap        Slew       Delay        Time   Description
---------------------------------------------------------------------------------------
               0.000000    0.000000    0.000000   clock vclk (rise edge)
                           0.000000    0.000000   clock network delay (ideal)
                           0.000000    0.000000 ^ input external delay
   0.012707    0.050000    0.000000    0.000000 ^ a[0] (in)
               0.050000    0.000000    0.000000 ^ _269_/A (sg13g2_xor2_1)
   0.011360    0.122422    0.148462    0.148462 ^ _269_/X (sg13g2_xor2_1)
               0.122422    0.000000    0.148462 ^ _270_/C (sg13g2_nand3_1)
   0.005752    0.080745    0.120076    0.268538 v _270_/Y (sg13g2_nand3_1)
               0.080745    0.000000    0.268538 v _271_/C (sg13g2_nor3_1)
   0.011087    0.180497    0.166819    0.435356 ^ _271_/Y (sg13g2_nor3_1)
               0.180497    0.000000    0.435356 ^ _272_/B2 (sg13g2_a221oi_1)
   0.011489    0.119069    0.151316    0.586672 v _272_/Y (sg13g2_a221oi_1)
               0.119069    0.000000    0.586672 v _276_/C (sg13g2_nor4_1)
   0.008080    0.201757    0.212391    0.799064 ^ _276_/Y (sg13g2_nor4_1)
               0.201757    0.000000    0.799064 ^ _277_/B2 (sg13g2_a221oi_1)
   0.011489    0.122200    0.156368    0.955432 v _277_/Y (sg13g2_a221oi_1)
               0.122200    0.000000    0.955432 v _281_/C (sg13g2_nor4_1)
   0.008257    0.204837    0.215336    1.170768 ^ _281_/Y (sg13g2_nor4_1)
               0.204837    0.000000    1.170768 ^ _283_/A2 (sg13g2_a21oi_1)
   0.014745    0.122520    0.171645    1.342413 v _283_/Y (sg13g2_a21oi_1)
               0.122520    0.000000    1.342413 v _286_/C (sg13g2_nor4_1)
   0.008257    0.204866    0.215418    1.557831 ^ _286_/Y (sg13g2_nor4_1)
               0.204866    0.000000    1.557831 ^ _288_/A2 (sg13g2_a21oi_1)
   0.011489    0.105344    0.153945    1.711776 v _288_/Y (sg13g2_a21oi_1)
               0.105344    0.000000    1.711776 v _292_/C (sg13g2_nor4_1)
   0.008257    0.203284    0.210994    1.922770 ^ _292_/Y (sg13g2_nor4_1)
               0.203284    0.000000    1.922770 ^ _294_/A2 (sg13g2_a21oi_1)
   0.011489    0.105119    0.153549    2.076319 v _294_/Y (sg13g2_a21oi_1)
               0.105119    0.000000    2.076319 v _298_/C (sg13g2_nor4_1)
   0.008257    0.203264    0.210936    2.287255 ^ _298_/Y (sg13g2_nor4_1)
               0.203264    0.000000    2.287255 ^ _300_/A2 (sg13g2_a21oi_1)
   0.014745    0.122288    0.171211    2.458466 v _300_/Y (sg13g2_a21oi_1)
               0.122288    0.000000    2.458466 v _303_/C (sg13g2_nor4_1)
   0.008257    0.204845    0.215358    2.673825 ^ _303_/Y (sg13g2_nor4_1)
               0.204845    0.000000    2.673825 ^ _305_/A2 (sg13g2_a21oi_1)
   0.014237    0.119839    0.168882    2.842707 v _305_/Y (sg13g2_a21oi_1)
               0.119839    0.000000    2.842707 v _308_/C (sg13g2_or4_1)
   0.008970    0.061423    0.228244    3.070951 v _308_/X (sg13g2_or4_1)
               0.061423    0.000000    3.070951 v _348_/A1 (sg13g2_o21ai_1)
   0.010000    0.139038    0.146451    3.217401 ^ _348_/Y (sg13g2_o21ai_1)
               0.139038    0.000000    3.217401 ^ cout (out)
                                       3.217401   data arrival time

               0.000000  100.000000  100.000000   clock vclk (rise edge)
                           0.000000  100.000000   clock network delay (ideal)
                           0.000000  100.000000   clock reconvergence pessimism
                           0.000000  100.000000   output external delay
                                     100.000000   data required time
---------------------------------------------------------------------------------------
                                     100.000000   data required time
                                      -3.217401   data arrival time
---------------------------------------------------------------------------------------
                                      96.782593   slack (MET)


Startpoint: a[0] (input port clocked by vclk)
Endpoint: sum[31] (output port clocked by vclk)
Path Group: vclk
Path Type: max

        Cap        Slew       Delay        Time   Description
---------------------------------------------------------------------------------------
               0.000000    0.000000    0.000000   clock vclk (rise edge)
                           0.000000    0.000000   clock network delay (ideal)
                           0.000000    0.000000 ^ input external delay
   0.012707    0.050000    0.000000    0.000000 ^ a[0] (in)
               0.050000    0.000000    0.000000 ^ _269_/A (sg13g2_xor2_1)
   0.011360    0.122422    0.148462    0.148462 ^ _269_/X (sg13g2_xor2_1)
               0.122422    0.000000    0.148462 ^ _270_/C (sg13g2_nand3_1)
   0.005752    0.080745    0.120076    0.268538 v _270_/Y (sg13g2_nand3_1)
               0.080745    0.000000    0.268538 v _271_/C (sg13g2_nor3_1)
   0.011087    0.180497    0.166819    0.435356 ^ _271_/Y (sg13g2_nor3_1)
               0.180497    0.000000    0.435356 ^ _272_/B2 (sg13g2_a221oi_1)
   0.011489    0.119069    0.151316    0.586672 v _272_/Y (sg13g2_a221oi_1)
               0.119069    0.000000    0.586672 v _276_/C (sg13g2_nor4_1)
   0.008080    0.201757    0.212391    0.799064 ^ _276_/Y (sg13g2_nor4_1)
               0.201757    0.000000    0.799064 ^ _277_/B2 (sg13g2_a221oi_1)
   0.011489    0.122200    0.156368    0.955432 v _277_/Y (sg13g2_a221oi_1)
               0.122200    0.000000    0.955432 v _281_/C (sg13g2_nor4_1)
   0.008257    0.204837    0.215336    1.170768 ^ _281_/Y (sg13g2_nor4_1)
               0.204837    0.000000    1.170768 ^ _283_/A2 (sg13g2_a21oi_1)
   0.014745    0.122520    0.171645    1.342413 v _283_/Y (sg13g2_a21oi_1)
               0.122520    0.000000    1.342413 v _286_/C (sg13g2_nor4_1)
   0.008257    0.204866    0.215418    1.557831 ^ _286_/Y (sg13g2_nor4_1)
               0.204866    0.000000    1.557831 ^ _288_/A2 (sg13g2_a21oi_1)
   0.011489    0.105344    0.153945    1.711776 v _288_/Y (sg13g2_a21oi_1)
               0.105344    0.000000    1.711776 v _292_/C (sg13g2_nor4_1)
   0.008257    0.203284    0.210994    1.922770 ^ _292_/Y (sg13g2_nor4_1)
               0.203284    0.000000    1.922770 ^ _294_/A2 (sg13g2_a21oi_1)
   0.011489    0.105119    0.153549    2.076319 v _294_/Y (sg13g2_a21oi_1)
               0.105119    0.000000    2.076319 v _298_/C (sg13g2_nor4_1)
   0.008257    0.203264    0.210936    2.287255 ^ _298_/Y (sg13g2_nor4_1)
               0.203264    0.000000    2.287255 ^ _300_/A2 (sg13g2_a21oi_1)
   0.014745    0.122288    0.171211    2.458466 v _300_/Y (sg13g2_a21oi_1)
               0.122288    0.000000    2.458466 v _303_/C (sg13g2_nor4_1)
   0.008257    0.204845    0.215358    2.673825 ^ _303_/Y (sg13g2_nor4_1)
               0.204845    0.000000    2.673825 ^ _305_/A2 (sg13g2_a21oi_1)
   0.014237    0.119839    0.168882    2.842707 v _305_/Y (sg13g2_a21oi_1)
               0.119839    0.000000    2.842707 v _308_/C (sg13g2_or4_1)
   0.008970    0.061423    0.228244    3.070951 v _308_/X (sg13g2_or4_1)
               0.061423    0.000000    3.070951 v _343_/A (sg13g2_xor2_1)
   0.010000    0.089636    0.128541    3.199492 v _343_/X (sg13g2_xor2_1)
               0.089636    0.000000    3.199492 v sum[31] (out)
                                       3.199492   data arrival time

               0.000000  100.000000  100.000000   clock vclk (rise edge)
                           0.000000  100.000000   clock network delay (ideal)
                           0.000000  100.000000   clock reconvergence pessimism
                           0.000000  100.000000   output external delay
                                     100.000000   data required time
---------------------------------------------------------------------------------------
                                     100.000000   data required time
                                      -3.199492   data arrival time
---------------------------------------------------------------------------------------
                                      96.800507   slack (MET)


Startpoint: a[0] (input port clocked by vclk)
Endpoint: sum[30] (output port clocked by vclk)
Path Group: vclk
Path Type: max

        Cap        Slew       Delay        Time   Description
---------------------------------------------------------------------------------------
               0.000000    0.000000    0.000000   clock vclk (rise edge)
                           0.000000    0.000000   clock network delay (ideal)
                           0.000000    0.000000 ^ input external delay
   0.012707    0.050000    0.000000    0.000000 ^ a[0] (in)
               0.050000    0.000000    0.000000 ^ _269_/A (sg13g2_xor2_1)
   0.011360    0.122422    0.148462    0.148462 ^ _269_/X (sg13g2_xor2_1)
               0.122422    0.000000    0.148462 ^ _270_/C (sg13g2_nand3_1)
   0.005752    0.080745    0.120076    0.268538 v _270_/Y (sg13g2_nand3_1)
               0.080745    0.000000    0.268538 v _271_/C (sg13g2_nor3_1)
   0.011087    0.180497    0.166819    0.435356 ^ _271_/Y (sg13g2_nor3_1)
               0.180497    0.000000    0.435356 ^ _272_/B2 (sg13g2_a221oi_1)
   0.011489    0.119069    0.151316    0.586672 v _272_/Y (sg13g2_a221oi_1)
               0.119069    0.000000    0.586672 v _276_/C (sg13g2_nor4_1)
   0.008080    0.201757    0.212391    0.799064 ^ _276_/Y (sg13g2_nor4_1)
               0.201757    0.000000    0.799064 ^ _277_/B2 (sg13g2_a221oi_1)
   0.011489    0.122200    0.156368    0.955432 v _277_/Y (sg13g2_a221oi_1)
               0.122200    0.000000    0.955432 v _281_/C (sg13g2_nor4_1)
   0.008257    0.204837    0.215336    1.170768 ^ _281_/Y (sg13g2_nor4_1)
               0.204837    0.000000    1.170768 ^ _283_/A2 (sg13g2_a21oi_1)
   0.014745    0.122520    0.171645    1.342413 v _283_/Y (sg13g2_a21oi_1)
               0.122520    0.000000    1.342413 v _286_/C (sg13g2_nor4_1)
   0.008257    0.204866    0.215418    1.557831 ^ _286_/Y (sg13g2_nor4_1)
               0.204866    0.000000    1.557831 ^ _288_/A2 (sg13g2_a21oi_1)
   0.011489    0.105344    0.153945    1.711776 v _288_/Y (sg13g2_a21oi_1)
               0.105344    0.000000    1.711776 v _292_/C (sg13g2_nor4_1)
   0.008257    0.203284    0.210994    1.922770 ^ _292_/Y (sg13g2_nor4_1)
               0.203284    0.000000    1.922770 ^ _294_/A2 (sg13g2_a21oi_1)
   0.011489    0.105119    0.153549    2.076319 v _294_/Y (sg13g2_a21oi_1)
               0.105119    0.000000    2.076319 v _298_/C (sg13g2_nor4_1)
   0.008257    0.203264    0.210936    2.287255 ^ _298_/Y (sg13g2_nor4_1)
               0.203264    0.000000    2.287255 ^ _300_/A2 (sg13g2_a21oi_1)
   0.014745    0.122288    0.171211    2.458466 v _300_/Y (sg13g2_a21oi_1)
               0.122288    0.000000    2.458466 v _303_/C (sg13g2_nor4_1)
   0.008257    0.204845    0.215358    2.673825 ^ _303_/Y (sg13g2_nor4_1)
               0.204845    0.000000    2.673825 ^ _305_/A2 (sg13g2_a21oi_1)
   0.014237    0.119839    0.168882    2.842707 v _305_/Y (sg13g2_a21oi_1)
               0.119839    0.000000    2.842707 v _307_/B (sg13g2_nor3_1)
   0.008011    0.146813    0.165152    3.007859 ^ _307_/Y (sg13g2_nor3_1)
               0.146813    0.000000    3.007859 ^ _309_/B (sg13g2_xnor2_1)
   0.010000    0.116222    0.142001    3.149860 ^ _309_/Y (sg13g2_xnor2_1)
               0.116222    0.000000    3.149860 ^ sum[30] (out)
                                       3.149860   data arrival time

               0.000000  100.000000  100.000000   clock vclk (rise edge)
                           0.000000  100.000000   clock network delay (ideal)
                           0.000000  100.000000   clock reconvergence pessimism
                           0.000000  100.000000   output external delay
                                     100.000000   data required time
---------------------------------------------------------------------------------------
                                     100.000000   data required time
                                      -3.149860   data arrival time
---------------------------------------------------------------------------------------
                                      96.850136   slack (MET)


Startpoint: a[0] (input port clocked by vclk)
Endpoint: sum[29] (output port clocked by vclk)
Path Group: vclk
Path Type: max

        Cap        Slew       Delay        Time   Description
---------------------------------------------------------------------------------------
               0.000000    0.000000    0.000000   clock vclk (rise edge)
                           0.000000    0.000000   clock network delay (ideal)
                           0.000000    0.000000 ^ input external delay
   0.012707    0.050000    0.000000    0.000000 ^ a[0] (in)
               0.050000    0.000000    0.000000 ^ _269_/A (sg13g2_xor2_1)
   0.011360    0.122422    0.148462    0.148462 ^ _269_/X (sg13g2_xor2_1)
               0.122422    0.000000    0.148462 ^ _270_/C (sg13g2_nand3_1)
   0.005752    0.080745    0.120076    0.268538 v _270_/Y (sg13g2_nand3_1)
               0.080745    0.000000    0.268538 v _271_/C (sg13g2_nor3_1)
   0.011087    0.180497    0.166819    0.435356 ^ _271_/Y (sg13g2_nor3_1)
               0.180497    0.000000    0.435356 ^ _272_/B2 (sg13g2_a221oi_1)
   0.011489    0.119069    0.151316    0.586672 v _272_/Y (sg13g2_a221oi_1)
               0.119069    0.000000    0.586672 v _276_/C (sg13g2_nor4_1)
   0.008080    0.201757    0.212391    0.799064 ^ _276_/Y (sg13g2_nor4_1)
               0.201757    0.000000    0.799064 ^ _277_/B2 (sg13g2_a221oi_1)
   0.011489    0.122200    0.156368    0.955432 v _277_/Y (sg13g2_a221oi_1)
               0.122200    0.000000    0.955432 v _281_/C (sg13g2_nor4_1)
   0.008257    0.204837    0.215336    1.170768 ^ _281_/Y (sg13g2_nor4_1)
               0.204837    0.000000    1.170768 ^ _283_/A2 (sg13g2_a21oi_1)
   0.014745    0.122520    0.171645    1.342413 v _283_/Y (sg13g2_a21oi_1)
               0.122520    0.000000    1.342413 v _286_/C (sg13g2_nor4_1)
   0.008257    0.204866    0.215418    1.557831 ^ _286_/Y (sg13g2_nor4_1)
               0.204866    0.000000    1.557831 ^ _288_/A2 (sg13g2_a21oi_1)
   0.011489    0.105344    0.153945    1.711776 v _288_/Y (sg13g2_a21oi_1)
               0.105344    0.000000    1.711776 v _292_/C (sg13g2_nor4_1)
   0.008257    0.203284    0.210994    1.922770 ^ _292_/Y (sg13g2_nor4_1)
               0.203284    0.000000    1.922770 ^ _294_/A2 (sg13g2_a21oi_1)
   0.011489    0.105119    0.153549    2.076319 v _294_/Y (sg13g2_a21oi_1)
               0.105119    0.000000    2.076319 v _298_/C (sg13g2_nor4_1)
   0.008257    0.203264    0.210936    2.287255 ^ _298_/Y (sg13g2_nor4_1)
               0.203264    0.000000    2.287255 ^ _300_/A2 (sg13g2_a21oi_1)
   0.014745    0.122288    0.171211    2.458466 v _300_/Y (sg13g2_a21oi_1)
               0.122288    0.000000    2.458466 v _303_/C (sg13g2_nor4_1)
   0.008257    0.204845    0.215358    2.673825 ^ _303_/Y (sg13g2_nor4_1)
               0.204845    0.000000    2.673825 ^ _305_/A2 (sg13g2_a21oi_1)
   0.014237    0.119839    0.168882    2.842707 v _305_/Y (sg13g2_a21oi_1)
               0.119839    0.000000    2.842707 v _310_/A1 (sg13g2_o21ai_1)
   0.002300    0.071341    0.110466    2.953173 ^ _310_/Y (sg13g2_o21ai_1)
               0.071341    0.000000    2.953173 ^ _311_/B_N (sg13g2_nor2b_1)
   0.010000    0.105514    0.147299    3.100472 ^ _311_/Y (sg13g2_nor2b_1)
               0.105514    0.000000    3.100472 ^ sum[29] (out)
                                       3.100472   data arrival time

               0.000000  100.000000  100.000000   clock vclk (rise edge)
                           0.000000  100.000000   clock network delay (ideal)
                           0.000000  100.000000   clock reconvergence pessimism
                           0.000000  100.000000   output external delay
                                     100.000000   data required time
---------------------------------------------------------------------------------------
                                     100.000000   data required time
                                      -3.100472   data arrival time
---------------------------------------------------------------------------------------
                                      96.899521   slack (MET)


Startpoint: a[0] (input port clocked by vclk)
Endpoint: sum[28] (output port clocked by vclk)
Path Group: vclk
Path Type: max

        Cap        Slew       Delay        Time   Description
---------------------------------------------------------------------------------------
               0.000000    0.000000    0.000000   clock vclk (rise edge)
                           0.000000    0.000000   clock network delay (ideal)
                           0.000000    0.000000 ^ input external delay
   0.012707    0.050000    0.000000    0.000000 ^ a[0] (in)
               0.050000    0.000000    0.000000 ^ _269_/A (sg13g2_xor2_1)
   0.011360    0.122422    0.148462    0.148462 ^ _269_/X (sg13g2_xor2_1)
               0.122422    0.000000    0.148462 ^ _270_/C (sg13g2_nand3_1)
   0.005752    0.080745    0.120076    0.268538 v _270_/Y (sg13g2_nand3_1)
               0.080745    0.000000    0.268538 v _271_/C (sg13g2_nor3_1)
   0.011087    0.180497    0.166819    0.435356 ^ _271_/Y (sg13g2_nor3_1)
               0.180497    0.000000    0.435356 ^ _272_/B2 (sg13g2_a221oi_1)
   0.011489    0.119069    0.151316    0.586672 v _272_/Y (sg13g2_a221oi_1)
               0.119069    0.000000    0.586672 v _276_/C (sg13g2_nor4_1)
   0.008080    0.201757    0.212391    0.799064 ^ _276_/Y (sg13g2_nor4_1)
               0.201757    0.000000    0.799064 ^ _277_/B2 (sg13g2_a221oi_1)
   0.011489    0.122200    0.156368    0.955432 v _277_/Y (sg13g2_a221oi_1)
               0.122200    0.000000    0.955432 v _281_/C (sg13g2_nor4_1)
   0.008257    0.204837    0.215336    1.170768 ^ _281_/Y (sg13g2_nor4_1)
               0.204837    0.000000    1.170768 ^ _283_/A2 (sg13g2_a21oi_1)
   0.014745    0.122520    0.171645    1.342413 v _283_/Y (sg13g2_a21oi_1)
               0.122520    0.000000    1.342413 v _286_/C (sg13g2_nor4_1)
   0.008257    0.204866    0.215418    1.557831 ^ _286_/Y (sg13g2_nor4_1)
               0.204866    0.000000    1.557831 ^ _288_/A2 (sg13g2_a21oi_1)
   0.011489    0.105344    0.153945    1.711776 v _288_/Y (sg13g2_a21oi_1)
               0.105344    0.000000    1.711776 v _292_/C (sg13g2_nor4_1)
   0.008257    0.203284    0.210994    1.922770 ^ _292_/Y (sg13g2_nor4_1)
               0.203284    0.000000    1.922770 ^ _294_/A2 (sg13g2_a21oi_1)
   0.011489    0.105119    0.153549    2.076319 v _294_/Y (sg13g2_a21oi_1)
               0.105119    0.000000    2.076319 v _298_/C (sg13g2_nor4_1)
   0.008257    0.203264    0.210936    2.287255 ^ _298_/Y (sg13g2_nor4_1)
               0.203264    0.000000    2.287255 ^ _300_/A2 (sg13g2_a21oi_1)
   0.014745    0.122288    0.171211    2.458466 v _300_/Y (sg13g2_a21oi_1)
               0.122288    0.000000    2.458466 v _303_/C (sg13g2_nor4_1)
   0.008257    0.204845    0.215358    2.673825 ^ _303_/Y (sg13g2_nor4_1)
               0.204845    0.000000    2.673825 ^ _305_/A2 (sg13g2_a21oi_1)
   0.014237    0.119839    0.168882    2.842707 v _305_/Y (sg13g2_a21oi_1)
               0.119839    0.000000    2.842707 v _312_/A (sg13g2_xor2_1)
   0.010000    0.115690    0.148288    2.990994 ^ _312_/X (sg13g2_xor2_1)
               0.115690    0.000000    2.990994 ^ sum[28] (out)
                                       2.990994   data arrival time

               0.000000  100.000000  100.000000   clock vclk (rise edge)
                           0.000000  100.000000   clock network delay (ideal)
                           0.000000  100.000000   clock reconvergence pessimism
                           0.000000  100.000000   output external delay
                                     100.000000   data required time
---------------------------------------------------------------------------------------
                                     100.000000   data required time
                                      -2.990994   data arrival time
---------------------------------------------------------------------------------------
                                      97.009003   slack (MET)


Startpoint: a[0] (input port clocked by vclk)
Endpoint: sum[27] (output port clocked by vclk)
Path Group: vclk
Path Type: max

        Cap        Slew       Delay        Time   Description
---------------------------------------------------------------------------------------
               0.000000    0.000000    0.000000   clock vclk (rise edge)
                           0.000000    0.000000   clock network delay (ideal)
                           0.000000    0.000000 ^ input external delay
   0.012707    0.050000    0.000000    0.000000 ^ a[0] (in)
               0.050000    0.000000    0.000000 ^ _269_/A (sg13g2_xor2_1)
   0.011360    0.122422    0.148462    0.148462 ^ _269_/X (sg13g2_xor2_1)
               0.122422    0.000000    0.148462 ^ _270_/C (sg13g2_nand3_1)
   0.005752    0.080745    0.120076    0.268538 v _270_/Y (sg13g2_nand3_1)
               0.080745    0.000000    0.268538 v _271_/C (sg13g2_nor3_1)
   0.011087    0.180497    0.166819    0.435356 ^ _271_/Y (sg13g2_nor3_1)
               0.180497    0.000000    0.435356 ^ _272_/B2 (sg13g2_a221oi_1)
   0.011489    0.119069    0.151316    0.586672 v _272_/Y (sg13g2_a221oi_1)
               0.119069    0.000000    0.586672 v _276_/C (sg13g2_nor4_1)
   0.008080    0.201757    0.212391    0.799064 ^ _276_/Y (sg13g2_nor4_1)
               0.201757    0.000000    0.799064 ^ _277_/B2 (sg13g2_a221oi_1)
   0.011489    0.122200    0.156368    0.955432 v _277_/Y (sg13g2_a221oi_1)
               0.122200    0.000000    0.955432 v _281_/C (sg13g2_nor4_1)
   0.008257    0.204837    0.215336    1.170768 ^ _281_/Y (sg13g2_nor4_1)
               0.204837    0.000000    1.170768 ^ _283_/A2 (sg13g2_a21oi_1)
   0.014745    0.122520    0.171645    1.342413 v _283_/Y (sg13g2_a21oi_1)
               0.122520    0.000000    1.342413 v _286_/C (sg13g2_nor4_1)
   0.008257    0.204866    0.215418    1.557831 ^ _286_/Y (sg13g2_nor4_1)
               0.204866    0.000000    1.557831 ^ _288_/A2 (sg13g2_a21oi_1)
   0.011489    0.105344    0.153945    1.711776 v _288_/Y (sg13g2_a21oi_1)
               0.105344    0.000000    1.711776 v _292_/C (sg13g2_nor4_1)
   0.008257    0.203284    0.210994    1.922770 ^ _292_/Y (sg13g2_nor4_1)
               0.203284    0.000000    1.922770 ^ _294_/A2 (sg13g2_a21oi_1)
   0.011489    0.105119    0.153549    2.076319 v _294_/Y (sg13g2_a21oi_1)
               0.105119    0.000000    2.076319 v _298_/C (sg13g2_nor4_1)
   0.008257    0.203264    0.210936    2.287255 ^ _298_/Y (sg13g2_nor4_1)
               0.203264    0.000000    2.287255 ^ _300_/A2 (sg13g2_a21oi_1)
   0.014745    0.122288    0.171211    2.458466 v _300_/Y (sg13g2_a21oi_1)
               0.122288    0.000000    2.458466 v _303_/C (sg13g2_nor4_1)
   0.008257    0.204845    0.215358    2.673825 ^ _303_/Y (sg13g2_nor4_1)
               0.204845    0.000000    2.673825 ^ _351_/B (sg13g2_xor2_1)
   0.010000    0.112610    0.186892    2.860717 ^ _351_/X (sg13g2_xor2_1)
               0.112610    0.000000    2.860717 ^ sum[27] (out)
                                       2.860717   data arrival time

               0.000000  100.000000  100.000000   clock vclk (rise edge)
                           0.000000  100.000000   clock network delay (ideal)
                           0.000000  100.000000   clock reconvergence pessimism
                           0.000000  100.000000   output external delay
                                     100.000000   data required time
---------------------------------------------------------------------------------------
                                     100.000000   data required time
                                      -2.860717   data arrival time
---------------------------------------------------------------------------------------
                                      97.139282   slack (MET)


Startpoint: a[0] (input port clocked by vclk)
Endpoint: sum[26] (output port clocked by vclk)
Path Group: vclk
Path Type: max

        Cap        Slew       Delay        Time   Description
---------------------------------------------------------------------------------------
               0.000000    0.000000    0.000000   clock vclk (rise edge)
                           0.000000    0.000000   clock network delay (ideal)
                           0.000000    0.000000 ^ input external delay
   0.012707    0.050000    0.000000    0.000000 ^ a[0] (in)
               0.050000    0.000000    0.000000 ^ _269_/A (sg13g2_xor2_1)
   0.011360    0.122422    0.148462    0.148462 ^ _269_/X (sg13g2_xor2_1)
               0.122422    0.000000    0.148462 ^ _270_/C (sg13g2_nand3_1)
   0.005752    0.080745    0.120076    0.268538 v _270_/Y (sg13g2_nand3_1)
               0.080745    0.000000    0.268538 v _271_/C (sg13g2_nor3_1)
   0.011087    0.180497    0.166819    0.435356 ^ _271_/Y (sg13g2_nor3_1)
               0.180497    0.000000    0.435356 ^ _272_/B2 (sg13g2_a221oi_1)
   0.011489    0.119069    0.151316    0.586672 v _272_/Y (sg13g2_a221oi_1)
               0.119069    0.000000    0.586672 v _276_/C (sg13g2_nor4_1)
   0.008080    0.201757    0.212391    0.799064 ^ _276_/Y (sg13g2_nor4_1)
               0.201757    0.000000    0.799064 ^ _277_/B2 (sg13g2_a221oi_1)
   0.011489    0.122200    0.156368    0.955432 v _277_/Y (sg13g2_a221oi_1)
               0.122200    0.000000    0.955432 v _281_/C (sg13g2_nor4_1)
   0.008257    0.204837    0.215336    1.170768 ^ _281_/Y (sg13g2_nor4_1)
               0.204837    0.000000    1.170768 ^ _283_/A2 (sg13g2_a21oi_1)
   0.014745    0.122520    0.171645    1.342413 v _283_/Y (sg13g2_a21oi_1)
               0.122520    0.000000    1.342413 v _286_/C (sg13g2_nor4_1)
   0.008257    0.204866    0.215418    1.557831 ^ _286_/Y (sg13g2_nor4_1)
               0.204866    0.000000    1.557831 ^ _288_/A2 (sg13g2_a21oi_1)
   0.011489    0.105344    0.153945    1.711776 v _288_/Y (sg13g2_a21oi_1)
               0.105344    0.000000    1.711776 v _292_/C (sg13g2_nor4_1)
   0.008257    0.203284    0.210994    1.922770 ^ _292_/Y (sg13g2_nor4_1)
               0.203284    0.000000    1.922770 ^ _294_/A2 (sg13g2_a21oi_1)
   0.011489    0.105119    0.153549    2.076319 v _294_/Y (sg13g2_a21oi_1)
               0.105119    0.000000    2.076319 v _298_/C (sg13g2_nor4_1)
   0.008257    0.203264    0.210936    2.287255 ^ _298_/Y (sg13g2_nor4_1)
               0.203264    0.000000    2.287255 ^ _300_/A2 (sg13g2_a21oi_1)
   0.014745    0.122288    0.171211    2.458466 v _300_/Y (sg13g2_a21oi_1)
               0.122288    0.000000    2.458466 v _302_/B (sg13g2_nor3_1)
   0.005004    0.112664    0.138154    2.596620 ^ _302_/Y (sg13g2_nor3_1)
               0.112664    0.000000    2.596620 ^ _313_/B (sg13g2_xnor2_1)
   0.010000    0.115382    0.132241    2.728861 ^ _313_/Y (sg13g2_xnor2_1)
               0.115382    0.000000    2.728861 ^ sum[26] (out)
                                       2.728861   data arrival time

               0.000000  100.000000  100.000000   clock vclk (rise edge)
                           0.000000  100.000000   clock network delay (ideal)
                           0.000000  100.000000   clock reconvergence pessimism
                           0.000000  100.000000   output external delay
                                     100.000000   data required time
---------------------------------------------------------------------------------------
                                     100.000000   data required time
                                      -2.728861   data arrival time
---------------------------------------------------------------------------------------
                                      97.271133   slack (MET)


Startpoint: a[0] (input port clocked by vclk)
Endpoint: sum[25] (output port clocked by vclk)
Path Group: vclk
Path Type: max

        Cap        Slew       Delay        Time   Description
---------------------------------------------------------------------------------------
               0.000000    0.000000    0.000000   clock vclk (rise edge)
                           0.000000    0.000000   clock network delay (ideal)
                           0.000000    0.000000 ^ input external delay
   0.012707    0.050000    0.000000    0.000000 ^ a[0] (in)
               0.050000    0.000000    0.000000 ^ _269_/A (sg13g2_xor2_1)
   0.011360    0.122422    0.148462    0.148462 ^ _269_/X (sg13g2_xor2_1)
               0.122422    0.000000    0.148462 ^ _270_/C (sg13g2_nand3_1)
   0.005752    0.080745    0.120076    0.268538 v _270_/Y (sg13g2_nand3_1)
               0.080745    0.000000    0.268538 v _271_/C (sg13g2_nor3_1)
   0.011087    0.180497    0.166819    0.435356 ^ _271_/Y (sg13g2_nor3_1)
               0.180497    0.000000    0.435356 ^ _272_/B2 (sg13g2_a221oi_1)
   0.011489    0.119069    0.151316    0.586672 v _272_/Y (sg13g2_a221oi_1)
               0.119069    0.000000    0.586672 v _276_/C (sg13g2_nor4_1)
   0.008080    0.201757    0.212391    0.799064 ^ _276_/Y (sg13g2_nor4_1)
               0.201757    0.000000    0.799064 ^ _277_/B2 (sg13g2_a221oi_1)
   0.011489    0.122200    0.156368    0.955432 v _277_/Y (sg13g2_a221oi_1)
               0.122200    0.000000    0.955432 v _281_/C (sg13g2_nor4_1)
   0.008257    0.204837    0.215336    1.170768 ^ _281_/Y (sg13g2_nor4_1)
               0.204837    0.000000    1.170768 ^ _283_/A2 (sg13g2_a21oi_1)
   0.014745    0.122520    0.171645    1.342413 v _283_/Y (sg13g2_a21oi_1)
               0.122520    0.000000    1.342413 v _286_/C (sg13g2_nor4_1)
   0.008257    0.204866    0.215418    1.557831 ^ _286_/Y (sg13g2_nor4_1)
               0.204866    0.000000    1.557831 ^ _288_/A2 (sg13g2_a21oi_1)
   0.011489    0.105344    0.153945    1.711776 v _288_/Y (sg13g2_a21oi_1)
               0.105344    0.000000    1.711776 v _292_/C (sg13g2_nor4_1)
   0.008257    0.203284    0.210994    1.922770 ^ _292_/Y (sg13g2_nor4_1)
               0.203284    0.000000    1.922770 ^ _294_/A2 (sg13g2_a21oi_1)
   0.011489    0.105119    0.153549    2.076319 v _294_/Y (sg13g2_a21oi_1)
               0.105119    0.000000    2.076319 v _298_/C (sg13g2_nor4_1)
   0.008257    0.203264    0.210936    2.287255 ^ _298_/Y (sg13g2_nor4_1)
               0.203264    0.000000    2.287255 ^ _300_/A2 (sg13g2_a21oi_1)
   0.014745    0.122288    0.171211    2.458466 v _300_/Y (sg13g2_a21oi_1)
               0.122288    0.000000    2.458466 v _314_/A1 (sg13g2_o21ai_1)
   0.005004    0.096370    0.130882    2.589348 ^ _314_/Y (sg13g2_o21ai_1)
               0.096370    0.000000    2.589348 ^ _315_/B (sg13g2_xnor2_1)
   0.010000    0.116586    0.127554    2.716902 ^ _315_/Y (sg13g2_xnor2_1)
               0.116586    0.000000    2.716902 ^ sum[25] (out)
                                       2.716902   data arrival time

               0.000000  100.000000  100.000000   clock vclk (rise edge)
                           0.000000  100.000000   clock network delay (ideal)
                           0.000000  100.000000   clock reconvergence pessimism
                           0.000000  100.000000   output external delay
                                     100.000000   data required time
---------------------------------------------------------------------------------------
                                     100.000000   data required time
                                      -2.716902   data arrival time
---------------------------------------------------------------------------------------
                                      97.283096   slack (MET)


Startpoint: a[0] (input port clocked by vclk)
Endpoint: sum[24] (output port clocked by vclk)
Path Group: vclk
Path Type: max

        Cap        Slew       Delay        Time   Description
---------------------------------------------------------------------------------------
               0.000000    0.000000    0.000000   clock vclk (rise edge)
                           0.000000    0.000000   clock network delay (ideal)
                           0.000000    0.000000 ^ input external delay
   0.012707    0.050000    0.000000    0.000000 ^ a[0] (in)
               0.050000    0.000000    0.000000 ^ _269_/A (sg13g2_xor2_1)
   0.011360    0.122422    0.148462    0.148462 ^ _269_/X (sg13g2_xor2_1)
               0.122422    0.000000    0.148462 ^ _270_/C (sg13g2_nand3_1)
   0.005752    0.080745    0.120076    0.268538 v _270_/Y (sg13g2_nand3_1)
               0.080745    0.000000    0.268538 v _271_/C (sg13g2_nor3_1)
   0.011087    0.180497    0.166819    0.435356 ^ _271_/Y (sg13g2_nor3_1)
               0.180497    0.000000    0.435356 ^ _272_/B2 (sg13g2_a221oi_1)
   0.011489    0.119069    0.151316    0.586672 v _272_/Y (sg13g2_a221oi_1)
               0.119069    0.000000    0.586672 v _276_/C (sg13g2_nor4_1)
   0.008080    0.201757    0.212391    0.799064 ^ _276_/Y (sg13g2_nor4_1)
               0.201757    0.000000    0.799064 ^ _277_/B2 (sg13g2_a221oi_1)
   0.011489    0.122200    0.156368    0.955432 v _277_/Y (sg13g2_a221oi_1)
               0.122200    0.000000    0.955432 v _281_/C (sg13g2_nor4_1)
   0.008257    0.204837    0.215336    1.170768 ^ _281_/Y (sg13g2_nor4_1)
               0.204837    0.000000    1.170768 ^ _283_/A2 (sg13g2_a21oi_1)
   0.014745    0.122520    0.171645    1.342413 v _283_/Y (sg13g2_a21oi_1)
               0.122520    0.000000    1.342413 v _286_/C (sg13g2_nor4_1)
   0.008257    0.204866    0.215418    1.557831 ^ _286_/Y (sg13g2_nor4_1)
               0.204866    0.000000    1.557831 ^ _288_/A2 (sg13g2_a21oi_1)
   0.011489    0.105344    0.153945    1.711776 v _288_/Y (sg13g2_a21oi_1)
               0.105344    0.000000    1.711776 v _292_/C (sg13g2_nor4_1)
   0.008257    0.203284    0.210994    1.922770 ^ _292_/Y (sg13g2_nor4_1)
               0.203284    0.000000    1.922770 ^ _294_/A2 (sg13g2_a21oi_1)
   0.011489    0.105119    0.153549    2.076319 v _294_/Y (sg13g2_a21oi_1)
               0.105119    0.000000    2.076319 v _298_/C (sg13g2_nor4_1)
   0.008257    0.203264    0.210936    2.287255 ^ _298_/Y (sg13g2_nor4_1)
               0.203264    0.000000    2.287255 ^ _300_/A2 (sg13g2_a21oi_1)
   0.014745    0.122288    0.171211    2.458466 v _300_/Y (sg13g2_a21oi_1)
               0.122288    0.000000    2.458466 v _316_/A (sg13g2_xor2_1)
   0.010000    0.115918    0.148984    2.607450 ^ _316_/X (sg13g2_xor2_1)
               0.115918    0.000000    2.607450 ^ sum[24] (out)
                                       2.607450   data arrival time

               0.000000  100.000000  100.000000   clock vclk (rise edge)
                           0.000000  100.000000   clock network delay (ideal)
                           0.000000  100.000000   clock reconvergence pessimism
                           0.000000  100.000000   output external delay
                                     100.000000   data required time
---------------------------------------------------------------------------------------
                                     100.000000   data required time
                                      -2.607450   data arrival time
---------------------------------------------------------------------------------------
                                      97.392548   slack (MET)


Startpoint: a[0] (input port clocked by vclk)
Endpoint: sum[23] (output port clocked by vclk)
Path Group: vclk
Path Type: max

        Cap        Slew       Delay        Time   Description
---------------------------------------------------------------------------------------
               0.000000    0.000000    0.000000   clock vclk (rise edge)
                           0.000000    0.000000   clock network delay (ideal)
                           0.000000    0.000000 ^ input external delay
   0.012707    0.050000    0.000000    0.000000 ^ a[0] (in)
               0.050000    0.000000    0.000000 ^ _269_/A (sg13g2_xor2_1)
   0.011360    0.122422    0.148462    0.148462 ^ _269_/X (sg13g2_xor2_1)
               0.122422    0.000000    0.148462 ^ _270_/C (sg13g2_nand3_1)
   0.005752    0.080745    0.120076    0.268538 v _270_/Y (sg13g2_nand3_1)
               0.080745    0.000000    0.268538 v _271_/C (sg13g2_nor3_1)
   0.011087    0.180497    0.166819    0.435356 ^ _271_/Y (sg13g2_nor3_1)
               0.180497    0.000000    0.435356 ^ _272_/B2 (sg13g2_a221oi_1)
   0.011489    0.119069    0.151316    0.586672 v _272_/Y (sg13g2_a221oi_1)
               0.119069    0.000000    0.586672 v _276_/C (sg13g2_nor4_1)
   0.008080    0.201757    0.212391    0.799064 ^ _276_/Y (sg13g2_nor4_1)
               0.201757    0.000000    0.799064 ^ _277_/B2 (sg13g2_a221oi_1)
   0.011489    0.122200    0.156368    0.955432 v _277_/Y (sg13g2_a221oi_1)
               0.122200    0.000000    0.955432 v _281_/C (sg13g2_nor4_1)
   0.008257    0.204837    0.215336    1.170768 ^ _281_/Y (sg13g2_nor4_1)
               0.204837    0.000000    1.170768 ^ _283_/A2 (sg13g2_a21oi_1)
   0.014745    0.122520    0.171645    1.342413 v _283_/Y (sg13g2_a21oi_1)
               0.122520    0.000000    1.342413 v _286_/C (sg13g2_nor4_1)
   0.008257    0.204866    0.215418    1.557831 ^ _286_/Y (sg13g2_nor4_1)
               0.204866    0.000000    1.557831 ^ _288_/A2 (sg13g2_a21oi_1)
   0.011489    0.105344    0.153945    1.711776 v _288_/Y (sg13g2_a21oi_1)
               0.105344    0.000000    1.711776 v _292_/C (sg13g2_nor4_1)
   0.008257    0.203284    0.210994    1.922770 ^ _292_/Y (sg13g2_nor4_1)
               0.203284    0.000000    1.922770 ^ _294_/A2 (sg13g2_a21oi_1)
   0.011489    0.105119    0.153549    2.076319 v _294_/Y (sg13g2_a21oi_1)
               0.105119    0.000000    2.076319 v _298_/C (sg13g2_nor4_1)
   0.008257    0.203264    0.210936    2.287255 ^ _298_/Y (sg13g2_nor4_1)
               0.203264    0.000000    2.287255 ^ _344_/B (sg13g2_xor2_1)
   0.010000    0.112611    0.186569    2.473824 ^ _344_/X (sg13g2_xor2_1)
               0.112611    0.000000    2.473824 ^ sum[23] (out)
                                       2.473824   data arrival time

               0.000000  100.000000  100.000000   clock vclk (rise edge)
                           0.000000  100.000000   clock network delay (ideal)
                           0.000000  100.000000   clock reconvergence pessimism
                           0.000000  100.000000   output external delay
                                     100.000000   data required time
---------------------------------------------------------------------------------------
                                     100.000000   data required time
                                      -2.473824   data arrival time
---------------------------------------------------------------------------------------
                                      97.526169   slack (MET)


Startpoint: a[0] (input port clocked by vclk)
Endpoint: sum[22] (output port clocked by vclk)
Path Group: vclk
Path Type: max

        Cap        Slew       Delay        Time   Description
---------------------------------------------------------------------------------------
               0.000000    0.000000    0.000000   clock vclk (rise edge)
                           0.000000    0.000000   clock network delay (ideal)
                           0.000000    0.000000 ^ input external delay
   0.012707    0.050000    0.000000    0.000000 ^ a[0] (in)
               0.050000    0.000000    0.000000 ^ _269_/A (sg13g2_xor2_1)
   0.011360    0.122422    0.148462    0.148462 ^ _269_/X (sg13g2_xor2_1)
               0.122422    0.000000    0.148462 ^ _270_/C (sg13g2_nand3_1)
   0.005752    0.080745    0.120076    0.268538 v _270_/Y (sg13g2_nand3_1)
               0.080745    0.000000    0.268538 v _271_/C (sg13g2_nor3_1)
   0.011087    0.180497    0.166819    0.435356 ^ _271_/Y (sg13g2_nor3_1)
               0.180497    0.000000    0.435356 ^ _272_/B2 (sg13g2_a221oi_1)
   0.011489    0.119069    0.151316    0.586672 v _272_/Y (sg13g2_a221oi_1)
               0.119069    0.000000    0.586672 v _276_/C (sg13g2_nor4_1)
   0.008080    0.201757    0.212391    0.799064 ^ _276_/Y (sg13g2_nor4_1)
               0.201757    0.000000    0.799064 ^ _277_/B2 (sg13g2_a221oi_1)
   0.011489    0.122200    0.156368    0.955432 v _277_/Y (sg13g2_a221oi_1)
               0.122200    0.000000    0.955432 v _281_/C (sg13g2_nor4_1)
   0.008257    0.204837    0.215336    1.170768 ^ _281_/Y (sg13g2_nor4_1)
               0.204837    0.000000    1.170768 ^ _283_/A2 (sg13g2_a21oi_1)
   0.014745    0.122520    0.171645    1.342413 v _283_/Y (sg13g2_a21oi_1)
               0.122520    0.000000    1.342413 v _286_/C (sg13g2_nor4_1)
   0.008257    0.204866    0.215418    1.557831 ^ _286_/Y (sg13g2_nor4_1)
               0.204866    0.000000    1.557831 ^ _288_/A2 (sg13g2_a21oi_1)
   0.011489    0.105344    0.153945    1.711776 v _288_/Y (sg13g2_a21oi_1)
               0.105344    0.000000    1.711776 v _292_/C (sg13g2_nor4_1)
   0.008257    0.203284    0.210994    1.922770 ^ _292_/Y (sg13g2_nor4_1)
               0.203284    0.000000    1.922770 ^ _294_/A2 (sg13g2_a21oi_1)
   0.011489    0.105119    0.153549    2.076319 v _294_/Y (sg13g2_a21oi_1)
               0.105119    0.000000    2.076319 v _296_/A (sg13g2_nor2_1)
   0.008140    0.094281    0.111396    2.187716 ^ _296_/Y (sg13g2_nor2_1)
               0.094281    0.000000    2.187716 ^ _297_/B (sg13g2_nand2_1)
   0.005088    0.052545    0.077157    2.264873 v _297_/Y (sg13g2_nand2_1)
               0.052545    0.000000    2.264873 v _317_/B (sg13g2_xor2_1)
   0.010000    0.084885    0.119386    2.384258 v _317_/X (sg13g2_xor2_1)
               0.084885    0.000000    2.384258 v sum[22] (out)
                                       2.384258   data arrival time

               0.000000  100.000000  100.000000   clock vclk (rise edge)
                           0.000000  100.000000   clock network delay (ideal)
                           0.000000  100.000000   clock reconvergence pessimism
                           0.000000  100.000000   output external delay
                                     100.000000   data required time
---------------------------------------------------------------------------------------
                                     100.000000   data required time
                                      -2.384258   data arrival time
---------------------------------------------------------------------------------------
                                      97.615746   slack (MET)


Startpoint: a[0] (input port clocked by vclk)
Endpoint: sum[21] (output port clocked by vclk)
Path Group: vclk
Path Type: max

        Cap        Slew       Delay        Time   Description
---------------------------------------------------------------------------------------
               0.000000    0.000000    0.000000   clock vclk (rise edge)
                           0.000000    0.000000   clock network delay (ideal)
                           0.000000    0.000000 ^ input external delay
   0.012707    0.050000    0.000000    0.000000 ^ a[0] (in)
               0.050000    0.000000    0.000000 ^ _269_/A (sg13g2_xor2_1)
   0.011360    0.122422    0.148462    0.148462 ^ _269_/X (sg13g2_xor2_1)
               0.122422    0.000000    0.148462 ^ _270_/C (sg13g2_nand3_1)
   0.005752    0.080745    0.120076    0.268538 v _270_/Y (sg13g2_nand3_1)
               0.080745    0.000000    0.268538 v _271_/C (sg13g2_nor3_1)
   0.011087    0.180497    0.166819    0.435356 ^ _271_/Y (sg13g2_nor3_1)
               0.180497    0.000000    0.435356 ^ _272_/B2 (sg13g2_a221oi_1)
   0.011489    0.119069    0.151316    0.586672 v _272_/Y (sg13g2_a221oi_1)
               0.119069    0.000000    0.586672 v _276_/C (sg13g2_nor4_1)
   0.008080    0.201757    0.212391    0.799064 ^ _276_/Y (sg13g2_nor4_1)
               0.201757    0.000000    0.799064 ^ _277_/B2 (sg13g2_a221oi_1)
   0.011489    0.122200    0.156368    0.955432 v _277_/Y (sg13g2_a221oi_1)
               0.122200    0.000000    0.955432 v _281_/C (sg13g2_nor4_1)
   0.008257    0.204837    0.215336    1.170768 ^ _281_/Y (sg13g2_nor4_1)
               0.204837    0.000000    1.170768 ^ _283_/A2 (sg13g2_a21oi_1)
   0.014745    0.122520    0.171645    1.342413 v _283_/Y (sg13g2_a21oi_1)
               0.122520    0.000000    1.342413 v _286_/C (sg13g2_nor4_1)
   0.008257    0.204866    0.215418    1.557831 ^ _286_/Y (sg13g2_nor4_1)
               0.204866    0.000000    1.557831 ^ _288_/A2 (sg13g2_a21oi_1)
   0.011489    0.105344    0.153945    1.711776 v _288_/Y (sg13g2_a21oi_1)
               0.105344    0.000000    1.711776 v _292_/C (sg13g2_nor4_1)
   0.008257    0.203284    0.210994    1.922770 ^ _292_/Y (sg13g2_nor4_1)
               0.203284    0.000000    1.922770 ^ _294_/A2 (sg13g2_a21oi_1)
   0.011489    0.105119    0.153549    2.076319 v _294_/Y (sg13g2_a21oi_1)
               0.105119    0.000000    2.076319 v _296_/A (sg13g2_nor2_1)
   0.008140    0.094281    0.111396    2.187716 ^ _296_/Y (sg13g2_nor2_1)
               0.094281    0.000000    2.187716 ^ _318_/B (sg13g2_xnor2_1)
   0.010000    0.115571    0.126678    2.314394 ^ _318_/Y (sg13g2_xnor2_1)
               0.115571    0.000000    2.314394 ^ sum[21] (out)
                                       2.314394   data arrival time

               0.000000  100.000000  100.000000   clock vclk (rise edge)
                           0.000000  100.000000   clock network delay (ideal)
                           0.000000  100.000000   clock reconvergence pessimism
                           0.000000  100.000000   output external delay
                                     100.000000   data required time
---------------------------------------------------------------------------------------
                                     100.000000   data required time
                                      -2.314394   data arrival time
---------------------------------------------------------------------------------------
                                      97.685600   slack (MET)


Startpoint: a[0] (input port clocked by vclk)
Endpoint: sum[20] (output port clocked by vclk)
Path Group: vclk
Path Type: max

        Cap        Slew       Delay        Time   Description
---------------------------------------------------------------------------------------
               0.000000    0.000000    0.000000   clock vclk (rise edge)
                           0.000000    0.000000   clock network delay (ideal)
                           0.000000    0.000000 ^ input external delay
   0.012707    0.050000    0.000000    0.000000 ^ a[0] (in)
               0.050000    0.000000    0.000000 ^ _269_/A (sg13g2_xor2_1)
   0.011360    0.122422    0.148462    0.148462 ^ _269_/X (sg13g2_xor2_1)
               0.122422    0.000000    0.148462 ^ _270_/C (sg13g2_nand3_1)
   0.005752    0.080745    0.120076    0.268538 v _270_/Y (sg13g2_nand3_1)
               0.080745    0.000000    0.268538 v _271_/C (sg13g2_nor3_1)
   0.011087    0.180497    0.166819    0.435356 ^ _271_/Y (sg13g2_nor3_1)
               0.180497    0.000000    0.435356 ^ _272_/B2 (sg13g2_a221oi_1)
   0.011489    0.119069    0.151316    0.586672 v _272_/Y (sg13g2_a221oi_1)
               0.119069    0.000000    0.586672 v _276_/C (sg13g2_nor4_1)
   0.008080    0.201757    0.212391    0.799064 ^ _276_/Y (sg13g2_nor4_1)
               0.201757    0.000000    0.799064 ^ _277_/B2 (sg13g2_a221oi_1)
   0.011489    0.122200    0.156368    0.955432 v _277_/Y (sg13g2_a221oi_1)
               0.122200    0.000000    0.955432 v _281_/C (sg13g2_nor4_1)
   0.008257    0.204837    0.215336    1.170768 ^ _281_/Y (sg13g2_nor4_1)
               0.204837    0.000000    1.170768 ^ _283_/A2 (sg13g2_a21oi_1)
   0.014745    0.122520    0.171645    1.342413 v _283_/Y (sg13g2_a21oi_1)
               0.122520    0.000000    1.342413 v _286_/C (sg13g2_nor4_1)
   0.008257    0.204866    0.215418    1.557831 ^ _286_/Y (sg13g2_nor4_1)
               0.204866    0.000000    1.557831 ^ _288_/A2 (sg13g2_a21oi_1)
   0.011489    0.105344    0.153945    1.711776 v _288_/Y (sg13g2_a21oi_1)
               0.105344    0.000000    1.711776 v _292_/C (sg13g2_nor4_1)
   0.008257    0.203284    0.210994    1.922770 ^ _292_/Y (sg13g2_nor4_1)
               0.203284    0.000000    1.922770 ^ _294_/A2 (sg13g2_a21oi_1)
   0.011489    0.105119    0.153549    2.076319 v _294_/Y (sg13g2_a21oi_1)
               0.105119    0.000000    2.076319 v _319_/A (sg13g2_xor2_1)
   0.010000    0.114319    0.144103    2.220422 ^ _319_/X (sg13g2_xor2_1)
               0.114319    0.000000    2.220422 ^ sum[20] (out)
                                       2.220422   data arrival time

               0.000000  100.000000  100.000000   clock vclk (rise edge)
                           0.000000  100.000000   clock network delay (ideal)
                           0.000000  100.000000   clock reconvergence pessimism
                           0.000000  100.000000   output external delay
                                     100.000000   data required time
---------------------------------------------------------------------------------------
                                     100.000000   data required time
                                      -2.220422   data arrival time
---------------------------------------------------------------------------------------
                                      97.779572   slack (MET)


Startpoint: a[0] (input port clocked by vclk)
Endpoint: sum[19] (output port clocked by vclk)
Path Group: vclk
Path Type: max

        Cap        Slew       Delay        Time   Description
---------------------------------------------------------------------------------------
               0.000000    0.000000    0.000000   clock vclk (rise edge)
                           0.000000    0.000000   clock network delay (ideal)
                           0.000000    0.000000 ^ input external delay
   0.012707    0.050000    0.000000    0.000000 ^ a[0] (in)
               0.050000    0.000000    0.000000 ^ _269_/A (sg13g2_xor2_1)
   0.011360    0.122422    0.148462    0.148462 ^ _269_/X (sg13g2_xor2_1)
               0.122422    0.000000    0.148462 ^ _270_/C (sg13g2_nand3_1)
   0.005752    0.080745    0.120076    0.268538 v _270_/Y (sg13g2_nand3_1)
               0.080745    0.000000    0.268538 v _271_/C (sg13g2_nor3_1)
   0.011087    0.180497    0.166819    0.435356 ^ _271_/Y (sg13g2_nor3_1)
               0.180497    0.000000    0.435356 ^ _272_/B2 (sg13g2_a221oi_1)
   0.011489    0.119069    0.151316    0.586672 v _272_/Y (sg13g2_a221oi_1)
               0.119069    0.000000    0.586672 v _276_/C (sg13g2_nor4_1)
   0.008080    0.201757    0.212391    0.799064 ^ _276_/Y (sg13g2_nor4_1)
               0.201757    0.000000    0.799064 ^ _277_/B2 (sg13g2_a221oi_1)
   0.011489    0.122200    0.156368    0.955432 v _277_/Y (sg13g2_a221oi_1)
               0.122200    0.000000    0.955432 v _281_/C (sg13g2_nor4_1)
   0.008257    0.204837    0.215336    1.170768 ^ _281_/Y (sg13g2_nor4_1)
               0.204837    0.000000    1.170768 ^ _283_/A2 (sg13g2_a21oi_1)
   0.014745    0.122520    0.171645    1.342413 v _283_/Y (sg13g2_a21oi_1)
               0.122520    0.000000    1.342413 v _286_/C (sg13g2_nor4_1)
   0.008257    0.204866    0.215418    1.557831 ^ _286_/Y (sg13g2_nor4_1)
               0.204866    0.000000    1.557831 ^ _288_/A2 (sg13g2_a21oi_1)
   0.011489    0.105344    0.153945    1.711776 v _288_/Y (sg13g2_a21oi_1)
               0.105344    0.000000    1.711776 v _292_/C (sg13g2_nor4_1)
   0.008257    0.203284    0.210994    1.922770 ^ _292_/Y (sg13g2_nor4_1)
               0.203284    0.000000    1.922770 ^ _345_/B (sg13g2_xor2_1)
   0.010000    0.112611    0.186574    2.109344 ^ _345_/X (sg13g2_xor2_1)
               0.112611    0.000000    2.109344 ^ sum[19] (out)
                                       2.109344   data arrival time

               0.000000  100.000000  100.000000   clock vclk (rise edge)
                           0.000000  100.000000   clock network delay (ideal)
                           0.000000  100.000000   clock reconvergence pessimism
                           0.000000  100.000000   output external delay
                                     100.000000   data required time
---------------------------------------------------------------------------------------
                                     100.000000   data required time
                                      -2.109344   data arrival time
---------------------------------------------------------------------------------------
                                      97.890648   slack (MET)


Startpoint: a[0] (input port clocked by vclk)
Endpoint: sum[18] (output port clocked by vclk)
Path Group: vclk
Path Type: max

        Cap        Slew       Delay        Time   Description
---------------------------------------------------------------------------------------
               0.000000    0.000000    0.000000   clock vclk (rise edge)
                           0.000000    0.000000   clock network delay (ideal)
                           0.000000    0.000000 ^ input external delay
   0.012707    0.050000    0.000000    0.000000 ^ a[0] (in)
               0.050000    0.000000    0.000000 ^ _269_/A (sg13g2_xor2_1)
   0.011360    0.122422    0.148462    0.148462 ^ _269_/X (sg13g2_xor2_1)
               0.122422    0.000000    0.148462 ^ _270_/C (sg13g2_nand3_1)
   0.005752    0.080745    0.120076    0.268538 v _270_/Y (sg13g2_nand3_1)
               0.080745    0.000000    0.268538 v _271_/C (sg13g2_nor3_1)
   0.011087    0.180497    0.166819    0.435356 ^ _271_/Y (sg13g2_nor3_1)
               0.180497    0.000000    0.435356 ^ _272_/B2 (sg13g2_a221oi_1)
   0.011489    0.119069    0.151316    0.586672 v _272_/Y (sg13g2_a221oi_1)
               0.119069    0.000000    0.586672 v _276_/C (sg13g2_nor4_1)
   0.008080    0.201757    0.212391    0.799064 ^ _276_/Y (sg13g2_nor4_1)
               0.201757    0.000000    0.799064 ^ _277_/B2 (sg13g2_a221oi_1)
   0.011489    0.122200    0.156368    0.955432 v _277_/Y (sg13g2_a221oi_1)
               0.122200    0.000000    0.955432 v _281_/C (sg13g2_nor4_1)
   0.008257    0.204837    0.215336    1.170768 ^ _281_/Y (sg13g2_nor4_1)
               0.204837    0.000000    1.170768 ^ _283_/A2 (sg13g2_a21oi_1)
   0.014745    0.122520    0.171645    1.342413 v _283_/Y (sg13g2_a21oi_1)
               0.122520    0.000000    1.342413 v _286_/C (sg13g2_nor4_1)
   0.008257    0.204866    0.215418    1.557831 ^ _286_/Y (sg13g2_nor4_1)
               0.204866    0.000000    1.557831 ^ _288_/A2 (sg13g2_a21oi_1)
   0.011489    0.105344    0.153945    1.711776 v _288_/Y (sg13g2_a21oi_1)
               0.105344    0.000000    1.711776 v _290_/A (sg13g2_nor2_1)
   0.008140    0.094281    0.111448    1.823224 ^ _290_/Y (sg13g2_nor2_1)
               0.094281    0.000000    1.823224 ^ _291_/B (sg13g2_nand2_1)
   0.005088    0.052545    0.077157    1.900381 v _291_/Y (sg13g2_nand2_1)
               0.052545    0.000000    1.900381 v _320_/B (sg13g2_xor2_1)
   0.010000    0.084885    0.119386    2.019767 v _320_/X (sg13g2_xor2_1)
               0.084885    0.000000    2.019767 v sum[18] (out)
                                       2.019767   data arrival time

               0.000000  100.000000  100.000000   clock vclk (rise edge)
                           0.000000  100.000000   clock network delay (ideal)
                           0.000000  100.000000   clock reconvergence pessimism
                           0.000000  100.000000   output external delay
                                     100.000000   data required time
---------------------------------------------------------------------------------------
                                     100.000000   data required time
                                      -2.019767   data arrival time
---------------------------------------------------------------------------------------
                                      97.980232   slack (MET)


Startpoint: a[0] (input port clocked by vclk)
Endpoint: sum[17] (output port clocked by vclk)
Path Group: vclk
Path Type: max

        Cap        Slew       Delay        Time   Description
---------------------------------------------------------------------------------------
               0.000000    0.000000    0.000000   clock vclk (rise edge)
                           0.000000    0.000000   clock network delay (ideal)
                           0.000000    0.000000 ^ input external delay
   0.012707    0.050000    0.000000    0.000000 ^ a[0] (in)
               0.050000    0.000000    0.000000 ^ _269_/A (sg13g2_xor2_1)
   0.011360    0.122422    0.148462    0.148462 ^ _269_/X (sg13g2_xor2_1)
               0.122422    0.000000    0.148462 ^ _270_/C (sg13g2_nand3_1)
   0.005752    0.080745    0.120076    0.268538 v _270_/Y (sg13g2_nand3_1)
               0.080745    0.000000    0.268538 v _271_/C (sg13g2_nor3_1)
   0.011087    0.180497    0.166819    0.435356 ^ _271_/Y (sg13g2_nor3_1)
               0.180497    0.000000    0.435356 ^ _272_/B2 (sg13g2_a221oi_1)
   0.011489    0.119069    0.151316    0.586672 v _272_/Y (sg13g2_a221oi_1)
               0.119069    0.000000    0.586672 v _276_/C (sg13g2_nor4_1)
   0.008080    0.201757    0.212391    0.799064 ^ _276_/Y (sg13g2_nor4_1)
               0.201757    0.000000    0.799064 ^ _277_/B2 (sg13g2_a221oi_1)
   0.011489    0.122200    0.156368    0.955432 v _277_/Y (sg13g2_a221oi_1)
               0.122200    0.000000    0.955432 v _281_/C (sg13g2_nor4_1)
   0.008257    0.204837    0.215336    1.170768 ^ _281_/Y (sg13g2_nor4_1)
               0.204837    0.000000    1.170768 ^ _283_/A2 (sg13g2_a21oi_1)
   0.014745    0.122520    0.171645    1.342413 v _283_/Y (sg13g2_a21oi_1)
               0.122520    0.000000    1.342413 v _286_/C (sg13g2_nor4_1)
   0.008257    0.204866    0.215418    1.557831 ^ _286_/Y (sg13g2_nor4_1)
               0.204866    0.000000    1.557831 ^ _288_/A2 (sg13g2_a21oi_1)
   0.011489    0.105344    0.153945    1.711776 v _288_/Y (sg13g2_a21oi_1)
               0.105344    0.000000    1.711776 v _290_/A (sg13g2_nor2_1)
   0.008140    0.094281    0.111448    1.823224 ^ _290_/Y (sg13g2_nor2_1)
               0.094281    0.000000    1.823224 ^ _321_/B (sg13g2_xnor2_1)
   0.010000    0.115571    0.126678    1.949903 ^ _321_/Y (sg13g2_xnor2_1)
               0.115571    0.000000    1.949903 ^ sum[17] (out)
                                       1.949903   data arrival time

               0.000000  100.000000  100.000000   clock vclk (rise edge)
                           0.000000  100.000000   clock network delay (ideal)
                           0.000000  100.000000   clock reconvergence pessimism
                           0.000000  100.000000   output external delay
                                     100.000000   data required time
---------------------------------------------------------------------------------------
                                     100.000000   data required time
                                      -1.949903   data arrival time
---------------------------------------------------------------------------------------
                                      98.050095   slack (MET)


Startpoint: a[0] (input port clocked by vclk)
Endpoint: sum[16] (output port clocked by vclk)
Path Group: vclk
Path Type: max

        Cap        Slew       Delay        Time   Description
---------------------------------------------------------------------------------------
               0.000000    0.000000    0.000000   clock vclk (rise edge)
                           0.000000    0.000000   clock network delay (ideal)
                           0.000000    0.000000 ^ input external delay
   0.012707    0.050000    0.000000    0.000000 ^ a[0] (in)
               0.050000    0.000000    0.000000 ^ _269_/A (sg13g2_xor2_1)
   0.011360    0.122422    0.148462    0.148462 ^ _269_/X (sg13g2_xor2_1)
               0.122422    0.000000    0.148462 ^ _270_/C (sg13g2_nand3_1)
   0.005752    0.080745    0.120076    0.268538 v _270_/Y (sg13g2_nand3_1)
               0.080745    0.000000    0.268538 v _271_/C (sg13g2_nor3_1)
   0.011087    0.180497    0.166819    0.435356 ^ _271_/Y (sg13g2_nor3_1)
               0.180497    0.000000    0.435356 ^ _272_/B2 (sg13g2_a221oi_1)
   0.011489    0.119069    0.151316    0.586672 v _272_/Y (sg13g2_a221oi_1)
               0.119069    0.000000    0.586672 v _276_/C (sg13g2_nor4_1)
   0.008080    0.201757    0.212391    0.799064 ^ _276_/Y (sg13g2_nor4_1)
               0.201757    0.000000    0.799064 ^ _277_/B2 (sg13g2_a221oi_1)
   0.011489    0.122200    0.156368    0.955432 v _277_/Y (sg13g2_a221oi_1)
               0.122200    0.000000    0.955432 v _281_/C (sg13g2_nor4_1)
   0.008257    0.204837    0.215336    1.170768 ^ _281_/Y (sg13g2_nor4_1)
               0.204837    0.000000    1.170768 ^ _283_/A2 (sg13g2_a21oi_1)
   0.014745    0.122520    0.171645    1.342413 v _283_/Y (sg13g2_a21oi_1)
               0.122520    0.000000    1.342413 v _286_/C (sg13g2_nor4_1)
   0.008257    0.204866    0.215418    1.557831 ^ _286_/Y (sg13g2_nor4_1)
               0.204866    0.000000    1.557831 ^ _288_/A2 (sg13g2_a21oi_1)
   0.011489    0.105344    0.153945    1.711776 v _288_/Y (sg13g2_a21oi_1)
               0.105344    0.000000    1.711776 v _322_/A (sg13g2_xor2_1)
   0.010000    0.114340    0.144167    1.855943 ^ _322_/X (sg13g2_xor2_1)
               0.114340    0.000000    1.855943 ^ sum[16] (out)
                                       1.855943   data arrival time

               0.000000  100.000000  100.000000   clock vclk (rise edge)
                           0.000000  100.000000   clock network delay (ideal)
                           0.000000  100.000000   clock reconvergence pessimism
                           0.000000  100.000000   output external delay
                                     100.000000   data required time
---------------------------------------------------------------------------------------
                                     100.000000   data required time
                                      -1.855943   data arrival time
---------------------------------------------------------------------------------------
                                      98.144051   slack (MET)


Startpoint: a[0] (input port clocked by vclk)
Endpoint: sum[15] (output port clocked by vclk)
Path Group: vclk
Path Type: max

        Cap        Slew       Delay        Time   Description
---------------------------------------------------------------------------------------
               0.000000    0.000000    0.000000   clock vclk (rise edge)
                           0.000000    0.000000   clock network delay (ideal)
                           0.000000    0.000000 ^ input external delay
   0.012707    0.050000    0.000000    0.000000 ^ a[0] (in)
               0.050000    0.000000    0.000000 ^ _269_/A (sg13g2_xor2_1)
   0.011360    0.122422    0.148462    0.148462 ^ _269_/X (sg13g2_xor2_1)
               0.122422    0.000000    0.148462 ^ _270_/C (sg13g2_nand3_1)
   0.005752    0.080745    0.120076    0.268538 v _270_/Y (sg13g2_nand3_1)
               0.080745    0.000000    0.268538 v _271_/C (sg13g2_nor3_1)
   0.011087    0.180497    0.166819    0.435356 ^ _271_/Y (sg13g2_nor3_1)
               0.180497    0.000000    0.435356 ^ _272_/B2 (sg13g2_a221oi_1)
   0.011489    0.119069    0.151316    0.586672 v _272_/Y (sg13g2_a221oi_1)
               0.119069    0.000000    0.586672 v _276_/C (sg13g2_nor4_1)
   0.008080    0.201757    0.212391    0.799064 ^ _276_/Y (sg13g2_nor4_1)
               0.201757    0.000000    0.799064 ^ _277_/B2 (sg13g2_a221oi_1)
   0.011489    0.122200    0.156368    0.955432 v _277_/Y (sg13g2_a221oi_1)
               0.122200    0.000000    0.955432 v _281_/C (sg13g2_nor4_1)
   0.008257    0.204837    0.215336    1.170768 ^ _281_/Y (sg13g2_nor4_1)
               0.204837    0.000000    1.170768 ^ _283_/A2 (sg13g2_a21oi_1)
   0.014745    0.122520    0.171645    1.342413 v _283_/Y (sg13g2_a21oi_1)
               0.122520    0.000000    1.342413 v _286_/C (sg13g2_nor4_1)
   0.008257    0.204866    0.215418    1.557831 ^ _286_/Y (sg13g2_nor4_1)
               0.204866    0.000000    1.557831 ^ _346_/B (sg13g2_xor2_1)
   0.010000    0.112609    0.186896    1.744727 ^ _346_/X (sg13g2_xor2_1)
               0.112609    0.000000    1.744727 ^ sum[15] (out)
                                       1.744727   data arrival time

               0.000000  100.000000  100.000000   clock vclk (rise edge)
                           0.000000  100.000000   clock network delay (ideal)
                           0.000000  100.000000   clock reconvergence pessimism
                           0.000000  100.000000   output external delay
                                     100.000000   data required time
---------------------------------------------------------------------------------------
                                     100.000000   data required time
                                      -1.744727   data arrival time
---------------------------------------------------------------------------------------
                                      98.255264   slack (MET)


Startpoint: a[0] (input port clocked by vclk)
Endpoint: sum[14] (output port clocked by vclk)
Path Group: vclk
Path Type: max

        Cap        Slew       Delay        Time   Description
---------------------------------------------------------------------------------------
               0.000000    0.000000    0.000000   clock vclk (rise edge)
                           0.000000    0.000000   clock network delay (ideal)
                           0.000000    0.000000 ^ input external delay
   0.012707    0.050000    0.000000    0.000000 ^ a[0] (in)
               0.050000    0.000000    0.000000 ^ _269_/A (sg13g2_xor2_1)
   0.011360    0.122422    0.148462    0.148462 ^ _269_/X (sg13g2_xor2_1)
               0.122422    0.000000    0.148462 ^ _270_/C (sg13g2_nand3_1)
   0.005752    0.080745    0.120076    0.268538 v _270_/Y (sg13g2_nand3_1)
               0.080745    0.000000    0.268538 v _271_/C (sg13g2_nor3_1)
   0.011087    0.180497    0.166819    0.435356 ^ _271_/Y (sg13g2_nor3_1)
               0.180497    0.000000    0.435356 ^ _272_/B2 (sg13g2_a221oi_1)
   0.011489    0.119069    0.151316    0.586672 v _272_/Y (sg13g2_a221oi_1)
               0.119069    0.000000    0.586672 v _276_/C (sg13g2_nor4_1)
   0.008080    0.201757    0.212391    0.799064 ^ _276_/Y (sg13g2_nor4_1)
               0.201757    0.000000    0.799064 ^ _277_/B2 (sg13g2_a221oi_1)
   0.011489    0.122200    0.156368    0.955432 v _277_/Y (sg13g2_a221oi_1)
               0.122200    0.000000    0.955432 v _281_/C (sg13g2_nor4_1)
   0.008257    0.204837    0.215336    1.170768 ^ _281_/Y (sg13g2_nor4_1)
               0.204837    0.000000    1.170768 ^ _283_/A2 (sg13g2_a21oi_1)
   0.014745    0.122520    0.171645    1.342413 v _283_/Y (sg13g2_a21oi_1)
               0.122520    0.000000    1.342413 v _285_/B (sg13g2_nor3_1)
   0.005004    0.112664    0.138208    1.480621 ^ _285_/Y (sg13g2_nor3_1)
               0.112664    0.000000    1.480621 ^ _323_/B (sg13g2_xnor2_1)
   0.010000    0.115383    0.132241    1.612863 ^ _323_/Y (sg13g2_xnor2_1)
               0.115383    0.000000    1.612863 ^ sum[14] (out)
                                       1.612863   data arrival time

               0.000000  100.000000  100.000000   clock vclk (rise edge)
                           0.000000  100.000000   clock network delay (ideal)
                           0.000000  100.000000   clock reconvergence pessimism
                           0.000000  100.000000   output external delay
                                     100.000000   data required time
---------------------------------------------------------------------------------------
                                     100.000000   data required time
                                      -1.612863   data arrival time
---------------------------------------------------------------------------------------
                                      98.387138   slack (MET)


Startpoint: a[0] (input port clocked by vclk)
Endpoint: sum[13] (output port clocked by vclk)
Path Group: vclk
Path Type: max

        Cap        Slew       Delay        Time   Description
---------------------------------------------------------------------------------------
               0.000000    0.000000    0.000000   clock vclk (rise edge)
                           0.000000    0.000000   clock network delay (ideal)
                           0.000000    0.000000 ^ input external delay
   0.012707    0.050000    0.000000    0.000000 ^ a[0] (in)
               0.050000    0.000000    0.000000 ^ _269_/A (sg13g2_xor2_1)
   0.011360    0.122422    0.148462    0.148462 ^ _269_/X (sg13g2_xor2_1)
               0.122422    0.000000    0.148462 ^ _270_/C (sg13g2_nand3_1)
   0.005752    0.080745    0.120076    0.268538 v _270_/Y (sg13g2_nand3_1)
               0.080745    0.000000    0.268538 v _271_/C (sg13g2_nor3_1)
   0.011087    0.180497    0.166819    0.435356 ^ _271_/Y (sg13g2_nor3_1)
               0.180497    0.000000    0.435356 ^ _272_/B2 (sg13g2_a221oi_1)
   0.011489    0.119069    0.151316    0.586672 v _272_/Y (sg13g2_a221oi_1)
               0.119069    0.000000    0.586672 v _276_/C (sg13g2_nor4_1)
   0.008080    0.201757    0.212391    0.799064 ^ _276_/Y (sg13g2_nor4_1)
               0.201757    0.000000    0.799064 ^ _277_/B2 (sg13g2_a221oi_1)
   0.011489    0.122200    0.156368    0.955432 v _277_/Y (sg13g2_a221oi_1)
               0.122200    0.000000    0.955432 v _281_/C (sg13g2_nor4_1)
   0.008257    0.204837    0.215336    1.170768 ^ _281_/Y (sg13g2_nor4_1)
               0.204837    0.000000    1.170768 ^ _283_/A2 (sg13g2_a21oi_1)
   0.014745    0.122520    0.171645    1.342413 v _283_/Y (sg13g2_a21oi_1)
               0.122520    0.000000    1.342413 v _324_/A1 (sg13g2_o21ai_1)
   0.005004    0.096370    0.130944    1.473357 ^ _324_/Y (sg13g2_o21ai_1)
               0.096370    0.000000    1.473357 ^ _325_/B (sg13g2_xnor2_1)
   0.010000    0.116587    0.127554    1.600911 ^ _325_/Y (sg13g2_xnor2_1)
               0.116587    0.000000    1.600911 ^ sum[13] (out)
                                       1.600911   data arrival time

               0.000000  100.000000  100.000000   clock vclk (rise edge)
                           0.000000  100.000000   clock network delay (ideal)
                           0.000000  100.000000   clock reconvergence pessimism
                           0.000000  100.000000   output external delay
                                     100.000000   data required time
---------------------------------------------------------------------------------------
                                     100.000000   data required time
                                      -1.600911   data arrival time
---------------------------------------------------------------------------------------
                                      98.399086   slack (MET)


