$ /usr/bin/time -v -o /home/duhaochen/website-trial-v1/data/spice-model-benchmark/814c7c34888f874c4bddf65d22a1ef28/hspice/resource.txt /usr/bin/python -m spice_model_benchmark.cli /home/duhaochen/pipeline_full_collection/benchmark-inputs/814c7c34888f874c4bddf65d22a1ef28/hspice.lib --simulator hspice --modes dc transient ac noise --output-dir /home/duhaochen/website-trial-v1/data/spice-model-benchmark/814c7c34888f874c4bddf65d22a1ef28 --dpi 120 --log-level WARNING
SPICE Model Benchmark: /home/duhaochen/pipeline_full_collection/benchmark-inputs/814c7c34888f874c4bddf65d22a1ef28/hspice.lib
Simulators: hspice
Modes: dc, transient, ac, noise
------------------------------------------------------------

============================================================
  Running: HSPICE
  Output:  /home/duhaochen/website-trial-v1/data/spice-model-benchmark/814c7c34888f874c4bddf65d22a1ef28/hspice
============================================================
Vgs range: 0.000V to 1.200V
Ids range: -1.111e-03A to 6.878e-12A
Selected Vgs values: [0.  0.2 0.4 0.6 0.8 1.  1.2]
Vgs=0.000V: Ids range -1.307e-08A to -9.428e-12A
Vgs=0.200V: Ids range -3.149e-07A to 3.845e-17A
Vgs=0.400V: Ids range -5.531e-06A to 1.438e-14A
Vgs=0.600V: Ids range -6.522e-05A to 2.229e-13A
Vgs=0.800V: Ids range -2.928e-04A to 9.102e-13A
Vgs=1.000V: Ids range -6.533e-04A to 2.693e-12A
Vgs=1.200V: Ids range -1.111e-03A to 6.878e-12A
ids_variation: 5.977565089655349
ids_variation <= max_variation: False
tc: 6233342054.7813
abs(tc) <= max_tc: False
[WARNING]: Temperature effects verification failed - effects outside expected range
/home/duhaochen/spice_model_benchmark/src/spice_model_benchmark/verification_manager.py:2706: RuntimeWarning: divide by zero encountered in divide
  norm_dvg = np.abs(dvg_dt / gate_voltage[:-1])
/home/duhaochen/spice_model_benchmark/src/spice_model_benchmark/verification_manager.py:2706: RuntimeWarning: invalid value encountered in divide
  norm_dvg = np.abs(dvg_dt / gate_voltage[:-1])
norm_dvg: [1.00000000e+10 5.00000000e+09 3.33333333e+09 ... 0.00000000e+00
 0.00000000e+00 0.00000000e+00]
norm_dvd: [0. 0. 0. ... 0. 0. 0.]
norm_did: [1.88207502e+06 2.07359073e+06 2.41117688e+06 ... 1.20480883e+03
 0.00000000e+00 0.00000000e+00]
[WARNING]: Quasi-static verification failed
[WARNING]: Max normalized derivatives: dVg/dt=nan, dVd/dt=0.00e+00, dId/dt=5.47e+12
/home/duhaochen/spice_model_benchmark/src/spice_model_benchmark/plot_generator.py:336: UserWarning: Attempting to set identical low and high ylims makes transformation singular; automatically expanding.
  plt.ylim(0, max_cap*1.2)  # Add 20% margin to ensure all components are visible
[INFO]: S-parameter analysis plot saved to /home/duhaochen/website-trial-v1/data/spice-model-benchmark/814c7c34888f874c4bddf65d22a1ef28/hspice/plots/ac_cv_sparameter_analysis.png
[INFO]: S-parameter analysis plot saved to /home/duhaochen/website-trial-v1/data/spice-model-benchmark/814c7c34888f874c4bddf65d22a1ef28/hspice/plots/ac_cv_sparameter_analysis.png
[INFO]: NQS effects plot saved to /home/duhaochen/website-trial-v1/data/spice-model-benchmark/814c7c34888f874c4bddf65d22a1ef28/hspice/plots/ac_cv_nqs_effects.png
[WARNING]: Cannot compute correlation: constant data detected

  hspice: ✓ PASS  (199.6s)

✓ Benchmark completed: /home/duhaochen/website-trial-v1/data/spice-model-benchmark/814c7c34888f874c4bddf65d22a1ef28/hspice
