$ /usr/bin/time -v -o /home/duhaochen/website-trial-v1/data/spice-model-benchmark/baecca2ae244bb5187c42882f1c7c081/ngspice/resource.txt /usr/bin/python -m spice_model_benchmark.cli /home/duhaochen/pipeline_full_collection/benchmark-inputs/baecca2ae244bb5187c42882f1c7c081/ngspice.lib --simulator ngspice --modes dc transient ac noise --output-dir /home/duhaochen/website-trial-v1/data/spice-model-benchmark/baecca2ae244bb5187c42882f1c7c081 --dpi 120 --log-level WARNING
/home/duhaochen/spice_model_benchmark/src/spice_model_benchmark/verification_manager.py:1557: RuntimeWarning: divide by zero encountered in divide
  tc = np.mean((d_ids / d_temp) / np.abs(i_ds[:-1]))
SPICE Model Benchmark: /home/duhaochen/pipeline_full_collection/benchmark-inputs/baecca2ae244bb5187c42882f1c7c081/ngspice.lib
Simulators: ngspice
Modes: dc, transient, ac, noise
------------------------------------------------------------

============================================================
  Running: NGSPICE
  Output:  /home/duhaochen/website-trial-v1/data/spice-model-benchmark/baecca2ae244bb5187c42882f1c7c081/ngspice
============================================================
Vgs range: 0.000V to 1.200V
Ids range: -8.269e-04A to 0.000e+00A
Selected Vgs values: [0.  0.2 0.4 0.6 0.8 1.  1.2]
Vgs=0.000V: Ids range -1.845e-10A to -1.583e-14A
Vgs=0.200V: Ids range -1.859e-08A to 0.000e+00A
Vgs=0.400V: Ids range -1.271e-06A to 0.000e+00A
Vgs=0.600V: Ids range -4.729e-05A to 0.000e+00A
Vgs=0.800V: Ids range -2.198e-04A to 0.000e+00A
Vgs=1.000V: Ids range -4.865e-04A to 0.000e+00A
Vgs=1.200V: Ids range -8.269e-04A to 0.000e+00A
ids_variation: 6.370566209443564
ids_variation <= max_variation: False
tc: inf
abs(tc) <= max_tc: False
[WARNING]: Temperature effects verification failed - effects outside expected range
/home/duhaochen/spice_model_benchmark/src/spice_model_benchmark/verification_manager.py:1817: RuntimeWarning: divide by zero encountered in log
  log_ids = np.log(np.abs(i_ds))
/home/duhaochen/.local/lib/python3.9/site-packages/numpy/lib/function_base.py:2742: RuntimeWarning: invalid value encountered in subtract
  X -= avg[:, None]
/home/duhaochen/spice_model_benchmark/src/spice_model_benchmark/verification_manager.py:1862: RuntimeWarning: divide by zero encountered in divide
  efficiency = np.abs(gm / i_ds)  # Transconductance efficiency
[INFO]: S-parameter analysis plot saved to /home/duhaochen/website-trial-v1/data/spice-model-benchmark/baecca2ae244bb5187c42882f1c7c081/ngspice/plots/ac_cv_sparameter_analysis.png
[INFO]: NQS effects plot saved to /home/duhaochen/website-trial-v1/data/spice-model-benchmark/baecca2ae244bb5187c42882f1c7c081/ngspice/plots/ac_cv_nqs_effects.png
[INFO]: S-parameter analysis plot saved to /home/duhaochen/website-trial-v1/data/spice-model-benchmark/baecca2ae244bb5187c42882f1c7c081/ngspice/plots/ac_cv_sparameter_analysis.png
norm_dvg: [2.50000000e+11 1.25000000e+11 6.25000000e+10 3.12500000e+10
 1.56250000e+10 9.03651423e+09 6.00607325e+09 5.39092106e+09
 4.83975432e+09 4.41438879e+09 4.03060361e+09 3.73379917e+09
 3.33730652e+09 2.91335247e+09 2.63908082e+09 2.43253539e+09
 2.38472472e+09 2.33853840e+09 2.27748044e+09 2.23697549e+09
 2.20045424e+09 2.16903164e+09 2.14108805e+09 2.11302555e+09
 2.08844681e+09 2.06313809e+09 2.03107849e+09 1.99999877e+09
 1.99567863e+09 1.98709076e+09 1.97054480e+09 1.93826599e+09
 1.90442098e+09 1.87559039e+09 1.83928497e+09 1.80406121e+09
 1.76742731e+09 1.73056869e+09 1.67944593e+09 1.62143995e+09
 1.55417850e+09 1.49740646e+09 1.44429387e+09 1.39364517e+09
 1.34833157e+09 1.30056236e+09 1.22792786e+09 1.16037658e+09
 1.10121516e+09 1.06942211e+09 1.04924027e+09 1.02714493e+09
 1.01339081e+09 1.00000000e+09 9.97645033e+08 9.92966739e+08
 9.85433909e+08 9.76151022e+08 9.64906276e+08 9.43722492e+08
 9.24583325e+08 8.98507115e+08 8.65295676e+08 8.15865594e+08
 7.68406968e+08 7.20760780e+08 6.69895897e+08 6.20686808e+08
 6.02748789e+08 5.76963736e+08 5.62732475e+08 5.45512554e+08
 5.27271399e+08 5.01886777e+08 4.73786603e+08 4.67423695e+08
 4.64797146e+08 4.62767913e+08 4.61218728e+08 4.59616500e+08
 4.57798473e+08 4.56657470e+08 4.55172670e+08 4.53136761e+08
 4.49839209e+08 4.45447645e+08 4.36917714e+08 4.28823789e+08
 4.25076245e+08 4.21725773e+08 4.17798519e+08 4.14252208e+08
 4.10483679e+08 4.04367866e+08 3.97982106e+08 3.89830686e+08
 3.82120208e+08 3.72622144e+08 3.62326238e+08 3.48590924e+08
 3.32126174e+08 3.11634508e+08 2.90920292e+08 2.69249560e+08
 2.47988658e+08 2.26168033e+08 2.05014921e+08 1.82336762e+08
 1.59125255e+08 1.41156060e+08 1.26833416e+08 1.15149565e+08
 1.05436766e+08 1.00078273e+08 9.52380952e+07 9.52177565e+07
 9.51789048e+07 9.50980618e+07 9.49394663e+07 9.46899247e+07
 9.44164453e+07 9.40846455e+07 9.37191341e+07 9.35238284e+07
 9.33218271e+07 9.31039189e+07 9.29022909e+07 9.26959493e+07
 9.25427227e+07 9.23867312e+07 9.22048260e+07 9.20790223e+07
 9.18830760e+07 9.17656870e+07 9.16714950e+07 9.15504537e+07
 9.14384950e+07 9.13649465e+07 9.12655444e+07 9.11752708e+07
 9.10502609e+07 9.09376924e+07 9.08990601e+07 9.09116106e+07
 9.08990946e+07 9.08935000e+07 9.08713465e+07 9.08324807e+07
 9.07967561e+07 9.07573752e+07 9.07137465e+07 9.06469121e+07
 9.05481221e+07 9.03678288e+07 9.01689391e+07 8.99768947e+07
 8.98358909e+07 8.96897478e+07 8.95158060e+07 8.93739806e+07
 8.91701349e+07 8.89706135e+07 8.86674768e+07 8.82971810e+07
 8.77866014e+07 8.71607621e+07 8.67402594e+07 8.64006286e+07
 8.60734925e+07 8.57858792e+07 8.54721672e+07 8.52262648e+07
 8.49093766e+07 8.45082101e+07 8.39166681e+07 8.33332034e+07
 8.32594015e+07 8.31110092e+07 8.28491821e+07 8.27141923e+07
 8.26009717e+07 8.24580124e+07 8.23646100e+07 8.22733009e+07
 8.21652519e+07 8.20518613e+07 8.19125684e+07 8.17545015e+07
 8.14802206e+07 8.09376239e+07 8.05974038e+07 8.04043542e+07
 8.02184450e+07 7.99995997e+07 7.98193032e+07 7.96048352e+07
 7.92742050e+07 7.89405711e+07 7.86293284e+07 7.82965355e+07
 7.81295798e+07 7.80479059e+07 7.79927527e+07 7.79500558e+07
 7.79062070e+07 7.78568080e+07 7.77864839e+07 7.77436514e+07
 7.76888015e+07 7.76379505e+07 7.75621084e+07 7.74507293e+07
 7.72678401e+07 7.70769155e+07 7.68343165e+07 7.66339850e+07
 7.64916124e+07 7.63070945e+07 7.61350774e+07 7.59419103e+07
 7.57393458e+07 7.54436806e+07 7.50735562e+07 7.45901613e+07
 7.40014673e+07 7.32795241e+07 7.25172391e+07 7.16151074e+07
 7.06253834e+07 6.94295402e+07 6.80388656e+07 6.62702209e+07
 6.40019922e+07 6.08846047e+07 5.80567916e+07 5.54799990e+07
 5.31222283e+07 5.15138426e+07 0.00000000e+00 0.00000000e+00
 0.00000000e+00 0.00000000e+00 0.00000000e+00 0.00000000e+00
 0.00000000e+00 0.00000000e+00 0.00000000e+00 0.00000000e+00
 0.00000000e+00 0.00000000e+00 0.00000000e+00 0.00000000e+00
 0.00000000e+00 0.00000000e+00 0.00000000e+00 0.00000000e+00
 0.00000000e+00 0.00000000e+00 0.00000000e+00 0.00000000e+00
 0.00000000e+00 0.00000000e+00 0.00000000e+00 0.00000000e+00
 0.00000000e+00 0.00000000e+00 0.00000000e+00 0.00000000e+00
 0.00000000e+00 0.00000000e+00 0.00000000e+00 0.00000000e+00
 0.00000000e+00 0.00000000e+00 0.00000000e+00 0.00000000e+00
 0.00000000e+00 0.00000000e+00 0.00000000e+00 0.00000000e+00
 0.00000000e+00 0.00000000e+00 0.00000000e+00 0.00000000e+00
 0.00000000e+00 0.00000000e+00 0.00000000e+00 0.00000000e+00
 0.00000000e+00 0.00000000e+00 0.00000000e+00 0.00000000e+00
 0.00000000e+00 0.00000000e+00 0.00000000e+00 0.00000000e+00
 0.00000000e+00 0.00000000e+00 0.00000000e+00 0.00000000e+00
 0.00000000e+00 0.00000000e+00 0.00000000e+00 0.00000000e+00
 0.00000000e+00 0.00000000e+00 0.00000000e+00 0.00000000e+00
 0.00000000e+00 0.00000000e+00 0.00000000e+00 0.00000000e+00
 0.00000000e+00 0.00000000e+00 0.00000000e+00 0.00000000e+00
 0.00000000e+00 0.00000000e+00 0.00000000e+00 0.00000000e+00
 0.00000000e+00 0.00000000e+00 0.00000000e+00 0.00000000e+00
 0.00000000e+00 0.00000000e+00 0.00000000e+00 0.00000000e+00
 0.00000000e+00 0.00000000e+00 0.00000000e+00 0.00000000e+00
 0.00000000e+00 0.00000000e+00 0.00000000e+00 0.00000000e+00
 0.00000000e+00 0.00000000e+00 0.00000000e+00 0.00000000e+00
 0.00000000e+00 0.00000000e+00 0.00000000e+00 0.00000000e+00
 0.00000000e+00 0.00000000e+00 0.00000000e+00 0.00000000e+00
 0.00000000e+00 0.00000000e+00 0.00000000e+00 0.00000000e+00
 0.00000000e+00 0.00000000e+00 0.00000000e+00 0.00000000e+00
 0.00000000e+00 0.00000000e+00 0.00000000e+00 0.00000000e+00
 0.00000000e+00 0.00000000e+00 0.00000000e+00 0.00000000e+00
 0.00000000e+00 0.00000000e+00 0.00000000e+00 0.00000000e+00
 0.00000000e+00 0.00000000e+00 0.00000000e+00 0.00000000e+00
 0.00000000e+00 0.00000000e+00 0.00000000e+00 0.00000000e+00
 0.00000000e+00 0.00000000e+00 0.00000000e+00 0.00000000e+00
 0.00000000e+00 0.00000000e+00 0.00000000e+00 0.00000000e+00
 0.00000000e+00 0.00000000e+00 0.00000000e+00 0.00000000e+00
 0.00000000e+00 0.00000000e+00 0.00000000e+00 0.00000000e+00
 0.00000000e+00 0.00000000e+00 0.00000000e+00 0.00000000e+00
 0.00000000e+00 0.00000000e+00 0.00000000e+00 0.00000000e+00
 0.00000000e+00 0.00000000e+00 0.00000000e+00 0.00000000e+00
 0.00000000e+00 0.00000000e+00 0.00000000e+00 0.00000000e+00
 0.00000000e+00 0.00000000e+00 0.00000000e+00 0.00000000e+00
 0.00000000e+00 0.00000000e+00 0.00000000e+00 0.00000000e+00
 0.00000000e+00 0.00000000e+00 0.00000000e+00 0.00000000e+00
 0.00000000e+00 0.00000000e+00 0.00000000e+00 0.00000000e+00
 0.00000000e+00 0.00000000e+00 0.00000000e+00 0.00000000e+00
 0.00000000e+00 0.00000000e+00 0.00000000e+00 0.00000000e+00
 0.00000000e+00 0.00000000e+00 0.00000000e+00 0.00000000e+00
 0.00000000e+00 0.00000000e+00 0.00000000e+00 0.00000000e+00
 0.00000000e+00 0.00000000e+00 0.00000000e+00 0.00000000e+00
 0.00000000e+00 0.00000000e+00 0.00000000e+00 0.00000000e+00
 0.00000000e+00 0.00000000e+00 0.00000000e+00 0.00000000e+00
 0.00000000e+00 0.00000000e+00 0.00000000e+00 0.00000000e+00
 0.00000000e+00 0.00000000e+00 0.00000000e+00 0.00000000e+00
 0.00000000e+00 0.00000000e+00 0.00000000e+00 0.00000000e+00
 0.00000000e+00 0.00000000e+00 0.00000000e+00 0.00000000e+00
 0.00000000e+00 0.00000000e+00 0.00000000e+00 0.00000000e+00
 0.00000000e+00 0.00000000e+00 0.00000000e+00]
norm_dvd: [0. 0. 0. 0. 0. 0. 0. 0. 0. 0. 0. 0. 0. 0. 0. 0. 0. 0. 0. 0. 0. 0. 0. 0.
 0. 0. 0. 0. 0. 0. 0. 0. 0. 0. 0. 0. 0. 0. 0. 0. 0. 0. 0. 0. 0. 0. 0. 0.
 0. 0. 0. 0. 0. 0. 0. 0. 0. 0. 0. 0. 0. 0. 0. 0. 0. 0. 0. 0. 0. 0. 0. 0.
 0. 0. 0. 0. 0. 0. 0. 0. 0. 0. 0. 0. 0. 0. 0. 0. 0. 0. 0. 0. 0. 0. 0. 0.
 0. 0. 0. 0. 0. 0. 0. 0. 0. 0. 0. 0. 0. 0. 0. 0. 0. 0. 0. 0. 0. 0. 0. 0.
 0. 0. 0. 0. 0. 0. 0. 0. 0. 0. 0. 0. 0. 0. 0. 0. 0. 0. 0. 0. 0. 0. 0. 0.
 0. 0. 0. 0. 0. 0. 0. 0. 0. 0. 0. 0. 0. 0. 0. 0. 0. 0. 0. 0. 0. 0. 0. 0.
 0. 0. 0. 0. 0. 0. 0. 0. 0. 0. 0. 0. 0. 0. 0. 0. 0. 0. 0. 0. 0. 0. 0. 0.
 0. 0. 0. 0. 0. 0. 0. 0. 0. 0. 0. 0. 0. 0. 0. 0. 0. 0. 0. 0. 0. 0. 0. 0.
 0. 0. 0. 0. 0. 0. 0. 0. 0. 0. 0. 0. 0. 0. 0. 0. 0. 0. 0. 0. 0. 0. 0. 0.
 0. 0. 0. 0. 0. 0. 0. 0. 0. 0. 0. 0. 0. 0. 0. 0. 0. 0. 0. 0. 0. 0. 0. 0.
 0. 0. 0. 0. 0. 0. 0. 0. 0. 0. 0. 0. 0. 0. 0. 0. 0. 0. 0. 0. 0. 0. 0. 0.
 0. 0. 0. 0. 0. 0. 0. 0. 0. 0. 0. 0. 0. 0. 0. 0. 0. 0. 0. 0. 0. 0. 0. 0.
 0. 0. 0. 0. 0. 0. 0. 0. 0. 0. 0. 0. 0. 0. 0. 0. 0. 0. 0. 0. 0. 0. 0. 0.
 0. 0. 0. 0. 0. 0. 0. 0. 0. 0. 0. 0. 0. 0. 0. 0. 0. 0. 0. 0. 0. 0. 0. 0.
 0. 0. 0. 0. 0. 0. 0. 0. 0. 0. 0. 0. 0. 0. 0. 0. 0. 0. 0. 0. 0. 0. 0. 0.
 0. 0. 0. 0. 0. 0. 0. 0. 0. 0. 0. 0. 0. 0. 0. 0. 0. 0. 0. 0. 0. 0. 0. 0.
 0. 0. 0. 0. 0. 0. 0. 0. 0. 0. 0. 0. 0. 0. 0. 0. 0. 0. 0. 0. 0. 0. 0. 0.
 0. 0. 0. 0. 0. 0. 0. 0. 0. 0. 0. 0. 0. 0. 0. 0. 0. 0. 0. 0. 0. 0. 0. 0.
 0. 0. 0. 0. 0. 0. 0. 0. 0. 0. 0. 0. 0. 0. 0. 0. 0. 0. 0.]
norm_did: [3.48113601e+04 2.80424884e+04 3.61651484e+04 3.81474847e+04
 4.13135774e+04 4.56649681e+04 4.60109148e+04 5.03155125e+04
 5.26870209e+04 5.49444176e+04 5.71117121e+04 6.06348264e+04
 6.55362676e+04 7.00026144e+04 7.47296952e+04 7.35885202e+04
 7.88364545e+04 8.11116686e+04 8.21225969e+04 8.36233713e+04
 8.48375120e+04 8.58844240e+04 8.70550415e+04 8.80589129e+04
 8.90325001e+04 9.01949476e+04 9.16106266e+04 1.28606175e+05
 7.35913216e+04 9.33691823e+04 9.46507575e+04 9.63535138e+04
 9.75713583e+04 9.98240043e+04 1.01735925e+05 1.03963083e+05
 1.06438907e+05 1.09952494e+05 1.14328381e+05 1.19936894e+05
 1.25582263e+05 1.31801107e+05 1.38597190e+05 1.45328227e+05
 1.53301364e+05 1.66252765e+05 1.81460436e+05 1.97979393e+05
 2.08108866e+05 2.18512916e+05 2.30719093e+05 2.36891891e+05
 2.44269912e+05 3.40811907e+05 1.99899452e+05 2.53845025e+05
 2.58311602e+05 2.63882268e+05 2.74443699e+05 2.85771649e+05
 3.02383239e+05 3.26634120e+05 3.68521542e+05 4.23545585e+05
 4.96705033e+05 6.04753108e+05 7.55083013e+05 8.00675871e+05
 9.88039664e+05 1.08080997e+06 1.22020020e+06 1.38102055e+06
 1.63833108e+06 2.03164891e+06 1.91259761e+06 2.19296089e+06
 2.40347374e+06 2.45548134e+06 2.49802854e+06 2.54136431e+06
 2.56636953e+06 2.60790977e+06 2.65613057e+06 2.73087502e+06
 2.83782791e+06 3.05081939e+06 3.30277163e+06 3.39117767e+06
 3.60216422e+06 3.78792513e+06 3.94025688e+06 4.11408885e+06
 4.39531103e+06 4.72602591e+06 5.19376842e+06 5.72226021e+06
 6.47524225e+06 7.46155976e+06 9.06576838e+06 1.17126170e+07
 1.66642891e+07 2.54240521e+07 4.24090262e+07 7.73207338e+07
 1.61171317e+08 3.95679072e+08 1.38686298e+09 3.21381081e+10
 4.74830477e+09 3.60504532e+09 2.69690099e+09 1.65736131e+09
 9.86695278e+08 7.76938127e+08 6.23005885e+08 5.95652731e+08
 5.95238432e+08 5.94029803e+08 5.91095741e+08 5.85597581e+08
 5.79878594e+08 5.72732645e+08 5.63474814e+08 5.59314997e+08
 5.55076789e+08 5.50344329e+08 5.46137607e+08 5.41476819e+08
 5.38336614e+08 5.35295338e+08 5.31223896e+08 5.29138933e+08
 5.24701890e+08 5.22212698e+08 5.20520721e+08 5.18070903e+08
 5.15631301e+08 5.14361097e+08 5.12370699e+08 5.10823388e+08
 5.08338949e+08 5.05696388e+08 5.05150331e+08 5.04876261e+08
 5.04874281e+08 5.04763751e+08 5.04489843e+08 5.03707168e+08
 5.03062203e+08 5.02354225e+08 5.01639931e+08 5.00580619e+08
 4.99173539e+08 4.95912412e+08 4.92160546e+08 4.88345490e+08
 4.85800573e+08 4.83300004e+08 4.79988029e+08 4.77781128e+08
 4.74140505e+08 4.71172259e+08 4.66230696e+08 4.60580294e+08
 4.52532608e+08 4.41279522e+08 4.34185051e+08 4.28803173e+08
 4.23578283e+08 4.19317130e+08 4.14326183e+08 4.10989330e+08
 4.06714760e+08 4.01729698e+08 3.93368903e+08 3.83514585e+08
 3.82645540e+08 3.81157879e+08 3.77207555e+08 3.75366894e+08
 3.73995066e+08 3.71968881e+08 3.70754523e+08 3.69652002e+08
 3.68290308e+08 3.66945835e+08 3.65262665e+08 3.63697992e+08
 3.61257162e+08 3.53907406e+08 3.49330508e+08 3.47025829e+08
 3.44965224e+08 3.42298996e+08 3.40341447e+08 3.38285603e+08
 3.34574119e+08 3.30796904e+08 3.27460384e+08 3.23346514e+08
 3.21292910e+08 3.20353097e+08 3.19732613e+08 3.19279915e+08
 3.18834753e+08 3.18387003e+08 3.17561408e+08 3.17156568e+08
 3.16573112e+08 3.16122080e+08 3.15442923e+08 3.14515114e+08
 3.12661092e+08 3.10874443e+08 3.08294677e+08 3.06120426e+08
 3.04830927e+08 3.02976818e+08 3.01355629e+08 2.99507368e+08
 2.97826244e+08 2.95220883e+08 2.92057766e+08 2.87875191e+08
 2.82899310e+08 2.76612364e+08 2.70420233e+08 2.63109072e+08
 2.55636840e+08 2.46807387e+08 2.37329211e+08 2.25887553e+08
 2.12480105e+08 1.92382904e+08 1.75625943e+08 1.61415293e+08
 1.48395965e+08 1.40548780e+08 3.43223502e+08 0.00000000e+00
 0.00000000e+00 0.00000000e+00 0.00000000e+00 0.00000000e+00
 0.00000000e+00 0.00000000e+00 0.00000000e+00 0.00000000e+00
 0.00000000e+00 0.00000000e+00 0.00000000e+00 0.00000000e+00
 0.00000000e+00 0.00000000e+00 0.00000000e+00 0.00000000e+00
 0.00000000e+00 0.00000000e+00 0.00000000e+00 0.00000000e+00
 0.00000000e+00 0.00000000e+00 0.00000000e+00 0.00000000e+00
 0.00000000e+00 0.00000000e+00 0.00000000e+00 0.00000000e+00
 0.00000000e+00 0.00000000e+00 0.00000000e+00 0.00000000e+00
 0.00000000e+00 0.00000000e+00 0.00000000e+00 0.00000000e+00
 0.00000000e+00 0.00000000e+00 0.00000000e+00 0.00000000e+00
 0.00000000e+00 0.00000000e+00 0.00000000e+00 0.00000000e+00
 0.00000000e+00 0.00000000e+00 0.00000000e+00 0.00000000e+00
 0.00000000e+00 0.00000000e+00 0.00000000e+00 0.00000000e+00
 0.00000000e+00 0.00000000e+00 0.00000000e+00 0.00000000e+00
 0.00000000e+00 0.00000000e+00 0.00000000e+00 0.00000000e+00
 0.00000000e+00 0.00000000e+00 0.00000000e+00 0.00000000e+00
 0.00000000e+00 0.00000000e+00 0.00000000e+00 0.00000000e+00
 0.00000000e+00 0.00000000e+00 0.00000000e+00 0.00000000e+00
 0.00000000e+00 0.00000000e+00 0.00000000e+00 0.00000000e+00
 0.00000000e+00 0.00000000e+00 0.00000000e+00 0.00000000e+00
 0.00000000e+00 0.00000000e+00 0.00000000e+00 0.00000000e+00
 0.00000000e+00 0.00000000e+00 0.00000000e+00 0.00000000e+00
 0.00000000e+00 0.00000000e+00 0.00000000e+00 0.00000000e+00
 0.00000000e+00 0.00000000e+00 0.00000000e+00 0.00000000e+00
 0.00000000e+00 0.00000000e+00 0.00000000e+00 0.00000000e+00
 0.00000000e+00 0.00000000e+00 0.00000000e+00 0.00000000e+00
 0.00000000e+00 0.00000000e+00 0.00000000e+00 0.00000000e+00
 0.00000000e+00 0.00000000e+00 0.00000000e+00 0.00000000e+00
 0.00000000e+00 0.00000000e+00 0.00000000e+00 0.00000000e+00
 0.00000000e+00 0.00000000e+00 0.00000000e+00 0.00000000e+00
 0.00000000e+00 0.00000000e+00 0.00000000e+00 0.00000000e+00
 0.00000000e+00 0.00000000e+00 0.00000000e+00 0.00000000e+00
 0.00000000e+00 0.00000000e+00 0.00000000e+00 0.00000000e+00
 0.00000000e+00 0.00000000e+00 0.00000000e+00 0.00000000e+00
 0.00000000e+00 0.00000000e+00 0.00000000e+00 0.00000000e+00
 0.00000000e+00 0.00000000e+00 0.00000000e+00 0.00000000e+00
 0.00000000e+00 0.00000000e+00 0.00000000e+00 0.00000000e+00
 0.00000000e+00 0.00000000e+00 0.00000000e+00 0.00000000e+00
 0.00000000e+00 0.00000000e+00 0.00000000e+00 0.00000000e+00
 0.00000000e+00 0.00000000e+00 0.00000000e+00 0.00000000e+00
 0.00000000e+00 0.00000000e+00 0.00000000e+00 0.00000000e+00
 0.00000000e+00 0.00000000e+00 0.00000000e+00 0.00000000e+00
 0.00000000e+00 0.00000000e+00 0.00000000e+00 0.00000000e+00
 0.00000000e+00 0.00000000e+00 0.00000000e+00 0.00000000e+00
 0.00000000e+00 0.00000000e+00 0.00000000e+00 0.00000000e+00
 0.00000000e+00 0.00000000e+00 0.00000000e+00 0.00000000e+00
 0.00000000e+00 0.00000000e+00 0.00000000e+00 0.00000000e+00
 0.00000000e+00 0.00000000e+00 0.00000000e+00 0.00000000e+00
 0.00000000e+00 0.00000000e+00 0.00000000e+00 0.00000000e+00
 0.00000000e+00 0.00000000e+00 0.00000000e+00 0.00000000e+00
 0.00000000e+00 0.00000000e+00 0.00000000e+00 0.00000000e+00
 0.00000000e+00 0.00000000e+00 0.00000000e+00 0.00000000e+00
 0.00000000e+00 0.00000000e+00 0.00000000e+00 0.00000000e+00
 0.00000000e+00 0.00000000e+00 0.00000000e+00 0.00000000e+00
 0.00000000e+00 0.00000000e+00 0.00000000e+00 0.00000000e+00
 0.00000000e+00 0.00000000e+00 0.00000000e+00 0.00000000e+00
 0.00000000e+00 0.00000000e+00 0.00000000e+00 0.00000000e+00
 0.00000000e+00 0.00000000e+00 0.00000000e+00 0.00000000e+00
 0.00000000e+00 0.00000000e+00 0.00000000e+00]
[WARNING]: Quasi-static verification failed
[WARNING]: Max normalized derivatives: dVg/dt=2.50e+11, dVd/dt=0.00e+00, dId/dt=3.21e+10

  ngspice: ✓ PASS  (107.9s)

✓ Benchmark completed: /home/duhaochen/website-trial-v1/data/spice-model-benchmark/baecca2ae244bb5187c42882f1c7c081/ngspice
