$ /usr/bin/time -v -o /home/duhaochen/website-trial-v1/data/spice-model-benchmark/b0c9102f84eb45f899b437a83e4c9eb2/hspice/resource.txt /usr/bin/python -m spice_model_benchmark.cli /home/duhaochen/pipeline_full_collection/benchmark-inputs/b0c9102f84eb45f899b437a83e4c9eb2/hspice.lib --simulator hspice --modes dc transient ac noise --output-dir /home/duhaochen/website-trial-v1/data/spice-model-benchmark/b0c9102f84eb45f899b437a83e4c9eb2 --dpi 120 --log-level WARNING
SPICE Model Benchmark: /home/duhaochen/pipeline_full_collection/benchmark-inputs/b0c9102f84eb45f899b437a83e4c9eb2/hspice.lib
Simulators: hspice
Modes: dc, transient, ac, noise
------------------------------------------------------------

============================================================
  Running: HSPICE
  Output:  /home/duhaochen/website-trial-v1/data/spice-model-benchmark/b0c9102f84eb45f899b437a83e4c9eb2/hspice
============================================================
Vgs range: 0.000V to 1.200V
Ids range: -4.847e-03A to 2.330e-07A
Selected Vgs values: [0.  0.2 0.4 0.6 0.8 1.  1.2]
Vgs=0.000V: Ids range -2.238e-08A to -3.288e-11A
Vgs=0.200V: Ids range -6.216e-07A to 2.130e-12A
Vgs=0.400V: Ids range -2.062e-05A to 1.193e-10A
Vgs=0.600V: Ids range -3.909e-04A to 2.155e-09A
Vgs=0.800V: Ids range -1.378e-03A to 1.354e-08A
Vgs=1.000V: Ids range -2.889e-03A to 6.099e-08A
Vgs=1.200V: Ids range -4.847e-03A to 2.330e-07A
ids_variation: 10.634817464478024
ids_variation <= max_variation: False
tc: 21108.61126491308
abs(tc) <= max_tc: False
[WARNING]: Temperature effects verification failed - effects outside expected range
/home/duhaochen/spice_model_benchmark/src/spice_model_benchmark/verification_manager.py:2706: RuntimeWarning: divide by zero encountered in divide
  norm_dvg = np.abs(dvg_dt / gate_voltage[:-1])
/home/duhaochen/spice_model_benchmark/src/spice_model_benchmark/verification_manager.py:2706: RuntimeWarning: invalid value encountered in divide
  norm_dvg = np.abs(dvg_dt / gate_voltage[:-1])
norm_dvg: [1.00000000e+10 5.00000000e+09 3.33333333e+09 ... 0.00000000e+00
 0.00000000e+00 0.00000000e+00]
norm_dvd: [0. 0. 0. ... 0. 0. 0.]
norm_did: [2041043.27515153  658857.07514178 2479701.44760666 ...       0.
       0.               0.        ]
[WARNING]: Quasi-static verification failed
[WARNING]: Max normalized derivatives: dVg/dt=nan, dVd/dt=0.00e+00, dId/dt=9.53e+12
/home/duhaochen/spice_model_benchmark/src/spice_model_benchmark/plot_generator.py:336: UserWarning: Attempting to set identical low and high ylims makes transformation singular; automatically expanding.
  plt.ylim(0, max_cap*1.2)  # Add 20% margin to ensure all components are visible
[INFO]: S-parameter analysis plot saved to /home/duhaochen/website-trial-v1/data/spice-model-benchmark/b0c9102f84eb45f899b437a83e4c9eb2/hspice/plots/ac_cv_sparameter_analysis.png
[INFO]: S-parameter analysis plot saved to /home/duhaochen/website-trial-v1/data/spice-model-benchmark/b0c9102f84eb45f899b437a83e4c9eb2/hspice/plots/ac_cv_sparameter_analysis.png
[INFO]: NQS effects plot saved to /home/duhaochen/website-trial-v1/data/spice-model-benchmark/b0c9102f84eb45f899b437a83e4c9eb2/hspice/plots/ac_cv_nqs_effects.png
[WARNING]: Cannot compute correlation: constant data detected

  hspice: ✓ PASS  (202.8s)

✓ Benchmark completed: /home/duhaochen/website-trial-v1/data/spice-model-benchmark/b0c9102f84eb45f899b437a83e4c9eb2/hspice
