
6. Printing statistics.

=== adder_top ===

        +----------Local Count, excluding submodules.
        |        +-Local Area, excluding submodules.
        |        | 
       80        - wires
      125        - wire bits
        5        - public wires
       50        - public wire bits
        5        - ports
       50        - port bits
       92 1.74E+03 cells
        7  122.931   gf180mcu_fd_sc_mcu7t5v0__and2_1
        1   21.952   gf180mcu_fd_sc_mcu7t5v0__and3_1
        1   21.952   gf180mcu_fd_sc_mcu7t5v0__aoi211_1
        6   105.37   gf180mcu_fd_sc_mcu7t5v0__aoi21_1
        3   72.442   gf180mcu_fd_sc_mcu7t5v0__aoi221_1
        6   52.685   gf180mcu_fd_sc_mcu7t5v0__clkinv_1
       13  142.688   gf180mcu_fd_sc_mcu7t5v0__nand2_1
        1   15.366   gf180mcu_fd_sc_mcu7t5v0__nand3_1
        2   39.514   gf180mcu_fd_sc_mcu7t5v0__nand4_1
       12  158.054   gf180mcu_fd_sc_mcu7t5v0__nor2_1
        1   17.562   gf180mcu_fd_sc_mcu7t5v0__nor3_1
        2   43.904   gf180mcu_fd_sc_mcu7t5v0__oai211_1
        8  140.493   gf180mcu_fd_sc_mcu7t5v0__oai21_1
        2   35.123   gf180mcu_fd_sc_mcu7t5v0__or2_1
        8  228.301   gf180mcu_fd_sc_mcu7t5v0__xnor2_1
       18  474.163   gf180mcu_fd_sc_mcu7t5v0__xor2_1
        1    50.49   gf180mcu_fd_sc_mcu7t5v0__xor3_1

   Chip area for module '\adder_top': 1742.988800
     of which used for sequential elements: 0.000000 (0.00%)

