$ /usr/bin/timeout --kill-after=10 300 /usr/bin/python -m spice_model_benchmark.cli /home/duhaochen/website-trial-v1/data/spice-benchmark/c4396c03f72fcd9a61798f74dbbee6da/model.lib --simulator hspice --modes dc transient ac noise --output-dir /home/duhaochen/website-trial-v1/data/spice-benchmark/c4396c03f72fcd9a61798f74dbbee6da --dpi 150 --log-level WARNING
SPICE Model Benchmark: /home/duhaochen/website-trial-v1/data/spice-benchmark/c4396c03f72fcd9a61798f74dbbee6da/model.lib
Simulators: hspice
Modes: dc, transient, ac, noise
------------------------------------------------------------

============================================================
  Running: HSPICE
  Output:  /home/duhaochen/website-trial-v1/data/spice-benchmark/c4396c03f72fcd9a61798f74dbbee6da/hspice
============================================================
[ERROR]: HSPICE failed rc=1
[WARNING]: HSPICE DC returned non-zero but data may still be usable
[ERROR]: HSPICE failed rc=1
[ERROR]: HSPICE failed rc=1
[ERROR]: HSPICE failed rc=1
[ERROR]: HSPICE failed rc=1
[ERROR]: HSPICE failed rc=1
[ERROR]: HSPICE failed rc=1
[ERROR]: HSPICE failed rc=1
[ERROR]: HSPICE failed rc=1
[ERROR]: HSPICE failed rc=1
[ERROR]: HSPICE failed rc=1
[ERROR]: HSPICE failed rc=1
[ERROR]: HSPICE failed rc=1
[ERROR]: HSPICE failed rc=1
[ERROR]: HSPICE failed rc=1
[ERROR]: HSPICE failed rc=1
[ERROR]: HSPICE failed rc=1
[ERROR]: HSPICE failed rc=1
[ERROR]: HSPICE failed rc=1
[ERROR]: HSPICE failed rc=1
[ERROR]: HSPICE failed rc=1
[ERROR]: HSPICE failed rc=1
[ERROR]: HSPICE failed rc=1
[WARNING]: IV data file not found: iv_data_-40.txt
[ERROR]: Error parsing data file None: stat: path should be string, bytes, os.PathLike or integer, not NoneType
[WARNING]: IV data file not found: iv_data_0.txt
[ERROR]: Error parsing data file None: stat: path should be string, bytes, os.PathLike or integer, not NoneType
[WARNING]: IV data file not found: iv_data_25.txt
[ERROR]: Error parsing data file None: stat: path should be string, bytes, os.PathLike or integer, not NoneType
[WARNING]: IV data file not found: iv_data_50.txt
[ERROR]: Error parsing data file None: stat: path should be string, bytes, os.PathLike or integer, not NoneType
[WARNING]: IV data file not found: iv_data_100.txt
[ERROR]: Error parsing data file None: stat: path should be string, bytes, os.PathLike or integer, not NoneType
[WARNING]: IV data file not found: iv_data_150.txt
[ERROR]: Error parsing data file None: stat: path should be string, bytes, os.PathLike or integer, not NoneType
[ERROR]: No valid data found in any IV data file
[WARNING]: Temperature data file not found: iv_data_-40.txt
[ERROR]: Error parsing data file None: stat: path should be string, bytes, os.PathLike or integer, not NoneType
[WARNING]: Temperature data file not found: iv_data_0.txt
[ERROR]: Error parsing data file None: stat: path should be string, bytes, os.PathLike or integer, not NoneType
[WARNING]: Temperature data file not found: iv_data_25.txt
[ERROR]: Error parsing data file None: stat: path should be string, bytes, os.PathLike or integer, not NoneType
[WARNING]: Temperature data file not found: iv_data_50.txt
[ERROR]: Error parsing data file None: stat: path should be string, bytes, os.PathLike or integer, not NoneType
[WARNING]: Temperature data file not found: iv_data_100.txt
[ERROR]: Error parsing data file None: stat: path should be string, bytes, os.PathLike or integer, not NoneType
[WARNING]: Temperature data file not found: iv_data_150.txt
[ERROR]: Error parsing data file None: stat: path should be string, bytes, os.PathLike or integer, not NoneType
[ERROR]: No valid temperature data found
[WARNING]: Large signal transient data file not found in any location
/home/duhaochen/spice_model_benchmark/src/spice_model_benchmark/data_reader.py:137: UserWarning: loadtxt: input contained no data: "/home/duhaochen/website-trial-v1/data/spice-benchmark/c4396c03f72fcd9a61798f74dbbee6da/hspice/data/tran_switching.txt"
  data = np.loadtxt(file_path, skiprows=skiprows)
[WARNING]: Data file /home/duhaochen/website-trial-v1/data/spice-benchmark/c4396c03f72fcd9a61798f74dbbee6da/hspice/data/tran_switching.txt has incorrect format. Expected at least 5 columns.
[WARNING]: No switching response data found in file
/home/duhaochen/spice_model_benchmark/src/spice_model_benchmark/data_reader.py:137: UserWarning: loadtxt: input contained no data: "/home/duhaochen/website-trial-v1/data/spice-benchmark/c4396c03f72fcd9a61798f74dbbee6da/hspice/data/tran_delay.txt"
  data = np.loadtxt(file_path, skiprows=skiprows)
[WARNING]: Data file /home/duhaochen/website-trial-v1/data/spice-benchmark/c4396c03f72fcd9a61798f74dbbee6da/hspice/data/tran_delay.txt has incorrect format. Expected at least 6 columns.
[WARNING]: No delay effect data found in file
/home/duhaochen/spice_model_benchmark/src/spice_model_benchmark/data_reader.py:137: UserWarning: loadtxt: input contained no data: "/home/duhaochen/website-trial-v1/data/spice-benchmark/c4396c03f72fcd9a61798f74dbbee6da/hspice/data/tran_power_27C.txt"
  data = np.loadtxt(file_path, skiprows=skiprows)
[WARNING]: Data file /home/duhaochen/website-trial-v1/data/spice-benchmark/c4396c03f72fcd9a61798f74dbbee6da/hspice/data/tran_power_27C.txt has incorrect format. Expected at least 5 columns.
[WARNING]: No power dissipation data at 27°C found in file
/home/duhaochen/spice_model_benchmark/src/spice_model_benchmark/data_reader.py:137: UserWarning: loadtxt: input contained no data: "/home/duhaochen/website-trial-v1/data/spice-benchmark/c4396c03f72fcd9a61798f74dbbee6da/hspice/data/tran_power_100C.txt"
  data = np.loadtxt(file_path, skiprows=skiprows)
[WARNING]: Data file /home/duhaochen/website-trial-v1/data/spice-benchmark/c4396c03f72fcd9a61798f74dbbee6da/hspice/data/tran_power_100C.txt has incorrect format. Expected at least 5 columns.
[WARNING]: No power dissipation data at 100°C found in file
[WARNING]: Quasi-static data file not found in any location
[ERROR]: Failed to parse ngspice raw format: Could not find data section in ngspice raw file
[WARNING]: S-parameter data file not found
[WARNING]: NQS effects data file not found
[WARNING]: Thermal noise data file not found for Vgs=0.6V, Vds=0.6V

  hspice: ✓ PASS  (151.3s)

✓ Benchmark completed: /home/duhaochen/website-trial-v1/data/spice-benchmark/c4396c03f72fcd9a61798f74dbbee6da/hspice
