
6. Printing statistics.

=== adder_top ===

        +----------Local Count, excluding submodules.
        |        +-Local Area, excluding submodules.
        |        | 
      184        - wires
      277        - wire bits
        5        - public wires
       98        - public wire bits
        5        - ports
       98        - port bits
      212  661.244 cells
       15   35.197   AND2X1
       21   59.132   AOI21X1
        1    3.285   AOI22X1
       12   16.895   INVX1
       40   75.088   NAND2X1
       13   30.504   NAND3X1
       11   25.811   NOR2X1
        6   16.895   NOR3X1
        9   25.342   OAI21X1
        9   21.118   OR2X1
       37  173.641   XNOR2X1
       38  178.334   XOR2X1

   Chip area for module '\adder_top': 661.243700
     of which used for sequential elements: 0.000000 (0.00%)

