OpenSTA 3.1.0 543361765b Copyright (c) 2026, Parallax Software, Inc.
License GPLv3: GNU GPL version 3 <http://gnu.org/licenses/gpl.html>

This is free software, and you are free to change and redistribute it
under certain conditions; type `show_copying' for details. 
This program comes with ABSOLUTELY NO WARRANTY; for details type `show_warranty'.
Startpoint: b[2] (input port clocked by vclk)
Endpoint: sum[31] (output port clocked by vclk)
Path Group: vclk
Path Type: max

        Cap        Slew       Delay        Time   Description
---------------------------------------------------------------------------------------
               0.000000    0.000000    0.000000   clock vclk (rise edge)
                           0.000000    0.000000   clock network delay (ideal)
                           0.000000    0.000000 ^ input external delay
   0.008314    0.050000    0.000000    0.000000 ^ b[2] (in)
               0.050000    0.000000    0.000000 ^ _276_/B (XNOR2X1)
   0.008022    0.065618    0.071669    0.071669 ^ _276_/Y (XNOR2X1)
               0.065618    0.000000    0.071669 ^ _280_/A (NOR3X1)
   0.002312    0.028292    0.049069    0.120739 v _280_/Y (NOR3X1)
               0.028292    0.000000    0.120739 v _281_/C (AOI21X1)
   0.007743    0.053956    0.038780    0.159519 ^ _281_/Y (AOI21X1)
               0.053956    0.000000    0.159519 ^ _285_/A (XNOR2X1)
   0.007562    0.031466    0.043359    0.202878 v _285_/Y (XNOR2X1)
               0.031466    0.000000    0.202878 v _293_/A (AOI21X1)
   0.010702    0.067856    0.068904    0.271781 ^ _293_/Y (AOI21X1)
               0.067856    0.000000    0.271781 ^ _296_/B (NOR3X1)
   0.009856    0.046983    0.057004    0.328785 v _296_/Y (NOR3X1)
               0.046983    0.000000    0.328785 v _298_/C (NAND3X1)
   0.004852    0.048641    0.047427    0.376212 ^ _298_/Y (NAND3X1)
               0.048641    0.000000    0.376212 ^ _303_/A (AOI21X1)
   0.009856    0.035375    0.038551    0.414763 v _303_/Y (AOI21X1)
               0.035375    0.000000    0.414763 v _305_/C (NAND3X1)
   0.010713    0.076148    0.062516    0.477280 ^ _305_/Y (NAND3X1)
               0.076148    0.000000    0.477280 ^ _307_/B (OAI21X1)
   0.009468    0.021990    0.042595    0.519875 v _307_/Y (OAI21X1)
               0.021990    0.000000    0.519875 v _311_/B (NAND3X1)
   0.011319    0.079417    0.064175    0.584049 ^ _311_/Y (NAND3X1)
               0.079417    0.000000    0.584049 ^ _313_/C (NOR3X1)
   0.004781    0.032527    0.043096    0.627145 v _313_/Y (NOR3X1)
               0.032527    0.000000    0.627145 v _319_/A (OAI21X1)
   0.010031    0.077025    0.072167    0.699312 ^ _319_/Y (OAI21X1)
               0.077025    0.000000    0.699312 ^ _321_/C (NOR3X1)
   0.007759    0.044292    0.048605    0.747917 v _321_/Y (NOR3X1)
               0.044292    0.000000    0.747917 v _323_/B (AOI21X1)
   0.010702    0.067856    0.066701    0.814618 ^ _323_/Y (AOI21X1)
               0.067856    0.000000    0.814618 ^ _327_/B (NOR3X1)
   0.009780    0.047073    0.056844    0.871462 v _327_/Y (NOR3X1)
               0.047073    0.000000    0.871462 v _329_/C (NAND3X1)
   0.004852    0.049312    0.047450    0.918911 ^ _329_/Y (NAND3X1)
               0.049312    0.000000    0.918911 ^ _333_/A (AOI21X1)
   0.007088    0.028569    0.033758    0.952669 v _333_/Y (AOI21X1)
               0.028569    0.000000    0.952669 v _335_/C (NAND3X1)
   0.008498    0.065894    0.053931    1.006600 ^ _335_/Y (NAND3X1)
               0.065894    0.000000    1.006600 ^ _338_/B (OAI21X1)
   0.009481    0.026769    0.040393    1.046993 v _338_/Y (OAI21X1)
               0.026769    0.000000    1.046993 v _341_/B (NAND3X1)
   0.007515    0.061429    0.053901    1.100894 ^ _341_/Y (NAND3X1)
               0.061429    0.000000    1.100894 ^ _342_/B (OR2X1)
   0.007293    0.041862    0.067444    1.168338 ^ _342_/Y (OR2X1)
               0.041862    0.000000    1.168338 ^ _381_/A (XNOR2X1)
   0.010000    0.075639    0.063960    1.232298 ^ _381_/Y (XNOR2X1)
               0.075639    0.000000    1.232298 ^ sum[31] (out)
                                       1.232298   data arrival time

               0.000000  100.000000  100.000000   clock vclk (rise edge)
                           0.000000  100.000000   clock network delay (ideal)
                           0.000000  100.000000   clock reconvergence pessimism
                           0.000000  100.000000   output external delay
                                     100.000000   data required time
---------------------------------------------------------------------------------------
                                     100.000000   data required time
                                      -1.232298   data arrival time
---------------------------------------------------------------------------------------
                                      98.767693   slack (MET)


Startpoint: b[2] (input port clocked by vclk)
Endpoint: sum[30] (output port clocked by vclk)
Path Group: vclk
Path Type: max

        Cap        Slew       Delay        Time   Description
---------------------------------------------------------------------------------------
               0.000000    0.000000    0.000000   clock vclk (rise edge)
                           0.000000    0.000000   clock network delay (ideal)
                           0.000000    0.000000 ^ input external delay
   0.008314    0.050000    0.000000    0.000000 ^ b[2] (in)
               0.050000    0.000000    0.000000 ^ _276_/B (XNOR2X1)
   0.008022    0.065618    0.071669    0.071669 ^ _276_/Y (XNOR2X1)
               0.065618    0.000000    0.071669 ^ _280_/A (NOR3X1)
   0.002312    0.028292    0.049069    0.120739 v _280_/Y (NOR3X1)
               0.028292    0.000000    0.120739 v _281_/C (AOI21X1)
   0.007743    0.053956    0.038780    0.159519 ^ _281_/Y (AOI21X1)
               0.053956    0.000000    0.159519 ^ _285_/A (XNOR2X1)
   0.007562    0.031466    0.043359    0.202878 v _285_/Y (XNOR2X1)
               0.031466    0.000000    0.202878 v _293_/A (AOI21X1)
   0.010702    0.067856    0.068904    0.271781 ^ _293_/Y (AOI21X1)
               0.067856    0.000000    0.271781 ^ _296_/B (NOR3X1)
   0.009856    0.046983    0.057004    0.328785 v _296_/Y (NOR3X1)
               0.046983    0.000000    0.328785 v _298_/C (NAND3X1)
   0.004852    0.048641    0.047427    0.376212 ^ _298_/Y (NAND3X1)
               0.048641    0.000000    0.376212 ^ _303_/A (AOI21X1)
   0.009856    0.035375    0.038551    0.414763 v _303_/Y (AOI21X1)
               0.035375    0.000000    0.414763 v _305_/C (NAND3X1)
   0.010713    0.076148    0.062516    0.477280 ^ _305_/Y (NAND3X1)
               0.076148    0.000000    0.477280 ^ _307_/B (OAI21X1)
   0.009468    0.021990    0.042595    0.519875 v _307_/Y (OAI21X1)
               0.021990    0.000000    0.519875 v _311_/B (NAND3X1)
   0.011319    0.079417    0.064175    0.584049 ^ _311_/Y (NAND3X1)
               0.079417    0.000000    0.584049 ^ _313_/C (NOR3X1)
   0.004781    0.032527    0.043096    0.627145 v _313_/Y (NOR3X1)
               0.032527    0.000000    0.627145 v _319_/A (OAI21X1)
   0.010031    0.077025    0.072167    0.699312 ^ _319_/Y (OAI21X1)
               0.077025    0.000000    0.699312 ^ _321_/C (NOR3X1)
   0.007759    0.044292    0.048605    0.747917 v _321_/Y (NOR3X1)
               0.044292    0.000000    0.747917 v _323_/B (AOI21X1)
   0.010702    0.067856    0.066701    0.814618 ^ _323_/Y (AOI21X1)
               0.067856    0.000000    0.814618 ^ _327_/B (NOR3X1)
   0.009780    0.047073    0.056844    0.871462 v _327_/Y (NOR3X1)
               0.047073    0.000000    0.871462 v _329_/C (NAND3X1)
   0.004852    0.049312    0.047450    0.918911 ^ _329_/Y (NAND3X1)
               0.049312    0.000000    0.918911 ^ _333_/A (AOI21X1)
   0.007088    0.028569    0.033758    0.952669 v _333_/Y (AOI21X1)
               0.028569    0.000000    0.952669 v _335_/C (NAND3X1)
   0.008498    0.065894    0.053931    1.006600 ^ _335_/Y (NAND3X1)
               0.065894    0.000000    1.006600 ^ _338_/B (OAI21X1)
   0.009481    0.026769    0.040393    1.046993 v _338_/Y (OAI21X1)
               0.026769    0.000000    1.046993 v _341_/B (NAND3X1)
   0.007515    0.061429    0.053901    1.100894 ^ _341_/Y (NAND3X1)
               0.061429    0.000000    1.100894 ^ _342_/B (OR2X1)
   0.007293    0.041862    0.067444    1.168338 ^ _342_/Y (OR2X1)
               0.041862    0.000000    1.168338 ^ _344_/A (AND2X1)
   0.010000    0.067606    0.054483    1.222821 ^ _344_/Y (AND2X1)
               0.067606    0.000000    1.222821 ^ sum[30] (out)
                                       1.222821   data arrival time

               0.000000  100.000000  100.000000   clock vclk (rise edge)
                           0.000000  100.000000   clock network delay (ideal)
                           0.000000  100.000000   clock reconvergence pessimism
                           0.000000  100.000000   output external delay
                                     100.000000   data required time
---------------------------------------------------------------------------------------
                                     100.000000   data required time
                                      -1.222821   data arrival time
---------------------------------------------------------------------------------------
                                      98.777176   slack (MET)


Startpoint: b[2] (input port clocked by vclk)
Endpoint: cout (output port clocked by vclk)
Path Group: vclk
Path Type: max

        Cap        Slew       Delay        Time   Description
---------------------------------------------------------------------------------------
               0.000000    0.000000    0.000000   clock vclk (rise edge)
                           0.000000    0.000000   clock network delay (ideal)
                           0.000000    0.000000 ^ input external delay
   0.008314    0.050000    0.000000    0.000000 ^ b[2] (in)
               0.050000    0.000000    0.000000 ^ _276_/B (XNOR2X1)
   0.008022    0.065618    0.071669    0.071669 ^ _276_/Y (XNOR2X1)
               0.065618    0.000000    0.071669 ^ _280_/A (NOR3X1)
   0.002312    0.028292    0.049069    0.120739 v _280_/Y (NOR3X1)
               0.028292    0.000000    0.120739 v _281_/C (AOI21X1)
   0.007743    0.053956    0.038780    0.159519 ^ _281_/Y (AOI21X1)
               0.053956    0.000000    0.159519 ^ _285_/A (XNOR2X1)
   0.007562    0.031466    0.043359    0.202878 v _285_/Y (XNOR2X1)
               0.031466    0.000000    0.202878 v _293_/A (AOI21X1)
   0.010702    0.067856    0.068904    0.271781 ^ _293_/Y (AOI21X1)
               0.067856    0.000000    0.271781 ^ _296_/B (NOR3X1)
   0.009856    0.046983    0.057004    0.328785 v _296_/Y (NOR3X1)
               0.046983    0.000000    0.328785 v _298_/C (NAND3X1)
   0.004852    0.048641    0.047427    0.376212 ^ _298_/Y (NAND3X1)
               0.048641    0.000000    0.376212 ^ _303_/A (AOI21X1)
   0.009856    0.035375    0.038551    0.414763 v _303_/Y (AOI21X1)
               0.035375    0.000000    0.414763 v _305_/C (NAND3X1)
   0.010713    0.076148    0.062516    0.477280 ^ _305_/Y (NAND3X1)
               0.076148    0.000000    0.477280 ^ _307_/B (OAI21X1)
   0.009468    0.021990    0.042595    0.519875 v _307_/Y (OAI21X1)
               0.021990    0.000000    0.519875 v _311_/B (NAND3X1)
   0.011319    0.079417    0.064175    0.584049 ^ _311_/Y (NAND3X1)
               0.079417    0.000000    0.584049 ^ _313_/C (NOR3X1)
   0.004781    0.032527    0.043096    0.627145 v _313_/Y (NOR3X1)
               0.032527    0.000000    0.627145 v _319_/A (OAI21X1)
   0.010031    0.077025    0.072167    0.699312 ^ _319_/Y (OAI21X1)
               0.077025    0.000000    0.699312 ^ _321_/C (NOR3X1)
   0.007759    0.044292    0.048605    0.747917 v _321_/Y (NOR3X1)
               0.044292    0.000000    0.747917 v _323_/B (AOI21X1)
   0.010702    0.067856    0.066701    0.814618 ^ _323_/Y (AOI21X1)
               0.067856    0.000000    0.814618 ^ _327_/B (NOR3X1)
   0.009780    0.047073    0.056844    0.871462 v _327_/Y (NOR3X1)
               0.047073    0.000000    0.871462 v _329_/C (NAND3X1)
   0.004852    0.049312    0.047450    0.918911 ^ _329_/Y (NAND3X1)
               0.049312    0.000000    0.918911 ^ _333_/A (AOI21X1)
   0.007088    0.028569    0.033758    0.952669 v _333_/Y (AOI21X1)
               0.028569    0.000000    0.952669 v _335_/C (NAND3X1)
   0.008498    0.065894    0.053931    1.006600 ^ _335_/Y (NAND3X1)
               0.065894    0.000000    1.006600 ^ _338_/B (OAI21X1)
   0.009481    0.026769    0.040393    1.046993 v _338_/Y (OAI21X1)
               0.026769    0.000000    1.046993 v _341_/B (NAND3X1)
   0.007515    0.061429    0.053901    1.100894 ^ _341_/Y (NAND3X1)
               0.061429    0.000000    1.100894 ^ _380_/B (NOR3X1)
   0.002313    0.028430    0.039398    1.140292 v _380_/Y (NOR3X1)
               0.028430    0.000000    1.140292 v _386_/A (OR2X1)
   0.010000    0.034854    0.057300    1.197592 v _386_/Y (OR2X1)
               0.034854    0.000000    1.197592 v cout (out)
                                       1.197592   data arrival time

               0.000000  100.000000  100.000000   clock vclk (rise edge)
                           0.000000  100.000000   clock network delay (ideal)
                           0.000000  100.000000   clock reconvergence pessimism
                           0.000000  100.000000   output external delay
                                     100.000000   data required time
---------------------------------------------------------------------------------------
                                     100.000000   data required time
                                      -1.197592   data arrival time
---------------------------------------------------------------------------------------
                                      98.802406   slack (MET)


Startpoint: b[2] (input port clocked by vclk)
Endpoint: sum[29] (output port clocked by vclk)
Path Group: vclk
Path Type: max

        Cap        Slew       Delay        Time   Description
---------------------------------------------------------------------------------------
               0.000000    0.000000    0.000000   clock vclk (rise edge)
                           0.000000    0.000000   clock network delay (ideal)
                           0.000000    0.000000 ^ input external delay
   0.008314    0.050000    0.000000    0.000000 ^ b[2] (in)
               0.050000    0.000000    0.000000 ^ _276_/B (XNOR2X1)
   0.008022    0.065618    0.071669    0.071669 ^ _276_/Y (XNOR2X1)
               0.065618    0.000000    0.071669 ^ _280_/A (NOR3X1)
   0.002312    0.028292    0.049069    0.120739 v _280_/Y (NOR3X1)
               0.028292    0.000000    0.120739 v _281_/C (AOI21X1)
   0.007743    0.053956    0.038780    0.159519 ^ _281_/Y (AOI21X1)
               0.053956    0.000000    0.159519 ^ _285_/A (XNOR2X1)
   0.007562    0.031466    0.043359    0.202878 v _285_/Y (XNOR2X1)
               0.031466    0.000000    0.202878 v _293_/A (AOI21X1)
   0.010702    0.067856    0.068904    0.271781 ^ _293_/Y (AOI21X1)
               0.067856    0.000000    0.271781 ^ _296_/B (NOR3X1)
   0.009856    0.046983    0.057004    0.328785 v _296_/Y (NOR3X1)
               0.046983    0.000000    0.328785 v _298_/C (NAND3X1)
   0.004852    0.048641    0.047427    0.376212 ^ _298_/Y (NAND3X1)
               0.048641    0.000000    0.376212 ^ _303_/A (AOI21X1)
   0.009856    0.035375    0.038551    0.414763 v _303_/Y (AOI21X1)
               0.035375    0.000000    0.414763 v _305_/C (NAND3X1)
   0.010713    0.076148    0.062516    0.477280 ^ _305_/Y (NAND3X1)
               0.076148    0.000000    0.477280 ^ _307_/B (OAI21X1)
   0.009468    0.021990    0.042595    0.519875 v _307_/Y (OAI21X1)
               0.021990    0.000000    0.519875 v _311_/B (NAND3X1)
   0.011319    0.079417    0.064175    0.584049 ^ _311_/Y (NAND3X1)
               0.079417    0.000000    0.584049 ^ _313_/C (NOR3X1)
   0.004781    0.032527    0.043096    0.627145 v _313_/Y (NOR3X1)
               0.032527    0.000000    0.627145 v _319_/A (OAI21X1)
   0.010031    0.077025    0.072167    0.699312 ^ _319_/Y (OAI21X1)
               0.077025    0.000000    0.699312 ^ _321_/C (NOR3X1)
   0.007759    0.044292    0.048605    0.747917 v _321_/Y (NOR3X1)
               0.044292    0.000000    0.747917 v _323_/B (AOI21X1)
   0.010702    0.067856    0.066701    0.814618 ^ _323_/Y (AOI21X1)
               0.067856    0.000000    0.814618 ^ _327_/B (NOR3X1)
   0.009780    0.047073    0.056844    0.871462 v _327_/Y (NOR3X1)
               0.047073    0.000000    0.871462 v _329_/C (NAND3X1)
   0.004852    0.049312    0.047450    0.918911 ^ _329_/Y (NAND3X1)
               0.049312    0.000000    0.918911 ^ _333_/A (AOI21X1)
   0.007088    0.028569    0.033758    0.952669 v _333_/Y (AOI21X1)
               0.028569    0.000000    0.952669 v _335_/C (NAND3X1)
   0.008498    0.065894    0.053931    1.006600 ^ _335_/Y (NAND3X1)
               0.065894    0.000000    1.006600 ^ _338_/B (OAI21X1)
   0.009481    0.026769    0.040393    1.046993 v _338_/Y (OAI21X1)
               0.026769    0.000000    1.046993 v _340_/A (NAND2X1)
   0.005589    0.049079    0.041924    1.088917 ^ _340_/Y (NAND2X1)
               0.049079    0.000000    1.088917 ^ _345_/B (XNOR2X1)
   0.010000    0.075799    0.078007    1.166924 ^ _345_/Y (XNOR2X1)
               0.075799    0.000000    1.166924 ^ sum[29] (out)
                                       1.166924   data arrival time

               0.000000  100.000000  100.000000   clock vclk (rise edge)
                           0.000000  100.000000   clock network delay (ideal)
                           0.000000  100.000000   clock reconvergence pessimism
                           0.000000  100.000000   output external delay
                                     100.000000   data required time
---------------------------------------------------------------------------------------
                                     100.000000   data required time
                                      -1.166924   data arrival time
---------------------------------------------------------------------------------------
                                      98.833069   slack (MET)


Startpoint: b[0] (input port clocked by vclk)
Endpoint: sum[28] (output port clocked by vclk)
Path Group: vclk
Path Type: max

        Cap        Slew       Delay        Time   Description
---------------------------------------------------------------------------------------
               0.000000    0.000000    0.000000   clock vclk (rise edge)
                           0.000000    0.000000   clock network delay (ideal)
                           0.000000    0.000000 ^ input external delay
   0.011297    0.050000    0.000000    0.000000 ^ b[0] (in)
               0.050000    0.000000    0.000000 ^ _288_/B (XOR2X1)
   0.008009    0.069039    0.071620    0.071620 ^ _288_/Y (XOR2X1)
               0.069039    0.000000    0.071620 ^ _289_/B (AND2X1)
   0.004729    0.038688    0.046052    0.117672 ^ _289_/Y (AND2X1)
               0.038688    0.000000    0.117672 ^ _290_/B (AND2X1)
   0.008009    0.057643    0.058400    0.176072 ^ _290_/Y (AND2X1)
               0.057643    0.000000    0.176072 ^ _291_/B (AND2X1)
   0.008390    0.057397    0.058204    0.234276 ^ _291_/Y (AND2X1)
               0.057397    0.000000    0.234276 ^ _293_/B (AOI21X1)
   0.010272    0.036169    0.049484    0.283760 v _293_/Y (AOI21X1)
               0.036169    0.000000    0.283760 v _296_/B (NOR3X1)
   0.010655    0.091959    0.072526    0.356286 ^ _296_/Y (NOR3X1)
               0.091959    0.000000    0.356286 ^ _298_/C (NAND3X1)
   0.004450    0.019838    0.033009    0.389296 v _298_/Y (NAND3X1)
               0.019838    0.000000    0.389296 v _303_/A (AOI21X1)
   0.010655    0.067461    0.065729    0.455025 ^ _303_/Y (AOI21X1)
               0.067461    0.000000    0.455025 ^ _305_/C (NAND3X1)
   0.009508    0.031520    0.035756    0.490781 v _305_/Y (NAND3X1)
               0.031520    0.000000    0.490781 v _307_/B (OAI21X1)
   0.010520    0.081424    0.071105    0.561886 ^ _307_/Y (OAI21X1)
               0.081424    0.000000    0.561886 ^ _311_/B (NAND3X1)
   0.010603    0.033906    0.043743    0.605629 v _311_/Y (NAND3X1)
               0.033906    0.000000    0.605629 v _313_/C (NOR3X1)
   0.004985    0.063016    0.038006    0.643636 ^ _313_/Y (NOR3X1)
               0.063016    0.000000    0.643636 ^ _319_/A (OAI21X1)
   0.009289    0.026039    0.041155    0.684790 v _319_/Y (OAI21X1)
               0.026039    0.000000    0.684790 v _321_/C (NOR3X1)
   0.008390    0.078929    0.047682    0.732472 ^ _321_/Y (NOR3X1)
               0.078929    0.000000    0.732472 ^ _323_/B (AOI21X1)
   0.010272    0.035898    0.054668    0.787140 v _323_/Y (AOI21X1)
               0.035898    0.000000    0.787140 v _327_/B (NOR3X1)
   0.010578    0.090145    0.072199    0.859340 ^ _327_/Y (NOR3X1)
               0.090145    0.000000    0.859340 ^ _329_/C (NAND3X1)
   0.004450    0.022564    0.032586    0.891925 v _329_/Y (NAND3X1)
               0.022564    0.000000    0.891925 v _333_/A (AOI21X1)
   0.007375    0.051758    0.055810    0.947736 ^ _333_/Y (AOI21X1)
               0.051758    0.000000    0.947736 ^ _335_/C (NAND3X1)
   0.007713    0.027660    0.029084    0.976819 v _335_/Y (NAND3X1)
               0.027660    0.000000    0.976819 v _338_/B (OAI21X1)
   0.010339    0.078563    0.069657    1.046476 ^ _338_/Y (OAI21X1)
               0.078563    0.000000    1.046476 ^ _346_/A (XOR2X1)
   0.010000    0.079408    0.067274    1.113750 ^ _346_/Y (XOR2X1)
               0.079408    0.000000    1.113750 ^ sum[28] (out)
                                       1.113750   data arrival time

               0.000000  100.000000  100.000000   clock vclk (rise edge)
                           0.000000  100.000000   clock network delay (ideal)
                           0.000000  100.000000   clock reconvergence pessimism
                           0.000000  100.000000   output external delay
                                     100.000000   data required time
---------------------------------------------------------------------------------------
                                     100.000000   data required time
                                      -1.113750   data arrival time
---------------------------------------------------------------------------------------
                                      98.886253   slack (MET)


Startpoint: b[2] (input port clocked by vclk)
Endpoint: sum[27] (output port clocked by vclk)
Path Group: vclk
Path Type: max

        Cap        Slew       Delay        Time   Description
---------------------------------------------------------------------------------------
               0.000000    0.000000    0.000000   clock vclk (rise edge)
                           0.000000    0.000000   clock network delay (ideal)
                           0.000000    0.000000 ^ input external delay
   0.008314    0.050000    0.000000    0.000000 ^ b[2] (in)
               0.050000    0.000000    0.000000 ^ _276_/B (XNOR2X1)
   0.008022    0.065618    0.071669    0.071669 ^ _276_/Y (XNOR2X1)
               0.065618    0.000000    0.071669 ^ _280_/A (NOR3X1)
   0.002312    0.028292    0.049069    0.120739 v _280_/Y (NOR3X1)
               0.028292    0.000000    0.120739 v _281_/C (AOI21X1)
   0.007743    0.053956    0.038780    0.159519 ^ _281_/Y (AOI21X1)
               0.053956    0.000000    0.159519 ^ _285_/A (XNOR2X1)
   0.007562    0.031466    0.043359    0.202878 v _285_/Y (XNOR2X1)
               0.031466    0.000000    0.202878 v _293_/A (AOI21X1)
   0.010702    0.067856    0.068904    0.271781 ^ _293_/Y (AOI21X1)
               0.067856    0.000000    0.271781 ^ _296_/B (NOR3X1)
   0.009856    0.046983    0.057004    0.328785 v _296_/Y (NOR3X1)
               0.046983    0.000000    0.328785 v _298_/C (NAND3X1)
   0.004852    0.048641    0.047427    0.376212 ^ _298_/Y (NAND3X1)
               0.048641    0.000000    0.376212 ^ _303_/A (AOI21X1)
   0.009856    0.035375    0.038551    0.414763 v _303_/Y (AOI21X1)
               0.035375    0.000000    0.414763 v _305_/C (NAND3X1)
   0.010713    0.076148    0.062516    0.477280 ^ _305_/Y (NAND3X1)
               0.076148    0.000000    0.477280 ^ _307_/B (OAI21X1)
   0.009468    0.021990    0.042595    0.519875 v _307_/Y (OAI21X1)
               0.021990    0.000000    0.519875 v _311_/B (NAND3X1)
   0.011319    0.079417    0.064175    0.584049 ^ _311_/Y (NAND3X1)
               0.079417    0.000000    0.584049 ^ _313_/C (NOR3X1)
   0.004781    0.032527    0.043096    0.627145 v _313_/Y (NOR3X1)
               0.032527    0.000000    0.627145 v _319_/A (OAI21X1)
   0.010031    0.077025    0.072167    0.699312 ^ _319_/Y (OAI21X1)
               0.077025    0.000000    0.699312 ^ _321_/C (NOR3X1)
   0.007759    0.044292    0.048605    0.747917 v _321_/Y (NOR3X1)
               0.044292    0.000000    0.747917 v _323_/B (AOI21X1)
   0.010702    0.067856    0.066701    0.814618 ^ _323_/Y (AOI21X1)
               0.067856    0.000000    0.814618 ^ _327_/B (NOR3X1)
   0.009780    0.047073    0.056844    0.871462 v _327_/Y (NOR3X1)
               0.047073    0.000000    0.871462 v _329_/C (NAND3X1)
   0.004852    0.049312    0.047450    0.918911 ^ _329_/Y (NAND3X1)
               0.049312    0.000000    0.918911 ^ _333_/A (AOI21X1)
   0.007088    0.028569    0.033758    0.952669 v _333_/Y (AOI21X1)
               0.028569    0.000000    0.952669 v _335_/C (NAND3X1)
   0.008498    0.065894    0.053931    1.006600 ^ _335_/Y (NAND3X1)
               0.065894    0.000000    1.006600 ^ _389_/B (XOR2X1)
   0.010000    0.079295    0.079632    1.086232 ^ _389_/Y (XOR2X1)
               0.079295    0.000000    1.086232 ^ sum[27] (out)
                                       1.086232   data arrival time

               0.000000  100.000000  100.000000   clock vclk (rise edge)
                           0.000000  100.000000   clock network delay (ideal)
                           0.000000  100.000000   clock reconvergence pessimism
                           0.000000  100.000000   output external delay
                                     100.000000   data required time
---------------------------------------------------------------------------------------
                                     100.000000   data required time
                                      -1.086232   data arrival time
---------------------------------------------------------------------------------------
                                      98.913765   slack (MET)


Startpoint: b[2] (input port clocked by vclk)
Endpoint: sum[25] (output port clocked by vclk)
Path Group: vclk
Path Type: max

        Cap        Slew       Delay        Time   Description
---------------------------------------------------------------------------------------
               0.000000    0.000000    0.000000   clock vclk (rise edge)
                           0.000000    0.000000   clock network delay (ideal)
                           0.000000    0.000000 ^ input external delay
   0.008314    0.050000    0.000000    0.000000 ^ b[2] (in)
               0.050000    0.000000    0.000000 ^ _276_/B (XNOR2X1)
   0.008022    0.065618    0.071669    0.071669 ^ _276_/Y (XNOR2X1)
               0.065618    0.000000    0.071669 ^ _280_/A (NOR3X1)
   0.002312    0.028292    0.049069    0.120739 v _280_/Y (NOR3X1)
               0.028292    0.000000    0.120739 v _281_/C (AOI21X1)
   0.007743    0.053956    0.038780    0.159519 ^ _281_/Y (AOI21X1)
               0.053956    0.000000    0.159519 ^ _285_/A (XNOR2X1)
   0.007562    0.031466    0.043359    0.202878 v _285_/Y (XNOR2X1)
               0.031466    0.000000    0.202878 v _293_/A (AOI21X1)
   0.010702    0.067856    0.068904    0.271781 ^ _293_/Y (AOI21X1)
               0.067856    0.000000    0.271781 ^ _296_/B (NOR3X1)
   0.009856    0.046983    0.057004    0.328785 v _296_/Y (NOR3X1)
               0.046983    0.000000    0.328785 v _298_/C (NAND3X1)
   0.004852    0.048641    0.047427    0.376212 ^ _298_/Y (NAND3X1)
               0.048641    0.000000    0.376212 ^ _303_/A (AOI21X1)
   0.009856    0.035375    0.038551    0.414763 v _303_/Y (AOI21X1)
               0.035375    0.000000    0.414763 v _305_/C (NAND3X1)
   0.010713    0.076148    0.062516    0.477280 ^ _305_/Y (NAND3X1)
               0.076148    0.000000    0.477280 ^ _307_/B (OAI21X1)
   0.009468    0.021990    0.042595    0.519875 v _307_/Y (OAI21X1)
               0.021990    0.000000    0.519875 v _311_/B (NAND3X1)
   0.011319    0.079417    0.064175    0.584049 ^ _311_/Y (NAND3X1)
               0.079417    0.000000    0.584049 ^ _313_/C (NOR3X1)
   0.004781    0.032527    0.043096    0.627145 v _313_/Y (NOR3X1)
               0.032527    0.000000    0.627145 v _319_/A (OAI21X1)
   0.010031    0.077025    0.072167    0.699312 ^ _319_/Y (OAI21X1)
               0.077025    0.000000    0.699312 ^ _321_/C (NOR3X1)
   0.007759    0.044292    0.048605    0.747917 v _321_/Y (NOR3X1)
               0.044292    0.000000    0.747917 v _323_/B (AOI21X1)
   0.010702    0.067856    0.066701    0.814618 ^ _323_/Y (AOI21X1)
               0.067856    0.000000    0.814618 ^ _327_/B (NOR3X1)
   0.009780    0.047073    0.056844    0.871462 v _327_/Y (NOR3X1)
               0.047073    0.000000    0.871462 v _329_/C (NAND3X1)
   0.004852    0.049312    0.047450    0.918911 ^ _329_/Y (NAND3X1)
               0.049312    0.000000    0.918911 ^ _333_/A (AOI21X1)
   0.007088    0.028569    0.033758    0.952669 v _333_/Y (AOI21X1)
               0.028569    0.000000    0.952669 v _348_/C (AOI21X1)
   0.005589    0.043639    0.032785    0.985454 ^ _348_/Y (AOI21X1)
               0.043639    0.000000    0.985454 ^ _349_/B (XNOR2X1)
   0.010000    0.075775    0.077449    1.062903 ^ _349_/Y (XNOR2X1)
               0.075775    0.000000    1.062903 ^ sum[25] (out)
                                       1.062903   data arrival time

               0.000000  100.000000  100.000000   clock vclk (rise edge)
                           0.000000  100.000000   clock network delay (ideal)
                           0.000000  100.000000   clock reconvergence pessimism
                           0.000000  100.000000   output external delay
                                     100.000000   data required time
---------------------------------------------------------------------------------------
                                     100.000000   data required time
                                      -1.062903   data arrival time
---------------------------------------------------------------------------------------
                                      98.937096   slack (MET)


Startpoint: b[2] (input port clocked by vclk)
Endpoint: sum[26] (output port clocked by vclk)
Path Group: vclk
Path Type: max

        Cap        Slew       Delay        Time   Description
---------------------------------------------------------------------------------------
               0.000000    0.000000    0.000000   clock vclk (rise edge)
                           0.000000    0.000000   clock network delay (ideal)
                           0.000000    0.000000 ^ input external delay
   0.008314    0.050000    0.000000    0.000000 ^ b[2] (in)
               0.050000    0.000000    0.000000 ^ _276_/B (XNOR2X1)
   0.008022    0.065618    0.071669    0.071669 ^ _276_/Y (XNOR2X1)
               0.065618    0.000000    0.071669 ^ _280_/A (NOR3X1)
   0.002312    0.028292    0.049069    0.120739 v _280_/Y (NOR3X1)
               0.028292    0.000000    0.120739 v _281_/C (AOI21X1)
   0.007743    0.053956    0.038780    0.159519 ^ _281_/Y (AOI21X1)
               0.053956    0.000000    0.159519 ^ _285_/A (XNOR2X1)
   0.007562    0.031466    0.043359    0.202878 v _285_/Y (XNOR2X1)
               0.031466    0.000000    0.202878 v _293_/A (AOI21X1)
   0.010702    0.067856    0.068904    0.271781 ^ _293_/Y (AOI21X1)
               0.067856    0.000000    0.271781 ^ _296_/B (NOR3X1)
   0.009856    0.046983    0.057004    0.328785 v _296_/Y (NOR3X1)
               0.046983    0.000000    0.328785 v _298_/C (NAND3X1)
   0.004852    0.048641    0.047427    0.376212 ^ _298_/Y (NAND3X1)
               0.048641    0.000000    0.376212 ^ _303_/A (AOI21X1)
   0.009856    0.035375    0.038551    0.414763 v _303_/Y (AOI21X1)
               0.035375    0.000000    0.414763 v _305_/C (NAND3X1)
   0.010713    0.076148    0.062516    0.477280 ^ _305_/Y (NAND3X1)
               0.076148    0.000000    0.477280 ^ _307_/B (OAI21X1)
   0.009468    0.021990    0.042595    0.519875 v _307_/Y (OAI21X1)
               0.021990    0.000000    0.519875 v _311_/B (NAND3X1)
   0.011319    0.079417    0.064175    0.584049 ^ _311_/Y (NAND3X1)
               0.079417    0.000000    0.584049 ^ _313_/C (NOR3X1)
   0.004781    0.032527    0.043096    0.627145 v _313_/Y (NOR3X1)
               0.032527    0.000000    0.627145 v _319_/A (OAI21X1)
   0.010031    0.077025    0.072167    0.699312 ^ _319_/Y (OAI21X1)
               0.077025    0.000000    0.699312 ^ _321_/C (NOR3X1)
   0.007759    0.044292    0.048605    0.747917 v _321_/Y (NOR3X1)
               0.044292    0.000000    0.747917 v _323_/B (AOI21X1)
   0.010702    0.067856    0.066701    0.814618 ^ _323_/Y (AOI21X1)
               0.067856    0.000000    0.814618 ^ _327_/B (NOR3X1)
   0.009780    0.047073    0.056844    0.871462 v _327_/Y (NOR3X1)
               0.047073    0.000000    0.871462 v _329_/C (NAND3X1)
   0.004852    0.049312    0.047450    0.918911 ^ _329_/Y (NAND3X1)
               0.049312    0.000000    0.918911 ^ _333_/A (AOI21X1)
   0.007088    0.028569    0.033758    0.952669 v _333_/Y (AOI21X1)
               0.028569    0.000000    0.952669 v _334_/B (NAND2X1)
   0.005589    0.049688    0.029074    0.981744 ^ _334_/Y (NAND2X1)
               0.049688    0.000000    0.981744 ^ _347_/B (XNOR2X1)
   0.010000    0.075726    0.078070    1.059813 ^ _347_/Y (XNOR2X1)
               0.075726    0.000000    1.059813 ^ sum[26] (out)
                                       1.059813   data arrival time

               0.000000  100.000000  100.000000   clock vclk (rise edge)
                           0.000000  100.000000   clock network delay (ideal)
                           0.000000  100.000000   clock reconvergence pessimism
                           0.000000  100.000000   output external delay
                                     100.000000   data required time
---------------------------------------------------------------------------------------
                                     100.000000   data required time
                                      -1.059813   data arrival time
---------------------------------------------------------------------------------------
                                      98.940186   slack (MET)


Startpoint: b[2] (input port clocked by vclk)
Endpoint: sum[24] (output port clocked by vclk)
Path Group: vclk
Path Type: max

        Cap        Slew       Delay        Time   Description
---------------------------------------------------------------------------------------
               0.000000    0.000000    0.000000   clock vclk (rise edge)
                           0.000000    0.000000   clock network delay (ideal)
                           0.000000    0.000000 ^ input external delay
   0.008314    0.050000    0.000000    0.000000 ^ b[2] (in)
               0.050000    0.000000    0.000000 ^ _276_/B (XNOR2X1)
   0.008022    0.065618    0.071669    0.071669 ^ _276_/Y (XNOR2X1)
               0.065618    0.000000    0.071669 ^ _280_/A (NOR3X1)
   0.002312    0.028292    0.049069    0.120739 v _280_/Y (NOR3X1)
               0.028292    0.000000    0.120739 v _281_/C (AOI21X1)
   0.007743    0.053956    0.038780    0.159519 ^ _281_/Y (AOI21X1)
               0.053956    0.000000    0.159519 ^ _285_/A (XNOR2X1)
   0.007562    0.031466    0.043359    0.202878 v _285_/Y (XNOR2X1)
               0.031466    0.000000    0.202878 v _293_/A (AOI21X1)
   0.010702    0.067856    0.068904    0.271781 ^ _293_/Y (AOI21X1)
               0.067856    0.000000    0.271781 ^ _296_/B (NOR3X1)
   0.009856    0.046983    0.057004    0.328785 v _296_/Y (NOR3X1)
               0.046983    0.000000    0.328785 v _298_/C (NAND3X1)
   0.004852    0.048641    0.047427    0.376212 ^ _298_/Y (NAND3X1)
               0.048641    0.000000    0.376212 ^ _303_/A (AOI21X1)
   0.009856    0.035375    0.038551    0.414763 v _303_/Y (AOI21X1)
               0.035375    0.000000    0.414763 v _305_/C (NAND3X1)
   0.010713    0.076148    0.062516    0.477280 ^ _305_/Y (NAND3X1)
               0.076148    0.000000    0.477280 ^ _307_/B (OAI21X1)
   0.009468    0.021990    0.042595    0.519875 v _307_/Y (OAI21X1)
               0.021990    0.000000    0.519875 v _311_/B (NAND3X1)
   0.011319    0.079417    0.064175    0.584049 ^ _311_/Y (NAND3X1)
               0.079417    0.000000    0.584049 ^ _313_/C (NOR3X1)
   0.004781    0.032527    0.043096    0.627145 v _313_/Y (NOR3X1)
               0.032527    0.000000    0.627145 v _319_/A (OAI21X1)
   0.010031    0.077025    0.072167    0.699312 ^ _319_/Y (OAI21X1)
               0.077025    0.000000    0.699312 ^ _321_/C (NOR3X1)
   0.007759    0.044292    0.048605    0.747917 v _321_/Y (NOR3X1)
               0.044292    0.000000    0.747917 v _323_/B (AOI21X1)
   0.010702    0.067856    0.066701    0.814618 ^ _323_/Y (AOI21X1)
               0.067856    0.000000    0.814618 ^ _327_/B (NOR3X1)
   0.009780    0.047073    0.056844    0.871462 v _327_/Y (NOR3X1)
               0.047073    0.000000    0.871462 v _329_/C (NAND3X1)
   0.004852    0.049312    0.047450    0.918911 ^ _329_/Y (NAND3X1)
               0.049312    0.000000    0.918911 ^ _331_/A (NAND2X1)
   0.004616    0.025618    0.025025    0.943936 v _331_/Y (NAND2X1)
               0.025618    0.000000    0.943936 v _350_/A (XNOR2X1)
   0.010000    0.075594    0.061969    1.005905 ^ _350_/Y (XNOR2X1)
               0.075594    0.000000    1.005905 ^ sum[24] (out)
                                       1.005905   data arrival time

               0.000000  100.000000  100.000000   clock vclk (rise edge)
                           0.000000  100.000000   clock network delay (ideal)
                           0.000000  100.000000   clock reconvergence pessimism
                           0.000000  100.000000   output external delay
                                     100.000000   data required time
---------------------------------------------------------------------------------------
                                     100.000000   data required time
                                      -1.005905   data arrival time
---------------------------------------------------------------------------------------
                                      98.994087   slack (MET)


Startpoint: b[2] (input port clocked by vclk)
Endpoint: sum[23] (output port clocked by vclk)
Path Group: vclk
Path Type: max

        Cap        Slew       Delay        Time   Description
---------------------------------------------------------------------------------------
               0.000000    0.000000    0.000000   clock vclk (rise edge)
                           0.000000    0.000000   clock network delay (ideal)
                           0.000000    0.000000 ^ input external delay
   0.008314    0.050000    0.000000    0.000000 ^ b[2] (in)
               0.050000    0.000000    0.000000 ^ _276_/B (XNOR2X1)
   0.008022    0.065618    0.071669    0.071669 ^ _276_/Y (XNOR2X1)
               0.065618    0.000000    0.071669 ^ _280_/A (NOR3X1)
   0.002312    0.028292    0.049069    0.120739 v _280_/Y (NOR3X1)
               0.028292    0.000000    0.120739 v _281_/C (AOI21X1)
   0.007743    0.053956    0.038780    0.159519 ^ _281_/Y (AOI21X1)
               0.053956    0.000000    0.159519 ^ _285_/A (XNOR2X1)
   0.007562    0.031466    0.043359    0.202878 v _285_/Y (XNOR2X1)
               0.031466    0.000000    0.202878 v _293_/A (AOI21X1)
   0.010702    0.067856    0.068904    0.271781 ^ _293_/Y (AOI21X1)
               0.067856    0.000000    0.271781 ^ _296_/B (NOR3X1)
   0.009856    0.046983    0.057004    0.328785 v _296_/Y (NOR3X1)
               0.046983    0.000000    0.328785 v _298_/C (NAND3X1)
   0.004852    0.048641    0.047427    0.376212 ^ _298_/Y (NAND3X1)
               0.048641    0.000000    0.376212 ^ _303_/A (AOI21X1)
   0.009856    0.035375    0.038551    0.414763 v _303_/Y (AOI21X1)
               0.035375    0.000000    0.414763 v _305_/C (NAND3X1)
   0.010713    0.076148    0.062516    0.477280 ^ _305_/Y (NAND3X1)
               0.076148    0.000000    0.477280 ^ _307_/B (OAI21X1)
   0.009468    0.021990    0.042595    0.519875 v _307_/Y (OAI21X1)
               0.021990    0.000000    0.519875 v _311_/B (NAND3X1)
   0.011319    0.079417    0.064175    0.584049 ^ _311_/Y (NAND3X1)
               0.079417    0.000000    0.584049 ^ _313_/C (NOR3X1)
   0.004781    0.032527    0.043096    0.627145 v _313_/Y (NOR3X1)
               0.032527    0.000000    0.627145 v _319_/A (OAI21X1)
   0.010031    0.077025    0.072167    0.699312 ^ _319_/Y (OAI21X1)
               0.077025    0.000000    0.699312 ^ _321_/C (NOR3X1)
   0.007759    0.044292    0.048605    0.747917 v _321_/Y (NOR3X1)
               0.044292    0.000000    0.747917 v _323_/B (AOI21X1)
   0.010702    0.067856    0.066701    0.814618 ^ _323_/Y (AOI21X1)
               0.067856    0.000000    0.814618 ^ _327_/B (NOR3X1)
   0.009780    0.047073    0.056844    0.871462 v _327_/Y (NOR3X1)
               0.047073    0.000000    0.871462 v _328_/B (NAND2X1)
   0.005589    0.048449    0.035093    0.906555 ^ _328_/Y (NAND2X1)
               0.048449    0.000000    0.906555 ^ _382_/B (XNOR2X1)
   0.010000    0.075820    0.077942    0.984497 ^ _382_/Y (XNOR2X1)
               0.075820    0.000000    0.984497 ^ sum[23] (out)
                                       0.984497   data arrival time

               0.000000  100.000000  100.000000   clock vclk (rise edge)
                           0.000000  100.000000   clock network delay (ideal)
                           0.000000  100.000000   clock reconvergence pessimism
                           0.000000  100.000000   output external delay
                                     100.000000   data required time
---------------------------------------------------------------------------------------
                                     100.000000   data required time
                                      -0.984497   data arrival time
---------------------------------------------------------------------------------------
                                      99.015495   slack (MET)


Startpoint: b[2] (input port clocked by vclk)
Endpoint: sum[22] (output port clocked by vclk)
Path Group: vclk
Path Type: max

        Cap        Slew       Delay        Time   Description
---------------------------------------------------------------------------------------
               0.000000    0.000000    0.000000   clock vclk (rise edge)
                           0.000000    0.000000   clock network delay (ideal)
                           0.000000    0.000000 ^ input external delay
   0.008314    0.050000    0.000000    0.000000 ^ b[2] (in)
               0.050000    0.000000    0.000000 ^ _276_/B (XNOR2X1)
   0.008022    0.065618    0.071669    0.071669 ^ _276_/Y (XNOR2X1)
               0.065618    0.000000    0.071669 ^ _280_/A (NOR3X1)
   0.002312    0.028292    0.049069    0.120739 v _280_/Y (NOR3X1)
               0.028292    0.000000    0.120739 v _281_/C (AOI21X1)
   0.007743    0.053956    0.038780    0.159519 ^ _281_/Y (AOI21X1)
               0.053956    0.000000    0.159519 ^ _285_/A (XNOR2X1)
   0.007562    0.031466    0.043359    0.202878 v _285_/Y (XNOR2X1)
               0.031466    0.000000    0.202878 v _293_/A (AOI21X1)
   0.010702    0.067856    0.068904    0.271781 ^ _293_/Y (AOI21X1)
               0.067856    0.000000    0.271781 ^ _296_/B (NOR3X1)
   0.009856    0.046983    0.057004    0.328785 v _296_/Y (NOR3X1)
               0.046983    0.000000    0.328785 v _298_/C (NAND3X1)
   0.004852    0.048641    0.047427    0.376212 ^ _298_/Y (NAND3X1)
               0.048641    0.000000    0.376212 ^ _303_/A (AOI21X1)
   0.009856    0.035375    0.038551    0.414763 v _303_/Y (AOI21X1)
               0.035375    0.000000    0.414763 v _305_/C (NAND3X1)
   0.010713    0.076148    0.062516    0.477280 ^ _305_/Y (NAND3X1)
               0.076148    0.000000    0.477280 ^ _307_/B (OAI21X1)
   0.009468    0.021990    0.042595    0.519875 v _307_/Y (OAI21X1)
               0.021990    0.000000    0.519875 v _311_/B (NAND3X1)
   0.011319    0.079417    0.064175    0.584049 ^ _311_/Y (NAND3X1)
               0.079417    0.000000    0.584049 ^ _313_/C (NOR3X1)
   0.004781    0.032527    0.043096    0.627145 v _313_/Y (NOR3X1)
               0.032527    0.000000    0.627145 v _319_/A (OAI21X1)
   0.010031    0.077025    0.072167    0.699312 ^ _319_/Y (OAI21X1)
               0.077025    0.000000    0.699312 ^ _321_/C (NOR3X1)
   0.007759    0.044292    0.048605    0.747917 v _321_/Y (NOR3X1)
               0.044292    0.000000    0.747917 v _323_/B (AOI21X1)
   0.010702    0.067856    0.066701    0.814618 ^ _323_/Y (AOI21X1)
               0.067856    0.000000    0.814618 ^ _327_/B (NOR3X1)
   0.009780    0.047073    0.056844    0.871462 v _327_/Y (NOR3X1)
               0.047073    0.000000    0.871462 v _351_/B (XNOR2X1)
   0.010000    0.075196    0.077801    0.949263 ^ _351_/Y (XNOR2X1)
               0.075196    0.000000    0.949263 ^ sum[22] (out)
                                       0.949263   data arrival time

               0.000000  100.000000  100.000000   clock vclk (rise edge)
                           0.000000  100.000000   clock network delay (ideal)
                           0.000000  100.000000   clock reconvergence pessimism
                           0.000000  100.000000   output external delay
                                     100.000000   data required time
---------------------------------------------------------------------------------------
                                     100.000000   data required time
                                      -0.949263   data arrival time
---------------------------------------------------------------------------------------
                                      99.050735   slack (MET)


Startpoint: b[2] (input port clocked by vclk)
Endpoint: sum[21] (output port clocked by vclk)
Path Group: vclk
Path Type: max

        Cap        Slew       Delay        Time   Description
---------------------------------------------------------------------------------------
               0.000000    0.000000    0.000000   clock vclk (rise edge)
                           0.000000    0.000000   clock network delay (ideal)
                           0.000000    0.000000 ^ input external delay
   0.008314    0.050000    0.000000    0.000000 ^ b[2] (in)
               0.050000    0.000000    0.000000 ^ _276_/B (XNOR2X1)
   0.008022    0.065618    0.071669    0.071669 ^ _276_/Y (XNOR2X1)
               0.065618    0.000000    0.071669 ^ _280_/A (NOR3X1)
   0.002312    0.028292    0.049069    0.120739 v _280_/Y (NOR3X1)
               0.028292    0.000000    0.120739 v _281_/C (AOI21X1)
   0.007743    0.053956    0.038780    0.159519 ^ _281_/Y (AOI21X1)
               0.053956    0.000000    0.159519 ^ _285_/A (XNOR2X1)
   0.007562    0.031466    0.043359    0.202878 v _285_/Y (XNOR2X1)
               0.031466    0.000000    0.202878 v _293_/A (AOI21X1)
   0.010702    0.067856    0.068904    0.271781 ^ _293_/Y (AOI21X1)
               0.067856    0.000000    0.271781 ^ _296_/B (NOR3X1)
   0.009856    0.046983    0.057004    0.328785 v _296_/Y (NOR3X1)
               0.046983    0.000000    0.328785 v _298_/C (NAND3X1)
   0.004852    0.048641    0.047427    0.376212 ^ _298_/Y (NAND3X1)
               0.048641    0.000000    0.376212 ^ _303_/A (AOI21X1)
   0.009856    0.035375    0.038551    0.414763 v _303_/Y (AOI21X1)
               0.035375    0.000000    0.414763 v _305_/C (NAND3X1)
   0.010713    0.076148    0.062516    0.477280 ^ _305_/Y (NAND3X1)
               0.076148    0.000000    0.477280 ^ _307_/B (OAI21X1)
   0.009468    0.021990    0.042595    0.519875 v _307_/Y (OAI21X1)
               0.021990    0.000000    0.519875 v _311_/B (NAND3X1)
   0.011319    0.079417    0.064175    0.584049 ^ _311_/Y (NAND3X1)
               0.079417    0.000000    0.584049 ^ _313_/C (NOR3X1)
   0.004781    0.032527    0.043096    0.627145 v _313_/Y (NOR3X1)
               0.032527    0.000000    0.627145 v _319_/A (OAI21X1)
   0.010031    0.077025    0.072167    0.699312 ^ _319_/Y (OAI21X1)
               0.077025    0.000000    0.699312 ^ _321_/C (NOR3X1)
   0.007759    0.044292    0.048605    0.747917 v _321_/Y (NOR3X1)
               0.044292    0.000000    0.747917 v _323_/B (AOI21X1)
   0.010702    0.067856    0.066701    0.814618 ^ _323_/Y (AOI21X1)
               0.067856    0.000000    0.814618 ^ _326_/A (NOR2X1)
   0.005004    0.012271    0.036778    0.851396 v _326_/Y (NOR2X1)
               0.012271    0.000000    0.851396 v _352_/B (XNOR2X1)
   0.010000    0.076043    0.074228    0.925624 ^ _352_/Y (XNOR2X1)
               0.076043    0.000000    0.925624 ^ sum[21] (out)
                                       0.925624   data arrival time

               0.000000  100.000000  100.000000   clock vclk (rise edge)
                           0.000000  100.000000   clock network delay (ideal)
                           0.000000  100.000000   clock reconvergence pessimism
                           0.000000  100.000000   output external delay
                                     100.000000   data required time
---------------------------------------------------------------------------------------
                                     100.000000   data required time
                                      -0.925624   data arrival time
---------------------------------------------------------------------------------------
                                      99.074371   slack (MET)


Startpoint: b[2] (input port clocked by vclk)
Endpoint: sum[20] (output port clocked by vclk)
Path Group: vclk
Path Type: max

        Cap        Slew       Delay        Time   Description
---------------------------------------------------------------------------------------
               0.000000    0.000000    0.000000   clock vclk (rise edge)
                           0.000000    0.000000   clock network delay (ideal)
                           0.000000    0.000000 ^ input external delay
   0.008314    0.050000    0.000000    0.000000 ^ b[2] (in)
               0.050000    0.000000    0.000000 ^ _276_/B (XNOR2X1)
   0.008022    0.065618    0.071669    0.071669 ^ _276_/Y (XNOR2X1)
               0.065618    0.000000    0.071669 ^ _280_/A (NOR3X1)
   0.002312    0.028292    0.049069    0.120739 v _280_/Y (NOR3X1)
               0.028292    0.000000    0.120739 v _281_/C (AOI21X1)
   0.007743    0.053956    0.038780    0.159519 ^ _281_/Y (AOI21X1)
               0.053956    0.000000    0.159519 ^ _285_/A (XNOR2X1)
   0.007562    0.031466    0.043359    0.202878 v _285_/Y (XNOR2X1)
               0.031466    0.000000    0.202878 v _293_/A (AOI21X1)
   0.010702    0.067856    0.068904    0.271781 ^ _293_/Y (AOI21X1)
               0.067856    0.000000    0.271781 ^ _296_/B (NOR3X1)
   0.009856    0.046983    0.057004    0.328785 v _296_/Y (NOR3X1)
               0.046983    0.000000    0.328785 v _298_/C (NAND3X1)
   0.004852    0.048641    0.047427    0.376212 ^ _298_/Y (NAND3X1)
               0.048641    0.000000    0.376212 ^ _303_/A (AOI21X1)
   0.009856    0.035375    0.038551    0.414763 v _303_/Y (AOI21X1)
               0.035375    0.000000    0.414763 v _305_/C (NAND3X1)
   0.010713    0.076148    0.062516    0.477280 ^ _305_/Y (NAND3X1)
               0.076148    0.000000    0.477280 ^ _307_/B (OAI21X1)
   0.009468    0.021990    0.042595    0.519875 v _307_/Y (OAI21X1)
               0.021990    0.000000    0.519875 v _311_/B (NAND3X1)
   0.011319    0.079417    0.064175    0.584049 ^ _311_/Y (NAND3X1)
               0.079417    0.000000    0.584049 ^ _313_/C (NOR3X1)
   0.004781    0.032527    0.043096    0.627145 v _313_/Y (NOR3X1)
               0.032527    0.000000    0.627145 v _319_/A (OAI21X1)
   0.010031    0.077025    0.072167    0.699312 ^ _319_/Y (OAI21X1)
               0.077025    0.000000    0.699312 ^ _321_/C (NOR3X1)
   0.007759    0.044292    0.048605    0.747917 v _321_/Y (NOR3X1)
               0.044292    0.000000    0.747917 v _323_/B (AOI21X1)
   0.010702    0.067856    0.066701    0.814618 ^ _323_/Y (AOI21X1)
               0.067856    0.000000    0.814618 ^ _353_/A (XOR2X1)
   0.010000    0.079057    0.065834    0.880451 ^ _353_/Y (XOR2X1)
               0.079057    0.000000    0.880451 ^ sum[20] (out)
                                       0.880451   data arrival time

               0.000000  100.000000  100.000000   clock vclk (rise edge)
                           0.000000  100.000000   clock network delay (ideal)
                           0.000000  100.000000   clock reconvergence pessimism
                           0.000000  100.000000   output external delay
                                     100.000000   data required time
---------------------------------------------------------------------------------------
                                     100.000000   data required time
                                      -0.880451   data arrival time
---------------------------------------------------------------------------------------
                                      99.119553   slack (MET)


Startpoint: b[2] (input port clocked by vclk)
Endpoint: sum[18] (output port clocked by vclk)
Path Group: vclk
Path Type: max

        Cap        Slew       Delay        Time   Description
---------------------------------------------------------------------------------------
               0.000000    0.000000    0.000000   clock vclk (rise edge)
                           0.000000    0.000000   clock network delay (ideal)
                           0.000000    0.000000 ^ input external delay
   0.008314    0.050000    0.000000    0.000000 ^ b[2] (in)
               0.050000    0.000000    0.000000 ^ _276_/B (XNOR2X1)
   0.008022    0.065618    0.071669    0.071669 ^ _276_/Y (XNOR2X1)
               0.065618    0.000000    0.071669 ^ _280_/A (NOR3X1)
   0.002312    0.028292    0.049069    0.120739 v _280_/Y (NOR3X1)
               0.028292    0.000000    0.120739 v _281_/C (AOI21X1)
   0.007743    0.053956    0.038780    0.159519 ^ _281_/Y (AOI21X1)
               0.053956    0.000000    0.159519 ^ _285_/A (XNOR2X1)
   0.007562    0.031466    0.043359    0.202878 v _285_/Y (XNOR2X1)
               0.031466    0.000000    0.202878 v _293_/A (AOI21X1)
   0.010702    0.067856    0.068904    0.271781 ^ _293_/Y (AOI21X1)
               0.067856    0.000000    0.271781 ^ _296_/B (NOR3X1)
   0.009856    0.046983    0.057004    0.328785 v _296_/Y (NOR3X1)
               0.046983    0.000000    0.328785 v _298_/C (NAND3X1)
   0.004852    0.048641    0.047427    0.376212 ^ _298_/Y (NAND3X1)
               0.048641    0.000000    0.376212 ^ _303_/A (AOI21X1)
   0.009856    0.035375    0.038551    0.414763 v _303_/Y (AOI21X1)
               0.035375    0.000000    0.414763 v _305_/C (NAND3X1)
   0.010713    0.076148    0.062516    0.477280 ^ _305_/Y (NAND3X1)
               0.076148    0.000000    0.477280 ^ _307_/B (OAI21X1)
   0.009468    0.021990    0.042595    0.519875 v _307_/Y (OAI21X1)
               0.021990    0.000000    0.519875 v _311_/B (NAND3X1)
   0.011319    0.079417    0.064175    0.584049 ^ _311_/Y (NAND3X1)
               0.079417    0.000000    0.584049 ^ _313_/C (NOR3X1)
   0.004781    0.032527    0.043096    0.627145 v _313_/Y (NOR3X1)
               0.032527    0.000000    0.627145 v _319_/A (OAI21X1)
   0.010031    0.077025    0.072167    0.699312 ^ _319_/Y (OAI21X1)
               0.077025    0.000000    0.699312 ^ _320_/B (OR2X1)
   0.007957    0.049358    0.070273    0.769585 ^ _320_/Y (OR2X1)
               0.049358    0.000000    0.769585 ^ _354_/B (XOR2X1)
   0.010000    0.079394    0.078040    0.847625 ^ _354_/Y (XOR2X1)
               0.079394    0.000000    0.847625 ^ sum[18] (out)
                                       0.847625   data arrival time

               0.000000  100.000000  100.000000   clock vclk (rise edge)
                           0.000000  100.000000   clock network delay (ideal)
                           0.000000  100.000000   clock reconvergence pessimism
                           0.000000  100.000000   output external delay
                                     100.000000   data required time
---------------------------------------------------------------------------------------
                                     100.000000   data required time
                                      -0.847625   data arrival time
---------------------------------------------------------------------------------------
                                      99.152367   slack (MET)


Startpoint: b[2] (input port clocked by vclk)
Endpoint: sum[19] (output port clocked by vclk)
Path Group: vclk
Path Type: max

        Cap        Slew       Delay        Time   Description
---------------------------------------------------------------------------------------
               0.000000    0.000000    0.000000   clock vclk (rise edge)
                           0.000000    0.000000   clock network delay (ideal)
                           0.000000    0.000000 ^ input external delay
   0.008314    0.050000    0.000000    0.000000 ^ b[2] (in)
               0.050000    0.000000    0.000000 ^ _276_/B (XNOR2X1)
   0.008022    0.065618    0.071669    0.071669 ^ _276_/Y (XNOR2X1)
               0.065618    0.000000    0.071669 ^ _280_/A (NOR3X1)
   0.002312    0.028292    0.049069    0.120739 v _280_/Y (NOR3X1)
               0.028292    0.000000    0.120739 v _281_/C (AOI21X1)
   0.007743    0.053956    0.038780    0.159519 ^ _281_/Y (AOI21X1)
               0.053956    0.000000    0.159519 ^ _285_/A (XNOR2X1)
   0.007562    0.031466    0.043359    0.202878 v _285_/Y (XNOR2X1)
               0.031466    0.000000    0.202878 v _293_/A (AOI21X1)
   0.010702    0.067856    0.068904    0.271781 ^ _293_/Y (AOI21X1)
               0.067856    0.000000    0.271781 ^ _296_/B (NOR3X1)
   0.009856    0.046983    0.057004    0.328785 v _296_/Y (NOR3X1)
               0.046983    0.000000    0.328785 v _298_/C (NAND3X1)
   0.004852    0.048641    0.047427    0.376212 ^ _298_/Y (NAND3X1)
               0.048641    0.000000    0.376212 ^ _303_/A (AOI21X1)
   0.009856    0.035375    0.038551    0.414763 v _303_/Y (AOI21X1)
               0.035375    0.000000    0.414763 v _305_/C (NAND3X1)
   0.010713    0.076148    0.062516    0.477280 ^ _305_/Y (NAND3X1)
               0.076148    0.000000    0.477280 ^ _307_/B (OAI21X1)
   0.009468    0.021990    0.042595    0.519875 v _307_/Y (OAI21X1)
               0.021990    0.000000    0.519875 v _311_/B (NAND3X1)
   0.011319    0.079417    0.064175    0.584049 ^ _311_/Y (NAND3X1)
               0.079417    0.000000    0.584049 ^ _313_/C (NOR3X1)
   0.004781    0.032527    0.043096    0.627145 v _313_/Y (NOR3X1)
               0.032527    0.000000    0.627145 v _319_/A (OAI21X1)
   0.010031    0.077025    0.072167    0.699312 ^ _319_/Y (OAI21X1)
               0.077025    0.000000    0.699312 ^ _321_/C (NOR3X1)
   0.007759    0.044292    0.048605    0.747917 v _321_/Y (NOR3X1)
               0.044292    0.000000    0.747917 v _383_/B (XOR2X1)
   0.010000    0.079227    0.077552    0.825469 ^ _383_/Y (XOR2X1)
               0.079227    0.000000    0.825469 ^ sum[19] (out)
                                       0.825469   data arrival time

               0.000000  100.000000  100.000000   clock vclk (rise edge)
                           0.000000  100.000000   clock network delay (ideal)
                           0.000000  100.000000   clock reconvergence pessimism
                           0.000000  100.000000   output external delay
                                     100.000000   data required time
---------------------------------------------------------------------------------------
                                     100.000000   data required time
                                      -0.825469   data arrival time
---------------------------------------------------------------------------------------
                                      99.174530   slack (MET)


Startpoint: b[2] (input port clocked by vclk)
Endpoint: sum[17] (output port clocked by vclk)
Path Group: vclk
Path Type: max

        Cap        Slew       Delay        Time   Description
---------------------------------------------------------------------------------------
               0.000000    0.000000    0.000000   clock vclk (rise edge)
                           0.000000    0.000000   clock network delay (ideal)
                           0.000000    0.000000 ^ input external delay
   0.008314    0.050000    0.000000    0.000000 ^ b[2] (in)
               0.050000    0.000000    0.000000 ^ _276_/B (XNOR2X1)
   0.008022    0.065618    0.071669    0.071669 ^ _276_/Y (XNOR2X1)
               0.065618    0.000000    0.071669 ^ _280_/A (NOR3X1)
   0.002312    0.028292    0.049069    0.120739 v _280_/Y (NOR3X1)
               0.028292    0.000000    0.120739 v _281_/C (AOI21X1)
   0.007743    0.053956    0.038780    0.159519 ^ _281_/Y (AOI21X1)
               0.053956    0.000000    0.159519 ^ _285_/A (XNOR2X1)
   0.007562    0.031466    0.043359    0.202878 v _285_/Y (XNOR2X1)
               0.031466    0.000000    0.202878 v _293_/A (AOI21X1)
   0.010702    0.067856    0.068904    0.271781 ^ _293_/Y (AOI21X1)
               0.067856    0.000000    0.271781 ^ _296_/B (NOR3X1)
   0.009856    0.046983    0.057004    0.328785 v _296_/Y (NOR3X1)
               0.046983    0.000000    0.328785 v _298_/C (NAND3X1)
   0.004852    0.048641    0.047427    0.376212 ^ _298_/Y (NAND3X1)
               0.048641    0.000000    0.376212 ^ _303_/A (AOI21X1)
   0.009856    0.035375    0.038551    0.414763 v _303_/Y (AOI21X1)
               0.035375    0.000000    0.414763 v _305_/C (NAND3X1)
   0.010713    0.076148    0.062516    0.477280 ^ _305_/Y (NAND3X1)
               0.076148    0.000000    0.477280 ^ _307_/B (OAI21X1)
   0.009468    0.021990    0.042595    0.519875 v _307_/Y (OAI21X1)
               0.021990    0.000000    0.519875 v _311_/B (NAND3X1)
   0.011319    0.079417    0.064175    0.584049 ^ _311_/Y (NAND3X1)
               0.079417    0.000000    0.584049 ^ _313_/C (NOR3X1)
   0.004781    0.032527    0.043096    0.627145 v _313_/Y (NOR3X1)
               0.032527    0.000000    0.627145 v _319_/A (OAI21X1)
   0.010031    0.077025    0.072167    0.699312 ^ _319_/Y (OAI21X1)
               0.077025    0.000000    0.699312 ^ _320_/B (OR2X1)
   0.007957    0.049358    0.070273    0.769585 ^ _320_/Y (OR2X1)
               0.049358    0.000000    0.769585 ^ _356_/A (AND2X1)
   0.010000    0.067604    0.054411    0.823996 ^ _356_/Y (AND2X1)
               0.067604    0.000000    0.823996 ^ sum[17] (out)
                                       0.823996   data arrival time

               0.000000  100.000000  100.000000   clock vclk (rise edge)
                           0.000000  100.000000   clock network delay (ideal)
                           0.000000  100.000000   clock reconvergence pessimism
                           0.000000  100.000000   output external delay
                                     100.000000   data required time
---------------------------------------------------------------------------------------
                                     100.000000   data required time
                                      -0.823996   data arrival time
---------------------------------------------------------------------------------------
                                      99.176003   slack (MET)


Startpoint: b[0] (input port clocked by vclk)
Endpoint: sum[16] (output port clocked by vclk)
Path Group: vclk
Path Type: max

        Cap        Slew       Delay        Time   Description
---------------------------------------------------------------------------------------
               0.000000    0.000000    0.000000   clock vclk (rise edge)
                           0.000000    0.000000   clock network delay (ideal)
                           0.000000    0.000000 ^ input external delay
   0.011297    0.050000    0.000000    0.000000 ^ b[0] (in)
               0.050000    0.000000    0.000000 ^ _288_/B (XOR2X1)
   0.008009    0.069039    0.071620    0.071620 ^ _288_/Y (XOR2X1)
               0.069039    0.000000    0.071620 ^ _289_/B (AND2X1)
   0.004729    0.038688    0.046052    0.117672 ^ _289_/Y (AND2X1)
               0.038688    0.000000    0.117672 ^ _290_/B (AND2X1)
   0.008009    0.057643    0.058400    0.176072 ^ _290_/Y (AND2X1)
               0.057643    0.000000    0.176072 ^ _291_/B (AND2X1)
   0.008390    0.057397    0.058204    0.234276 ^ _291_/Y (AND2X1)
               0.057397    0.000000    0.234276 ^ _293_/B (AOI21X1)
   0.010272    0.036169    0.049484    0.283760 v _293_/Y (AOI21X1)
               0.036169    0.000000    0.283760 v _296_/B (NOR3X1)
   0.010655    0.091959    0.072526    0.356286 ^ _296_/Y (NOR3X1)
               0.091959    0.000000    0.356286 ^ _298_/C (NAND3X1)
   0.004450    0.019838    0.033009    0.389296 v _298_/Y (NAND3X1)
               0.019838    0.000000    0.389296 v _303_/A (AOI21X1)
   0.010655    0.067461    0.065729    0.455025 ^ _303_/Y (AOI21X1)
               0.067461    0.000000    0.455025 ^ _305_/C (NAND3X1)
   0.009508    0.031520    0.035756    0.490781 v _305_/Y (NAND3X1)
               0.031520    0.000000    0.490781 v _307_/B (OAI21X1)
   0.010520    0.081424    0.071105    0.561886 ^ _307_/Y (OAI21X1)
               0.081424    0.000000    0.561886 ^ _311_/B (NAND3X1)
   0.010603    0.033906    0.043743    0.605629 v _311_/Y (NAND3X1)
               0.033906    0.000000    0.605629 v _313_/C (NOR3X1)
   0.004985    0.063016    0.038006    0.643636 ^ _313_/Y (NOR3X1)
               0.063016    0.000000    0.643636 ^ _315_/A (NOR2X1)
   0.001884    0.002411    0.028770    0.672406 v _315_/Y (NOR2X1)
               0.002411    0.000000    0.672406 v _357_/A (NAND2X1)
   0.002343    0.034555    0.024167    0.696573 ^ _357_/Y (NAND2X1)
               0.034555    0.000000    0.696573 ^ _358_/B (AND2X1)
   0.010000    0.067595    0.064840    0.761413 ^ _358_/Y (AND2X1)
               0.067595    0.000000    0.761413 ^ sum[16] (out)
                                       0.761413   data arrival time

               0.000000  100.000000  100.000000   clock vclk (rise edge)
                           0.000000  100.000000   clock network delay (ideal)
                           0.000000  100.000000   clock reconvergence pessimism
                           0.000000  100.000000   output external delay
                                     100.000000   data required time
---------------------------------------------------------------------------------------
                                     100.000000   data required time
                                      -0.761413   data arrival time
---------------------------------------------------------------------------------------
                                      99.238586   slack (MET)


Startpoint: b[0] (input port clocked by vclk)
Endpoint: sum[15] (output port clocked by vclk)
Path Group: vclk
Path Type: max

        Cap        Slew       Delay        Time   Description
---------------------------------------------------------------------------------------
               0.000000    0.000000    0.000000   clock vclk (rise edge)
                           0.000000    0.000000   clock network delay (ideal)
                           0.000000    0.000000 ^ input external delay
   0.011297    0.050000    0.000000    0.000000 ^ b[0] (in)
               0.050000    0.000000    0.000000 ^ _288_/B (XOR2X1)
   0.008009    0.069039    0.071620    0.071620 ^ _288_/Y (XOR2X1)
               0.069039    0.000000    0.071620 ^ _289_/B (AND2X1)
   0.004729    0.038688    0.046052    0.117672 ^ _289_/Y (AND2X1)
               0.038688    0.000000    0.117672 ^ _290_/B (AND2X1)
   0.008009    0.057643    0.058400    0.176072 ^ _290_/Y (AND2X1)
               0.057643    0.000000    0.176072 ^ _291_/B (AND2X1)
   0.008390    0.057397    0.058204    0.234276 ^ _291_/Y (AND2X1)
               0.057397    0.000000    0.234276 ^ _293_/B (AOI21X1)
   0.010272    0.036169    0.049484    0.283760 v _293_/Y (AOI21X1)
               0.036169    0.000000    0.283760 v _296_/B (NOR3X1)
   0.010655    0.091959    0.072526    0.356286 ^ _296_/Y (NOR3X1)
               0.091959    0.000000    0.356286 ^ _298_/C (NAND3X1)
   0.004450    0.019838    0.033009    0.389296 v _298_/Y (NAND3X1)
               0.019838    0.000000    0.389296 v _303_/A (AOI21X1)
   0.010655    0.067461    0.065729    0.455025 ^ _303_/Y (AOI21X1)
               0.067461    0.000000    0.455025 ^ _305_/C (NAND3X1)
   0.009508    0.031520    0.035756    0.490781 v _305_/Y (NAND3X1)
               0.031520    0.000000    0.490781 v _307_/B (OAI21X1)
   0.010520    0.081424    0.071105    0.561886 ^ _307_/Y (OAI21X1)
               0.081424    0.000000    0.561886 ^ _311_/B (NAND3X1)
   0.010603    0.033906    0.043743    0.605629 v _311_/Y (NAND3X1)
               0.033906    0.000000    0.605629 v _312_/B (NOR2X1)
   0.005589    0.041086    0.044339    0.649968 ^ _312_/Y (NOR2X1)
               0.041086    0.000000    0.649968 ^ _384_/B (XNOR2X1)
   0.010000    0.076042    0.077186    0.727154 ^ _384_/Y (XNOR2X1)
               0.076042    0.000000    0.727154 ^ sum[15] (out)
                                       0.727154   data arrival time

               0.000000  100.000000  100.000000   clock vclk (rise edge)
                           0.000000  100.000000   clock network delay (ideal)
                           0.000000  100.000000   clock reconvergence pessimism
                           0.000000  100.000000   output external delay
                                     100.000000   data required time
---------------------------------------------------------------------------------------
                                     100.000000   data required time
                                      -0.727154   data arrival time
---------------------------------------------------------------------------------------
                                      99.272842   slack (MET)


Startpoint: b[0] (input port clocked by vclk)
Endpoint: sum[14] (output port clocked by vclk)
Path Group: vclk
Path Type: max

        Cap        Slew       Delay        Time   Description
---------------------------------------------------------------------------------------
               0.000000    0.000000    0.000000   clock vclk (rise edge)
                           0.000000    0.000000   clock network delay (ideal)
                           0.000000    0.000000 ^ input external delay
   0.011297    0.050000    0.000000    0.000000 ^ b[0] (in)
               0.050000    0.000000    0.000000 ^ _288_/B (XOR2X1)
   0.008009    0.069039    0.071620    0.071620 ^ _288_/Y (XOR2X1)
               0.069039    0.000000    0.071620 ^ _289_/B (AND2X1)
   0.004729    0.038688    0.046052    0.117672 ^ _289_/Y (AND2X1)
               0.038688    0.000000    0.117672 ^ _290_/B (AND2X1)
   0.008009    0.057643    0.058400    0.176072 ^ _290_/Y (AND2X1)
               0.057643    0.000000    0.176072 ^ _291_/B (AND2X1)
   0.008390    0.057397    0.058204    0.234276 ^ _291_/Y (AND2X1)
               0.057397    0.000000    0.234276 ^ _293_/B (AOI21X1)
   0.010272    0.036169    0.049484    0.283760 v _293_/Y (AOI21X1)
               0.036169    0.000000    0.283760 v _296_/B (NOR3X1)
   0.010655    0.091959    0.072526    0.356286 ^ _296_/Y (NOR3X1)
               0.091959    0.000000    0.356286 ^ _298_/C (NAND3X1)
   0.004450    0.019838    0.033009    0.389296 v _298_/Y (NAND3X1)
               0.019838    0.000000    0.389296 v _303_/A (AOI21X1)
   0.010655    0.067461    0.065729    0.455025 ^ _303_/Y (AOI21X1)
               0.067461    0.000000    0.455025 ^ _305_/C (NAND3X1)
   0.009508    0.031520    0.035756    0.490781 v _305_/Y (NAND3X1)
               0.031520    0.000000    0.490781 v _307_/B (OAI21X1)
   0.010520    0.081424    0.071105    0.561886 ^ _307_/Y (OAI21X1)
               0.081424    0.000000    0.561886 ^ _311_/B (NAND3X1)
   0.010603    0.033906    0.043743    0.605629 v _311_/Y (NAND3X1)
               0.033906    0.000000    0.605629 v _359_/B (XOR2X1)
   0.010000    0.079043    0.076552    0.682181 ^ _359_/Y (XOR2X1)
               0.079043    0.000000    0.682181 ^ sum[14] (out)
                                       0.682181   data arrival time

               0.000000  100.000000  100.000000   clock vclk (rise edge)
                           0.000000  100.000000   clock network delay (ideal)
                           0.000000  100.000000   clock reconvergence pessimism
                           0.000000  100.000000   output external delay
                                     100.000000   data required time
---------------------------------------------------------------------------------------
                                     100.000000   data required time
                                      -0.682181   data arrival time
---------------------------------------------------------------------------------------
                                      99.317818   slack (MET)


Startpoint: b[0] (input port clocked by vclk)
Endpoint: sum[13] (output port clocked by vclk)
Path Group: vclk
Path Type: max

        Cap        Slew       Delay        Time   Description
---------------------------------------------------------------------------------------
               0.000000    0.000000    0.000000   clock vclk (rise edge)
                           0.000000    0.000000   clock network delay (ideal)
                           0.000000    0.000000 ^ input external delay
   0.011297    0.050000    0.000000    0.000000 ^ b[0] (in)
               0.050000    0.000000    0.000000 ^ _288_/B (XOR2X1)
   0.008009    0.069039    0.071620    0.071620 ^ _288_/Y (XOR2X1)
               0.069039    0.000000    0.071620 ^ _289_/B (AND2X1)
   0.004729    0.038688    0.046052    0.117672 ^ _289_/Y (AND2X1)
               0.038688    0.000000    0.117672 ^ _290_/B (AND2X1)
   0.008009    0.057643    0.058400    0.176072 ^ _290_/Y (AND2X1)
               0.057643    0.000000    0.176072 ^ _291_/B (AND2X1)
   0.008390    0.057397    0.058204    0.234276 ^ _291_/Y (AND2X1)
               0.057397    0.000000    0.234276 ^ _293_/B (AOI21X1)
   0.010272    0.036169    0.049484    0.283760 v _293_/Y (AOI21X1)
               0.036169    0.000000    0.283760 v _296_/B (NOR3X1)
   0.010655    0.091959    0.072526    0.356286 ^ _296_/Y (NOR3X1)
               0.091959    0.000000    0.356286 ^ _298_/C (NAND3X1)
   0.004450    0.019838    0.033009    0.389296 v _298_/Y (NAND3X1)
               0.019838    0.000000    0.389296 v _303_/A (AOI21X1)
   0.010655    0.067461    0.065729    0.455025 ^ _303_/Y (AOI21X1)
               0.067461    0.000000    0.455025 ^ _305_/C (NAND3X1)
   0.009508    0.031520    0.035756    0.490781 v _305_/Y (NAND3X1)
               0.031520    0.000000    0.490781 v _307_/B (OAI21X1)
   0.010520    0.081424    0.071105    0.561886 ^ _307_/Y (OAI21X1)
               0.081424    0.000000    0.561886 ^ _309_/A (AND2X1)
   0.005001    0.038452    0.038499    0.600385 ^ _309_/Y (AND2X1)
               0.038452    0.000000    0.600385 ^ _360_/A (XNOR2X1)
   0.010000    0.075710    0.063542    0.663927 ^ _360_/Y (XNOR2X1)
               0.075710    0.000000    0.663927 ^ sum[13] (out)
                                       0.663927   data arrival time

               0.000000  100.000000  100.000000   clock vclk (rise edge)
                           0.000000  100.000000   clock network delay (ideal)
                           0.000000  100.000000   clock reconvergence pessimism
                           0.000000  100.000000   output external delay
                                     100.000000   data required time
---------------------------------------------------------------------------------------
                                     100.000000   data required time
                                      -0.663927   data arrival time
---------------------------------------------------------------------------------------
                                      99.336075   slack (MET)


