
6. Printing statistics.

=== adder_top ===

        +----------Local Count, excluding submodules.
        |        +-Local Area, excluding submodules.
        |        | 
       35        - wires
       56        - wire bits
        5        - public wires
       26        - public wire bits
        5        - ports
       26        - port bits
       39  415.498 cells
        2   25.402   sg13g2_a21o_1
        2   18.144   sg13g2_a21oi_1
        2   18.144   sg13g2_and2_1
        5   27.216   sg13g2_inv_1
        4    29.03   sg13g2_nand2_1
        1    9.072   sg13g2_nand2b_1
        1    7.258   sg13g2_nor2_1
        2   18.144   sg13g2_nor2b_1
        4   36.288   sg13g2_o21ai_1
        1    9.072   sg13g2_or2_1
       11  159.667   sg13g2_xnor2_1
        4   58.061   sg13g2_xor2_1

   Chip area for module '\adder_top': 415.497600
     of which used for sequential elements: 0.000000 (0.00%)

