OpenSTA 3.1.0 543361765b Copyright (c) 2026, Parallax Software, Inc.
License GPLv3: GNU GPL version 3 <http://gnu.org/licenses/gpl.html>

This is free software, and you are free to change and redistribute it
under certain conditions; type `show_copying' for details. 
This program comes with ABSOLUTELY NO WARRANTY; for details type `show_warranty'.
Startpoint: a[0] (input port clocked by vclk)
Endpoint: sum[7] (output port clocked by vclk)
Path Group: vclk
Path Type: max

        Cap        Slew       Delay        Time   Description
---------------------------------------------------------------------------------------
               0.000000    0.000000    0.000000   clock vclk (rise edge)
                           0.000000    0.000000   clock network delay (ideal)
                           0.000000    0.000000 v input external delay
   0.005035    0.050000    0.000000    0.000000 v a[0] (in)
               0.050000    0.000000    0.000000 v _36_/A (sg13g2_or2_1)
   0.005921    0.036782    0.118697    0.118697 v _36_/X (sg13g2_or2_1)
               0.036782    0.000000    0.118697 v _38_/A2 (sg13g2_a21oi_1)
   0.008011    0.093804    0.102932    0.221628 ^ _38_/Y (sg13g2_a21oi_1)
               0.093804    0.000000    0.221628 ^ _40_/B (sg13g2_xnor2_1)
   0.008257    0.103847    0.121170    0.342799 ^ _40_/Y (sg13g2_xnor2_1)
               0.103847    0.000000    0.342799 ^ _41_/A2 (sg13g2_a21oi_1)
   0.007914    0.073121    0.106442    0.449241 v _41_/Y (sg13g2_a21oi_1)
               0.073121    0.000000    0.449241 v _43_/B (sg13g2_xnor2_1)
   0.008109    0.103094    0.110576    0.559817 ^ _43_/Y (sg13g2_xnor2_1)
               0.103094    0.000000    0.559817 ^ _44_/A2 (sg13g2_a21o_1)
   0.011391    0.061272    0.152711    0.712528 ^ _44_/X (sg13g2_a21o_1)
               0.061272    0.000000    0.712528 ^ _46_/B (sg13g2_nor2_1)
   0.003257    0.027192    0.040042    0.752570 v _46_/Y (sg13g2_nor2_1)
               0.027192    0.000000    0.752570 v _48_/A2 (sg13g2_o21ai_1)
   0.007866    0.114472    0.110476    0.863045 ^ _48_/Y (sg13g2_o21ai_1)
               0.114472    0.000000    0.863045 ^ _50_/B (sg13g2_xor2_1)
   0.007863    0.094279    0.151347    1.014393 ^ _50_/X (sg13g2_xor2_1)
               0.094279    0.000000    1.014393 ^ _51_/A2 (sg13g2_a21o_1)
   0.008140    0.048863    0.139300    1.153693 ^ _51_/X (sg13g2_a21o_1)
               0.048863    0.000000    1.153693 ^ _53_/B (sg13g2_xnor2_1)
   0.008451    0.101992    0.102996    1.256688 ^ _53_/Y (sg13g2_xnor2_1)
               0.101992    0.000000    1.256688 ^ _54_/A2 (sg13g2_o21ai_1)
   0.007953    0.067504    0.096599    1.353288 v _54_/Y (sg13g2_o21ai_1)
               0.067504    0.000000    1.353288 v _56_/B (sg13g2_xnor2_1)
   0.008313    0.070545    0.122064    1.475352 v _56_/Y (sg13g2_xnor2_1)
               0.070545    0.000000    1.475352 v _57_/A2 (sg13g2_o21ai_1)
   0.008140    0.121438    0.129660    1.605012 ^ _57_/Y (sg13g2_o21ai_1)
               0.121438    0.000000    1.605012 ^ _59_/B (sg13g2_xnor2_1)
   0.008451    0.105138    0.130010    1.735022 ^ _59_/Y (sg13g2_xnor2_1)
               0.105138    0.000000    1.735022 ^ _65_/B (sg13g2_xnor2_1)
   0.010000    0.117353    0.130090    1.865112 ^ _65_/Y (sg13g2_xnor2_1)
               0.117353    0.000000    1.865112 ^ sum[7] (out)
                                       1.865112   data arrival time

               0.000000  100.000000  100.000000   clock vclk (rise edge)
                           0.000000  100.000000   clock network delay (ideal)
                           0.000000  100.000000   clock reconvergence pessimism
                           0.000000  100.000000   output external delay
                                     100.000000   data required time
---------------------------------------------------------------------------------------
                                     100.000000   data required time
                                      -1.865112   data arrival time
---------------------------------------------------------------------------------------
                                      98.134888   slack (MET)


Startpoint: a[0] (input port clocked by vclk)
Endpoint: cout (output port clocked by vclk)
Path Group: vclk
Path Type: max

        Cap        Slew       Delay        Time   Description
---------------------------------------------------------------------------------------
               0.000000    0.000000    0.000000   clock vclk (rise edge)
                           0.000000    0.000000   clock network delay (ideal)
                           0.000000    0.000000 v input external delay
   0.005035    0.050000    0.000000    0.000000 v a[0] (in)
               0.050000    0.000000    0.000000 v _36_/A (sg13g2_or2_1)
   0.005921    0.036782    0.118697    0.118697 v _36_/X (sg13g2_or2_1)
               0.036782    0.000000    0.118697 v _38_/A2 (sg13g2_a21oi_1)
   0.008011    0.093804    0.102932    0.221628 ^ _38_/Y (sg13g2_a21oi_1)
               0.093804    0.000000    0.221628 ^ _40_/B (sg13g2_xnor2_1)
   0.008257    0.103847    0.121170    0.342799 ^ _40_/Y (sg13g2_xnor2_1)
               0.103847    0.000000    0.342799 ^ _41_/A2 (sg13g2_a21oi_1)
   0.007914    0.073121    0.106442    0.449241 v _41_/Y (sg13g2_a21oi_1)
               0.073121    0.000000    0.449241 v _43_/B (sg13g2_xnor2_1)
   0.008109    0.103094    0.110576    0.559817 ^ _43_/Y (sg13g2_xnor2_1)
               0.103094    0.000000    0.559817 ^ _44_/A2 (sg13g2_a21o_1)
   0.011391    0.061272    0.152711    0.712528 ^ _44_/X (sg13g2_a21o_1)
               0.061272    0.000000    0.712528 ^ _46_/B (sg13g2_nor2_1)
   0.003257    0.027192    0.040042    0.752570 v _46_/Y (sg13g2_nor2_1)
               0.027192    0.000000    0.752570 v _48_/A2 (sg13g2_o21ai_1)
   0.007866    0.114472    0.110476    0.863045 ^ _48_/Y (sg13g2_o21ai_1)
               0.114472    0.000000    0.863045 ^ _50_/B (sg13g2_xor2_1)
   0.007863    0.094279    0.151347    1.014393 ^ _50_/X (sg13g2_xor2_1)
               0.094279    0.000000    1.014393 ^ _51_/A2 (sg13g2_a21o_1)
   0.008140    0.048863    0.139300    1.153693 ^ _51_/X (sg13g2_a21o_1)
               0.048863    0.000000    1.153693 ^ _53_/B (sg13g2_xnor2_1)
   0.008313    0.070545    0.082875    1.236567 v _53_/Y (sg13g2_xnor2_1)
               0.070545    0.000000    1.236567 v _54_/A2 (sg13g2_o21ai_1)
   0.008140    0.121438    0.129660    1.366228 ^ _54_/Y (sg13g2_o21ai_1)
               0.121438    0.000000    1.366228 ^ _56_/B (sg13g2_xnor2_1)
   0.008451    0.105049    0.130010    1.496237 ^ _56_/Y (sg13g2_xnor2_1)
               0.105049    0.000000    1.496237 ^ _57_/A2 (sg13g2_o21ai_1)
   0.007953    0.068242    0.097318    1.593555 v _57_/Y (sg13g2_o21ai_1)
               0.068242    0.000000    1.593555 v _59_/B (sg13g2_xnor2_1)
   0.008313    0.070545    0.122372    1.715927 v _59_/Y (sg13g2_xnor2_1)
               0.070545    0.000000    1.715927 v _60_/A2 (sg13g2_o21ai_1)
   0.010000    0.138668    0.143121    1.859048 ^ _60_/Y (sg13g2_o21ai_1)
               0.138668    0.000000    1.859048 ^ cout (out)
                                       1.859048   data arrival time

               0.000000  100.000000  100.000000   clock vclk (rise edge)
                           0.000000  100.000000   clock network delay (ideal)
                           0.000000  100.000000   clock reconvergence pessimism
                           0.000000  100.000000   output external delay
                                     100.000000   data required time
---------------------------------------------------------------------------------------
                                     100.000000   data required time
                                      -1.859048   data arrival time
---------------------------------------------------------------------------------------
                                      98.140945   slack (MET)


Startpoint: a[0] (input port clocked by vclk)
Endpoint: sum[6] (output port clocked by vclk)
Path Group: vclk
Path Type: max

        Cap        Slew       Delay        Time   Description
---------------------------------------------------------------------------------------
               0.000000    0.000000    0.000000   clock vclk (rise edge)
                           0.000000    0.000000   clock network delay (ideal)
                           0.000000    0.000000 v input external delay
   0.005035    0.050000    0.000000    0.000000 v a[0] (in)
               0.050000    0.000000    0.000000 v _36_/A (sg13g2_or2_1)
   0.005921    0.036782    0.118697    0.118697 v _36_/X (sg13g2_or2_1)
               0.036782    0.000000    0.118697 v _38_/A2 (sg13g2_a21oi_1)
   0.008011    0.093804    0.102932    0.221628 ^ _38_/Y (sg13g2_a21oi_1)
               0.093804    0.000000    0.221628 ^ _40_/B (sg13g2_xnor2_1)
   0.008257    0.103847    0.121170    0.342799 ^ _40_/Y (sg13g2_xnor2_1)
               0.103847    0.000000    0.342799 ^ _41_/A2 (sg13g2_a21oi_1)
   0.007914    0.073121    0.106442    0.449241 v _41_/Y (sg13g2_a21oi_1)
               0.073121    0.000000    0.449241 v _43_/B (sg13g2_xnor2_1)
   0.008109    0.103094    0.110576    0.559817 ^ _43_/Y (sg13g2_xnor2_1)
               0.103094    0.000000    0.559817 ^ _44_/A2 (sg13g2_a21o_1)
   0.011391    0.061272    0.152711    0.712528 ^ _44_/X (sg13g2_a21o_1)
               0.061272    0.000000    0.712528 ^ _46_/B (sg13g2_nor2_1)
   0.003257    0.027192    0.040042    0.752570 v _46_/Y (sg13g2_nor2_1)
               0.027192    0.000000    0.752570 v _48_/A2 (sg13g2_o21ai_1)
   0.007866    0.114472    0.110476    0.863045 ^ _48_/Y (sg13g2_o21ai_1)
               0.114472    0.000000    0.863045 ^ _50_/B (sg13g2_xor2_1)
   0.007863    0.094279    0.151347    1.014393 ^ _50_/X (sg13g2_xor2_1)
               0.094279    0.000000    1.014393 ^ _51_/A2 (sg13g2_a21o_1)
   0.008140    0.048863    0.139300    1.153693 ^ _51_/X (sg13g2_a21o_1)
               0.048863    0.000000    1.153693 ^ _53_/B (sg13g2_xnor2_1)
   0.008313    0.070545    0.082875    1.236567 v _53_/Y (sg13g2_xnor2_1)
               0.070545    0.000000    1.236567 v _54_/A2 (sg13g2_o21ai_1)
   0.008140    0.121438    0.129660    1.366228 ^ _54_/Y (sg13g2_o21ai_1)
               0.121438    0.000000    1.366228 ^ _56_/B (sg13g2_xnor2_1)
   0.008451    0.105049    0.130010    1.496237 ^ _56_/Y (sg13g2_xnor2_1)
               0.105049    0.000000    1.496237 ^ _61_/B (sg13g2_xnor2_1)
   0.010000    0.117353    0.130065    1.626302 ^ _61_/Y (sg13g2_xnor2_1)
               0.117353    0.000000    1.626302 ^ sum[6] (out)
                                       1.626302   data arrival time

               0.000000  100.000000  100.000000   clock vclk (rise edge)
                           0.000000  100.000000   clock network delay (ideal)
                           0.000000  100.000000   clock reconvergence pessimism
                           0.000000  100.000000   output external delay
                                     100.000000   data required time
---------------------------------------------------------------------------------------
                                     100.000000   data required time
                                      -1.626302   data arrival time
---------------------------------------------------------------------------------------
                                      98.373695   slack (MET)


Startpoint: a[0] (input port clocked by vclk)
Endpoint: sum[5] (output port clocked by vclk)
Path Group: vclk
Path Type: max

        Cap        Slew       Delay        Time   Description
---------------------------------------------------------------------------------------
               0.000000    0.000000    0.000000   clock vclk (rise edge)
                           0.000000    0.000000   clock network delay (ideal)
                           0.000000    0.000000 v input external delay
   0.005035    0.050000    0.000000    0.000000 v a[0] (in)
               0.050000    0.000000    0.000000 v _36_/A (sg13g2_or2_1)
   0.005921    0.036782    0.118697    0.118697 v _36_/X (sg13g2_or2_1)
               0.036782    0.000000    0.118697 v _38_/A2 (sg13g2_a21oi_1)
   0.008011    0.093804    0.102932    0.221628 ^ _38_/Y (sg13g2_a21oi_1)
               0.093804    0.000000    0.221628 ^ _40_/B (sg13g2_xnor2_1)
   0.008257    0.103847    0.121170    0.342799 ^ _40_/Y (sg13g2_xnor2_1)
               0.103847    0.000000    0.342799 ^ _41_/A2 (sg13g2_a21oi_1)
   0.007914    0.073121    0.106442    0.449241 v _41_/Y (sg13g2_a21oi_1)
               0.073121    0.000000    0.449241 v _43_/B (sg13g2_xnor2_1)
   0.008109    0.103094    0.110576    0.559817 ^ _43_/Y (sg13g2_xnor2_1)
               0.103094    0.000000    0.559817 ^ _44_/A2 (sg13g2_a21o_1)
   0.011391    0.061272    0.152711    0.712528 ^ _44_/X (sg13g2_a21o_1)
               0.061272    0.000000    0.712528 ^ _46_/B (sg13g2_nor2_1)
   0.003257    0.027192    0.040042    0.752570 v _46_/Y (sg13g2_nor2_1)
               0.027192    0.000000    0.752570 v _48_/A2 (sg13g2_o21ai_1)
   0.007866    0.114472    0.110476    0.863045 ^ _48_/Y (sg13g2_o21ai_1)
               0.114472    0.000000    0.863045 ^ _50_/B (sg13g2_xor2_1)
   0.007863    0.094279    0.151347    1.014393 ^ _50_/X (sg13g2_xor2_1)
               0.094279    0.000000    1.014393 ^ _51_/A2 (sg13g2_a21o_1)
   0.008140    0.048863    0.139300    1.153693 ^ _51_/X (sg13g2_a21o_1)
               0.048863    0.000000    1.153693 ^ _53_/B (sg13g2_xnor2_1)
   0.008451    0.101992    0.102996    1.256688 ^ _53_/Y (sg13g2_xnor2_1)
               0.101992    0.000000    1.256688 ^ _67_/B (sg13g2_xnor2_1)
   0.010000    0.117353    0.129191    1.385879 ^ _67_/Y (sg13g2_xnor2_1)
               0.117353    0.000000    1.385879 ^ sum[5] (out)
                                       1.385879   data arrival time

               0.000000  100.000000  100.000000   clock vclk (rise edge)
                           0.000000  100.000000   clock network delay (ideal)
                           0.000000  100.000000   clock reconvergence pessimism
                           0.000000  100.000000   output external delay
                                     100.000000   data required time
---------------------------------------------------------------------------------------
                                     100.000000   data required time
                                      -1.385879   data arrival time
---------------------------------------------------------------------------------------
                                      98.614120   slack (MET)


Startpoint: a[0] (input port clocked by vclk)
Endpoint: sum[4] (output port clocked by vclk)
Path Group: vclk
Path Type: max

        Cap        Slew       Delay        Time   Description
---------------------------------------------------------------------------------------
               0.000000    0.000000    0.000000   clock vclk (rise edge)
                           0.000000    0.000000   clock network delay (ideal)
                           0.000000    0.000000 v input external delay
   0.005035    0.050000    0.000000    0.000000 v a[0] (in)
               0.050000    0.000000    0.000000 v _36_/A (sg13g2_or2_1)
   0.005921    0.036782    0.118697    0.118697 v _36_/X (sg13g2_or2_1)
               0.036782    0.000000    0.118697 v _38_/A2 (sg13g2_a21oi_1)
   0.008011    0.093804    0.102932    0.221628 ^ _38_/Y (sg13g2_a21oi_1)
               0.093804    0.000000    0.221628 ^ _40_/B (sg13g2_xnor2_1)
   0.008257    0.103847    0.121170    0.342799 ^ _40_/Y (sg13g2_xnor2_1)
               0.103847    0.000000    0.342799 ^ _41_/A2 (sg13g2_a21oi_1)
   0.007914    0.073121    0.106442    0.449241 v _41_/Y (sg13g2_a21oi_1)
               0.073121    0.000000    0.449241 v _43_/B (sg13g2_xnor2_1)
   0.008109    0.103094    0.110576    0.559817 ^ _43_/Y (sg13g2_xnor2_1)
               0.103094    0.000000    0.559817 ^ _44_/A2 (sg13g2_a21o_1)
   0.011391    0.061272    0.152711    0.712528 ^ _44_/X (sg13g2_a21o_1)
               0.061272    0.000000    0.712528 ^ _46_/B (sg13g2_nor2_1)
   0.003257    0.027192    0.040042    0.752570 v _46_/Y (sg13g2_nor2_1)
               0.027192    0.000000    0.752570 v _48_/A2 (sg13g2_o21ai_1)
   0.007866    0.114472    0.110476    0.863045 ^ _48_/Y (sg13g2_o21ai_1)
               0.114472    0.000000    0.863045 ^ _50_/B (sg13g2_xor2_1)
   0.007863    0.094279    0.151347    1.014393 ^ _50_/X (sg13g2_xor2_1)
               0.094279    0.000000    1.014393 ^ _62_/B (sg13g2_xnor2_1)
   0.010000    0.118392    0.126678    1.141071 ^ _62_/Y (sg13g2_xnor2_1)
               0.118392    0.000000    1.141071 ^ sum[4] (out)
                                       1.141071   data arrival time

               0.000000  100.000000  100.000000   clock vclk (rise edge)
                           0.000000  100.000000   clock network delay (ideal)
                           0.000000  100.000000   clock reconvergence pessimism
                           0.000000  100.000000   output external delay
                                     100.000000   data required time
---------------------------------------------------------------------------------------
                                     100.000000   data required time
                                      -1.141071   data arrival time
---------------------------------------------------------------------------------------
                                      98.858932   slack (MET)


Startpoint: a[0] (input port clocked by vclk)
Endpoint: sum[3] (output port clocked by vclk)
Path Group: vclk
Path Type: max

        Cap        Slew       Delay        Time   Description
---------------------------------------------------------------------------------------
               0.000000    0.000000    0.000000   clock vclk (rise edge)
                           0.000000    0.000000   clock network delay (ideal)
                           0.000000    0.000000 v input external delay
   0.005035    0.050000    0.000000    0.000000 v a[0] (in)
               0.050000    0.000000    0.000000 v _36_/A (sg13g2_or2_1)
   0.005921    0.036782    0.118697    0.118697 v _36_/X (sg13g2_or2_1)
               0.036782    0.000000    0.118697 v _38_/A2 (sg13g2_a21oi_1)
   0.008011    0.093804    0.102932    0.221628 ^ _38_/Y (sg13g2_a21oi_1)
               0.093804    0.000000    0.221628 ^ _40_/B (sg13g2_xnor2_1)
   0.008257    0.103847    0.121170    0.342799 ^ _40_/Y (sg13g2_xnor2_1)
               0.103847    0.000000    0.342799 ^ _41_/A2 (sg13g2_a21oi_1)
   0.007914    0.073121    0.106442    0.449241 v _41_/Y (sg13g2_a21oi_1)
               0.073121    0.000000    0.449241 v _43_/B (sg13g2_xnor2_1)
   0.007861    0.068074    0.122534    0.571775 v _43_/Y (sg13g2_xnor2_1)
               0.068074    0.000000    0.571775 v _44_/A2 (sg13g2_a21o_1)
   0.010842    0.050371    0.148630    0.720405 v _44_/X (sg13g2_a21o_1)
               0.050371    0.000000    0.720405 v _47_/B (sg13g2_xor2_1)
   0.005056    0.057029    0.104916    0.825321 v _47_/X (sg13g2_xor2_1)
               0.057029    0.000000    0.825321 v _63_/B (sg13g2_xnor2_1)
   0.010000    0.079776    0.124660    0.949980 v _63_/Y (sg13g2_xnor2_1)
               0.079776    0.000000    0.949980 v sum[3] (out)
                                       0.949980   data arrival time

               0.000000  100.000000  100.000000   clock vclk (rise edge)
                           0.000000  100.000000   clock network delay (ideal)
                           0.000000  100.000000   clock reconvergence pessimism
                           0.000000  100.000000   output external delay
                                     100.000000   data required time
---------------------------------------------------------------------------------------
                                     100.000000   data required time
                                      -0.949980   data arrival time
---------------------------------------------------------------------------------------
                                      99.050018   slack (MET)


Startpoint: a[0] (input port clocked by vclk)
Endpoint: sum[2] (output port clocked by vclk)
Path Group: vclk
Path Type: max

        Cap        Slew       Delay        Time   Description
---------------------------------------------------------------------------------------
               0.000000    0.000000    0.000000   clock vclk (rise edge)
                           0.000000    0.000000   clock network delay (ideal)
                           0.000000    0.000000 v input external delay
   0.005035    0.050000    0.000000    0.000000 v a[0] (in)
               0.050000    0.000000    0.000000 v _36_/A (sg13g2_or2_1)
   0.005921    0.036782    0.118697    0.118697 v _36_/X (sg13g2_or2_1)
               0.036782    0.000000    0.118697 v _38_/A2 (sg13g2_a21oi_1)
   0.008011    0.093804    0.102932    0.221628 ^ _38_/Y (sg13g2_a21oi_1)
               0.093804    0.000000    0.221628 ^ _40_/B (sg13g2_xnor2_1)
   0.008257    0.103847    0.121170    0.342799 ^ _40_/Y (sg13g2_xnor2_1)
               0.103847    0.000000    0.342799 ^ _41_/A2 (sg13g2_a21oi_1)
   0.007914    0.073121    0.106442    0.449241 v _41_/Y (sg13g2_a21oi_1)
               0.073121    0.000000    0.449241 v _43_/B (sg13g2_xnor2_1)
   0.008109    0.103094    0.110576    0.559817 ^ _43_/Y (sg13g2_xnor2_1)
               0.103094    0.000000    0.559817 ^ _66_/B (sg13g2_xor2_1)
   0.010000    0.111479    0.160601    0.720418 ^ _66_/X (sg13g2_xor2_1)
               0.111479    0.000000    0.720418 ^ sum[2] (out)
                                       0.720418   data arrival time

               0.000000  100.000000  100.000000   clock vclk (rise edge)
                           0.000000  100.000000   clock network delay (ideal)
                           0.000000  100.000000   clock reconvergence pessimism
                           0.000000  100.000000   output external delay
                                     100.000000   data required time
---------------------------------------------------------------------------------------
                                     100.000000   data required time
                                      -0.720418   data arrival time
---------------------------------------------------------------------------------------
                                      99.279579   slack (MET)


Startpoint: a[0] (input port clocked by vclk)
Endpoint: sum[1] (output port clocked by vclk)
Path Group: vclk
Path Type: max

        Cap        Slew       Delay        Time   Description
---------------------------------------------------------------------------------------
               0.000000    0.000000    0.000000   clock vclk (rise edge)
                           0.000000    0.000000   clock network delay (ideal)
                           0.000000    0.000000 v input external delay
   0.005035    0.050000    0.000000    0.000000 v a[0] (in)
               0.050000    0.000000    0.000000 v _36_/A (sg13g2_or2_1)
   0.005921    0.036782    0.118697    0.118697 v _36_/X (sg13g2_or2_1)
               0.036782    0.000000    0.118697 v _38_/A2 (sg13g2_a21oi_1)
   0.008011    0.093804    0.102932    0.221628 ^ _38_/Y (sg13g2_a21oi_1)
               0.093804    0.000000    0.221628 ^ _40_/B (sg13g2_xnor2_1)
   0.008257    0.103847    0.121170    0.342799 ^ _40_/Y (sg13g2_xnor2_1)
               0.103847    0.000000    0.342799 ^ _68_/B (sg13g2_xor2_1)
   0.010000    0.111479    0.160813    0.503612 ^ _68_/X (sg13g2_xor2_1)
               0.111479    0.000000    0.503612 ^ sum[1] (out)
                                       0.503612   data arrival time

               0.000000  100.000000  100.000000   clock vclk (rise edge)
                           0.000000  100.000000   clock network delay (ideal)
                           0.000000  100.000000   clock reconvergence pessimism
                           0.000000  100.000000   output external delay
                                     100.000000   data required time
---------------------------------------------------------------------------------------
                                     100.000000   data required time
                                      -0.503612   data arrival time
---------------------------------------------------------------------------------------
                                      99.496384   slack (MET)


Startpoint: cin (input port clocked by vclk)
Endpoint: sum[0] (output port clocked by vclk)
Path Group: vclk
Path Type: max

        Cap        Slew       Delay        Time   Description
---------------------------------------------------------------------------------------
               0.000000    0.000000    0.000000   clock vclk (rise edge)
                           0.000000    0.000000   clock network delay (ideal)
                           0.000000    0.000000 v input external delay
   0.004752    0.050000    0.000000    0.000000 v cin (in)
               0.050000    0.000000    0.000000 v _35_/B (sg13g2_and2_1)
   0.005006    0.027688    0.086068    0.086068 v _35_/X (sg13g2_and2_1)
               0.027688    0.000000    0.086068 v _37_/A_N (sg13g2_nand2b_1)
   0.005056    0.044920    0.083651    0.169719 v _37_/Y (sg13g2_nand2b_1)
               0.044920    0.000000    0.169719 v _64_/B (sg13g2_xnor2_1)
   0.010000    0.079782    0.119585    0.289305 v _64_/Y (sg13g2_xnor2_1)
               0.079782    0.000000    0.289305 v sum[0] (out)
                                       0.289305   data arrival time

               0.000000  100.000000  100.000000   clock vclk (rise edge)
                           0.000000  100.000000   clock network delay (ideal)
                           0.000000  100.000000   clock reconvergence pessimism
                           0.000000  100.000000   output external delay
                                     100.000000   data required time
---------------------------------------------------------------------------------------
                                     100.000000   data required time
                                      -0.289305   data arrival time
---------------------------------------------------------------------------------------
                                      99.710693   slack (MET)


