$ /usr/bin/time -v -o /home/duhaochen/website-trial-v1/data/spice-model-benchmark/131f455ebbf4c5172c50d8cae77e19a4/ngspice/resource.txt /usr/bin/python -m spice_model_benchmark.cli /home/duhaochen/pipeline_full_collection/benchmark-inputs/131f455ebbf4c5172c50d8cae77e19a4/ngspice.lib --simulator ngspice --modes dc transient ac noise --output-dir /home/duhaochen/website-trial-v1/data/spice-model-benchmark/131f455ebbf4c5172c50d8cae77e19a4 --dpi 120 --log-level WARNING
/home/duhaochen/spice_model_benchmark/src/spice_model_benchmark/verification_manager.py:1557: RuntimeWarning: divide by zero encountered in divide
  tc = np.mean((d_ids / d_temp) / np.abs(i_ds[:-1]))
SPICE Model Benchmark: /home/duhaochen/pipeline_full_collection/benchmark-inputs/131f455ebbf4c5172c50d8cae77e19a4/ngspice.lib
Simulators: ngspice
Modes: dc, transient, ac, noise
------------------------------------------------------------

============================================================
  Running: NGSPICE
  Output:  /home/duhaochen/website-trial-v1/data/spice-model-benchmark/131f455ebbf4c5172c50d8cae77e19a4/ngspice
============================================================
Vgs range: -1.200V to 0.000V
Ids range: 0.000e+00A to 7.052e-04A
Selected Vgs values: [-1.2 -1.  -0.8 -0.6 -0.4 -0.2  0. ]
Vgs=-1.200V: Ids range 0.000e+00A to 7.052e-04A
Vgs=-1.000V: Ids range 0.000e+00A to 3.724e-04A
Vgs=-0.800V: Ids range 0.000e+00A to 1.305e-04A
Vgs=-0.600V: Ids range 0.000e+00A to 8.962e-06A
Vgs=-0.400V: Ids range 0.000e+00A to 1.795e-07A
Vgs=-0.200V: Ids range 0.000e+00A to 2.026e-09A
Vgs=0.000V: Ids range 4.409e-16A to 1.916e-11A
ids_variation: 6.879070260963459
ids_variation <= max_variation: False
tc: inf
abs(tc) <= max_tc: False
[WARNING]: Temperature effects verification failed - effects outside expected range
/home/duhaochen/spice_model_benchmark/src/spice_model_benchmark/verification_manager.py:1817: RuntimeWarning: divide by zero encountered in log
  log_ids = np.log(np.abs(i_ds))
/home/duhaochen/.local/lib/python3.9/site-packages/numpy/lib/function_base.py:2742: RuntimeWarning: invalid value encountered in subtract
  X -= avg[:, None]
/home/duhaochen/spice_model_benchmark/src/spice_model_benchmark/verification_manager.py:1862: RuntimeWarning: divide by zero encountered in divide
  efficiency = np.abs(gm / i_ds)  # Transconductance efficiency
[INFO]: S-parameter analysis plot saved to /home/duhaochen/website-trial-v1/data/spice-model-benchmark/131f455ebbf4c5172c50d8cae77e19a4/ngspice/plots/ac_cv_sparameter_analysis.png
[INFO]: NQS effects plot saved to /home/duhaochen/website-trial-v1/data/spice-model-benchmark/131f455ebbf4c5172c50d8cae77e19a4/ngspice/plots/ac_cv_nqs_effects.png
[INFO]: S-parameter analysis plot saved to /home/duhaochen/website-trial-v1/data/spice-model-benchmark/131f455ebbf4c5172c50d8cae77e19a4/ngspice/plots/ac_cv_sparameter_analysis.png
norm_dvg: [2.50000000e+11 1.25000000e+11 6.25000000e+10 3.12500000e+10
 1.56250000e+10 7.81249995e+09 6.37300439e+09 5.00097942e+09
 4.61886578e+09 4.27659659e+09 3.90828923e+09 3.71131054e+09
 3.42423962e+09 3.19598623e+09 3.03712054e+09 2.89360276e+09
 2.75656870e+09 2.62840665e+09 2.50148436e+09 2.47110225e+09
 2.44394488e+09 2.42539920e+09 2.40484047e+09 2.37748361e+09
 2.35184169e+09 2.32428445e+09 2.30838578e+09 2.29818183e+09
 2.28717047e+09 2.27277196e+09 2.25521167e+09 2.24083714e+09
 2.22462973e+09 2.20699259e+09 2.19508627e+09 2.18103531e+09
 2.16732769e+09 2.15479913e+09 2.14097929e+09 2.12437176e+09
 2.10731944e+09 2.08493695e+09 2.05784789e+09 2.02851190e+09
 2.00000000e+09 1.99660528e+09 1.98984775e+09 1.97647122e+09
 1.95024974e+09 1.89984068e+09 1.80645567e+09 1.64476205e+09
 1.51447851e+09 1.35525722e+09 1.19369896e+09 1.08829788e+09
 1.00000195e+09 9.98296096e+08 9.94906127e+08 9.88196717e+08
 9.75044191e+08 9.49761361e+08 9.02935821e+08 8.21893191e+08
 6.96809468e+08 5.34207610e+08 3.74261106e+08 2.88024124e+08
 2.34086156e+08 1.97163550e+08 1.70301717e+08 1.49881637e+08
 1.33834205e+08 1.20890751e+08 1.10230110e+08 1.02187156e+08
 9.52380952e+07 9.52180066e+07 9.51785838e+07 9.51004737e+07
 9.49430489e+07 9.46303893e+07 9.40113502e+07 9.34478366e+07
 9.32126503e+07 9.30067566e+07 9.28656765e+07 9.26965961e+07
 9.25127812e+07 9.23784131e+07 9.22361850e+07 9.20896062e+07
 9.19267853e+07 9.17715699e+07 9.17220592e+07 9.16796160e+07
 9.16511136e+07 9.16216054e+07 9.15826603e+07 9.15422853e+07
 9.14948278e+07 9.14728072e+07 9.14510612e+07 9.14372502e+07
 9.14123759e+07 9.13890121e+07 9.13680933e+07 9.13414950e+07
 9.13165647e+07 9.12915288e+07 9.12702855e+07 9.12521641e+07
 9.12194847e+07 9.11951241e+07 9.11681571e+07 9.11371066e+07
 9.10976494e+07 9.10476134e+07 9.09768039e+07 9.09070094e+07
 9.08986224e+07 9.08721275e+07 9.08305962e+07 9.07458839e+07
 9.05769324e+07 9.02408915e+07 8.95763434e+07 8.82759752e+07
 8.75206017e+07 8.71688439e+07 8.68482366e+07 8.65966587e+07
 8.62461476e+07 8.59502074e+07 8.56222456e+07 8.53043580e+07
 8.47172951e+07 8.40196724e+07 8.33337511e+07 8.32869708e+07
 8.31951293e+07 8.30112746e+07 8.26463786e+07 8.19259362e+07
 8.05221829e+07 7.78541597e+07 7.32894489e+07 6.92303647e+07
 6.55973044e+07 6.23265406e+07 5.93664572e+07 5.66747919e+07
 5.42166194e+07 5.19628183e+07 0.00000000e+00 0.00000000e+00
 0.00000000e+00 0.00000000e+00 0.00000000e+00 0.00000000e+00
 0.00000000e+00 0.00000000e+00 0.00000000e+00 0.00000000e+00
 0.00000000e+00 0.00000000e+00 0.00000000e+00 0.00000000e+00
 0.00000000e+00 0.00000000e+00 0.00000000e+00 0.00000000e+00
 0.00000000e+00 0.00000000e+00 0.00000000e+00 0.00000000e+00
 0.00000000e+00 0.00000000e+00 0.00000000e+00 0.00000000e+00
 0.00000000e+00 0.00000000e+00 0.00000000e+00 0.00000000e+00
 0.00000000e+00 0.00000000e+00 0.00000000e+00 0.00000000e+00
 0.00000000e+00 0.00000000e+00 0.00000000e+00 0.00000000e+00
 0.00000000e+00 0.00000000e+00 0.00000000e+00 0.00000000e+00
 0.00000000e+00 0.00000000e+00 0.00000000e+00 0.00000000e+00
 0.00000000e+00 0.00000000e+00 0.00000000e+00 0.00000000e+00
 0.00000000e+00 0.00000000e+00 0.00000000e+00 0.00000000e+00
 0.00000000e+00 0.00000000e+00 0.00000000e+00 0.00000000e+00
 0.00000000e+00 0.00000000e+00 0.00000000e+00 0.00000000e+00
 0.00000000e+00 0.00000000e+00 0.00000000e+00 0.00000000e+00
 0.00000000e+00 0.00000000e+00 0.00000000e+00 0.00000000e+00
 0.00000000e+00 0.00000000e+00 0.00000000e+00 0.00000000e+00
 0.00000000e+00 0.00000000e+00 0.00000000e+00 0.00000000e+00
 0.00000000e+00 0.00000000e+00 0.00000000e+00 0.00000000e+00
 0.00000000e+00 0.00000000e+00 0.00000000e+00 0.00000000e+00
 0.00000000e+00 0.00000000e+00 0.00000000e+00 0.00000000e+00
 0.00000000e+00 0.00000000e+00 0.00000000e+00 0.00000000e+00
 0.00000000e+00 0.00000000e+00 0.00000000e+00 0.00000000e+00
 0.00000000e+00 0.00000000e+00 0.00000000e+00 0.00000000e+00
 0.00000000e+00 0.00000000e+00 0.00000000e+00 0.00000000e+00
 0.00000000e+00 0.00000000e+00 0.00000000e+00 0.00000000e+00
 0.00000000e+00 0.00000000e+00 0.00000000e+00 0.00000000e+00
 0.00000000e+00 0.00000000e+00 0.00000000e+00 0.00000000e+00
 0.00000000e+00 0.00000000e+00 0.00000000e+00 0.00000000e+00
 0.00000000e+00 0.00000000e+00 0.00000000e+00 0.00000000e+00
 0.00000000e+00 0.00000000e+00 0.00000000e+00 0.00000000e+00
 0.00000000e+00 0.00000000e+00 0.00000000e+00 0.00000000e+00
 0.00000000e+00 0.00000000e+00 0.00000000e+00 0.00000000e+00
 0.00000000e+00 0.00000000e+00 0.00000000e+00 0.00000000e+00
 0.00000000e+00 0.00000000e+00 0.00000000e+00 0.00000000e+00
 0.00000000e+00 0.00000000e+00 0.00000000e+00 0.00000000e+00
 0.00000000e+00 0.00000000e+00 0.00000000e+00]
norm_dvd: [0. 0. 0. 0. 0. 0. 0. 0. 0. 0. 0. 0. 0. 0. 0. 0. 0. 0. 0. 0. 0. 0. 0. 0.
 0. 0. 0. 0. 0. 0. 0. 0. 0. 0. 0. 0. 0. 0. 0. 0. 0. 0. 0. 0. 0. 0. 0. 0.
 0. 0. 0. 0. 0. 0. 0. 0. 0. 0. 0. 0. 0. 0. 0. 0. 0. 0. 0. 0. 0. 0. 0. 0.
 0. 0. 0. 0. 0. 0. 0. 0. 0. 0. 0. 0. 0. 0. 0. 0. 0. 0. 0. 0. 0. 0. 0. 0.
 0. 0. 0. 0. 0. 0. 0. 0. 0. 0. 0. 0. 0. 0. 0. 0. 0. 0. 0. 0. 0. 0. 0. 0.
 0. 0. 0. 0. 0. 0. 0. 0. 0. 0. 0. 0. 0. 0. 0. 0. 0. 0. 0. 0. 0. 0. 0. 0.
 0. 0. 0. 0. 0. 0. 0. 0. 0. 0. 0. 0. 0. 0. 0. 0. 0. 0. 0. 0. 0. 0. 0. 0.
 0. 0. 0. 0. 0. 0. 0. 0. 0. 0. 0. 0. 0. 0. 0. 0. 0. 0. 0. 0. 0. 0. 0. 0.
 0. 0. 0. 0. 0. 0. 0. 0. 0. 0. 0. 0. 0. 0. 0. 0. 0. 0. 0. 0. 0. 0. 0. 0.
 0. 0. 0. 0. 0. 0. 0. 0. 0. 0. 0. 0. 0. 0. 0. 0. 0. 0. 0. 0. 0. 0. 0. 0.
 0. 0. 0. 0. 0. 0. 0. 0. 0. 0. 0. 0. 0. 0. 0. 0. 0. 0. 0. 0. 0. 0. 0. 0.
 0. 0. 0. 0. 0. 0. 0. 0. 0. 0. 0. 0. 0. 0. 0. 0. 0. 0. 0. 0. 0. 0. 0. 0.
 0. 0. 0. 0. 0. 0. 0. 0. 0. 0. 0. 0. 0. 0. 0. 0. 0. 0. 0.]
norm_did: [1.16035919e+03 1.35375241e+03 1.54714561e+03 1.59549395e+03
 1.78888725e+03 1.87293717e+03 2.08447420e+03 2.15108297e+03
 2.23222044e+03 2.38717881e+03 2.39246612e+03 2.53416480e+03
 2.67046314e+03 2.74135448e+03 2.74741908e+03 2.97183695e+03
 3.06126996e+03 3.12569831e+03 3.14776114e+03 3.09664324e+03
 3.46115353e+03 3.51174976e+03 3.23333186e+03 3.37378960e+03
 3.37578757e+03 3.13312834e+03 4.02107467e+03 2.95403242e+03
 3.35154306e+03 3.61281974e+03 3.80736619e+03 3.33098254e+03
 3.44553865e+03 3.77677698e+03 3.69049118e+03 3.73462991e+03
 3.46002235e+03 3.61550110e+03 3.81365605e+03 3.65527160e+03
 3.64434621e+03 3.67578710e+03 3.96266258e+03 3.74251474e+03
 5.45846583e+03 3.63897489e+03 4.09384683e+03 3.86641155e+03
 4.09384761e+03 4.26442468e+03 4.66243827e+03 5.11746384e+03
 5.90347059e+03 7.06455013e+03 8.27598661e+03 9.74431335e+03
 2.72015689e+03 8.61380490e+03 1.08805960e+04 1.08806048e+04
 1.15039787e+04 1.24957003e+04 1.49608487e+04 2.14212511e+04
 4.42877939e+04 1.75320325e+05 8.55343237e+05 4.11439762e+06
 1.97468350e+07 9.42110998e+07 4.65295458e+08 3.20223853e+09
 7.88225662e+09 3.91471386e+09 3.02753218e+09 2.23479002e+09
 3.42729081e+09 1.14903125e+09 1.15199965e+09 1.15143764e+09
 1.15013667e+09 1.14691637e+09 1.11104070e+09 1.06857432e+09
 1.05499493e+09 1.04205144e+09 1.03593693e+09 1.02788816e+09
 1.01700212e+09 1.01055029e+09 1.00366552e+09 9.96960254e+08
 9.88664584e+08 9.77858865e+08 9.75046155e+08 9.72605168e+08
 9.71268115e+08 9.70011273e+08 9.68278744e+08 9.66515795e+08
 9.63696226e+08 9.62143912e+08 9.61315523e+08 9.60766844e+08
 9.59602377e+08 9.58457843e+08 9.57496913e+08 9.56458345e+08
 9.54804135e+08 9.53727051e+08 9.52928316e+08 9.52031337e+08
 9.50475088e+08 9.49466162e+08 9.48224756e+08 9.46902039e+08
 9.45433516e+08 9.43717154e+08 9.40278425e+08 9.37560057e+08
 9.34200031e+08 9.34622252e+08 9.33874708e+08 9.32331814e+08
 9.29130681e+08 9.22290598e+08 9.07045233e+08 8.34229961e+08
 7.93465382e+08 7.78224935e+08 7.63926474e+08 7.55653632e+08
 7.40884476e+08 7.29954094e+08 7.17279317e+08 7.09479657e+08
 6.89310297e+08 6.64092955e+08 6.33204802e+08 6.31376234e+08
 6.29661231e+08 6.25800498e+08 6.18012311e+08 6.02285647e+08
 5.71063980e+08 5.11408283e+08 4.06907424e+08 3.38257864e+08
 2.89979261e+08 2.54054871e+08 2.26120377e+08 2.03662615e+08
 1.85146918e+08 1.69358145e+08 3.33438834e+08 0.00000000e+00
 0.00000000e+00 0.00000000e+00 0.00000000e+00 0.00000000e+00
 0.00000000e+00 0.00000000e+00 0.00000000e+00 0.00000000e+00
 0.00000000e+00 0.00000000e+00 0.00000000e+00 0.00000000e+00
 0.00000000e+00 0.00000000e+00 0.00000000e+00 0.00000000e+00
 0.00000000e+00 0.00000000e+00 0.00000000e+00 0.00000000e+00
 0.00000000e+00 0.00000000e+00 0.00000000e+00 0.00000000e+00
 0.00000000e+00 0.00000000e+00 0.00000000e+00 0.00000000e+00
 0.00000000e+00 0.00000000e+00 0.00000000e+00 0.00000000e+00
 0.00000000e+00 0.00000000e+00 0.00000000e+00 0.00000000e+00
 0.00000000e+00 0.00000000e+00 0.00000000e+00 0.00000000e+00
 0.00000000e+00 0.00000000e+00 0.00000000e+00 0.00000000e+00
 0.00000000e+00 0.00000000e+00 0.00000000e+00 0.00000000e+00
 0.00000000e+00 0.00000000e+00 0.00000000e+00 0.00000000e+00
 0.00000000e+00 0.00000000e+00 0.00000000e+00 0.00000000e+00
 0.00000000e+00 0.00000000e+00 0.00000000e+00 0.00000000e+00
 0.00000000e+00 0.00000000e+00 0.00000000e+00 0.00000000e+00
 0.00000000e+00 0.00000000e+00 0.00000000e+00 0.00000000e+00
 0.00000000e+00 0.00000000e+00 0.00000000e+00 0.00000000e+00
 0.00000000e+00 0.00000000e+00 0.00000000e+00 0.00000000e+00
 0.00000000e+00 0.00000000e+00 0.00000000e+00 0.00000000e+00
 0.00000000e+00 0.00000000e+00 0.00000000e+00 0.00000000e+00
 0.00000000e+00 0.00000000e+00 0.00000000e+00 0.00000000e+00
 0.00000000e+00 0.00000000e+00 0.00000000e+00 0.00000000e+00
 0.00000000e+00 0.00000000e+00 0.00000000e+00 0.00000000e+00
 0.00000000e+00 0.00000000e+00 0.00000000e+00 0.00000000e+00
 0.00000000e+00 0.00000000e+00 0.00000000e+00 0.00000000e+00
 0.00000000e+00 0.00000000e+00 0.00000000e+00 0.00000000e+00
 0.00000000e+00 0.00000000e+00 0.00000000e+00 0.00000000e+00
 0.00000000e+00 0.00000000e+00 0.00000000e+00 0.00000000e+00
 0.00000000e+00 0.00000000e+00 0.00000000e+00 0.00000000e+00
 0.00000000e+00 0.00000000e+00 0.00000000e+00 0.00000000e+00
 0.00000000e+00 0.00000000e+00 0.00000000e+00 0.00000000e+00
 0.00000000e+00 0.00000000e+00 0.00000000e+00 0.00000000e+00
 0.00000000e+00 0.00000000e+00 0.00000000e+00 0.00000000e+00
 0.00000000e+00 0.00000000e+00 0.00000000e+00 0.00000000e+00
 0.00000000e+00 0.00000000e+00 0.00000000e+00 0.00000000e+00
 0.00000000e+00 0.00000000e+00 0.00000000e+00 0.00000000e+00
 0.00000000e+00 0.00000000e+00 0.00000000e+00]
[WARNING]: Quasi-static verification failed
[WARNING]: Max normalized derivatives: dVg/dt=2.50e+11, dVd/dt=0.00e+00, dId/dt=7.88e+09

  ngspice: ✓ PASS  (46.2s)

✓ Benchmark completed: /home/duhaochen/website-trial-v1/data/spice-model-benchmark/131f455ebbf4c5172c50d8cae77e19a4/ngspice
