$ /usr/bin/time -v -o /home/duhaochen/website-trial-v1/data/spice-model-benchmark/a1cc5bfa7e78acc81a18b65ad52da9e2/ngspice/resource.txt /usr/bin/python -m spice_model_benchmark.cli /home/duhaochen/pipeline_full_collection/benchmark-inputs/a1cc5bfa7e78acc81a18b65ad52da9e2/ngspice.lib --simulator ngspice --modes dc transient ac noise --output-dir /home/duhaochen/website-trial-v1/data/spice-model-benchmark/a1cc5bfa7e78acc81a18b65ad52da9e2 --dpi 120 --log-level WARNING
/home/duhaochen/spice_model_benchmark/src/spice_model_benchmark/verification_manager.py:1557: RuntimeWarning: divide by zero encountered in divide
  tc = np.mean((d_ids / d_temp) / np.abs(i_ds[:-1]))
SPICE Model Benchmark: /home/duhaochen/pipeline_full_collection/benchmark-inputs/a1cc5bfa7e78acc81a18b65ad52da9e2/ngspice.lib
Simulators: ngspice
Modes: dc, transient, ac, noise
------------------------------------------------------------

============================================================
  Running: NGSPICE
  Output:  /home/duhaochen/website-trial-v1/data/spice-model-benchmark/a1cc5bfa7e78acc81a18b65ad52da9e2/ngspice
============================================================
Vgs range: 0.000V to 1.200V
Ids range: -7.091e-04A to 0.000e+00A
Selected Vgs values: [0.  0.2 0.4 0.6 0.8 1.  1.2]
Vgs=0.000V: Ids range -1.766e-11A to -4.103e-16A
Vgs=0.200V: Ids range -1.869e-09A to 0.000e+00A
Vgs=0.400V: Ids range -1.665e-07A to 0.000e+00A
Vgs=0.600V: Ids range -8.306e-06A to 0.000e+00A
Vgs=0.800V: Ids range -1.277e-04A to 0.000e+00A
Vgs=1.000V: Ids range -3.706e-04A to 0.000e+00A
Vgs=1.200V: Ids range -7.091e-04A to 0.000e+00A
ids_variation: 6.934680665231967
ids_variation <= max_variation: False
tc: inf
abs(tc) <= max_tc: False
[WARNING]: Temperature effects verification failed - effects outside expected range
/home/duhaochen/spice_model_benchmark/src/spice_model_benchmark/verification_manager.py:1817: RuntimeWarning: divide by zero encountered in log
  log_ids = np.log(np.abs(i_ds))
/home/duhaochen/.local/lib/python3.9/site-packages/numpy/lib/function_base.py:2742: RuntimeWarning: invalid value encountered in subtract
  X -= avg[:, None]
/home/duhaochen/spice_model_benchmark/src/spice_model_benchmark/verification_manager.py:1862: RuntimeWarning: divide by zero encountered in divide
  efficiency = np.abs(gm / i_ds)  # Transconductance efficiency
[INFO]: S-parameter analysis plot saved to /home/duhaochen/website-trial-v1/data/spice-model-benchmark/a1cc5bfa7e78acc81a18b65ad52da9e2/ngspice/plots/ac_cv_sparameter_analysis.png
[INFO]: NQS effects plot saved to /home/duhaochen/website-trial-v1/data/spice-model-benchmark/a1cc5bfa7e78acc81a18b65ad52da9e2/ngspice/plots/ac_cv_nqs_effects.png
[INFO]: S-parameter analysis plot saved to /home/duhaochen/website-trial-v1/data/spice-model-benchmark/a1cc5bfa7e78acc81a18b65ad52da9e2/ngspice/plots/ac_cv_sparameter_analysis.png
norm_dvg: [2.50000000e+11 1.25000000e+11 6.25000000e+10 3.12500000e+10
 1.56250001e+10 8.90730247e+09 5.91970151e+09 4.85765715e+09
 4.49235159e+09 4.15021654e+09 3.80872622e+09 3.58500338e+09
 3.33903094e+09 3.08313727e+09 2.76169329e+09 2.43360761e+09
 2.19560047e+09 2.09324071e+09 1.99999818e+09 1.99853818e+09
 1.99562231e+09 1.98981216e+09 1.97829469e+09 1.95565570e+09
 1.91189788e+09 1.83000455e+09 1.78314964e+09 1.74220021e+09
 1.69798401e+09 1.67692503e+09 1.65063006e+09 1.62841458e+09
 1.61727926e+09 1.60784887e+09 1.59591662e+09 1.58848249e+09
 1.57735099e+09 1.56356085e+09 1.53669056e+09 1.48562908e+09
 1.46299874e+09 1.44498061e+09 1.42684884e+09 1.40648490e+09
 1.38670627e+09 1.36532766e+09 1.33807852e+09 1.30396561e+09
 1.26374076e+09 1.21829027e+09 1.17455183e+09 1.12760962e+09
 1.07931346e+09 1.03814416e+09 1.01871509e+09 9.99998672e+08
 9.97497202e+08 9.92525647e+08 9.84474863e+08 9.68756713e+08
 9.42194541e+08 9.18850697e+08 8.88736739e+08 8.57426480e+08
 8.24918123e+08 7.80607502e+08 7.64136059e+08 7.46667777e+08
 7.24777693e+08 7.05177025e+08 6.94214548e+08 6.81642639e+08
 6.71969382e+08 6.60692013e+08 6.52227307e+08 6.42966484e+08
 6.27142326e+08 6.11322356e+08 5.89573835e+08 5.63565960e+08
 5.22777034e+08 4.84393690e+08 4.46446426e+08 4.13333639e+08
 4.02068107e+08 3.94285258e+08 3.87301085e+08 3.79057809e+08
 3.74168145e+08 3.67116777e+08 3.59896852e+08 3.50649204e+08
 3.38735273e+08 3.30082836e+08 3.20787256e+08 3.16906907e+08
 3.14721640e+08 3.12740921e+08 3.11800561e+08 3.10707020e+08
 3.10061523e+08 3.09533182e+08 3.09021249e+08 3.08382924e+08
 3.07991613e+08 3.07607827e+08 3.07146147e+08 3.06554697e+08
 3.05621210e+08 3.04143503e+08 3.01230703e+08 2.98262428e+08
 2.96753049e+08 2.95642818e+08 2.93945377e+08 2.92632936e+08
 2.91227409e+08 2.89303640e+08 2.86827912e+08 2.83817293e+08
 2.80457013e+08 2.76989817e+08 2.72941810e+08 2.68303728e+08
 2.62348712e+08 2.54800591e+08 2.44873597e+08 2.33260841e+08
 2.20184054e+08 2.05896223e+08 1.89740564e+08 1.71703547e+08
 1.54418495e+08 1.37439886e+08 1.23825082e+08 1.12664527e+08
 1.03349477e+08 9.91281233e+07 9.52380952e+07 9.52263089e+07
 9.52030503e+07 9.51558048e+07 9.50613015e+07 9.48741853e+07
 9.46258328e+07 9.43581144e+07 9.40356552e+07 9.36841519e+07
 9.35593531e+07 9.34727173e+07 9.33860239e+07 9.32738470e+07
 9.31643006e+07 9.30874663e+07 9.29915191e+07 9.29043554e+07
 9.28112264e+07 9.26963085e+07 9.25423028e+07 9.23796218e+07
 9.22627672e+07 9.21208033e+07 9.19846576e+07 9.18964871e+07
 9.17902407e+07 9.16778641e+07 9.15408057e+07 9.13706965e+07
 9.11447097e+07 9.09024803e+07 9.09102612e+07 9.08969015e+07
 9.08821682e+07 9.08527163e+07 9.07901892e+07 9.07704933e+07
 9.07488117e+07 9.07196246e+07 9.07064082e+07 9.06863601e+07
 9.06648418e+07 9.06320564e+07 9.05729676e+07 9.04575587e+07
 9.03726653e+07 9.02932041e+07 9.02171042e+07 9.01456994e+07
 9.00885692e+07 9.00043039e+07 8.99208625e+07 8.97977187e+07
 8.96439389e+07 8.94282085e+07 8.91449722e+07 8.87629463e+07
 8.82519996e+07 8.75823531e+07 8.70461143e+07 8.67698197e+07
 8.65054905e+07 8.61724080e+07 8.59577614e+07 8.56131915e+07
 8.52753553e+07 8.48490316e+07 8.44434054e+07 8.40995157e+07
 8.37207161e+07 8.33333333e+07 8.32862857e+07 8.31926055e+07
 8.30059018e+07 8.26346681e+07 8.19022583e+07 8.13783238e+07
 8.10497287e+07 8.08722950e+07 8.07429006e+07 8.06374335e+07
 8.05324852e+07 8.04041298e+07 8.03032794e+07 8.02285152e+07
 8.01331510e+07 8.00411808e+07 7.99231158e+07 7.97810613e+07
 7.95849808e+07 7.92963960e+07 7.87255170e+07 7.81568880e+07
 7.79479527e+07 7.78130485e+07 7.77001132e+07 7.75459215e+07
 7.74326200e+07 7.72994385e+07 7.71582459e+07 7.69628098e+07
 7.67333351e+07 7.64595405e+07 7.61691251e+07 7.57973496e+07
 7.52592798e+07 7.50110436e+07 7.47548873e+07 7.46809622e+07
 7.46195938e+07 7.45623181e+07 7.44916973e+07 7.44603038e+07
 7.44164971e+07 7.43662280e+07 7.43089524e+07 7.42306361e+07
 7.41121669e+07 7.39014908e+07 7.36862325e+07 7.35021967e+07
 7.33910364e+07 7.32901065e+07 7.31664326e+07 7.30619762e+07
 7.29157976e+07 7.27677877e+07 7.25464817e+07 7.22630895e+07
 7.18615197e+07 7.13302651e+07 7.06061132e+07 6.96656998e+07
 6.84446879e+07 6.71035018e+07 6.56115664e+07 6.40289133e+07
 6.22879241e+07 6.03832514e+07 5.81985487e+07 5.56433917e+07
 5.32720038e+07 5.15841678e+07 0.00000000e+00 0.00000000e+00
 0.00000000e+00 0.00000000e+00 0.00000000e+00 0.00000000e+00
 0.00000000e+00 0.00000000e+00 0.00000000e+00 0.00000000e+00
 0.00000000e+00 0.00000000e+00 0.00000000e+00 0.00000000e+00
 0.00000000e+00 0.00000000e+00 0.00000000e+00 0.00000000e+00
 0.00000000e+00 0.00000000e+00 0.00000000e+00 0.00000000e+00
 0.00000000e+00 0.00000000e+00 0.00000000e+00 0.00000000e+00
 0.00000000e+00 0.00000000e+00 0.00000000e+00 0.00000000e+00
 0.00000000e+00 0.00000000e+00 0.00000000e+00 0.00000000e+00
 0.00000000e+00 0.00000000e+00 0.00000000e+00 0.00000000e+00
 0.00000000e+00 0.00000000e+00 0.00000000e+00 0.00000000e+00
 0.00000000e+00 0.00000000e+00 0.00000000e+00 0.00000000e+00
 0.00000000e+00 0.00000000e+00 0.00000000e+00 0.00000000e+00
 0.00000000e+00 0.00000000e+00 0.00000000e+00 0.00000000e+00
 0.00000000e+00 0.00000000e+00 0.00000000e+00 0.00000000e+00
 0.00000000e+00 0.00000000e+00 0.00000000e+00 0.00000000e+00
 0.00000000e+00 0.00000000e+00 0.00000000e+00 0.00000000e+00
 0.00000000e+00 0.00000000e+00 0.00000000e+00 0.00000000e+00
 0.00000000e+00 0.00000000e+00 0.00000000e+00 0.00000000e+00
 0.00000000e+00 0.00000000e+00 0.00000000e+00 0.00000000e+00
 0.00000000e+00 0.00000000e+00 0.00000000e+00 0.00000000e+00
 0.00000000e+00 0.00000000e+00 0.00000000e+00 0.00000000e+00
 0.00000000e+00 0.00000000e+00 0.00000000e+00 0.00000000e+00
 0.00000000e+00 0.00000000e+00 0.00000000e+00 0.00000000e+00
 0.00000000e+00 0.00000000e+00 0.00000000e+00 0.00000000e+00
 0.00000000e+00 0.00000000e+00 0.00000000e+00 0.00000000e+00
 0.00000000e+00 0.00000000e+00 0.00000000e+00 0.00000000e+00
 0.00000000e+00 0.00000000e+00 0.00000000e+00 0.00000000e+00
 0.00000000e+00 0.00000000e+00 0.00000000e+00 0.00000000e+00
 0.00000000e+00 0.00000000e+00 0.00000000e+00 0.00000000e+00
 0.00000000e+00 0.00000000e+00 0.00000000e+00 0.00000000e+00
 0.00000000e+00 0.00000000e+00 0.00000000e+00 0.00000000e+00
 0.00000000e+00 0.00000000e+00 0.00000000e+00 0.00000000e+00
 0.00000000e+00 0.00000000e+00 0.00000000e+00 0.00000000e+00
 0.00000000e+00 0.00000000e+00 0.00000000e+00 0.00000000e+00
 0.00000000e+00 0.00000000e+00 0.00000000e+00 0.00000000e+00
 0.00000000e+00 0.00000000e+00 0.00000000e+00 0.00000000e+00
 0.00000000e+00 0.00000000e+00 0.00000000e+00 0.00000000e+00
 0.00000000e+00 0.00000000e+00 0.00000000e+00 0.00000000e+00
 0.00000000e+00 0.00000000e+00 0.00000000e+00 0.00000000e+00
 0.00000000e+00 0.00000000e+00 0.00000000e+00 0.00000000e+00
 0.00000000e+00 0.00000000e+00 0.00000000e+00 0.00000000e+00
 0.00000000e+00 0.00000000e+00 0.00000000e+00 0.00000000e+00
 0.00000000e+00 0.00000000e+00 0.00000000e+00 0.00000000e+00
 0.00000000e+00 0.00000000e+00 0.00000000e+00 0.00000000e+00
 0.00000000e+00 0.00000000e+00 0.00000000e+00 0.00000000e+00
 0.00000000e+00 0.00000000e+00 0.00000000e+00 0.00000000e+00
 0.00000000e+00 0.00000000e+00 0.00000000e+00 0.00000000e+00
 0.00000000e+00 0.00000000e+00 0.00000000e+00 0.00000000e+00
 0.00000000e+00 0.00000000e+00 0.00000000e+00 0.00000000e+00
 0.00000000e+00 0.00000000e+00 0.00000000e+00 0.00000000e+00
 0.00000000e+00 0.00000000e+00 0.00000000e+00 0.00000000e+00
 0.00000000e+00 0.00000000e+00 0.00000000e+00 0.00000000e+00
 0.00000000e+00 0.00000000e+00 0.00000000e+00 0.00000000e+00
 0.00000000e+00 0.00000000e+00 0.00000000e+00 0.00000000e+00
 0.00000000e+00 0.00000000e+00 0.00000000e+00 0.00000000e+00
 0.00000000e+00 0.00000000e+00 0.00000000e+00 0.00000000e+00
 0.00000000e+00 0.00000000e+00 0.00000000e+00 0.00000000e+00
 0.00000000e+00 0.00000000e+00 0.00000000e+00 0.00000000e+00
 0.00000000e+00 0.00000000e+00 0.00000000e+00 0.00000000e+00
 0.00000000e+00 0.00000000e+00 0.00000000e+00 0.00000000e+00
 0.00000000e+00 0.00000000e+00 0.00000000e+00 0.00000000e+00
 0.00000000e+00 0.00000000e+00 0.00000000e+00 0.00000000e+00
 0.00000000e+00 0.00000000e+00 0.00000000e+00 0.00000000e+00
 0.00000000e+00 0.00000000e+00 0.00000000e+00 0.00000000e+00
 0.00000000e+00 0.00000000e+00 0.00000000e+00 0.00000000e+00
 0.00000000e+00 0.00000000e+00 0.00000000e+00 0.00000000e+00
 0.00000000e+00 0.00000000e+00 0.00000000e+00 0.00000000e+00
 0.00000000e+00 0.00000000e+00 0.00000000e+00 0.00000000e+00
 0.00000000e+00 0.00000000e+00 0.00000000e+00 0.00000000e+00
 0.00000000e+00]
norm_dvd: [0. 0. 0. 0. 0. 0. 0. 0. 0. 0. 0. 0. 0. 0. 0. 0. 0. 0. 0. 0. 0. 0. 0. 0.
 0. 0. 0. 0. 0. 0. 0. 0. 0. 0. 0. 0. 0. 0. 0. 0. 0. 0. 0. 0. 0. 0. 0. 0.
 0. 0. 0. 0. 0. 0. 0. 0. 0. 0. 0. 0. 0. 0. 0. 0. 0. 0. 0. 0. 0. 0. 0. 0.
 0. 0. 0. 0. 0. 0. 0. 0. 0. 0. 0. 0. 0. 0. 0. 0. 0. 0. 0. 0. 0. 0. 0. 0.
 0. 0. 0. 0. 0. 0. 0. 0. 0. 0. 0. 0. 0. 0. 0. 0. 0. 0. 0. 0. 0. 0. 0. 0.
 0. 0. 0. 0. 0. 0. 0. 0. 0. 0. 0. 0. 0. 0. 0. 0. 0. 0. 0. 0. 0. 0. 0. 0.
 0. 0. 0. 0. 0. 0. 0. 0. 0. 0. 0. 0. 0. 0. 0. 0. 0. 0. 0. 0. 0. 0. 0. 0.
 0. 0. 0. 0. 0. 0. 0. 0. 0. 0. 0. 0. 0. 0. 0. 0. 0. 0. 0. 0. 0. 0. 0. 0.
 0. 0. 0. 0. 0. 0. 0. 0. 0. 0. 0. 0. 0. 0. 0. 0. 0. 0. 0. 0. 0. 0. 0. 0.
 0. 0. 0. 0. 0. 0. 0. 0. 0. 0. 0. 0. 0. 0. 0. 0. 0. 0. 0. 0. 0. 0. 0. 0.
 0. 0. 0. 0. 0. 0. 0. 0. 0. 0. 0. 0. 0. 0. 0. 0. 0. 0. 0. 0. 0. 0. 0. 0.
 0. 0. 0. 0. 0. 0. 0. 0. 0. 0. 0. 0. 0. 0. 0. 0. 0. 0. 0. 0. 0. 0. 0. 0.
 0. 0. 0. 0. 0. 0. 0. 0. 0. 0. 0. 0. 0. 0. 0. 0. 0. 0. 0. 0. 0. 0. 0. 0.
 0. 0. 0. 0. 0. 0. 0. 0. 0. 0. 0. 0. 0. 0. 0. 0. 0. 0. 0. 0. 0. 0. 0. 0.
 0. 0. 0. 0. 0. 0. 0. 0. 0. 0. 0. 0. 0. 0. 0. 0. 0. 0. 0. 0. 0. 0. 0. 0.
 0. 0. 0. 0. 0. 0. 0. 0. 0. 0. 0. 0. 0. 0. 0. 0. 0. 0. 0. 0. 0. 0. 0. 0.
 0. 0. 0. 0. 0. 0. 0. 0. 0. 0. 0. 0. 0. 0. 0. 0. 0. 0. 0. 0. 0. 0. 0. 0.
 0. 0. 0. 0. 0. 0. 0. 0. 0. 0. 0. 0. 0. 0. 0. 0. 0. 0. 0. 0. 0. 0. 0. 0.
 0. 0. 0. 0. 0. 0. 0. 0. 0. 0. 0. 0. 0. 0. 0. 0. 0. 0. 0. 0. 0. 0. 0. 0.
 0. 0. 0. 0. 0. 0. 0. 0. 0. 0. 0. 0. 0. 0. 0. 0. 0. 0. 0. 0. 0. 0. 0. 0.
 0. 0. 0. 0. 0. 0. 0. 0. 0. 0. 0. 0. 0. 0. 0. 0. 0. 0. 0. 0. 0. 0. 0. 0.
 0. 0. 0. 0. 0. 0. 0. 0. 0. 0. 0. 0. 0. 0. 0. 0. 0. 0. 0. 0. 0. 0. 0. 0.
 0. 0. 0. 0. 0. 0. 0. 0. 0. 0. 0. 0. 0. 0. 0. 0. 0. 0. 0. 0. 0. 0. 0. 0.
 0. 0. 0. 0. 0. 0. 0. 0. 0.]
norm_did: [1.16035909e+03 1.16035909e+03 1.35375229e+03 1.45044892e+03
 1.53857332e+03 1.72026443e+03 1.84318084e+03 1.94086213e+03
 2.02343604e+03 2.14844864e+03 2.17178848e+03 2.33408542e+03
 2.36520682e+03 2.58187222e+03 2.78902829e+03 3.05652390e+03
 3.19545731e+03 3.33439033e+03 4.23039105e+03 2.11519264e+03
 4.23038846e+03 3.17279129e+03 3.70158925e+03 3.56939003e+03
 3.76768964e+03 3.77123995e+03 3.99069621e+03 4.03691936e+03
 4.18371169e+03 4.23445549e+03 4.30554028e+03 4.39070047e+03
 4.69286978e+03 4.32522019e+03 4.22083734e+03 4.52720607e+03
 4.70374306e+03 4.56539821e+03 4.84208883e+03 4.90350835e+03
 5.08263637e+03 5.10184738e+03 5.18399079e+03 5.33981402e+03
 5.48064294e+03 5.60132507e+03 5.77676854e+03 6.08460172e+03
 6.39385796e+03 6.78259928e+03 7.20251475e+03 7.83651061e+03
 8.37946176e+03 8.67421959e+03 9.09529966e+03 1.23275095e+04
 7.70470897e+03 9.76340191e+03 9.76340863e+03 1.03669698e+04
 1.08446529e+04 1.16214374e+04 1.25766311e+04 1.36669856e+04
 1.54688825e+04 1.61359709e+04 1.76362667e+04 1.92011747e+04
 2.06553286e+04 2.14874573e+04 2.30025922e+04 2.39568756e+04
 2.52764511e+04 2.63062694e+04 2.74647697e+04 2.94501686e+04
 3.17954900e+04 3.54088702e+04 4.07571935e+04 5.15628438e+04
 6.84611752e+04 9.48563923e+04 1.34233949e+05 1.48113276e+05
 1.78922064e+05 2.03694139e+05 2.27952934e+05 2.43848901e+05
 2.71253076e+05 3.01375652e+05 3.44071115e+05 4.12045896e+05
 4.78821435e+05 5.69898215e+05 6.08754703e+05 6.56136266e+05
 7.04037709e+05 7.18958333e+05 7.43014087e+05 7.53867820e+05
 7.64422357e+05 7.74279168e+05 7.84370434e+05 7.90177206e+05
 7.98177666e+05 8.05903180e+05 8.15163224e+05 8.29479224e+05
 8.52262407e+05 8.97453051e+05 9.53601770e+05 9.80294168e+05
 1.01776215e+06 1.06280317e+06 1.09502526e+06 1.13135984e+06
 1.18083200e+06 1.24568769e+06 1.33147363e+06 1.43894708e+06
 1.56490005e+06 1.72985653e+06 1.94569711e+06 2.26693376e+06
 2.77608176e+06 3.68037748e+06 5.31701496e+06 8.46156510e+06
 1.51042413e+07 3.20612931e+07 8.76669316e+07 3.03372056e+08
 1.55252241e+09 2.56362672e+10 4.33083191e+09 3.47849392e+09
 2.06160454e+09 1.70454674e+09 2.41344079e+09 1.17587686e+09
 1.17946445e+09 1.17923059e+09 1.17869482e+09 1.17143293e+09
 1.15887865e+09 1.14684550e+09 1.13066911e+09 1.10247604e+09
 1.09408351e+09 1.08941382e+09 1.08595760e+09 1.07992126e+09
 1.07309525e+09 1.06977718e+09 1.06448612e+09 1.06020525e+09
 1.05630156e+09 1.05185723e+09 1.04433926e+09 1.03435570e+09
 1.02928631e+09 1.02196442e+09 1.01338353e+09 1.00958258e+09
 1.00446732e+09 9.99781691e+08 9.94039663e+08 9.87465260e+08
 9.76640287e+08 9.63235958e+08 9.56589214e+08 9.57573663e+08
 9.57317456e+08 9.56815799e+08 9.52745618e+08 9.51593231e+08
 9.50697829e+08 9.49281172e+08 9.48444274e+08 9.47581546e+08
 9.47053181e+08 9.46162432e+08 9.45126827e+08 9.38605202e+08
 9.34524155e+08 9.30620189e+08 9.26845202e+08 9.23128202e+08
 9.21204396e+08 9.17270260e+08 9.14432648e+08 9.09576146e+08
 9.04072776e+08 8.95885438e+08 8.85365526e+08 8.71045108e+08
 8.51602167e+08 8.18985132e+08 7.90785765e+08 7.79042258e+08
 7.69528356e+08 7.53903579e+08 7.47693757e+08 7.34018722e+08
 7.22412233e+08 7.05876903e+08 6.89906706e+08 6.77922898e+08
 6.64555404e+08 6.47117801e+08 6.45401507e+08 6.43643995e+08
 6.39670876e+08 6.31633366e+08 6.05299186e+08 5.86842181e+08
 5.75347969e+08 5.69601500e+08 5.65569579e+08 5.62484046e+08
 5.59701009e+08 5.55729246e+08 5.52632535e+08 5.50699257e+08
 5.47984227e+08 5.45653258e+08 5.42584525e+08 5.39143655e+08
 5.34593595e+08 5.29214612e+08 5.14057796e+08 4.96758305e+08
 4.91044503e+08 4.87586218e+08 4.85170623e+08 4.81188962e+08
 4.78636120e+08 4.75563591e+08 4.72650767e+08 4.68381285e+08
 4.63448624e+08 4.57416958e+08 4.51546783e+08 4.44578343e+08
 4.31482474e+08 4.26469162e+08 4.20266747e+08 4.18731321e+08
 4.17491524e+08 4.16449138e+08 4.14870560e+08 4.14293069e+08
 4.13517271e+08 4.12560063e+08 4.11592954e+08 4.10313607e+08
 4.08572962e+08 4.04621546e+08 4.00433132e+08 3.96661336e+08
 3.94580766e+08 3.92876879e+08 3.90559142e+08 3.88920688e+08
 3.86348114e+08 3.84136494e+08 3.80623943e+08 3.76386076e+08
 3.70313352e+08 3.62602880e+08 3.52257120e+08 3.39467194e+08
 3.22841285e+08 3.05971154e+08 2.88342802e+08 2.71335609e+08
 2.54077554e+08 2.37034349e+08 2.19231368e+08 1.98619459e+08
 1.80050736e+08 1.68652193e+08 4.05528901e+08 0.00000000e+00
 0.00000000e+00 0.00000000e+00 0.00000000e+00 0.00000000e+00
 0.00000000e+00 0.00000000e+00 0.00000000e+00 0.00000000e+00
 0.00000000e+00 0.00000000e+00 0.00000000e+00 0.00000000e+00
 0.00000000e+00 0.00000000e+00 0.00000000e+00 0.00000000e+00
 0.00000000e+00 0.00000000e+00 0.00000000e+00 0.00000000e+00
 0.00000000e+00 0.00000000e+00 0.00000000e+00 0.00000000e+00
 0.00000000e+00 0.00000000e+00 0.00000000e+00 0.00000000e+00
 0.00000000e+00 0.00000000e+00 0.00000000e+00 0.00000000e+00
 0.00000000e+00 0.00000000e+00 0.00000000e+00 0.00000000e+00
 0.00000000e+00 0.00000000e+00 0.00000000e+00 0.00000000e+00
 0.00000000e+00 0.00000000e+00 0.00000000e+00 0.00000000e+00
 0.00000000e+00 0.00000000e+00 0.00000000e+00 0.00000000e+00
 0.00000000e+00 0.00000000e+00 0.00000000e+00 0.00000000e+00
 0.00000000e+00 0.00000000e+00 0.00000000e+00 0.00000000e+00
 0.00000000e+00 0.00000000e+00 0.00000000e+00 0.00000000e+00
 0.00000000e+00 0.00000000e+00 0.00000000e+00 0.00000000e+00
 0.00000000e+00 0.00000000e+00 0.00000000e+00 0.00000000e+00
 0.00000000e+00 0.00000000e+00 0.00000000e+00 0.00000000e+00
 0.00000000e+00 0.00000000e+00 0.00000000e+00 0.00000000e+00
 0.00000000e+00 0.00000000e+00 0.00000000e+00 0.00000000e+00
 0.00000000e+00 0.00000000e+00 0.00000000e+00 0.00000000e+00
 0.00000000e+00 0.00000000e+00 0.00000000e+00 0.00000000e+00
 0.00000000e+00 0.00000000e+00 0.00000000e+00 0.00000000e+00
 0.00000000e+00 0.00000000e+00 0.00000000e+00 0.00000000e+00
 0.00000000e+00 0.00000000e+00 0.00000000e+00 0.00000000e+00
 0.00000000e+00 0.00000000e+00 0.00000000e+00 0.00000000e+00
 0.00000000e+00 0.00000000e+00 0.00000000e+00 0.00000000e+00
 0.00000000e+00 0.00000000e+00 0.00000000e+00 0.00000000e+00
 0.00000000e+00 0.00000000e+00 0.00000000e+00 0.00000000e+00
 0.00000000e+00 0.00000000e+00 0.00000000e+00 0.00000000e+00
 0.00000000e+00 0.00000000e+00 0.00000000e+00 0.00000000e+00
 0.00000000e+00 0.00000000e+00 0.00000000e+00 0.00000000e+00
 0.00000000e+00 0.00000000e+00 0.00000000e+00 0.00000000e+00
 0.00000000e+00 0.00000000e+00 0.00000000e+00 0.00000000e+00
 0.00000000e+00 0.00000000e+00 0.00000000e+00 0.00000000e+00
 0.00000000e+00 0.00000000e+00 0.00000000e+00 0.00000000e+00
 0.00000000e+00 0.00000000e+00 0.00000000e+00 0.00000000e+00
 0.00000000e+00 0.00000000e+00 0.00000000e+00 0.00000000e+00
 0.00000000e+00 0.00000000e+00 0.00000000e+00 0.00000000e+00
 0.00000000e+00 0.00000000e+00 0.00000000e+00 0.00000000e+00
 0.00000000e+00 0.00000000e+00 0.00000000e+00 0.00000000e+00
 0.00000000e+00 0.00000000e+00 0.00000000e+00 0.00000000e+00
 0.00000000e+00 0.00000000e+00 0.00000000e+00 0.00000000e+00
 0.00000000e+00 0.00000000e+00 0.00000000e+00 0.00000000e+00
 0.00000000e+00 0.00000000e+00 0.00000000e+00 0.00000000e+00
 0.00000000e+00 0.00000000e+00 0.00000000e+00 0.00000000e+00
 0.00000000e+00 0.00000000e+00 0.00000000e+00 0.00000000e+00
 0.00000000e+00 0.00000000e+00 0.00000000e+00 0.00000000e+00
 0.00000000e+00 0.00000000e+00 0.00000000e+00 0.00000000e+00
 0.00000000e+00 0.00000000e+00 0.00000000e+00 0.00000000e+00
 0.00000000e+00 0.00000000e+00 0.00000000e+00 0.00000000e+00
 0.00000000e+00 0.00000000e+00 0.00000000e+00 0.00000000e+00
 0.00000000e+00 0.00000000e+00 0.00000000e+00 0.00000000e+00
 0.00000000e+00 0.00000000e+00 0.00000000e+00 0.00000000e+00
 0.00000000e+00 0.00000000e+00 0.00000000e+00 0.00000000e+00
 0.00000000e+00 0.00000000e+00 0.00000000e+00 0.00000000e+00
 0.00000000e+00 0.00000000e+00 0.00000000e+00 0.00000000e+00
 0.00000000e+00 0.00000000e+00 0.00000000e+00 0.00000000e+00
 0.00000000e+00 0.00000000e+00 0.00000000e+00 0.00000000e+00
 0.00000000e+00 0.00000000e+00 0.00000000e+00 0.00000000e+00
 0.00000000e+00 0.00000000e+00 0.00000000e+00 0.00000000e+00
 0.00000000e+00 0.00000000e+00 0.00000000e+00 0.00000000e+00
 0.00000000e+00 0.00000000e+00 0.00000000e+00 0.00000000e+00
 0.00000000e+00 0.00000000e+00 0.00000000e+00 0.00000000e+00
 0.00000000e+00 0.00000000e+00 0.00000000e+00 0.00000000e+00
 0.00000000e+00 0.00000000e+00 0.00000000e+00 0.00000000e+00
 0.00000000e+00 0.00000000e+00 0.00000000e+00 0.00000000e+00
 0.00000000e+00 0.00000000e+00 0.00000000e+00 0.00000000e+00
 0.00000000e+00 0.00000000e+00 0.00000000e+00 0.00000000e+00
 0.00000000e+00]
[WARNING]: Quasi-static verification failed
[WARNING]: Max normalized derivatives: dVg/dt=2.50e+11, dVd/dt=0.00e+00, dId/dt=2.56e+10

  ngspice: ✓ PASS  (104.0s)

✓ Benchmark completed: /home/duhaochen/website-trial-v1/data/spice-model-benchmark/a1cc5bfa7e78acc81a18b65ad52da9e2/ngspice
