
6. Printing statistics.

=== adder_top ===

        +----------Local Count, excluding submodules.
        |        +-Local Area, excluding submodules.
        |        | 
       42        - wires
       63        - wire bits
        5        - public wires
       26        - public wire bits
        5        - ports
       26        - port bits
       46  948.326 cells
        3   52.685   gf180mcu_fd_sc_mcu7t5v0__and2_1
        2   43.904   gf180mcu_fd_sc_mcu7t5v0__aoi211_1
        5   87.808   gf180mcu_fd_sc_mcu7t5v0__aoi21_1
        1    8.781   gf180mcu_fd_sc_mcu7t5v0__clkinv_1
        6   65.856   gf180mcu_fd_sc_mcu7t5v0__nand2_1
        1   15.366   gf180mcu_fd_sc_mcu7t5v0__nand3_1
        1   19.757   gf180mcu_fd_sc_mcu7t5v0__nand4_1
        4   52.685   gf180mcu_fd_sc_mcu7t5v0__nor2_1
        1   17.562   gf180mcu_fd_sc_mcu7t5v0__nor3_1
        2   43.904   gf180mcu_fd_sc_mcu7t5v0__oai211_1
        4   70.246   gf180mcu_fd_sc_mcu7t5v0__oai21_1
        1   26.342   gf180mcu_fd_sc_mcu7t5v0__oai221_1
        1   17.562   gf180mcu_fd_sc_mcu7t5v0__or2_1
        3   85.613   gf180mcu_fd_sc_mcu7t5v0__xnor2_1
        1   52.685   gf180mcu_fd_sc_mcu7t5v0__xnor3_1
        9  237.082   gf180mcu_fd_sc_mcu7t5v0__xor2_1
        1    50.49   gf180mcu_fd_sc_mcu7t5v0__xor3_1

   Chip area for module '\adder_top': 948.326400
     of which used for sequential elements: 0.000000 (0.00%)

