$ /usr/bin/time -v -o /home/duhaochen/website-trial-v1/data/spice-model-benchmark/52fddd8d55c7e479cfc7ae46b6002264/ngspice/resource.txt /usr/bin/python -m spice_model_benchmark.cli /home/duhaochen/pipeline_full_collection/benchmark-inputs/52fddd8d55c7e479cfc7ae46b6002264/ngspice.lib --simulator ngspice --modes dc transient ac noise --output-dir /home/duhaochen/website-trial-v1/data/spice-model-benchmark/52fddd8d55c7e479cfc7ae46b6002264 --dpi 120 --log-level WARNING
/home/duhaochen/spice_model_benchmark/src/spice_model_benchmark/verification_manager.py:1557: RuntimeWarning: divide by zero encountered in divide
  tc = np.mean((d_ids / d_temp) / np.abs(i_ds[:-1]))
SPICE Model Benchmark: /home/duhaochen/pipeline_full_collection/benchmark-inputs/52fddd8d55c7e479cfc7ae46b6002264/ngspice.lib
Simulators: ngspice
Modes: dc, transient, ac, noise
------------------------------------------------------------

============================================================
  Running: NGSPICE
  Output:  /home/duhaochen/website-trial-v1/data/spice-model-benchmark/52fddd8d55c7e479cfc7ae46b6002264/ngspice
============================================================
Vgs range: 0.000V to 1.200V
Ids range: -4.992e-04A to 0.000e+00A
Selected Vgs values: [0.  0.2 0.4 0.6 0.8 1.  1.2]
Vgs=0.000V: Ids range -1.101e-13A to -1.000e-16A
Vgs=0.200V: Ids range -8.278e-12A to 0.000e+00A
Vgs=0.400V: Ids range -1.308e-09A to 0.000e+00A
Vgs=0.600V: Ids range -1.744e-07A to 0.000e+00A
Vgs=0.800V: Ids range -1.364e-05A to 0.000e+00A
Vgs=1.000V: Ids range -1.865e-04A to 0.000e+00A
Vgs=1.200V: Ids range -4.992e-04A to 0.000e+00A
ids_variation: 7.370044011612534
ids_variation <= max_variation: False
tc: inf
abs(tc) <= max_tc: False
[WARNING]: Temperature effects verification failed - effects outside expected range
/home/duhaochen/spice_model_benchmark/src/spice_model_benchmark/verification_manager.py:1817: RuntimeWarning: divide by zero encountered in log
  log_ids = np.log(np.abs(i_ds))
/home/duhaochen/.local/lib/python3.9/site-packages/numpy/lib/function_base.py:2742: RuntimeWarning: invalid value encountered in subtract
  X -= avg[:, None]
/home/duhaochen/spice_model_benchmark/src/spice_model_benchmark/verification_manager.py:1862: RuntimeWarning: divide by zero encountered in divide
  efficiency = np.abs(gm / i_ds)  # Transconductance efficiency
[INFO]: S-parameter analysis plot saved to /home/duhaochen/website-trial-v1/data/spice-model-benchmark/52fddd8d55c7e479cfc7ae46b6002264/ngspice/plots/ac_cv_sparameter_analysis.png
[INFO]: NQS effects plot saved to /home/duhaochen/website-trial-v1/data/spice-model-benchmark/52fddd8d55c7e479cfc7ae46b6002264/ngspice/plots/ac_cv_nqs_effects.png
[INFO]: S-parameter analysis plot saved to /home/duhaochen/website-trial-v1/data/spice-model-benchmark/52fddd8d55c7e479cfc7ae46b6002264/ngspice/plots/ac_cv_sparameter_analysis.png
norm_dvg: [2.50000000e+11 1.25000000e+11 6.25000000e+10 3.12500000e+10
 1.56250000e+10 9.40855432e+09 6.35340845e+09 4.82310860e+09
 3.78204273e+09 3.58308606e+09 3.42591233e+09 3.30693902e+09
 3.15514450e+09 3.00899101e+09 2.91851247e+09 2.81846520e+09
 2.72456446e+09 2.62365004e+09 2.53502053e+09 2.44185148e+09
 2.36279894e+09 2.31874117e+09 2.26035269e+09 2.19828500e+09
 2.13081298e+09 2.06333511e+09 2.00000153e+09 1.99651279e+09
 1.98957986e+09 1.97585275e+09 1.94896022e+09 1.89731287e+09
 1.80181721e+09 1.72718203e+09 1.66160331e+09 1.63166326e+09
 1.61019999e+09 1.59197127e+09 1.57169977e+09 1.55281207e+09
 1.51636605e+09 1.46788335e+09 1.41659863e+09 1.38784329e+09
 1.36910116e+09 1.34241912e+09 1.32250273e+09 1.29922658e+09
 1.27408877e+09 1.23768366e+09 1.19436411e+09 1.13962321e+09
 1.07744880e+09 1.03728073e+09 9.99997579e+08 9.97939524e+08
 9.93843141e+08 9.85750345e+08 9.69953710e+08 9.39832518e+08
 8.84874744e+08 8.27495745e+08 7.99393690e+08 7.87855807e+08
 7.76686314e+08 7.69398831e+08 7.62698693e+08 7.55314635e+08
 7.47632220e+08 7.43724462e+08 7.38677059e+08 7.32649025e+08
 7.26356840e+08 7.18768678e+08 7.09639659e+08 6.98242665e+08
 6.84067795e+08 6.66346954e+08 6.44532441e+08 6.22332265e+08
 6.02000782e+08 5.76373059e+08 5.45852694e+08 5.21247403e+08
 5.03786503e+08 4.85539537e+08 4.52743060e+08 4.20550702e+08
 3.94775507e+08 3.65504314e+08 3.42365052e+08 3.27871779e+08
 3.16246968e+08 3.12116846e+08 3.09110651e+08 3.06368856e+08
 3.02944438e+08 3.00921598e+08 2.98402654e+08 2.95451099e+08
 2.92247504e+08 2.88254142e+08 2.82482802e+08 2.79055742e+08
 2.75958716e+08 2.73159478e+08 2.70355454e+08 2.67361440e+08
 2.64697152e+08 2.62896162e+08 2.61738901e+08 2.60905069e+08
 2.60174997e+08 2.59286243e+08 2.58415722e+08 2.57599809e+08
 2.56699563e+08 2.55321729e+08 2.52610422e+08 2.50217398e+08
 2.47151266e+08 2.44410253e+08 2.43202556e+08 2.42203610e+08
 2.40795028e+08 2.39731511e+08 2.38291119e+08 2.36698754e+08
 2.34316351e+08 2.31410931e+08 2.27551518e+08 2.23524638e+08
 2.18724253e+08 2.13395382e+08 2.06713048e+08 1.98731719e+08
 1.88906781e+08 1.78216013e+08 1.66686421e+08 1.54746782e+08
 1.41946147e+08 1.28317315e+08 1.16371348e+08 1.06460212e+08
 1.00536966e+08 9.52380952e+07 9.52191512e+07 9.51810958e+07
 9.51056449e+07 9.49547799e+07 9.47032152e+07 9.44272557e+07
 9.41229577e+07 9.38402586e+07 9.36928118e+07 9.35873629e+07
 9.34835067e+07 9.33623946e+07 9.32582603e+07 9.31506618e+07
 9.30647377e+07 9.29778889e+07 9.28844217e+07 9.28342896e+07
 9.27787334e+07 9.27054218e+07 9.26384911e+07 9.25595231e+07
 9.24680921e+07 9.23556454e+07 9.22447663e+07 9.21147557e+07
 9.19773052e+07 9.17680063e+07 9.14778520e+07 9.11925846e+07
 9.09108137e+07 9.09035454e+07 9.08859982e+07 9.08584536e+07
 9.08002983e+07 9.06843180e+07 9.05355837e+07 9.03449264e+07
 9.02889194e+07 9.02514091e+07 9.01943708e+07 9.01708278e+07
 9.01298000e+07 9.00812104e+07 8.99855157e+07 8.97939733e+07
 8.96192378e+07 8.93939804e+07 8.92795070e+07 8.91739367e+07
 8.90390824e+07 8.89452440e+07 8.87997784e+07 8.86592703e+07
 8.84434023e+07 8.81756476e+07 8.79693356e+07 8.77793025e+07
 8.75687134e+07 8.73611560e+07 8.71728477e+07 8.69615756e+07
 8.66996853e+07 8.63187944e+07 8.57476801e+07 8.47261652e+07
 8.40239918e+07 8.33327624e+07 8.32998437e+07 8.32319480e+07
 8.30975177e+07 8.28296207e+07 8.22988875e+07 8.17732244e+07
 8.15106439e+07 8.12488058e+07 8.09970572e+07 8.06993780e+07
 8.04838798e+07 8.02314647e+07 7.99452950e+07 7.96007515e+07
 7.92467883e+07 7.90562632e+07 7.88680911e+07 7.86605419e+07
 7.83564800e+07 7.80314759e+07 7.75461880e+07 7.69226211e+07
 7.62188760e+07 7.55020711e+07 7.47923825e+07 7.41046865e+07
 7.36481608e+07 7.33284549e+07 7.30533390e+07 7.27744856e+07
 7.25937338e+07 7.24791164e+07 7.23392025e+07 7.21954432e+07
 7.20786366e+07 7.19489353e+07 7.17943493e+07 7.15791417e+07
 7.13089903e+07 7.10021534e+07 7.06528542e+07 7.03183124e+07
 6.99785186e+07 6.98773819e+07 6.97912285e+07 6.97305323e+07
 6.96576309e+07 6.95799115e+07 6.95247671e+07 6.94606633e+07
 6.93766040e+07 6.92230565e+07 6.90566677e+07 6.88899905e+07
 6.86948409e+07 6.84415679e+07 6.82990347e+07 6.81977526e+07
 6.80552923e+07 6.79272481e+07 6.77921485e+07 6.76395239e+07
 6.74103309e+07 6.71112185e+07 6.66985666e+07 6.61589704e+07
 6.54475777e+07 6.46171971e+07 6.36505552e+07 6.25489812e+07
 6.12893243e+07 5.98688684e+07 5.82506547e+07 5.63851060e+07
 5.41554521e+07 5.19066234e+07 0.00000000e+00 0.00000000e+00
 0.00000000e+00 0.00000000e+00 0.00000000e+00 0.00000000e+00
 0.00000000e+00 0.00000000e+00 0.00000000e+00 0.00000000e+00
 0.00000000e+00 0.00000000e+00 0.00000000e+00 0.00000000e+00
 0.00000000e+00 0.00000000e+00 0.00000000e+00 0.00000000e+00
 0.00000000e+00 0.00000000e+00 0.00000000e+00 0.00000000e+00
 0.00000000e+00 0.00000000e+00 0.00000000e+00 0.00000000e+00
 0.00000000e+00 0.00000000e+00 0.00000000e+00 0.00000000e+00
 0.00000000e+00 0.00000000e+00 0.00000000e+00 0.00000000e+00
 0.00000000e+00 0.00000000e+00 0.00000000e+00 0.00000000e+00
 0.00000000e+00 0.00000000e+00 0.00000000e+00 0.00000000e+00
 0.00000000e+00 0.00000000e+00 0.00000000e+00 0.00000000e+00
 0.00000000e+00 0.00000000e+00 0.00000000e+00 0.00000000e+00
 0.00000000e+00 0.00000000e+00 0.00000000e+00 0.00000000e+00
 0.00000000e+00 0.00000000e+00 0.00000000e+00 0.00000000e+00
 0.00000000e+00 0.00000000e+00 0.00000000e+00 0.00000000e+00
 0.00000000e+00 0.00000000e+00 0.00000000e+00 0.00000000e+00
 0.00000000e+00 0.00000000e+00 0.00000000e+00 0.00000000e+00
 0.00000000e+00 0.00000000e+00 0.00000000e+00 0.00000000e+00
 0.00000000e+00 0.00000000e+00 0.00000000e+00 0.00000000e+00
 0.00000000e+00 0.00000000e+00 0.00000000e+00 0.00000000e+00
 0.00000000e+00 0.00000000e+00 0.00000000e+00 0.00000000e+00
 0.00000000e+00 0.00000000e+00 0.00000000e+00 0.00000000e+00
 0.00000000e+00 0.00000000e+00 0.00000000e+00 0.00000000e+00
 0.00000000e+00 0.00000000e+00 0.00000000e+00 0.00000000e+00
 0.00000000e+00 0.00000000e+00 0.00000000e+00 0.00000000e+00
 0.00000000e+00 0.00000000e+00 0.00000000e+00 0.00000000e+00
 0.00000000e+00 0.00000000e+00 0.00000000e+00 0.00000000e+00
 0.00000000e+00 0.00000000e+00 0.00000000e+00 0.00000000e+00
 0.00000000e+00 0.00000000e+00 0.00000000e+00 0.00000000e+00
 0.00000000e+00 0.00000000e+00 0.00000000e+00 0.00000000e+00
 0.00000000e+00 0.00000000e+00 0.00000000e+00 0.00000000e+00
 0.00000000e+00 0.00000000e+00 0.00000000e+00 0.00000000e+00
 0.00000000e+00 0.00000000e+00 0.00000000e+00 0.00000000e+00
 0.00000000e+00 0.00000000e+00 0.00000000e+00 0.00000000e+00
 0.00000000e+00 0.00000000e+00 0.00000000e+00 0.00000000e+00
 0.00000000e+00 0.00000000e+00 0.00000000e+00 0.00000000e+00
 0.00000000e+00 0.00000000e+00 0.00000000e+00 0.00000000e+00
 0.00000000e+00 0.00000000e+00 0.00000000e+00 0.00000000e+00
 0.00000000e+00 0.00000000e+00 0.00000000e+00 0.00000000e+00
 0.00000000e+00 0.00000000e+00 0.00000000e+00 0.00000000e+00
 0.00000000e+00 0.00000000e+00 0.00000000e+00 0.00000000e+00
 0.00000000e+00 0.00000000e+00 0.00000000e+00 0.00000000e+00
 0.00000000e+00 0.00000000e+00 0.00000000e+00 0.00000000e+00
 0.00000000e+00 0.00000000e+00 0.00000000e+00 0.00000000e+00
 0.00000000e+00 0.00000000e+00 0.00000000e+00 0.00000000e+00
 0.00000000e+00 0.00000000e+00 0.00000000e+00 0.00000000e+00
 0.00000000e+00 0.00000000e+00 0.00000000e+00 0.00000000e+00
 0.00000000e+00 0.00000000e+00 0.00000000e+00 0.00000000e+00
 0.00000000e+00 0.00000000e+00 0.00000000e+00 0.00000000e+00
 0.00000000e+00 0.00000000e+00 0.00000000e+00 0.00000000e+00
 0.00000000e+00 0.00000000e+00 0.00000000e+00 0.00000000e+00
 0.00000000e+00 0.00000000e+00 0.00000000e+00 0.00000000e+00
 0.00000000e+00 0.00000000e+00 0.00000000e+00 0.00000000e+00
 0.00000000e+00 0.00000000e+00 0.00000000e+00 0.00000000e+00
 0.00000000e+00 0.00000000e+00 0.00000000e+00 0.00000000e+00
 0.00000000e+00 0.00000000e+00 0.00000000e+00 0.00000000e+00
 0.00000000e+00 0.00000000e+00 0.00000000e+00 0.00000000e+00
 0.00000000e+00 0.00000000e+00 0.00000000e+00 0.00000000e+00
 0.00000000e+00 0.00000000e+00 0.00000000e+00 0.00000000e+00
 0.00000000e+00 0.00000000e+00 0.00000000e+00 0.00000000e+00
 0.00000000e+00 0.00000000e+00 0.00000000e+00 0.00000000e+00
 0.00000000e+00 0.00000000e+00 0.00000000e+00 0.00000000e+00
 0.00000000e+00 0.00000000e+00 0.00000000e+00 0.00000000e+00
 0.00000000e+00 0.00000000e+00 0.00000000e+00 0.00000000e+00
 0.00000000e+00 0.00000000e+00 0.00000000e+00 0.00000000e+00
 0.00000000e+00 0.00000000e+00 0.00000000e+00 0.00000000e+00
 0.00000000e+00 0.00000000e+00 0.00000000e+00 0.00000000e+00
 0.00000000e+00 0.00000000e+00 0.00000000e+00 0.00000000e+00
 0.00000000e+00 0.00000000e+00 0.00000000e+00 0.00000000e+00
 0.00000000e+00 0.00000000e+00 0.00000000e+00 0.00000000e+00
 0.00000000e+00 0.00000000e+00 0.00000000e+00 0.00000000e+00
 0.00000000e+00 0.00000000e+00]
norm_dvd: [0. 0. 0. 0. 0. 0. 0. 0. 0. 0. 0. 0. 0. 0. 0. 0. 0. 0. 0. 0. 0. 0. 0. 0.
 0. 0. 0. 0. 0. 0. 0. 0. 0. 0. 0. 0. 0. 0. 0. 0. 0. 0. 0. 0. 0. 0. 0. 0.
 0. 0. 0. 0. 0. 0. 0. 0. 0. 0. 0. 0. 0. 0. 0. 0. 0. 0. 0. 0. 0. 0. 0. 0.
 0. 0. 0. 0. 0. 0. 0. 0. 0. 0. 0. 0. 0. 0. 0. 0. 0. 0. 0. 0. 0. 0. 0. 0.
 0. 0. 0. 0. 0. 0. 0. 0. 0. 0. 0. 0. 0. 0. 0. 0. 0. 0. 0. 0. 0. 0. 0. 0.
 0. 0. 0. 0. 0. 0. 0. 0. 0. 0. 0. 0. 0. 0. 0. 0. 0. 0. 0. 0. 0. 0. 0. 0.
 0. 0. 0. 0. 0. 0. 0. 0. 0. 0. 0. 0. 0. 0. 0. 0. 0. 0. 0. 0. 0. 0. 0. 0.
 0. 0. 0. 0. 0. 0. 0. 0. 0. 0. 0. 0. 0. 0. 0. 0. 0. 0. 0. 0. 0. 0. 0. 0.
 0. 0. 0. 0. 0. 0. 0. 0. 0. 0. 0. 0. 0. 0. 0. 0. 0. 0. 0. 0. 0. 0. 0. 0.
 0. 0. 0. 0. 0. 0. 0. 0. 0. 0. 0. 0. 0. 0. 0. 0. 0. 0. 0. 0. 0. 0. 0. 0.
 0. 0. 0. 0. 0. 0. 0. 0. 0. 0. 0. 0. 0. 0. 0. 0. 0. 0. 0. 0. 0. 0. 0. 0.
 0. 0. 0. 0. 0. 0. 0. 0. 0. 0. 0. 0. 0. 0. 0. 0. 0. 0. 0. 0. 0. 0. 0. 0.
 0. 0. 0. 0. 0. 0. 0. 0. 0. 0. 0. 0. 0. 0. 0. 0. 0. 0. 0. 0. 0. 0. 0. 0.
 0. 0. 0. 0. 0. 0. 0. 0. 0. 0. 0. 0. 0. 0. 0. 0. 0. 0. 0. 0. 0. 0. 0. 0.
 0. 0. 0. 0. 0. 0. 0. 0. 0. 0. 0. 0. 0. 0. 0. 0. 0. 0. 0. 0. 0. 0. 0. 0.
 0. 0. 0. 0. 0. 0. 0. 0. 0. 0. 0. 0. 0. 0. 0. 0. 0. 0. 0. 0. 0. 0. 0. 0.
 0. 0. 0. 0. 0. 0. 0. 0. 0. 0. 0. 0. 0. 0. 0. 0. 0. 0. 0. 0. 0. 0. 0. 0.
 0. 0. 0. 0. 0. 0. 0. 0. 0. 0. 0. 0. 0. 0. 0. 0. 0. 0. 0. 0. 0. 0. 0. 0.
 0. 0. 0. 0. 0. 0. 0. 0. 0. 0. 0. 0. 0. 0. 0. 0. 0. 0. 0. 0. 0. 0. 0. 0.
 0. 0. 0. 0. 0. 0. 0. 0. 0. 0. 0. 0. 0. 0. 0. 0. 0. 0. 0. 0. 0. 0. 0. 0.
 0. 0. 0. 0. 0. 0. 0. 0. 0. 0. 0. 0. 0. 0. 0. 0. 0. 0. 0. 0. 0. 0. 0. 0.
 0. 0. 0. 0. 0. 0. 0. 0. 0. 0. 0. 0. 0. 0. 0. 0. 0. 0. 0. 0. 0. 0. 0. 0.
 0. 0. 0. 0. 0. 0. 0. 0. 0. 0. 0. 0. 0. 0. 0. 0. 0. 0. 0. 0. 0. 0. 0. 0.
 0. 0. 0. 0. 0. 0. 0. 0. 0. 0. 0. 0. 0. 0. 0. 0. 0. 0. 0. 0. 0. 0. 0. 0.
 0. 0.]
norm_did: [0.00000000e+00 0.00000000e+00 0.00000000e+00 0.00000000e+00
 0.00000000e+00 0.00000000e+00 0.00000000e+00 0.00000000e+00
 0.00000000e+00 0.00000000e+00 0.00000000e+00 0.00000000e+00
 0.00000000e+00 0.00000000e+00 0.00000000e+00 0.00000000e+00
 0.00000000e+00 0.00000000e+00 0.00000000e+00 0.00000000e+00
 0.00000000e+00 0.00000000e+00 0.00000000e+00 0.00000000e+00
 0.00000000e+00 0.00000000e+00 0.00000000e+00 0.00000000e+00
 0.00000000e+00 0.00000000e+00 0.00000000e+00 0.00000000e+00
 0.00000000e+00 0.00000000e+00 0.00000000e+00 0.00000000e+00
 0.00000000e+00 0.00000000e+00 0.00000000e+00 0.00000000e+00
 0.00000000e+00 0.00000000e+00 0.00000000e+00 0.00000000e+00
 0.00000000e+00 0.00000000e+00 0.00000000e+00 0.00000000e+00
 0.00000000e+00 0.00000000e+00 0.00000000e+00 0.00000000e+00
 0.00000000e+00 0.00000000e+00 0.00000000e+00 0.00000000e+00
 0.00000000e+00 0.00000000e+00 0.00000000e+00 0.00000000e+00
 0.00000000e+00 0.00000000e+00 0.00000000e+00 0.00000000e+00
 0.00000000e+00 0.00000000e+00 0.00000000e+00 0.00000000e+00
 0.00000000e+00 0.00000000e+00 0.00000000e+00 0.00000000e+00
 0.00000000e+00 0.00000000e+00 0.00000000e+00 0.00000000e+00
 0.00000000e+00 0.00000000e+00 0.00000000e+00 0.00000000e+00
 0.00000000e+00 9.39383427e+01 0.00000000e+00 0.00000000e+00
 0.00000000e+00 0.00000000e+00 0.00000000e+00 0.00000000e+00
 4.49215695e+01 0.00000000e+00 7.05798231e+01 8.12822787e+01
 2.17782269e+02 2.92477142e+02 0.00000000e+00 0.00000000e+00
 4.10640029e+02 0.00000000e+00 2.72209646e+02 0.00000000e+00
 1.92243479e+02 1.28569177e+02 2.09616855e+02 2.26582602e+02
 2.45404081e+02 4.80020931e+02 2.20010865e+02 2.42049826e+02
 3.52097625e+02 5.41935971e+02 7.45902463e+02 0.00000000e+00
 6.91286198e+02 0.00000000e+00 7.43539252e+02 0.00000000e+00
 4.33544481e+02 4.33544474e+02 4.81406708e+02 5.51386978e+02
 6.02519027e+02 8.96845667e+02 1.07486140e+03 3.77334289e+02
 9.89181592e+02 7.22843229e+02 9.68362498e+02 8.48542996e+02
 8.50384698e+02 1.11901469e+03 1.26615693e+03 1.48496214e+03
 1.75599422e+03 2.22576452e+03 2.86116573e+03 3.79545376e+03
 5.99768957e+03 9.41518101e+03 1.37809246e+04 7.69353526e+03
 3.15682772e+05 2.05351687e+06 1.02420487e+07 1.58649188e+07
 9.52521082e+06 9.33359701e+10 6.84000760e+08 2.49803988e+08
 2.49106748e+08 2.50832708e+08 2.67911898e+08 2.84185954e+08
 3.07972629e+08 3.68594649e+08 3.52101937e+08 3.33591267e+08
 3.32241266e+08 3.44999952e+08 3.48992986e+08 3.59742494e+08
 3.60442913e+08 3.62590041e+08 3.85676509e+08 3.73364859e+08
 3.70992461e+08 3.79616807e+08 3.81025320e+08 3.85128003e+08
 3.89002008e+08 4.00909368e+08 4.04835432e+08 4.14319967e+08
 4.10948001e+08 4.17008442e+08 4.54384955e+08 4.80310541e+08
 1.46007021e+09 1.40622270e+09 4.84689351e+08 4.83056317e+08
 4.79530333e+08 4.86451045e+08 4.93583856e+08 6.50107765e+08
 5.53291373e+08 5.15374050e+08 5.45939371e+08 5.19881353e+08
 5.19407606e+08 5.12902692e+08 5.00785398e+08 5.28545058e+08
 5.21279302e+08 6.08541258e+08 5.61674558e+08 5.25873877e+08
 5.51728026e+08 5.15609377e+08 5.17854332e+08 4.85884070e+08
 4.61809792e+08 4.95676579e+08 4.62853223e+08 4.01551359e+08
 3.65416719e+08 3.31560734e+08 2.55655479e+08 1.57569805e+08
 7.12093541e+06 3.14084929e+08 1.13604962e+09 2.42752174e+09
 5.56438341e+09 2.17268581e+10 8.69843165e+09 2.14996623e+10
 4.17550304e+10 8.37273878e+10 1.45642034e+10 8.22845825e+09
 7.01416539e+09 6.14280312e+09 5.57897624e+09 4.94387470e+09
 4.64597002e+09 4.34809410e+09 4.07877534e+09 3.77005619e+09
 3.42113500e+09 3.28115250e+09 3.17126479e+09 3.09531851e+09
 2.94525436e+09 2.84955107e+09 2.68494160e+09 2.46963554e+09
 2.23972332e+09 2.03359450e+09 1.85378550e+09 1.67151546e+09
 1.56566823e+09 1.50314703e+09 1.45723665e+09 1.40244652e+09
 1.36802605e+09 1.35307835e+09 1.33291211e+09 1.30968063e+09
 1.29429794e+09 1.27836920e+09 1.26209367e+09 1.23727960e+09
 1.20416714e+09 1.16756961e+09 1.12315329e+09 1.08352021e+09
 1.03218980e+09 1.02012233e+09 1.00940342e+09 1.00369905e+09
 9.96159189e+08 9.87002353e+08 9.81715077e+08 9.76053351e+08
 9.70651953e+08 9.55638897e+08 9.39044116e+08 9.23898713e+08
 9.07355451e+08 8.79592622e+08 8.65169304e+08 8.57490257e+08
 8.44460254e+08 8.33594210e+08 8.22578972e+08 8.11996236e+08
 7.94983754e+08 7.73835003e+08 7.44728356e+08 7.08437771e+08
 6.61681321e+08 6.11976752e+08 5.60111364e+08 5.08616440e+08
 4.58157589e+08 4.10616480e+08 3.66081886e+08 3.24664201e+08
 2.82607762e+08 2.46512416e+08 1.48557308e+09 0.00000000e+00
 0.00000000e+00 0.00000000e+00 0.00000000e+00 0.00000000e+00
 0.00000000e+00 0.00000000e+00 0.00000000e+00 0.00000000e+00
 0.00000000e+00 0.00000000e+00 0.00000000e+00 0.00000000e+00
 0.00000000e+00 0.00000000e+00 0.00000000e+00 0.00000000e+00
 0.00000000e+00 0.00000000e+00 0.00000000e+00 0.00000000e+00
 0.00000000e+00 0.00000000e+00 0.00000000e+00 0.00000000e+00
 0.00000000e+00 0.00000000e+00 0.00000000e+00 0.00000000e+00
 0.00000000e+00 0.00000000e+00 0.00000000e+00 0.00000000e+00
 0.00000000e+00 0.00000000e+00 0.00000000e+00 0.00000000e+00
 0.00000000e+00 0.00000000e+00 0.00000000e+00 0.00000000e+00
 0.00000000e+00 0.00000000e+00 0.00000000e+00 0.00000000e+00
 0.00000000e+00 0.00000000e+00 0.00000000e+00 0.00000000e+00
 0.00000000e+00 0.00000000e+00 0.00000000e+00 0.00000000e+00
 0.00000000e+00 0.00000000e+00 0.00000000e+00 0.00000000e+00
 0.00000000e+00 0.00000000e+00 0.00000000e+00 0.00000000e+00
 0.00000000e+00 0.00000000e+00 0.00000000e+00 0.00000000e+00
 0.00000000e+00 0.00000000e+00 0.00000000e+00 0.00000000e+00
 0.00000000e+00 0.00000000e+00 0.00000000e+00 0.00000000e+00
 0.00000000e+00 0.00000000e+00 0.00000000e+00 0.00000000e+00
 0.00000000e+00 0.00000000e+00 0.00000000e+00 0.00000000e+00
 0.00000000e+00 0.00000000e+00 0.00000000e+00 0.00000000e+00
 0.00000000e+00 0.00000000e+00 0.00000000e+00 0.00000000e+00
 0.00000000e+00 0.00000000e+00 0.00000000e+00 0.00000000e+00
 0.00000000e+00 0.00000000e+00 0.00000000e+00 0.00000000e+00
 0.00000000e+00 0.00000000e+00 0.00000000e+00 0.00000000e+00
 0.00000000e+00 0.00000000e+00 0.00000000e+00 0.00000000e+00
 0.00000000e+00 0.00000000e+00 0.00000000e+00 0.00000000e+00
 0.00000000e+00 0.00000000e+00 0.00000000e+00 0.00000000e+00
 0.00000000e+00 0.00000000e+00 0.00000000e+00 0.00000000e+00
 0.00000000e+00 0.00000000e+00 0.00000000e+00 0.00000000e+00
 0.00000000e+00 0.00000000e+00 0.00000000e+00 0.00000000e+00
 0.00000000e+00 0.00000000e+00 0.00000000e+00 0.00000000e+00
 0.00000000e+00 0.00000000e+00 0.00000000e+00 0.00000000e+00
 0.00000000e+00 0.00000000e+00 0.00000000e+00 0.00000000e+00
 0.00000000e+00 0.00000000e+00 0.00000000e+00 0.00000000e+00
 0.00000000e+00 0.00000000e+00 0.00000000e+00 0.00000000e+00
 0.00000000e+00 0.00000000e+00 0.00000000e+00 0.00000000e+00
 0.00000000e+00 0.00000000e+00 0.00000000e+00 0.00000000e+00
 0.00000000e+00 0.00000000e+00 0.00000000e+00 0.00000000e+00
 0.00000000e+00 0.00000000e+00 0.00000000e+00 0.00000000e+00
 0.00000000e+00 0.00000000e+00 0.00000000e+00 0.00000000e+00
 0.00000000e+00 0.00000000e+00 0.00000000e+00 0.00000000e+00
 0.00000000e+00 0.00000000e+00 0.00000000e+00 0.00000000e+00
 0.00000000e+00 0.00000000e+00 0.00000000e+00 0.00000000e+00
 0.00000000e+00 0.00000000e+00 0.00000000e+00 0.00000000e+00
 0.00000000e+00 0.00000000e+00 0.00000000e+00 0.00000000e+00
 0.00000000e+00 0.00000000e+00 0.00000000e+00 0.00000000e+00
 0.00000000e+00 0.00000000e+00 0.00000000e+00 0.00000000e+00
 0.00000000e+00 0.00000000e+00 0.00000000e+00 0.00000000e+00
 0.00000000e+00 0.00000000e+00 0.00000000e+00 0.00000000e+00
 0.00000000e+00 0.00000000e+00 0.00000000e+00 0.00000000e+00
 0.00000000e+00 0.00000000e+00 0.00000000e+00 0.00000000e+00
 0.00000000e+00 0.00000000e+00 0.00000000e+00 0.00000000e+00
 0.00000000e+00 0.00000000e+00 0.00000000e+00 0.00000000e+00
 0.00000000e+00 0.00000000e+00 0.00000000e+00 0.00000000e+00
 0.00000000e+00 0.00000000e+00 0.00000000e+00 0.00000000e+00
 0.00000000e+00 0.00000000e+00 0.00000000e+00 0.00000000e+00
 0.00000000e+00 0.00000000e+00 0.00000000e+00 0.00000000e+00
 0.00000000e+00 0.00000000e+00 0.00000000e+00 0.00000000e+00
 0.00000000e+00 0.00000000e+00 0.00000000e+00 0.00000000e+00
 0.00000000e+00 0.00000000e+00 0.00000000e+00 0.00000000e+00
 0.00000000e+00 0.00000000e+00 0.00000000e+00 0.00000000e+00
 0.00000000e+00 0.00000000e+00 0.00000000e+00 0.00000000e+00
 0.00000000e+00 0.00000000e+00 0.00000000e+00 0.00000000e+00
 0.00000000e+00 0.00000000e+00 0.00000000e+00 0.00000000e+00
 0.00000000e+00 0.00000000e+00 0.00000000e+00 0.00000000e+00
 0.00000000e+00 0.00000000e+00 0.00000000e+00 0.00000000e+00
 0.00000000e+00 0.00000000e+00 0.00000000e+00 0.00000000e+00
 0.00000000e+00 0.00000000e+00 0.00000000e+00 0.00000000e+00
 0.00000000e+00 0.00000000e+00 0.00000000e+00 0.00000000e+00
 0.00000000e+00 0.00000000e+00 0.00000000e+00 0.00000000e+00
 0.00000000e+00 0.00000000e+00]
[WARNING]: Quasi-static verification failed
[WARNING]: Max normalized derivatives: dVg/dt=2.50e+11, dVd/dt=0.00e+00, dId/dt=9.33e+10

  ngspice: ✓ PASS  (135.8s)

✓ Benchmark completed: /home/duhaochen/website-trial-v1/data/spice-model-benchmark/52fddd8d55c7e479cfc7ae46b6002264/ngspice
