$ /usr/bin/time -v -o /home/duhaochen/website-trial-v1/data/spice-model-benchmark/61c9425b658af56537423fdf285c0103/ngspice/resource.txt /usr/bin/python -m spice_model_benchmark.cli /home/duhaochen/pipeline_full_collection/benchmark-inputs/61c9425b658af56537423fdf285c0103/ngspice.lib --simulator ngspice --modes dc transient ac noise --output-dir /home/duhaochen/website-trial-v1/data/spice-model-benchmark/61c9425b658af56537423fdf285c0103 --dpi 120 --log-level WARNING
/home/duhaochen/spice_model_benchmark/src/spice_model_benchmark/verification_manager.py:1557: RuntimeWarning: divide by zero encountered in divide
  tc = np.mean((d_ids / d_temp) / np.abs(i_ds[:-1]))
SPICE Model Benchmark: /home/duhaochen/pipeline_full_collection/benchmark-inputs/61c9425b658af56537423fdf285c0103/ngspice.lib
Simulators: ngspice
Modes: dc, transient, ac, noise
------------------------------------------------------------

============================================================
  Running: NGSPICE
  Output:  /home/duhaochen/website-trial-v1/data/spice-model-benchmark/61c9425b658af56537423fdf285c0103/ngspice
============================================================
Vgs range: 0.000V to 1.200V
Ids range: -1.541e-03A to 0.000e+00A
Selected Vgs values: [0.  0.2 0.4 0.6 0.8 1.  1.2]
Vgs=0.000V: Ids range -9.485e-12A to -2.417e-16A
Vgs=0.200V: Ids range -1.607e-09A to 0.000e+00A
Vgs=0.400V: Ids range -2.335e-07A to 0.000e+00A
Vgs=0.600V: Ids range -2.090e-05A to 0.000e+00A
Vgs=0.800V: Ids range -3.237e-04A to 0.000e+00A
Vgs=1.000V: Ids range -8.596e-04A to 0.000e+00A
Vgs=1.200V: Ids range -1.541e-03A to 0.000e+00A
ids_variation: 6.03945093645332
ids_variation <= max_variation: False
tc: inf
abs(tc) <= max_tc: False
[WARNING]: Temperature effects verification failed - effects outside expected range
/home/duhaochen/spice_model_benchmark/src/spice_model_benchmark/verification_manager.py:1817: RuntimeWarning: divide by zero encountered in log
  log_ids = np.log(np.abs(i_ds))
/home/duhaochen/.local/lib/python3.9/site-packages/numpy/lib/function_base.py:2742: RuntimeWarning: invalid value encountered in subtract
  X -= avg[:, None]
/home/duhaochen/spice_model_benchmark/src/spice_model_benchmark/verification_manager.py:1862: RuntimeWarning: divide by zero encountered in divide
  efficiency = np.abs(gm / i_ds)  # Transconductance efficiency
[INFO]: S-parameter analysis plot saved to /home/duhaochen/website-trial-v1/data/spice-model-benchmark/61c9425b658af56537423fdf285c0103/ngspice/plots/ac_cv_sparameter_analysis.png
[INFO]: NQS effects plot saved to /home/duhaochen/website-trial-v1/data/spice-model-benchmark/61c9425b658af56537423fdf285c0103/ngspice/plots/ac_cv_nqs_effects.png
[INFO]: S-parameter analysis plot saved to /home/duhaochen/website-trial-v1/data/spice-model-benchmark/61c9425b658af56537423fdf285c0103/ngspice/plots/ac_cv_sparameter_analysis.png
norm_dvg: [2.50000000e+11 1.25000000e+11 6.25000000e+10 3.12500000e+10
 1.56249999e+10 9.40598740e+09 6.51438388e+09 5.22135168e+09
 4.94108662e+09 4.67766142e+09 4.45371874e+09 4.21271915e+09
 4.03970405e+09 3.89418128e+09 3.72888062e+09 3.58585217e+09
 3.44445714e+09 3.28862560e+09 3.08158229e+09 2.79916806e+09
 2.54702280e+09 2.46737341e+09 2.39921611e+09 2.36237705e+09
 2.32823896e+09 2.29487391e+09 2.25629521e+09 2.21940170e+09
 2.19583585e+09 2.16652407e+09 2.13945489e+09 2.10565205e+09
 2.06391736e+09 2.03145530e+09 2.01948353e+09 2.00969399e+09
 2.00000000e+09 1.99919245e+09 1.99759006e+09 1.99438556e+09
 1.98800359e+09 1.97536599e+09 1.95056566e+09 1.93302411e+09
 1.91914878e+09 1.90711967e+09 1.89079655e+09 1.87479654e+09
 1.85911305e+09 1.84297643e+09 1.81999917e+09 1.79069984e+09
 1.75264546e+09 1.70518985e+09 1.64697343e+09 1.57967246e+09
 1.50569752e+09 1.43342571e+09 1.38323224e+09 1.36135370e+09
 1.33945840e+09 1.31216356e+09 1.29456349e+09 1.27277105e+09
 1.24891949e+09 1.22278285e+09 1.19431804e+09 1.16611964e+09
 1.13708480e+09 1.09764212e+09 1.05632516e+09 1.03383704e+09
 1.01663693e+09 9.99998094e+08 9.98255653e+08 9.94780900e+08
 9.87905821e+08 9.76983035e+08 9.65140998e+08 9.54230687e+08
 9.42074198e+08 9.31992609e+08 9.21878000e+08 9.11718325e+08
 8.92056648e+08 8.72712204e+08 8.46270670e+08 8.16811404e+08
 7.77341673e+08 7.21771985e+08 6.72918202e+08 6.16968167e+08
 5.90458232e+08 5.82099342e+08 5.73532710e+08 5.66485174e+08
 5.57721057e+08 5.50414373e+08 5.44227070e+08 5.36970995e+08
 5.30147702e+08 5.22530653e+08 5.14699117e+08 5.06088687e+08
 4.92386757e+08 4.78727122e+08 4.61801218e+08 4.57974886e+08
 4.54389964e+08 4.52806665e+08 4.51710078e+08 4.50749490e+08
 4.49540609e+08 4.49070984e+08 4.48407391e+08 4.47639520e+08
 4.46819640e+08 4.45324621e+08 4.42365076e+08 4.38265717e+08
 4.34740990e+08 4.32970220e+08 4.31475795e+08 4.29492048e+08
 4.27993138e+08 4.25777594e+08 4.23492471e+08 4.20003535e+08
 4.15725591e+08 4.09901448e+08 4.02848956e+08 3.94343556e+08
 3.85012861e+08 3.73687322e+08 3.60441873e+08 3.44180082e+08
 3.26092995e+08 3.06528732e+08 2.86417377e+08 2.65347299e+08
 2.43490954e+08 2.20764909e+08 1.97993047e+08 1.73300757e+08
 1.52199699e+08 1.35679407e+08 1.22394295e+08 1.15817500e+08
 1.10092440e+08 1.04177041e+08 9.95072039e+07 9.52370372e+07
 9.52114177e+07 9.51562582e+07 9.50481740e+07 9.48315622e+07
 9.46029458e+07 9.43300282e+07 9.40346484e+07 9.36810713e+07
 9.35107963e+07 9.34159268e+07 9.33252038e+07 9.32200748e+07
 9.31056973e+07 9.30255529e+07 9.29375522e+07 9.28353076e+07
 9.27304009e+07 9.26195242e+07 9.25225442e+07 9.24075365e+07
 9.22950096e+07 9.21296691e+07 9.20418040e+07 9.19612389e+07
 9.18619968e+07 9.17659352e+07 9.17136612e+07 9.16502242e+07
 9.15775165e+07 9.15004120e+07 9.14084027e+07 9.12971925e+07
 9.11562590e+07 9.10325071e+07 9.09208820e+07 9.08981253e+07
 9.09041924e+07 9.08949607e+07 9.08761342e+07 9.08470895e+07
 9.08228850e+07 9.08146273e+07 9.07912148e+07 9.07803616e+07
 9.07657782e+07 9.07477415e+07 9.07082178e+07 9.06327403e+07
 9.05407318e+07 9.04521904e+07 9.03957553e+07 9.03313004e+07
 9.02830927e+07 9.02139289e+07 9.01470017e+07 9.00448573e+07
 8.99178182e+07 8.97381674e+07 8.95054411e+07 8.91842843e+07
 8.87622851e+07 8.82118793e+07 8.75289559e+07 8.71470799e+07
 8.69181179e+07 8.67494201e+07 8.65846950e+07 8.63918766e+07
 8.61666496e+07 8.59883552e+07 8.57986266e+07 8.55961117e+07
 8.54100017e+07 8.51986084e+07 8.49888869e+07 8.47885855e+07
 8.45247134e+07 8.41252694e+07 8.37274054e+07 8.34542321e+07
 8.33336441e+07 8.33026228e+07 8.32397281e+07 8.31464911e+07
 8.30434782e+07 8.29525965e+07 8.28925481e+07 8.28194161e+07
 8.27442616e+07 8.26543201e+07 8.25483521e+07 8.24153175e+07
 8.22389445e+07 8.19776491e+07 8.14602018e+07 8.08993956e+07
 8.07134751e+07 8.05904363e+07 8.05048566e+07 8.04139146e+07
 8.03037288e+07 8.02259074e+07 8.01283485e+07 8.00192768e+07
 7.98937845e+07 7.97499675e+07 7.95974336e+07 7.94373143e+07
 7.92225247e+07 7.89613454e+07 7.86275174e+07 7.83695806e+07
 7.82955959e+07 7.82504582e+07 7.82189060e+07 7.81911502e+07
 7.81585566e+07 7.81232832e+07 7.81033195e+07 7.80740087e+07
 7.80483494e+07 7.80103202e+07 7.79594405e+07 7.78580874e+07
 7.77441659e+07 7.76034038e+07 7.75038177e+07 7.74359469e+07
 7.73568238e+07 7.72747677e+07 7.71944483e+07 7.71013443e+07
 7.69791127e+07 7.68121140e+07 7.65876371e+07 7.62809406e+07
 7.58682072e+07 7.53206715e+07 7.46144080e+07 7.38133650e+07
 7.29189552e+07 7.19230536e+07 7.07958992e+07 6.94958257e+07
 6.79518068e+07 6.60488915e+07 6.35708766e+07 6.04943343e+07
 5.77018274e+07 5.51557570e+07 5.28248866e+07 5.13736332e+07
 0.00000000e+00 0.00000000e+00 0.00000000e+00 0.00000000e+00
 0.00000000e+00 0.00000000e+00 0.00000000e+00 0.00000000e+00
 0.00000000e+00 0.00000000e+00 0.00000000e+00 0.00000000e+00
 0.00000000e+00 0.00000000e+00 0.00000000e+00 0.00000000e+00
 0.00000000e+00 0.00000000e+00 0.00000000e+00 0.00000000e+00
 0.00000000e+00 0.00000000e+00 0.00000000e+00 0.00000000e+00
 0.00000000e+00 0.00000000e+00 0.00000000e+00 0.00000000e+00
 0.00000000e+00 0.00000000e+00 0.00000000e+00 0.00000000e+00
 0.00000000e+00 0.00000000e+00 0.00000000e+00 0.00000000e+00
 0.00000000e+00 0.00000000e+00 0.00000000e+00 0.00000000e+00
 0.00000000e+00 0.00000000e+00 0.00000000e+00 0.00000000e+00
 0.00000000e+00 0.00000000e+00 0.00000000e+00 0.00000000e+00
 0.00000000e+00 0.00000000e+00 0.00000000e+00 0.00000000e+00
 0.00000000e+00 0.00000000e+00 0.00000000e+00 0.00000000e+00
 0.00000000e+00 0.00000000e+00 0.00000000e+00 0.00000000e+00
 0.00000000e+00 0.00000000e+00 0.00000000e+00 0.00000000e+00
 0.00000000e+00 0.00000000e+00 0.00000000e+00 0.00000000e+00
 0.00000000e+00 0.00000000e+00 0.00000000e+00 0.00000000e+00
 0.00000000e+00 0.00000000e+00 0.00000000e+00 0.00000000e+00
 0.00000000e+00 0.00000000e+00 0.00000000e+00 0.00000000e+00
 0.00000000e+00 0.00000000e+00 0.00000000e+00 0.00000000e+00
 0.00000000e+00 0.00000000e+00 0.00000000e+00 0.00000000e+00
 0.00000000e+00 0.00000000e+00 0.00000000e+00 0.00000000e+00
 0.00000000e+00 0.00000000e+00 0.00000000e+00 0.00000000e+00
 0.00000000e+00 0.00000000e+00 0.00000000e+00 0.00000000e+00
 0.00000000e+00 0.00000000e+00 0.00000000e+00 0.00000000e+00
 0.00000000e+00 0.00000000e+00 0.00000000e+00 0.00000000e+00
 0.00000000e+00 0.00000000e+00 0.00000000e+00 0.00000000e+00
 0.00000000e+00 0.00000000e+00 0.00000000e+00 0.00000000e+00
 0.00000000e+00 0.00000000e+00 0.00000000e+00 0.00000000e+00
 0.00000000e+00 0.00000000e+00 0.00000000e+00 0.00000000e+00
 0.00000000e+00 0.00000000e+00 0.00000000e+00 0.00000000e+00
 0.00000000e+00 0.00000000e+00 0.00000000e+00 0.00000000e+00
 0.00000000e+00 0.00000000e+00 0.00000000e+00 0.00000000e+00
 0.00000000e+00 0.00000000e+00 0.00000000e+00 0.00000000e+00
 0.00000000e+00 0.00000000e+00 0.00000000e+00 0.00000000e+00
 0.00000000e+00 0.00000000e+00 0.00000000e+00 0.00000000e+00
 0.00000000e+00 0.00000000e+00 0.00000000e+00 0.00000000e+00
 0.00000000e+00 0.00000000e+00 0.00000000e+00 0.00000000e+00
 0.00000000e+00 0.00000000e+00 0.00000000e+00 0.00000000e+00
 0.00000000e+00 0.00000000e+00 0.00000000e+00 0.00000000e+00
 0.00000000e+00 0.00000000e+00 0.00000000e+00 0.00000000e+00
 0.00000000e+00 0.00000000e+00 0.00000000e+00 0.00000000e+00
 0.00000000e+00 0.00000000e+00 0.00000000e+00 0.00000000e+00
 0.00000000e+00 0.00000000e+00 0.00000000e+00 0.00000000e+00
 0.00000000e+00 0.00000000e+00 0.00000000e+00 0.00000000e+00
 0.00000000e+00 0.00000000e+00 0.00000000e+00 0.00000000e+00
 0.00000000e+00 0.00000000e+00 0.00000000e+00 0.00000000e+00
 0.00000000e+00 0.00000000e+00 0.00000000e+00 0.00000000e+00
 0.00000000e+00 0.00000000e+00 0.00000000e+00 0.00000000e+00
 0.00000000e+00 0.00000000e+00 0.00000000e+00 0.00000000e+00
 0.00000000e+00 0.00000000e+00 0.00000000e+00 0.00000000e+00
 0.00000000e+00 0.00000000e+00 0.00000000e+00 0.00000000e+00
 0.00000000e+00 0.00000000e+00 0.00000000e+00 0.00000000e+00
 0.00000000e+00 0.00000000e+00 0.00000000e+00 0.00000000e+00
 0.00000000e+00 0.00000000e+00 0.00000000e+00 0.00000000e+00
 0.00000000e+00 0.00000000e+00 0.00000000e+00 0.00000000e+00
 0.00000000e+00 0.00000000e+00 0.00000000e+00 0.00000000e+00
 0.00000000e+00 0.00000000e+00 0.00000000e+00 0.00000000e+00
 0.00000000e+00 0.00000000e+00 0.00000000e+00 0.00000000e+00
 0.00000000e+00 0.00000000e+00 0.00000000e+00 0.00000000e+00
 0.00000000e+00 0.00000000e+00 0.00000000e+00 0.00000000e+00
 0.00000000e+00 0.00000000e+00 0.00000000e+00 0.00000000e+00
 0.00000000e+00 0.00000000e+00 0.00000000e+00 0.00000000e+00
 0.00000000e+00 0.00000000e+00 0.00000000e+00 0.00000000e+00
 0.00000000e+00 0.00000000e+00 0.00000000e+00 0.00000000e+00
 0.00000000e+00 0.00000000e+00 0.00000000e+00 0.00000000e+00
 0.00000000e+00 0.00000000e+00 0.00000000e+00 0.00000000e+00
 0.00000000e+00 0.00000000e+00 0.00000000e+00 0.00000000e+00
 0.00000000e+00 0.00000000e+00 0.00000000e+00 0.00000000e+00
 0.00000000e+00 0.00000000e+00 0.00000000e+00 0.00000000e+00
 0.00000000e+00 0.00000000e+00 0.00000000e+00 0.00000000e+00
 0.00000000e+00 0.00000000e+00 0.00000000e+00 0.00000000e+00
 0.00000000e+00 0.00000000e+00 0.00000000e+00 0.00000000e+00
 0.00000000e+00 0.00000000e+00 0.00000000e+00]
norm_dvd: [0. 0. 0. 0. 0. 0. 0. 0. 0. 0. 0. 0. 0. 0. 0. 0. 0. 0. 0. 0. 0. 0. 0. 0.
 0. 0. 0. 0. 0. 0. 0. 0. 0. 0. 0. 0. 0. 0. 0. 0. 0. 0. 0. 0. 0. 0. 0. 0.
 0. 0. 0. 0. 0. 0. 0. 0. 0. 0. 0. 0. 0. 0. 0. 0. 0. 0. 0. 0. 0. 0. 0. 0.
 0. 0. 0. 0. 0. 0. 0. 0. 0. 0. 0. 0. 0. 0. 0. 0. 0. 0. 0. 0. 0. 0. 0. 0.
 0. 0. 0. 0. 0. 0. 0. 0. 0. 0. 0. 0. 0. 0. 0. 0. 0. 0. 0. 0. 0. 0. 0. 0.
 0. 0. 0. 0. 0. 0. 0. 0. 0. 0. 0. 0. 0. 0. 0. 0. 0. 0. 0. 0. 0. 0. 0. 0.
 0. 0. 0. 0. 0. 0. 0. 0. 0. 0. 0. 0. 0. 0. 0. 0. 0. 0. 0. 0. 0. 0. 0. 0.
 0. 0. 0. 0. 0. 0. 0. 0. 0. 0. 0. 0. 0. 0. 0. 0. 0. 0. 0. 0. 0. 0. 0. 0.
 0. 0. 0. 0. 0. 0. 0. 0. 0. 0. 0. 0. 0. 0. 0. 0. 0. 0. 0. 0. 0. 0. 0. 0.
 0. 0. 0. 0. 0. 0. 0. 0. 0. 0. 0. 0. 0. 0. 0. 0. 0. 0. 0. 0. 0. 0. 0. 0.
 0. 0. 0. 0. 0. 0. 0. 0. 0. 0. 0. 0. 0. 0. 0. 0. 0. 0. 0. 0. 0. 0. 0. 0.
 0. 0. 0. 0. 0. 0. 0. 0. 0. 0. 0. 0. 0. 0. 0. 0. 0. 0. 0. 0. 0. 0. 0. 0.
 0. 0. 0. 0. 0. 0. 0. 0. 0. 0. 0. 0. 0. 0. 0. 0. 0. 0. 0. 0. 0. 0. 0. 0.
 0. 0. 0. 0. 0. 0. 0. 0. 0. 0. 0. 0. 0. 0. 0. 0. 0. 0. 0. 0. 0. 0. 0. 0.
 0. 0. 0. 0. 0. 0. 0. 0. 0. 0. 0. 0. 0. 0. 0. 0. 0. 0. 0. 0. 0. 0. 0. 0.
 0. 0. 0. 0. 0. 0. 0. 0. 0. 0. 0. 0. 0. 0. 0. 0. 0. 0. 0. 0. 0. 0. 0. 0.
 0. 0. 0. 0. 0. 0. 0. 0. 0. 0. 0. 0. 0. 0. 0. 0. 0. 0. 0. 0. 0. 0. 0. 0.
 0. 0. 0. 0. 0. 0. 0. 0. 0. 0. 0. 0. 0. 0. 0. 0. 0. 0. 0. 0. 0. 0. 0. 0.
 0. 0. 0. 0. 0. 0. 0. 0. 0. 0. 0. 0. 0. 0. 0. 0. 0. 0. 0. 0. 0. 0. 0. 0.
 0. 0. 0. 0. 0. 0. 0. 0. 0. 0. 0. 0. 0. 0. 0. 0. 0. 0. 0. 0. 0. 0. 0. 0.
 0. 0. 0. 0. 0. 0. 0. 0. 0. 0. 0. 0. 0. 0. 0. 0. 0. 0. 0. 0. 0. 0. 0. 0.
 0. 0. 0. 0. 0. 0. 0. 0. 0. 0. 0. 0. 0. 0. 0. 0. 0. 0. 0. 0. 0. 0. 0. 0.
 0. 0. 0. 0. 0. 0. 0. 0. 0. 0. 0. 0. 0. 0. 0. 0. 0. 0. 0. 0. 0. 0. 0. 0.
 0. 0. 0. 0. 0. 0. 0. 0. 0. 0. 0. 0. 0. 0. 0. 0. 0. 0. 0. 0. 0. 0. 0. 0.
 0. 0. 0. 0. 0. 0. 0. 0. 0. 0. 0. 0. 0. 0. 0. 0. 0. 0. 0. 0. 0. 0. 0. 0.
 0. 0. 0.]
norm_did: [0.00000000e+00 0.00000000e+00 0.00000000e+00 0.00000000e+00
 0.00000000e+00 0.00000000e+00 0.00000000e+00 0.00000000e+00
 0.00000000e+00 0.00000000e+00 0.00000000e+00 0.00000000e+00
 0.00000000e+00 0.00000000e+00 0.00000000e+00 0.00000000e+00
 0.00000000e+00 0.00000000e+00 0.00000000e+00 0.00000000e+00
 0.00000000e+00 0.00000000e+00 0.00000000e+00 0.00000000e+00
 0.00000000e+00 0.00000000e+00 0.00000000e+00 0.00000000e+00
 0.00000000e+00 0.00000000e+00 0.00000000e+00 0.00000000e+00
 0.00000000e+00 0.00000000e+00 0.00000000e+00 0.00000000e+00
 0.00000000e+00 0.00000000e+00 0.00000000e+00 0.00000000e+00
 0.00000000e+00 1.26187877e+03 0.00000000e+00 0.00000000e+00
 0.00000000e+00 0.00000000e+00 0.00000000e+00 0.00000000e+00
 0.00000000e+00 0.00000000e+00 0.00000000e+00 0.00000000e+00
 0.00000000e+00 0.00000000e+00 0.00000000e+00 0.00000000e+00
 0.00000000e+00 0.00000000e+00 0.00000000e+00 0.00000000e+00
 0.00000000e+00 0.00000000e+00 0.00000000e+00 5.41293804e+02
 0.00000000e+00 0.00000000e+00 0.00000000e+00 0.00000000e+00
 0.00000000e+00 2.27926837e+02 0.00000000e+00 0.00000000e+00
 0.00000000e+00 0.00000000e+00 0.00000000e+00 0.00000000e+00
 0.00000000e+00 0.00000000e+00 0.00000000e+00 0.00000000e+00
 0.00000000e+00 0.00000000e+00 6.71927347e+02 0.00000000e+00
 0.00000000e+00 2.26861298e+02 1.90579681e+02 1.30657338e+02
 4.10023739e+02 4.03737916e+02 6.62951896e+02 4.46451380e+02
 2.33767674e+03 0.00000000e+00 3.74438193e+02 2.92797049e+02
 3.41238401e+02 3.93202403e+02 3.27107001e+02 6.77758743e+02
 2.95367145e+02 5.57861634e+02 7.37116350e+02 1.03399281e+03
 1.12127246e+03 1.59124771e+03 6.28588546e+03 0.00000000e+00
 0.00000000e+00 0.00000000e+00 0.00000000e+00 1.36371118e+03
 0.00000000e+00 0.00000000e+00 2.12220111e+03 0.00000000e+00
 1.08121957e+03 1.08121886e+03 1.53651295e+03 8.78029621e+02
 0.00000000e+00 1.01486760e+03 7.58720157e+02 9.96089793e+02
 1.33629369e+03 1.28165706e+03 1.65624232e+03 1.65757889e+03
 1.90107311e+03 2.47224744e+03 2.88230014e+03 3.30403921e+03
 4.64302721e+03 6.85523382e+03 1.14627600e+04 1.81942010e+04
 3.13302795e+04 5.68373545e+04 1.22256637e+05 2.99706008e+05
 8.83049972e+05 3.09000229e+06 1.69702177e+07 9.98483381e+07
 6.10105387e+08 5.89120143e+09 3.47556471e+09 5.38303604e+09
 5.08142123e+09 3.12821622e+09 2.19276711e+09 2.09078514e+09
 1.34005339e+09 1.34270268e+09 1.34081317e+09 1.32493098e+09
 1.30998160e+09 1.29058825e+09 1.27146573e+09 1.23623582e+09
 1.22015032e+09 1.21306976e+09 1.20732793e+09 1.20028456e+09
 1.19065345e+09 1.18544003e+09 1.17986900e+09 1.17295099e+09
 1.16598950e+09 1.15763143e+09 1.15180564e+09 1.14390168e+09
 1.13833655e+09 1.12415674e+09 1.11784122e+09 1.11322652e+09
 1.10649105e+09 1.09852913e+09 1.09540027e+09 1.09168239e+09
 1.08709341e+09 1.08255931e+09 1.07727725e+09 1.07113766e+09
 1.06146733e+09 1.05351489e+09 1.04508639e+09 1.04026195e+09
 1.04132673e+09 1.04108055e+09 1.04056099e+09 1.03789197e+09
 1.03674860e+09 1.03591602e+09 1.03454475e+09 1.03387241e+09
 1.03317483e+09 1.03253796e+09 1.03136997e+09 1.02717399e+09
 1.02131107e+09 1.01476499e+09 1.01158520e+09 1.00708640e+09
 1.00478188e+09 1.00053646e+09 9.97434321e+08 9.92014205e+08
 9.85816338e+08 9.76496774e+08 9.64970305e+08 9.48516740e+08
 9.26903070e+08 8.98193892e+08 8.53987675e+08 8.30726877e+08
 8.17747339e+08 8.09095601e+08 8.01254777e+08 7.92198090e+08
 7.80320276e+08 7.71830797e+08 7.62909716e+08 7.53045552e+08
 7.44713687e+08 7.34899927e+08 7.25206469e+08 7.17036016e+08
 7.07033990e+08 6.89594237e+08 6.71337627e+08 6.58451641e+08
 6.53085884e+08 6.51462520e+08 6.49551335e+08 6.45898296e+08
 6.41719776e+08 6.37883185e+08 6.35635367e+08 6.32864521e+08
 6.30082678e+08 6.26787259e+08 6.23020176e+08 6.18387860e+08
 6.12551449e+08 6.05127178e+08 5.86788764e+08 5.64555993e+08
 5.57891143e+08 5.53555562e+08 5.50813457e+08 5.48021938e+08
 5.44243096e+08 5.41900758e+08 5.38915293e+08 5.35570437e+08
 5.31807600e+08 5.27422438e+08 5.22820107e+08 5.18351130e+08
 5.12252605e+08 5.05069279e+08 4.95109087e+08 4.86931163e+08
 4.84738386e+08 4.83408334e+08 4.82553864e+08 4.81831394e+08
 4.80956283e+08 4.79943859e+08 4.79444426e+08 4.78666914e+08
 4.78023658e+08 4.77079215e+08 4.75998412e+08 4.73378766e+08
 4.70537585e+08 4.66669145e+08 4.63955589e+08 4.62267890e+08
 4.60287080e+08 4.58203198e+08 4.56254503e+08 4.54088107e+08
 4.51284923e+08 4.47486697e+08 4.42474744e+08 4.35733370e+08
 4.26861102e+08 4.15430806e+08 4.00928637e+08 3.85365635e+08
 3.69084396e+08 3.52280799e+08 3.34785123e+08 3.16427612e+08
 2.96843104e+08 2.75569170e+08 2.50677868e+08 2.21323872e+08
 1.98040945e+08 1.79016189e+08 1.62092650e+08 1.52978314e+08
 6.57924045e+08 0.00000000e+00 0.00000000e+00 0.00000000e+00
 0.00000000e+00 0.00000000e+00 0.00000000e+00 0.00000000e+00
 0.00000000e+00 0.00000000e+00 0.00000000e+00 0.00000000e+00
 0.00000000e+00 0.00000000e+00 0.00000000e+00 0.00000000e+00
 0.00000000e+00 0.00000000e+00 0.00000000e+00 0.00000000e+00
 0.00000000e+00 0.00000000e+00 0.00000000e+00 0.00000000e+00
 0.00000000e+00 0.00000000e+00 0.00000000e+00 0.00000000e+00
 0.00000000e+00 0.00000000e+00 0.00000000e+00 0.00000000e+00
 0.00000000e+00 0.00000000e+00 0.00000000e+00 0.00000000e+00
 0.00000000e+00 0.00000000e+00 0.00000000e+00 0.00000000e+00
 0.00000000e+00 0.00000000e+00 0.00000000e+00 0.00000000e+00
 0.00000000e+00 0.00000000e+00 0.00000000e+00 0.00000000e+00
 0.00000000e+00 0.00000000e+00 0.00000000e+00 0.00000000e+00
 0.00000000e+00 0.00000000e+00 0.00000000e+00 0.00000000e+00
 0.00000000e+00 0.00000000e+00 0.00000000e+00 0.00000000e+00
 0.00000000e+00 0.00000000e+00 0.00000000e+00 0.00000000e+00
 0.00000000e+00 0.00000000e+00 0.00000000e+00 0.00000000e+00
 0.00000000e+00 0.00000000e+00 0.00000000e+00 0.00000000e+00
 0.00000000e+00 0.00000000e+00 0.00000000e+00 0.00000000e+00
 0.00000000e+00 0.00000000e+00 0.00000000e+00 0.00000000e+00
 0.00000000e+00 0.00000000e+00 0.00000000e+00 0.00000000e+00
 0.00000000e+00 0.00000000e+00 0.00000000e+00 0.00000000e+00
 0.00000000e+00 0.00000000e+00 0.00000000e+00 0.00000000e+00
 0.00000000e+00 0.00000000e+00 0.00000000e+00 0.00000000e+00
 0.00000000e+00 0.00000000e+00 0.00000000e+00 0.00000000e+00
 0.00000000e+00 0.00000000e+00 0.00000000e+00 0.00000000e+00
 0.00000000e+00 0.00000000e+00 0.00000000e+00 0.00000000e+00
 0.00000000e+00 0.00000000e+00 0.00000000e+00 0.00000000e+00
 0.00000000e+00 0.00000000e+00 0.00000000e+00 0.00000000e+00
 0.00000000e+00 0.00000000e+00 0.00000000e+00 0.00000000e+00
 0.00000000e+00 0.00000000e+00 0.00000000e+00 0.00000000e+00
 0.00000000e+00 0.00000000e+00 0.00000000e+00 0.00000000e+00
 0.00000000e+00 0.00000000e+00 0.00000000e+00 0.00000000e+00
 0.00000000e+00 0.00000000e+00 0.00000000e+00 0.00000000e+00
 0.00000000e+00 0.00000000e+00 0.00000000e+00 0.00000000e+00
 0.00000000e+00 0.00000000e+00 0.00000000e+00 0.00000000e+00
 0.00000000e+00 0.00000000e+00 0.00000000e+00 0.00000000e+00
 0.00000000e+00 0.00000000e+00 0.00000000e+00 0.00000000e+00
 0.00000000e+00 0.00000000e+00 0.00000000e+00 0.00000000e+00
 0.00000000e+00 0.00000000e+00 0.00000000e+00 0.00000000e+00
 0.00000000e+00 0.00000000e+00 0.00000000e+00 0.00000000e+00
 0.00000000e+00 0.00000000e+00 0.00000000e+00 0.00000000e+00
 0.00000000e+00 0.00000000e+00 0.00000000e+00 0.00000000e+00
 0.00000000e+00 0.00000000e+00 0.00000000e+00 0.00000000e+00
 0.00000000e+00 0.00000000e+00 0.00000000e+00 0.00000000e+00
 0.00000000e+00 0.00000000e+00 0.00000000e+00 0.00000000e+00
 0.00000000e+00 0.00000000e+00 0.00000000e+00 0.00000000e+00
 0.00000000e+00 0.00000000e+00 0.00000000e+00 0.00000000e+00
 0.00000000e+00 0.00000000e+00 0.00000000e+00 0.00000000e+00
 0.00000000e+00 0.00000000e+00 0.00000000e+00 0.00000000e+00
 0.00000000e+00 0.00000000e+00 0.00000000e+00 0.00000000e+00
 0.00000000e+00 0.00000000e+00 0.00000000e+00 0.00000000e+00
 0.00000000e+00 0.00000000e+00 0.00000000e+00 0.00000000e+00
 0.00000000e+00 0.00000000e+00 0.00000000e+00 0.00000000e+00
 0.00000000e+00 0.00000000e+00 0.00000000e+00 0.00000000e+00
 0.00000000e+00 0.00000000e+00 0.00000000e+00 0.00000000e+00
 0.00000000e+00 0.00000000e+00 0.00000000e+00 0.00000000e+00
 0.00000000e+00 0.00000000e+00 0.00000000e+00 0.00000000e+00
 0.00000000e+00 0.00000000e+00 0.00000000e+00 0.00000000e+00
 0.00000000e+00 0.00000000e+00 0.00000000e+00 0.00000000e+00
 0.00000000e+00 0.00000000e+00 0.00000000e+00 0.00000000e+00
 0.00000000e+00 0.00000000e+00 0.00000000e+00 0.00000000e+00
 0.00000000e+00 0.00000000e+00 0.00000000e+00 0.00000000e+00
 0.00000000e+00 0.00000000e+00 0.00000000e+00 0.00000000e+00
 0.00000000e+00 0.00000000e+00 0.00000000e+00 0.00000000e+00
 0.00000000e+00 0.00000000e+00 0.00000000e+00 0.00000000e+00
 0.00000000e+00 0.00000000e+00 0.00000000e+00 0.00000000e+00
 0.00000000e+00 0.00000000e+00 0.00000000e+00 0.00000000e+00
 0.00000000e+00 0.00000000e+00 0.00000000e+00 0.00000000e+00
 0.00000000e+00 0.00000000e+00 0.00000000e+00 0.00000000e+00
 0.00000000e+00 0.00000000e+00 0.00000000e+00 0.00000000e+00
 0.00000000e+00 0.00000000e+00 0.00000000e+00 0.00000000e+00
 0.00000000e+00 0.00000000e+00 0.00000000e+00 0.00000000e+00
 0.00000000e+00 0.00000000e+00 0.00000000e+00 0.00000000e+00
 0.00000000e+00 0.00000000e+00 0.00000000e+00]
[WARNING]: Quasi-static verification failed
[WARNING]: Max normalized derivatives: dVg/dt=2.50e+11, dVd/dt=0.00e+00, dId/dt=5.89e+09

  ngspice: ✓ PASS  (122.6s)

✓ Benchmark completed: /home/duhaochen/website-trial-v1/data/spice-model-benchmark/61c9425b658af56537423fdf285c0103/ngspice
