
6. Printing statistics.

=== adder_top ===

        +----------Local Count, excluding submodules.
        |        +-Local Area, excluding submodules.
        |        | 
      253        - wires
      346        - wire bits
        5        - public wires
       98        - public wire bits
        5        - ports
       98        - port bits
      281  749.472 cells
       46  107.939   AND2X1
       16   45.053   AOI21X1
        4    13.14   AOI22X1
        7    9.855   INVX1
       74  138.913   NAND2X1
       16   37.544   NAND3X1
       13   30.504   NOR2X1
        2    5.632   NOR3X1
       29   81.658   OAI21X1
       29   68.048   OR2X1
       16   75.088   XNOR2X1
       29  136.097   XOR2X1

   Chip area for module '\adder_top': 749.472100
     of which used for sequential elements: 0.000000 (0.00%)

