OpenSTA 3.1.0 543361765b Copyright (c) 2026, Parallax Software, Inc.
License GPLv3: GNU GPL version 3 <http://gnu.org/licenses/gpl.html>

This is free software, and you are free to change and redistribute it
under certain conditions; type `show_copying' for details. 
This program comes with ABSOLUTELY NO WARRANTY; for details type `show_warranty'.
Startpoint: b[2] (input port clocked by vclk)
Endpoint: sum[31] (output port clocked by vclk)
Path Group: vclk
Path Type: max

        Cap        Slew       Delay        Time   Description
---------------------------------------------------------------------------------------
               0.000000    0.000000    0.000000   clock vclk (rise edge)
                           0.000000    0.000000   clock network delay (ideal)
                           0.000000    0.000000 ^ input external delay
   0.010433    0.050000    0.000000    0.000000 ^ b[2] (in)
               0.050000    0.000000    0.000000 ^ _317_/B (XOR2X1)
   0.009960    0.078323    0.077970    0.077970 ^ _317_/Y (XOR2X1)
               0.078323    0.000000    0.077970 ^ _437_/B (AND2X1)
   0.002878    0.028845    0.039639    0.117609 ^ _437_/Y (AND2X1)
               0.028845    0.000000    0.117609 ^ _439_/C (AOI22X1)
   0.007576    0.048161    0.030689    0.148298 v _439_/Y (AOI22X1)
               0.048161    0.000000    0.148298 v _442_/A (OAI21X1)
   0.008483    0.068313    0.070712    0.219010 ^ _442_/Y (OAI21X1)
               0.068313    0.000000    0.219010 ^ _445_/A (AOI22X1)
   0.007576    0.048126    0.053652    0.272663 v _445_/Y (AOI22X1)
               0.048126    0.000000    0.272663 v _449_/A (OAI21X1)
   0.008573    0.068739    0.070995    0.343657 ^ _449_/Y (OAI21X1)
               0.068739    0.000000    0.343657 ^ _450_/D (AOI22X1)
   0.007636    0.048232    0.040179    0.383836 v _450_/Y (AOI22X1)
               0.048232    0.000000    0.383836 v _451_/B (OAI21X1)
   0.010955    0.082665    0.076263    0.460099 ^ _451_/Y (OAI21X1)
               0.082665    0.000000    0.460099 ^ _461_/A (AOI21X1)
   0.007212    0.028815    0.041953    0.502052 v _461_/Y (AOI21X1)
               0.028815    0.000000    0.502052 v _463_/A (NOR2X1)
   0.005267    0.041761    0.043177    0.545229 ^ _463_/Y (NOR2X1)
               0.041761    0.000000    0.545229 ^ _479_/A (AOI21X1)
   0.007576    0.029694    0.032827    0.578057 v _479_/Y (AOI21X1)
               0.029694    0.000000    0.578057 v _483_/A (OAI21X1)
   0.010418    0.079096    0.072772    0.650828 ^ _483_/Y (OAI21X1)
               0.079096    0.000000    0.650828 ^ _519_/B (AOI21X1)
   0.002573    0.016848    0.041486    0.692314 v _519_/Y (AOI21X1)
               0.016848    0.000000    0.692314 v _521_/A (OAI21X1)
   0.005396    0.056793    0.053696    0.746011 ^ _521_/Y (OAI21X1)
               0.056793    0.000000    0.746011 ^ _525_/A (XOR2X1)
   0.010000    0.079941    0.064345    0.810356 ^ _525_/Y (XOR2X1)
               0.079941    0.000000    0.810356 ^ sum[31] (out)
                                       0.810356   data arrival time

               0.000000  100.000000  100.000000   clock vclk (rise edge)
                           0.000000  100.000000   clock network delay (ideal)
                           0.000000  100.000000   clock reconvergence pessimism
                           0.000000  100.000000   output external delay
                                     100.000000   data required time
---------------------------------------------------------------------------------------
                                     100.000000   data required time
                                      -0.810356   data arrival time
---------------------------------------------------------------------------------------
                                      99.189644   slack (MET)


Startpoint: b[2] (input port clocked by vclk)
Endpoint: sum[29] (output port clocked by vclk)
Path Group: vclk
Path Type: max

        Cap        Slew       Delay        Time   Description
---------------------------------------------------------------------------------------
               0.000000    0.000000    0.000000   clock vclk (rise edge)
                           0.000000    0.000000   clock network delay (ideal)
                           0.000000    0.000000 ^ input external delay
   0.010433    0.050000    0.000000    0.000000 ^ b[2] (in)
               0.050000    0.000000    0.000000 ^ _317_/B (XOR2X1)
   0.009960    0.078323    0.077970    0.077970 ^ _317_/Y (XOR2X1)
               0.078323    0.000000    0.077970 ^ _437_/B (AND2X1)
   0.002878    0.028845    0.039639    0.117609 ^ _437_/Y (AND2X1)
               0.028845    0.000000    0.117609 ^ _439_/C (AOI22X1)
   0.007576    0.048161    0.030689    0.148298 v _439_/Y (AOI22X1)
               0.048161    0.000000    0.148298 v _442_/A (OAI21X1)
   0.008483    0.068313    0.070712    0.219010 ^ _442_/Y (OAI21X1)
               0.068313    0.000000    0.219010 ^ _445_/A (AOI22X1)
   0.007576    0.048126    0.053652    0.272663 v _445_/Y (AOI22X1)
               0.048126    0.000000    0.272663 v _449_/A (OAI21X1)
   0.008573    0.068739    0.070995    0.343657 ^ _449_/Y (OAI21X1)
               0.068739    0.000000    0.343657 ^ _450_/D (AOI22X1)
   0.007636    0.048232    0.040179    0.383836 v _450_/Y (AOI22X1)
               0.048232    0.000000    0.383836 v _451_/B (OAI21X1)
   0.010955    0.082665    0.076263    0.460099 ^ _451_/Y (OAI21X1)
               0.082665    0.000000    0.460099 ^ _461_/A (AOI21X1)
   0.007212    0.028815    0.041953    0.502052 v _461_/Y (AOI21X1)
               0.028815    0.000000    0.502052 v _463_/A (NOR2X1)
   0.005267    0.041761    0.043177    0.545229 ^ _463_/Y (NOR2X1)
               0.041761    0.000000    0.545229 ^ _479_/A (AOI21X1)
   0.007576    0.029694    0.032827    0.578057 v _479_/Y (AOI21X1)
               0.029694    0.000000    0.578057 v _483_/A (OAI21X1)
   0.010418    0.079096    0.072772    0.650828 ^ _483_/Y (OAI21X1)
               0.079096    0.000000    0.650828 ^ _484_/B (NAND2X1)
   0.001884    0.014804    0.029879    0.680708 v _484_/Y (NAND2X1)
               0.014804    0.000000    0.680708 v _486_/A (NAND2X1)
   0.005589    0.050914    0.038152    0.718860 ^ _486_/Y (NAND2X1)
               0.050914    0.000000    0.718860 ^ _487_/B (XNOR2X1)
   0.010000    0.075723    0.078195    0.797055 ^ _487_/Y (XNOR2X1)
               0.075723    0.000000    0.797055 ^ sum[29] (out)
                                       0.797055   data arrival time

               0.000000  100.000000  100.000000   clock vclk (rise edge)
                           0.000000  100.000000   clock network delay (ideal)
                           0.000000  100.000000   clock reconvergence pessimism
                           0.000000  100.000000   output external delay
                                     100.000000   data required time
---------------------------------------------------------------------------------------
                                     100.000000   data required time
                                      -0.797055   data arrival time
---------------------------------------------------------------------------------------
                                      99.202942   slack (MET)


Startpoint: b[2] (input port clocked by vclk)
Endpoint: sum[25] (output port clocked by vclk)
Path Group: vclk
Path Type: max

        Cap        Slew       Delay        Time   Description
---------------------------------------------------------------------------------------
               0.000000    0.000000    0.000000   clock vclk (rise edge)
                           0.000000    0.000000   clock network delay (ideal)
                           0.000000    0.000000 ^ input external delay
   0.010433    0.050000    0.000000    0.000000 ^ b[2] (in)
               0.050000    0.000000    0.000000 ^ _317_/B (XOR2X1)
   0.009960    0.078323    0.077970    0.077970 ^ _317_/Y (XOR2X1)
               0.078323    0.000000    0.077970 ^ _437_/B (AND2X1)
   0.002878    0.028845    0.039639    0.117609 ^ _437_/Y (AND2X1)
               0.028845    0.000000    0.117609 ^ _439_/C (AOI22X1)
   0.007576    0.048161    0.030689    0.148298 v _439_/Y (AOI22X1)
               0.048161    0.000000    0.148298 v _442_/A (OAI21X1)
   0.008483    0.068313    0.070712    0.219010 ^ _442_/Y (OAI21X1)
               0.068313    0.000000    0.219010 ^ _445_/A (AOI22X1)
   0.007576    0.048126    0.053652    0.272663 v _445_/Y (AOI22X1)
               0.048126    0.000000    0.272663 v _449_/A (OAI21X1)
   0.008573    0.068739    0.070995    0.343657 ^ _449_/Y (OAI21X1)
               0.068739    0.000000    0.343657 ^ _450_/D (AOI22X1)
   0.007636    0.048232    0.040179    0.383836 v _450_/Y (AOI22X1)
               0.048232    0.000000    0.383836 v _451_/B (OAI21X1)
   0.010955    0.082665    0.076263    0.460099 ^ _451_/Y (OAI21X1)
               0.082665    0.000000    0.460099 ^ _461_/A (AOI21X1)
   0.007212    0.028815    0.041953    0.502052 v _461_/Y (AOI21X1)
               0.028815    0.000000    0.502052 v _463_/A (NOR2X1)
   0.005267    0.041761    0.043177    0.545229 ^ _463_/Y (NOR2X1)
               0.041761    0.000000    0.545229 ^ _465_/A (OR2X1)
   0.008390    0.048841    0.058071    0.603301 ^ _465_/Y (OR2X1)
               0.048841    0.000000    0.603301 ^ _466_/B (AOI21X1)
   0.007212    0.028740    0.042176    0.645477 v _466_/Y (AOI21X1)
               0.028740    0.000000    0.645477 v _469_/A (NOR2X1)
   0.002724    0.027807    0.034869    0.680346 ^ _469_/Y (NOR2X1)
               0.027807    0.000000    0.680346 ^ _475_/B (AOI21X1)
   0.005004    0.023605    0.033331    0.713677 v _475_/Y (AOI21X1)
               0.023605    0.000000    0.713677 v _491_/B (XNOR2X1)
   0.010000    0.075767    0.075392    0.789069 ^ _491_/Y (XNOR2X1)
               0.075767    0.000000    0.789069 ^ sum[25] (out)
                                       0.789069   data arrival time

               0.000000  100.000000  100.000000   clock vclk (rise edge)
                           0.000000  100.000000   clock network delay (ideal)
                           0.000000  100.000000   clock reconvergence pessimism
                           0.000000  100.000000   output external delay
                                     100.000000   data required time
---------------------------------------------------------------------------------------
                                     100.000000   data required time
                                      -0.789069   data arrival time
---------------------------------------------------------------------------------------
                                      99.210922   slack (MET)


Startpoint: b[2] (input port clocked by vclk)
Endpoint: sum[27] (output port clocked by vclk)
Path Group: vclk
Path Type: max

        Cap        Slew       Delay        Time   Description
---------------------------------------------------------------------------------------
               0.000000    0.000000    0.000000   clock vclk (rise edge)
                           0.000000    0.000000   clock network delay (ideal)
                           0.000000    0.000000 ^ input external delay
   0.010433    0.050000    0.000000    0.000000 ^ b[2] (in)
               0.050000    0.000000    0.000000 ^ _317_/B (XOR2X1)
   0.009960    0.078323    0.077970    0.077970 ^ _317_/Y (XOR2X1)
               0.078323    0.000000    0.077970 ^ _437_/B (AND2X1)
   0.002878    0.028845    0.039639    0.117609 ^ _437_/Y (AND2X1)
               0.028845    0.000000    0.117609 ^ _439_/C (AOI22X1)
   0.007576    0.048161    0.030689    0.148298 v _439_/Y (AOI22X1)
               0.048161    0.000000    0.148298 v _442_/A (OAI21X1)
   0.008483    0.068313    0.070712    0.219010 ^ _442_/Y (OAI21X1)
               0.068313    0.000000    0.219010 ^ _445_/A (AOI22X1)
   0.007576    0.048126    0.053652    0.272663 v _445_/Y (AOI22X1)
               0.048126    0.000000    0.272663 v _449_/A (OAI21X1)
   0.008573    0.068739    0.070995    0.343657 ^ _449_/Y (OAI21X1)
               0.068739    0.000000    0.343657 ^ _450_/D (AOI22X1)
   0.007636    0.048232    0.040179    0.383836 v _450_/Y (AOI22X1)
               0.048232    0.000000    0.383836 v _451_/B (OAI21X1)
   0.010955    0.082665    0.076263    0.460099 ^ _451_/Y (OAI21X1)
               0.082665    0.000000    0.460099 ^ _461_/A (AOI21X1)
   0.007212    0.028815    0.041953    0.502052 v _461_/Y (AOI21X1)
               0.028815    0.000000    0.502052 v _463_/A (NOR2X1)
   0.005267    0.041761    0.043177    0.545229 ^ _463_/Y (NOR2X1)
               0.041761    0.000000    0.545229 ^ _479_/A (AOI21X1)
   0.007576    0.029694    0.032827    0.578057 v _479_/Y (AOI21X1)
               0.029694    0.000000    0.578057 v _483_/A (OAI21X1)
   0.010418    0.079096    0.072772    0.650828 ^ _483_/Y (OAI21X1)
               0.079096    0.000000    0.650828 ^ _489_/B (XOR2X1)
   0.010000    0.079338    0.080903    0.731732 ^ _489_/Y (XOR2X1)
               0.079338    0.000000    0.731732 ^ sum[27] (out)
                                       0.731732   data arrival time

               0.000000  100.000000  100.000000   clock vclk (rise edge)
                           0.000000  100.000000   clock network delay (ideal)
                           0.000000  100.000000   clock reconvergence pessimism
                           0.000000  100.000000   output external delay
                                     100.000000   data required time
---------------------------------------------------------------------------------------
                                     100.000000   data required time
                                      -0.731732   data arrival time
---------------------------------------------------------------------------------------
                                      99.268265   slack (MET)


Startpoint: b[1] (input port clocked by vclk)
Endpoint: sum[26] (output port clocked by vclk)
Path Group: vclk
Path Type: max

        Cap        Slew       Delay        Time   Description
---------------------------------------------------------------------------------------
               0.000000    0.000000    0.000000   clock vclk (rise edge)
                           0.000000    0.000000   clock network delay (ideal)
                           0.000000    0.000000 v input external delay
   0.009154    0.050000    0.000000    0.000000 v b[1] (in)
               0.050000    0.000000    0.000000 v _302_/B (OR2X1)
   0.002566    0.011341    0.053567    0.053567 v _302_/Y (OR2X1)
               0.011341    0.000000    0.053567 v _310_/A (AOI21X1)
   0.005067    0.040497    0.045427    0.098994 ^ _310_/Y (AOI21X1)
               0.040497    0.000000    0.098994 ^ _319_/B (AOI21X1)
   0.004886    0.023132    0.036180    0.135173 v _319_/Y (AOI21X1)
               0.023132    0.000000    0.135173 v _331_/A (OAI21X1)
   0.004852    0.053645    0.053359    0.188532 ^ _331_/Y (OAI21X1)
               0.053645    0.000000    0.188532 ^ _342_/A (AOI21X1)
   0.004781    0.022844    0.030668    0.219200 v _342_/Y (AOI21X1)
               0.022844    0.000000    0.219200 v _354_/A (OAI21X1)
   0.004852    0.053673    0.053294    0.272494 ^ _354_/Y (OAI21X1)
               0.053673    0.000000    0.272494 ^ _358_/A (AOI21X1)
   0.004880    0.023089    0.030850    0.303344 v _358_/Y (AOI21X1)
               0.023089    0.000000    0.303344 v _360_/B (OAI21X1)
   0.004752    0.053617    0.050742    0.354086 ^ _360_/Y (OAI21X1)
               0.053617    0.000000    0.354086 ^ _368_/B (AOI21X1)
   0.007452    0.029264    0.043735    0.397821 v _368_/Y (AOI21X1)
               0.029264    0.000000    0.397821 v _399_/A (AOI21X1)
   0.008013    0.054926    0.059617    0.457438 ^ _399_/Y (AOI21X1)
               0.054926    0.000000    0.457438 ^ _400_/B (OR2X1)
   0.002343    0.020236    0.051877    0.509315 ^ _400_/Y (OR2X1)
               0.020236    0.000000    0.509315 ^ _401_/B (AND2X1)
   0.008878    0.063799    0.062413    0.571728 ^ _401_/Y (AND2X1)
               0.063799    0.000000    0.571728 ^ _404_/C (NOR3X1)
   0.002209    0.027776    0.033658    0.605387 v _404_/Y (NOR3X1)
               0.027776    0.000000    0.605387 v _406_/A (NOR2X1)
   0.005589    0.044064    0.043988    0.649374 ^ _406_/Y (NOR2X1)
               0.044064    0.000000    0.649374 ^ _490_/B (XNOR2X1)
   0.010000    0.076072    0.077492    0.726866 ^ _490_/Y (XNOR2X1)
               0.076072    0.000000    0.726866 ^ sum[26] (out)
                                       0.726866   data arrival time

               0.000000  100.000000  100.000000   clock vclk (rise edge)
                           0.000000  100.000000   clock network delay (ideal)
                           0.000000  100.000000   clock reconvergence pessimism
                           0.000000  100.000000   output external delay
                                     100.000000   data required time
---------------------------------------------------------------------------------------
                                     100.000000   data required time
                                      -0.726866   data arrival time
---------------------------------------------------------------------------------------
                                      99.273132   slack (MET)


Startpoint: b[2] (input port clocked by vclk)
Endpoint: sum[21] (output port clocked by vclk)
Path Group: vclk
Path Type: max

        Cap        Slew       Delay        Time   Description
---------------------------------------------------------------------------------------
               0.000000    0.000000    0.000000   clock vclk (rise edge)
                           0.000000    0.000000   clock network delay (ideal)
                           0.000000    0.000000 ^ input external delay
   0.010433    0.050000    0.000000    0.000000 ^ b[2] (in)
               0.050000    0.000000    0.000000 ^ _317_/B (XOR2X1)
   0.009960    0.078323    0.077970    0.077970 ^ _317_/Y (XOR2X1)
               0.078323    0.000000    0.077970 ^ _437_/B (AND2X1)
   0.002878    0.028845    0.039639    0.117609 ^ _437_/Y (AND2X1)
               0.028845    0.000000    0.117609 ^ _439_/C (AOI22X1)
   0.007576    0.048161    0.030689    0.148298 v _439_/Y (AOI22X1)
               0.048161    0.000000    0.148298 v _442_/A (OAI21X1)
   0.008483    0.068313    0.070712    0.219010 ^ _442_/Y (OAI21X1)
               0.068313    0.000000    0.219010 ^ _445_/A (AOI22X1)
   0.007576    0.048126    0.053652    0.272663 v _445_/Y (AOI22X1)
               0.048126    0.000000    0.272663 v _449_/A (OAI21X1)
   0.008573    0.068739    0.070995    0.343657 ^ _449_/Y (OAI21X1)
               0.068739    0.000000    0.343657 ^ _450_/D (AOI22X1)
   0.007636    0.048232    0.040179    0.383836 v _450_/Y (AOI22X1)
               0.048232    0.000000    0.383836 v _451_/B (OAI21X1)
   0.010955    0.082665    0.076263    0.460099 ^ _451_/Y (OAI21X1)
               0.082665    0.000000    0.460099 ^ _461_/A (AOI21X1)
   0.007212    0.028815    0.041953    0.502052 v _461_/Y (AOI21X1)
               0.028815    0.000000    0.502052 v _463_/A (NOR2X1)
   0.005267    0.041761    0.043177    0.545229 ^ _463_/Y (NOR2X1)
               0.041761    0.000000    0.545229 ^ _465_/A (OR2X1)
   0.008390    0.048841    0.058071    0.603301 ^ _465_/Y (OR2X1)
               0.048841    0.000000    0.603301 ^ _466_/B (AOI21X1)
   0.007212    0.028740    0.042176    0.645477 v _466_/Y (AOI21X1)
               0.028740    0.000000    0.645477 v _495_/B (XNOR2X1)
   0.010000    0.075642    0.075919    0.721396 ^ _495_/Y (XNOR2X1)
               0.075642    0.000000    0.721396 ^ sum[21] (out)
                                       0.721396   data arrival time

               0.000000  100.000000  100.000000   clock vclk (rise edge)
                           0.000000  100.000000   clock network delay (ideal)
                           0.000000  100.000000   clock reconvergence pessimism
                           0.000000  100.000000   output external delay
                                     100.000000   data required time
---------------------------------------------------------------------------------------
                                     100.000000   data required time
                                      -0.721396   data arrival time
---------------------------------------------------------------------------------------
                                      99.278603   slack (MET)


Startpoint: b[2] (input port clocked by vclk)
Endpoint: sum[19] (output port clocked by vclk)
Path Group: vclk
Path Type: max

        Cap        Slew       Delay        Time   Description
---------------------------------------------------------------------------------------
               0.000000    0.000000    0.000000   clock vclk (rise edge)
                           0.000000    0.000000   clock network delay (ideal)
                           0.000000    0.000000 ^ input external delay
   0.010433    0.050000    0.000000    0.000000 ^ b[2] (in)
               0.050000    0.000000    0.000000 ^ _317_/B (XOR2X1)
   0.009960    0.078323    0.077970    0.077970 ^ _317_/Y (XOR2X1)
               0.078323    0.000000    0.077970 ^ _437_/B (AND2X1)
   0.002878    0.028845    0.039639    0.117609 ^ _437_/Y (AND2X1)
               0.028845    0.000000    0.117609 ^ _439_/C (AOI22X1)
   0.007576    0.048161    0.030689    0.148298 v _439_/Y (AOI22X1)
               0.048161    0.000000    0.148298 v _442_/A (OAI21X1)
   0.008483    0.068313    0.070712    0.219010 ^ _442_/Y (OAI21X1)
               0.068313    0.000000    0.219010 ^ _445_/A (AOI22X1)
   0.007576    0.048126    0.053652    0.272663 v _445_/Y (AOI22X1)
               0.048126    0.000000    0.272663 v _449_/A (OAI21X1)
   0.008573    0.068739    0.070995    0.343657 ^ _449_/Y (OAI21X1)
               0.068739    0.000000    0.343657 ^ _450_/D (AOI22X1)
   0.007636    0.048232    0.040179    0.383836 v _450_/Y (AOI22X1)
               0.048232    0.000000    0.383836 v _451_/B (OAI21X1)
   0.010955    0.082665    0.076263    0.460099 ^ _451_/Y (OAI21X1)
               0.082665    0.000000    0.460099 ^ _461_/A (AOI21X1)
   0.007212    0.028815    0.041953    0.502052 v _461_/Y (AOI21X1)
               0.028815    0.000000    0.502052 v _463_/A (NOR2X1)
   0.005267    0.041761    0.043177    0.545229 ^ _463_/Y (NOR2X1)
               0.041761    0.000000    0.545229 ^ _465_/A (OR2X1)
   0.008390    0.048841    0.058071    0.603301 ^ _465_/Y (OR2X1)
               0.048841    0.000000    0.603301 ^ _497_/B (XOR2X1)
   0.010000    0.079271    0.077990    0.681291 ^ _497_/Y (XOR2X1)
               0.079271    0.000000    0.681291 ^ sum[19] (out)
                                       0.681291   data arrival time

               0.000000  100.000000  100.000000   clock vclk (rise edge)
                           0.000000  100.000000   clock network delay (ideal)
                           0.000000  100.000000   clock reconvergence pessimism
                           0.000000  100.000000   output external delay
                                     100.000000   data required time
---------------------------------------------------------------------------------------
                                     100.000000   data required time
                                      -0.681291   data arrival time
---------------------------------------------------------------------------------------
                                      99.318710   slack (MET)


Startpoint: b[1] (input port clocked by vclk)
Endpoint: cout (output port clocked by vclk)
Path Group: vclk
Path Type: max

        Cap        Slew       Delay        Time   Description
---------------------------------------------------------------------------------------
               0.000000    0.000000    0.000000   clock vclk (rise edge)
                           0.000000    0.000000   clock network delay (ideal)
                           0.000000    0.000000 ^ input external delay
   0.010433    0.050000    0.000000    0.000000 ^ b[1] (in)
               0.050000    0.000000    0.000000 ^ _308_/B (XOR2X1)
   0.010649    0.081601    0.080213    0.080213 ^ _308_/Y (XOR2X1)
               0.081601    0.000000    0.080213 ^ _309_/C (NAND3X1)
   0.004437    0.020031    0.030569    0.110782 v _309_/Y (NAND3X1)
               0.020031    0.000000    0.110782 v _319_/A (AOI21X1)
   0.005267    0.041603    0.048327    0.159109 ^ _319_/Y (AOI21X1)
               0.041603    0.000000    0.159109 ^ _331_/A (OAI21X1)
   0.004450    0.012421    0.027008    0.186117 v _331_/Y (OAI21X1)
               0.012421    0.000000    0.186117 v _342_/A (AOI21X1)
   0.004985    0.040120    0.045440    0.231557 ^ _342_/Y (AOI21X1)
               0.040120    0.000000    0.231557 ^ _354_/A (OAI21X1)
   0.004450    0.012311    0.026622    0.258179 v _354_/Y (OAI21X1)
               0.012311    0.000000    0.258179 v _358_/A (AOI21X1)
   0.005256    0.041421    0.046290    0.304469 ^ _358_/Y (AOI21X1)
               0.041421    0.000000    0.304469 ^ _360_/B (OAI21X1)
   0.004623    0.009781    0.026546    0.331015 v _360_/Y (OAI21X1)
               0.009781    0.000000    0.331015 v _368_/B (AOI21X1)
   0.008009    0.054715    0.048626    0.379642 ^ _368_/Y (AOI21X1)
               0.054715    0.000000    0.379642 ^ _398_/A (OAI21X1)
   0.002573    0.008712    0.027086    0.406727 v _398_/Y (OAI21X1)
               0.008712    0.000000    0.406727 v _411_/A (OAI21X1)
   0.008407    0.071626    0.061548    0.468275 ^ _411_/Y (OAI21X1)
               0.071626    0.000000    0.468275 ^ _414_/A (AOI21X1)
   0.007636    0.030071    0.040071    0.508346 v _414_/Y (AOI21X1)
               0.030071    0.000000    0.508346 v _417_/B (OAI21X1)
   0.007944    0.068742    0.062526    0.570872 ^ _417_/Y (OAI21X1)
               0.068742    0.000000    0.570872 ^ _526_/A (NAND3X1)
   0.002600    0.016150    0.026174    0.597046 v _526_/Y (NAND3X1)
               0.016150    0.000000    0.597046 v _528_/B (NAND3X1)
   0.010000    0.073407    0.058227    0.655273 ^ _528_/Y (NAND3X1)
               0.073407    0.000000    0.655273 ^ cout (out)
                                       0.655273   data arrival time

               0.000000  100.000000  100.000000   clock vclk (rise edge)
                           0.000000  100.000000   clock network delay (ideal)
                           0.000000  100.000000   clock reconvergence pessimism
                           0.000000  100.000000   output external delay
                                     100.000000   data required time
---------------------------------------------------------------------------------------
                                     100.000000   data required time
                                      -0.655273   data arrival time
---------------------------------------------------------------------------------------
                                      99.344727   slack (MET)


Startpoint: b[2] (input port clocked by vclk)
Endpoint: sum[23] (output port clocked by vclk)
Path Group: vclk
Path Type: max

        Cap        Slew       Delay        Time   Description
---------------------------------------------------------------------------------------
               0.000000    0.000000    0.000000   clock vclk (rise edge)
                           0.000000    0.000000   clock network delay (ideal)
                           0.000000    0.000000 ^ input external delay
   0.010433    0.050000    0.000000    0.000000 ^ b[2] (in)
               0.050000    0.000000    0.000000 ^ _317_/B (XOR2X1)
   0.009960    0.078323    0.077970    0.077970 ^ _317_/Y (XOR2X1)
               0.078323    0.000000    0.077970 ^ _437_/B (AND2X1)
   0.002878    0.028845    0.039639    0.117609 ^ _437_/Y (AND2X1)
               0.028845    0.000000    0.117609 ^ _439_/C (AOI22X1)
   0.007576    0.048161    0.030689    0.148298 v _439_/Y (AOI22X1)
               0.048161    0.000000    0.148298 v _442_/A (OAI21X1)
   0.008483    0.068313    0.070712    0.219010 ^ _442_/Y (OAI21X1)
               0.068313    0.000000    0.219010 ^ _445_/A (AOI22X1)
   0.007576    0.048126    0.053652    0.272663 v _445_/Y (AOI22X1)
               0.048126    0.000000    0.272663 v _449_/A (OAI21X1)
   0.008573    0.068739    0.070995    0.343657 ^ _449_/Y (OAI21X1)
               0.068739    0.000000    0.343657 ^ _450_/D (AOI22X1)
   0.007636    0.048232    0.040179    0.383836 v _450_/Y (AOI22X1)
               0.048232    0.000000    0.383836 v _451_/B (OAI21X1)
   0.010955    0.082665    0.076263    0.460099 ^ _451_/Y (OAI21X1)
               0.082665    0.000000    0.460099 ^ _461_/A (AOI21X1)
   0.007212    0.028815    0.041953    0.502052 v _461_/Y (AOI21X1)
               0.028815    0.000000    0.502052 v _463_/A (NOR2X1)
   0.005267    0.041761    0.043177    0.545229 ^ _463_/Y (NOR2X1)
               0.041761    0.000000    0.545229 ^ _479_/A (AOI21X1)
   0.007576    0.029694    0.032827    0.578057 v _479_/Y (AOI21X1)
               0.029694    0.000000    0.578057 v _493_/B (XNOR2X1)
   0.010000    0.075619    0.076017    0.654074 ^ _493_/Y (XNOR2X1)
               0.075619    0.000000    0.654074 ^ sum[23] (out)
                                       0.654074   data arrival time

               0.000000  100.000000  100.000000   clock vclk (rise edge)
                           0.000000  100.000000   clock network delay (ideal)
                           0.000000  100.000000   clock reconvergence pessimism
                           0.000000  100.000000   output external delay
                                     100.000000   data required time
---------------------------------------------------------------------------------------
                                     100.000000   data required time
                                      -0.654074   data arrival time
---------------------------------------------------------------------------------------
                                      99.345924   slack (MET)


Startpoint: b[1] (input port clocked by vclk)
Endpoint: sum[22] (output port clocked by vclk)
Path Group: vclk
Path Type: max

        Cap        Slew       Delay        Time   Description
---------------------------------------------------------------------------------------
               0.000000    0.000000    0.000000   clock vclk (rise edge)
                           0.000000    0.000000   clock network delay (ideal)
                           0.000000    0.000000 v input external delay
   0.009154    0.050000    0.000000    0.000000 v b[1] (in)
               0.050000    0.000000    0.000000 v _302_/B (OR2X1)
   0.002566    0.011341    0.053567    0.053567 v _302_/Y (OR2X1)
               0.011341    0.000000    0.053567 v _310_/A (AOI21X1)
   0.005067    0.040497    0.045427    0.098994 ^ _310_/Y (AOI21X1)
               0.040497    0.000000    0.098994 ^ _319_/B (AOI21X1)
   0.004886    0.023132    0.036180    0.135173 v _319_/Y (AOI21X1)
               0.023132    0.000000    0.135173 v _331_/A (OAI21X1)
   0.004852    0.053645    0.053359    0.188532 ^ _331_/Y (OAI21X1)
               0.053645    0.000000    0.188532 ^ _342_/A (AOI21X1)
   0.004781    0.022844    0.030668    0.219200 v _342_/Y (AOI21X1)
               0.022844    0.000000    0.219200 v _354_/A (OAI21X1)
   0.004852    0.053673    0.053294    0.272494 ^ _354_/Y (OAI21X1)
               0.053673    0.000000    0.272494 ^ _358_/A (AOI21X1)
   0.004880    0.023089    0.030850    0.303344 v _358_/Y (AOI21X1)
               0.023089    0.000000    0.303344 v _360_/B (OAI21X1)
   0.004752    0.053617    0.050742    0.354086 ^ _360_/Y (OAI21X1)
               0.053617    0.000000    0.354086 ^ _368_/B (AOI21X1)
   0.007452    0.029264    0.043735    0.397821 v _368_/Y (AOI21X1)
               0.029264    0.000000    0.397821 v _399_/A (AOI21X1)
   0.008013    0.054926    0.059617    0.457438 ^ _399_/Y (AOI21X1)
               0.054926    0.000000    0.457438 ^ _400_/B (OR2X1)
   0.002343    0.020236    0.051877    0.509315 ^ _400_/Y (OR2X1)
               0.020236    0.000000    0.509315 ^ _401_/B (AND2X1)
   0.008878    0.063799    0.062413    0.571728 ^ _401_/Y (AND2X1)
               0.063799    0.000000    0.571728 ^ _494_/B (XNOR2X1)
   0.010000    0.075514    0.079518    0.651247 ^ _494_/Y (XNOR2X1)
               0.075514    0.000000    0.651247 ^ sum[22] (out)
                                       0.651247   data arrival time

               0.000000  100.000000  100.000000   clock vclk (rise edge)
                           0.000000  100.000000   clock network delay (ideal)
                           0.000000  100.000000   clock reconvergence pessimism
                           0.000000  100.000000   output external delay
                                     100.000000   data required time
---------------------------------------------------------------------------------------
                                     100.000000   data required time
                                      -0.651247   data arrival time
---------------------------------------------------------------------------------------
                                      99.348747   slack (MET)


Startpoint: b[1] (input port clocked by vclk)
Endpoint: sum[30] (output port clocked by vclk)
Path Group: vclk
Path Type: max

        Cap        Slew       Delay        Time   Description
---------------------------------------------------------------------------------------
               0.000000    0.000000    0.000000   clock vclk (rise edge)
                           0.000000    0.000000   clock network delay (ideal)
                           0.000000    0.000000 ^ input external delay
   0.010433    0.050000    0.000000    0.000000 ^ b[1] (in)
               0.050000    0.000000    0.000000 ^ _308_/B (XOR2X1)
   0.010649    0.081601    0.080213    0.080213 ^ _308_/Y (XOR2X1)
               0.081601    0.000000    0.080213 ^ _309_/C (NAND3X1)
   0.004437    0.020031    0.030569    0.110782 v _309_/Y (NAND3X1)
               0.020031    0.000000    0.110782 v _319_/A (AOI21X1)
   0.005267    0.041603    0.048327    0.159109 ^ _319_/Y (AOI21X1)
               0.041603    0.000000    0.159109 ^ _331_/A (OAI21X1)
   0.004450    0.012421    0.027008    0.186117 v _331_/Y (OAI21X1)
               0.012421    0.000000    0.186117 v _342_/A (AOI21X1)
   0.004985    0.040120    0.045440    0.231557 ^ _342_/Y (AOI21X1)
               0.040120    0.000000    0.231557 ^ _354_/A (OAI21X1)
   0.004450    0.012311    0.026622    0.258179 v _354_/Y (OAI21X1)
               0.012311    0.000000    0.258179 v _358_/A (AOI21X1)
   0.005256    0.041421    0.046290    0.304469 ^ _358_/Y (AOI21X1)
               0.041421    0.000000    0.304469 ^ _360_/B (OAI21X1)
   0.004623    0.009781    0.026546    0.331015 v _360_/Y (OAI21X1)
               0.009781    0.000000    0.331015 v _368_/B (AOI21X1)
   0.008009    0.054715    0.048626    0.379642 ^ _368_/Y (AOI21X1)
               0.054715    0.000000    0.379642 ^ _398_/A (OAI21X1)
   0.002573    0.008712    0.027086    0.406727 v _398_/Y (OAI21X1)
               0.008712    0.000000    0.406727 v _411_/A (OAI21X1)
   0.008407    0.071626    0.061548    0.468275 ^ _411_/Y (OAI21X1)
               0.071626    0.000000    0.468275 ^ _414_/A (AOI21X1)
   0.007636    0.030071    0.040071    0.508346 v _414_/Y (AOI21X1)
               0.030071    0.000000    0.508346 v _417_/B (OAI21X1)
   0.007944    0.068742    0.062526    0.570872 ^ _417_/Y (OAI21X1)
               0.068742    0.000000    0.570872 ^ _421_/A (XOR2X1)
   0.010000    0.079702    0.065953    0.636825 ^ _421_/Y (XOR2X1)
               0.079702    0.000000    0.636825 ^ sum[30] (out)
                                       0.636825   data arrival time

               0.000000  100.000000  100.000000   clock vclk (rise edge)
                           0.000000  100.000000   clock network delay (ideal)
                           0.000000  100.000000   clock reconvergence pessimism
                           0.000000  100.000000   output external delay
                                     100.000000   data required time
---------------------------------------------------------------------------------------
                                     100.000000   data required time
                                      -0.636825   data arrival time
---------------------------------------------------------------------------------------
                                      99.363174   slack (MET)


Startpoint: b[1] (input port clocked by vclk)
Endpoint: sum[28] (output port clocked by vclk)
Path Group: vclk
Path Type: max

        Cap        Slew       Delay        Time   Description
---------------------------------------------------------------------------------------
               0.000000    0.000000    0.000000   clock vclk (rise edge)
                           0.000000    0.000000   clock network delay (ideal)
                           0.000000    0.000000 v input external delay
   0.009154    0.050000    0.000000    0.000000 v b[1] (in)
               0.050000    0.000000    0.000000 v _302_/B (OR2X1)
   0.002566    0.011341    0.053567    0.053567 v _302_/Y (OR2X1)
               0.011341    0.000000    0.053567 v _310_/A (AOI21X1)
   0.005067    0.040497    0.045427    0.098994 ^ _310_/Y (AOI21X1)
               0.040497    0.000000    0.098994 ^ _319_/B (AOI21X1)
   0.004886    0.023132    0.036180    0.135173 v _319_/Y (AOI21X1)
               0.023132    0.000000    0.135173 v _331_/A (OAI21X1)
   0.004852    0.053645    0.053359    0.188532 ^ _331_/Y (OAI21X1)
               0.053645    0.000000    0.188532 ^ _342_/A (AOI21X1)
   0.004781    0.022844    0.030668    0.219200 v _342_/Y (AOI21X1)
               0.022844    0.000000    0.219200 v _354_/A (OAI21X1)
   0.004852    0.053673    0.053294    0.272494 ^ _354_/Y (OAI21X1)
               0.053673    0.000000    0.272494 ^ _358_/A (AOI21X1)
   0.004880    0.023089    0.030850    0.303344 v _358_/Y (AOI21X1)
               0.023089    0.000000    0.303344 v _360_/B (OAI21X1)
   0.004752    0.053617    0.050742    0.354086 ^ _360_/Y (OAI21X1)
               0.053617    0.000000    0.354086 ^ _368_/B (AOI21X1)
   0.007452    0.029264    0.043735    0.397821 v _368_/Y (AOI21X1)
               0.029264    0.000000    0.397821 v _398_/A (OAI21X1)
   0.002742    0.043171    0.047940    0.445761 ^ _398_/Y (OAI21X1)
               0.043171    0.000000    0.445761 ^ _411_/A (OAI21X1)
   0.007646    0.020519    0.033099    0.478861 v _411_/Y (OAI21X1)
               0.020519    0.000000    0.478861 v _414_/A (AOI21X1)
   0.008422    0.056752    0.058672    0.537533 ^ _414_/Y (AOI21X1)
               0.056752    0.000000    0.537533 ^ _488_/B (XNOR2X1)
   0.010000    0.075610    0.078795    0.616327 ^ _488_/Y (XNOR2X1)
               0.075610    0.000000    0.616327 ^ sum[28] (out)
                                       0.616327   data arrival time

               0.000000  100.000000  100.000000   clock vclk (rise edge)
                           0.000000  100.000000   clock network delay (ideal)
                           0.000000  100.000000   clock reconvergence pessimism
                           0.000000  100.000000   output external delay
                                     100.000000   data required time
---------------------------------------------------------------------------------------
                                     100.000000   data required time
                                      -0.616327   data arrival time
---------------------------------------------------------------------------------------
                                      99.383675   slack (MET)


Startpoint: b[2] (input port clocked by vclk)
Endpoint: sum[17] (output port clocked by vclk)
Path Group: vclk
Path Type: max

        Cap        Slew       Delay        Time   Description
---------------------------------------------------------------------------------------
               0.000000    0.000000    0.000000   clock vclk (rise edge)
                           0.000000    0.000000   clock network delay (ideal)
                           0.000000    0.000000 ^ input external delay
   0.010433    0.050000    0.000000    0.000000 ^ b[2] (in)
               0.050000    0.000000    0.000000 ^ _317_/B (XOR2X1)
   0.009960    0.078323    0.077970    0.077970 ^ _317_/Y (XOR2X1)
               0.078323    0.000000    0.077970 ^ _437_/B (AND2X1)
   0.002878    0.028845    0.039639    0.117609 ^ _437_/Y (AND2X1)
               0.028845    0.000000    0.117609 ^ _439_/C (AOI22X1)
   0.007576    0.048161    0.030689    0.148298 v _439_/Y (AOI22X1)
               0.048161    0.000000    0.148298 v _442_/A (OAI21X1)
   0.008483    0.068313    0.070712    0.219010 ^ _442_/Y (OAI21X1)
               0.068313    0.000000    0.219010 ^ _445_/A (AOI22X1)
   0.007576    0.048126    0.053652    0.272663 v _445_/Y (AOI22X1)
               0.048126    0.000000    0.272663 v _449_/A (OAI21X1)
   0.008573    0.068739    0.070995    0.343657 ^ _449_/Y (OAI21X1)
               0.068739    0.000000    0.343657 ^ _450_/D (AOI22X1)
   0.007636    0.048232    0.040179    0.383836 v _450_/Y (AOI22X1)
               0.048232    0.000000    0.383836 v _451_/B (OAI21X1)
   0.010955    0.082665    0.076263    0.460099 ^ _451_/Y (OAI21X1)
               0.082665    0.000000    0.460099 ^ _454_/A (NAND3X1)
   0.002209    0.015542    0.027346    0.487445 v _454_/Y (NAND3X1)
               0.015542    0.000000    0.487445 v _460_/A (NAND3X1)
   0.005666    0.053124    0.048569    0.536014 ^ _460_/Y (NAND3X1)
               0.053124    0.000000    0.536014 ^ _500_/B (XOR2X1)
   0.010000    0.079520    0.078402    0.614417 ^ _500_/Y (XOR2X1)
               0.079520    0.000000    0.614417 ^ sum[17] (out)
                                       0.614417   data arrival time

               0.000000  100.000000  100.000000   clock vclk (rise edge)
                           0.000000  100.000000   clock network delay (ideal)
                           0.000000  100.000000   clock reconvergence pessimism
                           0.000000  100.000000   output external delay
                                     100.000000   data required time
---------------------------------------------------------------------------------------
                                     100.000000   data required time
                                      -0.614417   data arrival time
---------------------------------------------------------------------------------------
                                      99.385582   slack (MET)


Startpoint: b[2] (input port clocked by vclk)
Endpoint: sum[15] (output port clocked by vclk)
Path Group: vclk
Path Type: max

        Cap        Slew       Delay        Time   Description
---------------------------------------------------------------------------------------
               0.000000    0.000000    0.000000   clock vclk (rise edge)
                           0.000000    0.000000   clock network delay (ideal)
                           0.000000    0.000000 ^ input external delay
   0.010433    0.050000    0.000000    0.000000 ^ b[2] (in)
               0.050000    0.000000    0.000000 ^ _317_/B (XOR2X1)
   0.009960    0.078323    0.077970    0.077970 ^ _317_/Y (XOR2X1)
               0.078323    0.000000    0.077970 ^ _437_/B (AND2X1)
   0.002878    0.028845    0.039639    0.117609 ^ _437_/Y (AND2X1)
               0.028845    0.000000    0.117609 ^ _439_/C (AOI22X1)
   0.007576    0.048161    0.030689    0.148298 v _439_/Y (AOI22X1)
               0.048161    0.000000    0.148298 v _442_/A (OAI21X1)
   0.008483    0.068313    0.070712    0.219010 ^ _442_/Y (OAI21X1)
               0.068313    0.000000    0.219010 ^ _445_/A (AOI22X1)
   0.007576    0.048126    0.053652    0.272663 v _445_/Y (AOI22X1)
               0.048126    0.000000    0.272663 v _449_/A (OAI21X1)
   0.008573    0.068739    0.070995    0.343657 ^ _449_/Y (OAI21X1)
               0.068739    0.000000    0.343657 ^ _450_/D (AOI22X1)
   0.007636    0.048232    0.040179    0.383836 v _450_/Y (AOI22X1)
               0.048232    0.000000    0.383836 v _451_/B (OAI21X1)
   0.010955    0.082665    0.076263    0.460099 ^ _451_/Y (OAI21X1)
               0.082665    0.000000    0.460099 ^ _461_/A (AOI21X1)
   0.007212    0.028815    0.041953    0.502052 v _461_/Y (AOI21X1)
               0.028815    0.000000    0.502052 v _502_/B (XNOR2X1)
   0.010000    0.075640    0.075927    0.577979 ^ _502_/Y (XNOR2X1)
               0.075640    0.000000    0.577979 ^ sum[15] (out)
                                       0.577979   data arrival time

               0.000000  100.000000  100.000000   clock vclk (rise edge)
                           0.000000  100.000000   clock network delay (ideal)
                           0.000000  100.000000   clock reconvergence pessimism
                           0.000000  100.000000   output external delay
                                     100.000000   data required time
---------------------------------------------------------------------------------------
                                     100.000000   data required time
                                      -0.577979   data arrival time
---------------------------------------------------------------------------------------
                                      99.422020   slack (MET)


Startpoint: b[1] (input port clocked by vclk)
Endpoint: sum[18] (output port clocked by vclk)
Path Group: vclk
Path Type: max

        Cap        Slew       Delay        Time   Description
---------------------------------------------------------------------------------------
               0.000000    0.000000    0.000000   clock vclk (rise edge)
                           0.000000    0.000000   clock network delay (ideal)
                           0.000000    0.000000 v input external delay
   0.009154    0.050000    0.000000    0.000000 v b[1] (in)
               0.050000    0.000000    0.000000 v _302_/B (OR2X1)
   0.002566    0.011341    0.053567    0.053567 v _302_/Y (OR2X1)
               0.011341    0.000000    0.053567 v _310_/A (AOI21X1)
   0.005067    0.040497    0.045427    0.098994 ^ _310_/Y (AOI21X1)
               0.040497    0.000000    0.098994 ^ _319_/B (AOI21X1)
   0.004886    0.023132    0.036180    0.135173 v _319_/Y (AOI21X1)
               0.023132    0.000000    0.135173 v _331_/A (OAI21X1)
   0.004852    0.053645    0.053359    0.188532 ^ _331_/Y (OAI21X1)
               0.053645    0.000000    0.188532 ^ _342_/A (AOI21X1)
   0.004781    0.022844    0.030668    0.219200 v _342_/Y (AOI21X1)
               0.022844    0.000000    0.219200 v _354_/A (OAI21X1)
   0.004852    0.053673    0.053294    0.272494 ^ _354_/Y (OAI21X1)
               0.053673    0.000000    0.272494 ^ _358_/A (AOI21X1)
   0.004880    0.023089    0.030850    0.303344 v _358_/Y (AOI21X1)
               0.023089    0.000000    0.303344 v _360_/B (OAI21X1)
   0.004752    0.053617    0.050742    0.354086 ^ _360_/Y (OAI21X1)
               0.053617    0.000000    0.354086 ^ _368_/B (AOI21X1)
   0.007452    0.029264    0.043735    0.397821 v _368_/Y (AOI21X1)
               0.029264    0.000000    0.397821 v _397_/A (OR2X1)
   0.007759    0.027609    0.052783    0.450604 v _397_/Y (OR2X1)
               0.027609    0.000000    0.450604 v _498_/B (AOI21X1)
   0.005589    0.043268    0.045603    0.496207 ^ _498_/Y (AOI21X1)
               0.043268    0.000000    0.496207 ^ _499_/B (XNOR2X1)
   0.010000    0.075774    0.077410    0.573618 ^ _499_/Y (XNOR2X1)
               0.075774    0.000000    0.573618 ^ sum[18] (out)
                                       0.573618   data arrival time

               0.000000  100.000000  100.000000   clock vclk (rise edge)
                           0.000000  100.000000   clock network delay (ideal)
                           0.000000  100.000000   clock reconvergence pessimism
                           0.000000  100.000000   output external delay
                                     100.000000   data required time
---------------------------------------------------------------------------------------
                                     100.000000   data required time
                                      -0.573618   data arrival time
---------------------------------------------------------------------------------------
                                      99.426384   slack (MET)


Startpoint: b[1] (input port clocked by vclk)
Endpoint: sum[24] (output port clocked by vclk)
Path Group: vclk
Path Type: max

        Cap        Slew       Delay        Time   Description
---------------------------------------------------------------------------------------
               0.000000    0.000000    0.000000   clock vclk (rise edge)
                           0.000000    0.000000   clock network delay (ideal)
                           0.000000    0.000000 v input external delay
   0.009154    0.050000    0.000000    0.000000 v b[1] (in)
               0.050000    0.000000    0.000000 v _302_/B (OR2X1)
   0.002566    0.011341    0.053567    0.053567 v _302_/Y (OR2X1)
               0.011341    0.000000    0.053567 v _310_/A (AOI21X1)
   0.005067    0.040497    0.045427    0.098994 ^ _310_/Y (AOI21X1)
               0.040497    0.000000    0.098994 ^ _319_/B (AOI21X1)
   0.004886    0.023132    0.036180    0.135173 v _319_/Y (AOI21X1)
               0.023132    0.000000    0.135173 v _331_/A (OAI21X1)
   0.004852    0.053645    0.053359    0.188532 ^ _331_/Y (OAI21X1)
               0.053645    0.000000    0.188532 ^ _342_/A (AOI21X1)
   0.004781    0.022844    0.030668    0.219200 v _342_/Y (AOI21X1)
               0.022844    0.000000    0.219200 v _354_/A (OAI21X1)
   0.004852    0.053673    0.053294    0.272494 ^ _354_/Y (OAI21X1)
               0.053673    0.000000    0.272494 ^ _358_/A (AOI21X1)
   0.004880    0.023089    0.030850    0.303344 v _358_/Y (AOI21X1)
               0.023089    0.000000    0.303344 v _360_/B (OAI21X1)
   0.004752    0.053617    0.050742    0.354086 ^ _360_/Y (OAI21X1)
               0.053617    0.000000    0.354086 ^ _368_/B (AOI21X1)
   0.007452    0.029264    0.043735    0.397821 v _368_/Y (AOI21X1)
               0.029264    0.000000    0.397821 v _398_/A (OAI21X1)
   0.002742    0.043171    0.047940    0.445761 ^ _398_/Y (OAI21X1)
               0.043171    0.000000    0.445761 ^ _411_/A (OAI21X1)
   0.007646    0.020519    0.033099    0.478861 v _411_/Y (OAI21X1)
               0.020519    0.000000    0.478861 v _492_/B (XOR2X1)
   0.010000    0.079583    0.075263    0.554123 ^ _492_/Y (XOR2X1)
               0.079583    0.000000    0.554123 ^ sum[24] (out)
                                       0.554123   data arrival time

               0.000000  100.000000  100.000000   clock vclk (rise edge)
                           0.000000  100.000000   clock network delay (ideal)
                           0.000000  100.000000   clock reconvergence pessimism
                           0.000000  100.000000   output external delay
                                     100.000000   data required time
---------------------------------------------------------------------------------------
                                     100.000000   data required time
                                      -0.554123   data arrival time
---------------------------------------------------------------------------------------
                                      99.445869   slack (MET)


Startpoint: b[2] (input port clocked by vclk)
Endpoint: sum[13] (output port clocked by vclk)
Path Group: vclk
Path Type: max

        Cap        Slew       Delay        Time   Description
---------------------------------------------------------------------------------------
               0.000000    0.000000    0.000000   clock vclk (rise edge)
                           0.000000    0.000000   clock network delay (ideal)
                           0.000000    0.000000 ^ input external delay
   0.010433    0.050000    0.000000    0.000000 ^ b[2] (in)
               0.050000    0.000000    0.000000 ^ _317_/B (XOR2X1)
   0.009960    0.078323    0.077970    0.077970 ^ _317_/Y (XOR2X1)
               0.078323    0.000000    0.077970 ^ _437_/B (AND2X1)
   0.002878    0.028845    0.039639    0.117609 ^ _437_/Y (AND2X1)
               0.028845    0.000000    0.117609 ^ _439_/C (AOI22X1)
   0.007576    0.048161    0.030689    0.148298 v _439_/Y (AOI22X1)
               0.048161    0.000000    0.148298 v _442_/A (OAI21X1)
   0.008483    0.068313    0.070712    0.219010 ^ _442_/Y (OAI21X1)
               0.068313    0.000000    0.219010 ^ _445_/A (AOI22X1)
   0.007576    0.048126    0.053652    0.272663 v _445_/Y (AOI22X1)
               0.048126    0.000000    0.272663 v _449_/A (OAI21X1)
   0.008573    0.068739    0.070995    0.343657 ^ _449_/Y (OAI21X1)
               0.068739    0.000000    0.343657 ^ _450_/D (AOI22X1)
   0.007636    0.048232    0.040179    0.383836 v _450_/Y (AOI22X1)
               0.048232    0.000000    0.383836 v _451_/B (OAI21X1)
   0.010955    0.082665    0.076263    0.460099 ^ _451_/Y (OAI21X1)
               0.082665    0.000000    0.460099 ^ _504_/B (XOR2X1)
   0.010000    0.079381    0.081247    0.541346 ^ _504_/Y (XOR2X1)
               0.079381    0.000000    0.541346 ^ sum[13] (out)
                                       0.541346   data arrival time

               0.000000  100.000000  100.000000   clock vclk (rise edge)
                           0.000000  100.000000   clock network delay (ideal)
                           0.000000  100.000000   clock reconvergence pessimism
                           0.000000  100.000000   output external delay
                                     100.000000   data required time
---------------------------------------------------------------------------------------
                                     100.000000   data required time
                                      -0.541346   data arrival time
---------------------------------------------------------------------------------------
                                      99.458649   slack (MET)


Startpoint: b[1] (input port clocked by vclk)
Endpoint: sum[20] (output port clocked by vclk)
Path Group: vclk
Path Type: max

        Cap        Slew       Delay        Time   Description
---------------------------------------------------------------------------------------
               0.000000    0.000000    0.000000   clock vclk (rise edge)
                           0.000000    0.000000   clock network delay (ideal)
                           0.000000    0.000000 v input external delay
   0.009154    0.050000    0.000000    0.000000 v b[1] (in)
               0.050000    0.000000    0.000000 v _302_/B (OR2X1)
   0.002566    0.011341    0.053567    0.053567 v _302_/Y (OR2X1)
               0.011341    0.000000    0.053567 v _310_/A (AOI21X1)
   0.005067    0.040497    0.045427    0.098994 ^ _310_/Y (AOI21X1)
               0.040497    0.000000    0.098994 ^ _319_/B (AOI21X1)
   0.004886    0.023132    0.036180    0.135173 v _319_/Y (AOI21X1)
               0.023132    0.000000    0.135173 v _331_/A (OAI21X1)
   0.004852    0.053645    0.053359    0.188532 ^ _331_/Y (OAI21X1)
               0.053645    0.000000    0.188532 ^ _342_/A (AOI21X1)
   0.004781    0.022844    0.030668    0.219200 v _342_/Y (AOI21X1)
               0.022844    0.000000    0.219200 v _354_/A (OAI21X1)
   0.004852    0.053673    0.053294    0.272494 ^ _354_/Y (OAI21X1)
               0.053673    0.000000    0.272494 ^ _358_/A (AOI21X1)
   0.004880    0.023089    0.030850    0.303344 v _358_/Y (AOI21X1)
               0.023089    0.000000    0.303344 v _360_/B (OAI21X1)
   0.004752    0.053617    0.050742    0.354086 ^ _360_/Y (OAI21X1)
               0.053617    0.000000    0.354086 ^ _368_/B (AOI21X1)
   0.007452    0.029264    0.043735    0.397821 v _368_/Y (AOI21X1)
               0.029264    0.000000    0.397821 v _399_/A (AOI21X1)
   0.008013    0.054926    0.059617    0.457438 ^ _399_/Y (AOI21X1)
               0.054926    0.000000    0.457438 ^ _496_/B (XNOR2X1)
   0.010000    0.075637    0.078607    0.536046 ^ _496_/Y (XNOR2X1)
               0.075637    0.000000    0.536046 ^ sum[20] (out)
                                       0.536046   data arrival time

               0.000000  100.000000  100.000000   clock vclk (rise edge)
                           0.000000  100.000000   clock network delay (ideal)
                           0.000000  100.000000   clock reconvergence pessimism
                           0.000000  100.000000   output external delay
                                     100.000000   data required time
---------------------------------------------------------------------------------------
                                     100.000000   data required time
                                      -0.536046   data arrival time
---------------------------------------------------------------------------------------
                                      99.463951   slack (MET)


Startpoint: b[1] (input port clocked by vclk)
Endpoint: sum[16] (output port clocked by vclk)
Path Group: vclk
Path Type: max

        Cap        Slew       Delay        Time   Description
---------------------------------------------------------------------------------------
               0.000000    0.000000    0.000000   clock vclk (rise edge)
                           0.000000    0.000000   clock network delay (ideal)
                           0.000000    0.000000 v input external delay
   0.009154    0.050000    0.000000    0.000000 v b[1] (in)
               0.050000    0.000000    0.000000 v _302_/B (OR2X1)
   0.002566    0.011341    0.053567    0.053567 v _302_/Y (OR2X1)
               0.011341    0.000000    0.053567 v _310_/A (AOI21X1)
   0.005067    0.040497    0.045427    0.098994 ^ _310_/Y (AOI21X1)
               0.040497    0.000000    0.098994 ^ _319_/B (AOI21X1)
   0.004886    0.023132    0.036180    0.135173 v _319_/Y (AOI21X1)
               0.023132    0.000000    0.135173 v _331_/A (OAI21X1)
   0.004852    0.053645    0.053359    0.188532 ^ _331_/Y (OAI21X1)
               0.053645    0.000000    0.188532 ^ _342_/A (AOI21X1)
   0.004781    0.022844    0.030668    0.219200 v _342_/Y (AOI21X1)
               0.022844    0.000000    0.219200 v _354_/A (OAI21X1)
   0.004852    0.053673    0.053294    0.272494 ^ _354_/Y (OAI21X1)
               0.053673    0.000000    0.272494 ^ _358_/A (AOI21X1)
   0.004880    0.023089    0.030850    0.303344 v _358_/Y (AOI21X1)
               0.023089    0.000000    0.303344 v _360_/B (OAI21X1)
   0.004752    0.053617    0.050742    0.354086 ^ _360_/Y (OAI21X1)
               0.053617    0.000000    0.354086 ^ _368_/B (AOI21X1)
   0.007452    0.029264    0.043735    0.397821 v _368_/Y (AOI21X1)
               0.029264    0.000000    0.397821 v _397_/A (OR2X1)
   0.007759    0.027609    0.052783    0.450604 v _397_/Y (OR2X1)
               0.027609    0.000000    0.450604 v _501_/B (XOR2X1)
   0.010000    0.079297    0.075945    0.526550 ^ _501_/Y (XOR2X1)
               0.079297    0.000000    0.526550 ^ sum[16] (out)
                                       0.526550   data arrival time

               0.000000  100.000000  100.000000   clock vclk (rise edge)
                           0.000000  100.000000   clock network delay (ideal)
                           0.000000  100.000000   clock reconvergence pessimism
                           0.000000  100.000000   output external delay
                                     100.000000   data required time
---------------------------------------------------------------------------------------
                                     100.000000   data required time
                                      -0.526550   data arrival time
---------------------------------------------------------------------------------------
                                      99.473450   slack (MET)


Startpoint: b[2] (input port clocked by vclk)
Endpoint: sum[11] (output port clocked by vclk)
Path Group: vclk
Path Type: max

        Cap        Slew       Delay        Time   Description
---------------------------------------------------------------------------------------
               0.000000    0.000000    0.000000   clock vclk (rise edge)
                           0.000000    0.000000   clock network delay (ideal)
                           0.000000    0.000000 ^ input external delay
   0.010433    0.050000    0.000000    0.000000 ^ b[2] (in)
               0.050000    0.000000    0.000000 ^ _317_/B (XOR2X1)
   0.009960    0.078323    0.077970    0.077970 ^ _317_/Y (XOR2X1)
               0.078323    0.000000    0.077970 ^ _437_/B (AND2X1)
   0.002878    0.028845    0.039639    0.117609 ^ _437_/Y (AND2X1)
               0.028845    0.000000    0.117609 ^ _439_/C (AOI22X1)
   0.007576    0.048161    0.030689    0.148298 v _439_/Y (AOI22X1)
               0.048161    0.000000    0.148298 v _442_/A (OAI21X1)
   0.008483    0.068313    0.070712    0.219010 ^ _442_/Y (OAI21X1)
               0.068313    0.000000    0.219010 ^ _445_/A (AOI22X1)
   0.007576    0.048126    0.053652    0.272663 v _445_/Y (AOI22X1)
               0.048126    0.000000    0.272663 v _449_/A (OAI21X1)
   0.008573    0.068739    0.070995    0.343657 ^ _449_/Y (OAI21X1)
               0.068739    0.000000    0.343657 ^ _450_/D (AOI22X1)
   0.007636    0.048232    0.040179    0.383836 v _450_/Y (AOI22X1)
               0.048232    0.000000    0.383836 v _506_/B (XNOR2X1)
   0.010000    0.075168    0.077920    0.461756 ^ _506_/Y (XNOR2X1)
               0.075168    0.000000    0.461756 ^ sum[11] (out)
                                       0.461756   data arrival time

               0.000000  100.000000  100.000000   clock vclk (rise edge)
                           0.000000  100.000000   clock network delay (ideal)
                           0.000000  100.000000   clock reconvergence pessimism
                           0.000000  100.000000   output external delay
                                     100.000000   data required time
---------------------------------------------------------------------------------------
                                     100.000000   data required time
                                      -0.461756   data arrival time
---------------------------------------------------------------------------------------
                                      99.538246   slack (MET)


