$ /usr/bin/time -v -o /home/duhaochen/website-trial-v1/data/spice-model-benchmark/d171f5706916ba30bf6102ad7bd57e78/hspice/resource.txt /usr/bin/python -m spice_model_benchmark.cli /home/duhaochen/pipeline_full_collection/benchmark-inputs/d171f5706916ba30bf6102ad7bd57e78/hspice.lib --simulator hspice --modes dc transient ac noise --output-dir /home/duhaochen/website-trial-v1/data/spice-model-benchmark/d171f5706916ba30bf6102ad7bd57e78 --dpi 120 --log-level WARNING
SPICE Model Benchmark: /home/duhaochen/pipeline_full_collection/benchmark-inputs/d171f5706916ba30bf6102ad7bd57e78/hspice.lib
Simulators: hspice
Modes: dc, transient, ac, noise
------------------------------------------------------------

============================================================
  Running: HSPICE
  Output:  /home/duhaochen/website-trial-v1/data/spice-model-benchmark/d171f5706916ba30bf6102ad7bd57e78/hspice
============================================================
Vgs range: -1.200V to 0.000V
Ids range: -4.285e-12A to 2.717e-05A
Selected Vgs values: [-1.2 -1.  -0.8 -0.6 -0.4 -0.2  0. ]
Vgs=-1.200V: Ids range -4.285e-12A to 2.717e-05A
Vgs=-1.000V: Ids range -1.960e-12A to 1.813e-05A
Vgs=-0.800V: Ids range -7.724e-13A to 1.044e-05A
Vgs=-0.600V: Ids range -2.296e-13A to 4.851e-06A
Vgs=-0.400V: Ids range -3.588e-14A to 1.313e-06A
Vgs=-0.200V: Ids range -6.817e-16A to 9.204e-08A
Vgs=0.000V: Ids range 2.540e-15A to 5.877e-10A
ids_variation: 4.744344598495261
ids_variation <= max_variation: False
tc: 16311236398.747658
abs(tc) <= max_tc: False
[WARNING]: Temperature effects verification failed - effects outside expected range
/home/duhaochen/spice_model_benchmark/src/spice_model_benchmark/verification_manager.py:2706: RuntimeWarning: divide by zero encountered in divide
  norm_dvg = np.abs(dvg_dt / gate_voltage[:-1])
/home/duhaochen/spice_model_benchmark/src/spice_model_benchmark/verification_manager.py:2706: RuntimeWarning: invalid value encountered in divide
  norm_dvg = np.abs(dvg_dt / gate_voltage[:-1])
norm_dvg: [1.00000000e+10 5.00000000e+09 3.33333333e+09 ... 0.00000000e+00
 0.00000000e+00 0.00000000e+00]
norm_dvd: [0. 0. 0. ... 0. 0. 0.]
norm_did: [3573342.86224873 5361930.29490596 6258941.34477832 ...       0.
       0.               0.        ]
[WARNING]: Quasi-static verification failed
[WARNING]: Max normalized derivatives: dVg/dt=nan, dVd/dt=0.00e+00, dId/dt=1.34e+12
/home/duhaochen/spice_model_benchmark/src/spice_model_benchmark/plot_generator.py:336: UserWarning: Attempting to set identical low and high ylims makes transformation singular; automatically expanding.
  plt.ylim(0, max_cap*1.2)  # Add 20% margin to ensure all components are visible
[INFO]: S-parameter analysis plot saved to /home/duhaochen/website-trial-v1/data/spice-model-benchmark/d171f5706916ba30bf6102ad7bd57e78/hspice/plots/ac_cv_sparameter_analysis.png
[INFO]: S-parameter analysis plot saved to /home/duhaochen/website-trial-v1/data/spice-model-benchmark/d171f5706916ba30bf6102ad7bd57e78/hspice/plots/ac_cv_sparameter_analysis.png
[INFO]: NQS effects plot saved to /home/duhaochen/website-trial-v1/data/spice-model-benchmark/d171f5706916ba30bf6102ad7bd57e78/hspice/plots/ac_cv_nqs_effects.png
[WARNING]: Cannot compute correlation: constant data detected

  hspice: ✓ PASS  (210.2s)

✓ Benchmark completed: /home/duhaochen/website-trial-v1/data/spice-model-benchmark/d171f5706916ba30bf6102ad7bd57e78/hspice
