
6. Printing statistics.

=== adder_top ===

        +----------Local Count, excluding submodules.
        |        +-Local Area, excluding submodules.
        |        | 
      136        - wires
      229        - wire bits
        5        - public wires
       98        - public wire bits
        5        - ports
       98        - port bits
      164  513.414 cells
        1    2.346   AND2X1
       31    87.29   AOI21X1
       32   45.053   INVX1
        4    7.509   NAND2X1
       30   70.395   NOR2X1
        1    2.816   OAI21X1
        3    7.039   OR2X1
       33  154.869   XNOR2X1
       29  136.097   XOR2X1

   Chip area for module '\adder_top': 513.414200
     of which used for sequential elements: 0.000000 (0.00%)

