$ /usr/bin/time -v -o /home/duhaochen/website-trial-v1/data/spice-model-benchmark/2d350ef7dfa30aadeefe5d4969901645/ngspice/resource.txt /usr/bin/python -m spice_model_benchmark.cli /home/duhaochen/pipeline_full_collection/benchmark-inputs/2d350ef7dfa30aadeefe5d4969901645/ngspice.lib --simulator ngspice --modes dc transient ac noise --output-dir /home/duhaochen/website-trial-v1/data/spice-model-benchmark/2d350ef7dfa30aadeefe5d4969901645 --dpi 120 --log-level WARNING
/home/duhaochen/spice_model_benchmark/src/spice_model_benchmark/verification_manager.py:1557: RuntimeWarning: divide by zero encountered in divide
  tc = np.mean((d_ids / d_temp) / np.abs(i_ds[:-1]))
SPICE Model Benchmark: /home/duhaochen/pipeline_full_collection/benchmark-inputs/2d350ef7dfa30aadeefe5d4969901645/ngspice.lib
Simulators: ngspice
Modes: dc, transient, ac, noise
------------------------------------------------------------

============================================================
  Running: NGSPICE
  Output:  /home/duhaochen/website-trial-v1/data/spice-model-benchmark/2d350ef7dfa30aadeefe5d4969901645/ngspice
============================================================
Vgs range: 0.000V to 1.200V
Ids range: -3.685e-05A to 0.000e+00A
Selected Vgs values: [0.  0.2 0.4 0.6 0.8 1.  1.2]
Vgs=0.000V: Ids range -1.307e-15A to -1.000e-16A
Vgs=0.200V: Ids range -2.482e-14A to 0.000e+00A
Vgs=0.400V: Ids range -1.253e-12A to 0.000e+00A
Vgs=0.600V: Ids range -1.346e-10A to 0.000e+00A
Vgs=0.800V: Ids range -1.363e-08A to 0.000e+00A
Vgs=1.000V: Ids range -9.528e-07A to 0.000e+00A
Vgs=1.200V: Ids range -3.685e-05A to 0.000e+00A
ids_variation: 9.739231959956907
ids_variation <= max_variation: False
tc: inf
abs(tc) <= max_tc: False
[WARNING]: Temperature effects verification failed - effects outside expected range
/home/duhaochen/spice_model_benchmark/src/spice_model_benchmark/verification_manager.py:1817: RuntimeWarning: divide by zero encountered in log
  log_ids = np.log(np.abs(i_ds))
/home/duhaochen/.local/lib/python3.9/site-packages/numpy/lib/function_base.py:2742: RuntimeWarning: invalid value encountered in subtract
  X -= avg[:, None]
/home/duhaochen/spice_model_benchmark/src/spice_model_benchmark/verification_manager.py:1862: RuntimeWarning: divide by zero encountered in divide
  efficiency = np.abs(gm / i_ds)  # Transconductance efficiency
[INFO]: S-parameter analysis plot saved to /home/duhaochen/website-trial-v1/data/spice-model-benchmark/2d350ef7dfa30aadeefe5d4969901645/ngspice/plots/ac_cv_sparameter_analysis.png
[INFO]: NQS effects plot saved to /home/duhaochen/website-trial-v1/data/spice-model-benchmark/2d350ef7dfa30aadeefe5d4969901645/ngspice/plots/ac_cv_nqs_effects.png
[INFO]: S-parameter analysis plot saved to /home/duhaochen/website-trial-v1/data/spice-model-benchmark/2d350ef7dfa30aadeefe5d4969901645/ngspice/plots/ac_cv_sparameter_analysis.png
norm_dvg: [2.50000000e+11 1.25000000e+11 6.25000000e+10 3.12500000e+10
 1.56249999e+10 8.33654276e+09 5.81462079e+09 4.26037524e+09
 3.41125917e+09 2.85194367e+09 2.42095376e+09 2.29127074e+09
 2.19300905e+09 2.08938579e+09 2.01120546e+09 2.00000377e+09
 1.99858457e+09 1.99576160e+09 1.99014069e+09 1.97899066e+09
 1.95706211e+09 1.91463097e+09 1.83505892e+09 1.71628229e+09
 1.60557234e+09 1.43530701e+09 1.24978829e+09 1.18130087e+09
 1.13617699e+09 1.07660501e+09 1.03688955e+09 9.99998284e+08
 9.97095353e+08 9.91335826e+08 9.80013683e+08 9.58128905e+08
 9.17165947e+08 8.44920062e+08 7.54583750e+08 6.73359927e+08
 6.02918346e+08 5.42225294e+08 5.02634900e+08 4.81270575e+08
 4.55831677e+08 4.45035878e+08 4.30478176e+08 4.04044450e+08
 3.79414971e+08 3.59017727e+08 3.36385798e+08 3.18050937e+08
 2.97123429e+08 2.84018897e+08 2.76287140e+08 2.68347667e+08
 2.63150377e+08 2.56894047e+08 2.48066312e+08 2.39687444e+08
 2.31070957e+08 2.22757975e+08 2.13462388e+08 2.03354221e+08
 1.91020504e+08 1.76353899e+08 1.67252049e+08 1.62283354e+08
 1.58188511e+08 1.54825582e+08 1.51606444e+08 1.48013863e+08
 1.44897536e+08 1.42903549e+08 1.40660945e+08 1.38350079e+08
 1.35731585e+08 1.32682305e+08 1.28915165e+08 1.25349039e+08
 1.21209834e+08 1.17485671e+08 1.14353015e+08 1.10927683e+08
 1.07053871e+08 1.02519668e+08 9.87448194e+07 9.52442420e+07
 9.52300442e+07 9.52159943e+07 9.51881627e+07 9.51328045e+07
 9.50209626e+07 9.48857706e+07 9.47629191e+07 9.46374290e+07
 9.45056618e+07 9.44225464e+07 9.43223477e+07 9.42031307e+07
 9.40674626e+07 9.38901609e+07 9.37662283e+07 9.36875960e+07
 9.36280960e+07 9.35740844e+07 9.35247953e+07 9.34723083e+07
 9.34176098e+07 9.33644615e+07 9.33014927e+07 9.32384740e+07
 9.31881688e+07 9.31376923e+07 9.30891171e+07 9.30351996e+07
 9.29544674e+07 9.28431785e+07 9.26822951e+07 9.25270191e+07
 9.23840780e+07 9.22218801e+07 9.21217922e+07 9.19959267e+07
 9.18788174e+07 9.16690882e+07 9.13741621e+07 9.11405891e+07
 9.09539416e+07 9.09036210e+07 9.09177433e+07 9.08953873e+07
 9.08951211e+07 9.08744256e+07 9.08381843e+07 9.08133307e+07
 9.07901742e+07 9.07744348e+07 9.07522551e+07 9.07327164e+07
 9.07102185e+07 9.06915917e+07 9.06721891e+07 9.06532905e+07
 9.06354002e+07 9.06125457e+07 9.05849350e+07 9.05343105e+07
 9.04568732e+07 9.03337847e+07 9.01975090e+07 9.01215723e+07
 9.00620240e+07 8.99769581e+07 8.98993409e+07 8.98253328e+07
 8.97468963e+07 8.96394797e+07 8.94980019e+07 8.93074064e+07
 8.90514110e+07 8.88583307e+07 8.87098636e+07 8.85521874e+07
 8.84047079e+07 8.82777090e+07 8.81390419e+07 8.79048171e+07
 8.76793104e+07 8.74358737e+07 8.71751950e+07 8.69293281e+07
 8.66645816e+07 8.63224970e+07 8.60435505e+07 8.56974207e+07
 8.53550195e+07 8.49070503e+07 8.43289356e+07 8.38282472e+07
 8.33356785e+07 8.33209966e+07 8.32961388e+07 8.32469555e+07
 8.31486168e+07 8.29526351e+07 8.25631778e+07 8.17952470e+07
 8.05937660e+07 7.93466439e+07 7.78958369e+07 7.63983278e+07
 7.46027011e+07 7.25468994e+07 6.98404206e+07 6.62636219e+07
 6.29277660e+07 5.99116782e+07 5.71714864e+07 5.46709891e+07
 5.23800498e+07 5.11623582e+07 0.00000000e+00 0.00000000e+00
 0.00000000e+00 0.00000000e+00 0.00000000e+00 0.00000000e+00
 0.00000000e+00 0.00000000e+00 0.00000000e+00 0.00000000e+00
 0.00000000e+00 0.00000000e+00 0.00000000e+00 0.00000000e+00
 0.00000000e+00 0.00000000e+00 0.00000000e+00 0.00000000e+00
 0.00000000e+00 0.00000000e+00 0.00000000e+00 0.00000000e+00
 0.00000000e+00 0.00000000e+00 0.00000000e+00 0.00000000e+00
 0.00000000e+00 0.00000000e+00 0.00000000e+00 0.00000000e+00
 0.00000000e+00 0.00000000e+00 0.00000000e+00 0.00000000e+00
 0.00000000e+00 0.00000000e+00 0.00000000e+00 0.00000000e+00
 0.00000000e+00 0.00000000e+00 0.00000000e+00 0.00000000e+00
 0.00000000e+00 0.00000000e+00 0.00000000e+00 0.00000000e+00
 0.00000000e+00 0.00000000e+00 0.00000000e+00 0.00000000e+00
 0.00000000e+00 0.00000000e+00 0.00000000e+00 0.00000000e+00
 0.00000000e+00 0.00000000e+00 0.00000000e+00 0.00000000e+00
 0.00000000e+00 0.00000000e+00 0.00000000e+00 0.00000000e+00
 0.00000000e+00 0.00000000e+00 0.00000000e+00 0.00000000e+00
 0.00000000e+00 0.00000000e+00 0.00000000e+00 0.00000000e+00
 0.00000000e+00 0.00000000e+00 0.00000000e+00 0.00000000e+00
 0.00000000e+00 0.00000000e+00 0.00000000e+00 0.00000000e+00
 0.00000000e+00 0.00000000e+00 0.00000000e+00 0.00000000e+00
 0.00000000e+00 0.00000000e+00 0.00000000e+00 0.00000000e+00
 0.00000000e+00 0.00000000e+00 0.00000000e+00 0.00000000e+00
 0.00000000e+00 0.00000000e+00 0.00000000e+00 0.00000000e+00
 0.00000000e+00 0.00000000e+00 0.00000000e+00 0.00000000e+00
 0.00000000e+00 0.00000000e+00 0.00000000e+00 0.00000000e+00
 0.00000000e+00 0.00000000e+00 0.00000000e+00 0.00000000e+00
 0.00000000e+00 0.00000000e+00 0.00000000e+00 0.00000000e+00
 0.00000000e+00 0.00000000e+00 0.00000000e+00 0.00000000e+00
 0.00000000e+00 0.00000000e+00 0.00000000e+00 0.00000000e+00
 0.00000000e+00 0.00000000e+00 0.00000000e+00 0.00000000e+00
 0.00000000e+00 0.00000000e+00 0.00000000e+00 0.00000000e+00
 0.00000000e+00 0.00000000e+00 0.00000000e+00 0.00000000e+00
 0.00000000e+00 0.00000000e+00 0.00000000e+00 0.00000000e+00
 0.00000000e+00 0.00000000e+00 0.00000000e+00 0.00000000e+00
 0.00000000e+00 0.00000000e+00 0.00000000e+00 0.00000000e+00
 0.00000000e+00 0.00000000e+00 0.00000000e+00 0.00000000e+00
 0.00000000e+00 0.00000000e+00 0.00000000e+00 0.00000000e+00
 0.00000000e+00 0.00000000e+00 0.00000000e+00 0.00000000e+00
 0.00000000e+00 0.00000000e+00 0.00000000e+00 0.00000000e+00
 0.00000000e+00 0.00000000e+00 0.00000000e+00 0.00000000e+00
 0.00000000e+00 0.00000000e+00 0.00000000e+00 0.00000000e+00
 0.00000000e+00 0.00000000e+00 0.00000000e+00 0.00000000e+00
 0.00000000e+00 0.00000000e+00 0.00000000e+00 0.00000000e+00
 0.00000000e+00 0.00000000e+00 0.00000000e+00 0.00000000e+00
 0.00000000e+00 0.00000000e+00 0.00000000e+00 0.00000000e+00
 0.00000000e+00 0.00000000e+00 0.00000000e+00 0.00000000e+00
 0.00000000e+00 0.00000000e+00 0.00000000e+00 0.00000000e+00
 0.00000000e+00 0.00000000e+00 0.00000000e+00 0.00000000e+00
 0.00000000e+00 0.00000000e+00 0.00000000e+00 0.00000000e+00
 0.00000000e+00 0.00000000e+00 0.00000000e+00]
norm_dvd: [0. 0. 0. 0. 0. 0. 0. 0. 0. 0. 0. 0. 0. 0. 0. 0. 0. 0. 0. 0. 0. 0. 0. 0.
 0. 0. 0. 0. 0. 0. 0. 0. 0. 0. 0. 0. 0. 0. 0. 0. 0. 0. 0. 0. 0. 0. 0. 0.
 0. 0. 0. 0. 0. 0. 0. 0. 0. 0. 0. 0. 0. 0. 0. 0. 0. 0. 0. 0. 0. 0. 0. 0.
 0. 0. 0. 0. 0. 0. 0. 0. 0. 0. 0. 0. 0. 0. 0. 0. 0. 0. 0. 0. 0. 0. 0. 0.
 0. 0. 0. 0. 0. 0. 0. 0. 0. 0. 0. 0. 0. 0. 0. 0. 0. 0. 0. 0. 0. 0. 0. 0.
 0. 0. 0. 0. 0. 0. 0. 0. 0. 0. 0. 0. 0. 0. 0. 0. 0. 0. 0. 0. 0. 0. 0. 0.
 0. 0. 0. 0. 0. 0. 0. 0. 0. 0. 0. 0. 0. 0. 0. 0. 0. 0. 0. 0. 0. 0. 0. 0.
 0. 0. 0. 0. 0. 0. 0. 0. 0. 0. 0. 0. 0. 0. 0. 0. 0. 0. 0. 0. 0. 0. 0. 0.
 0. 0. 0. 0. 0. 0. 0. 0. 0. 0. 0. 0. 0. 0. 0. 0. 0. 0. 0. 0. 0. 0. 0. 0.
 0. 0. 0. 0. 0. 0. 0. 0. 0. 0. 0. 0. 0. 0. 0. 0. 0. 0. 0. 0. 0. 0. 0. 0.
 0. 0. 0. 0. 0. 0. 0. 0. 0. 0. 0. 0. 0. 0. 0. 0. 0. 0. 0. 0. 0. 0. 0. 0.
 0. 0. 0. 0. 0. 0. 0. 0. 0. 0. 0. 0. 0. 0. 0. 0. 0. 0. 0. 0. 0. 0. 0. 0.
 0. 0. 0. 0. 0. 0. 0. 0. 0. 0. 0. 0. 0. 0. 0. 0. 0. 0. 0. 0. 0. 0. 0. 0.
 0. 0. 0. 0. 0. 0. 0. 0. 0. 0. 0. 0. 0. 0. 0. 0. 0. 0. 0. 0. 0. 0. 0. 0.
 0. 0. 0. 0. 0. 0. 0. 0. 0. 0. 0. 0. 0. 0. 0. 0. 0. 0. 0. 0. 0. 0. 0. 0.
 0. 0. 0. 0. 0. 0. 0. 0. 0. 0. 0. 0. 0. 0. 0. 0. 0. 0. 0. 0. 0. 0. 0. 0.
 0. 0. 0. 0. 0. 0. 0. 0. 0. 0. 0. 0. 0. 0. 0. 0. 0. 0. 0.]
norm_did: [0.00000000e+00 0.00000000e+00 0.00000000e+00 0.00000000e+00
 0.00000000e+00 0.00000000e+00 0.00000000e+00 0.00000000e+00
 0.00000000e+00 0.00000000e+00 0.00000000e+00 0.00000000e+00
 0.00000000e+00 0.00000000e+00 0.00000000e+00 0.00000000e+00
 0.00000000e+00 0.00000000e+00 0.00000000e+00 0.00000000e+00
 0.00000000e+00 0.00000000e+00 0.00000000e+00 0.00000000e+00
 0.00000000e+00 0.00000000e+00 0.00000000e+00 0.00000000e+00
 0.00000000e+00 0.00000000e+00 0.00000000e+00 0.00000000e+00
 0.00000000e+00 0.00000000e+00 0.00000000e+00 0.00000000e+00
 0.00000000e+00 0.00000000e+00 0.00000000e+00 0.00000000e+00
 0.00000000e+00 0.00000000e+00 0.00000000e+00 0.00000000e+00
 0.00000000e+00 0.00000000e+00 0.00000000e+00 0.00000000e+00
 0.00000000e+00 0.00000000e+00 0.00000000e+00 0.00000000e+00
 0.00000000e+00 0.00000000e+00 0.00000000e+00 0.00000000e+00
 0.00000000e+00 0.00000000e+00 0.00000000e+00 0.00000000e+00
 0.00000000e+00 0.00000000e+00 0.00000000e+00 0.00000000e+00
 3.55358013e+00 5.01370382e+00 8.45147029e+00 9.69939248e+00
 2.25350902e+01 2.25621861e+01 1.93274402e+01 4.25901942e+01
 4.81991034e+01 5.54691413e+01 7.81741374e+01 9.98575869e+01
 1.27925107e+02 2.10744862e+02 3.08469615e+02 5.22468921e+02
 8.75561156e+02 1.38011545e+03 2.37200183e+03 4.44401765e+03
 9.71052575e+03 2.02809363e+04 4.22716296e+04 4.23595305e+06
 3.79432578e+04 5.39193695e+04 5.44186321e+04 5.55424192e+04
 5.70410091e+04 5.83925768e+04 6.01414171e+04 6.18045766e+04
 6.28495523e+04 6.44641315e+04 6.64052191e+04 6.82348219e+04
 7.08257296e+04 7.25190323e+04 7.36762984e+04 7.53430961e+04
 7.67887236e+04 7.73868338e+04 7.84685422e+04 7.95880542e+04
 8.04005772e+04 8.16969371e+04 8.26726825e+04 8.36160015e+04
 8.47717510e+04 8.55817509e+04 8.68734938e+04 8.82194863e+04
 9.04154887e+04 9.34319992e+04 9.64614978e+04 9.94848606e+04
 1.03516017e+05 1.05465538e+05 1.09402846e+05 1.12391574e+05
 1.17821969e+05 1.25591148e+05 1.31496887e+05 1.37527013e+05
 1.32890985e+05 1.95501739e+05 1.03355295e+05 1.43833438e+05
 1.43846444e+05 1.45588914e+05 1.46411261e+05 1.46230901e+05
 1.48295235e+05 1.48306115e+05 1.49174826e+05 1.50151071e+05
 1.50310362e+05 1.51266735e+05 1.52243668e+05 1.52068721e+05
 1.53777582e+05 1.54726490e+05 1.56150066e+05 1.58930851e+05
 1.63063971e+05 1.67975014e+05 1.69826624e+05 1.73395920e+05
 1.78135473e+05 1.81269447e+05 1.84524555e+05 1.88138720e+05
 1.93207607e+05 1.99433304e+05 2.08174456e+05 2.20689741e+05
 2.29795164e+05 2.38660595e+05 2.50490090e+05 2.60169933e+05
 2.68615116e+05 2.79016733e+05 2.95388044e+05 3.11374215e+05
 3.30269938e+05 3.52931443e+05 3.75285204e+05 4.02441718e+05
 4.39599929e+05 4.69954339e+05 5.16793188e+05 5.65264508e+05
 6.35954236e+05 7.38622592e+05 8.38777158e+05 9.64244918e+05
 3.78124479e+05 7.38802578e+05 1.05048767e+06 1.07587033e+06
 1.12892422e+06 1.24320917e+06 1.50846980e+06 2.07743952e+06
 2.96965122e+06 4.59808019e+06 7.41977840e+06 1.34131805e+07
 2.73636966e+07 7.27865245e+07 2.99536879e+08 1.67841615e+09
 1.86963858e+10 4.36050469e+09 3.58025628e+09 2.37631612e+09
 1.29724434e+09 1.01437833e+09 2.37502712e+10 0.00000000e+00
 0.00000000e+00 0.00000000e+00 0.00000000e+00 0.00000000e+00
 0.00000000e+00 0.00000000e+00 0.00000000e+00 0.00000000e+00
 0.00000000e+00 0.00000000e+00 0.00000000e+00 0.00000000e+00
 0.00000000e+00 0.00000000e+00 0.00000000e+00 0.00000000e+00
 0.00000000e+00 0.00000000e+00 0.00000000e+00 0.00000000e+00
 0.00000000e+00 0.00000000e+00 0.00000000e+00 0.00000000e+00
 0.00000000e+00 0.00000000e+00 0.00000000e+00 0.00000000e+00
 0.00000000e+00 0.00000000e+00 0.00000000e+00 0.00000000e+00
 0.00000000e+00 0.00000000e+00 0.00000000e+00 0.00000000e+00
 0.00000000e+00 0.00000000e+00 0.00000000e+00 0.00000000e+00
 0.00000000e+00 0.00000000e+00 0.00000000e+00 0.00000000e+00
 0.00000000e+00 0.00000000e+00 0.00000000e+00 0.00000000e+00
 0.00000000e+00 0.00000000e+00 0.00000000e+00 0.00000000e+00
 0.00000000e+00 0.00000000e+00 0.00000000e+00 0.00000000e+00
 0.00000000e+00 0.00000000e+00 0.00000000e+00 0.00000000e+00
 0.00000000e+00 0.00000000e+00 0.00000000e+00 0.00000000e+00
 0.00000000e+00 0.00000000e+00 0.00000000e+00 0.00000000e+00
 0.00000000e+00 0.00000000e+00 0.00000000e+00 0.00000000e+00
 0.00000000e+00 0.00000000e+00 0.00000000e+00 0.00000000e+00
 0.00000000e+00 0.00000000e+00 0.00000000e+00 0.00000000e+00
 0.00000000e+00 0.00000000e+00 0.00000000e+00 0.00000000e+00
 0.00000000e+00 0.00000000e+00 0.00000000e+00 0.00000000e+00
 0.00000000e+00 0.00000000e+00 0.00000000e+00 0.00000000e+00
 0.00000000e+00 0.00000000e+00 0.00000000e+00 0.00000000e+00
 0.00000000e+00 0.00000000e+00 0.00000000e+00 0.00000000e+00
 0.00000000e+00 0.00000000e+00 0.00000000e+00 0.00000000e+00
 0.00000000e+00 0.00000000e+00 0.00000000e+00 0.00000000e+00
 0.00000000e+00 0.00000000e+00 0.00000000e+00 0.00000000e+00
 0.00000000e+00 0.00000000e+00 0.00000000e+00 0.00000000e+00
 0.00000000e+00 0.00000000e+00 0.00000000e+00 0.00000000e+00
 0.00000000e+00 0.00000000e+00 0.00000000e+00 0.00000000e+00
 0.00000000e+00 0.00000000e+00 0.00000000e+00 0.00000000e+00
 0.00000000e+00 0.00000000e+00 0.00000000e+00 0.00000000e+00
 0.00000000e+00 0.00000000e+00 0.00000000e+00 0.00000000e+00
 0.00000000e+00 0.00000000e+00 0.00000000e+00 0.00000000e+00
 0.00000000e+00 0.00000000e+00 0.00000000e+00 0.00000000e+00
 0.00000000e+00 0.00000000e+00 0.00000000e+00 0.00000000e+00
 0.00000000e+00 0.00000000e+00 0.00000000e+00 0.00000000e+00
 0.00000000e+00 0.00000000e+00 0.00000000e+00 0.00000000e+00
 0.00000000e+00 0.00000000e+00 0.00000000e+00 0.00000000e+00
 0.00000000e+00 0.00000000e+00 0.00000000e+00 0.00000000e+00
 0.00000000e+00 0.00000000e+00 0.00000000e+00 0.00000000e+00
 0.00000000e+00 0.00000000e+00 0.00000000e+00 0.00000000e+00
 0.00000000e+00 0.00000000e+00 0.00000000e+00 0.00000000e+00
 0.00000000e+00 0.00000000e+00 0.00000000e+00 0.00000000e+00
 0.00000000e+00 0.00000000e+00 0.00000000e+00 0.00000000e+00
 0.00000000e+00 0.00000000e+00 0.00000000e+00 0.00000000e+00
 0.00000000e+00 0.00000000e+00 0.00000000e+00 0.00000000e+00
 0.00000000e+00 0.00000000e+00 0.00000000e+00 0.00000000e+00
 0.00000000e+00 0.00000000e+00 0.00000000e+00]
[WARNING]: Quasi-static verification failed
[WARNING]: Max normalized derivatives: dVg/dt=2.50e+11, dVd/dt=0.00e+00, dId/dt=2.38e+10

  ngspice: ✓ PASS  (100.8s)

✓ Benchmark completed: /home/duhaochen/website-trial-v1/data/spice-model-benchmark/2d350ef7dfa30aadeefe5d4969901645/ngspice
