
6. Printing statistics.

=== adder_top ===

        +----------Local Count, excluding submodules.
        |        +-Local Area, excluding submodules.
        |        | 
       49        - wires
       70        - wire bits
        5        - public wires
       26        - public wire bits
        5        - ports
       26        - port bits
       53 1.07E+03 cells
        4   70.246   gf180mcu_fd_sc_mcu7t5v0__and2_1
        1   21.952   gf180mcu_fd_sc_mcu7t5v0__and3_1
        1   24.147   gf180mcu_fd_sc_mcu7t5v0__and4_1
        1   21.952   gf180mcu_fd_sc_mcu7t5v0__aoi211_1
        3   52.685   gf180mcu_fd_sc_mcu7t5v0__aoi21_1
        1   19.757   gf180mcu_fd_sc_mcu7t5v0__aoi22_1
        2   17.562   gf180mcu_fd_sc_mcu7t5v0__clkinv_1
        6   65.856   gf180mcu_fd_sc_mcu7t5v0__nand2_1
        3   46.099   gf180mcu_fd_sc_mcu7t5v0__nand3_1
        1   19.757   gf180mcu_fd_sc_mcu7t5v0__nand4_1
        5   65.856   gf180mcu_fd_sc_mcu7t5v0__nor2_1
        5   87.808   gf180mcu_fd_sc_mcu7t5v0__oai21_1
        1   21.952   gf180mcu_fd_sc_mcu7t5v0__oai22_1
        1   24.147   gf180mcu_fd_sc_mcu7t5v0__oai31_1
        2   35.123   gf180mcu_fd_sc_mcu7t5v0__or2_1
        1   26.342   gf180mcu_fd_sc_mcu7t5v0__or4_1
        3   85.613   gf180mcu_fd_sc_mcu7t5v0__xnor2_1
       10  263.424   gf180mcu_fd_sc_mcu7t5v0__xor2_1
        2  100.979   gf180mcu_fd_sc_mcu7t5v0__xor3_1

   Chip area for module '\adder_top': 1071.257600
     of which used for sequential elements: 0.000000 (0.00%)

