
6. Printing statistics.

=== adder_top ===

        +----------Local Count, excluding submodules.
        |        +-Local Area, excluding submodules.
        |        | 
       40        - wires
       61        - wire bits
        5        - public wires
       26        - public wire bits
        5        - ports
       26        - port bits
       44  493.403 cells
        3   38.102   sg13g2_a21o_1
        1    9.072   sg13g2_a21oi_1
        3   43.546   sg13g2_a221oi_1
        3   32.546   sg13g2_a22oi_1
        4   36.288   sg13g2_and2_1
        3    16.33   sg13g2_inv_1
        2   14.515   sg13g2_nand2_1
        4    29.03   sg13g2_nor2_1
        2   18.144   sg13g2_o21ai_1
        3   27.216   sg13g2_or2_1
        2   25.402   sg13g2_or3_1
        8  116.122   sg13g2_xnor2_1
        6   87.091   sg13g2_xor2_1

   Chip area for module '\adder_top': 493.403400
     of which used for sequential elements: 0.000000 (0.00%)

