$ /usr/bin/time -v -o /home/duhaochen/website-trial-v1/data/spice-model-benchmark/fa1033083b0626d930bc9493490d7484/ngspice/resource.txt /usr/bin/python -m spice_model_benchmark.cli /home/duhaochen/pipeline_full_collection/benchmark-inputs/fa1033083b0626d930bc9493490d7484/ngspice.lib --simulator ngspice --modes dc transient ac noise --output-dir /home/duhaochen/website-trial-v1/data/spice-model-benchmark/fa1033083b0626d930bc9493490d7484 --dpi 120 --log-level WARNING
/home/duhaochen/spice_model_benchmark/src/spice_model_benchmark/verification_manager.py:1557: RuntimeWarning: divide by zero encountered in divide
  tc = np.mean((d_ids / d_temp) / np.abs(i_ds[:-1]))
SPICE Model Benchmark: /home/duhaochen/pipeline_full_collection/benchmark-inputs/fa1033083b0626d930bc9493490d7484/ngspice.lib
Simulators: ngspice
Modes: dc, transient, ac, noise
------------------------------------------------------------

============================================================
  Running: NGSPICE
  Output:  /home/duhaochen/website-trial-v1/data/spice-model-benchmark/fa1033083b0626d930bc9493490d7484/ngspice
============================================================
Vgs range: 0.000V to 1.200V
Ids range: -1.372e-03A to 0.000e+00A
Selected Vgs values: [0.  0.2 0.4 0.6 0.8 1.  1.2]
Vgs=0.000V: Ids range -5.341e-10A to -6.812e-14A
Vgs=0.200V: Ids range -5.280e-08A to 0.000e+00A
Vgs=0.400V: Ids range -3.347e-06A to 0.000e+00A
Vgs=0.600V: Ids range -1.028e-04A to 0.000e+00A
Vgs=0.800V: Ids range -4.034e-04A to 0.000e+00A
Vgs=1.000V: Ids range -8.387e-04A to 0.000e+00A
Vgs=1.200V: Ids range -1.372e-03A to 0.000e+00A
ids_variation: 6.069624540276502
ids_variation <= max_variation: False
tc: inf
abs(tc) <= max_tc: False
[WARNING]: Temperature effects verification failed - effects outside expected range
/home/duhaochen/spice_model_benchmark/src/spice_model_benchmark/verification_manager.py:1817: RuntimeWarning: divide by zero encountered in log
  log_ids = np.log(np.abs(i_ds))
/home/duhaochen/.local/lib/python3.9/site-packages/numpy/lib/function_base.py:2742: RuntimeWarning: invalid value encountered in subtract
  X -= avg[:, None]
/home/duhaochen/spice_model_benchmark/src/spice_model_benchmark/verification_manager.py:1862: RuntimeWarning: divide by zero encountered in divide
  efficiency = np.abs(gm / i_ds)  # Transconductance efficiency
[INFO]: S-parameter analysis plot saved to /home/duhaochen/website-trial-v1/data/spice-model-benchmark/fa1033083b0626d930bc9493490d7484/ngspice/plots/ac_cv_sparameter_analysis.png
[INFO]: NQS effects plot saved to /home/duhaochen/website-trial-v1/data/spice-model-benchmark/fa1033083b0626d930bc9493490d7484/ngspice/plots/ac_cv_nqs_effects.png
[INFO]: S-parameter analysis plot saved to /home/duhaochen/website-trial-v1/data/spice-model-benchmark/fa1033083b0626d930bc9493490d7484/ngspice/plots/ac_cv_sparameter_analysis.png
norm_dvg: [2.50000000e+11 1.25000000e+11 6.25000000e+10 3.12500000e+10
 1.56250000e+10 9.15449795e+09 6.21747051e+09 5.56425186e+09
 4.90227407e+09 4.50704320e+09 4.11970468e+09 3.78284708e+09
 3.34133284e+09 2.93871674e+09 2.60248383e+09 2.35793562e+09
 2.29375209e+09 2.25946314e+09 2.23438556e+09 2.21194978e+09
 2.19054429e+09 2.17673219e+09 2.15863660e+09 2.15028761e+09
 2.13941572e+09 2.12659942e+09 2.10503442e+09 2.08257777e+09
 2.05567090e+09 2.02745309e+09 2.00365001e+09 2.00000393e+09
 1.99796552e+09 1.99391392e+09 1.98890216e+09 1.97895892e+09
 1.95936627e+09 1.93463404e+09 1.90736888e+09 1.87181465e+09
 1.82903145e+09 1.77896561e+09 1.73871448e+09 1.69878861e+09
 1.65940529e+09 1.62355722e+09 1.58754752e+09 1.53732614e+09
 1.47428008e+09 1.40199573e+09 1.33969306e+09 1.27708684e+09
 1.20827412e+09 1.19207294e+09 1.17621945e+09 1.15564215e+09
 1.14670076e+09 1.13215430e+09 1.12358450e+09 1.11060530e+09
 1.09833830e+09 1.08238981e+09 1.06357420e+09 1.03861203e+09
 1.01894029e+09 1.00000067e+09 9.97500686e+08 9.92544121e+08
 9.82771976e+08 9.63796275e+08 9.27961097e+08 8.63731475e+08
 8.00348609e+08 7.76999133e+08 7.56901841e+08 7.33312559e+08
 7.17629356e+08 6.97915975e+08 6.76059657e+08 6.45744725e+08
 6.06626052e+08 5.92093840e+08 5.86111941e+08 5.75837004e+08
 5.73580642e+08 5.71131979e+08 5.68190693e+08 5.67045630e+08
 5.65575241e+08 5.63822811e+08 5.62543455e+08 5.61006234e+08
 5.59239885e+08 5.57054652e+08 5.53481375e+08 5.46834253e+08
 5.42191091e+08 5.38438158e+08 5.35690055e+08 5.32854129e+08
 5.29470628e+08 5.26565358e+08 5.23244119e+08 5.18610852e+08
 5.12561538e+08 5.05581354e+08 4.97536428e+08 4.89467327e+08
 4.79673684e+08 4.68476761e+08 4.53508708e+08 4.34984501e+08
 4.12322496e+08 3.88619283e+08 3.63149903e+08 3.36965145e+08
 3.08902182e+08 2.81007395e+08 2.51676794e+08 2.20781253e+08
 1.87639437e+08 1.63148903e+08 1.44313262e+08 1.29376649e+08
 1.17241952e+08 1.07188373e+08 1.00860492e+08 9.52363055e+07
 9.52142667e+07 9.51659005e+07 9.50696128e+07 9.48771845e+07
 9.46801400e+07 9.44203819e+07 9.41321028e+07 9.39871866e+07
 9.38614482e+07 9.36913435e+07 9.35668745e+07 9.34280881e+07
 9.32805720e+07 9.30848128e+07 9.28563548e+07 9.26188052e+07
 9.24368924e+07 9.22721238e+07 9.20882799e+07 9.19966028e+07
 9.19123211e+07 9.18362141e+07 9.17374845e+07 9.16478710e+07
 9.15941217e+07 9.15305757e+07 9.14651806e+07 9.14229086e+07
 9.13692183e+07 9.13356874e+07 9.13009066e+07 9.12608843e+07
 9.12098738e+07 9.11388657e+07 9.10238334e+07 9.09059004e+07
 9.09099524e+07 9.08973186e+07 9.08816270e+07 9.08504594e+07
 9.07870225e+07 9.07218427e+07 9.06491427e+07 9.05641299e+07
 9.04846346e+07 9.04015326e+07 9.02873978e+07 9.01363282e+07
 8.99343823e+07 8.96670443e+07 8.93170579e+07 8.88633618e+07
 8.85684954e+07 8.83191323e+07 8.80109507e+07 8.78186677e+07
 8.75045731e+07 8.71998507e+07 8.67341654e+07 8.62192894e+07
 8.59410594e+07 8.56615812e+07 8.53405567e+07 8.51342968e+07
 8.49907920e+07 8.48926839e+07 8.48099411e+07 8.47373547e+07
 8.46736933e+07 8.46160257e+07 8.45565207e+07 8.44970742e+07
 8.44654845e+07 8.44234199e+07 8.43795457e+07 8.43271364e+07
 8.42724481e+07 8.42032409e+07 8.41229051e+07 8.40054377e+07
 8.38280150e+07 8.35801783e+07 8.34562199e+07 8.33322027e+07
 8.33171238e+07 8.32821820e+07 8.32140777e+07 8.30782028e+07
 8.28672807e+07 8.26482708e+07 8.23576747e+07 8.20776987e+07
 8.18246206e+07 8.15818159e+07 8.14094629e+07 8.13358491e+07
 8.12988640e+07 8.12642670e+07 8.12279992e+07 8.11880001e+07
 8.11686317e+07 8.11421560e+07 8.11088308e+07 8.10736073e+07
 8.10326721e+07 8.09695157e+07 8.08430794e+07 8.06941544e+07
 8.05516792e+07 8.04560762e+07 8.03690050e+07 8.02681154e+07
 8.01778493e+07 8.00501498e+07 7.99222330e+07 7.97306033e+07
 7.94863919e+07 7.91534125e+07 7.87240419e+07 7.81698158e+07
 7.74860660e+07 7.67021138e+07 7.58493211e+07 7.48828609e+07
 7.37938716e+07 7.24998129e+07 7.09331908e+07 6.88907984e+07
 6.61639000e+07 6.28378288e+07 5.98301464e+07 5.70972375e+07
 5.46030891e+07 5.23177020e+07 5.11326219e+07 0.00000000e+00
 0.00000000e+00 0.00000000e+00 0.00000000e+00 0.00000000e+00
 0.00000000e+00 0.00000000e+00 0.00000000e+00 0.00000000e+00
 0.00000000e+00 0.00000000e+00 0.00000000e+00 0.00000000e+00
 0.00000000e+00 0.00000000e+00 0.00000000e+00 0.00000000e+00
 0.00000000e+00 0.00000000e+00 0.00000000e+00 0.00000000e+00
 0.00000000e+00 0.00000000e+00 0.00000000e+00 0.00000000e+00
 0.00000000e+00 0.00000000e+00 0.00000000e+00 0.00000000e+00
 0.00000000e+00 0.00000000e+00 0.00000000e+00 0.00000000e+00
 0.00000000e+00 0.00000000e+00 0.00000000e+00 0.00000000e+00
 0.00000000e+00 0.00000000e+00 0.00000000e+00 0.00000000e+00
 0.00000000e+00 0.00000000e+00 0.00000000e+00 0.00000000e+00
 0.00000000e+00 0.00000000e+00 0.00000000e+00 0.00000000e+00
 0.00000000e+00 0.00000000e+00 0.00000000e+00 0.00000000e+00
 0.00000000e+00 0.00000000e+00 0.00000000e+00 0.00000000e+00
 0.00000000e+00 0.00000000e+00 0.00000000e+00 0.00000000e+00
 0.00000000e+00 0.00000000e+00 0.00000000e+00 0.00000000e+00
 0.00000000e+00 0.00000000e+00 0.00000000e+00 0.00000000e+00
 0.00000000e+00 0.00000000e+00 0.00000000e+00 0.00000000e+00
 0.00000000e+00 0.00000000e+00 0.00000000e+00 0.00000000e+00
 0.00000000e+00 0.00000000e+00 0.00000000e+00 0.00000000e+00
 0.00000000e+00 0.00000000e+00 0.00000000e+00 0.00000000e+00
 0.00000000e+00 0.00000000e+00 0.00000000e+00 0.00000000e+00
 0.00000000e+00 0.00000000e+00 0.00000000e+00 0.00000000e+00
 0.00000000e+00 0.00000000e+00 0.00000000e+00 0.00000000e+00
 0.00000000e+00 0.00000000e+00 0.00000000e+00 0.00000000e+00
 0.00000000e+00 0.00000000e+00 0.00000000e+00 0.00000000e+00
 0.00000000e+00 0.00000000e+00 0.00000000e+00 0.00000000e+00
 0.00000000e+00 0.00000000e+00 0.00000000e+00 0.00000000e+00
 0.00000000e+00 0.00000000e+00 0.00000000e+00 0.00000000e+00
 0.00000000e+00 0.00000000e+00 0.00000000e+00 0.00000000e+00
 0.00000000e+00 0.00000000e+00 0.00000000e+00 0.00000000e+00
 0.00000000e+00 0.00000000e+00 0.00000000e+00 0.00000000e+00
 0.00000000e+00 0.00000000e+00 0.00000000e+00 0.00000000e+00
 0.00000000e+00 0.00000000e+00 0.00000000e+00 0.00000000e+00
 0.00000000e+00 0.00000000e+00 0.00000000e+00 0.00000000e+00
 0.00000000e+00 0.00000000e+00 0.00000000e+00 0.00000000e+00
 0.00000000e+00 0.00000000e+00 0.00000000e+00 0.00000000e+00
 0.00000000e+00 0.00000000e+00 0.00000000e+00 0.00000000e+00
 0.00000000e+00 0.00000000e+00 0.00000000e+00 0.00000000e+00
 0.00000000e+00 0.00000000e+00 0.00000000e+00 0.00000000e+00
 0.00000000e+00 0.00000000e+00 0.00000000e+00 0.00000000e+00
 0.00000000e+00 0.00000000e+00 0.00000000e+00 0.00000000e+00
 0.00000000e+00 0.00000000e+00 0.00000000e+00 0.00000000e+00
 0.00000000e+00 0.00000000e+00 0.00000000e+00 0.00000000e+00
 0.00000000e+00 0.00000000e+00 0.00000000e+00 0.00000000e+00
 0.00000000e+00 0.00000000e+00 0.00000000e+00 0.00000000e+00
 0.00000000e+00 0.00000000e+00 0.00000000e+00 0.00000000e+00
 0.00000000e+00 0.00000000e+00 0.00000000e+00 0.00000000e+00
 0.00000000e+00 0.00000000e+00 0.00000000e+00 0.00000000e+00
 0.00000000e+00 0.00000000e+00 0.00000000e+00 0.00000000e+00
 0.00000000e+00 0.00000000e+00 0.00000000e+00 0.00000000e+00
 0.00000000e+00 0.00000000e+00 0.00000000e+00 0.00000000e+00
 0.00000000e+00 0.00000000e+00 0.00000000e+00 0.00000000e+00
 0.00000000e+00 0.00000000e+00 0.00000000e+00 0.00000000e+00
 0.00000000e+00 0.00000000e+00 0.00000000e+00 0.00000000e+00
 0.00000000e+00 0.00000000e+00 0.00000000e+00 0.00000000e+00
 0.00000000e+00 0.00000000e+00 0.00000000e+00 0.00000000e+00
 0.00000000e+00 0.00000000e+00 0.00000000e+00 0.00000000e+00
 0.00000000e+00 0.00000000e+00 0.00000000e+00 0.00000000e+00
 0.00000000e+00 0.00000000e+00 0.00000000e+00 0.00000000e+00
 0.00000000e+00 0.00000000e+00 0.00000000e+00 0.00000000e+00
 0.00000000e+00 0.00000000e+00 0.00000000e+00 0.00000000e+00
 0.00000000e+00 0.00000000e+00 0.00000000e+00 0.00000000e+00
 0.00000000e+00 0.00000000e+00 0.00000000e+00 0.00000000e+00
 0.00000000e+00 0.00000000e+00 0.00000000e+00]
norm_dvd: [0. 0. 0. 0. 0. 0. 0. 0. 0. 0. 0. 0. 0. 0. 0. 0. 0. 0. 0. 0. 0. 0. 0. 0.
 0. 0. 0. 0. 0. 0. 0. 0. 0. 0. 0. 0. 0. 0. 0. 0. 0. 0. 0. 0. 0. 0. 0. 0.
 0. 0. 0. 0. 0. 0. 0. 0. 0. 0. 0. 0. 0. 0. 0. 0. 0. 0. 0. 0. 0. 0. 0. 0.
 0. 0. 0. 0. 0. 0. 0. 0. 0. 0. 0. 0. 0. 0. 0. 0. 0. 0. 0. 0. 0. 0. 0. 0.
 0. 0. 0. 0. 0. 0. 0. 0. 0. 0. 0. 0. 0. 0. 0. 0. 0. 0. 0. 0. 0. 0. 0. 0.
 0. 0. 0. 0. 0. 0. 0. 0. 0. 0. 0. 0. 0. 0. 0. 0. 0. 0. 0. 0. 0. 0. 0. 0.
 0. 0. 0. 0. 0. 0. 0. 0. 0. 0. 0. 0. 0. 0. 0. 0. 0. 0. 0. 0. 0. 0. 0. 0.
 0. 0. 0. 0. 0. 0. 0. 0. 0. 0. 0. 0. 0. 0. 0. 0. 0. 0. 0. 0. 0. 0. 0. 0.
 0. 0. 0. 0. 0. 0. 0. 0. 0. 0. 0. 0. 0. 0. 0. 0. 0. 0. 0. 0. 0. 0. 0. 0.
 0. 0. 0. 0. 0. 0. 0. 0. 0. 0. 0. 0. 0. 0. 0. 0. 0. 0. 0. 0. 0. 0. 0. 0.
 0. 0. 0. 0. 0. 0. 0. 0. 0. 0. 0. 0. 0. 0. 0. 0. 0. 0. 0. 0. 0. 0. 0. 0.
 0. 0. 0. 0. 0. 0. 0. 0. 0. 0. 0. 0. 0. 0. 0. 0. 0. 0. 0. 0. 0. 0. 0. 0.
 0. 0. 0. 0. 0. 0. 0. 0. 0. 0. 0. 0. 0. 0. 0. 0. 0. 0. 0. 0. 0. 0. 0. 0.
 0. 0. 0. 0. 0. 0. 0. 0. 0. 0. 0. 0. 0. 0. 0. 0. 0. 0. 0. 0. 0. 0. 0. 0.
 0. 0. 0. 0. 0. 0. 0. 0. 0. 0. 0. 0. 0. 0. 0. 0. 0. 0. 0. 0. 0. 0. 0. 0.
 0. 0. 0. 0. 0. 0. 0. 0. 0. 0. 0. 0. 0. 0. 0. 0. 0. 0. 0. 0. 0. 0. 0. 0.
 0. 0. 0. 0. 0. 0. 0. 0. 0. 0. 0. 0. 0. 0. 0. 0. 0. 0. 0. 0. 0. 0. 0. 0.
 0. 0. 0. 0. 0. 0. 0. 0. 0. 0. 0. 0. 0. 0. 0. 0. 0. 0. 0. 0. 0. 0. 0. 0.
 0. 0. 0. 0. 0. 0. 0. 0. 0. 0. 0. 0. 0. 0. 0. 0. 0. 0. 0. 0. 0. 0. 0. 0.
 0. 0. 0. 0. 0. 0. 0. 0. 0. 0. 0. 0. 0. 0. 0. 0. 0. 0. 0. 0. 0. 0. 0. 0.
 0. 0. 0. 0. 0. 0. 0. 0. 0. 0. 0. 0. 0. 0. 0. 0. 0. 0. 0. 0. 0. 0. 0. 0.
 0. 0. 0. 0. 0. 0. 0. 0. 0. 0. 0. 0. 0. 0. 0. 0. 0. 0. 0.]
norm_did: [1.67105640e+05 1.54534138e+05 1.73198363e+05 1.81999008e+05
 1.96712457e+05 2.16227830e+05 2.26342353e+05 2.40691404e+05
 2.50767753e+05 2.61168178e+05 2.72384407e+05 2.88956951e+05
 3.11492118e+05 3.38350075e+05 3.66668788e+05 3.76588414e+05
 3.89892062e+05 3.97211904e+05 4.01206575e+05 4.04590165e+05
 4.07599912e+05 4.10660885e+05 4.12972101e+05 4.14476285e+05
 4.16943287e+05 4.19846982e+05 4.24146324e+05 4.29145750e+05
 4.34505560e+05 4.39735834e+05 4.39945476e+05 5.17037768e+05
 4.06026425e+05 4.45904522e+05 4.46517103e+05 4.50498813e+05
 4.55626748e+05 4.61816340e+05 4.70074018e+05 4.80602969e+05
 4.94219964e+05 5.07435450e+05 5.21149044e+05 5.35684874e+05
 5.50132687e+05 5.65265498e+05 5.86017149e+05 6.15214539e+05
 6.54824464e+05 6.98888797e+05 7.49270604e+05 8.13463457e+05
 8.32520581e+05 8.72847671e+05 9.00182689e+05 9.15077645e+05
 9.35784832e+05 9.50533872e+05 9.68964416e+05 9.88335042e+05
 1.01215512e+06 1.04274717e+06 1.08451645e+06 1.12668082e+06
 1.16901101e+06 1.36556451e+06 1.09974772e+06 1.22246624e+06
 1.26096261e+06 1.34186443e+06 1.52016484e+06 1.79922144e+06
 1.96956945e+06 2.15804159e+06 2.34932554e+06 2.50763760e+06
 2.69984750e+06 2.94272289e+06 3.31250975e+06 3.93320563e+06
 4.34915705e+06 4.59133140e+06 4.95974137e+06 5.03628069e+06
 5.19697450e+06 5.29692834e+06 5.34197155e+06 5.40267887e+06
 5.45941314e+06 5.50638176e+06 5.55828388e+06 5.61738198e+06
 5.68894818e+06 5.79872936e+06 6.00292875e+06 6.20712270e+06
 6.37822718e+06 6.52118406e+06 6.65808302e+06 6.80982801e+06
 6.95525661e+06 7.11598765e+06 7.33207559e+06 7.63042037e+06
 8.01292796e+06 8.49444008e+06 9.05013338e+06 9.76122770e+06
 1.06934197e+07 1.20829552e+07 1.42548181e+07 1.77970849e+07
 2.33660075e+07 3.24905091e+07 4.82940937e+07 7.90348689e+07
 1.44617150e+08 3.14970509e+08 9.46097401e+08 7.45025877e+09
 5.89274985e+09 3.66280493e+09 3.02182746e+09 2.16793144e+09
 1.37802315e+09 8.72565289e+08 6.75984834e+08 5.24953982e+08
 5.15122693e+08 5.14578724e+08 5.13350323e+08 5.09900744e+08
 5.06681371e+08 5.02208585e+08 4.96380243e+08 4.93752051e+08
 4.91804053e+08 4.88638239e+08 4.86569469e+08 4.84261758e+08
 4.81982159e+08 4.78853306e+08 4.75079234e+08 4.70878587e+08
 4.67833735e+08 4.65232713e+08 4.61848027e+08 4.60337110e+08
 4.58963332e+08 4.57845947e+08 4.56254136e+08 4.54649562e+08
 4.53870414e+08 4.52875679e+08 4.51739367e+08 4.51139648e+08
 4.50226440e+08 4.49694918e+08 4.49167616e+08 4.48609948e+08
 4.47914467e+08 4.46990744e+08 4.45218885e+08 4.43071674e+08
 4.42928277e+08 4.42860185e+08 4.42690665e+08 4.42342856e+08
 4.41398460e+08 4.40434068e+08 4.39378117e+08 4.38080530e+08
 4.36900901e+08 4.35779324e+08 4.34223722e+08 4.32189559e+08
 4.29473140e+08 4.25888053e+08 4.21239722e+08 4.14180901e+08
 4.09891888e+08 4.06668793e+08 4.02039458e+08 3.99891147e+08
 3.95662124e+08 3.92216477e+08 3.86338661e+08 3.78991193e+08
 3.75523124e+08 3.72215507e+08 3.67933708e+08 3.65254152e+08
 3.63395686e+08 3.62179077e+08 3.61169304e+08 3.60297133e+08
 3.59524604e+08 3.58853863e+08 3.58163939e+08 3.57371591e+08
 3.57039518e+08 3.56572494e+08 3.56081074e+08 3.55481038e+08
 3.54894428e+08 3.54137202e+08 3.53325376e+08 3.52166175e+08
 3.50365897e+08 3.47193175e+08 3.45810076e+08 3.44168116e+08
 3.43967195e+08 3.43710768e+08 3.43160544e+08 3.41887855e+08
 3.39605786e+08 3.37440697e+08 3.34291366e+08 3.31247321e+08
 3.28563199e+08 3.25841207e+08 3.23795640e+08 3.22949251e+08
 3.22551198e+08 3.22205799e+08 3.21857000e+08 3.21390807e+08
 3.21206396e+08 3.20954440e+08 3.20639062e+08 3.20289692e+08
 3.19938672e+08 3.19474264e+08 3.18267468e+08 3.16765467e+08
 3.15217876e+08 3.14257620e+08 3.13434755e+08 3.12421665e+08
 3.11633063e+08 3.10397342e+08 3.09325980e+08 3.07620796e+08
 3.05525268e+08 3.02629958e+08 2.98952101e+08 2.94211696e+08
 2.88345802e+08 2.81688846e+08 2.74752385e+08 2.67125533e+08
 2.58982349e+08 2.49741530e+08 2.39352573e+08 2.26631591e+08
 2.10109828e+08 1.89681785e+08 1.72713257e+08 1.58369309e+08
 1.46072896e+08 1.34414046e+08 1.29185993e+08 2.40434453e+08
 0.00000000e+00 0.00000000e+00 0.00000000e+00 0.00000000e+00
 0.00000000e+00 0.00000000e+00 0.00000000e+00 0.00000000e+00
 0.00000000e+00 0.00000000e+00 0.00000000e+00 0.00000000e+00
 0.00000000e+00 0.00000000e+00 0.00000000e+00 0.00000000e+00
 0.00000000e+00 0.00000000e+00 0.00000000e+00 0.00000000e+00
 0.00000000e+00 0.00000000e+00 0.00000000e+00 0.00000000e+00
 0.00000000e+00 0.00000000e+00 0.00000000e+00 0.00000000e+00
 0.00000000e+00 0.00000000e+00 0.00000000e+00 0.00000000e+00
 0.00000000e+00 0.00000000e+00 0.00000000e+00 0.00000000e+00
 0.00000000e+00 0.00000000e+00 0.00000000e+00 0.00000000e+00
 0.00000000e+00 0.00000000e+00 0.00000000e+00 0.00000000e+00
 0.00000000e+00 0.00000000e+00 0.00000000e+00 0.00000000e+00
 0.00000000e+00 0.00000000e+00 0.00000000e+00 0.00000000e+00
 0.00000000e+00 0.00000000e+00 0.00000000e+00 0.00000000e+00
 0.00000000e+00 0.00000000e+00 0.00000000e+00 0.00000000e+00
 0.00000000e+00 0.00000000e+00 0.00000000e+00 0.00000000e+00
 0.00000000e+00 0.00000000e+00 0.00000000e+00 0.00000000e+00
 0.00000000e+00 0.00000000e+00 0.00000000e+00 0.00000000e+00
 0.00000000e+00 0.00000000e+00 0.00000000e+00 0.00000000e+00
 0.00000000e+00 0.00000000e+00 0.00000000e+00 0.00000000e+00
 0.00000000e+00 0.00000000e+00 0.00000000e+00 0.00000000e+00
 0.00000000e+00 0.00000000e+00 0.00000000e+00 0.00000000e+00
 0.00000000e+00 0.00000000e+00 0.00000000e+00 0.00000000e+00
 0.00000000e+00 0.00000000e+00 0.00000000e+00 0.00000000e+00
 0.00000000e+00 0.00000000e+00 0.00000000e+00 0.00000000e+00
 0.00000000e+00 0.00000000e+00 0.00000000e+00 0.00000000e+00
 0.00000000e+00 0.00000000e+00 0.00000000e+00 0.00000000e+00
 0.00000000e+00 0.00000000e+00 0.00000000e+00 0.00000000e+00
 0.00000000e+00 0.00000000e+00 0.00000000e+00 0.00000000e+00
 0.00000000e+00 0.00000000e+00 0.00000000e+00 0.00000000e+00
 0.00000000e+00 0.00000000e+00 0.00000000e+00 0.00000000e+00
 0.00000000e+00 0.00000000e+00 0.00000000e+00 0.00000000e+00
 0.00000000e+00 0.00000000e+00 0.00000000e+00 0.00000000e+00
 0.00000000e+00 0.00000000e+00 0.00000000e+00 0.00000000e+00
 0.00000000e+00 0.00000000e+00 0.00000000e+00 0.00000000e+00
 0.00000000e+00 0.00000000e+00 0.00000000e+00 0.00000000e+00
 0.00000000e+00 0.00000000e+00 0.00000000e+00 0.00000000e+00
 0.00000000e+00 0.00000000e+00 0.00000000e+00 0.00000000e+00
 0.00000000e+00 0.00000000e+00 0.00000000e+00 0.00000000e+00
 0.00000000e+00 0.00000000e+00 0.00000000e+00 0.00000000e+00
 0.00000000e+00 0.00000000e+00 0.00000000e+00 0.00000000e+00
 0.00000000e+00 0.00000000e+00 0.00000000e+00 0.00000000e+00
 0.00000000e+00 0.00000000e+00 0.00000000e+00 0.00000000e+00
 0.00000000e+00 0.00000000e+00 0.00000000e+00 0.00000000e+00
 0.00000000e+00 0.00000000e+00 0.00000000e+00 0.00000000e+00
 0.00000000e+00 0.00000000e+00 0.00000000e+00 0.00000000e+00
 0.00000000e+00 0.00000000e+00 0.00000000e+00 0.00000000e+00
 0.00000000e+00 0.00000000e+00 0.00000000e+00 0.00000000e+00
 0.00000000e+00 0.00000000e+00 0.00000000e+00 0.00000000e+00
 0.00000000e+00 0.00000000e+00 0.00000000e+00 0.00000000e+00
 0.00000000e+00 0.00000000e+00 0.00000000e+00 0.00000000e+00
 0.00000000e+00 0.00000000e+00 0.00000000e+00 0.00000000e+00
 0.00000000e+00 0.00000000e+00 0.00000000e+00 0.00000000e+00
 0.00000000e+00 0.00000000e+00 0.00000000e+00 0.00000000e+00
 0.00000000e+00 0.00000000e+00 0.00000000e+00 0.00000000e+00
 0.00000000e+00 0.00000000e+00 0.00000000e+00 0.00000000e+00
 0.00000000e+00 0.00000000e+00 0.00000000e+00 0.00000000e+00
 0.00000000e+00 0.00000000e+00 0.00000000e+00 0.00000000e+00
 0.00000000e+00 0.00000000e+00 0.00000000e+00 0.00000000e+00
 0.00000000e+00 0.00000000e+00 0.00000000e+00 0.00000000e+00
 0.00000000e+00 0.00000000e+00 0.00000000e+00 0.00000000e+00
 0.00000000e+00 0.00000000e+00 0.00000000e+00 0.00000000e+00
 0.00000000e+00 0.00000000e+00 0.00000000e+00 0.00000000e+00
 0.00000000e+00 0.00000000e+00 0.00000000e+00 0.00000000e+00
 0.00000000e+00 0.00000000e+00 0.00000000e+00]
[WARNING]: Quasi-static verification failed
[WARNING]: Max normalized derivatives: dVg/dt=2.50e+11, dVd/dt=0.00e+00, dId/dt=7.45e+09

  ngspice: ✓ PASS  (34.7s)

✓ Benchmark completed: /home/duhaochen/website-trial-v1/data/spice-model-benchmark/fa1033083b0626d930bc9493490d7484/ngspice
