$ /usr/bin/time -v -o /home/duhaochen/website-trial-v1/data/spice-model-benchmark/38f72ebedcabaf9e84bb57e192c0504e/ngspice/resource.txt /usr/bin/python -m spice_model_benchmark.cli /home/duhaochen/pipeline_full_collection/benchmark-inputs/38f72ebedcabaf9e84bb57e192c0504e/ngspice.lib --simulator ngspice --modes dc transient ac noise --output-dir /home/duhaochen/website-trial-v1/data/spice-model-benchmark/38f72ebedcabaf9e84bb57e192c0504e --dpi 120 --log-level WARNING
/home/duhaochen/spice_model_benchmark/src/spice_model_benchmark/verification_manager.py:1557: RuntimeWarning: divide by zero encountered in divide
  tc = np.mean((d_ids / d_temp) / np.abs(i_ds[:-1]))
SPICE Model Benchmark: /home/duhaochen/pipeline_full_collection/benchmark-inputs/38f72ebedcabaf9e84bb57e192c0504e/ngspice.lib
Simulators: ngspice
Modes: dc, transient, ac, noise
------------------------------------------------------------

============================================================
  Running: NGSPICE
  Output:  /home/duhaochen/website-trial-v1/data/spice-model-benchmark/38f72ebedcabaf9e84bb57e192c0504e/ngspice
============================================================
Vgs range: 0.000V to 1.200V
Ids range: -1.186e-05A to 0.000e+00A
Selected Vgs values: [0.  0.2 0.4 0.6 0.8 1.  1.2]
Vgs=0.000V: Ids range -1.203e-15A to -1.000e-16A
Vgs=0.200V: Ids range -1.634e-15A to 0.000e+00A
Vgs=0.400V: Ids range -1.493e-13A to 0.000e+00A
Vgs=0.600V: Ids range -1.119e-11A to 0.000e+00A
Vgs=0.800V: Ids range -1.737e-09A to 0.000e+00A
Vgs=1.000V: Ids range -2.022e-07A to 0.000e+00A
Vgs=1.200V: Ids range -1.186e-05A to 0.000e+00A
ids_variation: 8.972159245594927
ids_variation <= max_variation: False
tc: inf
abs(tc) <= max_tc: False
[WARNING]: Temperature effects verification failed - effects outside expected range
/home/duhaochen/spice_model_benchmark/src/spice_model_benchmark/verification_manager.py:1817: RuntimeWarning: divide by zero encountered in log
  log_ids = np.log(np.abs(i_ds))
/home/duhaochen/.local/lib/python3.9/site-packages/numpy/lib/function_base.py:2742: RuntimeWarning: invalid value encountered in subtract
  X -= avg[:, None]
/home/duhaochen/spice_model_benchmark/src/spice_model_benchmark/verification_manager.py:1862: RuntimeWarning: divide by zero encountered in divide
  efficiency = np.abs(gm / i_ds)  # Transconductance efficiency
[INFO]: S-parameter analysis plot saved to /home/duhaochen/website-trial-v1/data/spice-model-benchmark/38f72ebedcabaf9e84bb57e192c0504e/ngspice/plots/ac_cv_sparameter_analysis.png
[INFO]: NQS effects plot saved to /home/duhaochen/website-trial-v1/data/spice-model-benchmark/38f72ebedcabaf9e84bb57e192c0504e/ngspice/plots/ac_cv_nqs_effects.png
[INFO]: S-parameter analysis plot saved to /home/duhaochen/website-trial-v1/data/spice-model-benchmark/38f72ebedcabaf9e84bb57e192c0504e/ngspice/plots/ac_cv_sparameter_analysis.png
norm_dvg: [2.50000000e+11 1.25000000e+11 6.25000000e+10 3.12500000e+10
 1.56250000e+10 8.79257431e+09 6.24731498e+09 4.65230038e+09
 3.73029774e+09 3.02305040e+09 2.52468980e+09 2.33035984e+09
 2.24527599e+09 2.17459125e+09 2.09262279e+09 2.03871304e+09
 2.00000062e+09 1.99570898e+09 1.98718502e+09 1.97035081e+09
 1.93752479e+09 1.87504816e+09 1.76144979e+09 1.59256455e+09
 1.44751590e+09 1.22521880e+09 1.14505631e+09 1.09876429e+09
 1.04705837e+09 1.01210052e+09 9.99998776e+08 9.98639991e+08
 9.95933777e+08 9.90561198e+08 9.79989850e+08 9.59509954e+08
 9.21014889e+08 8.52603188e+08 7.42325226e+08 6.38130208e+08
 5.53392794e+08 4.80134214e+08 4.19829406e+08 3.69201987e+08
 3.26245961e+08 3.06684556e+08 2.85560564e+08 2.58905306e+08
 2.18174838e+08 1.85753454e+08 1.61721232e+08 1.43195084e+08
 1.33805271e+08 1.28805934e+08 1.24908611e+08 1.21803161e+08
 1.18330929e+08 1.14120455e+08 1.09809947e+08 1.05430464e+08
 1.01011419e+08 9.80398215e+07 9.52363487e+07 9.52229210e+07
 9.51884422e+07 9.51227182e+07 9.49916270e+07 9.48440133e+07
 9.46835823e+07 9.45120036e+07 9.43949058e+07 9.42108856e+07
 9.40208776e+07 9.36717340e+07 9.34308810e+07 9.32737007e+07
 9.31905238e+07 9.31166627e+07 9.30513785e+07 9.29913794e+07
 9.29334595e+07 9.28688419e+07 9.28104816e+07 9.27447973e+07
 9.26783488e+07 9.26011691e+07 9.25240550e+07 9.24487693e+07
 9.23666000e+07 9.22623781e+07 9.21303210e+07 9.20024869e+07
 9.19181813e+07 9.18362752e+07 9.17474705e+07 9.16828871e+07
 9.16043910e+07 9.15104274e+07 9.13787263e+07 9.12285921e+07
 9.10688366e+07 9.09052144e+07 9.09036004e+07 9.08906840e+07
 9.08634091e+07 9.08126573e+07 9.07090665e+07 9.06474458e+07
 9.06054383e+07 9.05708068e+07 9.05393590e+07 9.05104319e+07
 9.04783881e+07 9.04451355e+07 9.03994918e+07 9.03751731e+07
 9.03434929e+07 9.03174152e+07 9.02803066e+07 9.02373028e+07
 9.01692365e+07 9.00764655e+07 8.99234604e+07 8.96769166e+07
 8.94407477e+07 8.93014102e+07 8.92039557e+07 8.90863073e+07
 8.89581926e+07 8.88433952e+07 8.87104567e+07 8.85378129e+07
 8.83027141e+07 8.79876399e+07 8.75573180e+07 8.69784040e+07
 8.62127785e+07 8.52592260e+07 8.42794710e+07 8.35203250e+07
 8.33278211e+07 8.33290034e+07 8.33185079e+07 8.32961473e+07
 8.32549019e+07 8.31707591e+07 8.30039812e+07 8.26720274e+07
 8.20159726e+07 8.07347574e+07 7.89657028e+07 7.71583355e+07
 7.49611474e+07 7.25946378e+07 6.95618552e+07 6.58948413e+07
 6.25950892e+07 5.96100495e+07 5.68967548e+07 5.44197109e+07
 5.23521425e+07 5.11490288e+07 0.00000000e+00 0.00000000e+00
 0.00000000e+00 0.00000000e+00 0.00000000e+00 0.00000000e+00
 0.00000000e+00 0.00000000e+00 0.00000000e+00 0.00000000e+00
 0.00000000e+00 0.00000000e+00 0.00000000e+00 0.00000000e+00
 0.00000000e+00 0.00000000e+00 0.00000000e+00 0.00000000e+00
 0.00000000e+00 0.00000000e+00 0.00000000e+00 0.00000000e+00
 0.00000000e+00 0.00000000e+00 0.00000000e+00 0.00000000e+00
 0.00000000e+00 0.00000000e+00 0.00000000e+00 0.00000000e+00
 0.00000000e+00 0.00000000e+00 0.00000000e+00 0.00000000e+00
 0.00000000e+00 0.00000000e+00 0.00000000e+00 0.00000000e+00
 0.00000000e+00 0.00000000e+00 0.00000000e+00 0.00000000e+00
 0.00000000e+00 0.00000000e+00 0.00000000e+00 0.00000000e+00
 0.00000000e+00 0.00000000e+00 0.00000000e+00 0.00000000e+00
 0.00000000e+00 0.00000000e+00 0.00000000e+00 0.00000000e+00
 0.00000000e+00 0.00000000e+00 0.00000000e+00 0.00000000e+00
 0.00000000e+00 0.00000000e+00 0.00000000e+00 0.00000000e+00
 0.00000000e+00 0.00000000e+00 0.00000000e+00 0.00000000e+00
 0.00000000e+00 0.00000000e+00 0.00000000e+00 0.00000000e+00
 0.00000000e+00 0.00000000e+00 0.00000000e+00 0.00000000e+00
 0.00000000e+00 0.00000000e+00 0.00000000e+00 0.00000000e+00
 0.00000000e+00 0.00000000e+00 0.00000000e+00 0.00000000e+00
 0.00000000e+00 0.00000000e+00 0.00000000e+00 0.00000000e+00
 0.00000000e+00 0.00000000e+00 0.00000000e+00 0.00000000e+00
 0.00000000e+00 0.00000000e+00 0.00000000e+00 0.00000000e+00
 0.00000000e+00 0.00000000e+00 0.00000000e+00 0.00000000e+00
 0.00000000e+00 0.00000000e+00 0.00000000e+00 0.00000000e+00
 0.00000000e+00 0.00000000e+00 0.00000000e+00 0.00000000e+00
 0.00000000e+00 0.00000000e+00 0.00000000e+00 0.00000000e+00
 0.00000000e+00 0.00000000e+00 0.00000000e+00 0.00000000e+00
 0.00000000e+00 0.00000000e+00 0.00000000e+00 0.00000000e+00
 0.00000000e+00 0.00000000e+00 0.00000000e+00 0.00000000e+00
 0.00000000e+00 0.00000000e+00 0.00000000e+00 0.00000000e+00
 0.00000000e+00 0.00000000e+00 0.00000000e+00 0.00000000e+00
 0.00000000e+00 0.00000000e+00 0.00000000e+00 0.00000000e+00
 0.00000000e+00 0.00000000e+00 0.00000000e+00 0.00000000e+00
 0.00000000e+00 0.00000000e+00 0.00000000e+00 0.00000000e+00
 0.00000000e+00 0.00000000e+00 0.00000000e+00 0.00000000e+00
 0.00000000e+00 0.00000000e+00 0.00000000e+00 0.00000000e+00
 0.00000000e+00 0.00000000e+00 0.00000000e+00 0.00000000e+00
 0.00000000e+00 0.00000000e+00 0.00000000e+00 0.00000000e+00
 0.00000000e+00 0.00000000e+00 0.00000000e+00 0.00000000e+00]
norm_dvd: [0. 0. 0. 0. 0. 0. 0. 0. 0. 0. 0. 0. 0. 0. 0. 0. 0. 0. 0. 0. 0. 0. 0. 0.
 0. 0. 0. 0. 0. 0. 0. 0. 0. 0. 0. 0. 0. 0. 0. 0. 0. 0. 0. 0. 0. 0. 0. 0.
 0. 0. 0. 0. 0. 0. 0. 0. 0. 0. 0. 0. 0. 0. 0. 0. 0. 0. 0. 0. 0. 0. 0. 0.
 0. 0. 0. 0. 0. 0. 0. 0. 0. 0. 0. 0. 0. 0. 0. 0. 0. 0. 0. 0. 0. 0. 0. 0.
 0. 0. 0. 0. 0. 0. 0. 0. 0. 0. 0. 0. 0. 0. 0. 0. 0. 0. 0. 0. 0. 0. 0. 0.
 0. 0. 0. 0. 0. 0. 0. 0. 0. 0. 0. 0. 0. 0. 0. 0. 0. 0. 0. 0. 0. 0. 0. 0.
 0. 0. 0. 0. 0. 0. 0. 0. 0. 0. 0. 0. 0. 0. 0. 0. 0. 0. 0. 0. 0. 0. 0. 0.
 0. 0. 0. 0. 0. 0. 0. 0. 0. 0. 0. 0. 0. 0. 0. 0. 0. 0. 0. 0. 0. 0. 0. 0.
 0. 0. 0. 0. 0. 0. 0. 0. 0. 0. 0. 0. 0. 0. 0. 0. 0. 0. 0. 0. 0. 0. 0. 0.
 0. 0. 0. 0. 0. 0. 0. 0. 0. 0. 0. 0. 0. 0. 0. 0. 0. 0. 0. 0. 0. 0. 0. 0.
 0. 0. 0. 0. 0. 0. 0. 0. 0. 0. 0. 0. 0. 0. 0. 0. 0. 0. 0. 0. 0. 0. 0. 0.
 0. 0. 0. 0. 0. 0. 0. 0. 0. 0. 0. 0. 0. 0. 0. 0. 0. 0. 0. 0. 0. 0. 0. 0.
 0. 0. 0. 0. 0. 0. 0. 0. 0. 0. 0. 0. 0. 0. 0. 0. 0. 0. 0. 0. 0. 0. 0. 0.
 0. 0. 0. 0. 0. 0. 0. 0. 0. 0. 0. 0.]
norm_did: [0.00000000e+00 0.00000000e+00 0.00000000e+00 0.00000000e+00
 0.00000000e+00 0.00000000e+00 0.00000000e+00 0.00000000e+00
 0.00000000e+00 0.00000000e+00 0.00000000e+00 0.00000000e+00
 0.00000000e+00 0.00000000e+00 0.00000000e+00 0.00000000e+00
 1.24656930e+03 6.23284649e+02 0.00000000e+00 0.00000000e+00
 0.00000000e+00 0.00000000e+00 0.00000000e+00 0.00000000e+00
 0.00000000e+00 0.00000000e+00 0.00000000e+00 0.00000000e+00
 0.00000000e+00 0.00000000e+00 0.00000000e+00 0.00000000e+00
 0.00000000e+00 0.00000000e+00 0.00000000e+00 0.00000000e+00
 0.00000000e+00 0.00000000e+00 0.00000000e+00 0.00000000e+00
 0.00000000e+00 0.00000000e+00 0.00000000e+00 0.00000000e+00
 0.00000000e+00 0.00000000e+00 0.00000000e+00 0.00000000e+00
 0.00000000e+00 0.00000000e+00 0.00000000e+00 0.00000000e+00
 9.23809666e+00 5.53116558e+00 1.96925695e+01 2.22466327e+01
 3.43776201e+01 6.62188356e+01 1.45219081e+02 3.13209299e+02
 9.28762252e+02 1.66551997e+03 1.55530378e+05 4.42278517e+03
 2.94848286e+03 2.85634271e+03 2.94955997e+03 3.07637936e+03
 3.27200840e+03 3.38923204e+03 3.43022409e+03 3.61843862e+03
 3.75113706e+03 4.24069495e+03 4.59117299e+03 4.76873013e+03
 4.58915993e+03 4.80243844e+03 4.77615321e+03 4.81922392e+03
 4.86482407e+03 4.97883587e+03 5.04557794e+03 5.14526619e+03
 5.30901783e+03 5.26478673e+03 5.53222857e+03 5.44703220e+03
 5.69931908e+03 5.75641416e+03 6.05808700e+03 6.29355273e+03
 6.49102257e+03 6.39525192e+03 6.76434629e+03 6.72597826e+03
 6.80905787e+03 7.07585669e+03 7.22375736e+03 7.64575998e+03
 7.99333481e+03 3.42802251e+03 1.37129668e+04 8.14207397e+03
 8.14194350e+03 8.46340324e+03 8.71418530e+03 8.85202307e+03
 8.98340080e+03 8.84991746e+03 9.11357983e+03 9.01876774e+03
 9.17677524e+03 9.12491656e+03 9.47525209e+03 9.58069037e+03
 9.24333678e+03 9.59514254e+03 9.72531766e+03 9.78378190e+03
 9.82331859e+03 1.02131783e+04 1.05969252e+04 1.15519970e+04
 1.28095484e+04 1.30373723e+04 1.29752054e+04 1.33543496e+04
 1.39056242e+04 1.43146876e+04 1.48103680e+04 1.55046007e+04
 1.66128445e+04 1.81605257e+04 2.05701389e+04 2.43687858e+04
 3.06009446e+04 4.17117442e+04 5.97918398e+04 1.08405174e+05
 2.58779504e+05 1.13445073e+05 7.04600135e+04 7.09019705e+04
 7.18995932e+04 7.37825724e+04 7.77708415e+04 8.62870887e+04
 1.05278732e+05 1.59208669e+05 3.06062342e+05 5.57945876e+05
 1.23268982e+06 2.69091074e+06 6.44289971e+06 2.59936566e+07
 8.51093822e+07 1.57245402e+08 5.10316070e+09 1.06246537e+10
 2.61248754e+09 1.67656699e+09 8.46192952e+10 0.00000000e+00
 0.00000000e+00 0.00000000e+00 0.00000000e+00 0.00000000e+00
 0.00000000e+00 0.00000000e+00 0.00000000e+00 0.00000000e+00
 0.00000000e+00 0.00000000e+00 0.00000000e+00 0.00000000e+00
 0.00000000e+00 0.00000000e+00 0.00000000e+00 0.00000000e+00
 0.00000000e+00 0.00000000e+00 0.00000000e+00 0.00000000e+00
 0.00000000e+00 0.00000000e+00 0.00000000e+00 0.00000000e+00
 0.00000000e+00 0.00000000e+00 0.00000000e+00 0.00000000e+00
 0.00000000e+00 0.00000000e+00 0.00000000e+00 0.00000000e+00
 0.00000000e+00 0.00000000e+00 0.00000000e+00 0.00000000e+00
 0.00000000e+00 0.00000000e+00 0.00000000e+00 0.00000000e+00
 0.00000000e+00 0.00000000e+00 0.00000000e+00 0.00000000e+00
 0.00000000e+00 0.00000000e+00 0.00000000e+00 0.00000000e+00
 0.00000000e+00 0.00000000e+00 0.00000000e+00 0.00000000e+00
 0.00000000e+00 0.00000000e+00 0.00000000e+00 0.00000000e+00
 0.00000000e+00 0.00000000e+00 0.00000000e+00 0.00000000e+00
 0.00000000e+00 0.00000000e+00 0.00000000e+00 0.00000000e+00
 0.00000000e+00 0.00000000e+00 0.00000000e+00 0.00000000e+00
 0.00000000e+00 0.00000000e+00 0.00000000e+00 0.00000000e+00
 0.00000000e+00 0.00000000e+00 0.00000000e+00 0.00000000e+00
 0.00000000e+00 0.00000000e+00 0.00000000e+00 0.00000000e+00
 0.00000000e+00 0.00000000e+00 0.00000000e+00 0.00000000e+00
 0.00000000e+00 0.00000000e+00 0.00000000e+00 0.00000000e+00
 0.00000000e+00 0.00000000e+00 0.00000000e+00 0.00000000e+00
 0.00000000e+00 0.00000000e+00 0.00000000e+00 0.00000000e+00
 0.00000000e+00 0.00000000e+00 0.00000000e+00 0.00000000e+00
 0.00000000e+00 0.00000000e+00 0.00000000e+00 0.00000000e+00
 0.00000000e+00 0.00000000e+00 0.00000000e+00 0.00000000e+00
 0.00000000e+00 0.00000000e+00 0.00000000e+00 0.00000000e+00
 0.00000000e+00 0.00000000e+00 0.00000000e+00 0.00000000e+00
 0.00000000e+00 0.00000000e+00 0.00000000e+00 0.00000000e+00
 0.00000000e+00 0.00000000e+00 0.00000000e+00 0.00000000e+00
 0.00000000e+00 0.00000000e+00 0.00000000e+00 0.00000000e+00
 0.00000000e+00 0.00000000e+00 0.00000000e+00 0.00000000e+00
 0.00000000e+00 0.00000000e+00 0.00000000e+00 0.00000000e+00
 0.00000000e+00 0.00000000e+00 0.00000000e+00 0.00000000e+00
 0.00000000e+00 0.00000000e+00 0.00000000e+00 0.00000000e+00
 0.00000000e+00 0.00000000e+00 0.00000000e+00 0.00000000e+00
 0.00000000e+00 0.00000000e+00 0.00000000e+00 0.00000000e+00
 0.00000000e+00 0.00000000e+00 0.00000000e+00 0.00000000e+00
 0.00000000e+00 0.00000000e+00 0.00000000e+00 0.00000000e+00]
[WARNING]: Quasi-static verification failed
[WARNING]: Max normalized derivatives: dVg/dt=2.50e+11, dVd/dt=0.00e+00, dId/dt=8.46e+10

  ngspice: ✓ PASS  (52.0s)

✓ Benchmark completed: /home/duhaochen/website-trial-v1/data/spice-model-benchmark/38f72ebedcabaf9e84bb57e192c0504e/ngspice
