
6. Printing statistics.

=== adder_top ===

        +----------Local Count, excluding submodules.
        |        +-Local Area, excluding submodules.
        |        | 
      176        - wires
      269        - wire bits
        5        - public wires
       98        - public wire bits
        5        - ports
       98        - port bits
      204 3.86E+03 cells
       15  263.424   gf180mcu_fd_sc_mcu7t5v0__and2_1
        2   43.904   gf180mcu_fd_sc_mcu7t5v0__and3_1
        1   24.147   gf180mcu_fd_sc_mcu7t5v0__and4_1
        4   87.808   gf180mcu_fd_sc_mcu7t5v0__aoi211_1
       16  280.986   gf180mcu_fd_sc_mcu7t5v0__aoi21_1
        2   48.294   gf180mcu_fd_sc_mcu7t5v0__aoi221_1
        6   52.685   gf180mcu_fd_sc_mcu7t5v0__clkinv_1
       42  460.992   gf180mcu_fd_sc_mcu7t5v0__nand2_1
        6   92.198   gf180mcu_fd_sc_mcu7t5v0__nand3_1
        3    59.27   gf180mcu_fd_sc_mcu7t5v0__nand4_1
       16  210.739   gf180mcu_fd_sc_mcu7t5v0__nor2_1
        3   65.856   gf180mcu_fd_sc_mcu7t5v0__nor4_1
        3   65.856   gf180mcu_fd_sc_mcu7t5v0__oai211_1
       18  316.109   gf180mcu_fd_sc_mcu7t5v0__oai21_1
        3   79.027   gf180mcu_fd_sc_mcu7t5v0__oai221_1
        2   43.904   gf180mcu_fd_sc_mcu7t5v0__oai22_1
        4   70.246   gf180mcu_fd_sc_mcu7t5v0__or2_1
        2   43.904   gf180mcu_fd_sc_mcu7t5v0__or3_1
       13  370.989   gf180mcu_fd_sc_mcu7t5v0__xnor2_1
        1   52.685   gf180mcu_fd_sc_mcu7t5v0__xnor3_1
       41 1.08E+03   gf180mcu_fd_sc_mcu7t5v0__xor2_1
        1    50.49   gf180mcu_fd_sc_mcu7t5v0__xor3_1

   Chip area for module '\adder_top': 3863.552000
     of which used for sequential elements: 0.000000 (0.00%)

