OpenSTA 3.1.0 543361765b Copyright (c) 2026, Parallax Software, Inc.
License GPLv3: GNU GPL version 3 <http://gnu.org/licenses/gpl.html>

This is free software, and you are free to change and redistribute it
under certain conditions; type `show_copying' for details. 
This program comes with ABSOLUTELY NO WARRANTY; for details type `show_warranty'.
Startpoint: a[0] (input port clocked by vclk)
Endpoint: sum[30] (output port clocked by vclk)
Path Group: vclk
Path Type: max

        Cap        Slew       Delay        Time   Description
---------------------------------------------------------------------------------------
               0.000000    0.000000    0.000000   clock vclk (rise edge)
                           0.000000    0.000000   clock network delay (ideal)
                           0.000000    0.000000 v input external delay
   0.015104    0.050000    0.000000    0.000000 v a[0] (in)
               0.050000    0.000000    0.000000 v _218_/A1 (gf180mcu_fd_sc_mcu7t5v0__xor2_1)
   0.016462    0.332711    0.531076    0.531076 v _218_/Z (gf180mcu_fd_sc_mcu7t5v0__xor2_1)
               0.332711    0.000000    0.531076 v _221_/A2 (gf180mcu_fd_sc_mcu7t5v0__aoi211_1)
   0.009869    0.777218    0.478260    1.009336 ^ _221_/ZN (gf180mcu_fd_sc_mcu7t5v0__aoi211_1)
               0.777218    0.000000    1.009336 ^ _227_/A1 (gf180mcu_fd_sc_mcu7t5v0__oai211_1)
   0.009653    0.447993    0.290084    1.299421 v _227_/ZN (gf180mcu_fd_sc_mcu7t5v0__oai211_1)
               0.447993    0.000000    1.299421 v _251_/A1 (gf180mcu_fd_sc_mcu7t5v0__aoi21_1)
   0.009323    0.477905    0.358182    1.657603 ^ _251_/ZN (gf180mcu_fd_sc_mcu7t5v0__aoi21_1)
               0.477905    0.000000    1.657603 ^ _253_/B (gf180mcu_fd_sc_mcu7t5v0__oai211_1)
   0.011949    0.444391    0.356314    2.013917 v _253_/ZN (gf180mcu_fd_sc_mcu7t5v0__oai211_1)
               0.444391    0.000000    2.013917 v _256_/A1 (gf180mcu_fd_sc_mcu7t5v0__aoi21_1)
   0.012467    0.571522    0.408706    2.422623 ^ _256_/ZN (gf180mcu_fd_sc_mcu7t5v0__aoi21_1)
               0.571522    0.000000    2.422623 ^ _258_/A1 (gf180mcu_fd_sc_mcu7t5v0__oai21_1)
   0.012369    0.406302    0.240064    2.662687 v _258_/ZN (gf180mcu_fd_sc_mcu7t5v0__oai21_1)
               0.406302    0.000000    2.662687 v _260_/A1 (gf180mcu_fd_sc_mcu7t5v0__aoi21_1)
   0.012467    0.571371    0.396808    3.059495 ^ _260_/ZN (gf180mcu_fd_sc_mcu7t5v0__aoi21_1)
               0.571371    0.000000    3.059495 ^ _264_/A1 (gf180mcu_fd_sc_mcu7t5v0__oai21_1)
   0.012369    0.333876    0.240050    3.299545 v _264_/ZN (gf180mcu_fd_sc_mcu7t5v0__oai21_1)
               0.333876    0.000000    3.299545 v _266_/A1 (gf180mcu_fd_sc_mcu7t5v0__aoi21_1)
   0.012467    0.571497    0.374183    3.673727 ^ _266_/ZN (gf180mcu_fd_sc_mcu7t5v0__aoi21_1)
               0.571497    0.000000    3.673727 ^ _268_/A1 (gf180mcu_fd_sc_mcu7t5v0__oai21_1)
   0.012369    0.406302    0.240062    3.913789 v _268_/ZN (gf180mcu_fd_sc_mcu7t5v0__oai21_1)
               0.406302    0.000000    3.913789 v _271_/A1 (gf180mcu_fd_sc_mcu7t5v0__aoi21_1)
   0.012467    0.574055    0.396807    4.310596 ^ _271_/ZN (gf180mcu_fd_sc_mcu7t5v0__aoi21_1)
               0.574055    0.000000    4.310596 ^ _273_/A1 (gf180mcu_fd_sc_mcu7t5v0__oai21_1)
   0.012369    0.436052    0.240308    4.550904 v _273_/ZN (gf180mcu_fd_sc_mcu7t5v0__oai21_1)
               0.436052    0.000000    4.550904 v _276_/A1 (gf180mcu_fd_sc_mcu7t5v0__aoi21_1)
   0.012467    0.571744    0.406101    4.957005 ^ _276_/ZN (gf180mcu_fd_sc_mcu7t5v0__aoi21_1)
               0.571744    0.000000    4.957005 ^ _278_/A1 (gf180mcu_fd_sc_mcu7t5v0__oai21_1)
   0.012369    0.435979    0.240086    5.197091 v _278_/ZN (gf180mcu_fd_sc_mcu7t5v0__oai21_1)
               0.435979    0.000000    5.197091 v _280_/A1 (gf180mcu_fd_sc_mcu7t5v0__aoi21_1)
   0.012047    0.561178    0.399228    5.596319 ^ _280_/ZN (gf180mcu_fd_sc_mcu7t5v0__aoi21_1)
               0.561178    0.000000    5.596319 ^ _283_/A1 (gf180mcu_fd_sc_mcu7t5v0__oai21_1)
   0.012369    0.331483    0.239070    5.835389 v _283_/ZN (gf180mcu_fd_sc_mcu7t5v0__oai21_1)
               0.331483    0.000000    5.835389 v _285_/A1 (gf180mcu_fd_sc_mcu7t5v0__aoi21_1)
   0.012467    0.571522    0.373435    6.208824 ^ _285_/ZN (gf180mcu_fd_sc_mcu7t5v0__aoi21_1)
               0.571522    0.000000    6.208824 ^ _287_/A1 (gf180mcu_fd_sc_mcu7t5v0__oai21_1)
   0.012369    0.406302    0.240064    6.448888 v _287_/ZN (gf180mcu_fd_sc_mcu7t5v0__oai21_1)
               0.406302    0.000000    6.448888 v _291_/A1 (gf180mcu_fd_sc_mcu7t5v0__aoi21_1)
   0.012047    0.558759    0.389942    6.838830 ^ _291_/ZN (gf180mcu_fd_sc_mcu7t5v0__aoi21_1)
               0.558759    0.000000    6.838830 ^ _294_/A1 (gf180mcu_fd_sc_mcu7t5v0__oai21_1)
   0.012369    0.330915    0.238837    7.077668 v _294_/ZN (gf180mcu_fd_sc_mcu7t5v0__oai21_1)
               0.330915    0.000000    7.077668 v _296_/A1 (gf180mcu_fd_sc_mcu7t5v0__aoi21_1)
   0.012467    0.571371    0.373258    7.450925 ^ _296_/ZN (gf180mcu_fd_sc_mcu7t5v0__aoi21_1)
               0.571371    0.000000    7.450925 ^ _299_/A1 (gf180mcu_fd_sc_mcu7t5v0__oai21_1)
   0.007499    0.341600    0.181809    7.632735 v _299_/ZN (gf180mcu_fd_sc_mcu7t5v0__oai21_1)
               0.341600    0.000000    7.632735 v _301_/A1 (gf180mcu_fd_sc_mcu7t5v0__xor2_1)
   0.010000    0.274696    0.538186    8.170921 v _301_/Z (gf180mcu_fd_sc_mcu7t5v0__xor2_1)
               0.274696    0.000000    8.170921 v sum[30] (out)
                                       8.170921   data arrival time

               0.000000  100.000000  100.000000   clock vclk (rise edge)
                           0.000000  100.000000   clock network delay (ideal)
                           0.000000  100.000000   clock reconvergence pessimism
                           0.000000  100.000000   output external delay
                                     100.000000   data required time
---------------------------------------------------------------------------------------
                                     100.000000   data required time
                                      -8.170921   data arrival time
---------------------------------------------------------------------------------------
                                      91.829079   slack (MET)


Startpoint: a[0] (input port clocked by vclk)
Endpoint: sum[29] (output port clocked by vclk)
Path Group: vclk
Path Type: max

        Cap        Slew       Delay        Time   Description
---------------------------------------------------------------------------------------
               0.000000    0.000000    0.000000   clock vclk (rise edge)
                           0.000000    0.000000   clock network delay (ideal)
                           0.000000    0.000000 v input external delay
   0.015104    0.050000    0.000000    0.000000 v a[0] (in)
               0.050000    0.000000    0.000000 v _218_/A1 (gf180mcu_fd_sc_mcu7t5v0__xor2_1)
   0.016462    0.332711    0.531076    0.531076 v _218_/Z (gf180mcu_fd_sc_mcu7t5v0__xor2_1)
               0.332711    0.000000    0.531076 v _221_/A2 (gf180mcu_fd_sc_mcu7t5v0__aoi211_1)
   0.009869    0.777218    0.478260    1.009336 ^ _221_/ZN (gf180mcu_fd_sc_mcu7t5v0__aoi211_1)
               0.777218    0.000000    1.009336 ^ _227_/A1 (gf180mcu_fd_sc_mcu7t5v0__oai211_1)
   0.009653    0.447993    0.290084    1.299421 v _227_/ZN (gf180mcu_fd_sc_mcu7t5v0__oai211_1)
               0.447993    0.000000    1.299421 v _251_/A1 (gf180mcu_fd_sc_mcu7t5v0__aoi21_1)
   0.009323    0.477905    0.358182    1.657603 ^ _251_/ZN (gf180mcu_fd_sc_mcu7t5v0__aoi21_1)
               0.477905    0.000000    1.657603 ^ _253_/B (gf180mcu_fd_sc_mcu7t5v0__oai211_1)
   0.011949    0.444391    0.356314    2.013917 v _253_/ZN (gf180mcu_fd_sc_mcu7t5v0__oai211_1)
               0.444391    0.000000    2.013917 v _256_/A1 (gf180mcu_fd_sc_mcu7t5v0__aoi21_1)
   0.012467    0.571522    0.408706    2.422623 ^ _256_/ZN (gf180mcu_fd_sc_mcu7t5v0__aoi21_1)
               0.571522    0.000000    2.422623 ^ _258_/A1 (gf180mcu_fd_sc_mcu7t5v0__oai21_1)
   0.012369    0.406302    0.240064    2.662687 v _258_/ZN (gf180mcu_fd_sc_mcu7t5v0__oai21_1)
               0.406302    0.000000    2.662687 v _260_/A1 (gf180mcu_fd_sc_mcu7t5v0__aoi21_1)
   0.012467    0.571371    0.396808    3.059495 ^ _260_/ZN (gf180mcu_fd_sc_mcu7t5v0__aoi21_1)
               0.571371    0.000000    3.059495 ^ _264_/A1 (gf180mcu_fd_sc_mcu7t5v0__oai21_1)
   0.012369    0.333876    0.240050    3.299545 v _264_/ZN (gf180mcu_fd_sc_mcu7t5v0__oai21_1)
               0.333876    0.000000    3.299545 v _266_/A1 (gf180mcu_fd_sc_mcu7t5v0__aoi21_1)
   0.012467    0.571497    0.374183    3.673727 ^ _266_/ZN (gf180mcu_fd_sc_mcu7t5v0__aoi21_1)
               0.571497    0.000000    3.673727 ^ _268_/A1 (gf180mcu_fd_sc_mcu7t5v0__oai21_1)
   0.012369    0.406302    0.240062    3.913789 v _268_/ZN (gf180mcu_fd_sc_mcu7t5v0__oai21_1)
               0.406302    0.000000    3.913789 v _271_/A1 (gf180mcu_fd_sc_mcu7t5v0__aoi21_1)
   0.012467    0.574055    0.396807    4.310596 ^ _271_/ZN (gf180mcu_fd_sc_mcu7t5v0__aoi21_1)
               0.574055    0.000000    4.310596 ^ _273_/A1 (gf180mcu_fd_sc_mcu7t5v0__oai21_1)
   0.012369    0.436052    0.240308    4.550904 v _273_/ZN (gf180mcu_fd_sc_mcu7t5v0__oai21_1)
               0.436052    0.000000    4.550904 v _276_/A1 (gf180mcu_fd_sc_mcu7t5v0__aoi21_1)
   0.012467    0.571744    0.406101    4.957005 ^ _276_/ZN (gf180mcu_fd_sc_mcu7t5v0__aoi21_1)
               0.571744    0.000000    4.957005 ^ _278_/A1 (gf180mcu_fd_sc_mcu7t5v0__oai21_1)
   0.012369    0.435979    0.240086    5.197091 v _278_/ZN (gf180mcu_fd_sc_mcu7t5v0__oai21_1)
               0.435979    0.000000    5.197091 v _280_/A1 (gf180mcu_fd_sc_mcu7t5v0__aoi21_1)
   0.012047    0.561178    0.399228    5.596319 ^ _280_/ZN (gf180mcu_fd_sc_mcu7t5v0__aoi21_1)
               0.561178    0.000000    5.596319 ^ _283_/A1 (gf180mcu_fd_sc_mcu7t5v0__oai21_1)
   0.012369    0.331483    0.239070    5.835389 v _283_/ZN (gf180mcu_fd_sc_mcu7t5v0__oai21_1)
               0.331483    0.000000    5.835389 v _285_/A1 (gf180mcu_fd_sc_mcu7t5v0__aoi21_1)
   0.012467    0.571522    0.373435    6.208824 ^ _285_/ZN (gf180mcu_fd_sc_mcu7t5v0__aoi21_1)
               0.571522    0.000000    6.208824 ^ _287_/A1 (gf180mcu_fd_sc_mcu7t5v0__oai21_1)
   0.012369    0.406302    0.240064    6.448888 v _287_/ZN (gf180mcu_fd_sc_mcu7t5v0__oai21_1)
               0.406302    0.000000    6.448888 v _291_/A1 (gf180mcu_fd_sc_mcu7t5v0__aoi21_1)
   0.012047    0.558759    0.389942    6.838830 ^ _291_/ZN (gf180mcu_fd_sc_mcu7t5v0__aoi21_1)
               0.558759    0.000000    6.838830 ^ _294_/A1 (gf180mcu_fd_sc_mcu7t5v0__oai21_1)
   0.012369    0.330915    0.238837    7.077668 v _294_/ZN (gf180mcu_fd_sc_mcu7t5v0__oai21_1)
               0.330915    0.000000    7.077668 v _296_/A1 (gf180mcu_fd_sc_mcu7t5v0__aoi21_1)
   0.012467    0.571371    0.373258    7.450925 ^ _296_/ZN (gf180mcu_fd_sc_mcu7t5v0__aoi21_1)
               0.571371    0.000000    7.450925 ^ _302_/A1 (gf180mcu_fd_sc_mcu7t5v0__xor2_1)
   0.010000    0.507295    0.501795    7.952721 ^ _302_/Z (gf180mcu_fd_sc_mcu7t5v0__xor2_1)
               0.507295    0.000000    7.952721 ^ sum[29] (out)
                                       7.952721   data arrival time

               0.000000  100.000000  100.000000   clock vclk (rise edge)
                           0.000000  100.000000   clock network delay (ideal)
                           0.000000  100.000000   clock reconvergence pessimism
                           0.000000  100.000000   output external delay
                                     100.000000   data required time
---------------------------------------------------------------------------------------
                                     100.000000   data required time
                                      -7.952721   data arrival time
---------------------------------------------------------------------------------------
                                      92.047272   slack (MET)


Startpoint: a[0] (input port clocked by vclk)
Endpoint: sum[28] (output port clocked by vclk)
Path Group: vclk
Path Type: max

        Cap        Slew       Delay        Time   Description
---------------------------------------------------------------------------------------
               0.000000    0.000000    0.000000   clock vclk (rise edge)
                           0.000000    0.000000   clock network delay (ideal)
                           0.000000    0.000000 v input external delay
   0.015104    0.050000    0.000000    0.000000 v a[0] (in)
               0.050000    0.000000    0.000000 v _218_/A1 (gf180mcu_fd_sc_mcu7t5v0__xor2_1)
   0.016462    0.332711    0.531076    0.531076 v _218_/Z (gf180mcu_fd_sc_mcu7t5v0__xor2_1)
               0.332711    0.000000    0.531076 v _221_/A2 (gf180mcu_fd_sc_mcu7t5v0__aoi211_1)
   0.009869    0.777218    0.478260    1.009336 ^ _221_/ZN (gf180mcu_fd_sc_mcu7t5v0__aoi211_1)
               0.777218    0.000000    1.009336 ^ _227_/A1 (gf180mcu_fd_sc_mcu7t5v0__oai211_1)
   0.009653    0.447993    0.290084    1.299421 v _227_/ZN (gf180mcu_fd_sc_mcu7t5v0__oai211_1)
               0.447993    0.000000    1.299421 v _251_/A1 (gf180mcu_fd_sc_mcu7t5v0__aoi21_1)
   0.009323    0.477905    0.358182    1.657603 ^ _251_/ZN (gf180mcu_fd_sc_mcu7t5v0__aoi21_1)
               0.477905    0.000000    1.657603 ^ _253_/B (gf180mcu_fd_sc_mcu7t5v0__oai211_1)
   0.011949    0.444391    0.356314    2.013917 v _253_/ZN (gf180mcu_fd_sc_mcu7t5v0__oai211_1)
               0.444391    0.000000    2.013917 v _256_/A1 (gf180mcu_fd_sc_mcu7t5v0__aoi21_1)
   0.012467    0.571522    0.408706    2.422623 ^ _256_/ZN (gf180mcu_fd_sc_mcu7t5v0__aoi21_1)
               0.571522    0.000000    2.422623 ^ _258_/A1 (gf180mcu_fd_sc_mcu7t5v0__oai21_1)
   0.012369    0.406302    0.240064    2.662687 v _258_/ZN (gf180mcu_fd_sc_mcu7t5v0__oai21_1)
               0.406302    0.000000    2.662687 v _260_/A1 (gf180mcu_fd_sc_mcu7t5v0__aoi21_1)
   0.012467    0.571371    0.396808    3.059495 ^ _260_/ZN (gf180mcu_fd_sc_mcu7t5v0__aoi21_1)
               0.571371    0.000000    3.059495 ^ _264_/A1 (gf180mcu_fd_sc_mcu7t5v0__oai21_1)
   0.012369    0.333876    0.240050    3.299545 v _264_/ZN (gf180mcu_fd_sc_mcu7t5v0__oai21_1)
               0.333876    0.000000    3.299545 v _266_/A1 (gf180mcu_fd_sc_mcu7t5v0__aoi21_1)
   0.012467    0.571497    0.374183    3.673727 ^ _266_/ZN (gf180mcu_fd_sc_mcu7t5v0__aoi21_1)
               0.571497    0.000000    3.673727 ^ _268_/A1 (gf180mcu_fd_sc_mcu7t5v0__oai21_1)
   0.012369    0.406302    0.240062    3.913789 v _268_/ZN (gf180mcu_fd_sc_mcu7t5v0__oai21_1)
               0.406302    0.000000    3.913789 v _271_/A1 (gf180mcu_fd_sc_mcu7t5v0__aoi21_1)
   0.012467    0.574055    0.396807    4.310596 ^ _271_/ZN (gf180mcu_fd_sc_mcu7t5v0__aoi21_1)
               0.574055    0.000000    4.310596 ^ _273_/A1 (gf180mcu_fd_sc_mcu7t5v0__oai21_1)
   0.012369    0.436052    0.240308    4.550904 v _273_/ZN (gf180mcu_fd_sc_mcu7t5v0__oai21_1)
               0.436052    0.000000    4.550904 v _276_/A1 (gf180mcu_fd_sc_mcu7t5v0__aoi21_1)
   0.012467    0.571744    0.406101    4.957005 ^ _276_/ZN (gf180mcu_fd_sc_mcu7t5v0__aoi21_1)
               0.571744    0.000000    4.957005 ^ _278_/A1 (gf180mcu_fd_sc_mcu7t5v0__oai21_1)
   0.012369    0.435979    0.240086    5.197091 v _278_/ZN (gf180mcu_fd_sc_mcu7t5v0__oai21_1)
               0.435979    0.000000    5.197091 v _280_/A1 (gf180mcu_fd_sc_mcu7t5v0__aoi21_1)
   0.012047    0.561178    0.399228    5.596319 ^ _280_/ZN (gf180mcu_fd_sc_mcu7t5v0__aoi21_1)
               0.561178    0.000000    5.596319 ^ _283_/A1 (gf180mcu_fd_sc_mcu7t5v0__oai21_1)
   0.012369    0.331483    0.239070    5.835389 v _283_/ZN (gf180mcu_fd_sc_mcu7t5v0__oai21_1)
               0.331483    0.000000    5.835389 v _285_/A1 (gf180mcu_fd_sc_mcu7t5v0__aoi21_1)
   0.012467    0.571522    0.373435    6.208824 ^ _285_/ZN (gf180mcu_fd_sc_mcu7t5v0__aoi21_1)
               0.571522    0.000000    6.208824 ^ _287_/A1 (gf180mcu_fd_sc_mcu7t5v0__oai21_1)
   0.012369    0.406302    0.240064    6.448888 v _287_/ZN (gf180mcu_fd_sc_mcu7t5v0__oai21_1)
               0.406302    0.000000    6.448888 v _291_/A1 (gf180mcu_fd_sc_mcu7t5v0__aoi21_1)
   0.012047    0.558759    0.389942    6.838830 ^ _291_/ZN (gf180mcu_fd_sc_mcu7t5v0__aoi21_1)
               0.558759    0.000000    6.838830 ^ _294_/A1 (gf180mcu_fd_sc_mcu7t5v0__oai21_1)
   0.012369    0.330915    0.238837    7.077668 v _294_/ZN (gf180mcu_fd_sc_mcu7t5v0__oai21_1)
               0.330915    0.000000    7.077668 v _303_/A1 (gf180mcu_fd_sc_mcu7t5v0__xor2_1)
   0.010000    0.294668    0.535445    7.613112 v _303_/Z (gf180mcu_fd_sc_mcu7t5v0__xor2_1)
               0.294668    0.000000    7.613112 v sum[28] (out)
                                       7.613112   data arrival time

               0.000000  100.000000  100.000000   clock vclk (rise edge)
                           0.000000  100.000000   clock network delay (ideal)
                           0.000000  100.000000   clock reconvergence pessimism
                           0.000000  100.000000   output external delay
                                     100.000000   data required time
---------------------------------------------------------------------------------------
                                     100.000000   data required time
                                      -7.613112   data arrival time
---------------------------------------------------------------------------------------
                                      92.386887   slack (MET)


Startpoint: a[0] (input port clocked by vclk)
Endpoint: sum[27] (output port clocked by vclk)
Path Group: vclk
Path Type: max

        Cap        Slew       Delay        Time   Description
---------------------------------------------------------------------------------------
               0.000000    0.000000    0.000000   clock vclk (rise edge)
                           0.000000    0.000000   clock network delay (ideal)
                           0.000000    0.000000 v input external delay
   0.015104    0.050000    0.000000    0.000000 v a[0] (in)
               0.050000    0.000000    0.000000 v _218_/A1 (gf180mcu_fd_sc_mcu7t5v0__xor2_1)
   0.016462    0.332711    0.531076    0.531076 v _218_/Z (gf180mcu_fd_sc_mcu7t5v0__xor2_1)
               0.332711    0.000000    0.531076 v _221_/A2 (gf180mcu_fd_sc_mcu7t5v0__aoi211_1)
   0.009869    0.777218    0.478260    1.009336 ^ _221_/ZN (gf180mcu_fd_sc_mcu7t5v0__aoi211_1)
               0.777218    0.000000    1.009336 ^ _227_/A1 (gf180mcu_fd_sc_mcu7t5v0__oai211_1)
   0.009653    0.447993    0.290084    1.299421 v _227_/ZN (gf180mcu_fd_sc_mcu7t5v0__oai211_1)
               0.447993    0.000000    1.299421 v _251_/A1 (gf180mcu_fd_sc_mcu7t5v0__aoi21_1)
   0.009323    0.477905    0.358182    1.657603 ^ _251_/ZN (gf180mcu_fd_sc_mcu7t5v0__aoi21_1)
               0.477905    0.000000    1.657603 ^ _253_/B (gf180mcu_fd_sc_mcu7t5v0__oai211_1)
   0.011949    0.444391    0.356314    2.013917 v _253_/ZN (gf180mcu_fd_sc_mcu7t5v0__oai211_1)
               0.444391    0.000000    2.013917 v _256_/A1 (gf180mcu_fd_sc_mcu7t5v0__aoi21_1)
   0.012467    0.571522    0.408706    2.422623 ^ _256_/ZN (gf180mcu_fd_sc_mcu7t5v0__aoi21_1)
               0.571522    0.000000    2.422623 ^ _258_/A1 (gf180mcu_fd_sc_mcu7t5v0__oai21_1)
   0.012369    0.406302    0.240064    2.662687 v _258_/ZN (gf180mcu_fd_sc_mcu7t5v0__oai21_1)
               0.406302    0.000000    2.662687 v _260_/A1 (gf180mcu_fd_sc_mcu7t5v0__aoi21_1)
   0.012467    0.571371    0.396808    3.059495 ^ _260_/ZN (gf180mcu_fd_sc_mcu7t5v0__aoi21_1)
               0.571371    0.000000    3.059495 ^ _264_/A1 (gf180mcu_fd_sc_mcu7t5v0__oai21_1)
   0.012369    0.333876    0.240050    3.299545 v _264_/ZN (gf180mcu_fd_sc_mcu7t5v0__oai21_1)
               0.333876    0.000000    3.299545 v _266_/A1 (gf180mcu_fd_sc_mcu7t5v0__aoi21_1)
   0.012467    0.571497    0.374183    3.673727 ^ _266_/ZN (gf180mcu_fd_sc_mcu7t5v0__aoi21_1)
               0.571497    0.000000    3.673727 ^ _268_/A1 (gf180mcu_fd_sc_mcu7t5v0__oai21_1)
   0.012369    0.406302    0.240062    3.913789 v _268_/ZN (gf180mcu_fd_sc_mcu7t5v0__oai21_1)
               0.406302    0.000000    3.913789 v _271_/A1 (gf180mcu_fd_sc_mcu7t5v0__aoi21_1)
   0.012467    0.574055    0.396807    4.310596 ^ _271_/ZN (gf180mcu_fd_sc_mcu7t5v0__aoi21_1)
               0.574055    0.000000    4.310596 ^ _273_/A1 (gf180mcu_fd_sc_mcu7t5v0__oai21_1)
   0.012369    0.436052    0.240308    4.550904 v _273_/ZN (gf180mcu_fd_sc_mcu7t5v0__oai21_1)
               0.436052    0.000000    4.550904 v _276_/A1 (gf180mcu_fd_sc_mcu7t5v0__aoi21_1)
   0.012467    0.571744    0.406101    4.957005 ^ _276_/ZN (gf180mcu_fd_sc_mcu7t5v0__aoi21_1)
               0.571744    0.000000    4.957005 ^ _278_/A1 (gf180mcu_fd_sc_mcu7t5v0__oai21_1)
   0.012369    0.435979    0.240086    5.197091 v _278_/ZN (gf180mcu_fd_sc_mcu7t5v0__oai21_1)
               0.435979    0.000000    5.197091 v _280_/A1 (gf180mcu_fd_sc_mcu7t5v0__aoi21_1)
   0.012047    0.561178    0.399228    5.596319 ^ _280_/ZN (gf180mcu_fd_sc_mcu7t5v0__aoi21_1)
               0.561178    0.000000    5.596319 ^ _283_/A1 (gf180mcu_fd_sc_mcu7t5v0__oai21_1)
   0.012369    0.331483    0.239070    5.835389 v _283_/ZN (gf180mcu_fd_sc_mcu7t5v0__oai21_1)
               0.331483    0.000000    5.835389 v _285_/A1 (gf180mcu_fd_sc_mcu7t5v0__aoi21_1)
   0.012467    0.571522    0.373435    6.208824 ^ _285_/ZN (gf180mcu_fd_sc_mcu7t5v0__aoi21_1)
               0.571522    0.000000    6.208824 ^ _287_/A1 (gf180mcu_fd_sc_mcu7t5v0__oai21_1)
   0.012369    0.406302    0.240064    6.448888 v _287_/ZN (gf180mcu_fd_sc_mcu7t5v0__oai21_1)
               0.406302    0.000000    6.448888 v _291_/A1 (gf180mcu_fd_sc_mcu7t5v0__aoi21_1)
   0.012047    0.558759    0.389942    6.838830 ^ _291_/ZN (gf180mcu_fd_sc_mcu7t5v0__aoi21_1)
               0.558759    0.000000    6.838830 ^ _304_/A1 (gf180mcu_fd_sc_mcu7t5v0__xnor2_1)
   0.010000    0.511593    0.449885    7.288716 ^ _304_/ZN (gf180mcu_fd_sc_mcu7t5v0__xnor2_1)
               0.511593    0.000000    7.288716 ^ sum[27] (out)
                                       7.288716   data arrival time

               0.000000  100.000000  100.000000   clock vclk (rise edge)
                           0.000000  100.000000   clock network delay (ideal)
                           0.000000  100.000000   clock reconvergence pessimism
                           0.000000  100.000000   output external delay
                                     100.000000   data required time
---------------------------------------------------------------------------------------
                                     100.000000   data required time
                                      -7.288716   data arrival time
---------------------------------------------------------------------------------------
                                      92.711281   slack (MET)


Startpoint: a[0] (input port clocked by vclk)
Endpoint: sum[26] (output port clocked by vclk)
Path Group: vclk
Path Type: max

        Cap        Slew       Delay        Time   Description
---------------------------------------------------------------------------------------
               0.000000    0.000000    0.000000   clock vclk (rise edge)
                           0.000000    0.000000   clock network delay (ideal)
                           0.000000    0.000000 v input external delay
   0.015104    0.050000    0.000000    0.000000 v a[0] (in)
               0.050000    0.000000    0.000000 v _218_/A1 (gf180mcu_fd_sc_mcu7t5v0__xor2_1)
   0.016462    0.332711    0.531076    0.531076 v _218_/Z (gf180mcu_fd_sc_mcu7t5v0__xor2_1)
               0.332711    0.000000    0.531076 v _221_/A2 (gf180mcu_fd_sc_mcu7t5v0__aoi211_1)
   0.009869    0.777218    0.478260    1.009336 ^ _221_/ZN (gf180mcu_fd_sc_mcu7t5v0__aoi211_1)
               0.777218    0.000000    1.009336 ^ _227_/A1 (gf180mcu_fd_sc_mcu7t5v0__oai211_1)
   0.009653    0.447993    0.290084    1.299421 v _227_/ZN (gf180mcu_fd_sc_mcu7t5v0__oai211_1)
               0.447993    0.000000    1.299421 v _251_/A1 (gf180mcu_fd_sc_mcu7t5v0__aoi21_1)
   0.009323    0.477905    0.358182    1.657603 ^ _251_/ZN (gf180mcu_fd_sc_mcu7t5v0__aoi21_1)
               0.477905    0.000000    1.657603 ^ _253_/B (gf180mcu_fd_sc_mcu7t5v0__oai211_1)
   0.011949    0.444391    0.356314    2.013917 v _253_/ZN (gf180mcu_fd_sc_mcu7t5v0__oai211_1)
               0.444391    0.000000    2.013917 v _256_/A1 (gf180mcu_fd_sc_mcu7t5v0__aoi21_1)
   0.012467    0.571522    0.408706    2.422623 ^ _256_/ZN (gf180mcu_fd_sc_mcu7t5v0__aoi21_1)
               0.571522    0.000000    2.422623 ^ _258_/A1 (gf180mcu_fd_sc_mcu7t5v0__oai21_1)
   0.012369    0.406302    0.240064    2.662687 v _258_/ZN (gf180mcu_fd_sc_mcu7t5v0__oai21_1)
               0.406302    0.000000    2.662687 v _260_/A1 (gf180mcu_fd_sc_mcu7t5v0__aoi21_1)
   0.012467    0.571371    0.396808    3.059495 ^ _260_/ZN (gf180mcu_fd_sc_mcu7t5v0__aoi21_1)
               0.571371    0.000000    3.059495 ^ _264_/A1 (gf180mcu_fd_sc_mcu7t5v0__oai21_1)
   0.012369    0.333876    0.240050    3.299545 v _264_/ZN (gf180mcu_fd_sc_mcu7t5v0__oai21_1)
               0.333876    0.000000    3.299545 v _266_/A1 (gf180mcu_fd_sc_mcu7t5v0__aoi21_1)
   0.012467    0.571497    0.374183    3.673727 ^ _266_/ZN (gf180mcu_fd_sc_mcu7t5v0__aoi21_1)
               0.571497    0.000000    3.673727 ^ _268_/A1 (gf180mcu_fd_sc_mcu7t5v0__oai21_1)
   0.012369    0.406302    0.240062    3.913789 v _268_/ZN (gf180mcu_fd_sc_mcu7t5v0__oai21_1)
               0.406302    0.000000    3.913789 v _271_/A1 (gf180mcu_fd_sc_mcu7t5v0__aoi21_1)
   0.012467    0.574055    0.396807    4.310596 ^ _271_/ZN (gf180mcu_fd_sc_mcu7t5v0__aoi21_1)
               0.574055    0.000000    4.310596 ^ _273_/A1 (gf180mcu_fd_sc_mcu7t5v0__oai21_1)
   0.012369    0.436052    0.240308    4.550904 v _273_/ZN (gf180mcu_fd_sc_mcu7t5v0__oai21_1)
               0.436052    0.000000    4.550904 v _276_/A1 (gf180mcu_fd_sc_mcu7t5v0__aoi21_1)
   0.012467    0.571744    0.406101    4.957005 ^ _276_/ZN (gf180mcu_fd_sc_mcu7t5v0__aoi21_1)
               0.571744    0.000000    4.957005 ^ _278_/A1 (gf180mcu_fd_sc_mcu7t5v0__oai21_1)
   0.012369    0.435979    0.240086    5.197091 v _278_/ZN (gf180mcu_fd_sc_mcu7t5v0__oai21_1)
               0.435979    0.000000    5.197091 v _280_/A1 (gf180mcu_fd_sc_mcu7t5v0__aoi21_1)
   0.012047    0.561178    0.399228    5.596319 ^ _280_/ZN (gf180mcu_fd_sc_mcu7t5v0__aoi21_1)
               0.561178    0.000000    5.596319 ^ _283_/A1 (gf180mcu_fd_sc_mcu7t5v0__oai21_1)
   0.012369    0.331483    0.239070    5.835389 v _283_/ZN (gf180mcu_fd_sc_mcu7t5v0__oai21_1)
               0.331483    0.000000    5.835389 v _285_/A1 (gf180mcu_fd_sc_mcu7t5v0__aoi21_1)
   0.012467    0.571522    0.373435    6.208824 ^ _285_/ZN (gf180mcu_fd_sc_mcu7t5v0__aoi21_1)
               0.571522    0.000000    6.208824 ^ _287_/A1 (gf180mcu_fd_sc_mcu7t5v0__oai21_1)
   0.012369    0.406302    0.240064    6.448888 v _287_/ZN (gf180mcu_fd_sc_mcu7t5v0__oai21_1)
               0.406302    0.000000    6.448888 v _305_/A1 (gf180mcu_fd_sc_mcu7t5v0__xor2_1)
   0.010000    0.290765    0.554790    7.003678 v _305_/Z (gf180mcu_fd_sc_mcu7t5v0__xor2_1)
               0.290765    0.000000    7.003678 v sum[26] (out)
                                       7.003678   data arrival time

               0.000000  100.000000  100.000000   clock vclk (rise edge)
                           0.000000  100.000000   clock network delay (ideal)
                           0.000000  100.000000   clock reconvergence pessimism
                           0.000000  100.000000   output external delay
                                     100.000000   data required time
---------------------------------------------------------------------------------------
                                     100.000000   data required time
                                      -7.003678   data arrival time
---------------------------------------------------------------------------------------
                                      92.996323   slack (MET)


Startpoint: a[0] (input port clocked by vclk)
Endpoint: sum[25] (output port clocked by vclk)
Path Group: vclk
Path Type: max

        Cap        Slew       Delay        Time   Description
---------------------------------------------------------------------------------------
               0.000000    0.000000    0.000000   clock vclk (rise edge)
                           0.000000    0.000000   clock network delay (ideal)
                           0.000000    0.000000 v input external delay
   0.015104    0.050000    0.000000    0.000000 v a[0] (in)
               0.050000    0.000000    0.000000 v _218_/A1 (gf180mcu_fd_sc_mcu7t5v0__xor2_1)
   0.016462    0.332711    0.531076    0.531076 v _218_/Z (gf180mcu_fd_sc_mcu7t5v0__xor2_1)
               0.332711    0.000000    0.531076 v _221_/A2 (gf180mcu_fd_sc_mcu7t5v0__aoi211_1)
   0.009869    0.777218    0.478260    1.009336 ^ _221_/ZN (gf180mcu_fd_sc_mcu7t5v0__aoi211_1)
               0.777218    0.000000    1.009336 ^ _227_/A1 (gf180mcu_fd_sc_mcu7t5v0__oai211_1)
   0.009653    0.447993    0.290084    1.299421 v _227_/ZN (gf180mcu_fd_sc_mcu7t5v0__oai211_1)
               0.447993    0.000000    1.299421 v _251_/A1 (gf180mcu_fd_sc_mcu7t5v0__aoi21_1)
   0.009323    0.477905    0.358182    1.657603 ^ _251_/ZN (gf180mcu_fd_sc_mcu7t5v0__aoi21_1)
               0.477905    0.000000    1.657603 ^ _253_/B (gf180mcu_fd_sc_mcu7t5v0__oai211_1)
   0.011949    0.444391    0.356314    2.013917 v _253_/ZN (gf180mcu_fd_sc_mcu7t5v0__oai211_1)
               0.444391    0.000000    2.013917 v _256_/A1 (gf180mcu_fd_sc_mcu7t5v0__aoi21_1)
   0.012467    0.571522    0.408706    2.422623 ^ _256_/ZN (gf180mcu_fd_sc_mcu7t5v0__aoi21_1)
               0.571522    0.000000    2.422623 ^ _258_/A1 (gf180mcu_fd_sc_mcu7t5v0__oai21_1)
   0.012369    0.406302    0.240064    2.662687 v _258_/ZN (gf180mcu_fd_sc_mcu7t5v0__oai21_1)
               0.406302    0.000000    2.662687 v _260_/A1 (gf180mcu_fd_sc_mcu7t5v0__aoi21_1)
   0.012467    0.571371    0.396808    3.059495 ^ _260_/ZN (gf180mcu_fd_sc_mcu7t5v0__aoi21_1)
               0.571371    0.000000    3.059495 ^ _264_/A1 (gf180mcu_fd_sc_mcu7t5v0__oai21_1)
   0.012369    0.333876    0.240050    3.299545 v _264_/ZN (gf180mcu_fd_sc_mcu7t5v0__oai21_1)
               0.333876    0.000000    3.299545 v _266_/A1 (gf180mcu_fd_sc_mcu7t5v0__aoi21_1)
   0.012467    0.571497    0.374183    3.673727 ^ _266_/ZN (gf180mcu_fd_sc_mcu7t5v0__aoi21_1)
               0.571497    0.000000    3.673727 ^ _268_/A1 (gf180mcu_fd_sc_mcu7t5v0__oai21_1)
   0.012369    0.406302    0.240062    3.913789 v _268_/ZN (gf180mcu_fd_sc_mcu7t5v0__oai21_1)
               0.406302    0.000000    3.913789 v _271_/A1 (gf180mcu_fd_sc_mcu7t5v0__aoi21_1)
   0.012467    0.574055    0.396807    4.310596 ^ _271_/ZN (gf180mcu_fd_sc_mcu7t5v0__aoi21_1)
               0.574055    0.000000    4.310596 ^ _273_/A1 (gf180mcu_fd_sc_mcu7t5v0__oai21_1)
   0.012369    0.436052    0.240308    4.550904 v _273_/ZN (gf180mcu_fd_sc_mcu7t5v0__oai21_1)
               0.436052    0.000000    4.550904 v _276_/A1 (gf180mcu_fd_sc_mcu7t5v0__aoi21_1)
   0.012467    0.571744    0.406101    4.957005 ^ _276_/ZN (gf180mcu_fd_sc_mcu7t5v0__aoi21_1)
               0.571744    0.000000    4.957005 ^ _278_/A1 (gf180mcu_fd_sc_mcu7t5v0__oai21_1)
   0.012369    0.435979    0.240086    5.197091 v _278_/ZN (gf180mcu_fd_sc_mcu7t5v0__oai21_1)
               0.435979    0.000000    5.197091 v _280_/A1 (gf180mcu_fd_sc_mcu7t5v0__aoi21_1)
   0.012047    0.561178    0.399228    5.596319 ^ _280_/ZN (gf180mcu_fd_sc_mcu7t5v0__aoi21_1)
               0.561178    0.000000    5.596319 ^ _283_/A1 (gf180mcu_fd_sc_mcu7t5v0__oai21_1)
   0.012369    0.331483    0.239070    5.835389 v _283_/ZN (gf180mcu_fd_sc_mcu7t5v0__oai21_1)
               0.331483    0.000000    5.835389 v _285_/A1 (gf180mcu_fd_sc_mcu7t5v0__aoi21_1)
   0.012467    0.571522    0.373435    6.208824 ^ _285_/ZN (gf180mcu_fd_sc_mcu7t5v0__aoi21_1)
               0.571522    0.000000    6.208824 ^ _306_/A1 (gf180mcu_fd_sc_mcu7t5v0__xor2_1)
   0.010000    0.507612    0.501801    6.710625 ^ _306_/Z (gf180mcu_fd_sc_mcu7t5v0__xor2_1)
               0.507612    0.000000    6.710625 ^ sum[25] (out)
                                       6.710625   data arrival time

               0.000000  100.000000  100.000000   clock vclk (rise edge)
                           0.000000  100.000000   clock network delay (ideal)
                           0.000000  100.000000   clock reconvergence pessimism
                           0.000000  100.000000   output external delay
                                     100.000000   data required time
---------------------------------------------------------------------------------------
                                     100.000000   data required time
                                      -6.710625   data arrival time
---------------------------------------------------------------------------------------
                                      93.289375   slack (MET)


Startpoint: a[0] (input port clocked by vclk)
Endpoint: sum[24] (output port clocked by vclk)
Path Group: vclk
Path Type: max

        Cap        Slew       Delay        Time   Description
---------------------------------------------------------------------------------------
               0.000000    0.000000    0.000000   clock vclk (rise edge)
                           0.000000    0.000000   clock network delay (ideal)
                           0.000000    0.000000 v input external delay
   0.015104    0.050000    0.000000    0.000000 v a[0] (in)
               0.050000    0.000000    0.000000 v _218_/A1 (gf180mcu_fd_sc_mcu7t5v0__xor2_1)
   0.016462    0.332711    0.531076    0.531076 v _218_/Z (gf180mcu_fd_sc_mcu7t5v0__xor2_1)
               0.332711    0.000000    0.531076 v _221_/A2 (gf180mcu_fd_sc_mcu7t5v0__aoi211_1)
   0.009869    0.777218    0.478260    1.009336 ^ _221_/ZN (gf180mcu_fd_sc_mcu7t5v0__aoi211_1)
               0.777218    0.000000    1.009336 ^ _227_/A1 (gf180mcu_fd_sc_mcu7t5v0__oai211_1)
   0.009653    0.447993    0.290084    1.299421 v _227_/ZN (gf180mcu_fd_sc_mcu7t5v0__oai211_1)
               0.447993    0.000000    1.299421 v _251_/A1 (gf180mcu_fd_sc_mcu7t5v0__aoi21_1)
   0.009323    0.477905    0.358182    1.657603 ^ _251_/ZN (gf180mcu_fd_sc_mcu7t5v0__aoi21_1)
               0.477905    0.000000    1.657603 ^ _253_/B (gf180mcu_fd_sc_mcu7t5v0__oai211_1)
   0.011949    0.444391    0.356314    2.013917 v _253_/ZN (gf180mcu_fd_sc_mcu7t5v0__oai211_1)
               0.444391    0.000000    2.013917 v _256_/A1 (gf180mcu_fd_sc_mcu7t5v0__aoi21_1)
   0.012467    0.571522    0.408706    2.422623 ^ _256_/ZN (gf180mcu_fd_sc_mcu7t5v0__aoi21_1)
               0.571522    0.000000    2.422623 ^ _258_/A1 (gf180mcu_fd_sc_mcu7t5v0__oai21_1)
   0.012369    0.406302    0.240064    2.662687 v _258_/ZN (gf180mcu_fd_sc_mcu7t5v0__oai21_1)
               0.406302    0.000000    2.662687 v _260_/A1 (gf180mcu_fd_sc_mcu7t5v0__aoi21_1)
   0.012467    0.571371    0.396808    3.059495 ^ _260_/ZN (gf180mcu_fd_sc_mcu7t5v0__aoi21_1)
               0.571371    0.000000    3.059495 ^ _264_/A1 (gf180mcu_fd_sc_mcu7t5v0__oai21_1)
   0.012369    0.333876    0.240050    3.299545 v _264_/ZN (gf180mcu_fd_sc_mcu7t5v0__oai21_1)
               0.333876    0.000000    3.299545 v _266_/A1 (gf180mcu_fd_sc_mcu7t5v0__aoi21_1)
   0.012467    0.571497    0.374183    3.673727 ^ _266_/ZN (gf180mcu_fd_sc_mcu7t5v0__aoi21_1)
               0.571497    0.000000    3.673727 ^ _268_/A1 (gf180mcu_fd_sc_mcu7t5v0__oai21_1)
   0.012369    0.406302    0.240062    3.913789 v _268_/ZN (gf180mcu_fd_sc_mcu7t5v0__oai21_1)
               0.406302    0.000000    3.913789 v _271_/A1 (gf180mcu_fd_sc_mcu7t5v0__aoi21_1)
   0.012467    0.574055    0.396807    4.310596 ^ _271_/ZN (gf180mcu_fd_sc_mcu7t5v0__aoi21_1)
               0.574055    0.000000    4.310596 ^ _273_/A1 (gf180mcu_fd_sc_mcu7t5v0__oai21_1)
   0.012369    0.436052    0.240308    4.550904 v _273_/ZN (gf180mcu_fd_sc_mcu7t5v0__oai21_1)
               0.436052    0.000000    4.550904 v _276_/A1 (gf180mcu_fd_sc_mcu7t5v0__aoi21_1)
   0.012467    0.571744    0.406101    4.957005 ^ _276_/ZN (gf180mcu_fd_sc_mcu7t5v0__aoi21_1)
               0.571744    0.000000    4.957005 ^ _278_/A1 (gf180mcu_fd_sc_mcu7t5v0__oai21_1)
   0.012369    0.435979    0.240086    5.197091 v _278_/ZN (gf180mcu_fd_sc_mcu7t5v0__oai21_1)
               0.435979    0.000000    5.197091 v _280_/A1 (gf180mcu_fd_sc_mcu7t5v0__aoi21_1)
   0.012047    0.561178    0.399228    5.596319 ^ _280_/ZN (gf180mcu_fd_sc_mcu7t5v0__aoi21_1)
               0.561178    0.000000    5.596319 ^ _283_/A1 (gf180mcu_fd_sc_mcu7t5v0__oai21_1)
   0.012369    0.331483    0.239070    5.835389 v _283_/ZN (gf180mcu_fd_sc_mcu7t5v0__oai21_1)
               0.331483    0.000000    5.835389 v _307_/A1 (gf180mcu_fd_sc_mcu7t5v0__xor2_1)
   0.010000    0.294691    0.535590    6.370979 v _307_/Z (gf180mcu_fd_sc_mcu7t5v0__xor2_1)
               0.294691    0.000000    6.370979 v sum[24] (out)
                                       6.370979   data arrival time

               0.000000  100.000000  100.000000   clock vclk (rise edge)
                           0.000000  100.000000   clock network delay (ideal)
                           0.000000  100.000000   clock reconvergence pessimism
                           0.000000  100.000000   output external delay
                                     100.000000   data required time
---------------------------------------------------------------------------------------
                                     100.000000   data required time
                                      -6.370979   data arrival time
---------------------------------------------------------------------------------------
                                      93.629013   slack (MET)


Startpoint: a[0] (input port clocked by vclk)
Endpoint: sum[23] (output port clocked by vclk)
Path Group: vclk
Path Type: max

        Cap        Slew       Delay        Time   Description
---------------------------------------------------------------------------------------
               0.000000    0.000000    0.000000   clock vclk (rise edge)
                           0.000000    0.000000   clock network delay (ideal)
                           0.000000    0.000000 v input external delay
   0.015104    0.050000    0.000000    0.000000 v a[0] (in)
               0.050000    0.000000    0.000000 v _218_/A1 (gf180mcu_fd_sc_mcu7t5v0__xor2_1)
   0.016462    0.332711    0.531076    0.531076 v _218_/Z (gf180mcu_fd_sc_mcu7t5v0__xor2_1)
               0.332711    0.000000    0.531076 v _221_/A2 (gf180mcu_fd_sc_mcu7t5v0__aoi211_1)
   0.009869    0.777218    0.478260    1.009336 ^ _221_/ZN (gf180mcu_fd_sc_mcu7t5v0__aoi211_1)
               0.777218    0.000000    1.009336 ^ _227_/A1 (gf180mcu_fd_sc_mcu7t5v0__oai211_1)
   0.009653    0.447993    0.290084    1.299421 v _227_/ZN (gf180mcu_fd_sc_mcu7t5v0__oai211_1)
               0.447993    0.000000    1.299421 v _251_/A1 (gf180mcu_fd_sc_mcu7t5v0__aoi21_1)
   0.009323    0.477905    0.358182    1.657603 ^ _251_/ZN (gf180mcu_fd_sc_mcu7t5v0__aoi21_1)
               0.477905    0.000000    1.657603 ^ _253_/B (gf180mcu_fd_sc_mcu7t5v0__oai211_1)
   0.011949    0.444391    0.356314    2.013917 v _253_/ZN (gf180mcu_fd_sc_mcu7t5v0__oai211_1)
               0.444391    0.000000    2.013917 v _256_/A1 (gf180mcu_fd_sc_mcu7t5v0__aoi21_1)
   0.012467    0.571522    0.408706    2.422623 ^ _256_/ZN (gf180mcu_fd_sc_mcu7t5v0__aoi21_1)
               0.571522    0.000000    2.422623 ^ _258_/A1 (gf180mcu_fd_sc_mcu7t5v0__oai21_1)
   0.012369    0.406302    0.240064    2.662687 v _258_/ZN (gf180mcu_fd_sc_mcu7t5v0__oai21_1)
               0.406302    0.000000    2.662687 v _260_/A1 (gf180mcu_fd_sc_mcu7t5v0__aoi21_1)
   0.012467    0.571371    0.396808    3.059495 ^ _260_/ZN (gf180mcu_fd_sc_mcu7t5v0__aoi21_1)
               0.571371    0.000000    3.059495 ^ _264_/A1 (gf180mcu_fd_sc_mcu7t5v0__oai21_1)
   0.012369    0.333876    0.240050    3.299545 v _264_/ZN (gf180mcu_fd_sc_mcu7t5v0__oai21_1)
               0.333876    0.000000    3.299545 v _266_/A1 (gf180mcu_fd_sc_mcu7t5v0__aoi21_1)
   0.012467    0.571497    0.374183    3.673727 ^ _266_/ZN (gf180mcu_fd_sc_mcu7t5v0__aoi21_1)
               0.571497    0.000000    3.673727 ^ _268_/A1 (gf180mcu_fd_sc_mcu7t5v0__oai21_1)
   0.012369    0.406302    0.240062    3.913789 v _268_/ZN (gf180mcu_fd_sc_mcu7t5v0__oai21_1)
               0.406302    0.000000    3.913789 v _271_/A1 (gf180mcu_fd_sc_mcu7t5v0__aoi21_1)
   0.012467    0.574055    0.396807    4.310596 ^ _271_/ZN (gf180mcu_fd_sc_mcu7t5v0__aoi21_1)
               0.574055    0.000000    4.310596 ^ _273_/A1 (gf180mcu_fd_sc_mcu7t5v0__oai21_1)
   0.012369    0.436052    0.240308    4.550904 v _273_/ZN (gf180mcu_fd_sc_mcu7t5v0__oai21_1)
               0.436052    0.000000    4.550904 v _276_/A1 (gf180mcu_fd_sc_mcu7t5v0__aoi21_1)
   0.012467    0.571744    0.406101    4.957005 ^ _276_/ZN (gf180mcu_fd_sc_mcu7t5v0__aoi21_1)
               0.571744    0.000000    4.957005 ^ _278_/A1 (gf180mcu_fd_sc_mcu7t5v0__oai21_1)
   0.012369    0.435979    0.240086    5.197091 v _278_/ZN (gf180mcu_fd_sc_mcu7t5v0__oai21_1)
               0.435979    0.000000    5.197091 v _280_/A1 (gf180mcu_fd_sc_mcu7t5v0__aoi21_1)
   0.012047    0.561178    0.399228    5.596319 ^ _280_/ZN (gf180mcu_fd_sc_mcu7t5v0__aoi21_1)
               0.561178    0.000000    5.596319 ^ _308_/A1 (gf180mcu_fd_sc_mcu7t5v0__xnor2_1)
   0.010000    0.512537    0.450029    6.046349 ^ _308_/ZN (gf180mcu_fd_sc_mcu7t5v0__xnor2_1)
               0.512537    0.000000    6.046349 ^ sum[23] (out)
                                       6.046349   data arrival time

               0.000000  100.000000  100.000000   clock vclk (rise edge)
                           0.000000  100.000000   clock network delay (ideal)
                           0.000000  100.000000   clock reconvergence pessimism
                           0.000000  100.000000   output external delay
                                     100.000000   data required time
---------------------------------------------------------------------------------------
                                     100.000000   data required time
                                      -6.046349   data arrival time
---------------------------------------------------------------------------------------
                                      93.953644   slack (MET)


Startpoint: a[0] (input port clocked by vclk)
Endpoint: sum[22] (output port clocked by vclk)
Path Group: vclk
Path Type: max

        Cap        Slew       Delay        Time   Description
---------------------------------------------------------------------------------------
               0.000000    0.000000    0.000000   clock vclk (rise edge)
                           0.000000    0.000000   clock network delay (ideal)
                           0.000000    0.000000 v input external delay
   0.015104    0.050000    0.000000    0.000000 v a[0] (in)
               0.050000    0.000000    0.000000 v _218_/A1 (gf180mcu_fd_sc_mcu7t5v0__xor2_1)
   0.016462    0.332711    0.531076    0.531076 v _218_/Z (gf180mcu_fd_sc_mcu7t5v0__xor2_1)
               0.332711    0.000000    0.531076 v _221_/A2 (gf180mcu_fd_sc_mcu7t5v0__aoi211_1)
   0.009869    0.777218    0.478260    1.009336 ^ _221_/ZN (gf180mcu_fd_sc_mcu7t5v0__aoi211_1)
               0.777218    0.000000    1.009336 ^ _227_/A1 (gf180mcu_fd_sc_mcu7t5v0__oai211_1)
   0.009653    0.447993    0.290084    1.299421 v _227_/ZN (gf180mcu_fd_sc_mcu7t5v0__oai211_1)
               0.447993    0.000000    1.299421 v _251_/A1 (gf180mcu_fd_sc_mcu7t5v0__aoi21_1)
   0.009323    0.477905    0.358182    1.657603 ^ _251_/ZN (gf180mcu_fd_sc_mcu7t5v0__aoi21_1)
               0.477905    0.000000    1.657603 ^ _253_/B (gf180mcu_fd_sc_mcu7t5v0__oai211_1)
   0.011949    0.444391    0.356314    2.013917 v _253_/ZN (gf180mcu_fd_sc_mcu7t5v0__oai211_1)
               0.444391    0.000000    2.013917 v _256_/A1 (gf180mcu_fd_sc_mcu7t5v0__aoi21_1)
   0.012467    0.571522    0.408706    2.422623 ^ _256_/ZN (gf180mcu_fd_sc_mcu7t5v0__aoi21_1)
               0.571522    0.000000    2.422623 ^ _258_/A1 (gf180mcu_fd_sc_mcu7t5v0__oai21_1)
   0.012369    0.406302    0.240064    2.662687 v _258_/ZN (gf180mcu_fd_sc_mcu7t5v0__oai21_1)
               0.406302    0.000000    2.662687 v _260_/A1 (gf180mcu_fd_sc_mcu7t5v0__aoi21_1)
   0.012467    0.571371    0.396808    3.059495 ^ _260_/ZN (gf180mcu_fd_sc_mcu7t5v0__aoi21_1)
               0.571371    0.000000    3.059495 ^ _264_/A1 (gf180mcu_fd_sc_mcu7t5v0__oai21_1)
   0.012369    0.333876    0.240050    3.299545 v _264_/ZN (gf180mcu_fd_sc_mcu7t5v0__oai21_1)
               0.333876    0.000000    3.299545 v _266_/A1 (gf180mcu_fd_sc_mcu7t5v0__aoi21_1)
   0.012467    0.571497    0.374183    3.673727 ^ _266_/ZN (gf180mcu_fd_sc_mcu7t5v0__aoi21_1)
               0.571497    0.000000    3.673727 ^ _268_/A1 (gf180mcu_fd_sc_mcu7t5v0__oai21_1)
   0.012369    0.406302    0.240062    3.913789 v _268_/ZN (gf180mcu_fd_sc_mcu7t5v0__oai21_1)
               0.406302    0.000000    3.913789 v _271_/A1 (gf180mcu_fd_sc_mcu7t5v0__aoi21_1)
   0.012467    0.574055    0.396807    4.310596 ^ _271_/ZN (gf180mcu_fd_sc_mcu7t5v0__aoi21_1)
               0.574055    0.000000    4.310596 ^ _273_/A1 (gf180mcu_fd_sc_mcu7t5v0__oai21_1)
   0.012369    0.436052    0.240308    4.550904 v _273_/ZN (gf180mcu_fd_sc_mcu7t5v0__oai21_1)
               0.436052    0.000000    4.550904 v _276_/A1 (gf180mcu_fd_sc_mcu7t5v0__aoi21_1)
   0.012467    0.571744    0.406101    4.957005 ^ _276_/ZN (gf180mcu_fd_sc_mcu7t5v0__aoi21_1)
               0.571744    0.000000    4.957005 ^ _278_/A1 (gf180mcu_fd_sc_mcu7t5v0__oai21_1)
   0.012369    0.435979    0.240086    5.197091 v _278_/ZN (gf180mcu_fd_sc_mcu7t5v0__oai21_1)
               0.435979    0.000000    5.197091 v _309_/A1 (gf180mcu_fd_sc_mcu7t5v0__xor2_1)
   0.010000    0.332074    0.562406    5.759497 v _309_/Z (gf180mcu_fd_sc_mcu7t5v0__xor2_1)
               0.332074    0.000000    5.759497 v sum[22] (out)
                                       5.759497   data arrival time

               0.000000  100.000000  100.000000   clock vclk (rise edge)
                           0.000000  100.000000   clock network delay (ideal)
                           0.000000  100.000000   clock reconvergence pessimism
                           0.000000  100.000000   output external delay
                                     100.000000   data required time
---------------------------------------------------------------------------------------
                                     100.000000   data required time
                                      -5.759497   data arrival time
---------------------------------------------------------------------------------------
                                      94.240501   slack (MET)


Startpoint: a[0] (input port clocked by vclk)
Endpoint: sum[21] (output port clocked by vclk)
Path Group: vclk
Path Type: max

        Cap        Slew       Delay        Time   Description
---------------------------------------------------------------------------------------
               0.000000    0.000000    0.000000   clock vclk (rise edge)
                           0.000000    0.000000   clock network delay (ideal)
                           0.000000    0.000000 v input external delay
   0.015104    0.050000    0.000000    0.000000 v a[0] (in)
               0.050000    0.000000    0.000000 v _218_/A1 (gf180mcu_fd_sc_mcu7t5v0__xor2_1)
   0.016462    0.332711    0.531076    0.531076 v _218_/Z (gf180mcu_fd_sc_mcu7t5v0__xor2_1)
               0.332711    0.000000    0.531076 v _221_/A2 (gf180mcu_fd_sc_mcu7t5v0__aoi211_1)
   0.009869    0.777218    0.478260    1.009336 ^ _221_/ZN (gf180mcu_fd_sc_mcu7t5v0__aoi211_1)
               0.777218    0.000000    1.009336 ^ _227_/A1 (gf180mcu_fd_sc_mcu7t5v0__oai211_1)
   0.009653    0.447993    0.290084    1.299421 v _227_/ZN (gf180mcu_fd_sc_mcu7t5v0__oai211_1)
               0.447993    0.000000    1.299421 v _251_/A1 (gf180mcu_fd_sc_mcu7t5v0__aoi21_1)
   0.009323    0.477905    0.358182    1.657603 ^ _251_/ZN (gf180mcu_fd_sc_mcu7t5v0__aoi21_1)
               0.477905    0.000000    1.657603 ^ _253_/B (gf180mcu_fd_sc_mcu7t5v0__oai211_1)
   0.011949    0.444391    0.356314    2.013917 v _253_/ZN (gf180mcu_fd_sc_mcu7t5v0__oai211_1)
               0.444391    0.000000    2.013917 v _256_/A1 (gf180mcu_fd_sc_mcu7t5v0__aoi21_1)
   0.012467    0.571522    0.408706    2.422623 ^ _256_/ZN (gf180mcu_fd_sc_mcu7t5v0__aoi21_1)
               0.571522    0.000000    2.422623 ^ _258_/A1 (gf180mcu_fd_sc_mcu7t5v0__oai21_1)
   0.012369    0.406302    0.240064    2.662687 v _258_/ZN (gf180mcu_fd_sc_mcu7t5v0__oai21_1)
               0.406302    0.000000    2.662687 v _260_/A1 (gf180mcu_fd_sc_mcu7t5v0__aoi21_1)
   0.012467    0.571371    0.396808    3.059495 ^ _260_/ZN (gf180mcu_fd_sc_mcu7t5v0__aoi21_1)
               0.571371    0.000000    3.059495 ^ _264_/A1 (gf180mcu_fd_sc_mcu7t5v0__oai21_1)
   0.012369    0.333876    0.240050    3.299545 v _264_/ZN (gf180mcu_fd_sc_mcu7t5v0__oai21_1)
               0.333876    0.000000    3.299545 v _266_/A1 (gf180mcu_fd_sc_mcu7t5v0__aoi21_1)
   0.012467    0.571497    0.374183    3.673727 ^ _266_/ZN (gf180mcu_fd_sc_mcu7t5v0__aoi21_1)
               0.571497    0.000000    3.673727 ^ _268_/A1 (gf180mcu_fd_sc_mcu7t5v0__oai21_1)
   0.012369    0.406302    0.240062    3.913789 v _268_/ZN (gf180mcu_fd_sc_mcu7t5v0__oai21_1)
               0.406302    0.000000    3.913789 v _271_/A1 (gf180mcu_fd_sc_mcu7t5v0__aoi21_1)
   0.012467    0.574055    0.396807    4.310596 ^ _271_/ZN (gf180mcu_fd_sc_mcu7t5v0__aoi21_1)
               0.574055    0.000000    4.310596 ^ _273_/A1 (gf180mcu_fd_sc_mcu7t5v0__oai21_1)
   0.012369    0.436052    0.240308    4.550904 v _273_/ZN (gf180mcu_fd_sc_mcu7t5v0__oai21_1)
               0.436052    0.000000    4.550904 v _276_/A1 (gf180mcu_fd_sc_mcu7t5v0__aoi21_1)
   0.012467    0.571744    0.406101    4.957005 ^ _276_/ZN (gf180mcu_fd_sc_mcu7t5v0__aoi21_1)
               0.571744    0.000000    4.957005 ^ _310_/A1 (gf180mcu_fd_sc_mcu7t5v0__xor2_1)
   0.010000    0.512012    0.501810    5.458815 ^ _310_/Z (gf180mcu_fd_sc_mcu7t5v0__xor2_1)
               0.512012    0.000000    5.458815 ^ sum[21] (out)
                                       5.458815   data arrival time

               0.000000  100.000000  100.000000   clock vclk (rise edge)
                           0.000000  100.000000   clock network delay (ideal)
                           0.000000  100.000000   clock reconvergence pessimism
                           0.000000  100.000000   output external delay
                                     100.000000   data required time
---------------------------------------------------------------------------------------
                                     100.000000   data required time
                                      -5.458815   data arrival time
---------------------------------------------------------------------------------------
                                      94.541183   slack (MET)


Startpoint: a[0] (input port clocked by vclk)
Endpoint: sum[20] (output port clocked by vclk)
Path Group: vclk
Path Type: max

        Cap        Slew       Delay        Time   Description
---------------------------------------------------------------------------------------
               0.000000    0.000000    0.000000   clock vclk (rise edge)
                           0.000000    0.000000   clock network delay (ideal)
                           0.000000    0.000000 v input external delay
   0.015104    0.050000    0.000000    0.000000 v a[0] (in)
               0.050000    0.000000    0.000000 v _218_/A1 (gf180mcu_fd_sc_mcu7t5v0__xor2_1)
   0.016462    0.332711    0.531076    0.531076 v _218_/Z (gf180mcu_fd_sc_mcu7t5v0__xor2_1)
               0.332711    0.000000    0.531076 v _221_/A2 (gf180mcu_fd_sc_mcu7t5v0__aoi211_1)
   0.009869    0.777218    0.478260    1.009336 ^ _221_/ZN (gf180mcu_fd_sc_mcu7t5v0__aoi211_1)
               0.777218    0.000000    1.009336 ^ _227_/A1 (gf180mcu_fd_sc_mcu7t5v0__oai211_1)
   0.009653    0.447993    0.290084    1.299421 v _227_/ZN (gf180mcu_fd_sc_mcu7t5v0__oai211_1)
               0.447993    0.000000    1.299421 v _251_/A1 (gf180mcu_fd_sc_mcu7t5v0__aoi21_1)
   0.009323    0.477905    0.358182    1.657603 ^ _251_/ZN (gf180mcu_fd_sc_mcu7t5v0__aoi21_1)
               0.477905    0.000000    1.657603 ^ _253_/B (gf180mcu_fd_sc_mcu7t5v0__oai211_1)
   0.011949    0.444391    0.356314    2.013917 v _253_/ZN (gf180mcu_fd_sc_mcu7t5v0__oai211_1)
               0.444391    0.000000    2.013917 v _256_/A1 (gf180mcu_fd_sc_mcu7t5v0__aoi21_1)
   0.012467    0.571522    0.408706    2.422623 ^ _256_/ZN (gf180mcu_fd_sc_mcu7t5v0__aoi21_1)
               0.571522    0.000000    2.422623 ^ _258_/A1 (gf180mcu_fd_sc_mcu7t5v0__oai21_1)
   0.012369    0.406302    0.240064    2.662687 v _258_/ZN (gf180mcu_fd_sc_mcu7t5v0__oai21_1)
               0.406302    0.000000    2.662687 v _260_/A1 (gf180mcu_fd_sc_mcu7t5v0__aoi21_1)
   0.012467    0.571371    0.396808    3.059495 ^ _260_/ZN (gf180mcu_fd_sc_mcu7t5v0__aoi21_1)
               0.571371    0.000000    3.059495 ^ _264_/A1 (gf180mcu_fd_sc_mcu7t5v0__oai21_1)
   0.012369    0.333876    0.240050    3.299545 v _264_/ZN (gf180mcu_fd_sc_mcu7t5v0__oai21_1)
               0.333876    0.000000    3.299545 v _266_/A1 (gf180mcu_fd_sc_mcu7t5v0__aoi21_1)
   0.012467    0.571497    0.374183    3.673727 ^ _266_/ZN (gf180mcu_fd_sc_mcu7t5v0__aoi21_1)
               0.571497    0.000000    3.673727 ^ _268_/A1 (gf180mcu_fd_sc_mcu7t5v0__oai21_1)
   0.012369    0.406302    0.240062    3.913789 v _268_/ZN (gf180mcu_fd_sc_mcu7t5v0__oai21_1)
               0.406302    0.000000    3.913789 v _271_/A1 (gf180mcu_fd_sc_mcu7t5v0__aoi21_1)
   0.012467    0.574055    0.396807    4.310596 ^ _271_/ZN (gf180mcu_fd_sc_mcu7t5v0__aoi21_1)
               0.574055    0.000000    4.310596 ^ _273_/A1 (gf180mcu_fd_sc_mcu7t5v0__oai21_1)
   0.012369    0.436052    0.240308    4.550904 v _273_/ZN (gf180mcu_fd_sc_mcu7t5v0__oai21_1)
               0.436052    0.000000    4.550904 v _311_/A1 (gf180mcu_fd_sc_mcu7t5v0__xor2_1)
   0.010000    0.291931    0.562424    5.113328 v _311_/Z (gf180mcu_fd_sc_mcu7t5v0__xor2_1)
               0.291931    0.000000    5.113328 v sum[20] (out)
                                       5.113328   data arrival time

               0.000000  100.000000  100.000000   clock vclk (rise edge)
                           0.000000  100.000000   clock network delay (ideal)
                           0.000000  100.000000   clock reconvergence pessimism
                           0.000000  100.000000   output external delay
                                     100.000000   data required time
---------------------------------------------------------------------------------------
                                     100.000000   data required time
                                      -5.113328   data arrival time
---------------------------------------------------------------------------------------
                                      94.886665   slack (MET)


Startpoint: a[0] (input port clocked by vclk)
Endpoint: sum[19] (output port clocked by vclk)
Path Group: vclk
Path Type: max

        Cap        Slew       Delay        Time   Description
---------------------------------------------------------------------------------------
               0.000000    0.000000    0.000000   clock vclk (rise edge)
                           0.000000    0.000000   clock network delay (ideal)
                           0.000000    0.000000 v input external delay
   0.015104    0.050000    0.000000    0.000000 v a[0] (in)
               0.050000    0.000000    0.000000 v _218_/A1 (gf180mcu_fd_sc_mcu7t5v0__xor2_1)
   0.016462    0.332711    0.531076    0.531076 v _218_/Z (gf180mcu_fd_sc_mcu7t5v0__xor2_1)
               0.332711    0.000000    0.531076 v _221_/A2 (gf180mcu_fd_sc_mcu7t5v0__aoi211_1)
   0.009869    0.777218    0.478260    1.009336 ^ _221_/ZN (gf180mcu_fd_sc_mcu7t5v0__aoi211_1)
               0.777218    0.000000    1.009336 ^ _227_/A1 (gf180mcu_fd_sc_mcu7t5v0__oai211_1)
   0.009653    0.447993    0.290084    1.299421 v _227_/ZN (gf180mcu_fd_sc_mcu7t5v0__oai211_1)
               0.447993    0.000000    1.299421 v _251_/A1 (gf180mcu_fd_sc_mcu7t5v0__aoi21_1)
   0.009323    0.477905    0.358182    1.657603 ^ _251_/ZN (gf180mcu_fd_sc_mcu7t5v0__aoi21_1)
               0.477905    0.000000    1.657603 ^ _253_/B (gf180mcu_fd_sc_mcu7t5v0__oai211_1)
   0.011949    0.444391    0.356314    2.013917 v _253_/ZN (gf180mcu_fd_sc_mcu7t5v0__oai211_1)
               0.444391    0.000000    2.013917 v _256_/A1 (gf180mcu_fd_sc_mcu7t5v0__aoi21_1)
   0.012467    0.571522    0.408706    2.422623 ^ _256_/ZN (gf180mcu_fd_sc_mcu7t5v0__aoi21_1)
               0.571522    0.000000    2.422623 ^ _258_/A1 (gf180mcu_fd_sc_mcu7t5v0__oai21_1)
   0.012369    0.406302    0.240064    2.662687 v _258_/ZN (gf180mcu_fd_sc_mcu7t5v0__oai21_1)
               0.406302    0.000000    2.662687 v _260_/A1 (gf180mcu_fd_sc_mcu7t5v0__aoi21_1)
   0.012467    0.571371    0.396808    3.059495 ^ _260_/ZN (gf180mcu_fd_sc_mcu7t5v0__aoi21_1)
               0.571371    0.000000    3.059495 ^ _264_/A1 (gf180mcu_fd_sc_mcu7t5v0__oai21_1)
   0.012369    0.333876    0.240050    3.299545 v _264_/ZN (gf180mcu_fd_sc_mcu7t5v0__oai21_1)
               0.333876    0.000000    3.299545 v _266_/A1 (gf180mcu_fd_sc_mcu7t5v0__aoi21_1)
   0.012467    0.571497    0.374183    3.673727 ^ _266_/ZN (gf180mcu_fd_sc_mcu7t5v0__aoi21_1)
               0.571497    0.000000    3.673727 ^ _268_/A1 (gf180mcu_fd_sc_mcu7t5v0__oai21_1)
   0.012369    0.406302    0.240062    3.913789 v _268_/ZN (gf180mcu_fd_sc_mcu7t5v0__oai21_1)
               0.406302    0.000000    3.913789 v _271_/A1 (gf180mcu_fd_sc_mcu7t5v0__aoi21_1)
   0.012467    0.574055    0.396807    4.310596 ^ _271_/ZN (gf180mcu_fd_sc_mcu7t5v0__aoi21_1)
               0.574055    0.000000    4.310596 ^ _312_/A1 (gf180mcu_fd_sc_mcu7t5v0__xor2_1)
   0.010000    0.512023    0.501901    4.812497 ^ _312_/Z (gf180mcu_fd_sc_mcu7t5v0__xor2_1)
               0.512023    0.000000    4.812497 ^ sum[19] (out)
                                       4.812497   data arrival time

               0.000000  100.000000  100.000000   clock vclk (rise edge)
                           0.000000  100.000000   clock network delay (ideal)
                           0.000000  100.000000   clock reconvergence pessimism
                           0.000000  100.000000   output external delay
                                     100.000000   data required time
---------------------------------------------------------------------------------------
                                     100.000000   data required time
                                      -4.812497   data arrival time
---------------------------------------------------------------------------------------
                                      95.187500   slack (MET)


Startpoint: a[0] (input port clocked by vclk)
Endpoint: sum[18] (output port clocked by vclk)
Path Group: vclk
Path Type: max

        Cap        Slew       Delay        Time   Description
---------------------------------------------------------------------------------------
               0.000000    0.000000    0.000000   clock vclk (rise edge)
                           0.000000    0.000000   clock network delay (ideal)
                           0.000000    0.000000 v input external delay
   0.015104    0.050000    0.000000    0.000000 v a[0] (in)
               0.050000    0.000000    0.000000 v _218_/A1 (gf180mcu_fd_sc_mcu7t5v0__xor2_1)
   0.016462    0.332711    0.531076    0.531076 v _218_/Z (gf180mcu_fd_sc_mcu7t5v0__xor2_1)
               0.332711    0.000000    0.531076 v _221_/A2 (gf180mcu_fd_sc_mcu7t5v0__aoi211_1)
   0.009869    0.777218    0.478260    1.009336 ^ _221_/ZN (gf180mcu_fd_sc_mcu7t5v0__aoi211_1)
               0.777218    0.000000    1.009336 ^ _227_/A1 (gf180mcu_fd_sc_mcu7t5v0__oai211_1)
   0.009653    0.447993    0.290084    1.299421 v _227_/ZN (gf180mcu_fd_sc_mcu7t5v0__oai211_1)
               0.447993    0.000000    1.299421 v _251_/A1 (gf180mcu_fd_sc_mcu7t5v0__aoi21_1)
   0.009323    0.477905    0.358182    1.657603 ^ _251_/ZN (gf180mcu_fd_sc_mcu7t5v0__aoi21_1)
               0.477905    0.000000    1.657603 ^ _253_/B (gf180mcu_fd_sc_mcu7t5v0__oai211_1)
   0.011949    0.444391    0.356314    2.013917 v _253_/ZN (gf180mcu_fd_sc_mcu7t5v0__oai211_1)
               0.444391    0.000000    2.013917 v _256_/A1 (gf180mcu_fd_sc_mcu7t5v0__aoi21_1)
   0.012467    0.571522    0.408706    2.422623 ^ _256_/ZN (gf180mcu_fd_sc_mcu7t5v0__aoi21_1)
               0.571522    0.000000    2.422623 ^ _258_/A1 (gf180mcu_fd_sc_mcu7t5v0__oai21_1)
   0.012369    0.406302    0.240064    2.662687 v _258_/ZN (gf180mcu_fd_sc_mcu7t5v0__oai21_1)
               0.406302    0.000000    2.662687 v _260_/A1 (gf180mcu_fd_sc_mcu7t5v0__aoi21_1)
   0.012467    0.571371    0.396808    3.059495 ^ _260_/ZN (gf180mcu_fd_sc_mcu7t5v0__aoi21_1)
               0.571371    0.000000    3.059495 ^ _264_/A1 (gf180mcu_fd_sc_mcu7t5v0__oai21_1)
   0.012369    0.333876    0.240050    3.299545 v _264_/ZN (gf180mcu_fd_sc_mcu7t5v0__oai21_1)
               0.333876    0.000000    3.299545 v _266_/A1 (gf180mcu_fd_sc_mcu7t5v0__aoi21_1)
   0.012467    0.571497    0.374183    3.673727 ^ _266_/ZN (gf180mcu_fd_sc_mcu7t5v0__aoi21_1)
               0.571497    0.000000    3.673727 ^ _268_/A1 (gf180mcu_fd_sc_mcu7t5v0__oai21_1)
   0.012369    0.406302    0.240062    3.913789 v _268_/ZN (gf180mcu_fd_sc_mcu7t5v0__oai21_1)
               0.406302    0.000000    3.913789 v _313_/A1 (gf180mcu_fd_sc_mcu7t5v0__xor2_1)
   0.010000    0.312862    0.554790    4.468579 v _313_/Z (gf180mcu_fd_sc_mcu7t5v0__xor2_1)
               0.312862    0.000000    4.468579 v sum[18] (out)
                                       4.468579   data arrival time

               0.000000  100.000000  100.000000   clock vclk (rise edge)
                           0.000000  100.000000   clock network delay (ideal)
                           0.000000  100.000000   clock reconvergence pessimism
                           0.000000  100.000000   output external delay
                                     100.000000   data required time
---------------------------------------------------------------------------------------
                                     100.000000   data required time
                                      -4.468579   data arrival time
---------------------------------------------------------------------------------------
                                      95.531418   slack (MET)


Startpoint: a[0] (input port clocked by vclk)
Endpoint: sum[10] (output port clocked by vclk)
Path Group: vclk
Path Type: max

        Cap        Slew       Delay        Time   Description
---------------------------------------------------------------------------------------
               0.000000    0.000000    0.000000   clock vclk (rise edge)
                           0.000000    0.000000   clock network delay (ideal)
                           0.000000    0.000000 v input external delay
   0.015104    0.050000    0.000000    0.000000 v a[0] (in)
               0.050000    0.000000    0.000000 v _218_/A1 (gf180mcu_fd_sc_mcu7t5v0__xor2_1)
   0.016462    0.332711    0.531076    0.531076 v _218_/Z (gf180mcu_fd_sc_mcu7t5v0__xor2_1)
               0.332711    0.000000    0.531076 v _221_/A2 (gf180mcu_fd_sc_mcu7t5v0__aoi211_1)
   0.009869    0.777218    0.478260    1.009336 ^ _221_/ZN (gf180mcu_fd_sc_mcu7t5v0__aoi211_1)
               0.777218    0.000000    1.009336 ^ _227_/A1 (gf180mcu_fd_sc_mcu7t5v0__oai211_1)
   0.009653    0.447993    0.290084    1.299421 v _227_/ZN (gf180mcu_fd_sc_mcu7t5v0__oai211_1)
               0.447993    0.000000    1.299421 v _230_/B (gf180mcu_fd_sc_mcu7t5v0__oai21_1)
   0.012274    0.509594    0.371800    1.671221 ^ _230_/ZN (gf180mcu_fd_sc_mcu7t5v0__oai21_1)
               0.509594    0.000000    1.671221 ^ _231_/A2 (gf180mcu_fd_sc_mcu7t5v0__oai21_1)
   0.011977    0.362511    0.257399    1.928620 v _231_/ZN (gf180mcu_fd_sc_mcu7t5v0__oai21_1)
               0.362511    0.000000    1.928620 v _232_/A2 (gf180mcu_fd_sc_mcu7t5v0__nand2_1)
   0.004526    0.216908    0.213613    2.142233 ^ _232_/ZN (gf180mcu_fd_sc_mcu7t5v0__nand2_1)
               0.216908    0.000000    2.142233 ^ _233_/A2 (gf180mcu_fd_sc_mcu7t5v0__nand2_1)
   0.011977    0.253330    0.181575    2.323808 v _233_/ZN (gf180mcu_fd_sc_mcu7t5v0__nand2_1)
               0.253330    0.000000    2.323808 v _234_/A2 (gf180mcu_fd_sc_mcu7t5v0__nand2_1)
   0.009298    0.273943    0.231386    2.555194 ^ _234_/ZN (gf180mcu_fd_sc_mcu7t5v0__nand2_1)
               0.273943    0.000000    2.555194 ^ _236_/A2 (gf180mcu_fd_sc_mcu7t5v0__aoi21_1)
   0.007593    0.324557    0.151214    2.706408 v _236_/ZN (gf180mcu_fd_sc_mcu7t5v0__aoi21_1)
               0.324557    0.000000    2.706408 v _237_/A2 (gf180mcu_fd_sc_mcu7t5v0__oai21_1)
   0.010351    0.455676    0.342277    3.048685 ^ _237_/ZN (gf180mcu_fd_sc_mcu7t5v0__oai21_1)
               0.455676    0.000000    3.048685 ^ _238_/A2 (gf180mcu_fd_sc_mcu7t5v0__aoi21_1)
   0.012075    0.333114    0.201520    3.250205 v _238_/ZN (gf180mcu_fd_sc_mcu7t5v0__aoi21_1)
               0.333114    0.000000    3.250205 v _321_/A3 (gf180mcu_fd_sc_mcu7t5v0__or3_1)
   0.002789    0.202213    0.620853    3.871058 v _321_/Z (gf180mcu_fd_sc_mcu7t5v0__or3_1)
               0.202213    0.000000    3.871058 v _322_/A2 (gf180mcu_fd_sc_mcu7t5v0__and2_1)
   0.010000    0.169336    0.330851    4.201909 v _322_/Z (gf180mcu_fd_sc_mcu7t5v0__and2_1)
               0.169336    0.000000    4.201909 v sum[10] (out)
                                       4.201909   data arrival time

               0.000000  100.000000  100.000000   clock vclk (rise edge)
                           0.000000  100.000000   clock network delay (ideal)
                           0.000000  100.000000   clock reconvergence pessimism
                           0.000000  100.000000   output external delay
                                     100.000000   data required time
---------------------------------------------------------------------------------------
                                     100.000000   data required time
                                      -4.201909   data arrival time
---------------------------------------------------------------------------------------
                                      95.798088   slack (MET)


Startpoint: a[0] (input port clocked by vclk)
Endpoint: sum[11] (output port clocked by vclk)
Path Group: vclk
Path Type: max

        Cap        Slew       Delay        Time   Description
---------------------------------------------------------------------------------------
               0.000000    0.000000    0.000000   clock vclk (rise edge)
                           0.000000    0.000000   clock network delay (ideal)
                           0.000000    0.000000 v input external delay
   0.015104    0.050000    0.000000    0.000000 v a[0] (in)
               0.050000    0.000000    0.000000 v _218_/A1 (gf180mcu_fd_sc_mcu7t5v0__xor2_1)
   0.016462    0.332711    0.531076    0.531076 v _218_/Z (gf180mcu_fd_sc_mcu7t5v0__xor2_1)
               0.332711    0.000000    0.531076 v _221_/A2 (gf180mcu_fd_sc_mcu7t5v0__aoi211_1)
   0.009869    0.777218    0.478260    1.009336 ^ _221_/ZN (gf180mcu_fd_sc_mcu7t5v0__aoi211_1)
               0.777218    0.000000    1.009336 ^ _227_/A1 (gf180mcu_fd_sc_mcu7t5v0__oai211_1)
   0.009653    0.447993    0.290084    1.299421 v _227_/ZN (gf180mcu_fd_sc_mcu7t5v0__oai211_1)
               0.447993    0.000000    1.299421 v _230_/B (gf180mcu_fd_sc_mcu7t5v0__oai21_1)
   0.012274    0.509594    0.371800    1.671221 ^ _230_/ZN (gf180mcu_fd_sc_mcu7t5v0__oai21_1)
               0.509594    0.000000    1.671221 ^ _231_/A2 (gf180mcu_fd_sc_mcu7t5v0__oai21_1)
   0.011977    0.362511    0.257399    1.928620 v _231_/ZN (gf180mcu_fd_sc_mcu7t5v0__oai21_1)
               0.362511    0.000000    1.928620 v _232_/A2 (gf180mcu_fd_sc_mcu7t5v0__nand2_1)
   0.004526    0.216908    0.213613    2.142233 ^ _232_/ZN (gf180mcu_fd_sc_mcu7t5v0__nand2_1)
               0.216908    0.000000    2.142233 ^ _233_/A2 (gf180mcu_fd_sc_mcu7t5v0__nand2_1)
   0.011977    0.253330    0.181575    2.323808 v _233_/ZN (gf180mcu_fd_sc_mcu7t5v0__nand2_1)
               0.253330    0.000000    2.323808 v _234_/A2 (gf180mcu_fd_sc_mcu7t5v0__nand2_1)
   0.009298    0.273943    0.231386    2.555194 ^ _234_/ZN (gf180mcu_fd_sc_mcu7t5v0__nand2_1)
               0.273943    0.000000    2.555194 ^ _236_/A2 (gf180mcu_fd_sc_mcu7t5v0__aoi21_1)
   0.007593    0.324557    0.151214    2.706408 v _236_/ZN (gf180mcu_fd_sc_mcu7t5v0__aoi21_1)
               0.324557    0.000000    2.706408 v _237_/A2 (gf180mcu_fd_sc_mcu7t5v0__oai21_1)
   0.010351    0.455676    0.342277    3.048685 ^ _237_/ZN (gf180mcu_fd_sc_mcu7t5v0__oai21_1)
               0.455676    0.000000    3.048685 ^ _238_/A2 (gf180mcu_fd_sc_mcu7t5v0__aoi21_1)
   0.012075    0.333114    0.201520    3.250205 v _238_/ZN (gf180mcu_fd_sc_mcu7t5v0__aoi21_1)
               0.333114    0.000000    3.250205 v _239_/A2 (gf180mcu_fd_sc_mcu7t5v0__oai21_1)
   0.007327    0.371981    0.293789    3.543994 ^ _239_/ZN (gf180mcu_fd_sc_mcu7t5v0__oai21_1)
               0.371981    0.000000    3.543994 ^ _240_/A2 (gf180mcu_fd_sc_mcu7t5v0__nand2_1)
   0.007451    0.202931    0.149813    3.693807 v _240_/ZN (gf180mcu_fd_sc_mcu7t5v0__nand2_1)
               0.202931    0.000000    3.693807 v _320_/A2 (gf180mcu_fd_sc_mcu7t5v0__xor2_1)
   0.010000    0.332898    0.498682    4.192490 v _320_/Z (gf180mcu_fd_sc_mcu7t5v0__xor2_1)
               0.332898    0.000000    4.192490 v sum[11] (out)
                                       4.192490   data arrival time

               0.000000  100.000000  100.000000   clock vclk (rise edge)
                           0.000000  100.000000   clock network delay (ideal)
                           0.000000  100.000000   clock reconvergence pessimism
                           0.000000  100.000000   output external delay
                                     100.000000   data required time
---------------------------------------------------------------------------------------
                                     100.000000   data required time
                                      -4.192490   data arrival time
---------------------------------------------------------------------------------------
                                      95.807510   slack (MET)


Startpoint: a[0] (input port clocked by vclk)
Endpoint: sum[17] (output port clocked by vclk)
Path Group: vclk
Path Type: max

        Cap        Slew       Delay        Time   Description
---------------------------------------------------------------------------------------
               0.000000    0.000000    0.000000   clock vclk (rise edge)
                           0.000000    0.000000   clock network delay (ideal)
                           0.000000    0.000000 v input external delay
   0.015104    0.050000    0.000000    0.000000 v a[0] (in)
               0.050000    0.000000    0.000000 v _218_/A1 (gf180mcu_fd_sc_mcu7t5v0__xor2_1)
   0.016462    0.332711    0.531076    0.531076 v _218_/Z (gf180mcu_fd_sc_mcu7t5v0__xor2_1)
               0.332711    0.000000    0.531076 v _221_/A2 (gf180mcu_fd_sc_mcu7t5v0__aoi211_1)
   0.009869    0.777218    0.478260    1.009336 ^ _221_/ZN (gf180mcu_fd_sc_mcu7t5v0__aoi211_1)
               0.777218    0.000000    1.009336 ^ _227_/A1 (gf180mcu_fd_sc_mcu7t5v0__oai211_1)
   0.009653    0.447993    0.290084    1.299421 v _227_/ZN (gf180mcu_fd_sc_mcu7t5v0__oai211_1)
               0.447993    0.000000    1.299421 v _251_/A1 (gf180mcu_fd_sc_mcu7t5v0__aoi21_1)
   0.009323    0.477905    0.358182    1.657603 ^ _251_/ZN (gf180mcu_fd_sc_mcu7t5v0__aoi21_1)
               0.477905    0.000000    1.657603 ^ _253_/B (gf180mcu_fd_sc_mcu7t5v0__oai211_1)
   0.011949    0.444391    0.356314    2.013917 v _253_/ZN (gf180mcu_fd_sc_mcu7t5v0__oai211_1)
               0.444391    0.000000    2.013917 v _256_/A1 (gf180mcu_fd_sc_mcu7t5v0__aoi21_1)
   0.012467    0.571522    0.408706    2.422623 ^ _256_/ZN (gf180mcu_fd_sc_mcu7t5v0__aoi21_1)
               0.571522    0.000000    2.422623 ^ _258_/A1 (gf180mcu_fd_sc_mcu7t5v0__oai21_1)
   0.012369    0.406302    0.240064    2.662687 v _258_/ZN (gf180mcu_fd_sc_mcu7t5v0__oai21_1)
               0.406302    0.000000    2.662687 v _260_/A1 (gf180mcu_fd_sc_mcu7t5v0__aoi21_1)
   0.012467    0.571371    0.396808    3.059495 ^ _260_/ZN (gf180mcu_fd_sc_mcu7t5v0__aoi21_1)
               0.571371    0.000000    3.059495 ^ _264_/A1 (gf180mcu_fd_sc_mcu7t5v0__oai21_1)
   0.012369    0.333876    0.240050    3.299545 v _264_/ZN (gf180mcu_fd_sc_mcu7t5v0__oai21_1)
               0.333876    0.000000    3.299545 v _266_/A1 (gf180mcu_fd_sc_mcu7t5v0__aoi21_1)
   0.012467    0.571497    0.374183    3.673727 ^ _266_/ZN (gf180mcu_fd_sc_mcu7t5v0__aoi21_1)
               0.571497    0.000000    3.673727 ^ _314_/A1 (gf180mcu_fd_sc_mcu7t5v0__xor2_1)
   0.010000    0.507612    0.501800    4.175528 ^ _314_/Z (gf180mcu_fd_sc_mcu7t5v0__xor2_1)
               0.507612    0.000000    4.175528 ^ sum[17] (out)
                                       4.175528   data arrival time

               0.000000  100.000000  100.000000   clock vclk (rise edge)
                           0.000000  100.000000   clock network delay (ideal)
                           0.000000  100.000000   clock reconvergence pessimism
                           0.000000  100.000000   output external delay
                                     100.000000   data required time
---------------------------------------------------------------------------------------
                                     100.000000   data required time
                                      -4.175528   data arrival time
---------------------------------------------------------------------------------------
                                      95.824471   slack (MET)


Startpoint: a[0] (input port clocked by vclk)
Endpoint: sum[16] (output port clocked by vclk)
Path Group: vclk
Path Type: max

        Cap        Slew       Delay        Time   Description
---------------------------------------------------------------------------------------
               0.000000    0.000000    0.000000   clock vclk (rise edge)
                           0.000000    0.000000   clock network delay (ideal)
                           0.000000    0.000000 v input external delay
   0.015104    0.050000    0.000000    0.000000 v a[0] (in)
               0.050000    0.000000    0.000000 v _218_/A1 (gf180mcu_fd_sc_mcu7t5v0__xor2_1)
   0.016462    0.332711    0.531076    0.531076 v _218_/Z (gf180mcu_fd_sc_mcu7t5v0__xor2_1)
               0.332711    0.000000    0.531076 v _221_/A2 (gf180mcu_fd_sc_mcu7t5v0__aoi211_1)
   0.009869    0.777218    0.478260    1.009336 ^ _221_/ZN (gf180mcu_fd_sc_mcu7t5v0__aoi211_1)
               0.777218    0.000000    1.009336 ^ _227_/A1 (gf180mcu_fd_sc_mcu7t5v0__oai211_1)
   0.009653    0.447993    0.290084    1.299421 v _227_/ZN (gf180mcu_fd_sc_mcu7t5v0__oai211_1)
               0.447993    0.000000    1.299421 v _251_/A1 (gf180mcu_fd_sc_mcu7t5v0__aoi21_1)
   0.009323    0.477905    0.358182    1.657603 ^ _251_/ZN (gf180mcu_fd_sc_mcu7t5v0__aoi21_1)
               0.477905    0.000000    1.657603 ^ _253_/B (gf180mcu_fd_sc_mcu7t5v0__oai211_1)
   0.011949    0.444391    0.356314    2.013917 v _253_/ZN (gf180mcu_fd_sc_mcu7t5v0__oai211_1)
               0.444391    0.000000    2.013917 v _256_/A1 (gf180mcu_fd_sc_mcu7t5v0__aoi21_1)
   0.012467    0.571522    0.408706    2.422623 ^ _256_/ZN (gf180mcu_fd_sc_mcu7t5v0__aoi21_1)
               0.571522    0.000000    2.422623 ^ _258_/A1 (gf180mcu_fd_sc_mcu7t5v0__oai21_1)
   0.012369    0.406302    0.240064    2.662687 v _258_/ZN (gf180mcu_fd_sc_mcu7t5v0__oai21_1)
               0.406302    0.000000    2.662687 v _260_/A1 (gf180mcu_fd_sc_mcu7t5v0__aoi21_1)
   0.012467    0.571371    0.396808    3.059495 ^ _260_/ZN (gf180mcu_fd_sc_mcu7t5v0__aoi21_1)
               0.571371    0.000000    3.059495 ^ _264_/A1 (gf180mcu_fd_sc_mcu7t5v0__oai21_1)
   0.012369    0.333876    0.240050    3.299545 v _264_/ZN (gf180mcu_fd_sc_mcu7t5v0__oai21_1)
               0.333876    0.000000    3.299545 v _315_/A1 (gf180mcu_fd_sc_mcu7t5v0__xor2_1)
   0.010000    0.305467    0.536204    3.835749 v _315_/Z (gf180mcu_fd_sc_mcu7t5v0__xor2_1)
               0.305467    0.000000    3.835749 v sum[16] (out)
                                       3.835749   data arrival time

               0.000000  100.000000  100.000000   clock vclk (rise edge)
                           0.000000  100.000000   clock network delay (ideal)
                           0.000000  100.000000   clock reconvergence pessimism
                           0.000000  100.000000   output external delay
                                     100.000000   data required time
---------------------------------------------------------------------------------------
                                     100.000000   data required time
                                      -3.835749   data arrival time
---------------------------------------------------------------------------------------
                                      96.164246   slack (MET)


Startpoint: a[0] (input port clocked by vclk)
Endpoint: sum[8] (output port clocked by vclk)
Path Group: vclk
Path Type: max

        Cap        Slew       Delay        Time   Description
---------------------------------------------------------------------------------------
               0.000000    0.000000    0.000000   clock vclk (rise edge)
                           0.000000    0.000000   clock network delay (ideal)
                           0.000000    0.000000 v input external delay
   0.015104    0.050000    0.000000    0.000000 v a[0] (in)
               0.050000    0.000000    0.000000 v _218_/A1 (gf180mcu_fd_sc_mcu7t5v0__xor2_1)
   0.016462    0.332711    0.531076    0.531076 v _218_/Z (gf180mcu_fd_sc_mcu7t5v0__xor2_1)
               0.332711    0.000000    0.531076 v _221_/A2 (gf180mcu_fd_sc_mcu7t5v0__aoi211_1)
   0.009869    0.777218    0.478260    1.009336 ^ _221_/ZN (gf180mcu_fd_sc_mcu7t5v0__aoi211_1)
               0.777218    0.000000    1.009336 ^ _227_/A1 (gf180mcu_fd_sc_mcu7t5v0__oai211_1)
   0.009653    0.447993    0.290084    1.299421 v _227_/ZN (gf180mcu_fd_sc_mcu7t5v0__oai211_1)
               0.447993    0.000000    1.299421 v _230_/B (gf180mcu_fd_sc_mcu7t5v0__oai21_1)
   0.012274    0.509594    0.371800    1.671221 ^ _230_/ZN (gf180mcu_fd_sc_mcu7t5v0__oai21_1)
               0.509594    0.000000    1.671221 ^ _231_/A2 (gf180mcu_fd_sc_mcu7t5v0__oai21_1)
   0.011977    0.362511    0.257399    1.928620 v _231_/ZN (gf180mcu_fd_sc_mcu7t5v0__oai21_1)
               0.362511    0.000000    1.928620 v _232_/A2 (gf180mcu_fd_sc_mcu7t5v0__nand2_1)
   0.004526    0.216908    0.213613    2.142233 ^ _232_/ZN (gf180mcu_fd_sc_mcu7t5v0__nand2_1)
               0.216908    0.000000    2.142233 ^ _233_/A2 (gf180mcu_fd_sc_mcu7t5v0__nand2_1)
   0.011977    0.253330    0.181575    2.323808 v _233_/ZN (gf180mcu_fd_sc_mcu7t5v0__nand2_1)
               0.253330    0.000000    2.323808 v _234_/A2 (gf180mcu_fd_sc_mcu7t5v0__nand2_1)
   0.009298    0.273943    0.231386    2.555194 ^ _234_/ZN (gf180mcu_fd_sc_mcu7t5v0__nand2_1)
               0.273943    0.000000    2.555194 ^ _236_/A2 (gf180mcu_fd_sc_mcu7t5v0__aoi21_1)
   0.007593    0.324557    0.151214    2.706408 v _236_/ZN (gf180mcu_fd_sc_mcu7t5v0__aoi21_1)
               0.324557    0.000000    2.706408 v _325_/A3 (gf180mcu_fd_sc_mcu7t5v0__or3_1)
   0.002789    0.202212    0.619423    3.325831 v _325_/Z (gf180mcu_fd_sc_mcu7t5v0__or3_1)
               0.202212    0.000000    3.325831 v _326_/A2 (gf180mcu_fd_sc_mcu7t5v0__and2_1)
   0.010000    0.169336    0.330851    3.656682 v _326_/Z (gf180mcu_fd_sc_mcu7t5v0__and2_1)
               0.169336    0.000000    3.656682 v sum[8] (out)
                                       3.656682   data arrival time

               0.000000  100.000000  100.000000   clock vclk (rise edge)
                           0.000000  100.000000   clock network delay (ideal)
                           0.000000  100.000000   clock reconvergence pessimism
                           0.000000  100.000000   output external delay
                                     100.000000   data required time
---------------------------------------------------------------------------------------
                                     100.000000   data required time
                                      -3.656682   data arrival time
---------------------------------------------------------------------------------------
                                      96.343315   slack (MET)


Startpoint: a[0] (input port clocked by vclk)
Endpoint: sum[9] (output port clocked by vclk)
Path Group: vclk
Path Type: max

        Cap        Slew       Delay        Time   Description
---------------------------------------------------------------------------------------
               0.000000    0.000000    0.000000   clock vclk (rise edge)
                           0.000000    0.000000   clock network delay (ideal)
                           0.000000    0.000000 v input external delay
   0.015104    0.050000    0.000000    0.000000 v a[0] (in)
               0.050000    0.000000    0.000000 v _218_/A1 (gf180mcu_fd_sc_mcu7t5v0__xor2_1)
   0.016462    0.332711    0.531076    0.531076 v _218_/Z (gf180mcu_fd_sc_mcu7t5v0__xor2_1)
               0.332711    0.000000    0.531076 v _221_/A2 (gf180mcu_fd_sc_mcu7t5v0__aoi211_1)
   0.009869    0.777218    0.478260    1.009336 ^ _221_/ZN (gf180mcu_fd_sc_mcu7t5v0__aoi211_1)
               0.777218    0.000000    1.009336 ^ _227_/A1 (gf180mcu_fd_sc_mcu7t5v0__oai211_1)
   0.009653    0.447993    0.290084    1.299421 v _227_/ZN (gf180mcu_fd_sc_mcu7t5v0__oai211_1)
               0.447993    0.000000    1.299421 v _230_/B (gf180mcu_fd_sc_mcu7t5v0__oai21_1)
   0.012274    0.509594    0.371800    1.671221 ^ _230_/ZN (gf180mcu_fd_sc_mcu7t5v0__oai21_1)
               0.509594    0.000000    1.671221 ^ _231_/A2 (gf180mcu_fd_sc_mcu7t5v0__oai21_1)
   0.011977    0.362511    0.257399    1.928620 v _231_/ZN (gf180mcu_fd_sc_mcu7t5v0__oai21_1)
               0.362511    0.000000    1.928620 v _232_/A2 (gf180mcu_fd_sc_mcu7t5v0__nand2_1)
   0.004526    0.216908    0.213613    2.142233 ^ _232_/ZN (gf180mcu_fd_sc_mcu7t5v0__nand2_1)
               0.216908    0.000000    2.142233 ^ _233_/A2 (gf180mcu_fd_sc_mcu7t5v0__nand2_1)
   0.011977    0.253330    0.181575    2.323808 v _233_/ZN (gf180mcu_fd_sc_mcu7t5v0__nand2_1)
               0.253330    0.000000    2.323808 v _234_/A2 (gf180mcu_fd_sc_mcu7t5v0__nand2_1)
   0.009298    0.273943    0.231386    2.555194 ^ _234_/ZN (gf180mcu_fd_sc_mcu7t5v0__nand2_1)
               0.273943    0.000000    2.555194 ^ _236_/A2 (gf180mcu_fd_sc_mcu7t5v0__aoi21_1)
   0.007593    0.324557    0.151214    2.706408 v _236_/ZN (gf180mcu_fd_sc_mcu7t5v0__aoi21_1)
               0.324557    0.000000    2.706408 v _237_/A2 (gf180mcu_fd_sc_mcu7t5v0__oai21_1)
   0.010351    0.455676    0.342277    3.048685 ^ _237_/ZN (gf180mcu_fd_sc_mcu7t5v0__oai21_1)
               0.455676    0.000000    3.048685 ^ _323_/A3 (gf180mcu_fd_sc_mcu7t5v0__and3_1)
   0.004243    0.172629    0.394147    3.442831 ^ _323_/Z (gf180mcu_fd_sc_mcu7t5v0__and3_1)
               0.172629    0.000000    3.442831 ^ _324_/A2 (gf180mcu_fd_sc_mcu7t5v0__nor2_1)
   0.010000    0.281038    0.180034    3.622865 v _324_/ZN (gf180mcu_fd_sc_mcu7t5v0__nor2_1)
               0.281038    0.000000    3.622865 v sum[9] (out)
                                       3.622865   data arrival time

               0.000000  100.000000  100.000000   clock vclk (rise edge)
                           0.000000  100.000000   clock network delay (ideal)
                           0.000000  100.000000   clock reconvergence pessimism
                           0.000000  100.000000   output external delay
                                     100.000000   data required time
---------------------------------------------------------------------------------------
                                     100.000000   data required time
                                      -3.622865   data arrival time
---------------------------------------------------------------------------------------
                                      96.377129   slack (MET)


Startpoint: a[0] (input port clocked by vclk)
Endpoint: sum[15] (output port clocked by vclk)
Path Group: vclk
Path Type: max

        Cap        Slew       Delay        Time   Description
---------------------------------------------------------------------------------------
               0.000000    0.000000    0.000000   clock vclk (rise edge)
                           0.000000    0.000000   clock network delay (ideal)
                           0.000000    0.000000 v input external delay
   0.015104    0.050000    0.000000    0.000000 v a[0] (in)
               0.050000    0.000000    0.000000 v _218_/A1 (gf180mcu_fd_sc_mcu7t5v0__xor2_1)
   0.016462    0.332711    0.531076    0.531076 v _218_/Z (gf180mcu_fd_sc_mcu7t5v0__xor2_1)
               0.332711    0.000000    0.531076 v _221_/A2 (gf180mcu_fd_sc_mcu7t5v0__aoi211_1)
   0.009869    0.777218    0.478260    1.009336 ^ _221_/ZN (gf180mcu_fd_sc_mcu7t5v0__aoi211_1)
               0.777218    0.000000    1.009336 ^ _227_/A1 (gf180mcu_fd_sc_mcu7t5v0__oai211_1)
   0.009653    0.447993    0.290084    1.299421 v _227_/ZN (gf180mcu_fd_sc_mcu7t5v0__oai211_1)
               0.447993    0.000000    1.299421 v _251_/A1 (gf180mcu_fd_sc_mcu7t5v0__aoi21_1)
   0.009323    0.477905    0.358182    1.657603 ^ _251_/ZN (gf180mcu_fd_sc_mcu7t5v0__aoi21_1)
               0.477905    0.000000    1.657603 ^ _253_/B (gf180mcu_fd_sc_mcu7t5v0__oai211_1)
   0.011949    0.444391    0.356314    2.013917 v _253_/ZN (gf180mcu_fd_sc_mcu7t5v0__oai211_1)
               0.444391    0.000000    2.013917 v _256_/A1 (gf180mcu_fd_sc_mcu7t5v0__aoi21_1)
   0.012467    0.571522    0.408706    2.422623 ^ _256_/ZN (gf180mcu_fd_sc_mcu7t5v0__aoi21_1)
               0.571522    0.000000    2.422623 ^ _258_/A1 (gf180mcu_fd_sc_mcu7t5v0__oai21_1)
   0.012369    0.406302    0.240064    2.662687 v _258_/ZN (gf180mcu_fd_sc_mcu7t5v0__oai21_1)
               0.406302    0.000000    2.662687 v _260_/A1 (gf180mcu_fd_sc_mcu7t5v0__aoi21_1)
   0.012467    0.571371    0.396808    3.059495 ^ _260_/ZN (gf180mcu_fd_sc_mcu7t5v0__aoi21_1)
               0.571371    0.000000    3.059495 ^ _316_/A1 (gf180mcu_fd_sc_mcu7t5v0__xor2_1)
   0.010000    0.504352    0.501796    3.561290 ^ _316_/Z (gf180mcu_fd_sc_mcu7t5v0__xor2_1)
               0.504352    0.000000    3.561290 ^ sum[15] (out)
                                       3.561290   data arrival time

               0.000000  100.000000  100.000000   clock vclk (rise edge)
                           0.000000  100.000000   clock network delay (ideal)
                           0.000000  100.000000   clock reconvergence pessimism
                           0.000000  100.000000   output external delay
                                     100.000000   data required time
---------------------------------------------------------------------------------------
                                     100.000000   data required time
                                      -3.561290   data arrival time
---------------------------------------------------------------------------------------
                                      96.438705   slack (MET)


