$ /usr/bin/time -v -o /home/duhaochen/website-trial-v1/data/spice-model-benchmark/05309a886a3aac85d7461a8a02ea4280/ngspice/resource.txt /usr/bin/python -m spice_model_benchmark.cli /home/duhaochen/pipeline_full_collection/benchmark-inputs/05309a886a3aac85d7461a8a02ea4280/ngspice.lib --simulator ngspice --modes dc transient ac noise --output-dir /home/duhaochen/website-trial-v1/data/spice-model-benchmark/05309a886a3aac85d7461a8a02ea4280 --dpi 120 --log-level WARNING
/home/duhaochen/spice_model_benchmark/src/spice_model_benchmark/verification_manager.py:1557: RuntimeWarning: divide by zero encountered in divide
  tc = np.mean((d_ids / d_temp) / np.abs(i_ds[:-1]))
SPICE Model Benchmark: /home/duhaochen/pipeline_full_collection/benchmark-inputs/05309a886a3aac85d7461a8a02ea4280/ngspice.lib
Simulators: ngspice
Modes: dc, transient, ac, noise
------------------------------------------------------------

============================================================
  Running: NGSPICE
  Output:  /home/duhaochen/website-trial-v1/data/spice-model-benchmark/05309a886a3aac85d7461a8a02ea4280/ngspice
============================================================
Vgs range: 0.000V to 1.200V
Ids range: -1.945e-03A to 0.000e+00A
Selected Vgs values: [0.  0.2 0.4 0.6 0.8 1.  1.2]
Vgs=0.000V: Ids range -5.640e-11A to -9.049e-16A
Vgs=0.200V: Ids range -5.965e-09A to 0.000e+00A
Vgs=0.400V: Ids range -5.282e-07A to 0.000e+00A
Vgs=0.600V: Ids range -2.625e-05A to 0.000e+00A
Vgs=0.800V: Ids range -3.736e-04A to 0.000e+00A
Vgs=1.000V: Ids range -1.045e-03A to 0.000e+00A
Vgs=1.200V: Ids range -1.945e-03A to 0.000e+00A
ids_variation: 6.733859172210005
ids_variation <= max_variation: False
tc: inf
abs(tc) <= max_tc: False
[WARNING]: Temperature effects verification failed - effects outside expected range
/home/duhaochen/spice_model_benchmark/src/spice_model_benchmark/verification_manager.py:1817: RuntimeWarning: divide by zero encountered in log
  log_ids = np.log(np.abs(i_ds))
/home/duhaochen/.local/lib/python3.9/site-packages/numpy/lib/function_base.py:2742: RuntimeWarning: invalid value encountered in subtract
  X -= avg[:, None]
/home/duhaochen/spice_model_benchmark/src/spice_model_benchmark/verification_manager.py:1862: RuntimeWarning: divide by zero encountered in divide
  efficiency = np.abs(gm / i_ds)  # Transconductance efficiency
[INFO]: S-parameter analysis plot saved to /home/duhaochen/website-trial-v1/data/spice-model-benchmark/05309a886a3aac85d7461a8a02ea4280/ngspice/plots/ac_cv_sparameter_analysis.png
[INFO]: NQS effects plot saved to /home/duhaochen/website-trial-v1/data/spice-model-benchmark/05309a886a3aac85d7461a8a02ea4280/ngspice/plots/ac_cv_nqs_effects.png
[INFO]: S-parameter analysis plot saved to /home/duhaochen/website-trial-v1/data/spice-model-benchmark/05309a886a3aac85d7461a8a02ea4280/ngspice/plots/ac_cv_sparameter_analysis.png
norm_dvg: [2.50000000e+11 1.25000000e+11 6.25000000e+10 3.12500000e+10
 1.56250000e+10 7.81250020e+09 6.78818097e+09 5.37794605e+09
 5.04507155e+09 4.69370564e+09 4.43552326e+09 4.15103750e+09
 3.91229096e+09 3.74312895e+09 3.56049939e+09 3.39121855e+09
 3.21165700e+09 3.03078799e+09 2.86718493e+09 2.70702155e+09
 2.57699019e+09 2.47511568e+09 2.45252988e+09 2.42740027e+09
 2.40651387e+09 2.37803714e+09 2.35238752e+09 2.32431760e+09
 2.30870046e+09 2.29844651e+09 2.28736107e+09 2.27297186e+09
 2.25495030e+09 2.24013206e+09 2.22354091e+09 2.20824282e+09
 2.19729688e+09 2.18302691e+09 2.17012554e+09 2.15708973e+09
 2.14322607e+09 2.12665569e+09 2.10987320e+09 2.08797703e+09
 2.06170726e+09 2.03038471e+09 2.00000134e+09 1.99403140e+09
 1.98220176e+09 1.96425850e+09 1.92932988e+09 1.86307069e+09
 1.76851434e+09 1.67604783e+09 1.58937266e+09 1.49486089e+09
 1.34823968e+09 1.15532545e+09 1.00000119e+09 9.95798879e+08
 9.87501553e+08 9.71315156e+08 9.40483610e+08 8.84342067e+08
 7.90022206e+08 6.51129300e+08 4.81740722e+08 3.47728673e+08
 2.72049221e+08 2.23423475e+08 1.89544519e+08 1.64587233e+08
 1.45437507e+08 1.30279488e+08 1.17982884e+08 1.11085382e+08
 1.03649533e+08 9.92659322e+07 9.52393578e+07 9.52146620e+07
 9.51700371e+07 9.50785520e+07 9.48972850e+07 9.45362320e+07
 9.38224402e+07 9.35179478e+07 9.32690166e+07 9.31066990e+07
 9.29862342e+07 9.28761409e+07 9.27492159e+07 9.26180188e+07
 9.25259809e+07 9.23987351e+07 9.22634570e+07 9.21138276e+07
 9.19501654e+07 9.17947485e+07 9.17312847e+07 9.16907137e+07
 9.16603931e+07 9.16308763e+07 9.15951252e+07 9.15551111e+07
 9.15125631e+07 9.14843641e+07 9.14674118e+07 9.14500756e+07
 9.14295541e+07 9.14086336e+07 9.13843289e+07 9.13593061e+07
 9.13367883e+07 9.13068916e+07 9.12841218e+07 9.12671201e+07
 9.12424049e+07 9.12086690e+07 9.11814467e+07 9.11482849e+07
 9.11166131e+07 9.10721785e+07 9.10180815e+07 9.09625068e+07
 9.09056030e+07 9.08989036e+07 9.08770833e+07 9.08340547e+07
 9.07476843e+07 9.05765190e+07 9.02355796e+07 8.95616182e+07
 8.82432621e+07 8.77255953e+07 8.73410101e+07 8.70851891e+07
 8.68797876e+07 8.66877023e+07 8.64462897e+07 8.62206495e+07
 8.60603268e+07 8.58051845e+07 8.55762659e+07 8.52125268e+07
 8.47158668e+07 8.40189700e+07 8.33333333e+07 8.32845071e+07
 8.31870261e+07 8.29927224e+07 8.26068987e+07 8.18458539e+07
 8.03651186e+07 7.75587146e+07 7.30275748e+07 6.89966484e+07
 6.53874372e+07 6.21370551e+07 5.91945130e+07 5.65180655e+07
 5.40731741e+07 5.19568787e+07 0.00000000e+00 0.00000000e+00
 0.00000000e+00 0.00000000e+00 0.00000000e+00 0.00000000e+00
 0.00000000e+00 0.00000000e+00 0.00000000e+00 0.00000000e+00
 0.00000000e+00 0.00000000e+00 0.00000000e+00 0.00000000e+00
 0.00000000e+00 0.00000000e+00 0.00000000e+00 0.00000000e+00
 0.00000000e+00 0.00000000e+00 0.00000000e+00 0.00000000e+00
 0.00000000e+00 0.00000000e+00 0.00000000e+00 0.00000000e+00
 0.00000000e+00 0.00000000e+00 0.00000000e+00 0.00000000e+00
 0.00000000e+00 0.00000000e+00 0.00000000e+00 0.00000000e+00
 0.00000000e+00 0.00000000e+00 0.00000000e+00 0.00000000e+00
 0.00000000e+00 0.00000000e+00 0.00000000e+00 0.00000000e+00
 0.00000000e+00 0.00000000e+00 0.00000000e+00 0.00000000e+00
 0.00000000e+00 0.00000000e+00 0.00000000e+00 0.00000000e+00
 0.00000000e+00 0.00000000e+00 0.00000000e+00 0.00000000e+00
 0.00000000e+00 0.00000000e+00 0.00000000e+00 0.00000000e+00
 0.00000000e+00 0.00000000e+00 0.00000000e+00 0.00000000e+00
 0.00000000e+00 0.00000000e+00 0.00000000e+00 0.00000000e+00
 0.00000000e+00 0.00000000e+00 0.00000000e+00 0.00000000e+00
 0.00000000e+00 0.00000000e+00 0.00000000e+00 0.00000000e+00
 0.00000000e+00 0.00000000e+00 0.00000000e+00 0.00000000e+00
 0.00000000e+00 0.00000000e+00 0.00000000e+00 0.00000000e+00
 0.00000000e+00 0.00000000e+00 0.00000000e+00 0.00000000e+00
 0.00000000e+00 0.00000000e+00 0.00000000e+00 0.00000000e+00
 0.00000000e+00 0.00000000e+00 0.00000000e+00 0.00000000e+00
 0.00000000e+00 0.00000000e+00 0.00000000e+00 0.00000000e+00
 0.00000000e+00 0.00000000e+00 0.00000000e+00 0.00000000e+00
 0.00000000e+00 0.00000000e+00 0.00000000e+00 0.00000000e+00
 0.00000000e+00 0.00000000e+00 0.00000000e+00 0.00000000e+00
 0.00000000e+00 0.00000000e+00 0.00000000e+00 0.00000000e+00
 0.00000000e+00 0.00000000e+00 0.00000000e+00 0.00000000e+00
 0.00000000e+00 0.00000000e+00 0.00000000e+00 0.00000000e+00
 0.00000000e+00 0.00000000e+00 0.00000000e+00 0.00000000e+00
 0.00000000e+00 0.00000000e+00 0.00000000e+00 0.00000000e+00
 0.00000000e+00 0.00000000e+00 0.00000000e+00 0.00000000e+00
 0.00000000e+00 0.00000000e+00 0.00000000e+00 0.00000000e+00
 0.00000000e+00 0.00000000e+00 0.00000000e+00 0.00000000e+00
 0.00000000e+00 0.00000000e+00 0.00000000e+00 0.00000000e+00
 0.00000000e+00 0.00000000e+00 0.00000000e+00 0.00000000e+00
 0.00000000e+00 0.00000000e+00 0.00000000e+00 0.00000000e+00
 0.00000000e+00 0.00000000e+00 0.00000000e+00]
norm_dvd: [0. 0. 0. 0. 0. 0. 0. 0. 0. 0. 0. 0. 0. 0. 0. 0. 0. 0. 0. 0. 0. 0. 0. 0.
 0. 0. 0. 0. 0. 0. 0. 0. 0. 0. 0. 0. 0. 0. 0. 0. 0. 0. 0. 0. 0. 0. 0. 0.
 0. 0. 0. 0. 0. 0. 0. 0. 0. 0. 0. 0. 0. 0. 0. 0. 0. 0. 0. 0. 0. 0. 0. 0.
 0. 0. 0. 0. 0. 0. 0. 0. 0. 0. 0. 0. 0. 0. 0. 0. 0. 0. 0. 0. 0. 0. 0. 0.
 0. 0. 0. 0. 0. 0. 0. 0. 0. 0. 0. 0. 0. 0. 0. 0. 0. 0. 0. 0. 0. 0. 0. 0.
 0. 0. 0. 0. 0. 0. 0. 0. 0. 0. 0. 0. 0. 0. 0. 0. 0. 0. 0. 0. 0. 0. 0. 0.
 0. 0. 0. 0. 0. 0. 0. 0. 0. 0. 0. 0. 0. 0. 0. 0. 0. 0. 0. 0. 0. 0. 0. 0.
 0. 0. 0. 0. 0. 0. 0. 0. 0. 0. 0. 0. 0. 0. 0. 0. 0. 0. 0. 0. 0. 0. 0. 0.
 0. 0. 0. 0. 0. 0. 0. 0. 0. 0. 0. 0. 0. 0. 0. 0. 0. 0. 0. 0. 0. 0. 0. 0.
 0. 0. 0. 0. 0. 0. 0. 0. 0. 0. 0. 0. 0. 0. 0. 0. 0. 0. 0. 0. 0. 0. 0. 0.
 0. 0. 0. 0. 0. 0. 0. 0. 0. 0. 0. 0. 0. 0. 0. 0. 0. 0. 0. 0. 0. 0. 0. 0.
 0. 0. 0. 0. 0. 0. 0. 0. 0. 0. 0. 0. 0. 0. 0. 0. 0. 0. 0. 0. 0. 0. 0. 0.
 0. 0. 0. 0. 0. 0. 0. 0. 0. 0. 0. 0. 0. 0. 0. 0. 0. 0. 0. 0. 0. 0. 0. 0.
 0. 0. 0. 0. 0. 0. 0.]
norm_did: [5.02823225e+03 4.64144521e+03 5.22162610e+03 5.51171688e+03
 6.11607288e+03 6.40811826e+03 6.96882929e+03 7.18805763e+03
 7.50736407e+03 7.61022138e+03 8.01056671e+03 8.10353413e+03
 8.43793693e+03 8.58066458e+03 8.82837717e+03 9.10283449e+03
 9.49202432e+03 9.77910443e+03 1.01966108e+04 1.05412846e+04
 1.09460540e+04 1.12269651e+04 1.09951577e+04 1.12516618e+04
 1.15034795e+04 1.14726832e+04 1.17533986e+04 1.16963723e+04
 1.20066806e+04 1.17415869e+04 1.17395380e+04 1.23204085e+04
 1.21305894e+04 1.20765547e+04 1.19171311e+04 1.23465906e+04
 1.24820861e+04 1.24976512e+04 1.22214652e+04 1.28999909e+04
 1.23410995e+04 1.28233038e+04 1.27622083e+04 1.31834875e+04
 1.30264576e+04 1.34399954e+04 1.65415389e+04 1.18892275e+04
 1.37647395e+04 1.37647389e+04 1.42683295e+04 1.49334664e+04
 1.58706672e+04 1.68327367e+04 1.81632064e+04 2.04588418e+04
 2.51220403e+04 3.23143777e+04 7.33458952e+03 3.28222501e+04
 3.78647850e+04 3.99276620e+04 4.44430775e+04 5.50669530e+04
 8.49160503e+04 2.05017450e+05 8.49199284e+05 4.12683593e+06
 1.99386756e+07 9.67061930e+07 4.89900447e+08 3.63812874e+09
 8.00580982e+09 4.05061097e+09 2.53609727e+09 2.77574033e+09
 1.94977945e+09 1.60391036e+09 1.57973633e+09 1.11866551e+09
 1.12088990e+09 1.12037804e+09 1.11915517e+09 1.11587225e+09
 1.06370367e+09 1.04648755e+09 1.03112669e+09 1.02185044e+09
 1.01564178e+09 1.01102654e+09 1.00513649e+09 9.97578698e+08
 9.94393366e+08 9.88701374e+08 9.82783180e+08 9.76226349e+08
 9.68321118e+08 9.58260817e+08 9.54522948e+08 9.52487736e+08
 9.50936555e+08 9.49714002e+08 9.48319162e+08 9.46485818e+08
 9.44200530e+08 9.42615806e+08 9.41691559e+08 9.40952191e+08
 9.40278321e+08 9.39378861e+08 9.38049597e+08 9.37135132e+08
 9.36146942e+08 9.34491248e+08 9.33585668e+08 9.32770145e+08
 9.31982700e+08 9.30387796e+08 9.29219731e+08 9.27762913e+08
 9.26584481e+08 9.24969111e+08 9.22418243e+08 9.19970492e+08
 9.17925901e+08 9.15351494e+08 9.15789696e+08 9.15062968e+08
 9.13574131e+08 9.10487145e+08 9.03851118e+08 8.88948904e+08
 8.12679851e+08 7.88443135e+08 7.70418020e+08 7.59351078e+08
 7.51075386e+08 7.44487502e+08 7.34955922e+08 7.25295831e+08
 7.20808530e+08 7.10883268e+08 7.04496916e+08 6.93147039e+08
 6.78050861e+08 6.53438750e+08 6.23319525e+08 6.21643035e+08
 6.19786864e+08 6.15729591e+08 6.07536993e+08 5.90993841e+08
 5.58228869e+08 4.94685769e+08 3.94728929e+08 3.28634626e+08
 2.81917399e+08 2.47023766e+08 2.19818171e+08 1.97906126e+08
 1.79565739e+08 1.65212651e+08 2.50595192e+08 0.00000000e+00
 0.00000000e+00 0.00000000e+00 0.00000000e+00 0.00000000e+00
 0.00000000e+00 0.00000000e+00 0.00000000e+00 0.00000000e+00
 0.00000000e+00 0.00000000e+00 0.00000000e+00 0.00000000e+00
 0.00000000e+00 0.00000000e+00 0.00000000e+00 0.00000000e+00
 0.00000000e+00 0.00000000e+00 0.00000000e+00 0.00000000e+00
 0.00000000e+00 0.00000000e+00 0.00000000e+00 0.00000000e+00
 0.00000000e+00 0.00000000e+00 0.00000000e+00 0.00000000e+00
 0.00000000e+00 0.00000000e+00 0.00000000e+00 0.00000000e+00
 0.00000000e+00 0.00000000e+00 0.00000000e+00 0.00000000e+00
 0.00000000e+00 0.00000000e+00 0.00000000e+00 0.00000000e+00
 0.00000000e+00 0.00000000e+00 0.00000000e+00 0.00000000e+00
 0.00000000e+00 0.00000000e+00 0.00000000e+00 0.00000000e+00
 0.00000000e+00 0.00000000e+00 0.00000000e+00 0.00000000e+00
 0.00000000e+00 0.00000000e+00 0.00000000e+00 0.00000000e+00
 0.00000000e+00 0.00000000e+00 0.00000000e+00 0.00000000e+00
 0.00000000e+00 0.00000000e+00 0.00000000e+00 0.00000000e+00
 0.00000000e+00 0.00000000e+00 0.00000000e+00 0.00000000e+00
 0.00000000e+00 0.00000000e+00 0.00000000e+00 0.00000000e+00
 0.00000000e+00 0.00000000e+00 0.00000000e+00 0.00000000e+00
 0.00000000e+00 0.00000000e+00 0.00000000e+00 0.00000000e+00
 0.00000000e+00 0.00000000e+00 0.00000000e+00 0.00000000e+00
 0.00000000e+00 0.00000000e+00 0.00000000e+00 0.00000000e+00
 0.00000000e+00 0.00000000e+00 0.00000000e+00 0.00000000e+00
 0.00000000e+00 0.00000000e+00 0.00000000e+00 0.00000000e+00
 0.00000000e+00 0.00000000e+00 0.00000000e+00 0.00000000e+00
 0.00000000e+00 0.00000000e+00 0.00000000e+00 0.00000000e+00
 0.00000000e+00 0.00000000e+00 0.00000000e+00 0.00000000e+00
 0.00000000e+00 0.00000000e+00 0.00000000e+00 0.00000000e+00
 0.00000000e+00 0.00000000e+00 0.00000000e+00 0.00000000e+00
 0.00000000e+00 0.00000000e+00 0.00000000e+00 0.00000000e+00
 0.00000000e+00 0.00000000e+00 0.00000000e+00 0.00000000e+00
 0.00000000e+00 0.00000000e+00 0.00000000e+00 0.00000000e+00
 0.00000000e+00 0.00000000e+00 0.00000000e+00 0.00000000e+00
 0.00000000e+00 0.00000000e+00 0.00000000e+00 0.00000000e+00
 0.00000000e+00 0.00000000e+00 0.00000000e+00 0.00000000e+00
 0.00000000e+00 0.00000000e+00 0.00000000e+00 0.00000000e+00
 0.00000000e+00 0.00000000e+00 0.00000000e+00 0.00000000e+00
 0.00000000e+00 0.00000000e+00 0.00000000e+00 0.00000000e+00
 0.00000000e+00 0.00000000e+00 0.00000000e+00]
[WARNING]: Quasi-static verification failed
[WARNING]: Max normalized derivatives: dVg/dt=2.50e+11, dVd/dt=0.00e+00, dId/dt=8.01e+09

  ngspice: ✓ PASS  (117.9s)

✓ Benchmark completed: /home/duhaochen/website-trial-v1/data/spice-model-benchmark/05309a886a3aac85d7461a8a02ea4280/ngspice
