$ /usr/bin/time -v -o /home/duhaochen/website-trial-v1/data/spice-model-benchmark/61ceabb774ca24b97d59702473367fe9/ngspice/resource.txt /usr/bin/python -m spice_model_benchmark.cli /home/duhaochen/pipeline_full_collection/benchmark-inputs/61ceabb774ca24b97d59702473367fe9/ngspice.lib --simulator ngspice --modes dc transient ac noise --output-dir /home/duhaochen/website-trial-v1/data/spice-model-benchmark/61ceabb774ca24b97d59702473367fe9 --dpi 120 --log-level WARNING
/home/duhaochen/spice_model_benchmark/src/spice_model_benchmark/verification_manager.py:1557: RuntimeWarning: divide by zero encountered in divide
  tc = np.mean((d_ids / d_temp) / np.abs(i_ds[:-1]))
SPICE Model Benchmark: /home/duhaochen/pipeline_full_collection/benchmark-inputs/61ceabb774ca24b97d59702473367fe9/ngspice.lib
Simulators: ngspice
Modes: dc, transient, ac, noise
------------------------------------------------------------

============================================================
  Running: NGSPICE
  Output:  /home/duhaochen/website-trial-v1/data/spice-model-benchmark/61ceabb774ca24b97d59702473367fe9/ngspice
============================================================
Vgs range: 0.000V to 1.200V
Ids range: -8.269e-04A to 0.000e+00A
Selected Vgs values: [0.  0.2 0.4 0.6 0.8 1.  1.2]
Vgs=0.000V: Ids range -1.845e-10A to -1.583e-14A
Vgs=0.200V: Ids range -1.859e-08A to 0.000e+00A
Vgs=0.400V: Ids range -1.271e-06A to 0.000e+00A
Vgs=0.600V: Ids range -4.729e-05A to 0.000e+00A
Vgs=0.800V: Ids range -2.198e-04A to 0.000e+00A
Vgs=1.000V: Ids range -4.865e-04A to 0.000e+00A
Vgs=1.200V: Ids range -8.269e-04A to 0.000e+00A
ids_variation: 6.370566209443564
ids_variation <= max_variation: False
tc: inf
abs(tc) <= max_tc: False
[WARNING]: Temperature effects verification failed - effects outside expected range
/home/duhaochen/spice_model_benchmark/src/spice_model_benchmark/verification_manager.py:1817: RuntimeWarning: divide by zero encountered in log
  log_ids = np.log(np.abs(i_ds))
/home/duhaochen/.local/lib/python3.9/site-packages/numpy/lib/function_base.py:2742: RuntimeWarning: invalid value encountered in subtract
  X -= avg[:, None]
/home/duhaochen/spice_model_benchmark/src/spice_model_benchmark/verification_manager.py:1862: RuntimeWarning: divide by zero encountered in divide
  efficiency = np.abs(gm / i_ds)  # Transconductance efficiency
[INFO]: S-parameter analysis plot saved to /home/duhaochen/website-trial-v1/data/spice-model-benchmark/61ceabb774ca24b97d59702473367fe9/ngspice/plots/ac_cv_sparameter_analysis.png
[INFO]: NQS effects plot saved to /home/duhaochen/website-trial-v1/data/spice-model-benchmark/61ceabb774ca24b97d59702473367fe9/ngspice/plots/ac_cv_nqs_effects.png
[INFO]: S-parameter analysis plot saved to /home/duhaochen/website-trial-v1/data/spice-model-benchmark/61ceabb774ca24b97d59702473367fe9/ngspice/plots/ac_cv_sparameter_analysis.png
norm_dvg: [2.50000000e+11 1.25000000e+11 6.25000000e+10 3.12500000e+10
 1.56250001e+10 8.98068061e+09 5.96767430e+09 5.31156578e+09
 4.69088421e+09 4.29629598e+09 3.91998204e+09 3.59028482e+09
 3.14780151e+09 2.77545864e+09 2.47910026e+09 2.41041601e+09
 2.36052242e+09 2.31550768e+09 2.26148146e+09 2.23313971e+09
 2.19643983e+09 2.16704343e+09 2.14479037e+09 2.11896729e+09
 2.10043020e+09 2.07604334e+09 2.04879921e+09 2.00000118e+09
 1.99550695e+09 1.98658174e+09 1.96896908e+09 1.93466355e+09
 1.88611171e+09 1.85382911e+09 1.81932916e+09 1.78384559e+09
 1.74818422e+09 1.71002059e+09 1.66143730e+09 1.60363573e+09
 1.53799125e+09 1.47606344e+09 1.42501689e+09 1.37524475e+09
 1.32577596e+09 1.28172374e+09 1.21041667e+09 1.14311682e+09
 1.08402485e+09 1.04031852e+09 1.01875434e+09 9.99999343e+08
 9.97469154e+08 9.92446670e+08 9.83354469e+08 9.68776479e+08
 9.53141357e+08 9.35544402e+08 9.12752115e+08 8.88991921e+08
 8.55540383e+08 8.08437119e+08 7.60838851e+08 7.11575729e+08
 6.63201400e+08 6.13759212e+08 5.93254651e+08 5.72531236e+08
 5.51637490e+08 5.33531802e+08 5.16142629e+08 4.90968182e+08
 4.62634106e+08 4.56331267e+08 4.53285643e+08 4.51036547e+08
 4.49266174e+08 4.47367598e+08 4.45302608e+08 4.43868616e+08
 4.42242581e+08 4.39826595e+08 4.35794713e+08 4.30163306e+08
 4.22047723e+08 4.16190909e+08 4.12878187e+08 4.09666744e+08
 4.05850073e+08 4.02114231e+08 3.98313289e+08 3.92515082e+08
 3.86214486e+08 3.78360111e+08 3.70586958e+08 3.61326746e+08
 3.51012103e+08 3.37614205e+08 3.21279429e+08 3.01389446e+08
 2.81069219e+08 2.60052559e+08 2.39257655e+08 2.18410936e+08
 1.97804925e+08 1.75967613e+08 1.54252813e+08 1.37308621e+08
 1.23718525e+08 1.12576305e+08 1.03275221e+08 9.90939725e+07
 9.52390560e+07 9.52211904e+07 9.51941184e+07 9.51328282e+07
 9.50141327e+07 9.47757814e+07 9.45110222e+07 9.41882731e+07
 9.38335591e+07 9.36031745e+07 9.34313633e+07 9.32090494e+07
 9.30688510e+07 9.28506900e+07 9.26127637e+07 9.24461505e+07
 9.22247990e+07 9.20461372e+07 9.18462775e+07 9.17212775e+07
 9.16151352e+07 9.14851128e+07 9.13912438e+07 9.13011923e+07
 9.11942584e+07 9.10772698e+07 9.09931774e+07 9.09068800e+07
 9.09023224e+07 9.08932087e+07 9.08694636e+07 9.08245737e+07
 9.07882780e+07 9.07494155e+07 9.07002285e+07 9.06401911e+07
 9.05489832e+07 9.03964139e+07 9.01938005e+07 8.99801363e+07
 8.98070568e+07 8.96612943e+07 8.94793341e+07 8.92911014e+07
 8.91135125e+07 8.89034332e+07 8.86336763e+07 8.82680565e+07
 8.77958082e+07 8.71859413e+07 8.65536658e+07 8.61694091e+07
 8.58678480e+07 8.54985855e+07 8.52179185e+07 8.48811057e+07
 8.44687785e+07 8.38972143e+07 8.33333333e+07 8.32852514e+07
 8.31892537e+07 8.29978624e+07 8.26727033e+07 8.25192069e+07
 8.23975335e+07 8.22601556e+07 8.21123850e+07 8.20304853e+07
 8.19233197e+07 8.18114431e+07 8.16723841e+07 8.15150528e+07
 8.12988066e+07 8.08698873e+07 8.03673535e+07 8.01198188e+07
 7.99268715e+07 7.96609707e+07 7.94949315e+07 7.92534838e+07
 7.89524641e+07 7.86128225e+07 7.82972117e+07 7.79524535e+07
 7.77487298e+07 7.76593751e+07 7.75979488e+07 7.75513015e+07
 7.75049345e+07 7.74519638e+07 7.73719922e+07 7.73142894e+07
 7.72475795e+07 7.71761038e+07 7.70715132e+07 7.68925928e+07
 7.67112936e+07 7.64710891e+07 7.62060175e+07 7.60414534e+07
 7.58812520e+07 7.57069594e+07 7.55482217e+07 7.53330966e+07
 7.50819754e+07 7.47293548e+07 7.42933899e+07 7.37334107e+07
 7.30581630e+07 7.23028850e+07 7.14532191e+07 7.04927635e+07
 6.93802633e+07 6.80672747e+07 6.64628950e+07 6.44110065e+07
 6.16650533e+07 5.87660061e+07 5.61273041e+07 5.37153818e+07
 5.17911470e+07 0.00000000e+00 0.00000000e+00 0.00000000e+00
 0.00000000e+00 0.00000000e+00 0.00000000e+00 0.00000000e+00
 0.00000000e+00 0.00000000e+00 0.00000000e+00 0.00000000e+00
 0.00000000e+00 0.00000000e+00 0.00000000e+00 0.00000000e+00
 0.00000000e+00 0.00000000e+00 0.00000000e+00 0.00000000e+00
 0.00000000e+00 0.00000000e+00 0.00000000e+00 0.00000000e+00
 0.00000000e+00 0.00000000e+00 0.00000000e+00 0.00000000e+00
 0.00000000e+00 0.00000000e+00 0.00000000e+00 0.00000000e+00
 0.00000000e+00 0.00000000e+00 0.00000000e+00 0.00000000e+00
 0.00000000e+00 0.00000000e+00 0.00000000e+00 0.00000000e+00
 0.00000000e+00 0.00000000e+00 0.00000000e+00 0.00000000e+00
 0.00000000e+00 0.00000000e+00 0.00000000e+00 0.00000000e+00
 0.00000000e+00 0.00000000e+00 0.00000000e+00 0.00000000e+00
 0.00000000e+00 0.00000000e+00 0.00000000e+00 0.00000000e+00
 0.00000000e+00 0.00000000e+00 0.00000000e+00 0.00000000e+00
 0.00000000e+00 0.00000000e+00 0.00000000e+00 0.00000000e+00
 0.00000000e+00 0.00000000e+00 0.00000000e+00 0.00000000e+00
 0.00000000e+00 0.00000000e+00 0.00000000e+00 0.00000000e+00
 0.00000000e+00 0.00000000e+00 0.00000000e+00 0.00000000e+00
 0.00000000e+00 0.00000000e+00 0.00000000e+00 0.00000000e+00
 0.00000000e+00 0.00000000e+00 0.00000000e+00 0.00000000e+00
 0.00000000e+00 0.00000000e+00 0.00000000e+00 0.00000000e+00
 0.00000000e+00 0.00000000e+00 0.00000000e+00 0.00000000e+00
 0.00000000e+00 0.00000000e+00 0.00000000e+00 0.00000000e+00
 0.00000000e+00 0.00000000e+00 0.00000000e+00 0.00000000e+00
 0.00000000e+00 0.00000000e+00 0.00000000e+00 0.00000000e+00
 0.00000000e+00 0.00000000e+00 0.00000000e+00 0.00000000e+00
 0.00000000e+00 0.00000000e+00 0.00000000e+00 0.00000000e+00
 0.00000000e+00 0.00000000e+00 0.00000000e+00 0.00000000e+00
 0.00000000e+00 0.00000000e+00 0.00000000e+00 0.00000000e+00
 0.00000000e+00 0.00000000e+00 0.00000000e+00 0.00000000e+00
 0.00000000e+00 0.00000000e+00 0.00000000e+00 0.00000000e+00
 0.00000000e+00 0.00000000e+00 0.00000000e+00 0.00000000e+00
 0.00000000e+00 0.00000000e+00 0.00000000e+00 0.00000000e+00
 0.00000000e+00 0.00000000e+00 0.00000000e+00 0.00000000e+00
 0.00000000e+00 0.00000000e+00 0.00000000e+00 0.00000000e+00
 0.00000000e+00 0.00000000e+00 0.00000000e+00 0.00000000e+00
 0.00000000e+00 0.00000000e+00 0.00000000e+00 0.00000000e+00
 0.00000000e+00 0.00000000e+00 0.00000000e+00 0.00000000e+00
 0.00000000e+00 0.00000000e+00 0.00000000e+00 0.00000000e+00
 0.00000000e+00 0.00000000e+00 0.00000000e+00 0.00000000e+00
 0.00000000e+00 0.00000000e+00 0.00000000e+00 0.00000000e+00
 0.00000000e+00 0.00000000e+00 0.00000000e+00 0.00000000e+00
 0.00000000e+00 0.00000000e+00 0.00000000e+00 0.00000000e+00
 0.00000000e+00 0.00000000e+00 0.00000000e+00 0.00000000e+00
 0.00000000e+00 0.00000000e+00 0.00000000e+00 0.00000000e+00
 0.00000000e+00 0.00000000e+00 0.00000000e+00 0.00000000e+00
 0.00000000e+00 0.00000000e+00 0.00000000e+00 0.00000000e+00
 0.00000000e+00 0.00000000e+00 0.00000000e+00 0.00000000e+00
 0.00000000e+00 0.00000000e+00 0.00000000e+00 0.00000000e+00
 0.00000000e+00 0.00000000e+00 0.00000000e+00 0.00000000e+00
 0.00000000e+00 0.00000000e+00 0.00000000e+00 0.00000000e+00
 0.00000000e+00 0.00000000e+00 0.00000000e+00 0.00000000e+00
 0.00000000e+00 0.00000000e+00 0.00000000e+00 0.00000000e+00
 0.00000000e+00 0.00000000e+00 0.00000000e+00 0.00000000e+00
 0.00000000e+00 0.00000000e+00 0.00000000e+00 0.00000000e+00
 0.00000000e+00 0.00000000e+00 0.00000000e+00 0.00000000e+00
 0.00000000e+00 0.00000000e+00 0.00000000e+00 0.00000000e+00
 0.00000000e+00]
norm_dvd: [0. 0. 0. 0. 0. 0. 0. 0. 0. 0. 0. 0. 0. 0. 0. 0. 0. 0. 0. 0. 0. 0. 0. 0.
 0. 0. 0. 0. 0. 0. 0. 0. 0. 0. 0. 0. 0. 0. 0. 0. 0. 0. 0. 0. 0. 0. 0. 0.
 0. 0. 0. 0. 0. 0. 0. 0. 0. 0. 0. 0. 0. 0. 0. 0. 0. 0. 0. 0. 0. 0. 0. 0.
 0. 0. 0. 0. 0. 0. 0. 0. 0. 0. 0. 0. 0. 0. 0. 0. 0. 0. 0. 0. 0. 0. 0. 0.
 0. 0. 0. 0. 0. 0. 0. 0. 0. 0. 0. 0. 0. 0. 0. 0. 0. 0. 0. 0. 0. 0. 0. 0.
 0. 0. 0. 0. 0. 0. 0. 0. 0. 0. 0. 0. 0. 0. 0. 0. 0. 0. 0. 0. 0. 0. 0. 0.
 0. 0. 0. 0. 0. 0. 0. 0. 0. 0. 0. 0. 0. 0. 0. 0. 0. 0. 0. 0. 0. 0. 0. 0.
 0. 0. 0. 0. 0. 0. 0. 0. 0. 0. 0. 0. 0. 0. 0. 0. 0. 0. 0. 0. 0. 0. 0. 0.
 0. 0. 0. 0. 0. 0. 0. 0. 0. 0. 0. 0. 0. 0. 0. 0. 0. 0. 0. 0. 0. 0. 0. 0.
 0. 0. 0. 0. 0. 0. 0. 0. 0. 0. 0. 0. 0. 0. 0. 0. 0. 0. 0. 0. 0. 0. 0. 0.
 0. 0. 0. 0. 0. 0. 0. 0. 0. 0. 0. 0. 0. 0. 0. 0. 0. 0. 0. 0. 0. 0. 0. 0.
 0. 0. 0. 0. 0. 0. 0. 0. 0. 0. 0. 0. 0. 0. 0. 0. 0. 0. 0. 0. 0. 0. 0. 0.
 0. 0. 0. 0. 0. 0. 0. 0. 0. 0. 0. 0. 0. 0. 0. 0. 0. 0. 0. 0. 0. 0. 0. 0.
 0. 0. 0. 0. 0. 0. 0. 0. 0. 0. 0. 0. 0. 0. 0. 0. 0. 0. 0. 0. 0. 0. 0. 0.
 0. 0. 0. 0. 0. 0. 0. 0. 0. 0. 0. 0. 0. 0. 0. 0. 0. 0. 0. 0. 0. 0. 0. 0.
 0. 0. 0. 0. 0. 0. 0. 0. 0. 0. 0. 0. 0. 0. 0. 0. 0. 0. 0. 0. 0. 0. 0. 0.
 0. 0. 0. 0. 0. 0. 0. 0. 0. 0. 0. 0. 0. 0. 0. 0. 0. 0. 0. 0. 0. 0. 0. 0.
 0. 0. 0. 0. 0. 0. 0. 0. 0. 0. 0. 0. 0. 0. 0. 0. 0. 0. 0. 0. 0. 0. 0. 0.
 0. 0. 0. 0. 0. 0. 0. 0. 0. 0. 0. 0. 0. 0. 0. 0. 0. 0. 0. 0. 0. 0. 0. 0.
 0. 0. 0. 0. 0. 0. 0. 0. 0.]
norm_did: [9.70689184e+03 7.54980508e+03 1.02461646e+04 1.05158023e+04
 1.15712544e+04 1.27385669e+04 1.29223700e+04 1.42010658e+04
 1.49834604e+04 1.54460338e+04 1.62061376e+04 1.75200663e+04
 1.88283079e+04 2.04334351e+04 1.98933084e+04 2.16474894e+04
 2.25253068e+04 2.25801640e+04 2.30622185e+04 2.36405432e+04
 2.37507277e+04 2.34277707e+04 2.42964646e+04 2.48609710e+04
 2.46851317e+04 2.49212111e+04 2.53579844e+04 3.44917213e+04
 2.10782749e+04 2.58687932e+04 2.68268998e+04 2.69120015e+04
 2.75691888e+04 2.78359444e+04 2.88049140e+04 2.94270261e+04
 3.00765400e+04 3.10317181e+04 3.24145472e+04 3.38774899e+04
 3.55842436e+04 3.75099096e+04 3.92399726e+04 4.15015092e+04
 4.37680966e+04 4.74016320e+04 5.18888393e+04 5.67252083e+04
 6.13368866e+04 6.36111646e+04 6.74948082e+04 9.18320552e+04
 5.61196023e+04 7.13131425e+04 7.27400166e+04 7.51638161e+04
 7.78306155e+04 8.17884154e+04 8.63407226e+04 9.33840556e+04
 1.05162305e+05 1.21095447e+05 1.43193328e+05 1.73622137e+05
 2.17885086e+05 2.38130627e+05 2.82310820e+05 3.24743419e+05
 3.65851892e+05 4.14513072e+05 4.97000490e+05 6.23482004e+05
 5.83240719e+05 6.86241583e+05 7.45791872e+05 7.64964040e+05
 7.80952447e+05 7.97230473e+05 8.08292099e+05 8.23042676e+05
 8.41888231e+05 8.72883835e+05 9.19519019e+05 9.93271936e+05
 1.05547138e+06 1.09348890e+06 1.15456374e+06 1.21100826e+06
 1.26453746e+06 1.32332020e+06 1.41536908e+06 1.52690785e+06
 1.68159239e+06 1.86421713e+06 2.11820755e+06 2.46159349e+06
 3.01434824e+06 3.94719337e+06 5.69025726e+06 8.83561296e+06
 1.49848959e+07 2.78679322e+07 5.83409333e+07 1.41763514e+08
 4.46678631e+08 2.23286853e+09 1.03330406e+10 3.97015907e+09
 2.49996607e+09 1.48365849e+09 8.86436771e+08 7.37639922e+08
 6.18713775e+08 5.97564078e+08 5.97306621e+08 5.96386518e+08
 5.94566919e+08 5.89288819e+08 5.83691006e+08 5.76654215e+08
 5.67859311e+08 5.62397777e+08 5.59040696e+08 5.53673063e+08
 5.51235515e+08 5.46748019e+08 5.41289118e+08 5.38193111e+08
 5.33365110e+08 5.29864994e+08 5.25349717e+08 5.22725329e+08
 5.20771393e+08 5.17959615e+08 5.16092320e+08 5.14426941e+08
 5.12402913e+08 5.09927160e+08 5.08299929e+08 5.06433444e+08
 5.06027700e+08 5.06001952e+08 5.05692317e+08 5.04768474e+08
 5.04126779e+08 5.03388646e+08 5.02569338e+08 5.01578318e+08
 5.00210305e+08 4.97621349e+08 4.93882566e+08 4.89697271e+08
 4.86361944e+08 4.83905865e+08 4.80643323e+08 4.77207393e+08
 4.74219116e+08 4.70822665e+08 4.66602016e+08 4.60832808e+08
 4.53513499e+08 4.43536808e+08 4.32255670e+08 4.25886780e+08
 4.21553484e+08 4.15594349e+08 4.11660877e+08 4.07036313e+08
 4.01748585e+08 3.93650699e+08 3.84014232e+08 3.83385409e+08
 3.82515055e+08 3.80474985e+08 3.75531729e+08 3.73418243e+08
 3.71894186e+08 3.70170722e+08 3.68037502e+08 3.67084799e+08
 3.65756568e+08 3.64438743e+08 3.62768360e+08 3.61019242e+08
 3.59109969e+08 3.54141571e+08 3.47262405e+08 3.44179428e+08
 3.42190224e+08 3.38804718e+08 3.37171332e+08 3.34649438e+08
 3.31425170e+08 3.27619527e+08 3.24301167e+08 3.20178065e+08
 3.17682235e+08 3.16656460e+08 3.15978961e+08 3.15494671e+08
 3.15025161e+08 3.14571570e+08 3.13664003e+08 3.13110266e+08
 3.12440948e+08 3.11808682e+08 3.10969278e+08 3.09163015e+08
 3.07518039e+08 3.05195610e+08 3.02287092e+08 3.00660658e+08
 2.99150059e+08 2.97424099e+08 2.96068333e+08 2.94128404e+08
 2.92054128e+08 2.89007492e+08 2.85357501e+08 2.80635406e+08
 2.74914892e+08 2.68699055e+08 2.61923091e+08 2.54576155e+08
 2.46425044e+08 2.37313152e+08 2.26882391e+08 2.14489469e+08
 1.97344141e+08 1.79786984e+08 1.64960065e+08 1.51829701e+08
 1.42280306e+08 4.09469601e+08 0.00000000e+00 0.00000000e+00
 0.00000000e+00 0.00000000e+00 0.00000000e+00 0.00000000e+00
 0.00000000e+00 0.00000000e+00 0.00000000e+00 0.00000000e+00
 0.00000000e+00 0.00000000e+00 0.00000000e+00 0.00000000e+00
 0.00000000e+00 0.00000000e+00 0.00000000e+00 0.00000000e+00
 0.00000000e+00 0.00000000e+00 0.00000000e+00 0.00000000e+00
 0.00000000e+00 0.00000000e+00 0.00000000e+00 0.00000000e+00
 0.00000000e+00 0.00000000e+00 0.00000000e+00 0.00000000e+00
 0.00000000e+00 0.00000000e+00 0.00000000e+00 0.00000000e+00
 0.00000000e+00 0.00000000e+00 0.00000000e+00 0.00000000e+00
 0.00000000e+00 0.00000000e+00 0.00000000e+00 0.00000000e+00
 0.00000000e+00 0.00000000e+00 0.00000000e+00 0.00000000e+00
 0.00000000e+00 0.00000000e+00 0.00000000e+00 0.00000000e+00
 0.00000000e+00 0.00000000e+00 0.00000000e+00 0.00000000e+00
 0.00000000e+00 0.00000000e+00 0.00000000e+00 0.00000000e+00
 0.00000000e+00 0.00000000e+00 0.00000000e+00 0.00000000e+00
 0.00000000e+00 0.00000000e+00 0.00000000e+00 0.00000000e+00
 0.00000000e+00 0.00000000e+00 0.00000000e+00 0.00000000e+00
 0.00000000e+00 0.00000000e+00 0.00000000e+00 0.00000000e+00
 0.00000000e+00 0.00000000e+00 0.00000000e+00 0.00000000e+00
 0.00000000e+00 0.00000000e+00 0.00000000e+00 0.00000000e+00
 0.00000000e+00 0.00000000e+00 0.00000000e+00 0.00000000e+00
 0.00000000e+00 0.00000000e+00 0.00000000e+00 0.00000000e+00
 0.00000000e+00 0.00000000e+00 0.00000000e+00 0.00000000e+00
 0.00000000e+00 0.00000000e+00 0.00000000e+00 0.00000000e+00
 0.00000000e+00 0.00000000e+00 0.00000000e+00 0.00000000e+00
 0.00000000e+00 0.00000000e+00 0.00000000e+00 0.00000000e+00
 0.00000000e+00 0.00000000e+00 0.00000000e+00 0.00000000e+00
 0.00000000e+00 0.00000000e+00 0.00000000e+00 0.00000000e+00
 0.00000000e+00 0.00000000e+00 0.00000000e+00 0.00000000e+00
 0.00000000e+00 0.00000000e+00 0.00000000e+00 0.00000000e+00
 0.00000000e+00 0.00000000e+00 0.00000000e+00 0.00000000e+00
 0.00000000e+00 0.00000000e+00 0.00000000e+00 0.00000000e+00
 0.00000000e+00 0.00000000e+00 0.00000000e+00 0.00000000e+00
 0.00000000e+00 0.00000000e+00 0.00000000e+00 0.00000000e+00
 0.00000000e+00 0.00000000e+00 0.00000000e+00 0.00000000e+00
 0.00000000e+00 0.00000000e+00 0.00000000e+00 0.00000000e+00
 0.00000000e+00 0.00000000e+00 0.00000000e+00 0.00000000e+00
 0.00000000e+00 0.00000000e+00 0.00000000e+00 0.00000000e+00
 0.00000000e+00 0.00000000e+00 0.00000000e+00 0.00000000e+00
 0.00000000e+00 0.00000000e+00 0.00000000e+00 0.00000000e+00
 0.00000000e+00 0.00000000e+00 0.00000000e+00 0.00000000e+00
 0.00000000e+00 0.00000000e+00 0.00000000e+00 0.00000000e+00
 0.00000000e+00 0.00000000e+00 0.00000000e+00 0.00000000e+00
 0.00000000e+00 0.00000000e+00 0.00000000e+00 0.00000000e+00
 0.00000000e+00 0.00000000e+00 0.00000000e+00 0.00000000e+00
 0.00000000e+00 0.00000000e+00 0.00000000e+00 0.00000000e+00
 0.00000000e+00 0.00000000e+00 0.00000000e+00 0.00000000e+00
 0.00000000e+00 0.00000000e+00 0.00000000e+00 0.00000000e+00
 0.00000000e+00 0.00000000e+00 0.00000000e+00 0.00000000e+00
 0.00000000e+00 0.00000000e+00 0.00000000e+00 0.00000000e+00
 0.00000000e+00 0.00000000e+00 0.00000000e+00 0.00000000e+00
 0.00000000e+00 0.00000000e+00 0.00000000e+00 0.00000000e+00
 0.00000000e+00 0.00000000e+00 0.00000000e+00 0.00000000e+00
 0.00000000e+00 0.00000000e+00 0.00000000e+00 0.00000000e+00
 0.00000000e+00 0.00000000e+00 0.00000000e+00 0.00000000e+00
 0.00000000e+00 0.00000000e+00 0.00000000e+00 0.00000000e+00
 0.00000000e+00 0.00000000e+00 0.00000000e+00 0.00000000e+00
 0.00000000e+00]
[WARNING]: Quasi-static verification failed
[WARNING]: Max normalized derivatives: dVg/dt=2.50e+11, dVd/dt=0.00e+00, dId/dt=1.03e+10

  ngspice: ✓ PASS  (109.9s)

✓ Benchmark completed: /home/duhaochen/website-trial-v1/data/spice-model-benchmark/61ceabb774ca24b97d59702473367fe9/ngspice
