
6. Printing statistics.

=== adder_top ===

        +----------Local Count, excluding submodules.
        |        +-Local Area, excluding submodules.
        |        | 
      207        - wires
      300        - wire bits
        5        - public wires
       98        - public wire bits
        5        - ports
       98        - port bits
      235  646.226 cells
       23   53.969   AND2X1
       15   42.237   AOI21X1
        3    9.855   AOI22X1
        6    8.447   INVX1
       64  120.141   NAND2X1
       19   44.583   NAND3X1
       15   35.197   NOR2X1
        6   16.895   NOR3X1
       16   45.053   OAI21X1
       21   49.276   OR2X1
       20    93.86   XNOR2X1
       27  126.711   XOR2X1

   Chip area for module '\adder_top': 646.226100
     of which used for sequential elements: 0.000000 (0.00%)

