OpenSTA 3.1.0 543361765b Copyright (c) 2026, Parallax Software, Inc.
License GPLv3: GNU GPL version 3 <http://gnu.org/licenses/gpl.html>

This is free software, and you are free to change and redistribute it
under certain conditions; type `show_copying' for details. 
This program comes with ABSOLUTELY NO WARRANTY; for details type `show_warranty'.
Startpoint: b[6] (input port clocked by vclk)
Endpoint: sum[30] (output port clocked by vclk)
Path Group: vclk
Path Type: max

        Cap        Slew       Delay        Time   Description
---------------------------------------------------------------------------------------
               0.000000    0.000000    0.000000   clock vclk (rise edge)
                           0.000000    0.000000   clock network delay (ideal)
                           0.000000    0.000000 ^ input external delay
   0.007693    0.050000    0.000000    0.000000 ^ b[6] (in)
               0.050000    0.000000    0.000000 ^ _242_/B (XOR2X1)
   0.009849    0.077798    0.077612    0.077612 ^ _242_/Y (XOR2X1)
               0.077798    0.000000    0.077612 ^ _287_/B (AND2X1)
   0.005839    0.043028    0.048845    0.126457 ^ _287_/Y (AND2X1)
               0.043028    0.000000    0.126457 ^ _292_/C (AOI22X1)
   0.002632    0.036275    0.025359    0.151816 v _292_/Y (AOI22X1)
               0.036275    0.000000    0.151816 v _293_/B (OAI21X1)
   0.002832    0.045182    0.047529    0.199345 ^ _293_/Y (OAI21X1)
               0.045182    0.000000    0.199345 ^ _294_/B (OAI21X1)
   0.004484    0.013369    0.027117    0.226462 v _294_/Y (OAI21X1)
               0.013369    0.000000    0.226462 v _299_/B (NAND3X1)
   0.007742    0.062908    0.050342    0.276804 ^ _299_/Y (NAND3X1)
               0.062908    0.000000    0.276804 ^ _302_/A (AOI21X1)
   0.007569    0.029674    0.037868    0.314672 v _302_/Y (AOI21X1)
               0.029674    0.000000    0.314672 v _305_/A (OAI21X1)
   0.008137    0.068412    0.065418    0.380090 ^ _305_/Y (OAI21X1)
               0.068412    0.000000    0.380090 ^ _307_/A (AOI21X1)
   0.007189    0.028231    0.038504    0.418594 v _307_/Y (AOI21X1)
               0.028231    0.000000    0.418594 v _311_/A (OAI21X1)
   0.008137    0.068547    0.065092    0.483686 ^ _311_/Y (OAI21X1)
               0.068547    0.000000    0.483686 ^ _313_/A (AOI21X1)
   0.007569    0.029157    0.039216    0.522902 v _313_/Y (AOI21X1)
               0.029157    0.000000    0.522902 v _316_/A (OAI21X1)
   0.007742    0.066610    0.064029    0.586931 ^ _316_/Y (OAI21X1)
               0.066610    0.000000    0.586931 ^ _319_/A (AOI21X1)
   0.007569    0.029670    0.038753    0.625684 v _319_/Y (AOI21X1)
               0.029670    0.000000    0.625684 v _322_/A (OAI21X1)
   0.007742    0.066562    0.064145    0.689829 ^ _322_/Y (OAI21X1)
               0.066562    0.000000    0.689829 ^ _325_/A (AOI21X1)
   0.007189    0.028788    0.038061    0.727890 v _325_/Y (AOI21X1)
               0.028788    0.000000    0.727890 v _328_/A (OAI21X1)
   0.008137    0.068495    0.065218    0.793108 ^ _328_/Y (OAI21X1)
               0.068495    0.000000    0.793108 ^ _330_/A (AOI21X1)
   0.007189    0.028111    0.038523    0.831632 v _330_/Y (AOI21X1)
               0.028111    0.000000    0.831632 v _334_/A (OAI21X1)
   0.008137    0.068558    0.065065    0.896697 ^ _334_/Y (OAI21X1)
               0.068558    0.000000    0.896697 ^ _336_/A (AOI21X1)
   0.007189    0.028215    0.038539    0.935235 v _336_/Y (AOI21X1)
               0.028215    0.000000    0.935235 v _339_/A (OAI21X1)
   0.007742    0.066698    0.063816    0.999051 ^ _339_/Y (OAI21X1)
               0.066698    0.000000    0.999051 ^ _342_/A (AOI21X1)
   0.007189    0.028543    0.038094    1.037145 v _342_/Y (AOI21X1)
               0.028543    0.000000    1.037145 v _346_/A (OAI21X1)
   0.008137    0.068518    0.065163    1.102308 ^ _346_/Y (OAI21X1)
               0.068518    0.000000    1.102308 ^ _349_/A (AOI21X1)
   0.007189    0.028335    0.038529    1.140837 v _349_/Y (AOI21X1)
               0.028335    0.000000    1.140837 v _353_/A (OAI21X1)
   0.005396    0.055694    0.056283    1.197120 ^ _353_/Y (OAI21X1)
               0.055694    0.000000    1.197120 ^ _357_/A (XOR2X1)
   0.010000    0.079873    0.064198    1.261317 ^ _357_/Y (XOR2X1)
               0.079873    0.000000    1.261317 ^ sum[30] (out)
                                       1.261317   data arrival time

               0.000000  100.000000  100.000000   clock vclk (rise edge)
                           0.000000  100.000000   clock network delay (ideal)
                           0.000000  100.000000   clock reconvergence pessimism
                           0.000000  100.000000   output external delay
                                     100.000000   data required time
---------------------------------------------------------------------------------------
                                     100.000000   data required time
                                      -1.261317   data arrival time
---------------------------------------------------------------------------------------
                                      98.738678   slack (MET)


Startpoint: b[6] (input port clocked by vclk)
Endpoint: sum[29] (output port clocked by vclk)
Path Group: vclk
Path Type: max

        Cap        Slew       Delay        Time   Description
---------------------------------------------------------------------------------------
               0.000000    0.000000    0.000000   clock vclk (rise edge)
                           0.000000    0.000000   clock network delay (ideal)
                           0.000000    0.000000 ^ input external delay
   0.007693    0.050000    0.000000    0.000000 ^ b[6] (in)
               0.050000    0.000000    0.000000 ^ _242_/B (XOR2X1)
   0.009849    0.077798    0.077612    0.077612 ^ _242_/Y (XOR2X1)
               0.077798    0.000000    0.077612 ^ _287_/B (AND2X1)
   0.005839    0.043028    0.048845    0.126457 ^ _287_/Y (AND2X1)
               0.043028    0.000000    0.126457 ^ _292_/C (AOI22X1)
   0.002632    0.036275    0.025359    0.151816 v _292_/Y (AOI22X1)
               0.036275    0.000000    0.151816 v _293_/B (OAI21X1)
   0.002832    0.045182    0.047529    0.199345 ^ _293_/Y (OAI21X1)
               0.045182    0.000000    0.199345 ^ _294_/B (OAI21X1)
   0.004484    0.013369    0.027117    0.226462 v _294_/Y (OAI21X1)
               0.013369    0.000000    0.226462 v _299_/B (NAND3X1)
   0.007742    0.062908    0.050342    0.276804 ^ _299_/Y (NAND3X1)
               0.062908    0.000000    0.276804 ^ _302_/A (AOI21X1)
   0.007569    0.029674    0.037868    0.314672 v _302_/Y (AOI21X1)
               0.029674    0.000000    0.314672 v _305_/A (OAI21X1)
   0.008137    0.068412    0.065418    0.380090 ^ _305_/Y (OAI21X1)
               0.068412    0.000000    0.380090 ^ _307_/A (AOI21X1)
   0.007189    0.028231    0.038504    0.418594 v _307_/Y (AOI21X1)
               0.028231    0.000000    0.418594 v _311_/A (OAI21X1)
   0.008137    0.068547    0.065092    0.483686 ^ _311_/Y (OAI21X1)
               0.068547    0.000000    0.483686 ^ _313_/A (AOI21X1)
   0.007569    0.029157    0.039216    0.522902 v _313_/Y (AOI21X1)
               0.029157    0.000000    0.522902 v _316_/A (OAI21X1)
   0.007742    0.066610    0.064029    0.586931 ^ _316_/Y (OAI21X1)
               0.066610    0.000000    0.586931 ^ _319_/A (AOI21X1)
   0.007569    0.029670    0.038753    0.625684 v _319_/Y (AOI21X1)
               0.029670    0.000000    0.625684 v _322_/A (OAI21X1)
   0.007742    0.066562    0.064145    0.689829 ^ _322_/Y (OAI21X1)
               0.066562    0.000000    0.689829 ^ _325_/A (AOI21X1)
   0.007189    0.028788    0.038061    0.727890 v _325_/Y (AOI21X1)
               0.028788    0.000000    0.727890 v _328_/A (OAI21X1)
   0.008137    0.068495    0.065218    0.793108 ^ _328_/Y (OAI21X1)
               0.068495    0.000000    0.793108 ^ _330_/A (AOI21X1)
   0.007189    0.028111    0.038523    0.831632 v _330_/Y (AOI21X1)
               0.028111    0.000000    0.831632 v _334_/A (OAI21X1)
   0.008137    0.068558    0.065065    0.896697 ^ _334_/Y (OAI21X1)
               0.068558    0.000000    0.896697 ^ _336_/A (AOI21X1)
   0.007189    0.028215    0.038539    0.935235 v _336_/Y (AOI21X1)
               0.028215    0.000000    0.935235 v _339_/A (OAI21X1)
   0.007742    0.066698    0.063816    0.999051 ^ _339_/Y (OAI21X1)
               0.066698    0.000000    0.999051 ^ _342_/A (AOI21X1)
   0.007189    0.028543    0.038094    1.037145 v _342_/Y (AOI21X1)
               0.028543    0.000000    1.037145 v _346_/A (OAI21X1)
   0.008137    0.068518    0.065163    1.102308 ^ _346_/Y (OAI21X1)
               0.068518    0.000000    1.102308 ^ _349_/A (AOI21X1)
   0.007189    0.028335    0.038529    1.140837 v _349_/Y (AOI21X1)
               0.028335    0.000000    1.140837 v _358_/A (XNOR2X1)
   0.010000    0.075590    0.062302    1.203138 ^ _358_/Y (XNOR2X1)
               0.075590    0.000000    1.203138 ^ sum[29] (out)
                                       1.203138   data arrival time

               0.000000  100.000000  100.000000   clock vclk (rise edge)
                           0.000000  100.000000   clock network delay (ideal)
                           0.000000  100.000000   clock reconvergence pessimism
                           0.000000  100.000000   output external delay
                                     100.000000   data required time
---------------------------------------------------------------------------------------
                                     100.000000   data required time
                                      -1.203138   data arrival time
---------------------------------------------------------------------------------------
                                      98.796860   slack (MET)


Startpoint: b[6] (input port clocked by vclk)
Endpoint: sum[28] (output port clocked by vclk)
Path Group: vclk
Path Type: max

        Cap        Slew       Delay        Time   Description
---------------------------------------------------------------------------------------
               0.000000    0.000000    0.000000   clock vclk (rise edge)
                           0.000000    0.000000   clock network delay (ideal)
                           0.000000    0.000000 ^ input external delay
   0.007693    0.050000    0.000000    0.000000 ^ b[6] (in)
               0.050000    0.000000    0.000000 ^ _242_/B (XOR2X1)
   0.009849    0.077798    0.077612    0.077612 ^ _242_/Y (XOR2X1)
               0.077798    0.000000    0.077612 ^ _287_/B (AND2X1)
   0.005839    0.043028    0.048845    0.126457 ^ _287_/Y (AND2X1)
               0.043028    0.000000    0.126457 ^ _292_/C (AOI22X1)
   0.002632    0.036275    0.025359    0.151816 v _292_/Y (AOI22X1)
               0.036275    0.000000    0.151816 v _293_/B (OAI21X1)
   0.002832    0.045182    0.047529    0.199345 ^ _293_/Y (OAI21X1)
               0.045182    0.000000    0.199345 ^ _294_/B (OAI21X1)
   0.004484    0.013369    0.027117    0.226462 v _294_/Y (OAI21X1)
               0.013369    0.000000    0.226462 v _299_/B (NAND3X1)
   0.007742    0.062908    0.050342    0.276804 ^ _299_/Y (NAND3X1)
               0.062908    0.000000    0.276804 ^ _302_/A (AOI21X1)
   0.007569    0.029674    0.037868    0.314672 v _302_/Y (AOI21X1)
               0.029674    0.000000    0.314672 v _305_/A (OAI21X1)
   0.008137    0.068412    0.065418    0.380090 ^ _305_/Y (OAI21X1)
               0.068412    0.000000    0.380090 ^ _307_/A (AOI21X1)
   0.007189    0.028231    0.038504    0.418594 v _307_/Y (AOI21X1)
               0.028231    0.000000    0.418594 v _311_/A (OAI21X1)
   0.008137    0.068547    0.065092    0.483686 ^ _311_/Y (OAI21X1)
               0.068547    0.000000    0.483686 ^ _313_/A (AOI21X1)
   0.007569    0.029157    0.039216    0.522902 v _313_/Y (AOI21X1)
               0.029157    0.000000    0.522902 v _316_/A (OAI21X1)
   0.007742    0.066610    0.064029    0.586931 ^ _316_/Y (OAI21X1)
               0.066610    0.000000    0.586931 ^ _319_/A (AOI21X1)
   0.007569    0.029670    0.038753    0.625684 v _319_/Y (AOI21X1)
               0.029670    0.000000    0.625684 v _322_/A (OAI21X1)
   0.007742    0.066562    0.064145    0.689829 ^ _322_/Y (OAI21X1)
               0.066562    0.000000    0.689829 ^ _325_/A (AOI21X1)
   0.007189    0.028788    0.038061    0.727890 v _325_/Y (AOI21X1)
               0.028788    0.000000    0.727890 v _328_/A (OAI21X1)
   0.008137    0.068495    0.065218    0.793108 ^ _328_/Y (OAI21X1)
               0.068495    0.000000    0.793108 ^ _330_/A (AOI21X1)
   0.007189    0.028111    0.038523    0.831632 v _330_/Y (AOI21X1)
               0.028111    0.000000    0.831632 v _334_/A (OAI21X1)
   0.008137    0.068558    0.065065    0.896697 ^ _334_/Y (OAI21X1)
               0.068558    0.000000    0.896697 ^ _336_/A (AOI21X1)
   0.007189    0.028215    0.038539    0.935235 v _336_/Y (AOI21X1)
               0.028215    0.000000    0.935235 v _339_/A (OAI21X1)
   0.007742    0.066698    0.063816    0.999051 ^ _339_/Y (OAI21X1)
               0.066698    0.000000    0.999051 ^ _342_/A (AOI21X1)
   0.007189    0.028543    0.038094    1.037145 v _342_/Y (AOI21X1)
               0.028543    0.000000    1.037145 v _346_/A (OAI21X1)
   0.008137    0.068518    0.065163    1.102308 ^ _346_/Y (OAI21X1)
               0.068518    0.000000    1.102308 ^ _359_/A (XOR2X1)
   0.010000    0.079627    0.065923    1.168230 ^ _359_/Y (XOR2X1)
               0.079627    0.000000    1.168230 ^ sum[28] (out)
                                       1.168230   data arrival time

               0.000000  100.000000  100.000000   clock vclk (rise edge)
                           0.000000  100.000000   clock network delay (ideal)
                           0.000000  100.000000   clock reconvergence pessimism
                           0.000000  100.000000   output external delay
                                     100.000000   data required time
---------------------------------------------------------------------------------------
                                     100.000000   data required time
                                      -1.168230   data arrival time
---------------------------------------------------------------------------------------
                                      98.831764   slack (MET)


Startpoint: b[6] (input port clocked by vclk)
Endpoint: sum[27] (output port clocked by vclk)
Path Group: vclk
Path Type: max

        Cap        Slew       Delay        Time   Description
---------------------------------------------------------------------------------------
               0.000000    0.000000    0.000000   clock vclk (rise edge)
                           0.000000    0.000000   clock network delay (ideal)
                           0.000000    0.000000 ^ input external delay
   0.007693    0.050000    0.000000    0.000000 ^ b[6] (in)
               0.050000    0.000000    0.000000 ^ _242_/B (XOR2X1)
   0.009849    0.077798    0.077612    0.077612 ^ _242_/Y (XOR2X1)
               0.077798    0.000000    0.077612 ^ _287_/B (AND2X1)
   0.005839    0.043028    0.048845    0.126457 ^ _287_/Y (AND2X1)
               0.043028    0.000000    0.126457 ^ _292_/C (AOI22X1)
   0.002632    0.036275    0.025359    0.151816 v _292_/Y (AOI22X1)
               0.036275    0.000000    0.151816 v _293_/B (OAI21X1)
   0.002832    0.045182    0.047529    0.199345 ^ _293_/Y (OAI21X1)
               0.045182    0.000000    0.199345 ^ _294_/B (OAI21X1)
   0.004484    0.013369    0.027117    0.226462 v _294_/Y (OAI21X1)
               0.013369    0.000000    0.226462 v _299_/B (NAND3X1)
   0.007742    0.062908    0.050342    0.276804 ^ _299_/Y (NAND3X1)
               0.062908    0.000000    0.276804 ^ _302_/A (AOI21X1)
   0.007569    0.029674    0.037868    0.314672 v _302_/Y (AOI21X1)
               0.029674    0.000000    0.314672 v _305_/A (OAI21X1)
   0.008137    0.068412    0.065418    0.380090 ^ _305_/Y (OAI21X1)
               0.068412    0.000000    0.380090 ^ _307_/A (AOI21X1)
   0.007189    0.028231    0.038504    0.418594 v _307_/Y (AOI21X1)
               0.028231    0.000000    0.418594 v _311_/A (OAI21X1)
   0.008137    0.068547    0.065092    0.483686 ^ _311_/Y (OAI21X1)
               0.068547    0.000000    0.483686 ^ _313_/A (AOI21X1)
   0.007569    0.029157    0.039216    0.522902 v _313_/Y (AOI21X1)
               0.029157    0.000000    0.522902 v _316_/A (OAI21X1)
   0.007742    0.066610    0.064029    0.586931 ^ _316_/Y (OAI21X1)
               0.066610    0.000000    0.586931 ^ _319_/A (AOI21X1)
   0.007569    0.029670    0.038753    0.625684 v _319_/Y (AOI21X1)
               0.029670    0.000000    0.625684 v _322_/A (OAI21X1)
   0.007742    0.066562    0.064145    0.689829 ^ _322_/Y (OAI21X1)
               0.066562    0.000000    0.689829 ^ _325_/A (AOI21X1)
   0.007189    0.028788    0.038061    0.727890 v _325_/Y (AOI21X1)
               0.028788    0.000000    0.727890 v _328_/A (OAI21X1)
   0.008137    0.068495    0.065218    0.793108 ^ _328_/Y (OAI21X1)
               0.068495    0.000000    0.793108 ^ _330_/A (AOI21X1)
   0.007189    0.028111    0.038523    0.831632 v _330_/Y (AOI21X1)
               0.028111    0.000000    0.831632 v _334_/A (OAI21X1)
   0.008137    0.068558    0.065065    0.896697 ^ _334_/Y (OAI21X1)
               0.068558    0.000000    0.896697 ^ _336_/A (AOI21X1)
   0.007189    0.028215    0.038539    0.935235 v _336_/Y (AOI21X1)
               0.028215    0.000000    0.935235 v _339_/A (OAI21X1)
   0.007742    0.066698    0.063816    0.999051 ^ _339_/Y (OAI21X1)
               0.066698    0.000000    0.999051 ^ _342_/A (AOI21X1)
   0.007189    0.028543    0.038094    1.037145 v _342_/Y (AOI21X1)
               0.028543    0.000000    1.037145 v _360_/A (XNOR2X1)
   0.010000    0.075563    0.062327    1.099472 ^ _360_/Y (XNOR2X1)
               0.075563    0.000000    1.099472 ^ sum[27] (out)
                                       1.099472   data arrival time

               0.000000  100.000000  100.000000   clock vclk (rise edge)
                           0.000000  100.000000   clock network delay (ideal)
                           0.000000  100.000000   clock reconvergence pessimism
                           0.000000  100.000000   output external delay
                                     100.000000   data required time
---------------------------------------------------------------------------------------
                                     100.000000   data required time
                                      -1.099472   data arrival time
---------------------------------------------------------------------------------------
                                      98.900528   slack (MET)


Startpoint: b[6] (input port clocked by vclk)
Endpoint: sum[26] (output port clocked by vclk)
Path Group: vclk
Path Type: max

        Cap        Slew       Delay        Time   Description
---------------------------------------------------------------------------------------
               0.000000    0.000000    0.000000   clock vclk (rise edge)
                           0.000000    0.000000   clock network delay (ideal)
                           0.000000    0.000000 ^ input external delay
   0.007693    0.050000    0.000000    0.000000 ^ b[6] (in)
               0.050000    0.000000    0.000000 ^ _242_/B (XOR2X1)
   0.009849    0.077798    0.077612    0.077612 ^ _242_/Y (XOR2X1)
               0.077798    0.000000    0.077612 ^ _287_/B (AND2X1)
   0.005839    0.043028    0.048845    0.126457 ^ _287_/Y (AND2X1)
               0.043028    0.000000    0.126457 ^ _292_/C (AOI22X1)
   0.002632    0.036275    0.025359    0.151816 v _292_/Y (AOI22X1)
               0.036275    0.000000    0.151816 v _293_/B (OAI21X1)
   0.002832    0.045182    0.047529    0.199345 ^ _293_/Y (OAI21X1)
               0.045182    0.000000    0.199345 ^ _294_/B (OAI21X1)
   0.004484    0.013369    0.027117    0.226462 v _294_/Y (OAI21X1)
               0.013369    0.000000    0.226462 v _299_/B (NAND3X1)
   0.007742    0.062908    0.050342    0.276804 ^ _299_/Y (NAND3X1)
               0.062908    0.000000    0.276804 ^ _302_/A (AOI21X1)
   0.007569    0.029674    0.037868    0.314672 v _302_/Y (AOI21X1)
               0.029674    0.000000    0.314672 v _305_/A (OAI21X1)
   0.008137    0.068412    0.065418    0.380090 ^ _305_/Y (OAI21X1)
               0.068412    0.000000    0.380090 ^ _307_/A (AOI21X1)
   0.007189    0.028231    0.038504    0.418594 v _307_/Y (AOI21X1)
               0.028231    0.000000    0.418594 v _311_/A (OAI21X1)
   0.008137    0.068547    0.065092    0.483686 ^ _311_/Y (OAI21X1)
               0.068547    0.000000    0.483686 ^ _313_/A (AOI21X1)
   0.007569    0.029157    0.039216    0.522902 v _313_/Y (AOI21X1)
               0.029157    0.000000    0.522902 v _316_/A (OAI21X1)
   0.007742    0.066610    0.064029    0.586931 ^ _316_/Y (OAI21X1)
               0.066610    0.000000    0.586931 ^ _319_/A (AOI21X1)
   0.007569    0.029670    0.038753    0.625684 v _319_/Y (AOI21X1)
               0.029670    0.000000    0.625684 v _322_/A (OAI21X1)
   0.007742    0.066562    0.064145    0.689829 ^ _322_/Y (OAI21X1)
               0.066562    0.000000    0.689829 ^ _325_/A (AOI21X1)
   0.007189    0.028788    0.038061    0.727890 v _325_/Y (AOI21X1)
               0.028788    0.000000    0.727890 v _328_/A (OAI21X1)
   0.008137    0.068495    0.065218    0.793108 ^ _328_/Y (OAI21X1)
               0.068495    0.000000    0.793108 ^ _330_/A (AOI21X1)
   0.007189    0.028111    0.038523    0.831632 v _330_/Y (AOI21X1)
               0.028111    0.000000    0.831632 v _334_/A (OAI21X1)
   0.008137    0.068558    0.065065    0.896697 ^ _334_/Y (OAI21X1)
               0.068558    0.000000    0.896697 ^ _336_/A (AOI21X1)
   0.007189    0.028215    0.038539    0.935235 v _336_/Y (AOI21X1)
               0.028215    0.000000    0.935235 v _339_/A (OAI21X1)
   0.007742    0.066698    0.063816    0.999051 ^ _339_/Y (OAI21X1)
               0.066698    0.000000    0.999051 ^ _361_/A (XNOR2X1)
   0.010000    0.075744    0.067004    1.066056 ^ _361_/Y (XNOR2X1)
               0.075744    0.000000    1.066056 ^ sum[26] (out)
                                       1.066056   data arrival time

               0.000000  100.000000  100.000000   clock vclk (rise edge)
                           0.000000  100.000000   clock network delay (ideal)
                           0.000000  100.000000   clock reconvergence pessimism
                           0.000000  100.000000   output external delay
                                     100.000000   data required time
---------------------------------------------------------------------------------------
                                     100.000000   data required time
                                      -1.066056   data arrival time
---------------------------------------------------------------------------------------
                                      98.933945   slack (MET)


Startpoint: b[6] (input port clocked by vclk)
Endpoint: sum[25] (output port clocked by vclk)
Path Group: vclk
Path Type: max

        Cap        Slew       Delay        Time   Description
---------------------------------------------------------------------------------------
               0.000000    0.000000    0.000000   clock vclk (rise edge)
                           0.000000    0.000000   clock network delay (ideal)
                           0.000000    0.000000 ^ input external delay
   0.007693    0.050000    0.000000    0.000000 ^ b[6] (in)
               0.050000    0.000000    0.000000 ^ _242_/B (XOR2X1)
   0.009849    0.077798    0.077612    0.077612 ^ _242_/Y (XOR2X1)
               0.077798    0.000000    0.077612 ^ _287_/B (AND2X1)
   0.005839    0.043028    0.048845    0.126457 ^ _287_/Y (AND2X1)
               0.043028    0.000000    0.126457 ^ _292_/C (AOI22X1)
   0.002632    0.036275    0.025359    0.151816 v _292_/Y (AOI22X1)
               0.036275    0.000000    0.151816 v _293_/B (OAI21X1)
   0.002832    0.045182    0.047529    0.199345 ^ _293_/Y (OAI21X1)
               0.045182    0.000000    0.199345 ^ _294_/B (OAI21X1)
   0.004484    0.013369    0.027117    0.226462 v _294_/Y (OAI21X1)
               0.013369    0.000000    0.226462 v _299_/B (NAND3X1)
   0.007742    0.062908    0.050342    0.276804 ^ _299_/Y (NAND3X1)
               0.062908    0.000000    0.276804 ^ _302_/A (AOI21X1)
   0.007569    0.029674    0.037868    0.314672 v _302_/Y (AOI21X1)
               0.029674    0.000000    0.314672 v _305_/A (OAI21X1)
   0.008137    0.068412    0.065418    0.380090 ^ _305_/Y (OAI21X1)
               0.068412    0.000000    0.380090 ^ _307_/A (AOI21X1)
   0.007189    0.028231    0.038504    0.418594 v _307_/Y (AOI21X1)
               0.028231    0.000000    0.418594 v _311_/A (OAI21X1)
   0.008137    0.068547    0.065092    0.483686 ^ _311_/Y (OAI21X1)
               0.068547    0.000000    0.483686 ^ _313_/A (AOI21X1)
   0.007569    0.029157    0.039216    0.522902 v _313_/Y (AOI21X1)
               0.029157    0.000000    0.522902 v _316_/A (OAI21X1)
   0.007742    0.066610    0.064029    0.586931 ^ _316_/Y (OAI21X1)
               0.066610    0.000000    0.586931 ^ _319_/A (AOI21X1)
   0.007569    0.029670    0.038753    0.625684 v _319_/Y (AOI21X1)
               0.029670    0.000000    0.625684 v _322_/A (OAI21X1)
   0.007742    0.066562    0.064145    0.689829 ^ _322_/Y (OAI21X1)
               0.066562    0.000000    0.689829 ^ _325_/A (AOI21X1)
   0.007189    0.028788    0.038061    0.727890 v _325_/Y (AOI21X1)
               0.028788    0.000000    0.727890 v _328_/A (OAI21X1)
   0.008137    0.068495    0.065218    0.793108 ^ _328_/Y (OAI21X1)
               0.068495    0.000000    0.793108 ^ _330_/A (AOI21X1)
   0.007189    0.028111    0.038523    0.831632 v _330_/Y (AOI21X1)
               0.028111    0.000000    0.831632 v _334_/A (OAI21X1)
   0.008137    0.068558    0.065065    0.896697 ^ _334_/Y (OAI21X1)
               0.068558    0.000000    0.896697 ^ _336_/A (AOI21X1)
   0.007189    0.028215    0.038539    0.935235 v _336_/Y (AOI21X1)
               0.028215    0.000000    0.935235 v _362_/A (XNOR2X1)
   0.010000    0.075557    0.062287    0.997522 ^ _362_/Y (XNOR2X1)
               0.075557    0.000000    0.997522 ^ sum[25] (out)
                                       0.997522   data arrival time

               0.000000  100.000000  100.000000   clock vclk (rise edge)
                           0.000000  100.000000   clock network delay (ideal)
                           0.000000  100.000000   clock reconvergence pessimism
                           0.000000  100.000000   output external delay
                                     100.000000   data required time
---------------------------------------------------------------------------------------
                                     100.000000   data required time
                                      -0.997522   data arrival time
---------------------------------------------------------------------------------------
                                      99.002472   slack (MET)


Startpoint: b[6] (input port clocked by vclk)
Endpoint: sum[24] (output port clocked by vclk)
Path Group: vclk
Path Type: max

        Cap        Slew       Delay        Time   Description
---------------------------------------------------------------------------------------
               0.000000    0.000000    0.000000   clock vclk (rise edge)
                           0.000000    0.000000   clock network delay (ideal)
                           0.000000    0.000000 ^ input external delay
   0.007693    0.050000    0.000000    0.000000 ^ b[6] (in)
               0.050000    0.000000    0.000000 ^ _242_/B (XOR2X1)
   0.009849    0.077798    0.077612    0.077612 ^ _242_/Y (XOR2X1)
               0.077798    0.000000    0.077612 ^ _287_/B (AND2X1)
   0.005839    0.043028    0.048845    0.126457 ^ _287_/Y (AND2X1)
               0.043028    0.000000    0.126457 ^ _292_/C (AOI22X1)
   0.002632    0.036275    0.025359    0.151816 v _292_/Y (AOI22X1)
               0.036275    0.000000    0.151816 v _293_/B (OAI21X1)
   0.002832    0.045182    0.047529    0.199345 ^ _293_/Y (OAI21X1)
               0.045182    0.000000    0.199345 ^ _294_/B (OAI21X1)
   0.004484    0.013369    0.027117    0.226462 v _294_/Y (OAI21X1)
               0.013369    0.000000    0.226462 v _299_/B (NAND3X1)
   0.007742    0.062908    0.050342    0.276804 ^ _299_/Y (NAND3X1)
               0.062908    0.000000    0.276804 ^ _302_/A (AOI21X1)
   0.007569    0.029674    0.037868    0.314672 v _302_/Y (AOI21X1)
               0.029674    0.000000    0.314672 v _305_/A (OAI21X1)
   0.008137    0.068412    0.065418    0.380090 ^ _305_/Y (OAI21X1)
               0.068412    0.000000    0.380090 ^ _307_/A (AOI21X1)
   0.007189    0.028231    0.038504    0.418594 v _307_/Y (AOI21X1)
               0.028231    0.000000    0.418594 v _311_/A (OAI21X1)
   0.008137    0.068547    0.065092    0.483686 ^ _311_/Y (OAI21X1)
               0.068547    0.000000    0.483686 ^ _313_/A (AOI21X1)
   0.007569    0.029157    0.039216    0.522902 v _313_/Y (AOI21X1)
               0.029157    0.000000    0.522902 v _316_/A (OAI21X1)
   0.007742    0.066610    0.064029    0.586931 ^ _316_/Y (OAI21X1)
               0.066610    0.000000    0.586931 ^ _319_/A (AOI21X1)
   0.007569    0.029670    0.038753    0.625684 v _319_/Y (AOI21X1)
               0.029670    0.000000    0.625684 v _322_/A (OAI21X1)
   0.007742    0.066562    0.064145    0.689829 ^ _322_/Y (OAI21X1)
               0.066562    0.000000    0.689829 ^ _325_/A (AOI21X1)
   0.007189    0.028788    0.038061    0.727890 v _325_/Y (AOI21X1)
               0.028788    0.000000    0.727890 v _328_/A (OAI21X1)
   0.008137    0.068495    0.065218    0.793108 ^ _328_/Y (OAI21X1)
               0.068495    0.000000    0.793108 ^ _330_/A (AOI21X1)
   0.007189    0.028111    0.038523    0.831632 v _330_/Y (AOI21X1)
               0.028111    0.000000    0.831632 v _334_/A (OAI21X1)
   0.008137    0.068558    0.065065    0.896697 ^ _334_/Y (OAI21X1)
               0.068558    0.000000    0.896697 ^ _363_/A (XOR2X1)
   0.010000    0.079627    0.065928    0.962625 ^ _363_/Y (XOR2X1)
               0.079627    0.000000    0.962625 ^ sum[24] (out)
                                       0.962625   data arrival time

               0.000000  100.000000  100.000000   clock vclk (rise edge)
                           0.000000  100.000000   clock network delay (ideal)
                           0.000000  100.000000   clock reconvergence pessimism
                           0.000000  100.000000   output external delay
                                     100.000000   data required time
---------------------------------------------------------------------------------------
                                     100.000000   data required time
                                      -0.962625   data arrival time
---------------------------------------------------------------------------------------
                                      99.037376   slack (MET)


Startpoint: b[6] (input port clocked by vclk)
Endpoint: sum[23] (output port clocked by vclk)
Path Group: vclk
Path Type: max

        Cap        Slew       Delay        Time   Description
---------------------------------------------------------------------------------------
               0.000000    0.000000    0.000000   clock vclk (rise edge)
                           0.000000    0.000000   clock network delay (ideal)
                           0.000000    0.000000 ^ input external delay
   0.007693    0.050000    0.000000    0.000000 ^ b[6] (in)
               0.050000    0.000000    0.000000 ^ _242_/B (XOR2X1)
   0.009849    0.077798    0.077612    0.077612 ^ _242_/Y (XOR2X1)
               0.077798    0.000000    0.077612 ^ _287_/B (AND2X1)
   0.005839    0.043028    0.048845    0.126457 ^ _287_/Y (AND2X1)
               0.043028    0.000000    0.126457 ^ _292_/C (AOI22X1)
   0.002632    0.036275    0.025359    0.151816 v _292_/Y (AOI22X1)
               0.036275    0.000000    0.151816 v _293_/B (OAI21X1)
   0.002832    0.045182    0.047529    0.199345 ^ _293_/Y (OAI21X1)
               0.045182    0.000000    0.199345 ^ _294_/B (OAI21X1)
   0.004484    0.013369    0.027117    0.226462 v _294_/Y (OAI21X1)
               0.013369    0.000000    0.226462 v _299_/B (NAND3X1)
   0.007742    0.062908    0.050342    0.276804 ^ _299_/Y (NAND3X1)
               0.062908    0.000000    0.276804 ^ _302_/A (AOI21X1)
   0.007569    0.029674    0.037868    0.314672 v _302_/Y (AOI21X1)
               0.029674    0.000000    0.314672 v _305_/A (OAI21X1)
   0.008137    0.068412    0.065418    0.380090 ^ _305_/Y (OAI21X1)
               0.068412    0.000000    0.380090 ^ _307_/A (AOI21X1)
   0.007189    0.028231    0.038504    0.418594 v _307_/Y (AOI21X1)
               0.028231    0.000000    0.418594 v _311_/A (OAI21X1)
   0.008137    0.068547    0.065092    0.483686 ^ _311_/Y (OAI21X1)
               0.068547    0.000000    0.483686 ^ _313_/A (AOI21X1)
   0.007569    0.029157    0.039216    0.522902 v _313_/Y (AOI21X1)
               0.029157    0.000000    0.522902 v _316_/A (OAI21X1)
   0.007742    0.066610    0.064029    0.586931 ^ _316_/Y (OAI21X1)
               0.066610    0.000000    0.586931 ^ _319_/A (AOI21X1)
   0.007569    0.029670    0.038753    0.625684 v _319_/Y (AOI21X1)
               0.029670    0.000000    0.625684 v _322_/A (OAI21X1)
   0.007742    0.066562    0.064145    0.689829 ^ _322_/Y (OAI21X1)
               0.066562    0.000000    0.689829 ^ _325_/A (AOI21X1)
   0.007189    0.028788    0.038061    0.727890 v _325_/Y (AOI21X1)
               0.028788    0.000000    0.727890 v _328_/A (OAI21X1)
   0.008137    0.068495    0.065218    0.793108 ^ _328_/Y (OAI21X1)
               0.068495    0.000000    0.793108 ^ _330_/A (AOI21X1)
   0.007189    0.028111    0.038523    0.831632 v _330_/Y (AOI21X1)
               0.028111    0.000000    0.831632 v _364_/A (XNOR2X1)
   0.010000    0.075430    0.062274    0.893906 ^ _364_/Y (XNOR2X1)
               0.075430    0.000000    0.893906 ^ sum[23] (out)
                                       0.893906   data arrival time

               0.000000  100.000000  100.000000   clock vclk (rise edge)
                           0.000000  100.000000   clock network delay (ideal)
                           0.000000  100.000000   clock reconvergence pessimism
                           0.000000  100.000000   output external delay
                                     100.000000   data required time
---------------------------------------------------------------------------------------
                                     100.000000   data required time
                                      -0.893906   data arrival time
---------------------------------------------------------------------------------------
                                      99.106094   slack (MET)


Startpoint: b[6] (input port clocked by vclk)
Endpoint: sum[22] (output port clocked by vclk)
Path Group: vclk
Path Type: max

        Cap        Slew       Delay        Time   Description
---------------------------------------------------------------------------------------
               0.000000    0.000000    0.000000   clock vclk (rise edge)
                           0.000000    0.000000   clock network delay (ideal)
                           0.000000    0.000000 ^ input external delay
   0.007693    0.050000    0.000000    0.000000 ^ b[6] (in)
               0.050000    0.000000    0.000000 ^ _242_/B (XOR2X1)
   0.009849    0.077798    0.077612    0.077612 ^ _242_/Y (XOR2X1)
               0.077798    0.000000    0.077612 ^ _287_/B (AND2X1)
   0.005839    0.043028    0.048845    0.126457 ^ _287_/Y (AND2X1)
               0.043028    0.000000    0.126457 ^ _292_/C (AOI22X1)
   0.002632    0.036275    0.025359    0.151816 v _292_/Y (AOI22X1)
               0.036275    0.000000    0.151816 v _293_/B (OAI21X1)
   0.002832    0.045182    0.047529    0.199345 ^ _293_/Y (OAI21X1)
               0.045182    0.000000    0.199345 ^ _294_/B (OAI21X1)
   0.004484    0.013369    0.027117    0.226462 v _294_/Y (OAI21X1)
               0.013369    0.000000    0.226462 v _299_/B (NAND3X1)
   0.007742    0.062908    0.050342    0.276804 ^ _299_/Y (NAND3X1)
               0.062908    0.000000    0.276804 ^ _302_/A (AOI21X1)
   0.007569    0.029674    0.037868    0.314672 v _302_/Y (AOI21X1)
               0.029674    0.000000    0.314672 v _305_/A (OAI21X1)
   0.008137    0.068412    0.065418    0.380090 ^ _305_/Y (OAI21X1)
               0.068412    0.000000    0.380090 ^ _307_/A (AOI21X1)
   0.007189    0.028231    0.038504    0.418594 v _307_/Y (AOI21X1)
               0.028231    0.000000    0.418594 v _311_/A (OAI21X1)
   0.008137    0.068547    0.065092    0.483686 ^ _311_/Y (OAI21X1)
               0.068547    0.000000    0.483686 ^ _313_/A (AOI21X1)
   0.007569    0.029157    0.039216    0.522902 v _313_/Y (AOI21X1)
               0.029157    0.000000    0.522902 v _316_/A (OAI21X1)
   0.007742    0.066610    0.064029    0.586931 ^ _316_/Y (OAI21X1)
               0.066610    0.000000    0.586931 ^ _319_/A (AOI21X1)
   0.007569    0.029670    0.038753    0.625684 v _319_/Y (AOI21X1)
               0.029670    0.000000    0.625684 v _322_/A (OAI21X1)
   0.007742    0.066562    0.064145    0.689829 ^ _322_/Y (OAI21X1)
               0.066562    0.000000    0.689829 ^ _325_/A (AOI21X1)
   0.007189    0.028788    0.038061    0.727890 v _325_/Y (AOI21X1)
               0.028788    0.000000    0.727890 v _328_/A (OAI21X1)
   0.008137    0.068495    0.065218    0.793108 ^ _328_/Y (OAI21X1)
               0.068495    0.000000    0.793108 ^ _365_/A (XOR2X1)
   0.010000    0.079627    0.065920    0.859028 ^ _365_/Y (XOR2X1)
               0.079627    0.000000    0.859028 ^ sum[22] (out)
                                       0.859028   data arrival time

               0.000000  100.000000  100.000000   clock vclk (rise edge)
                           0.000000  100.000000   clock network delay (ideal)
                           0.000000  100.000000   clock reconvergence pessimism
                           0.000000  100.000000   output external delay
                                     100.000000   data required time
---------------------------------------------------------------------------------------
                                     100.000000   data required time
                                      -0.859028   data arrival time
---------------------------------------------------------------------------------------
                                      99.140968   slack (MET)


Startpoint: b[6] (input port clocked by vclk)
Endpoint: sum[21] (output port clocked by vclk)
Path Group: vclk
Path Type: max

        Cap        Slew       Delay        Time   Description
---------------------------------------------------------------------------------------
               0.000000    0.000000    0.000000   clock vclk (rise edge)
                           0.000000    0.000000   clock network delay (ideal)
                           0.000000    0.000000 ^ input external delay
   0.007693    0.050000    0.000000    0.000000 ^ b[6] (in)
               0.050000    0.000000    0.000000 ^ _242_/B (XOR2X1)
   0.009849    0.077798    0.077612    0.077612 ^ _242_/Y (XOR2X1)
               0.077798    0.000000    0.077612 ^ _287_/B (AND2X1)
   0.005839    0.043028    0.048845    0.126457 ^ _287_/Y (AND2X1)
               0.043028    0.000000    0.126457 ^ _292_/C (AOI22X1)
   0.002632    0.036275    0.025359    0.151816 v _292_/Y (AOI22X1)
               0.036275    0.000000    0.151816 v _293_/B (OAI21X1)
   0.002832    0.045182    0.047529    0.199345 ^ _293_/Y (OAI21X1)
               0.045182    0.000000    0.199345 ^ _294_/B (OAI21X1)
   0.004484    0.013369    0.027117    0.226462 v _294_/Y (OAI21X1)
               0.013369    0.000000    0.226462 v _299_/B (NAND3X1)
   0.007742    0.062908    0.050342    0.276804 ^ _299_/Y (NAND3X1)
               0.062908    0.000000    0.276804 ^ _302_/A (AOI21X1)
   0.007569    0.029674    0.037868    0.314672 v _302_/Y (AOI21X1)
               0.029674    0.000000    0.314672 v _305_/A (OAI21X1)
   0.008137    0.068412    0.065418    0.380090 ^ _305_/Y (OAI21X1)
               0.068412    0.000000    0.380090 ^ _307_/A (AOI21X1)
   0.007189    0.028231    0.038504    0.418594 v _307_/Y (AOI21X1)
               0.028231    0.000000    0.418594 v _311_/A (OAI21X1)
   0.008137    0.068547    0.065092    0.483686 ^ _311_/Y (OAI21X1)
               0.068547    0.000000    0.483686 ^ _313_/A (AOI21X1)
   0.007569    0.029157    0.039216    0.522902 v _313_/Y (AOI21X1)
               0.029157    0.000000    0.522902 v _316_/A (OAI21X1)
   0.007742    0.066610    0.064029    0.586931 ^ _316_/Y (OAI21X1)
               0.066610    0.000000    0.586931 ^ _319_/A (AOI21X1)
   0.007569    0.029670    0.038753    0.625684 v _319_/Y (AOI21X1)
               0.029670    0.000000    0.625684 v _322_/A (OAI21X1)
   0.007742    0.066562    0.064145    0.689829 ^ _322_/Y (OAI21X1)
               0.066562    0.000000    0.689829 ^ _325_/A (AOI21X1)
   0.007189    0.028788    0.038061    0.727890 v _325_/Y (AOI21X1)
               0.028788    0.000000    0.727890 v _366_/A (XNOR2X1)
   0.010000    0.075485    0.062357    0.790247 ^ _366_/Y (XNOR2X1)
               0.075485    0.000000    0.790247 ^ sum[21] (out)
                                       0.790247   data arrival time

               0.000000  100.000000  100.000000   clock vclk (rise edge)
                           0.000000  100.000000   clock network delay (ideal)
                           0.000000  100.000000   clock reconvergence pessimism
                           0.000000  100.000000   output external delay
                                     100.000000   data required time
---------------------------------------------------------------------------------------
                                     100.000000   data required time
                                      -0.790247   data arrival time
---------------------------------------------------------------------------------------
                                      99.209755   slack (MET)


Startpoint: b[6] (input port clocked by vclk)
Endpoint: sum[20] (output port clocked by vclk)
Path Group: vclk
Path Type: max

        Cap        Slew       Delay        Time   Description
---------------------------------------------------------------------------------------
               0.000000    0.000000    0.000000   clock vclk (rise edge)
                           0.000000    0.000000   clock network delay (ideal)
                           0.000000    0.000000 ^ input external delay
   0.007693    0.050000    0.000000    0.000000 ^ b[6] (in)
               0.050000    0.000000    0.000000 ^ _242_/B (XOR2X1)
   0.009849    0.077798    0.077612    0.077612 ^ _242_/Y (XOR2X1)
               0.077798    0.000000    0.077612 ^ _287_/B (AND2X1)
   0.005839    0.043028    0.048845    0.126457 ^ _287_/Y (AND2X1)
               0.043028    0.000000    0.126457 ^ _292_/C (AOI22X1)
   0.002632    0.036275    0.025359    0.151816 v _292_/Y (AOI22X1)
               0.036275    0.000000    0.151816 v _293_/B (OAI21X1)
   0.002832    0.045182    0.047529    0.199345 ^ _293_/Y (OAI21X1)
               0.045182    0.000000    0.199345 ^ _294_/B (OAI21X1)
   0.004484    0.013369    0.027117    0.226462 v _294_/Y (OAI21X1)
               0.013369    0.000000    0.226462 v _299_/B (NAND3X1)
   0.007742    0.062908    0.050342    0.276804 ^ _299_/Y (NAND3X1)
               0.062908    0.000000    0.276804 ^ _302_/A (AOI21X1)
   0.007569    0.029674    0.037868    0.314672 v _302_/Y (AOI21X1)
               0.029674    0.000000    0.314672 v _305_/A (OAI21X1)
   0.008137    0.068412    0.065418    0.380090 ^ _305_/Y (OAI21X1)
               0.068412    0.000000    0.380090 ^ _307_/A (AOI21X1)
   0.007189    0.028231    0.038504    0.418594 v _307_/Y (AOI21X1)
               0.028231    0.000000    0.418594 v _311_/A (OAI21X1)
   0.008137    0.068547    0.065092    0.483686 ^ _311_/Y (OAI21X1)
               0.068547    0.000000    0.483686 ^ _313_/A (AOI21X1)
   0.007569    0.029157    0.039216    0.522902 v _313_/Y (AOI21X1)
               0.029157    0.000000    0.522902 v _316_/A (OAI21X1)
   0.007742    0.066610    0.064029    0.586931 ^ _316_/Y (OAI21X1)
               0.066610    0.000000    0.586931 ^ _319_/A (AOI21X1)
   0.007569    0.029670    0.038753    0.625684 v _319_/Y (AOI21X1)
               0.029670    0.000000    0.625684 v _322_/A (OAI21X1)
   0.007742    0.066562    0.064145    0.689829 ^ _322_/Y (OAI21X1)
               0.066562    0.000000    0.689829 ^ _367_/A (XNOR2X1)
   0.010000    0.075386    0.066988    0.756816 ^ _367_/Y (XNOR2X1)
               0.075386    0.000000    0.756816 ^ sum[20] (out)
                                       0.756816   data arrival time

               0.000000  100.000000  100.000000   clock vclk (rise edge)
                           0.000000  100.000000   clock network delay (ideal)
                           0.000000  100.000000   clock reconvergence pessimism
                           0.000000  100.000000   output external delay
                                     100.000000   data required time
---------------------------------------------------------------------------------------
                                     100.000000   data required time
                                      -0.756816   data arrival time
---------------------------------------------------------------------------------------
                                      99.243187   slack (MET)


Startpoint: b[6] (input port clocked by vclk)
Endpoint: sum[19] (output port clocked by vclk)
Path Group: vclk
Path Type: max

        Cap        Slew       Delay        Time   Description
---------------------------------------------------------------------------------------
               0.000000    0.000000    0.000000   clock vclk (rise edge)
                           0.000000    0.000000   clock network delay (ideal)
                           0.000000    0.000000 ^ input external delay
   0.007693    0.050000    0.000000    0.000000 ^ b[6] (in)
               0.050000    0.000000    0.000000 ^ _242_/B (XOR2X1)
   0.009849    0.077798    0.077612    0.077612 ^ _242_/Y (XOR2X1)
               0.077798    0.000000    0.077612 ^ _287_/B (AND2X1)
   0.005839    0.043028    0.048845    0.126457 ^ _287_/Y (AND2X1)
               0.043028    0.000000    0.126457 ^ _292_/C (AOI22X1)
   0.002632    0.036275    0.025359    0.151816 v _292_/Y (AOI22X1)
               0.036275    0.000000    0.151816 v _293_/B (OAI21X1)
   0.002832    0.045182    0.047529    0.199345 ^ _293_/Y (OAI21X1)
               0.045182    0.000000    0.199345 ^ _294_/B (OAI21X1)
   0.004484    0.013369    0.027117    0.226462 v _294_/Y (OAI21X1)
               0.013369    0.000000    0.226462 v _299_/B (NAND3X1)
   0.007742    0.062908    0.050342    0.276804 ^ _299_/Y (NAND3X1)
               0.062908    0.000000    0.276804 ^ _302_/A (AOI21X1)
   0.007569    0.029674    0.037868    0.314672 v _302_/Y (AOI21X1)
               0.029674    0.000000    0.314672 v _305_/A (OAI21X1)
   0.008137    0.068412    0.065418    0.380090 ^ _305_/Y (OAI21X1)
               0.068412    0.000000    0.380090 ^ _307_/A (AOI21X1)
   0.007189    0.028231    0.038504    0.418594 v _307_/Y (AOI21X1)
               0.028231    0.000000    0.418594 v _311_/A (OAI21X1)
   0.008137    0.068547    0.065092    0.483686 ^ _311_/Y (OAI21X1)
               0.068547    0.000000    0.483686 ^ _313_/A (AOI21X1)
   0.007569    0.029157    0.039216    0.522902 v _313_/Y (AOI21X1)
               0.029157    0.000000    0.522902 v _316_/A (OAI21X1)
   0.007742    0.066610    0.064029    0.586931 ^ _316_/Y (OAI21X1)
               0.066610    0.000000    0.586931 ^ _319_/A (AOI21X1)
   0.007569    0.029670    0.038753    0.625684 v _319_/Y (AOI21X1)
               0.029670    0.000000    0.625684 v _368_/A (XOR2X1)
   0.010000    0.079296    0.060697    0.686381 ^ _368_/Y (XOR2X1)
               0.079296    0.000000    0.686381 ^ sum[19] (out)
                                       0.686381   data arrival time

               0.000000  100.000000  100.000000   clock vclk (rise edge)
                           0.000000  100.000000   clock network delay (ideal)
                           0.000000  100.000000   clock reconvergence pessimism
                           0.000000  100.000000   output external delay
                                     100.000000   data required time
---------------------------------------------------------------------------------------
                                     100.000000   data required time
                                      -0.686381   data arrival time
---------------------------------------------------------------------------------------
                                      99.313622   slack (MET)


Startpoint: cin (input port clocked by vclk)
Endpoint: sum[11] (output port clocked by vclk)
Path Group: vclk
Path Type: max

        Cap        Slew       Delay        Time   Description
---------------------------------------------------------------------------------------
               0.000000    0.000000    0.000000   clock vclk (rise edge)
                           0.000000    0.000000   clock network delay (ideal)
                           0.000000    0.000000 ^ input external delay
   0.001551    0.050000    0.000000    0.000000 ^ cin (in)
               0.050000    0.000000    0.000000 ^ _202_/A (INVX1)
   0.007189    0.023867    0.036772    0.036772 v _202_/Y (INVX1)
               0.023867    0.000000    0.036772 v _253_/A (OAI21X1)
   0.011061    0.082637    0.073520    0.110292 ^ _253_/Y (OAI21X1)
               0.082637    0.000000    0.110292 ^ _257_/B (OAI21X1)
   0.006334    0.017330    0.038489    0.148782 v _257_/Y (OAI21X1)
               0.017330    0.000000    0.148782 v _264_/A (NAND2X1)
   0.004658    0.045648    0.036059    0.184840 ^ _264_/Y (NAND2X1)
               0.045648    0.000000    0.184840 ^ _271_/A (NAND3X1)
   0.001944    0.014992    0.022061    0.206901 v _271_/Y (NAND3X1)
               0.014992    0.000000    0.206901 v _272_/B (NAND2X1)
   0.007693    0.060566    0.031259    0.238160 ^ _272_/Y (NAND2X1)
               0.060566    0.000000    0.238160 ^ _273_/B (NAND2X1)
   0.001944    0.016863    0.025920    0.264080 v _273_/Y (NAND2X1)
               0.016863    0.000000    0.264080 v _274_/B (NAND2X1)
   0.007693    0.060442    0.031869    0.295949 ^ _274_/Y (NAND2X1)
               0.060442    0.000000    0.295949 ^ _275_/B (NAND2X1)
   0.001944    0.016876    0.025893    0.321842 v _275_/Y (NAND2X1)
               0.016876    0.000000    0.321842 v _276_/B (NAND2X1)
   0.007617    0.060078    0.031632    0.353474 ^ _276_/Y (NAND2X1)
               0.060078    0.000000    0.353474 ^ _277_/B (NAND2X1)
   0.001944    0.016914    0.025813    0.379287 v _277_/Y (NAND2X1)
               0.016914    0.000000    0.379287 v _278_/B (NAND2X1)
   0.007693    0.060438    0.031885    0.411172 ^ _278_/Y (NAND2X1)
               0.060438    0.000000    0.411172 ^ _279_/B (NAND2X1)
   0.004623    0.023468    0.030565    0.441737 v _279_/Y (NAND2X1)
               0.023468    0.000000    0.441737 v _281_/B (AOI21X1)
   0.002424    0.028107    0.034220    0.475958 ^ _281_/Y (AOI21X1)
               0.028107    0.000000    0.475958 ^ _282_/B (OR2X1)
   0.007617    0.045234    0.066775    0.542733 ^ _282_/Y (OR2X1)
               0.045234    0.000000    0.542733 ^ _283_/B (NAND2X1)
   0.001944    0.018445    0.022557    0.565290 v _283_/Y (NAND2X1)
               0.018445    0.000000    0.565290 v _284_/B (NAND2X1)
   0.005589    0.050366    0.025781    0.591071 ^ _284_/Y (NAND2X1)
               0.050366    0.000000    0.591071 ^ _376_/B (XNOR2X1)
   0.010000    0.075680    0.078139    0.669210 ^ _376_/Y (XNOR2X1)
               0.075680    0.000000    0.669210 ^ sum[11] (out)
                                       0.669210   data arrival time

               0.000000  100.000000  100.000000   clock vclk (rise edge)
                           0.000000  100.000000   clock network delay (ideal)
                           0.000000  100.000000   clock reconvergence pessimism
                           0.000000  100.000000   output external delay
                                     100.000000   data required time
---------------------------------------------------------------------------------------
                                     100.000000   data required time
                                      -0.669210   data arrival time
---------------------------------------------------------------------------------------
                                      99.330788   slack (MET)


Startpoint: b[6] (input port clocked by vclk)
Endpoint: sum[18] (output port clocked by vclk)
Path Group: vclk
Path Type: max

        Cap        Slew       Delay        Time   Description
---------------------------------------------------------------------------------------
               0.000000    0.000000    0.000000   clock vclk (rise edge)
                           0.000000    0.000000   clock network delay (ideal)
                           0.000000    0.000000 ^ input external delay
   0.007693    0.050000    0.000000    0.000000 ^ b[6] (in)
               0.050000    0.000000    0.000000 ^ _242_/B (XOR2X1)
   0.009849    0.077798    0.077612    0.077612 ^ _242_/Y (XOR2X1)
               0.077798    0.000000    0.077612 ^ _287_/B (AND2X1)
   0.005839    0.043028    0.048845    0.126457 ^ _287_/Y (AND2X1)
               0.043028    0.000000    0.126457 ^ _292_/C (AOI22X1)
   0.002632    0.036275    0.025359    0.151816 v _292_/Y (AOI22X1)
               0.036275    0.000000    0.151816 v _293_/B (OAI21X1)
   0.002832    0.045182    0.047529    0.199345 ^ _293_/Y (OAI21X1)
               0.045182    0.000000    0.199345 ^ _294_/B (OAI21X1)
   0.004484    0.013369    0.027117    0.226462 v _294_/Y (OAI21X1)
               0.013369    0.000000    0.226462 v _299_/B (NAND3X1)
   0.007742    0.062908    0.050342    0.276804 ^ _299_/Y (NAND3X1)
               0.062908    0.000000    0.276804 ^ _302_/A (AOI21X1)
   0.007569    0.029674    0.037868    0.314672 v _302_/Y (AOI21X1)
               0.029674    0.000000    0.314672 v _305_/A (OAI21X1)
   0.008137    0.068412    0.065418    0.380090 ^ _305_/Y (OAI21X1)
               0.068412    0.000000    0.380090 ^ _307_/A (AOI21X1)
   0.007189    0.028231    0.038504    0.418594 v _307_/Y (AOI21X1)
               0.028231    0.000000    0.418594 v _311_/A (OAI21X1)
   0.008137    0.068547    0.065092    0.483686 ^ _311_/Y (OAI21X1)
               0.068547    0.000000    0.483686 ^ _313_/A (AOI21X1)
   0.007569    0.029157    0.039216    0.522902 v _313_/Y (AOI21X1)
               0.029157    0.000000    0.522902 v _316_/A (OAI21X1)
   0.007742    0.066610    0.064029    0.586931 ^ _316_/Y (OAI21X1)
               0.066610    0.000000    0.586931 ^ _369_/A (XNOR2X1)
   0.010000    0.075527    0.066994    0.653924 ^ _369_/Y (XNOR2X1)
               0.075527    0.000000    0.653924 ^ sum[18] (out)
                                       0.653924   data arrival time

               0.000000  100.000000  100.000000   clock vclk (rise edge)
                           0.000000  100.000000   clock network delay (ideal)
                           0.000000  100.000000   clock reconvergence pessimism
                           0.000000  100.000000   output external delay
                                     100.000000   data required time
---------------------------------------------------------------------------------------
                                     100.000000   data required time
                                      -0.653924   data arrival time
---------------------------------------------------------------------------------------
                                      99.346069   slack (MET)


Startpoint: cin (input port clocked by vclk)
Endpoint: sum[10] (output port clocked by vclk)
Path Group: vclk
Path Type: max

        Cap        Slew       Delay        Time   Description
---------------------------------------------------------------------------------------
               0.000000    0.000000    0.000000   clock vclk (rise edge)
                           0.000000    0.000000   clock network delay (ideal)
                           0.000000    0.000000 ^ input external delay
   0.001551    0.050000    0.000000    0.000000 ^ cin (in)
               0.050000    0.000000    0.000000 ^ _202_/A (INVX1)
   0.007189    0.023867    0.036772    0.036772 v _202_/Y (INVX1)
               0.023867    0.000000    0.036772 v _253_/A (OAI21X1)
   0.011061    0.082637    0.073520    0.110292 ^ _253_/Y (OAI21X1)
               0.082637    0.000000    0.110292 ^ _257_/B (OAI21X1)
   0.006334    0.017330    0.038489    0.148782 v _257_/Y (OAI21X1)
               0.017330    0.000000    0.148782 v _264_/A (NAND2X1)
   0.004658    0.045648    0.036059    0.184840 ^ _264_/Y (NAND2X1)
               0.045648    0.000000    0.184840 ^ _271_/A (NAND3X1)
   0.001944    0.014992    0.022061    0.206901 v _271_/Y (NAND3X1)
               0.014992    0.000000    0.206901 v _272_/B (NAND2X1)
   0.007693    0.060566    0.031259    0.238160 ^ _272_/Y (NAND2X1)
               0.060566    0.000000    0.238160 ^ _273_/B (NAND2X1)
   0.001944    0.016863    0.025920    0.264080 v _273_/Y (NAND2X1)
               0.016863    0.000000    0.264080 v _274_/B (NAND2X1)
   0.007693    0.060442    0.031869    0.295949 ^ _274_/Y (NAND2X1)
               0.060442    0.000000    0.295949 ^ _275_/B (NAND2X1)
   0.001944    0.016876    0.025893    0.321842 v _275_/Y (NAND2X1)
               0.016876    0.000000    0.321842 v _276_/B (NAND2X1)
   0.007617    0.060078    0.031632    0.353474 ^ _276_/Y (NAND2X1)
               0.060078    0.000000    0.353474 ^ _277_/B (NAND2X1)
   0.001944    0.016914    0.025813    0.379287 v _277_/Y (NAND2X1)
               0.016914    0.000000    0.379287 v _278_/B (NAND2X1)
   0.007693    0.060438    0.031885    0.411172 ^ _278_/Y (NAND2X1)
               0.060438    0.000000    0.411172 ^ _279_/B (NAND2X1)
   0.004623    0.023468    0.030565    0.441737 v _279_/Y (NAND2X1)
               0.023468    0.000000    0.441737 v _281_/B (AOI21X1)
   0.002424    0.028107    0.034220    0.475958 ^ _281_/Y (AOI21X1)
               0.028107    0.000000    0.475958 ^ _282_/B (OR2X1)
   0.007617    0.045234    0.066775    0.542733 ^ _282_/Y (OR2X1)
               0.045234    0.000000    0.542733 ^ _377_/B (XNOR2X1)
   0.010000    0.075714    0.077612    0.620345 ^ _377_/Y (XNOR2X1)
               0.075714    0.000000    0.620345 ^ sum[10] (out)
                                       0.620345   data arrival time

               0.000000  100.000000  100.000000   clock vclk (rise edge)
                           0.000000  100.000000   clock network delay (ideal)
                           0.000000  100.000000   clock reconvergence pessimism
                           0.000000  100.000000   output external delay
                                     100.000000   data required time
---------------------------------------------------------------------------------------
                                     100.000000   data required time
                                      -0.620345   data arrival time
---------------------------------------------------------------------------------------
                                      99.379654   slack (MET)


Startpoint: b[6] (input port clocked by vclk)
Endpoint: sum[17] (output port clocked by vclk)
Path Group: vclk
Path Type: max

        Cap        Slew       Delay        Time   Description
---------------------------------------------------------------------------------------
               0.000000    0.000000    0.000000   clock vclk (rise edge)
                           0.000000    0.000000   clock network delay (ideal)
                           0.000000    0.000000 ^ input external delay
   0.007693    0.050000    0.000000    0.000000 ^ b[6] (in)
               0.050000    0.000000    0.000000 ^ _242_/B (XOR2X1)
   0.009849    0.077798    0.077612    0.077612 ^ _242_/Y (XOR2X1)
               0.077798    0.000000    0.077612 ^ _287_/B (AND2X1)
   0.005839    0.043028    0.048845    0.126457 ^ _287_/Y (AND2X1)
               0.043028    0.000000    0.126457 ^ _292_/C (AOI22X1)
   0.002632    0.036275    0.025359    0.151816 v _292_/Y (AOI22X1)
               0.036275    0.000000    0.151816 v _293_/B (OAI21X1)
   0.002832    0.045182    0.047529    0.199345 ^ _293_/Y (OAI21X1)
               0.045182    0.000000    0.199345 ^ _294_/B (OAI21X1)
   0.004484    0.013369    0.027117    0.226462 v _294_/Y (OAI21X1)
               0.013369    0.000000    0.226462 v _299_/B (NAND3X1)
   0.007742    0.062908    0.050342    0.276804 ^ _299_/Y (NAND3X1)
               0.062908    0.000000    0.276804 ^ _302_/A (AOI21X1)
   0.007569    0.029674    0.037868    0.314672 v _302_/Y (AOI21X1)
               0.029674    0.000000    0.314672 v _305_/A (OAI21X1)
   0.008137    0.068412    0.065418    0.380090 ^ _305_/Y (OAI21X1)
               0.068412    0.000000    0.380090 ^ _307_/A (AOI21X1)
   0.007189    0.028231    0.038504    0.418594 v _307_/Y (AOI21X1)
               0.028231    0.000000    0.418594 v _311_/A (OAI21X1)
   0.008137    0.068547    0.065092    0.483686 ^ _311_/Y (OAI21X1)
               0.068547    0.000000    0.483686 ^ _313_/A (AOI21X1)
   0.007569    0.029157    0.039216    0.522902 v _313_/Y (AOI21X1)
               0.029157    0.000000    0.522902 v _370_/A (XOR2X1)
   0.010000    0.079316    0.060628    0.583530 ^ _370_/Y (XOR2X1)
               0.079316    0.000000    0.583530 ^ sum[17] (out)
                                       0.583530   data arrival time

               0.000000  100.000000  100.000000   clock vclk (rise edge)
                           0.000000  100.000000   clock network delay (ideal)
                           0.000000  100.000000   clock reconvergence pessimism
                           0.000000  100.000000   output external delay
                                     100.000000   data required time
---------------------------------------------------------------------------------------
                                     100.000000   data required time
                                      -0.583530   data arrival time
---------------------------------------------------------------------------------------
                                      99.416473   slack (MET)


Startpoint: b[6] (input port clocked by vclk)
Endpoint: sum[16] (output port clocked by vclk)
Path Group: vclk
Path Type: max

        Cap        Slew       Delay        Time   Description
---------------------------------------------------------------------------------------
               0.000000    0.000000    0.000000   clock vclk (rise edge)
                           0.000000    0.000000   clock network delay (ideal)
                           0.000000    0.000000 ^ input external delay
   0.007693    0.050000    0.000000    0.000000 ^ b[6] (in)
               0.050000    0.000000    0.000000 ^ _242_/B (XOR2X1)
   0.009849    0.077798    0.077612    0.077612 ^ _242_/Y (XOR2X1)
               0.077798    0.000000    0.077612 ^ _287_/B (AND2X1)
   0.005839    0.043028    0.048845    0.126457 ^ _287_/Y (AND2X1)
               0.043028    0.000000    0.126457 ^ _292_/C (AOI22X1)
   0.002632    0.036275    0.025359    0.151816 v _292_/Y (AOI22X1)
               0.036275    0.000000    0.151816 v _293_/B (OAI21X1)
   0.002832    0.045182    0.047529    0.199345 ^ _293_/Y (OAI21X1)
               0.045182    0.000000    0.199345 ^ _294_/B (OAI21X1)
   0.004484    0.013369    0.027117    0.226462 v _294_/Y (OAI21X1)
               0.013369    0.000000    0.226462 v _299_/B (NAND3X1)
   0.007742    0.062908    0.050342    0.276804 ^ _299_/Y (NAND3X1)
               0.062908    0.000000    0.276804 ^ _302_/A (AOI21X1)
   0.007569    0.029674    0.037868    0.314672 v _302_/Y (AOI21X1)
               0.029674    0.000000    0.314672 v _305_/A (OAI21X1)
   0.008137    0.068412    0.065418    0.380090 ^ _305_/Y (OAI21X1)
               0.068412    0.000000    0.380090 ^ _307_/A (AOI21X1)
   0.007189    0.028231    0.038504    0.418594 v _307_/Y (AOI21X1)
               0.028231    0.000000    0.418594 v _311_/A (OAI21X1)
   0.008137    0.068547    0.065092    0.483686 ^ _311_/Y (OAI21X1)
               0.068547    0.000000    0.483686 ^ _371_/A (XOR2X1)
   0.010000    0.079627    0.065927    0.549613 ^ _371_/Y (XOR2X1)
               0.079627    0.000000    0.549613 ^ sum[16] (out)
                                       0.549613   data arrival time

               0.000000  100.000000  100.000000   clock vclk (rise edge)
                           0.000000  100.000000   clock network delay (ideal)
                           0.000000  100.000000   clock reconvergence pessimism
                           0.000000  100.000000   output external delay
                                     100.000000   data required time
---------------------------------------------------------------------------------------
                                     100.000000   data required time
                                      -0.549613   data arrival time
---------------------------------------------------------------------------------------
                                      99.450386   slack (MET)


Startpoint: cin (input port clocked by vclk)
Endpoint: sum[9] (output port clocked by vclk)
Path Group: vclk
Path Type: max

        Cap        Slew       Delay        Time   Description
---------------------------------------------------------------------------------------
               0.000000    0.000000    0.000000   clock vclk (rise edge)
                           0.000000    0.000000   clock network delay (ideal)
                           0.000000    0.000000 ^ input external delay
   0.001551    0.050000    0.000000    0.000000 ^ cin (in)
               0.050000    0.000000    0.000000 ^ _202_/A (INVX1)
   0.007189    0.023867    0.036772    0.036772 v _202_/Y (INVX1)
               0.023867    0.000000    0.036772 v _253_/A (OAI21X1)
   0.011061    0.082637    0.073520    0.110292 ^ _253_/Y (OAI21X1)
               0.082637    0.000000    0.110292 ^ _257_/B (OAI21X1)
   0.006334    0.017330    0.038489    0.148782 v _257_/Y (OAI21X1)
               0.017330    0.000000    0.148782 v _264_/A (NAND2X1)
   0.004658    0.045648    0.036059    0.184840 ^ _264_/Y (NAND2X1)
               0.045648    0.000000    0.184840 ^ _271_/A (NAND3X1)
   0.001944    0.014992    0.022061    0.206901 v _271_/Y (NAND3X1)
               0.014992    0.000000    0.206901 v _272_/B (NAND2X1)
   0.007693    0.060566    0.031259    0.238160 ^ _272_/Y (NAND2X1)
               0.060566    0.000000    0.238160 ^ _273_/B (NAND2X1)
   0.001944    0.016863    0.025920    0.264080 v _273_/Y (NAND2X1)
               0.016863    0.000000    0.264080 v _274_/B (NAND2X1)
   0.007693    0.060442    0.031869    0.295949 ^ _274_/Y (NAND2X1)
               0.060442    0.000000    0.295949 ^ _275_/B (NAND2X1)
   0.001944    0.016876    0.025893    0.321842 v _275_/Y (NAND2X1)
               0.016876    0.000000    0.321842 v _276_/B (NAND2X1)
   0.007617    0.060078    0.031632    0.353474 ^ _276_/Y (NAND2X1)
               0.060078    0.000000    0.353474 ^ _277_/B (NAND2X1)
   0.001944    0.016914    0.025813    0.379287 v _277_/Y (NAND2X1)
               0.016914    0.000000    0.379287 v _278_/B (NAND2X1)
   0.007693    0.060438    0.031885    0.411172 ^ _278_/Y (NAND2X1)
               0.060438    0.000000    0.411172 ^ _279_/B (NAND2X1)
   0.004623    0.023468    0.030565    0.441737 v _279_/Y (NAND2X1)
               0.023468    0.000000    0.441737 v _280_/B (NAND2X1)
   0.005589    0.050030    0.027415    0.469152 ^ _280_/Y (NAND2X1)
               0.050030    0.000000    0.469152 ^ _378_/B (XNOR2X1)
   0.010000    0.075711    0.078105    0.547257 ^ _378_/Y (XNOR2X1)
               0.075711    0.000000    0.547257 ^ sum[9] (out)
                                       0.547257   data arrival time

               0.000000  100.000000  100.000000   clock vclk (rise edge)
                           0.000000  100.000000   clock network delay (ideal)
                           0.000000  100.000000   clock reconvergence pessimism
                           0.000000  100.000000   output external delay
                                     100.000000   data required time
---------------------------------------------------------------------------------------
                                     100.000000   data required time
                                      -0.547257   data arrival time
---------------------------------------------------------------------------------------
                                      99.452736   slack (MET)


Startpoint: cin (input port clocked by vclk)
Endpoint: sum[8] (output port clocked by vclk)
Path Group: vclk
Path Type: max

        Cap        Slew       Delay        Time   Description
---------------------------------------------------------------------------------------
               0.000000    0.000000    0.000000   clock vclk (rise edge)
                           0.000000    0.000000   clock network delay (ideal)
                           0.000000    0.000000 ^ input external delay
   0.001551    0.050000    0.000000    0.000000 ^ cin (in)
               0.050000    0.000000    0.000000 ^ _202_/A (INVX1)
   0.007189    0.023867    0.036772    0.036772 v _202_/Y (INVX1)
               0.023867    0.000000    0.036772 v _253_/A (OAI21X1)
   0.011061    0.082637    0.073520    0.110292 ^ _253_/Y (OAI21X1)
               0.082637    0.000000    0.110292 ^ _257_/B (OAI21X1)
   0.006334    0.017330    0.038489    0.148782 v _257_/Y (OAI21X1)
               0.017330    0.000000    0.148782 v _264_/A (NAND2X1)
   0.004658    0.045648    0.036059    0.184840 ^ _264_/Y (NAND2X1)
               0.045648    0.000000    0.184840 ^ _271_/A (NAND3X1)
   0.001944    0.014992    0.022061    0.206901 v _271_/Y (NAND3X1)
               0.014992    0.000000    0.206901 v _272_/B (NAND2X1)
   0.007693    0.060566    0.031259    0.238160 ^ _272_/Y (NAND2X1)
               0.060566    0.000000    0.238160 ^ _273_/B (NAND2X1)
   0.001944    0.016863    0.025920    0.264080 v _273_/Y (NAND2X1)
               0.016863    0.000000    0.264080 v _274_/B (NAND2X1)
   0.007693    0.060442    0.031869    0.295949 ^ _274_/Y (NAND2X1)
               0.060442    0.000000    0.295949 ^ _275_/B (NAND2X1)
   0.001944    0.016876    0.025893    0.321842 v _275_/Y (NAND2X1)
               0.016876    0.000000    0.321842 v _276_/B (NAND2X1)
   0.007617    0.060078    0.031632    0.353474 ^ _276_/Y (NAND2X1)
               0.060078    0.000000    0.353474 ^ _277_/B (NAND2X1)
   0.001944    0.016914    0.025813    0.379287 v _277_/Y (NAND2X1)
               0.016914    0.000000    0.379287 v _278_/B (NAND2X1)
   0.007693    0.060438    0.031885    0.411172 ^ _278_/Y (NAND2X1)
               0.060438    0.000000    0.411172 ^ _379_/B (XOR2X1)
   0.010000    0.079114    0.079107    0.490279 ^ _379_/Y (XOR2X1)
               0.079114    0.000000    0.490279 ^ sum[8] (out)
                                       0.490279   data arrival time

               0.000000  100.000000  100.000000   clock vclk (rise edge)
                           0.000000  100.000000   clock network delay (ideal)
                           0.000000  100.000000   clock reconvergence pessimism
                           0.000000  100.000000   output external delay
                                     100.000000   data required time
---------------------------------------------------------------------------------------
                                     100.000000   data required time
                                      -0.490279   data arrival time
---------------------------------------------------------------------------------------
                                      99.509712   slack (MET)


Startpoint: b[6] (input port clocked by vclk)
Endpoint: sum[15] (output port clocked by vclk)
Path Group: vclk
Path Type: max

        Cap        Slew       Delay        Time   Description
---------------------------------------------------------------------------------------
               0.000000    0.000000    0.000000   clock vclk (rise edge)
                           0.000000    0.000000   clock network delay (ideal)
                           0.000000    0.000000 ^ input external delay
   0.007693    0.050000    0.000000    0.000000 ^ b[6] (in)
               0.050000    0.000000    0.000000 ^ _242_/B (XOR2X1)
   0.009849    0.077798    0.077612    0.077612 ^ _242_/Y (XOR2X1)
               0.077798    0.000000    0.077612 ^ _287_/B (AND2X1)
   0.005839    0.043028    0.048845    0.126457 ^ _287_/Y (AND2X1)
               0.043028    0.000000    0.126457 ^ _292_/C (AOI22X1)
   0.002632    0.036275    0.025359    0.151816 v _292_/Y (AOI22X1)
               0.036275    0.000000    0.151816 v _293_/B (OAI21X1)
   0.002832    0.045182    0.047529    0.199345 ^ _293_/Y (OAI21X1)
               0.045182    0.000000    0.199345 ^ _294_/B (OAI21X1)
   0.004484    0.013369    0.027117    0.226462 v _294_/Y (OAI21X1)
               0.013369    0.000000    0.226462 v _299_/B (NAND3X1)
   0.007742    0.062908    0.050342    0.276804 ^ _299_/Y (NAND3X1)
               0.062908    0.000000    0.276804 ^ _302_/A (AOI21X1)
   0.007569    0.029674    0.037868    0.314672 v _302_/Y (AOI21X1)
               0.029674    0.000000    0.314672 v _305_/A (OAI21X1)
   0.008137    0.068412    0.065418    0.380090 ^ _305_/Y (OAI21X1)
               0.068412    0.000000    0.380090 ^ _307_/A (AOI21X1)
   0.007189    0.028231    0.038504    0.418594 v _307_/Y (AOI21X1)
               0.028231    0.000000    0.418594 v _372_/A (XNOR2X1)
   0.010000    0.075615    0.062289    0.480883 ^ _372_/Y (XNOR2X1)
               0.075615    0.000000    0.480883 ^ sum[15] (out)
                                       0.480883   data arrival time

               0.000000  100.000000  100.000000   clock vclk (rise edge)
                           0.000000  100.000000   clock network delay (ideal)
                           0.000000  100.000000   clock reconvergence pessimism
                           0.000000  100.000000   output external delay
                                     100.000000   data required time
---------------------------------------------------------------------------------------
                                     100.000000   data required time
                                      -0.480883   data arrival time
---------------------------------------------------------------------------------------
                                      99.519119   slack (MET)


