$ /usr/bin/timeout --kill-after=10 300 /usr/bin/python -m spice_model_benchmark.cli /home/duhaochen/website-trial-v1/data/spice-benchmark/789454e8e4cec26f6c141611b907181f/model.lib --simulator hspice --modes dc transient ac noise --output-dir /home/duhaochen/website-trial-v1/data/spice-benchmark/789454e8e4cec26f6c141611b907181f --dpi 150 --log-level WARNING
SPICE Model Benchmark: /home/duhaochen/website-trial-v1/data/spice-benchmark/789454e8e4cec26f6c141611b907181f/model.lib
Simulators: hspice
Modes: dc, transient, ac, noise
------------------------------------------------------------

============================================================
  Running: HSPICE
  Output:  /home/duhaochen/website-trial-v1/data/spice-benchmark/789454e8e4cec26f6c141611b907181f/hspice
============================================================
[WARNING]: No CV data parsed, using fallback
[WARNING]: Using synthetic CV data fallback
Vgs range: 0.000V to 1.200V
Ids range: -2.166e-05A to 6.816e-12A
Selected Vgs values: [0.  0.2 0.4 0.6 0.8 1.  1.2]
Vgs=0.000V: Ids range -5.175e-11A to -1.245e-14A
Vgs=0.200V: Ids range -1.232e-12A to 8.930e-23A
Vgs=0.400V: Ids range -2.166e-12A to 3.980e-22A
Vgs=0.600V: Ids range -4.216e-11A to 1.685e-19A
Vgs=0.800V: Ids range -1.738e-09A to 6.198e-17A
Vgs=1.000V: Ids range -6.985e-08A to 2.103e-14A
Vgs=1.200V: Ids range -2.166e-05A to 6.816e-12A
ids_variation: 47.37549684394194
ids_variation <= max_variation: False
tc: 506451249047067.3
abs(tc) <= max_tc: False
[WARNING]: Temperature effects verification failed - effects outside expected range
/home/duhaochen/spice_model_benchmark/src/spice_model_benchmark/data_reader.py:137: UserWarning: loadtxt: input contained no data: "/home/duhaochen/website-trial-v1/data/spice-benchmark/789454e8e4cec26f6c141611b907181f/hspice/data/tran_switching.txt"
  data = np.loadtxt(file_path, skiprows=skiprows)
[WARNING]: Data file /home/duhaochen/website-trial-v1/data/spice-benchmark/789454e8e4cec26f6c141611b907181f/hspice/data/tran_switching.txt has incorrect format. Expected at least 5 columns.
[WARNING]: No switching response data found in file
/home/duhaochen/spice_model_benchmark/src/spice_model_benchmark/data_reader.py:137: UserWarning: loadtxt: input contained no data: "/home/duhaochen/website-trial-v1/data/spice-benchmark/789454e8e4cec26f6c141611b907181f/hspice/data/tran_delay.txt"
  data = np.loadtxt(file_path, skiprows=skiprows)
[WARNING]: Data file /home/duhaochen/website-trial-v1/data/spice-benchmark/789454e8e4cec26f6c141611b907181f/hspice/data/tran_delay.txt has incorrect format. Expected at least 6 columns.
[WARNING]: No delay effect data found in file
/home/duhaochen/spice_model_benchmark/src/spice_model_benchmark/data_reader.py:137: UserWarning: loadtxt: input contained no data: "/home/duhaochen/website-trial-v1/data/spice-benchmark/789454e8e4cec26f6c141611b907181f/hspice/data/tran_power_27C.txt"
  data = np.loadtxt(file_path, skiprows=skiprows)
[WARNING]: Data file /home/duhaochen/website-trial-v1/data/spice-benchmark/789454e8e4cec26f6c141611b907181f/hspice/data/tran_power_27C.txt has incorrect format. Expected at least 5 columns.
[WARNING]: No power dissipation data at 27°C found in file
/home/duhaochen/spice_model_benchmark/src/spice_model_benchmark/data_reader.py:137: UserWarning: loadtxt: input contained no data: "/home/duhaochen/website-trial-v1/data/spice-benchmark/789454e8e4cec26f6c141611b907181f/hspice/data/tran_power_100C.txt"
  data = np.loadtxt(file_path, skiprows=skiprows)
[WARNING]: Data file /home/duhaochen/website-trial-v1/data/spice-benchmark/789454e8e4cec26f6c141611b907181f/hspice/data/tran_power_100C.txt has incorrect format. Expected at least 5 columns.
[WARNING]: No power dissipation data at 100°C found in file
/home/duhaochen/spice_model_benchmark/src/spice_model_benchmark/verification_manager.py:2689: RuntimeWarning: divide by zero encountered in divide
  norm_dvg = np.abs(dvg_dt / gate_voltage[:-1])
/home/duhaochen/spice_model_benchmark/src/spice_model_benchmark/verification_manager.py:2689: RuntimeWarning: invalid value encountered in divide
  norm_dvg = np.abs(dvg_dt / gate_voltage[:-1])
norm_dvg: [1.00000000e+10 5.00000000e+09 3.33333333e+09 ... 0.00000000e+00
 0.00000000e+00 0.00000000e+00]
norm_dvd: [0. 0. 0. ... 0. 0. 0.]
norm_did: [5729080.07677268  904894.77867849 1544422.02345691 ...       0.
       0.               0.        ]
[WARNING]: Quasi-static verification failed
[WARNING]: Max normalized derivatives: dVg/dt=nan, dVd/dt=0.00e+00, dId/dt=2.62e+13
[ERROR]: Failed to parse ngspice raw format: Could not find data section in ngspice raw file
[INFO]: S-parameter analysis plot saved to /home/duhaochen/website-trial-v1/data/spice-benchmark/789454e8e4cec26f6c141611b907181f/hspice/plots/ac_cv_sparameter_analysis.png
[INFO]: NQS effects plot saved to /home/duhaochen/website-trial-v1/data/spice-benchmark/789454e8e4cec26f6c141611b907181f/hspice/plots/ac_cv_nqs_effects.png

  hspice: ✓ PASS  (169.8s)

✓ Benchmark completed: /home/duhaochen/website-trial-v1/data/spice-benchmark/789454e8e4cec26f6c141611b907181f/hspice
