$ /usr/bin/time -v -o /home/duhaochen/website-trial-v1/data/spice-model-benchmark/7bbc30c68f9c8749c3d9e988d5daafdf/hspice/resource.txt /usr/bin/python -m spice_model_benchmark.cli /home/duhaochen/pipeline_full_collection/benchmark-inputs/7bbc30c68f9c8749c3d9e988d5daafdf/hspice.lib --simulator hspice --modes dc transient ac noise --output-dir /home/duhaochen/website-trial-v1/data/spice-model-benchmark/7bbc30c68f9c8749c3d9e988d5daafdf --dpi 120 --log-level WARNING
SPICE Model Benchmark: /home/duhaochen/pipeline_full_collection/benchmark-inputs/7bbc30c68f9c8749c3d9e988d5daafdf/hspice.lib
Simulators: hspice
Modes: dc, transient, ac, noise
------------------------------------------------------------

============================================================
  Running: HSPICE
  Output:  /home/duhaochen/website-trial-v1/data/spice-model-benchmark/7bbc30c68f9c8749c3d9e988d5daafdf/hspice
============================================================
Vgs range: -1.200V to 0.000V
Ids range: -5.837e-07A to 1.808e-03A
Selected Vgs values: [-1.2 -1.  -0.8 -0.6 -0.4 -0.2  0. ]
Vgs=-1.200V: Ids range -5.837e-07A to 1.808e-03A
Vgs=-1.000V: Ids range -2.045e-07A to 4.000e-04A
Vgs=-0.800V: Ids range -4.723e-08A to 5.378e-05A
Vgs=-0.600V: Ids range -1.771e-09A to 6.250e-07A
Vgs=-0.400V: Ids range -5.098e-12A to 8.599e-09A
Vgs=-0.200V: Ids range -9.775e-15A to 2.280e-10A
Vgs=0.000V: Ids range 1.442e-14A to 5.720e-11A
ids_variation: 30.709102789085065
ids_variation <= max_variation: False
tc: 6598466921.868349
abs(tc) <= max_tc: False
[WARNING]: Temperature effects verification failed - effects outside expected range
/home/duhaochen/spice_model_benchmark/src/spice_model_benchmark/verification_manager.py:2706: RuntimeWarning: divide by zero encountered in divide
  norm_dvg = np.abs(dvg_dt / gate_voltage[:-1])
/home/duhaochen/spice_model_benchmark/src/spice_model_benchmark/verification_manager.py:2706: RuntimeWarning: invalid value encountered in divide
  norm_dvg = np.abs(dvg_dt / gate_voltage[:-1])
norm_dvg: [1.00000000e+10 5.00000000e+09 3.33333333e+09 ... 0.00000000e+00
 0.00000000e+00 0.00000000e+00]
norm_dvd: [0. 0. 0. ... 0. 0. 0.]
norm_did: [4637020.44114217 4915772.52925798 4811970.49801851 ...       0.
   10306.74947729       0.        ]
[WARNING]: Quasi-static verification failed
[WARNING]: Max normalized derivatives: dVg/dt=nan, dVd/dt=0.00e+00, dId/dt=1.68e+13
/home/duhaochen/spice_model_benchmark/src/spice_model_benchmark/plot_generator.py:336: UserWarning: Attempting to set identical low and high ylims makes transformation singular; automatically expanding.
  plt.ylim(0, max_cap*1.2)  # Add 20% margin to ensure all components are visible
[INFO]: S-parameter analysis plot saved to /home/duhaochen/website-trial-v1/data/spice-model-benchmark/7bbc30c68f9c8749c3d9e988d5daafdf/hspice/plots/ac_cv_sparameter_analysis.png
[INFO]: S-parameter analysis plot saved to /home/duhaochen/website-trial-v1/data/spice-model-benchmark/7bbc30c68f9c8749c3d9e988d5daafdf/hspice/plots/ac_cv_sparameter_analysis.png
[INFO]: NQS effects plot saved to /home/duhaochen/website-trial-v1/data/spice-model-benchmark/7bbc30c68f9c8749c3d9e988d5daafdf/hspice/plots/ac_cv_nqs_effects.png
[WARNING]: Cannot compute correlation: constant data detected

  hspice: ✓ PASS  (203.1s)

✓ Benchmark completed: /home/duhaochen/website-trial-v1/data/spice-model-benchmark/7bbc30c68f9c8749c3d9e988d5daafdf/hspice
