
6. Printing statistics.

=== adder_top ===

        +----------Local Count, excluding submodules.
        |        +-Local Area, excluding submodules.
        |        | 
       52        - wires
       73        - wire bits
        5        - public wires
       26        - public wire bits
        5        - ports
       26        - port bits
       56  156.277 cells
        5   11.732   AND2X1
        4   11.263   AOI21X1
       13   24.404   NAND2X1
        6   14.079   NAND3X1
        4    9.386   NOR2X1
        1    2.816   NOR3X1
        6   16.895   OAI21X1
        6   14.079   OR2X1
        6   28.158   XNOR2X1
        5   23.465   XOR2X1

   Chip area for module '\adder_top': 156.276900
     of which used for sequential elements: 0.000000 (0.00%)

