OpenSTA 3.1.0 543361765b Copyright (c) 2026, Parallax Software, Inc.
License GPLv3: GNU GPL version 3 <http://gnu.org/licenses/gpl.html>

This is free software, and you are free to change and redistribute it
under certain conditions; type `show_copying' for details. 
This program comes with ABSOLUTELY NO WARRANTY; for details type `show_warranty'.
Startpoint: b[0] (input port clocked by vclk)
Endpoint: sum[6] (output port clocked by vclk)
Path Group: vclk
Path Type: max

        Cap        Slew       Delay        Time   Description
---------------------------------------------------------------------------------------
               0.000000    0.000000    0.000000   clock vclk (rise edge)
                           0.000000    0.000000   clock network delay (ideal)
                           0.000000    0.000000 ^ input external delay
   0.006794    0.050000    0.000000    0.000000 ^ b[0] (in)
               0.050000    0.000000    0.000000 ^ _056_/B (OR2X1)
   0.007713    0.045102    0.068166    0.068166 ^ _056_/Y (OR2X1)
               0.045102    0.000000    0.068166 ^ _059_/B (AOI21X1)
   0.007189    0.028733    0.041236    0.109402 v _059_/Y (AOI21X1)
               0.028733    0.000000    0.109402 v _062_/A (OAI21X1)
   0.007742    0.066650    0.063933    0.173336 ^ _062_/Y (OAI21X1)
               0.066650    0.000000    0.173336 ^ _065_/A (AOI21X1)
   0.007189    0.028543    0.038082    0.211418 v _065_/Y (AOI21X1)
               0.028543    0.000000    0.211418 v _069_/A (OAI21X1)
   0.007742    0.066668    0.063890    0.275308 ^ _069_/Y (OAI21X1)
               0.066668    0.000000    0.275308 ^ _072_/A (AOI21X1)
   0.007569    0.029678    0.038767    0.314075 v _072_/Y (AOI21X1)
               0.029678    0.000000    0.314075 v _075_/A (OAI21X1)
   0.005396    0.055566    0.056585    0.370660 ^ _075_/Y (OAI21X1)
               0.055566    0.000000    0.370660 ^ _078_/A (XOR2X1)
   0.010000    0.079868    0.064180    0.434841 ^ _078_/Y (XOR2X1)
               0.079868    0.000000    0.434841 ^ sum[6] (out)
                                       0.434841   data arrival time

               0.000000  100.000000  100.000000   clock vclk (rise edge)
                           0.000000  100.000000   clock network delay (ideal)
                           0.000000  100.000000   clock reconvergence pessimism
                           0.000000  100.000000   output external delay
                                     100.000000   data required time
---------------------------------------------------------------------------------------
                                     100.000000   data required time
                                      -0.434841   data arrival time
---------------------------------------------------------------------------------------
                                      99.565163   slack (MET)


Startpoint: b[0] (input port clocked by vclk)
Endpoint: sum[5] (output port clocked by vclk)
Path Group: vclk
Path Type: max

        Cap        Slew       Delay        Time   Description
---------------------------------------------------------------------------------------
               0.000000    0.000000    0.000000   clock vclk (rise edge)
                           0.000000    0.000000   clock network delay (ideal)
                           0.000000    0.000000 ^ input external delay
   0.006794    0.050000    0.000000    0.000000 ^ b[0] (in)
               0.050000    0.000000    0.000000 ^ _056_/B (OR2X1)
   0.007713    0.045102    0.068166    0.068166 ^ _056_/Y (OR2X1)
               0.045102    0.000000    0.068166 ^ _059_/B (AOI21X1)
   0.007189    0.028733    0.041236    0.109402 v _059_/Y (AOI21X1)
               0.028733    0.000000    0.109402 v _062_/A (OAI21X1)
   0.007742    0.066650    0.063933    0.173336 ^ _062_/Y (OAI21X1)
               0.066650    0.000000    0.173336 ^ _065_/A (AOI21X1)
   0.007189    0.028543    0.038082    0.211418 v _065_/Y (AOI21X1)
               0.028543    0.000000    0.211418 v _069_/A (OAI21X1)
   0.007742    0.066668    0.063890    0.275308 ^ _069_/Y (OAI21X1)
               0.066668    0.000000    0.275308 ^ _072_/A (AOI21X1)
   0.007569    0.029678    0.038767    0.314075 v _072_/Y (AOI21X1)
               0.029678    0.000000    0.314075 v _079_/A (XOR2X1)
   0.010000    0.079296    0.060698    0.374773 ^ _079_/Y (XOR2X1)
               0.079296    0.000000    0.374773 ^ sum[5] (out)
                                       0.374773   data arrival time

               0.000000  100.000000  100.000000   clock vclk (rise edge)
                           0.000000  100.000000   clock network delay (ideal)
                           0.000000  100.000000   clock reconvergence pessimism
                           0.000000  100.000000   output external delay
                                     100.000000   data required time
---------------------------------------------------------------------------------------
                                     100.000000   data required time
                                      -0.374773   data arrival time
---------------------------------------------------------------------------------------
                                      99.625221   slack (MET)


Startpoint: b[2] (input port clocked by vclk)
Endpoint: sum[7] (output port clocked by vclk)
Path Group: vclk
Path Type: max

        Cap        Slew       Delay        Time   Description
---------------------------------------------------------------------------------------
               0.000000    0.000000    0.000000   clock vclk (rise edge)
                           0.000000    0.000000   clock network delay (ideal)
                           0.000000    0.000000 v input external delay
   0.006018    0.050000    0.000000    0.000000 v b[2] (in)
               0.050000    0.000000    0.000000 v _063_/B (OR2X1)
   0.010286    0.033065    0.069263    0.069263 v _063_/Y (OR2X1)
               0.033065    0.000000    0.069263 v _085_/C (NAND3X1)
   0.005653    0.052529    0.046326    0.115589 ^ _085_/Y (NAND3X1)
               0.052529    0.000000    0.115589 ^ _086_/B (NOR2X1)
   0.002313    0.003589    0.023891    0.139480 v _086_/Y (NOR2X1)
               0.003589    0.000000    0.139480 v _089_/A (OR2X1)
   0.002832    0.014335    0.040751    0.180231 v _089_/Y (OR2X1)
               0.014335    0.000000    0.180231 v _090_/C (NAND3X1)
   0.002741    0.039115    0.032570    0.212800 ^ _090_/Y (NAND3X1)
               0.039115    0.000000    0.212800 ^ _093_/A (AOI21X1)
   0.004781    0.022998    0.027189    0.239989 v _093_/Y (AOI21X1)
               0.022998    0.000000    0.239989 v _097_/A (NOR2X1)
   0.005001    0.040631    0.040954    0.280944 ^ _097_/Y (NOR2X1)
               0.040631    0.000000    0.280944 ^ _101_/A (XNOR2X1)
   0.010000    0.075596    0.063809    0.344752 ^ _101_/Y (XNOR2X1)
               0.075596    0.000000    0.344752 ^ sum[7] (out)
                                       0.344752   data arrival time

               0.000000  100.000000  100.000000   clock vclk (rise edge)
                           0.000000  100.000000   clock network delay (ideal)
                           0.000000  100.000000   clock reconvergence pessimism
                           0.000000  100.000000   output external delay
                                     100.000000   data required time
---------------------------------------------------------------------------------------
                                     100.000000   data required time
                                      -0.344752   data arrival time
---------------------------------------------------------------------------------------
                                      99.655243   slack (MET)


Startpoint: b[0] (input port clocked by vclk)
Endpoint: sum[4] (output port clocked by vclk)
Path Group: vclk
Path Type: max

        Cap        Slew       Delay        Time   Description
---------------------------------------------------------------------------------------
               0.000000    0.000000    0.000000   clock vclk (rise edge)
                           0.000000    0.000000   clock network delay (ideal)
                           0.000000    0.000000 ^ input external delay
   0.006794    0.050000    0.000000    0.000000 ^ b[0] (in)
               0.050000    0.000000    0.000000 ^ _056_/B (OR2X1)
   0.007713    0.045102    0.068166    0.068166 ^ _056_/Y (OR2X1)
               0.045102    0.000000    0.068166 ^ _059_/B (AOI21X1)
   0.007189    0.028733    0.041236    0.109402 v _059_/Y (AOI21X1)
               0.028733    0.000000    0.109402 v _062_/A (OAI21X1)
   0.007742    0.066650    0.063933    0.173336 ^ _062_/Y (OAI21X1)
               0.066650    0.000000    0.173336 ^ _065_/A (AOI21X1)
   0.007189    0.028543    0.038082    0.211418 v _065_/Y (AOI21X1)
               0.028543    0.000000    0.211418 v _069_/A (OAI21X1)
   0.007742    0.066668    0.063890    0.275308 ^ _069_/Y (OAI21X1)
               0.066668    0.000000    0.275308 ^ _080_/A (XNOR2X1)
   0.010000    0.075529    0.067001    0.342309 ^ _080_/Y (XNOR2X1)
               0.075529    0.000000    0.342309 ^ sum[4] (out)
                                       0.342309   data arrival time

               0.000000  100.000000  100.000000   clock vclk (rise edge)
                           0.000000  100.000000   clock network delay (ideal)
                           0.000000  100.000000   clock reconvergence pessimism
                           0.000000  100.000000   output external delay
                                     100.000000   data required time
---------------------------------------------------------------------------------------
                                     100.000000   data required time
                                      -0.342309   data arrival time
---------------------------------------------------------------------------------------
                                      99.657684   slack (MET)


Startpoint: b[2] (input port clocked by vclk)
Endpoint: cout (output port clocked by vclk)
Path Group: vclk
Path Type: max

        Cap        Slew       Delay        Time   Description
---------------------------------------------------------------------------------------
               0.000000    0.000000    0.000000   clock vclk (rise edge)
                           0.000000    0.000000   clock network delay (ideal)
                           0.000000    0.000000 v input external delay
   0.006018    0.050000    0.000000    0.000000 v b[2] (in)
               0.050000    0.000000    0.000000 v _063_/B (OR2X1)
   0.010286    0.033065    0.069263    0.069263 v _063_/Y (OR2X1)
               0.033065    0.000000    0.069263 v _085_/C (NAND3X1)
   0.005653    0.052529    0.046326    0.115589 ^ _085_/Y (NAND3X1)
               0.052529    0.000000    0.115589 ^ _086_/B (NOR2X1)
   0.002313    0.003589    0.023891    0.139480 v _086_/Y (NOR2X1)
               0.003589    0.000000    0.139480 v _089_/A (OR2X1)
   0.002832    0.014335    0.040751    0.180231 v _089_/Y (OR2X1)
               0.014335    0.000000    0.180231 v _090_/C (NAND3X1)
   0.002741    0.039115    0.032570    0.212800 ^ _090_/Y (NAND3X1)
               0.039115    0.000000    0.212800 ^ _093_/A (AOI21X1)
   0.004781    0.022998    0.027189    0.239989 v _093_/Y (AOI21X1)
               0.022998    0.000000    0.239989 v _100_/A (OAI21X1)
   0.002027    0.040440    0.044233    0.284222 ^ _100_/Y (OAI21X1)
               0.040440    0.000000    0.284222 ^ _102_/B (NAND2X1)
   0.010000    0.038625    0.035520    0.319742 v _102_/Y (NAND2X1)
               0.038625    0.000000    0.319742 v cout (out)
                                       0.319742   data arrival time

               0.000000  100.000000  100.000000   clock vclk (rise edge)
                           0.000000  100.000000   clock network delay (ideal)
                           0.000000  100.000000   clock reconvergence pessimism
                           0.000000  100.000000   output external delay
                                     100.000000   data required time
---------------------------------------------------------------------------------------
                                     100.000000   data required time
                                      -0.319742   data arrival time
---------------------------------------------------------------------------------------
                                      99.680252   slack (MET)


Startpoint: b[0] (input port clocked by vclk)
Endpoint: sum[3] (output port clocked by vclk)
Path Group: vclk
Path Type: max

        Cap        Slew       Delay        Time   Description
---------------------------------------------------------------------------------------
               0.000000    0.000000    0.000000   clock vclk (rise edge)
                           0.000000    0.000000   clock network delay (ideal)
                           0.000000    0.000000 ^ input external delay
   0.006794    0.050000    0.000000    0.000000 ^ b[0] (in)
               0.050000    0.000000    0.000000 ^ _056_/B (OR2X1)
   0.007713    0.045102    0.068166    0.068166 ^ _056_/Y (OR2X1)
               0.045102    0.000000    0.068166 ^ _059_/B (AOI21X1)
   0.007189    0.028733    0.041236    0.109402 v _059_/Y (AOI21X1)
               0.028733    0.000000    0.109402 v _062_/A (OAI21X1)
   0.007742    0.066650    0.063933    0.173336 ^ _062_/Y (OAI21X1)
               0.066650    0.000000    0.173336 ^ _065_/A (AOI21X1)
   0.007189    0.028543    0.038082    0.211418 v _065_/Y (AOI21X1)
               0.028543    0.000000    0.211418 v _081_/A (XNOR2X1)
   0.010000    0.075590    0.062327    0.273745 ^ _081_/Y (XNOR2X1)
               0.075590    0.000000    0.273745 ^ sum[3] (out)
                                       0.273745   data arrival time

               0.000000  100.000000  100.000000   clock vclk (rise edge)
                           0.000000  100.000000   clock network delay (ideal)
                           0.000000  100.000000   clock reconvergence pessimism
                           0.000000  100.000000   output external delay
                                     100.000000   data required time
---------------------------------------------------------------------------------------
                                     100.000000   data required time
                                      -0.273745   data arrival time
---------------------------------------------------------------------------------------
                                      99.726250   slack (MET)


Startpoint: b[0] (input port clocked by vclk)
Endpoint: sum[2] (output port clocked by vclk)
Path Group: vclk
Path Type: max

        Cap        Slew       Delay        Time   Description
---------------------------------------------------------------------------------------
               0.000000    0.000000    0.000000   clock vclk (rise edge)
                           0.000000    0.000000   clock network delay (ideal)
                           0.000000    0.000000 ^ input external delay
   0.006794    0.050000    0.000000    0.000000 ^ b[0] (in)
               0.050000    0.000000    0.000000 ^ _056_/B (OR2X1)
   0.007713    0.045102    0.068166    0.068166 ^ _056_/Y (OR2X1)
               0.045102    0.000000    0.068166 ^ _059_/B (AOI21X1)
   0.007189    0.028733    0.041236    0.109402 v _059_/Y (AOI21X1)
               0.028733    0.000000    0.109402 v _062_/A (OAI21X1)
   0.007742    0.066650    0.063933    0.173336 ^ _062_/Y (OAI21X1)
               0.066650    0.000000    0.173336 ^ _082_/A (XNOR2X1)
   0.010000    0.075744    0.066998    0.240334 ^ _082_/Y (XNOR2X1)
               0.075744    0.000000    0.240334 ^ sum[2] (out)
                                       0.240334   data arrival time

               0.000000  100.000000  100.000000   clock vclk (rise edge)
                           0.000000  100.000000   clock network delay (ideal)
                           0.000000  100.000000   clock reconvergence pessimism
                           0.000000  100.000000   output external delay
                                     100.000000   data required time
---------------------------------------------------------------------------------------
                                     100.000000   data required time
                                      -0.240334   data arrival time
---------------------------------------------------------------------------------------
                                      99.759666   slack (MET)


Startpoint: b[0] (input port clocked by vclk)
Endpoint: sum[1] (output port clocked by vclk)
Path Group: vclk
Path Type: max

        Cap        Slew       Delay        Time   Description
---------------------------------------------------------------------------------------
               0.000000    0.000000    0.000000   clock vclk (rise edge)
                           0.000000    0.000000   clock network delay (ideal)
                           0.000000    0.000000 v input external delay
   0.006018    0.050000    0.000000    0.000000 v b[0] (in)
               0.050000    0.000000    0.000000 v _056_/B (OR2X1)
   0.007455    0.025097    0.063507    0.063507 v _056_/Y (OR2X1)
               0.025097    0.000000    0.063507 v _059_/B (AOI21X1)
   0.007743    0.053956    0.051909    0.115415 ^ _059_/Y (AOI21X1)
               0.053956    0.000000    0.115415 ^ _083_/A (XNOR2X1)
   0.010000    0.075557    0.065442    0.180858 ^ _083_/Y (XNOR2X1)
               0.075557    0.000000    0.180858 ^ sum[1] (out)
                                       0.180858   data arrival time

               0.000000  100.000000  100.000000   clock vclk (rise edge)
                           0.000000  100.000000   clock network delay (ideal)
                           0.000000  100.000000   clock reconvergence pessimism
                           0.000000  100.000000   output external delay
                                     100.000000   data required time
---------------------------------------------------------------------------------------
                                     100.000000   data required time
                                      -0.180858   data arrival time
---------------------------------------------------------------------------------------
                                      99.819145   slack (MET)


Startpoint: b[0] (input port clocked by vclk)
Endpoint: sum[0] (output port clocked by vclk)
Path Group: vclk
Path Type: max

        Cap        Slew       Delay        Time   Description
---------------------------------------------------------------------------------------
               0.000000    0.000000    0.000000   clock vclk (rise edge)
                           0.000000    0.000000   clock network delay (ideal)
                           0.000000    0.000000 ^ input external delay
   0.006794    0.050000    0.000000    0.000000 ^ b[0] (in)
               0.050000    0.000000    0.000000 ^ _056_/B (OR2X1)
   0.007713    0.045102    0.068166    0.068166 ^ _056_/Y (OR2X1)
               0.045102    0.000000    0.068166 ^ _057_/B (NAND2X1)
   0.005004    0.025947    0.027855    0.096021 v _057_/Y (NAND2X1)
               0.025947    0.000000    0.096021 v _084_/B (XNOR2X1)
   0.010000    0.075710    0.075632    0.171653 ^ _084_/Y (XNOR2X1)
               0.075710    0.000000    0.171653 ^ sum[0] (out)
                                       0.171653   data arrival time

               0.000000  100.000000  100.000000   clock vclk (rise edge)
                           0.000000  100.000000   clock network delay (ideal)
                           0.000000  100.000000   clock reconvergence pessimism
                           0.000000  100.000000   output external delay
                                     100.000000   data required time
---------------------------------------------------------------------------------------
                                     100.000000   data required time
                                      -0.171653   data arrival time
---------------------------------------------------------------------------------------
                                      99.828346   slack (MET)


