$ /usr/bin/time -v -o /home/duhaochen/website-trial-v1/data/spice-model-benchmark/9f0345a55dfc700f456a8bd23c9925d0/ngspice/resource.txt /usr/bin/python -m spice_model_benchmark.cli /home/duhaochen/pipeline_full_collection/benchmark-inputs/9f0345a55dfc700f456a8bd23c9925d0/ngspice.lib --simulator ngspice --modes dc transient ac noise --output-dir /home/duhaochen/website-trial-v1/data/spice-model-benchmark/9f0345a55dfc700f456a8bd23c9925d0 --dpi 120 --log-level WARNING
/home/duhaochen/spice_model_benchmark/src/spice_model_benchmark/verification_manager.py:1557: RuntimeWarning: divide by zero encountered in divide
  tc = np.mean((d_ids / d_temp) / np.abs(i_ds[:-1]))
SPICE Model Benchmark: /home/duhaochen/pipeline_full_collection/benchmark-inputs/9f0345a55dfc700f456a8bd23c9925d0/ngspice.lib
Simulators: ngspice
Modes: dc, transient, ac, noise
------------------------------------------------------------

============================================================
  Running: NGSPICE
  Output:  /home/duhaochen/website-trial-v1/data/spice-model-benchmark/9f0345a55dfc700f456a8bd23c9925d0/ngspice
============================================================
Vgs range: 0.000V to 1.200V
Ids range: -1.242e-03A to 0.000e+00A
Selected Vgs values: [0.  0.2 0.4 0.6 0.8 1.  1.2]
Vgs=0.000V: Ids range -5.533e-12A to -1.781e-16A
Vgs=0.200V: Ids range -9.661e-10A to 0.000e+00A
Vgs=0.400V: Ids range -1.471e-07A to 0.000e+00A
Vgs=0.600V: Ids range -1.301e-05A to 0.000e+00A
Vgs=0.800V: Ids range -2.509e-04A to 0.000e+00A
Vgs=1.000V: Ids range -6.860e-04A to 0.000e+00A
Vgs=1.200V: Ids range -1.242e-03A to 0.000e+00A
ids_variation: 5.951007163419088
ids_variation <= max_variation: False
tc: inf
abs(tc) <= max_tc: False
[WARNING]: Temperature effects verification failed - effects outside expected range
/home/duhaochen/spice_model_benchmark/src/spice_model_benchmark/verification_manager.py:1817: RuntimeWarning: divide by zero encountered in log
  log_ids = np.log(np.abs(i_ds))
/home/duhaochen/.local/lib/python3.9/site-packages/numpy/lib/function_base.py:2742: RuntimeWarning: invalid value encountered in subtract
  X -= avg[:, None]
/home/duhaochen/spice_model_benchmark/src/spice_model_benchmark/verification_manager.py:1862: RuntimeWarning: divide by zero encountered in divide
  efficiency = np.abs(gm / i_ds)  # Transconductance efficiency
[INFO]: S-parameter analysis plot saved to /home/duhaochen/website-trial-v1/data/spice-model-benchmark/9f0345a55dfc700f456a8bd23c9925d0/ngspice/plots/ac_cv_sparameter_analysis.png
[INFO]: NQS effects plot saved to /home/duhaochen/website-trial-v1/data/spice-model-benchmark/9f0345a55dfc700f456a8bd23c9925d0/ngspice/plots/ac_cv_nqs_effects.png
[INFO]: S-parameter analysis plot saved to /home/duhaochen/website-trial-v1/data/spice-model-benchmark/9f0345a55dfc700f456a8bd23c9925d0/ngspice/plots/ac_cv_sparameter_analysis.png
norm_dvg: [2.50000000e+11 1.25000000e+11 6.25000000e+10 3.12500000e+10
 1.56249998e+10 8.89916972e+09 5.91411083e+09 5.26645185e+09
 4.94425513e+09 4.70979907e+09 4.50275414e+09 4.25589241e+09
 4.04679758e+09 3.93357863e+09 3.80112847e+09 3.65673019e+09
 3.52840018e+09 3.40537909e+09 3.24737279e+09 3.04044750e+09
 2.73824701e+09 2.51813248e+09 2.38816955e+09 2.28247642e+09
 2.21152232e+09 2.17755735e+09 2.14648186e+09 2.11818285e+09
 2.08347067e+09 2.05235304e+09 2.02867039e+09 2.01423318e+09
 2.00000000e+09 1.99717747e+09 1.99155624e+09 1.98040818e+09
 1.95848250e+09 1.91605557e+09 1.87867260e+09 1.83785314e+09
 1.82343277e+09 1.81439283e+09 1.80130470e+09 1.79627611e+09
 1.78847592e+09 1.77307775e+09 1.74306315e+09 1.72572038e+09
 1.71329025e+09 1.70143270e+09 1.68679079e+09 1.67402242e+09
 1.65786060e+09 1.64243362e+09 1.61951054e+09 1.59138891e+09
 1.55398969e+09 1.50801305e+09 1.45104237e+09 1.38549419e+09
 1.31224818e+09 1.24223241e+09 1.18995438e+09 1.16887122e+09
 1.14835944e+09 1.12226194e+09 1.10364481e+09 1.08349865e+09
 1.06161313e+09 1.03818085e+09 1.01873278e+09 1.00000119e+09
 9.97216964e+08 9.91697693e+08 9.80840793e+08 9.59824177e+08
 9.20381684e+08 8.77342551e+08 8.58546882e+08 8.44205906e+08
 8.31358008e+08 8.17329992e+08 8.02850940e+08 7.95946622e+08
 7.87647947e+08 7.77361199e+08 7.68236696e+08 7.57598319e+08
 7.49160245e+08 7.40078740e+08 7.28296532e+08 7.16441205e+08
 6.96930804e+08 6.77997315e+08 6.52547281e+08 6.26065362e+08
 5.80957349e+08 5.34897546e+08 4.90519793e+08 4.48451796e+08
 4.41128109e+08 4.34926887e+08 4.27422063e+08 4.19965305e+08
 4.15006857e+08 4.09336707e+08 4.04070661e+08 3.98276049e+08
 3.92460290e+08 3.85200069e+08 3.75751368e+08 3.65607029e+08
 3.54113377e+08 3.42617551e+08 3.39889515e+08 3.38158789e+08
 3.37319904e+08 3.36677822e+08 3.35943807e+08 3.35327555e+08
 3.34977847e+08 3.34614557e+08 3.34203405e+08 3.33385256e+08
 3.31760543e+08 3.28557756e+08 3.25456590e+08 3.23980615e+08
 3.22923755e+08 3.21325886e+08 3.19763578e+08 3.18369593e+08
 3.16612755e+08 3.14091652e+08 3.10798081e+08 3.06490550e+08
 3.01079253e+08 2.94684630e+08 2.87502309e+08 2.78897587e+08
 2.68678800e+08 2.56262788e+08 2.42373092e+08 2.27523583e+08
 2.12253979e+08 1.96445050e+08 1.80139696e+08 1.63098226e+08
 1.46125392e+08 1.30831187e+08 1.19735775e+08 1.13920290e+08
 1.08628821e+08 1.03150954e+08 9.90367193e+07 9.52369314e+07
 9.52136518e+07 9.51642217e+07 9.50650796e+07 9.48684257e+07
 9.45832221e+07 9.43160487e+07 9.39743038e+07 9.36400398e+07
 9.35345618e+07 9.34451194e+07 9.33500651e+07 9.32393173e+07
 9.31647931e+07 9.30851813e+07 9.29872624e+07 9.28948580e+07
 9.27989379e+07 9.26940625e+07 9.26063489e+07 9.25106914e+07
 9.24054297e+07 9.22771374e+07 9.21014368e+07 9.20047799e+07
 9.19200960e+07 9.18333343e+07 9.17342960e+07 9.16675013e+07
 9.16081833e+07 9.15358783e+07 9.14621585e+07 9.13768908e+07
 9.12801305e+07 9.11581499e+07 9.10334501e+07 9.09021258e+07
 9.09048591e+07 9.08934951e+07 9.08719357e+07 9.08281227e+07
 9.07422143e+07 9.06198017e+07 9.05747752e+07 9.05457181e+07
 9.05327079e+07 9.05106747e+07 9.04928086e+07 9.04765258e+07
 9.04571286e+07 9.04366577e+07 9.03938680e+07 9.03172510e+07
 9.01630481e+07 9.00888096e+07 9.00236607e+07 8.99416692e+07
 8.98705124e+07 8.97877359e+07 8.97072983e+07 8.95888717e+07
 8.94399084e+07 8.92326230e+07 8.89588646e+07 8.85908364e+07
 8.80980605e+07 8.74498964e+07 8.71757871e+07 8.69661844e+07
 8.68045173e+07 8.66437053e+07 8.64642910e+07 8.62499618e+07
 8.60955443e+07 8.59059935e+07 8.57040482e+07 8.54090094e+07
 8.50036189e+07 8.46231648e+07 8.43851314e+07 8.41617977e+07
 8.38621557e+07 8.35966093e+07 8.33633754e+07 8.33327463e+07
 8.33166127e+07 8.32840710e+07 8.32413269e+07 8.31556901e+07
 8.29849596e+07 8.27480181e+07 8.24989810e+07 8.22517819e+07
 8.19257682e+07 8.14179887e+07 8.07194736e+07 8.04482900e+07
 8.00653721e+07 7.99328851e+07 7.98040936e+07 7.97004825e+07
 7.95915852e+07 7.94705761e+07 7.94015214e+07 7.93328692e+07
 7.92500731e+07 7.91632289e+07 7.90657581e+07 7.89532094e+07
 7.88187437e+07 7.86511583e+07 7.84312287e+07 7.81102318e+07
 7.74760564e+07 7.69631915e+07 7.68133254e+07 7.66460024e+07
 7.65454413e+07 7.64206635e+07 7.62851932e+07 7.61906402e+07
 7.60628045e+07 7.59278396e+07 7.57685928e+07 7.55966243e+07
 7.54191899e+07 7.51763873e+07 7.48616360e+07 7.45260818e+07
 7.41242794e+07 7.38587461e+07 7.37559323e+07 7.36999044e+07
 7.36569920e+07 7.36247383e+07 7.35937195e+07 7.35531325e+07
 7.35270008e+07 7.35033008e+07 7.34728583e+07 7.34415671e+07
 7.33977892e+07 7.33368969e+07 7.32152503e+07 7.30850917e+07
 7.29228971e+07 7.28213555e+07 7.27438220e+07 7.26453931e+07
 7.25458589e+07 7.24406258e+07 7.23323594e+07 7.21706088e+07
 7.19601726e+07 7.16708691e+07 7.12818151e+07 7.07523769e+07
 7.00559930e+07 6.91593242e+07 6.81612440e+07 6.70656222e+07
 6.58631148e+07 6.45154640e+07 6.29711456e+07 6.11445858e+07
 5.88968358e+07 5.62466366e+07 5.38246839e+07 5.18418819e+07
 0.00000000e+00 0.00000000e+00 0.00000000e+00 0.00000000e+00
 0.00000000e+00 0.00000000e+00 0.00000000e+00 0.00000000e+00
 0.00000000e+00 0.00000000e+00 0.00000000e+00 0.00000000e+00
 0.00000000e+00 0.00000000e+00 0.00000000e+00 0.00000000e+00
 0.00000000e+00 0.00000000e+00 0.00000000e+00 0.00000000e+00
 0.00000000e+00 0.00000000e+00 0.00000000e+00 0.00000000e+00
 0.00000000e+00 0.00000000e+00 0.00000000e+00 0.00000000e+00
 0.00000000e+00 0.00000000e+00 0.00000000e+00 0.00000000e+00
 0.00000000e+00 0.00000000e+00 0.00000000e+00 0.00000000e+00
 0.00000000e+00 0.00000000e+00 0.00000000e+00 0.00000000e+00
 0.00000000e+00 0.00000000e+00 0.00000000e+00 0.00000000e+00
 0.00000000e+00 0.00000000e+00 0.00000000e+00 0.00000000e+00
 0.00000000e+00 0.00000000e+00 0.00000000e+00 0.00000000e+00
 0.00000000e+00 0.00000000e+00 0.00000000e+00 0.00000000e+00
 0.00000000e+00 0.00000000e+00 0.00000000e+00 0.00000000e+00
 0.00000000e+00 0.00000000e+00 0.00000000e+00 0.00000000e+00
 0.00000000e+00 0.00000000e+00 0.00000000e+00 0.00000000e+00
 0.00000000e+00 0.00000000e+00 0.00000000e+00 0.00000000e+00
 0.00000000e+00 0.00000000e+00 0.00000000e+00 0.00000000e+00
 0.00000000e+00 0.00000000e+00 0.00000000e+00 0.00000000e+00
 0.00000000e+00 0.00000000e+00 0.00000000e+00 0.00000000e+00
 0.00000000e+00 0.00000000e+00 0.00000000e+00 0.00000000e+00
 0.00000000e+00 0.00000000e+00 0.00000000e+00 0.00000000e+00
 0.00000000e+00 0.00000000e+00 0.00000000e+00 0.00000000e+00
 0.00000000e+00 0.00000000e+00 0.00000000e+00 0.00000000e+00
 0.00000000e+00 0.00000000e+00 0.00000000e+00 0.00000000e+00
 0.00000000e+00 0.00000000e+00 0.00000000e+00 0.00000000e+00
 0.00000000e+00 0.00000000e+00 0.00000000e+00 0.00000000e+00
 0.00000000e+00 0.00000000e+00 0.00000000e+00 0.00000000e+00
 0.00000000e+00 0.00000000e+00 0.00000000e+00 0.00000000e+00
 0.00000000e+00 0.00000000e+00 0.00000000e+00 0.00000000e+00
 0.00000000e+00 0.00000000e+00 0.00000000e+00 0.00000000e+00
 0.00000000e+00 0.00000000e+00 0.00000000e+00 0.00000000e+00
 0.00000000e+00 0.00000000e+00 0.00000000e+00 0.00000000e+00
 0.00000000e+00 0.00000000e+00 0.00000000e+00 0.00000000e+00
 0.00000000e+00 0.00000000e+00 0.00000000e+00 0.00000000e+00
 0.00000000e+00 0.00000000e+00 0.00000000e+00 0.00000000e+00
 0.00000000e+00 0.00000000e+00 0.00000000e+00 0.00000000e+00
 0.00000000e+00 0.00000000e+00 0.00000000e+00 0.00000000e+00
 0.00000000e+00 0.00000000e+00 0.00000000e+00 0.00000000e+00
 0.00000000e+00 0.00000000e+00 0.00000000e+00 0.00000000e+00
 0.00000000e+00 0.00000000e+00 0.00000000e+00 0.00000000e+00
 0.00000000e+00 0.00000000e+00 0.00000000e+00 0.00000000e+00
 0.00000000e+00 0.00000000e+00 0.00000000e+00 0.00000000e+00
 0.00000000e+00 0.00000000e+00 0.00000000e+00 0.00000000e+00
 0.00000000e+00 0.00000000e+00 0.00000000e+00 0.00000000e+00
 0.00000000e+00 0.00000000e+00 0.00000000e+00 0.00000000e+00
 0.00000000e+00 0.00000000e+00 0.00000000e+00 0.00000000e+00
 0.00000000e+00 0.00000000e+00 0.00000000e+00 0.00000000e+00
 0.00000000e+00 0.00000000e+00 0.00000000e+00 0.00000000e+00
 0.00000000e+00 0.00000000e+00 0.00000000e+00 0.00000000e+00
 0.00000000e+00 0.00000000e+00 0.00000000e+00 0.00000000e+00
 0.00000000e+00 0.00000000e+00 0.00000000e+00 0.00000000e+00
 0.00000000e+00 0.00000000e+00 0.00000000e+00 0.00000000e+00
 0.00000000e+00 0.00000000e+00 0.00000000e+00 0.00000000e+00
 0.00000000e+00 0.00000000e+00 0.00000000e+00 0.00000000e+00
 0.00000000e+00 0.00000000e+00 0.00000000e+00 0.00000000e+00
 0.00000000e+00 0.00000000e+00 0.00000000e+00 0.00000000e+00
 0.00000000e+00 0.00000000e+00 0.00000000e+00 0.00000000e+00
 0.00000000e+00 0.00000000e+00 0.00000000e+00 0.00000000e+00
 0.00000000e+00 0.00000000e+00 0.00000000e+00 0.00000000e+00
 0.00000000e+00 0.00000000e+00 0.00000000e+00 0.00000000e+00
 0.00000000e+00 0.00000000e+00 0.00000000e+00 0.00000000e+00
 0.00000000e+00 0.00000000e+00 0.00000000e+00 0.00000000e+00
 0.00000000e+00 0.00000000e+00 0.00000000e+00 0.00000000e+00
 0.00000000e+00 0.00000000e+00 0.00000000e+00 0.00000000e+00
 0.00000000e+00 0.00000000e+00 0.00000000e+00 0.00000000e+00
 0.00000000e+00 0.00000000e+00 0.00000000e+00 0.00000000e+00
 0.00000000e+00 0.00000000e+00 0.00000000e+00 0.00000000e+00
 0.00000000e+00 0.00000000e+00 0.00000000e+00 0.00000000e+00
 0.00000000e+00 0.00000000e+00 0.00000000e+00 0.00000000e+00
 0.00000000e+00 0.00000000e+00 0.00000000e+00 0.00000000e+00
 0.00000000e+00 0.00000000e+00 0.00000000e+00 0.00000000e+00
 0.00000000e+00 0.00000000e+00 0.00000000e+00 0.00000000e+00
 0.00000000e+00 0.00000000e+00 0.00000000e+00 0.00000000e+00
 0.00000000e+00 0.00000000e+00 0.00000000e+00 0.00000000e+00
 0.00000000e+00 0.00000000e+00 0.00000000e+00 0.00000000e+00
 0.00000000e+00 0.00000000e+00 0.00000000e+00 0.00000000e+00
 0.00000000e+00 0.00000000e+00 0.00000000e+00]
norm_dvd: [0. 0. 0. 0. 0. 0. 0. 0. 0. 0. 0. 0. 0. 0. 0. 0. 0. 0. 0. 0. 0. 0. 0. 0.
 0. 0. 0. 0. 0. 0. 0. 0. 0. 0. 0. 0. 0. 0. 0. 0. 0. 0. 0. 0. 0. 0. 0. 0.
 0. 0. 0. 0. 0. 0. 0. 0. 0. 0. 0. 0. 0. 0. 0. 0. 0. 0. 0. 0. 0. 0. 0. 0.
 0. 0. 0. 0. 0. 0. 0. 0. 0. 0. 0. 0. 0. 0. 0. 0. 0. 0. 0. 0. 0. 0. 0. 0.
 0. 0. 0. 0. 0. 0. 0. 0. 0. 0. 0. 0. 0. 0. 0. 0. 0. 0. 0. 0. 0. 0. 0. 0.
 0. 0. 0. 0. 0. 0. 0. 0. 0. 0. 0. 0. 0. 0. 0. 0. 0. 0. 0. 0. 0. 0. 0. 0.
 0. 0. 0. 0. 0. 0. 0. 0. 0. 0. 0. 0. 0. 0. 0. 0. 0. 0. 0. 0. 0. 0. 0. 0.
 0. 0. 0. 0. 0. 0. 0. 0. 0. 0. 0. 0. 0. 0. 0. 0. 0. 0. 0. 0. 0. 0. 0. 0.
 0. 0. 0. 0. 0. 0. 0. 0. 0. 0. 0. 0. 0. 0. 0. 0. 0. 0. 0. 0. 0. 0. 0. 0.
 0. 0. 0. 0. 0. 0. 0. 0. 0. 0. 0. 0. 0. 0. 0. 0. 0. 0. 0. 0. 0. 0. 0. 0.
 0. 0. 0. 0. 0. 0. 0. 0. 0. 0. 0. 0. 0. 0. 0. 0. 0. 0. 0. 0. 0. 0. 0. 0.
 0. 0. 0. 0. 0. 0. 0. 0. 0. 0. 0. 0. 0. 0. 0. 0. 0. 0. 0. 0. 0. 0. 0. 0.
 0. 0. 0. 0. 0. 0. 0. 0. 0. 0. 0. 0. 0. 0. 0. 0. 0. 0. 0. 0. 0. 0. 0. 0.
 0. 0. 0. 0. 0. 0. 0. 0. 0. 0. 0. 0. 0. 0. 0. 0. 0. 0. 0. 0. 0. 0. 0. 0.
 0. 0. 0. 0. 0. 0. 0. 0. 0. 0. 0. 0. 0. 0. 0. 0. 0. 0. 0. 0. 0. 0. 0. 0.
 0. 0. 0. 0. 0. 0. 0. 0. 0. 0. 0. 0. 0. 0. 0. 0. 0. 0. 0. 0. 0. 0. 0. 0.
 0. 0. 0. 0. 0. 0. 0. 0. 0. 0. 0. 0. 0. 0. 0. 0. 0. 0. 0. 0. 0. 0. 0. 0.
 0. 0. 0. 0. 0. 0. 0. 0. 0. 0. 0. 0. 0. 0. 0. 0. 0. 0. 0. 0. 0. 0. 0. 0.
 0. 0. 0. 0. 0. 0. 0. 0. 0. 0. 0. 0. 0. 0. 0. 0. 0. 0. 0. 0. 0. 0. 0. 0.
 0. 0. 0. 0. 0. 0. 0. 0. 0. 0. 0. 0. 0. 0. 0. 0. 0. 0. 0. 0. 0. 0. 0. 0.
 0. 0. 0. 0. 0. 0. 0. 0. 0. 0. 0. 0. 0. 0. 0. 0. 0. 0. 0. 0. 0. 0. 0. 0.
 0. 0. 0. 0. 0. 0. 0. 0. 0. 0. 0. 0. 0. 0. 0. 0. 0. 0. 0. 0. 0. 0. 0. 0.
 0. 0. 0. 0. 0. 0. 0. 0. 0. 0. 0. 0. 0. 0. 0. 0. 0. 0. 0. 0. 0. 0. 0. 0.
 0. 0. 0. 0. 0. 0. 0. 0. 0. 0. 0. 0. 0. 0. 0. 0. 0. 0. 0. 0. 0. 0. 0. 0.
 0. 0. 0. 0. 0. 0. 0. 0. 0. 0. 0. 0. 0. 0. 0. 0. 0. 0. 0. 0. 0. 0. 0. 0.
 0. 0. 0. 0. 0. 0. 0. 0. 0. 0. 0. 0. 0. 0. 0. 0. 0. 0. 0. 0. 0. 0. 0. 0.
 0. 0. 0. 0. 0. 0. 0. 0. 0. 0. 0. 0. 0. 0. 0.]
norm_did: [0.00000000e+00 0.00000000e+00 0.00000000e+00 0.00000000e+00
 1.76070883e+02 1.50158538e+02 0.00000000e+00 0.00000000e+00
 0.00000000e+00 8.72328960e+02 0.00000000e+00 0.00000000e+00
 0.00000000e+00 0.00000000e+00 8.19805360e+02 0.00000000e+00
 0.00000000e+00 0.00000000e+00 4.06368692e+02 0.00000000e+00
 2.66788336e+02 3.94083301e+02 0.00000000e+00 6.05879196e+02
 0.00000000e+00 0.00000000e+00 0.00000000e+00 1.08275549e+03
 0.00000000e+00 0.00000000e+00 0.00000000e+00 0.00000000e+00
 0.00000000e+00 0.00000000e+00 0.00000000e+00 1.50654411e+03
 0.00000000e+00 0.00000000e+00 7.20374621e+02 0.00000000e+00
 0.00000000e+00 0.00000000e+00 0.00000000e+00 0.00000000e+00
 0.00000000e+00 8.76951411e+02 0.00000000e+00 0.00000000e+00
 0.00000000e+00 0.00000000e+00 1.88336580e+03 0.00000000e+00
 0.00000000e+00 0.00000000e+00 7.80508160e+02 5.63155677e+02
 0.00000000e+00 6.54227068e+02 2.61208726e+02 4.22796053e+02
 5.94850164e+02 4.81625307e+02 5.61849798e+02 5.57324000e+02
 8.41138442e+02 5.66594720e+02 5.05512403e+02 8.95220579e+02
 8.01156721e+02 4.63150250e+02 9.26300435e+02 0.00000000e+00
 1.52598759e+03 7.62993789e+02 7.62994119e+02 9.53742637e+02
 9.58707800e+02 1.36522295e+03 8.60850234e+02 1.39568296e+03
 1.23758826e+03 1.54388182e+03 1.57635358e+03 1.28687567e+03
 1.52080335e+03 1.11476367e+03 1.86372429e+03 1.71852442e+03
 1.55986172e+03 1.94801815e+03 1.87416113e+03 1.74363501e+03
 2.12546714e+03 2.36883080e+03 2.62769675e+03 2.88418500e+03
 3.79227398e+03 5.43811863e+03 7.88236917e+03 2.99058611e+04
 1.60726223e+04 1.41342530e+04 1.55806696e+04 1.79621710e+04
 1.83705207e+04 1.95270606e+04 2.08145952e+04 2.26600532e+04
 2.42948866e+04 2.66136005e+04 3.13700406e+04 3.67415219e+04
 4.54796765e+04 9.05211909e+04 6.73082790e+04 6.25360053e+04
 6.17400929e+04 6.16601773e+04 6.07703965e+04 6.29748927e+04
 6.28908505e+04 6.49298142e+04 6.26107921e+04 6.43499950e+04
 6.60890991e+04 7.19433912e+04 8.39351003e+04 8.18218282e+04
 8.01618439e+04 8.34805757e+04 8.70495967e+04 8.89293693e+04
 9.13779193e+04 9.69249631e+04 1.04333922e+05 1.15305419e+05
 1.31983004e+05 1.55805775e+05 1.85691105e+05 2.32046124e+05
 3.04722856e+05 4.44774186e+05 7.10051091e+05 1.23613273e+06
 2.26930212e+06 4.42383482e+06 7.83642742e+06 5.98389168e+05
 1.52316075e+08 5.35611762e+08 1.27905570e+09 1.40131801e+10
 1.27091594e+10 4.21599056e+09 2.67378637e+09 2.97735075e+09
 1.56681883e+09 1.57363688e+09 1.57129534e+09 1.55778932e+09
 1.52702421e+09 1.50538501e+09 1.47091765e+09 1.42353696e+09
 1.41202266e+09 1.40386419e+09 1.39610987e+09 1.38372929e+09
 1.37716087e+09 1.37106532e+09 1.36197398e+09 1.35399077e+09
 1.34583154e+09 1.33574857e+09 1.32833092e+09 1.32073545e+09
 1.31272900e+09 1.30440790e+09 1.28509418e+09 1.27623101e+09
 1.26934610e+09 1.26253245e+09 1.25283768e+09 1.24700448e+09
 1.24250656e+09 1.23697891e+09 1.23134287e+09 1.22510273e+09
 1.21854839e+09 1.20883859e+09 1.19890902e+09 1.18890956e+09
 1.18135886e+09 1.18312638e+09 1.18242534e+09 1.18099567e+09
 1.17593565e+09 1.16311881e+09 1.15875183e+09 1.15644837e+09
 1.15513510e+09 1.15377404e+09 1.15182438e+09 1.15096006e+09
 1.14971832e+09 1.14890276e+09 1.14719685e+09 1.14456706e+09
 1.12981000e+09 1.12368114e+09 1.11964023e+09 1.11316297e+09
 1.10831943e+09 1.10212917e+09 1.09773072e+09 1.09031234e+09
 1.08160538e+09 1.06908100e+09 1.05280553e+09 1.03093072e+09
 1.00152647e+09 9.48413522e+08 9.29330310e+08 9.15112697e+08
 9.05214490e+08 8.95923524e+08 8.85939443e+08 8.71984329e+08
 8.63733645e+08 8.53056895e+08 8.43382191e+08 8.28838727e+08
 8.06046135e+08 7.83345712e+08 7.70724096e+08 7.60478350e+08
 7.44903863e+08 7.31448799e+08 7.17501810e+08 7.16643599e+08
 7.14940286e+08 7.13910850e+08 7.12458397e+08 7.09545255e+08
 7.02432324e+08 6.91691358e+08 6.80435442e+08 6.70366984e+08
 6.58125727e+08 6.38506277e+08 6.06547988e+08 5.97073666e+08
 5.80767688e+08 5.75887531e+08 5.71081025e+08 5.67420551e+08
 5.63684518e+08 5.59040898e+08 5.56689075e+08 5.54397105e+08
 5.51600153e+08 5.48712755e+08 5.45538495e+08 5.41927220e+08
 5.37689409e+08 5.32545099e+08 5.26098961e+08 5.17877037e+08
 4.97816956e+08 4.80993037e+08 4.76885972e+08 4.71913746e+08
 4.69291423e+08 4.65984058e+08 4.62159826e+08 4.59815751e+08
 4.56517032e+08 4.53125663e+08 4.49120778e+08 4.44797667e+08
 4.40692739e+08 4.35082296e+08 4.27651151e+08 4.20132834e+08
 4.10485351e+08 4.04003497e+08 4.01578035e+08 4.00338251e+08
 3.99385139e+08 3.98703284e+08 3.98064354e+08 3.97162990e+08
 3.96618295e+08 3.96125562e+08 3.95509571e+08 3.94878251e+08
 3.94053674e+08 3.93031055e+08 3.90557380e+08 3.88035123e+08
 3.84526442e+08 3.82407050e+08 3.80961188e+08 3.79034934e+08
 3.77116624e+08 3.75093982e+08 3.73218536e+08 3.70339228e+08
 3.66698829e+08 3.61762028e+08 3.55320237e+08 3.46776047e+08
 3.35992559e+08 3.22403462e+08 3.08243020e+08 2.93799756e+08
 2.79196259e+08 2.64176477e+08 2.48489819e+08 2.31710763e+08
 2.12655694e+08 1.90986230e+08 1.72743534e+08 1.59376792e+08
 6.39219956e+08 0.00000000e+00 0.00000000e+00 0.00000000e+00
 0.00000000e+00 0.00000000e+00 0.00000000e+00 0.00000000e+00
 0.00000000e+00 0.00000000e+00 0.00000000e+00 0.00000000e+00
 0.00000000e+00 0.00000000e+00 0.00000000e+00 0.00000000e+00
 0.00000000e+00 0.00000000e+00 0.00000000e+00 0.00000000e+00
 0.00000000e+00 0.00000000e+00 0.00000000e+00 0.00000000e+00
 0.00000000e+00 0.00000000e+00 0.00000000e+00 0.00000000e+00
 0.00000000e+00 0.00000000e+00 0.00000000e+00 0.00000000e+00
 0.00000000e+00 0.00000000e+00 0.00000000e+00 0.00000000e+00
 0.00000000e+00 0.00000000e+00 0.00000000e+00 0.00000000e+00
 0.00000000e+00 0.00000000e+00 0.00000000e+00 0.00000000e+00
 0.00000000e+00 0.00000000e+00 0.00000000e+00 0.00000000e+00
 0.00000000e+00 0.00000000e+00 0.00000000e+00 0.00000000e+00
 0.00000000e+00 0.00000000e+00 0.00000000e+00 0.00000000e+00
 0.00000000e+00 0.00000000e+00 0.00000000e+00 0.00000000e+00
 0.00000000e+00 0.00000000e+00 0.00000000e+00 0.00000000e+00
 0.00000000e+00 0.00000000e+00 0.00000000e+00 0.00000000e+00
 0.00000000e+00 0.00000000e+00 0.00000000e+00 0.00000000e+00
 0.00000000e+00 0.00000000e+00 0.00000000e+00 0.00000000e+00
 0.00000000e+00 0.00000000e+00 0.00000000e+00 0.00000000e+00
 0.00000000e+00 0.00000000e+00 0.00000000e+00 0.00000000e+00
 0.00000000e+00 0.00000000e+00 0.00000000e+00 0.00000000e+00
 0.00000000e+00 0.00000000e+00 0.00000000e+00 0.00000000e+00
 0.00000000e+00 0.00000000e+00 0.00000000e+00 0.00000000e+00
 0.00000000e+00 0.00000000e+00 0.00000000e+00 0.00000000e+00
 0.00000000e+00 0.00000000e+00 0.00000000e+00 0.00000000e+00
 0.00000000e+00 0.00000000e+00 0.00000000e+00 0.00000000e+00
 0.00000000e+00 0.00000000e+00 0.00000000e+00 0.00000000e+00
 0.00000000e+00 0.00000000e+00 0.00000000e+00 0.00000000e+00
 0.00000000e+00 0.00000000e+00 0.00000000e+00 0.00000000e+00
 0.00000000e+00 0.00000000e+00 0.00000000e+00 0.00000000e+00
 0.00000000e+00 0.00000000e+00 0.00000000e+00 0.00000000e+00
 0.00000000e+00 0.00000000e+00 0.00000000e+00 0.00000000e+00
 0.00000000e+00 0.00000000e+00 0.00000000e+00 0.00000000e+00
 0.00000000e+00 0.00000000e+00 0.00000000e+00 0.00000000e+00
 0.00000000e+00 0.00000000e+00 0.00000000e+00 0.00000000e+00
 0.00000000e+00 0.00000000e+00 0.00000000e+00 0.00000000e+00
 0.00000000e+00 0.00000000e+00 0.00000000e+00 0.00000000e+00
 0.00000000e+00 0.00000000e+00 0.00000000e+00 0.00000000e+00
 0.00000000e+00 0.00000000e+00 0.00000000e+00 0.00000000e+00
 0.00000000e+00 0.00000000e+00 0.00000000e+00 0.00000000e+00
 0.00000000e+00 0.00000000e+00 0.00000000e+00 0.00000000e+00
 0.00000000e+00 0.00000000e+00 0.00000000e+00 0.00000000e+00
 0.00000000e+00 0.00000000e+00 0.00000000e+00 0.00000000e+00
 0.00000000e+00 0.00000000e+00 0.00000000e+00 0.00000000e+00
 0.00000000e+00 0.00000000e+00 0.00000000e+00 0.00000000e+00
 0.00000000e+00 0.00000000e+00 0.00000000e+00 0.00000000e+00
 0.00000000e+00 0.00000000e+00 0.00000000e+00 0.00000000e+00
 0.00000000e+00 0.00000000e+00 0.00000000e+00 0.00000000e+00
 0.00000000e+00 0.00000000e+00 0.00000000e+00 0.00000000e+00
 0.00000000e+00 0.00000000e+00 0.00000000e+00 0.00000000e+00
 0.00000000e+00 0.00000000e+00 0.00000000e+00 0.00000000e+00
 0.00000000e+00 0.00000000e+00 0.00000000e+00 0.00000000e+00
 0.00000000e+00 0.00000000e+00 0.00000000e+00 0.00000000e+00
 0.00000000e+00 0.00000000e+00 0.00000000e+00 0.00000000e+00
 0.00000000e+00 0.00000000e+00 0.00000000e+00 0.00000000e+00
 0.00000000e+00 0.00000000e+00 0.00000000e+00 0.00000000e+00
 0.00000000e+00 0.00000000e+00 0.00000000e+00 0.00000000e+00
 0.00000000e+00 0.00000000e+00 0.00000000e+00 0.00000000e+00
 0.00000000e+00 0.00000000e+00 0.00000000e+00 0.00000000e+00
 0.00000000e+00 0.00000000e+00 0.00000000e+00 0.00000000e+00
 0.00000000e+00 0.00000000e+00 0.00000000e+00 0.00000000e+00
 0.00000000e+00 0.00000000e+00 0.00000000e+00 0.00000000e+00
 0.00000000e+00 0.00000000e+00 0.00000000e+00 0.00000000e+00
 0.00000000e+00 0.00000000e+00 0.00000000e+00 0.00000000e+00
 0.00000000e+00 0.00000000e+00 0.00000000e+00 0.00000000e+00
 0.00000000e+00 0.00000000e+00 0.00000000e+00 0.00000000e+00
 0.00000000e+00 0.00000000e+00 0.00000000e+00 0.00000000e+00
 0.00000000e+00 0.00000000e+00 0.00000000e+00 0.00000000e+00
 0.00000000e+00 0.00000000e+00 0.00000000e+00 0.00000000e+00
 0.00000000e+00 0.00000000e+00 0.00000000e+00 0.00000000e+00
 0.00000000e+00 0.00000000e+00 0.00000000e+00 0.00000000e+00
 0.00000000e+00 0.00000000e+00 0.00000000e+00 0.00000000e+00
 0.00000000e+00 0.00000000e+00 0.00000000e+00 0.00000000e+00
 0.00000000e+00 0.00000000e+00 0.00000000e+00 0.00000000e+00
 0.00000000e+00 0.00000000e+00 0.00000000e+00 0.00000000e+00
 0.00000000e+00 0.00000000e+00 0.00000000e+00 0.00000000e+00
 0.00000000e+00 0.00000000e+00 0.00000000e+00 0.00000000e+00
 0.00000000e+00 0.00000000e+00 0.00000000e+00]
[WARNING]: Quasi-static verification failed
[WARNING]: Max normalized derivatives: dVg/dt=2.50e+11, dVd/dt=0.00e+00, dId/dt=1.40e+10

  ngspice: ✓ PASS  (133.9s)

✓ Benchmark completed: /home/duhaochen/website-trial-v1/data/spice-model-benchmark/9f0345a55dfc700f456a8bd23c9925d0/ngspice
