
6. Printing statistics.

=== adder_top ===

        +----------Local Count, excluding submodules.
        |        +-Local Area, excluding submodules.
        |        | 
       73        - wires
      118        - wire bits
        5        - public wires
       50        - public wire bits
        5        - ports
       50        - port bits
       85  262.339 cells
        2    4.693   AND2X1
       15   42.237   AOI21X1
       15   21.119   INVX1
        4    7.509   NAND2X1
       14   32.851   NOR2X1
        1    2.816   NOR3X1
        2    5.632   OAI21X1
        2    4.693   OR2X1
       17   79.781   XNOR2X1
       13   61.009   XOR2X1

   Chip area for module '\adder_top': 262.338700
     of which used for sequential elements: 0.000000 (0.00%)

