OpenSTA 3.1.0 543361765b Copyright (c) 2026, Parallax Software, Inc.
License GPLv3: GNU GPL version 3 <http://gnu.org/licenses/gpl.html>

This is free software, and you are free to change and redistribute it
under certain conditions; type `show_copying' for details. 
This program comes with ABSOLUTELY NO WARRANTY; for details type `show_warranty'.
Startpoint: cin (input port clocked by vclk)
Endpoint: sum[15] (output port clocked by vclk)
Path Group: vclk
Path Type: max

        Cap        Slew       Delay        Time   Description
---------------------------------------------------------------------------------------
               0.000000    0.000000    0.000000   clock vclk (rise edge)
                           0.000000    0.000000   clock network delay (ideal)
                           0.000000    0.000000 v input external delay
   0.006018    0.050000    0.000000    0.000000 v cin (in)
               0.050000    0.000000    0.000000 v _085_/B (OR2X1)
   0.004623    0.017130    0.057750    0.057750 v _085_/Y (OR2X1)
               0.017130    0.000000    0.057750 v _088_/B (AOI21X1)
   0.007954    0.054966    0.050438    0.108187 ^ _088_/Y (AOI21X1)
               0.054966    0.000000    0.108187 ^ _090_/B (XNOR2X1)
   0.008390    0.067890    0.073375    0.181562 ^ _090_/Y (XNOR2X1)
               0.067890    0.000000    0.181562 ^ _091_/B (AOI21X1)
   0.007301    0.028698    0.046910    0.228472 v _091_/Y (AOI21X1)
               0.028698    0.000000    0.228472 v _093_/B (XNOR2X1)
   0.008390    0.067902    0.070683    0.299155 ^ _093_/Y (XNOR2X1)
               0.067902    0.000000    0.299155 ^ _094_/B (AOI21X1)
   0.007301    0.028698    0.046913    0.346068 v _094_/Y (AOI21X1)
               0.028698    0.000000    0.346068 v _096_/B (XNOR2X1)
   0.008390    0.067902    0.070683    0.416751 ^ _096_/Y (XNOR2X1)
               0.067902    0.000000    0.416751 ^ _097_/B (AOI21X1)
   0.007301    0.028698    0.046913    0.463664 v _097_/Y (AOI21X1)
               0.028698    0.000000    0.463664 v _099_/B (XNOR2X1)
   0.008390    0.067902    0.070683    0.534347 ^ _099_/Y (XNOR2X1)
               0.067902    0.000000    0.534347 ^ _100_/B (AOI21X1)
   0.007301    0.028698    0.046913    0.581260 v _100_/Y (AOI21X1)
               0.028698    0.000000    0.581260 v _102_/B (XNOR2X1)
   0.008390    0.067902    0.070683    0.651943 ^ _102_/Y (XNOR2X1)
               0.067902    0.000000    0.651943 ^ _103_/B (AOI21X1)
   0.007301    0.028698    0.046913    0.698856 v _103_/Y (AOI21X1)
               0.028698    0.000000    0.698856 v _105_/B (XNOR2X1)
   0.008390    0.067902    0.070683    0.769539 ^ _105_/Y (XNOR2X1)
               0.067902    0.000000    0.769539 ^ _106_/B (AOI21X1)
   0.007301    0.028698    0.046913    0.816452 v _106_/Y (AOI21X1)
               0.028698    0.000000    0.816452 v _108_/B (XNOR2X1)
   0.008390    0.067902    0.070683    0.887135 ^ _108_/Y (XNOR2X1)
               0.067902    0.000000    0.887135 ^ _109_/B (AOI21X1)
   0.007301    0.028698    0.046913    0.934048 v _109_/Y (AOI21X1)
               0.028698    0.000000    0.934048 v _111_/B (XNOR2X1)
   0.008390    0.067902    0.070683    1.004730 ^ _111_/Y (XNOR2X1)
               0.067902    0.000000    1.004730 ^ _118_/B (AOI21X1)
   0.007301    0.028698    0.046913    1.051643 v _118_/Y (AOI21X1)
               0.028698    0.000000    1.051643 v _120_/B (XNOR2X1)
   0.008390    0.067902    0.070683    1.122326 ^ _120_/Y (XNOR2X1)
               0.067902    0.000000    1.122326 ^ _121_/B (AOI21X1)
   0.007301    0.028698    0.046913    1.169239 v _121_/Y (AOI21X1)
               0.028698    0.000000    1.169239 v _123_/B (XNOR2X1)
   0.008390    0.067902    0.070683    1.239922 ^ _123_/Y (XNOR2X1)
               0.067902    0.000000    1.239922 ^ _124_/B (AOI21X1)
   0.007301    0.028698    0.046913    1.286835 v _124_/Y (AOI21X1)
               0.028698    0.000000    1.286835 v _126_/B (XNOR2X1)
   0.008390    0.067902    0.070683    1.357518 ^ _126_/Y (XNOR2X1)
               0.067902    0.000000    1.357518 ^ _127_/B (AOI21X1)
   0.006489    0.026692    0.045518    1.403036 v _127_/Y (AOI21X1)
               0.026692    0.000000    1.403036 v _130_/B (NAND2X1)
   0.004752    0.045844    0.025834    1.428870 ^ _130_/Y (NAND2X1)
               0.045844    0.000000    1.428870 ^ _132_/B (AOI21X1)
   0.007301    0.028999    0.041607    1.470477 v _132_/Y (AOI21X1)
               0.028999    0.000000    1.470477 v _134_/B (XNOR2X1)
   0.008390    0.067895    0.070714    1.541191 ^ _134_/Y (XNOR2X1)
               0.067895    0.000000    1.541191 ^ _135_/B (AOI21X1)
   0.007301    0.028698    0.046911    1.588102 v _135_/Y (AOI21X1)
               0.028698    0.000000    1.588102 v _137_/B (XNOR2X1)
   0.010733    0.079168    0.078297    1.666399 ^ _137_/Y (XNOR2X1)
               0.079168    0.000000    1.666399 ^ _139_/B (AOI21X1)
   0.005004    0.022862    0.045678    1.712077 v _139_/Y (AOI21X1)
               0.022862    0.000000    1.712077 v _142_/B (XNOR2X1)
   0.005589    0.054575    0.060984    1.773061 ^ _142_/Y (XNOR2X1)
               0.054575    0.000000    1.773061 ^ _152_/B (XNOR2X1)
   0.010000    0.075730    0.078571    1.851632 ^ _152_/Y (XNOR2X1)
               0.075730    0.000000    1.851632 ^ sum[15] (out)
                                       1.851632   data arrival time

               0.000000  100.000000  100.000000   clock vclk (rise edge)
                           0.000000  100.000000   clock network delay (ideal)
                           0.000000  100.000000   clock reconvergence pessimism
                           0.000000  100.000000   output external delay
                                     100.000000   data required time
---------------------------------------------------------------------------------------
                                     100.000000   data required time
                                      -1.851632   data arrival time
---------------------------------------------------------------------------------------
                                      98.148369   slack (MET)


Startpoint: cin (input port clocked by vclk)
Endpoint: cout (output port clocked by vclk)
Path Group: vclk
Path Type: max

        Cap        Slew       Delay        Time   Description
---------------------------------------------------------------------------------------
               0.000000    0.000000    0.000000   clock vclk (rise edge)
                           0.000000    0.000000   clock network delay (ideal)
                           0.000000    0.000000 v input external delay
   0.006018    0.050000    0.000000    0.000000 v cin (in)
               0.050000    0.000000    0.000000 v _085_/B (OR2X1)
   0.004623    0.017130    0.057750    0.057750 v _085_/Y (OR2X1)
               0.017130    0.000000    0.057750 v _088_/B (AOI21X1)
   0.007954    0.054966    0.050438    0.108187 ^ _088_/Y (AOI21X1)
               0.054966    0.000000    0.108187 ^ _090_/B (XNOR2X1)
   0.008390    0.067890    0.073375    0.181562 ^ _090_/Y (XNOR2X1)
               0.067890    0.000000    0.181562 ^ _091_/B (AOI21X1)
   0.007301    0.028698    0.046910    0.228472 v _091_/Y (AOI21X1)
               0.028698    0.000000    0.228472 v _093_/B (XNOR2X1)
   0.008390    0.067902    0.070683    0.299155 ^ _093_/Y (XNOR2X1)
               0.067902    0.000000    0.299155 ^ _094_/B (AOI21X1)
   0.007301    0.028698    0.046913    0.346068 v _094_/Y (AOI21X1)
               0.028698    0.000000    0.346068 v _096_/B (XNOR2X1)
   0.008390    0.067902    0.070683    0.416751 ^ _096_/Y (XNOR2X1)
               0.067902    0.000000    0.416751 ^ _097_/B (AOI21X1)
   0.007301    0.028698    0.046913    0.463664 v _097_/Y (AOI21X1)
               0.028698    0.000000    0.463664 v _099_/B (XNOR2X1)
   0.008390    0.067902    0.070683    0.534347 ^ _099_/Y (XNOR2X1)
               0.067902    0.000000    0.534347 ^ _100_/B (AOI21X1)
   0.007301    0.028698    0.046913    0.581260 v _100_/Y (AOI21X1)
               0.028698    0.000000    0.581260 v _102_/B (XNOR2X1)
   0.008390    0.067902    0.070683    0.651943 ^ _102_/Y (XNOR2X1)
               0.067902    0.000000    0.651943 ^ _103_/B (AOI21X1)
   0.007301    0.028698    0.046913    0.698856 v _103_/Y (AOI21X1)
               0.028698    0.000000    0.698856 v _105_/B (XNOR2X1)
   0.008390    0.067902    0.070683    0.769539 ^ _105_/Y (XNOR2X1)
               0.067902    0.000000    0.769539 ^ _106_/B (AOI21X1)
   0.007301    0.028698    0.046913    0.816452 v _106_/Y (AOI21X1)
               0.028698    0.000000    0.816452 v _108_/B (XNOR2X1)
   0.008390    0.067902    0.070683    0.887135 ^ _108_/Y (XNOR2X1)
               0.067902    0.000000    0.887135 ^ _109_/B (AOI21X1)
   0.007301    0.028698    0.046913    0.934048 v _109_/Y (AOI21X1)
               0.028698    0.000000    0.934048 v _111_/B (XNOR2X1)
   0.008390    0.067902    0.070683    1.004730 ^ _111_/Y (XNOR2X1)
               0.067902    0.000000    1.004730 ^ _118_/B (AOI21X1)
   0.007301    0.028698    0.046913    1.051643 v _118_/Y (AOI21X1)
               0.028698    0.000000    1.051643 v _120_/B (XNOR2X1)
   0.008390    0.067902    0.070683    1.122326 ^ _120_/Y (XNOR2X1)
               0.067902    0.000000    1.122326 ^ _121_/B (AOI21X1)
   0.007301    0.028698    0.046913    1.169239 v _121_/Y (AOI21X1)
               0.028698    0.000000    1.169239 v _123_/B (XNOR2X1)
   0.008390    0.067902    0.070683    1.239922 ^ _123_/Y (XNOR2X1)
               0.067902    0.000000    1.239922 ^ _124_/B (AOI21X1)
   0.007301    0.028698    0.046913    1.286835 v _124_/Y (AOI21X1)
               0.028698    0.000000    1.286835 v _126_/B (XNOR2X1)
   0.008390    0.067902    0.070683    1.357518 ^ _126_/Y (XNOR2X1)
               0.067902    0.000000    1.357518 ^ _127_/B (AOI21X1)
   0.006489    0.026692    0.045518    1.403036 v _127_/Y (AOI21X1)
               0.026692    0.000000    1.403036 v _130_/B (NAND2X1)
   0.004752    0.045844    0.025834    1.428870 ^ _130_/Y (NAND2X1)
               0.045844    0.000000    1.428870 ^ _132_/B (AOI21X1)
   0.007301    0.028999    0.041607    1.470477 v _132_/Y (AOI21X1)
               0.028999    0.000000    1.470477 v _134_/B (XNOR2X1)
   0.008390    0.067895    0.070714    1.541191 ^ _134_/Y (XNOR2X1)
               0.067895    0.000000    1.541191 ^ _135_/B (AOI21X1)
   0.007301    0.028698    0.046911    1.588102 v _135_/Y (AOI21X1)
               0.028698    0.000000    1.588102 v _137_/B (XNOR2X1)
   0.010733    0.079168    0.078297    1.666399 ^ _137_/Y (XNOR2X1)
               0.079168    0.000000    1.666399 ^ _138_/B (AND2X1)
   0.006120    0.044223    0.049618    1.716017 ^ _138_/Y (AND2X1)
               0.044223    0.000000    1.716017 ^ _141_/C (NOR3X1)
   0.002632    0.028436    0.029353    1.745369 v _141_/Y (NOR3X1)
               0.028436    0.000000    1.745369 v _143_/B (OAI21X1)
   0.010000    0.077673    0.068747    1.814116 ^ _143_/Y (OAI21X1)
               0.077673    0.000000    1.814116 ^ cout (out)
                                       1.814116   data arrival time

               0.000000  100.000000  100.000000   clock vclk (rise edge)
                           0.000000  100.000000   clock network delay (ideal)
                           0.000000  100.000000   clock reconvergence pessimism
                           0.000000  100.000000   output external delay
                                     100.000000   data required time
---------------------------------------------------------------------------------------
                                     100.000000   data required time
                                      -1.814116   data arrival time
---------------------------------------------------------------------------------------
                                      98.185883   slack (MET)


Startpoint: cin (input port clocked by vclk)
Endpoint: sum[14] (output port clocked by vclk)
Path Group: vclk
Path Type: max

        Cap        Slew       Delay        Time   Description
---------------------------------------------------------------------------------------
               0.000000    0.000000    0.000000   clock vclk (rise edge)
                           0.000000    0.000000   clock network delay (ideal)
                           0.000000    0.000000 v input external delay
   0.006018    0.050000    0.000000    0.000000 v cin (in)
               0.050000    0.000000    0.000000 v _085_/B (OR2X1)
   0.004623    0.017130    0.057750    0.057750 v _085_/Y (OR2X1)
               0.017130    0.000000    0.057750 v _088_/B (AOI21X1)
   0.007954    0.054966    0.050438    0.108187 ^ _088_/Y (AOI21X1)
               0.054966    0.000000    0.108187 ^ _090_/B (XNOR2X1)
   0.008390    0.067890    0.073375    0.181562 ^ _090_/Y (XNOR2X1)
               0.067890    0.000000    0.181562 ^ _091_/B (AOI21X1)
   0.007301    0.028698    0.046910    0.228472 v _091_/Y (AOI21X1)
               0.028698    0.000000    0.228472 v _093_/B (XNOR2X1)
   0.008390    0.067902    0.070683    0.299155 ^ _093_/Y (XNOR2X1)
               0.067902    0.000000    0.299155 ^ _094_/B (AOI21X1)
   0.007301    0.028698    0.046913    0.346068 v _094_/Y (AOI21X1)
               0.028698    0.000000    0.346068 v _096_/B (XNOR2X1)
   0.008390    0.067902    0.070683    0.416751 ^ _096_/Y (XNOR2X1)
               0.067902    0.000000    0.416751 ^ _097_/B (AOI21X1)
   0.007301    0.028698    0.046913    0.463664 v _097_/Y (AOI21X1)
               0.028698    0.000000    0.463664 v _099_/B (XNOR2X1)
   0.008390    0.067902    0.070683    0.534347 ^ _099_/Y (XNOR2X1)
               0.067902    0.000000    0.534347 ^ _100_/B (AOI21X1)
   0.007301    0.028698    0.046913    0.581260 v _100_/Y (AOI21X1)
               0.028698    0.000000    0.581260 v _102_/B (XNOR2X1)
   0.008390    0.067902    0.070683    0.651943 ^ _102_/Y (XNOR2X1)
               0.067902    0.000000    0.651943 ^ _103_/B (AOI21X1)
   0.007301    0.028698    0.046913    0.698856 v _103_/Y (AOI21X1)
               0.028698    0.000000    0.698856 v _105_/B (XNOR2X1)
   0.008390    0.067902    0.070683    0.769539 ^ _105_/Y (XNOR2X1)
               0.067902    0.000000    0.769539 ^ _106_/B (AOI21X1)
   0.007301    0.028698    0.046913    0.816452 v _106_/Y (AOI21X1)
               0.028698    0.000000    0.816452 v _108_/B (XNOR2X1)
   0.008390    0.067902    0.070683    0.887135 ^ _108_/Y (XNOR2X1)
               0.067902    0.000000    0.887135 ^ _109_/B (AOI21X1)
   0.007301    0.028698    0.046913    0.934048 v _109_/Y (AOI21X1)
               0.028698    0.000000    0.934048 v _111_/B (XNOR2X1)
   0.008390    0.067902    0.070683    1.004730 ^ _111_/Y (XNOR2X1)
               0.067902    0.000000    1.004730 ^ _118_/B (AOI21X1)
   0.007301    0.028698    0.046913    1.051643 v _118_/Y (AOI21X1)
               0.028698    0.000000    1.051643 v _120_/B (XNOR2X1)
   0.008390    0.067902    0.070683    1.122326 ^ _120_/Y (XNOR2X1)
               0.067902    0.000000    1.122326 ^ _121_/B (AOI21X1)
   0.007301    0.028698    0.046913    1.169239 v _121_/Y (AOI21X1)
               0.028698    0.000000    1.169239 v _123_/B (XNOR2X1)
   0.008390    0.067902    0.070683    1.239922 ^ _123_/Y (XNOR2X1)
               0.067902    0.000000    1.239922 ^ _124_/B (AOI21X1)
   0.007301    0.028698    0.046913    1.286835 v _124_/Y (AOI21X1)
               0.028698    0.000000    1.286835 v _126_/B (XNOR2X1)
   0.008390    0.067902    0.070683    1.357518 ^ _126_/Y (XNOR2X1)
               0.067902    0.000000    1.357518 ^ _127_/B (AOI21X1)
   0.006489    0.026692    0.045518    1.403036 v _127_/Y (AOI21X1)
               0.026692    0.000000    1.403036 v _130_/B (NAND2X1)
   0.004752    0.045844    0.025834    1.428870 ^ _130_/Y (NAND2X1)
               0.045844    0.000000    1.428870 ^ _132_/B (AOI21X1)
   0.007301    0.028999    0.041607    1.470477 v _132_/Y (AOI21X1)
               0.028999    0.000000    1.470477 v _134_/B (XNOR2X1)
   0.008390    0.067895    0.070714    1.541191 ^ _134_/Y (XNOR2X1)
               0.067895    0.000000    1.541191 ^ _135_/B (AOI21X1)
   0.007301    0.028698    0.046911    1.588102 v _135_/Y (AOI21X1)
               0.028698    0.000000    1.588102 v _137_/B (XNOR2X1)
   0.010733    0.079168    0.078297    1.666399 ^ _137_/Y (XNOR2X1)
               0.079168    0.000000    1.666399 ^ _150_/B (XOR2X1)
   0.010000    0.078949    0.080910    1.747309 ^ _150_/Y (XOR2X1)
               0.078949    0.000000    1.747309 ^ sum[14] (out)
                                       1.747309   data arrival time

               0.000000  100.000000  100.000000   clock vclk (rise edge)
                           0.000000  100.000000   clock network delay (ideal)
                           0.000000  100.000000   clock reconvergence pessimism
                           0.000000  100.000000   output external delay
                                     100.000000   data required time
---------------------------------------------------------------------------------------
                                     100.000000   data required time
                                      -1.747309   data arrival time
---------------------------------------------------------------------------------------
                                      98.252686   slack (MET)


Startpoint: cin (input port clocked by vclk)
Endpoint: sum[13] (output port clocked by vclk)
Path Group: vclk
Path Type: max

        Cap        Slew       Delay        Time   Description
---------------------------------------------------------------------------------------
               0.000000    0.000000    0.000000   clock vclk (rise edge)
                           0.000000    0.000000   clock network delay (ideal)
                           0.000000    0.000000 v input external delay
   0.006018    0.050000    0.000000    0.000000 v cin (in)
               0.050000    0.000000    0.000000 v _085_/B (OR2X1)
   0.004623    0.017130    0.057750    0.057750 v _085_/Y (OR2X1)
               0.017130    0.000000    0.057750 v _088_/B (AOI21X1)
   0.007954    0.054966    0.050438    0.108187 ^ _088_/Y (AOI21X1)
               0.054966    0.000000    0.108187 ^ _090_/B (XNOR2X1)
   0.008390    0.067890    0.073375    0.181562 ^ _090_/Y (XNOR2X1)
               0.067890    0.000000    0.181562 ^ _091_/B (AOI21X1)
   0.007301    0.028698    0.046910    0.228472 v _091_/Y (AOI21X1)
               0.028698    0.000000    0.228472 v _093_/B (XNOR2X1)
   0.008390    0.067902    0.070683    0.299155 ^ _093_/Y (XNOR2X1)
               0.067902    0.000000    0.299155 ^ _094_/B (AOI21X1)
   0.007301    0.028698    0.046913    0.346068 v _094_/Y (AOI21X1)
               0.028698    0.000000    0.346068 v _096_/B (XNOR2X1)
   0.008390    0.067902    0.070683    0.416751 ^ _096_/Y (XNOR2X1)
               0.067902    0.000000    0.416751 ^ _097_/B (AOI21X1)
   0.007301    0.028698    0.046913    0.463664 v _097_/Y (AOI21X1)
               0.028698    0.000000    0.463664 v _099_/B (XNOR2X1)
   0.008390    0.067902    0.070683    0.534347 ^ _099_/Y (XNOR2X1)
               0.067902    0.000000    0.534347 ^ _100_/B (AOI21X1)
   0.007301    0.028698    0.046913    0.581260 v _100_/Y (AOI21X1)
               0.028698    0.000000    0.581260 v _102_/B (XNOR2X1)
   0.008390    0.067902    0.070683    0.651943 ^ _102_/Y (XNOR2X1)
               0.067902    0.000000    0.651943 ^ _103_/B (AOI21X1)
   0.007301    0.028698    0.046913    0.698856 v _103_/Y (AOI21X1)
               0.028698    0.000000    0.698856 v _105_/B (XNOR2X1)
   0.008390    0.067902    0.070683    0.769539 ^ _105_/Y (XNOR2X1)
               0.067902    0.000000    0.769539 ^ _106_/B (AOI21X1)
   0.007301    0.028698    0.046913    0.816452 v _106_/Y (AOI21X1)
               0.028698    0.000000    0.816452 v _108_/B (XNOR2X1)
   0.008390    0.067902    0.070683    0.887135 ^ _108_/Y (XNOR2X1)
               0.067902    0.000000    0.887135 ^ _109_/B (AOI21X1)
   0.007301    0.028698    0.046913    0.934048 v _109_/Y (AOI21X1)
               0.028698    0.000000    0.934048 v _111_/B (XNOR2X1)
   0.008390    0.067902    0.070683    1.004730 ^ _111_/Y (XNOR2X1)
               0.067902    0.000000    1.004730 ^ _118_/B (AOI21X1)
   0.007301    0.028698    0.046913    1.051643 v _118_/Y (AOI21X1)
               0.028698    0.000000    1.051643 v _120_/B (XNOR2X1)
   0.008390    0.067902    0.070683    1.122326 ^ _120_/Y (XNOR2X1)
               0.067902    0.000000    1.122326 ^ _121_/B (AOI21X1)
   0.007301    0.028698    0.046913    1.169239 v _121_/Y (AOI21X1)
               0.028698    0.000000    1.169239 v _123_/B (XNOR2X1)
   0.008390    0.067902    0.070683    1.239922 ^ _123_/Y (XNOR2X1)
               0.067902    0.000000    1.239922 ^ _124_/B (AOI21X1)
   0.007301    0.028698    0.046913    1.286835 v _124_/Y (AOI21X1)
               0.028698    0.000000    1.286835 v _126_/B (XNOR2X1)
   0.008390    0.067902    0.070683    1.357518 ^ _126_/Y (XNOR2X1)
               0.067902    0.000000    1.357518 ^ _127_/B (AOI21X1)
   0.006489    0.026692    0.045518    1.403036 v _127_/Y (AOI21X1)
               0.026692    0.000000    1.403036 v _130_/B (NAND2X1)
   0.004752    0.045844    0.025834    1.428870 ^ _130_/Y (NAND2X1)
               0.045844    0.000000    1.428870 ^ _132_/B (AOI21X1)
   0.007301    0.028999    0.041607    1.470477 v _132_/Y (AOI21X1)
               0.028999    0.000000    1.470477 v _134_/B (XNOR2X1)
   0.008390    0.067895    0.070714    1.541191 ^ _134_/Y (XNOR2X1)
               0.067895    0.000000    1.541191 ^ _148_/B (XOR2X1)
   0.010000    0.079128    0.079825    1.621015 ^ _148_/Y (XOR2X1)
               0.079128    0.000000    1.621015 ^ sum[13] (out)
                                       1.621015   data arrival time

               0.000000  100.000000  100.000000   clock vclk (rise edge)
                           0.000000  100.000000   clock network delay (ideal)
                           0.000000  100.000000   clock reconvergence pessimism
                           0.000000  100.000000   output external delay
                                     100.000000   data required time
---------------------------------------------------------------------------------------
                                     100.000000   data required time
                                      -1.621015   data arrival time
---------------------------------------------------------------------------------------
                                      98.378983   slack (MET)


Startpoint: cin (input port clocked by vclk)
Endpoint: sum[12] (output port clocked by vclk)
Path Group: vclk
Path Type: max

        Cap        Slew       Delay        Time   Description
---------------------------------------------------------------------------------------
               0.000000    0.000000    0.000000   clock vclk (rise edge)
                           0.000000    0.000000   clock network delay (ideal)
                           0.000000    0.000000 v input external delay
   0.006018    0.050000    0.000000    0.000000 v cin (in)
               0.050000    0.000000    0.000000 v _085_/B (OR2X1)
   0.004623    0.017130    0.057750    0.057750 v _085_/Y (OR2X1)
               0.017130    0.000000    0.057750 v _088_/B (AOI21X1)
   0.007954    0.054966    0.050438    0.108187 ^ _088_/Y (AOI21X1)
               0.054966    0.000000    0.108187 ^ _090_/B (XNOR2X1)
   0.008390    0.067890    0.073375    0.181562 ^ _090_/Y (XNOR2X1)
               0.067890    0.000000    0.181562 ^ _091_/B (AOI21X1)
   0.007301    0.028698    0.046910    0.228472 v _091_/Y (AOI21X1)
               0.028698    0.000000    0.228472 v _093_/B (XNOR2X1)
   0.008390    0.067902    0.070683    0.299155 ^ _093_/Y (XNOR2X1)
               0.067902    0.000000    0.299155 ^ _094_/B (AOI21X1)
   0.007301    0.028698    0.046913    0.346068 v _094_/Y (AOI21X1)
               0.028698    0.000000    0.346068 v _096_/B (XNOR2X1)
   0.008390    0.067902    0.070683    0.416751 ^ _096_/Y (XNOR2X1)
               0.067902    0.000000    0.416751 ^ _097_/B (AOI21X1)
   0.007301    0.028698    0.046913    0.463664 v _097_/Y (AOI21X1)
               0.028698    0.000000    0.463664 v _099_/B (XNOR2X1)
   0.008390    0.067902    0.070683    0.534347 ^ _099_/Y (XNOR2X1)
               0.067902    0.000000    0.534347 ^ _100_/B (AOI21X1)
   0.007301    0.028698    0.046913    0.581260 v _100_/Y (AOI21X1)
               0.028698    0.000000    0.581260 v _102_/B (XNOR2X1)
   0.008390    0.067902    0.070683    0.651943 ^ _102_/Y (XNOR2X1)
               0.067902    0.000000    0.651943 ^ _103_/B (AOI21X1)
   0.007301    0.028698    0.046913    0.698856 v _103_/Y (AOI21X1)
               0.028698    0.000000    0.698856 v _105_/B (XNOR2X1)
   0.008390    0.067902    0.070683    0.769539 ^ _105_/Y (XNOR2X1)
               0.067902    0.000000    0.769539 ^ _106_/B (AOI21X1)
   0.007301    0.028698    0.046913    0.816452 v _106_/Y (AOI21X1)
               0.028698    0.000000    0.816452 v _108_/B (XNOR2X1)
   0.008390    0.067902    0.070683    0.887135 ^ _108_/Y (XNOR2X1)
               0.067902    0.000000    0.887135 ^ _109_/B (AOI21X1)
   0.007301    0.028698    0.046913    0.934048 v _109_/Y (AOI21X1)
               0.028698    0.000000    0.934048 v _111_/B (XNOR2X1)
   0.008390    0.067902    0.070683    1.004730 ^ _111_/Y (XNOR2X1)
               0.067902    0.000000    1.004730 ^ _118_/B (AOI21X1)
   0.007301    0.028698    0.046913    1.051643 v _118_/Y (AOI21X1)
               0.028698    0.000000    1.051643 v _120_/B (XNOR2X1)
   0.008390    0.067902    0.070683    1.122326 ^ _120_/Y (XNOR2X1)
               0.067902    0.000000    1.122326 ^ _121_/B (AOI21X1)
   0.007301    0.028698    0.046913    1.169239 v _121_/Y (AOI21X1)
               0.028698    0.000000    1.169239 v _123_/B (XNOR2X1)
   0.008390    0.067902    0.070683    1.239922 ^ _123_/Y (XNOR2X1)
               0.067902    0.000000    1.239922 ^ _124_/B (AOI21X1)
   0.007301    0.028698    0.046913    1.286835 v _124_/Y (AOI21X1)
               0.028698    0.000000    1.286835 v _126_/B (XNOR2X1)
   0.008390    0.067902    0.070683    1.357518 ^ _126_/Y (XNOR2X1)
               0.067902    0.000000    1.357518 ^ _127_/B (AOI21X1)
   0.006489    0.026692    0.045518    1.403036 v _127_/Y (AOI21X1)
               0.026692    0.000000    1.403036 v _129_/B (OR2X1)
   0.001884    0.010951    0.049587    1.452624 v _129_/Y (OR2X1)
               0.010951    0.000000    1.452624 v _131_/A (NAND2X1)
   0.005589    0.049956    0.036937    1.489561 ^ _131_/Y (NAND2X1)
               0.049956    0.000000    1.489561 ^ _146_/B (XNOR2X1)
   0.010000    0.075712    0.078097    1.567658 ^ _146_/Y (XNOR2X1)
               0.075712    0.000000    1.567658 ^ sum[12] (out)
                                       1.567658   data arrival time

               0.000000  100.000000  100.000000   clock vclk (rise edge)
                           0.000000  100.000000   clock network delay (ideal)
                           0.000000  100.000000   clock reconvergence pessimism
                           0.000000  100.000000   output external delay
                                     100.000000   data required time
---------------------------------------------------------------------------------------
                                     100.000000   data required time
                                      -1.567658   data arrival time
---------------------------------------------------------------------------------------
                                      98.432343   slack (MET)


Startpoint: cin (input port clocked by vclk)
Endpoint: sum[11] (output port clocked by vclk)
Path Group: vclk
Path Type: max

        Cap        Slew       Delay        Time   Description
---------------------------------------------------------------------------------------
               0.000000    0.000000    0.000000   clock vclk (rise edge)
                           0.000000    0.000000   clock network delay (ideal)
                           0.000000    0.000000 v input external delay
   0.006018    0.050000    0.000000    0.000000 v cin (in)
               0.050000    0.000000    0.000000 v _085_/B (OR2X1)
   0.004623    0.017130    0.057750    0.057750 v _085_/Y (OR2X1)
               0.017130    0.000000    0.057750 v _088_/B (AOI21X1)
   0.007954    0.054966    0.050438    0.108187 ^ _088_/Y (AOI21X1)
               0.054966    0.000000    0.108187 ^ _090_/B (XNOR2X1)
   0.008390    0.067890    0.073375    0.181562 ^ _090_/Y (XNOR2X1)
               0.067890    0.000000    0.181562 ^ _091_/B (AOI21X1)
   0.007301    0.028698    0.046910    0.228472 v _091_/Y (AOI21X1)
               0.028698    0.000000    0.228472 v _093_/B (XNOR2X1)
   0.008390    0.067902    0.070683    0.299155 ^ _093_/Y (XNOR2X1)
               0.067902    0.000000    0.299155 ^ _094_/B (AOI21X1)
   0.007301    0.028698    0.046913    0.346068 v _094_/Y (AOI21X1)
               0.028698    0.000000    0.346068 v _096_/B (XNOR2X1)
   0.008390    0.067902    0.070683    0.416751 ^ _096_/Y (XNOR2X1)
               0.067902    0.000000    0.416751 ^ _097_/B (AOI21X1)
   0.007301    0.028698    0.046913    0.463664 v _097_/Y (AOI21X1)
               0.028698    0.000000    0.463664 v _099_/B (XNOR2X1)
   0.008390    0.067902    0.070683    0.534347 ^ _099_/Y (XNOR2X1)
               0.067902    0.000000    0.534347 ^ _100_/B (AOI21X1)
   0.007301    0.028698    0.046913    0.581260 v _100_/Y (AOI21X1)
               0.028698    0.000000    0.581260 v _102_/B (XNOR2X1)
   0.008390    0.067902    0.070683    0.651943 ^ _102_/Y (XNOR2X1)
               0.067902    0.000000    0.651943 ^ _103_/B (AOI21X1)
   0.007301    0.028698    0.046913    0.698856 v _103_/Y (AOI21X1)
               0.028698    0.000000    0.698856 v _105_/B (XNOR2X1)
   0.008390    0.067902    0.070683    0.769539 ^ _105_/Y (XNOR2X1)
               0.067902    0.000000    0.769539 ^ _106_/B (AOI21X1)
   0.007301    0.028698    0.046913    0.816452 v _106_/Y (AOI21X1)
               0.028698    0.000000    0.816452 v _108_/B (XNOR2X1)
   0.008390    0.067902    0.070683    0.887135 ^ _108_/Y (XNOR2X1)
               0.067902    0.000000    0.887135 ^ _109_/B (AOI21X1)
   0.007301    0.028698    0.046913    0.934048 v _109_/Y (AOI21X1)
               0.028698    0.000000    0.934048 v _111_/B (XNOR2X1)
   0.008390    0.067902    0.070683    1.004730 ^ _111_/Y (XNOR2X1)
               0.067902    0.000000    1.004730 ^ _118_/B (AOI21X1)
   0.007301    0.028698    0.046913    1.051643 v _118_/Y (AOI21X1)
               0.028698    0.000000    1.051643 v _120_/B (XNOR2X1)
   0.008390    0.067902    0.070683    1.122326 ^ _120_/Y (XNOR2X1)
               0.067902    0.000000    1.122326 ^ _121_/B (AOI21X1)
   0.007301    0.028698    0.046913    1.169239 v _121_/Y (AOI21X1)
               0.028698    0.000000    1.169239 v _123_/B (XNOR2X1)
   0.008390    0.067902    0.070683    1.239922 ^ _123_/Y (XNOR2X1)
               0.067902    0.000000    1.239922 ^ _124_/B (AOI21X1)
   0.007301    0.028698    0.046913    1.286835 v _124_/Y (AOI21X1)
               0.028698    0.000000    1.286835 v _126_/B (XNOR2X1)
   0.008390    0.067902    0.070683    1.357518 ^ _126_/Y (XNOR2X1)
               0.067902    0.000000    1.357518 ^ _151_/B (XOR2X1)
   0.010000    0.079128    0.079825    1.437343 ^ _151_/Y (XOR2X1)
               0.079128    0.000000    1.437343 ^ sum[11] (out)
                                       1.437343   data arrival time

               0.000000  100.000000  100.000000   clock vclk (rise edge)
                           0.000000  100.000000   clock network delay (ideal)
                           0.000000  100.000000   clock reconvergence pessimism
                           0.000000  100.000000   output external delay
                                     100.000000   data required time
---------------------------------------------------------------------------------------
                                     100.000000   data required time
                                      -1.437343   data arrival time
---------------------------------------------------------------------------------------
                                      98.562653   slack (MET)


Startpoint: cin (input port clocked by vclk)
Endpoint: sum[10] (output port clocked by vclk)
Path Group: vclk
Path Type: max

        Cap        Slew       Delay        Time   Description
---------------------------------------------------------------------------------------
               0.000000    0.000000    0.000000   clock vclk (rise edge)
                           0.000000    0.000000   clock network delay (ideal)
                           0.000000    0.000000 v input external delay
   0.006018    0.050000    0.000000    0.000000 v cin (in)
               0.050000    0.000000    0.000000 v _085_/B (OR2X1)
   0.004623    0.017130    0.057750    0.057750 v _085_/Y (OR2X1)
               0.017130    0.000000    0.057750 v _088_/B (AOI21X1)
   0.007954    0.054966    0.050438    0.108187 ^ _088_/Y (AOI21X1)
               0.054966    0.000000    0.108187 ^ _090_/B (XNOR2X1)
   0.008390    0.067890    0.073375    0.181562 ^ _090_/Y (XNOR2X1)
               0.067890    0.000000    0.181562 ^ _091_/B (AOI21X1)
   0.007301    0.028698    0.046910    0.228472 v _091_/Y (AOI21X1)
               0.028698    0.000000    0.228472 v _093_/B (XNOR2X1)
   0.008390    0.067902    0.070683    0.299155 ^ _093_/Y (XNOR2X1)
               0.067902    0.000000    0.299155 ^ _094_/B (AOI21X1)
   0.007301    0.028698    0.046913    0.346068 v _094_/Y (AOI21X1)
               0.028698    0.000000    0.346068 v _096_/B (XNOR2X1)
   0.008390    0.067902    0.070683    0.416751 ^ _096_/Y (XNOR2X1)
               0.067902    0.000000    0.416751 ^ _097_/B (AOI21X1)
   0.007301    0.028698    0.046913    0.463664 v _097_/Y (AOI21X1)
               0.028698    0.000000    0.463664 v _099_/B (XNOR2X1)
   0.008390    0.067902    0.070683    0.534347 ^ _099_/Y (XNOR2X1)
               0.067902    0.000000    0.534347 ^ _100_/B (AOI21X1)
   0.007301    0.028698    0.046913    0.581260 v _100_/Y (AOI21X1)
               0.028698    0.000000    0.581260 v _102_/B (XNOR2X1)
   0.008390    0.067902    0.070683    0.651943 ^ _102_/Y (XNOR2X1)
               0.067902    0.000000    0.651943 ^ _103_/B (AOI21X1)
   0.007301    0.028698    0.046913    0.698856 v _103_/Y (AOI21X1)
               0.028698    0.000000    0.698856 v _105_/B (XNOR2X1)
   0.008390    0.067902    0.070683    0.769539 ^ _105_/Y (XNOR2X1)
               0.067902    0.000000    0.769539 ^ _106_/B (AOI21X1)
   0.007301    0.028698    0.046913    0.816452 v _106_/Y (AOI21X1)
               0.028698    0.000000    0.816452 v _108_/B (XNOR2X1)
   0.008390    0.067902    0.070683    0.887135 ^ _108_/Y (XNOR2X1)
               0.067902    0.000000    0.887135 ^ _109_/B (AOI21X1)
   0.007301    0.028698    0.046913    0.934048 v _109_/Y (AOI21X1)
               0.028698    0.000000    0.934048 v _111_/B (XNOR2X1)
   0.008390    0.067902    0.070683    1.004730 ^ _111_/Y (XNOR2X1)
               0.067902    0.000000    1.004730 ^ _118_/B (AOI21X1)
   0.007301    0.028698    0.046913    1.051643 v _118_/Y (AOI21X1)
               0.028698    0.000000    1.051643 v _120_/B (XNOR2X1)
   0.008390    0.067902    0.070683    1.122326 ^ _120_/Y (XNOR2X1)
               0.067902    0.000000    1.122326 ^ _121_/B (AOI21X1)
   0.007301    0.028698    0.046913    1.169239 v _121_/Y (AOI21X1)
               0.028698    0.000000    1.169239 v _123_/B (XNOR2X1)
   0.008390    0.067902    0.070683    1.239922 ^ _123_/Y (XNOR2X1)
               0.067902    0.000000    1.239922 ^ _147_/B (XOR2X1)
   0.010000    0.079128    0.079825    1.319748 ^ _147_/Y (XOR2X1)
               0.079128    0.000000    1.319748 ^ sum[10] (out)
                                       1.319748   data arrival time

               0.000000  100.000000  100.000000   clock vclk (rise edge)
                           0.000000  100.000000   clock network delay (ideal)
                           0.000000  100.000000   clock reconvergence pessimism
                           0.000000  100.000000   output external delay
                                     100.000000   data required time
---------------------------------------------------------------------------------------
                                     100.000000   data required time
                                      -1.319748   data arrival time
---------------------------------------------------------------------------------------
                                      98.680252   slack (MET)


Startpoint: cin (input port clocked by vclk)
Endpoint: sum[9] (output port clocked by vclk)
Path Group: vclk
Path Type: max

        Cap        Slew       Delay        Time   Description
---------------------------------------------------------------------------------------
               0.000000    0.000000    0.000000   clock vclk (rise edge)
                           0.000000    0.000000   clock network delay (ideal)
                           0.000000    0.000000 v input external delay
   0.006018    0.050000    0.000000    0.000000 v cin (in)
               0.050000    0.000000    0.000000 v _085_/B (OR2X1)
   0.004623    0.017130    0.057750    0.057750 v _085_/Y (OR2X1)
               0.017130    0.000000    0.057750 v _088_/B (AOI21X1)
   0.007954    0.054966    0.050438    0.108187 ^ _088_/Y (AOI21X1)
               0.054966    0.000000    0.108187 ^ _090_/B (XNOR2X1)
   0.008390    0.067890    0.073375    0.181562 ^ _090_/Y (XNOR2X1)
               0.067890    0.000000    0.181562 ^ _091_/B (AOI21X1)
   0.007301    0.028698    0.046910    0.228472 v _091_/Y (AOI21X1)
               0.028698    0.000000    0.228472 v _093_/B (XNOR2X1)
   0.008390    0.067902    0.070683    0.299155 ^ _093_/Y (XNOR2X1)
               0.067902    0.000000    0.299155 ^ _094_/B (AOI21X1)
   0.007301    0.028698    0.046913    0.346068 v _094_/Y (AOI21X1)
               0.028698    0.000000    0.346068 v _096_/B (XNOR2X1)
   0.008390    0.067902    0.070683    0.416751 ^ _096_/Y (XNOR2X1)
               0.067902    0.000000    0.416751 ^ _097_/B (AOI21X1)
   0.007301    0.028698    0.046913    0.463664 v _097_/Y (AOI21X1)
               0.028698    0.000000    0.463664 v _099_/B (XNOR2X1)
   0.008390    0.067902    0.070683    0.534347 ^ _099_/Y (XNOR2X1)
               0.067902    0.000000    0.534347 ^ _100_/B (AOI21X1)
   0.007301    0.028698    0.046913    0.581260 v _100_/Y (AOI21X1)
               0.028698    0.000000    0.581260 v _102_/B (XNOR2X1)
   0.008390    0.067902    0.070683    0.651943 ^ _102_/Y (XNOR2X1)
               0.067902    0.000000    0.651943 ^ _103_/B (AOI21X1)
   0.007301    0.028698    0.046913    0.698856 v _103_/Y (AOI21X1)
               0.028698    0.000000    0.698856 v _105_/B (XNOR2X1)
   0.008390    0.067902    0.070683    0.769539 ^ _105_/Y (XNOR2X1)
               0.067902    0.000000    0.769539 ^ _106_/B (AOI21X1)
   0.007301    0.028698    0.046913    0.816452 v _106_/Y (AOI21X1)
               0.028698    0.000000    0.816452 v _108_/B (XNOR2X1)
   0.008390    0.067902    0.070683    0.887135 ^ _108_/Y (XNOR2X1)
               0.067902    0.000000    0.887135 ^ _109_/B (AOI21X1)
   0.007301    0.028698    0.046913    0.934048 v _109_/Y (AOI21X1)
               0.028698    0.000000    0.934048 v _111_/B (XNOR2X1)
   0.008390    0.067902    0.070683    1.004730 ^ _111_/Y (XNOR2X1)
               0.067902    0.000000    1.004730 ^ _118_/B (AOI21X1)
   0.007301    0.028698    0.046913    1.051643 v _118_/Y (AOI21X1)
               0.028698    0.000000    1.051643 v _120_/B (XNOR2X1)
   0.008390    0.067902    0.070683    1.122326 ^ _120_/Y (XNOR2X1)
               0.067902    0.000000    1.122326 ^ _145_/B (XOR2X1)
   0.010000    0.079128    0.079825    1.202152 ^ _145_/Y (XOR2X1)
               0.079128    0.000000    1.202152 ^ sum[9] (out)
                                       1.202152   data arrival time

               0.000000  100.000000  100.000000   clock vclk (rise edge)
                           0.000000  100.000000   clock network delay (ideal)
                           0.000000  100.000000   clock reconvergence pessimism
                           0.000000  100.000000   output external delay
                                     100.000000   data required time
---------------------------------------------------------------------------------------
                                     100.000000   data required time
                                      -1.202152   data arrival time
---------------------------------------------------------------------------------------
                                      98.797844   slack (MET)


Startpoint: cin (input port clocked by vclk)
Endpoint: sum[8] (output port clocked by vclk)
Path Group: vclk
Path Type: max

        Cap        Slew       Delay        Time   Description
---------------------------------------------------------------------------------------
               0.000000    0.000000    0.000000   clock vclk (rise edge)
                           0.000000    0.000000   clock network delay (ideal)
                           0.000000    0.000000 v input external delay
   0.006018    0.050000    0.000000    0.000000 v cin (in)
               0.050000    0.000000    0.000000 v _085_/B (OR2X1)
   0.004623    0.017130    0.057750    0.057750 v _085_/Y (OR2X1)
               0.017130    0.000000    0.057750 v _088_/B (AOI21X1)
   0.007954    0.054966    0.050438    0.108187 ^ _088_/Y (AOI21X1)
               0.054966    0.000000    0.108187 ^ _090_/B (XNOR2X1)
   0.008390    0.067890    0.073375    0.181562 ^ _090_/Y (XNOR2X1)
               0.067890    0.000000    0.181562 ^ _091_/B (AOI21X1)
   0.007301    0.028698    0.046910    0.228472 v _091_/Y (AOI21X1)
               0.028698    0.000000    0.228472 v _093_/B (XNOR2X1)
   0.008390    0.067902    0.070683    0.299155 ^ _093_/Y (XNOR2X1)
               0.067902    0.000000    0.299155 ^ _094_/B (AOI21X1)
   0.007301    0.028698    0.046913    0.346068 v _094_/Y (AOI21X1)
               0.028698    0.000000    0.346068 v _096_/B (XNOR2X1)
   0.008390    0.067902    0.070683    0.416751 ^ _096_/Y (XNOR2X1)
               0.067902    0.000000    0.416751 ^ _097_/B (AOI21X1)
   0.007301    0.028698    0.046913    0.463664 v _097_/Y (AOI21X1)
               0.028698    0.000000    0.463664 v _099_/B (XNOR2X1)
   0.008390    0.067902    0.070683    0.534347 ^ _099_/Y (XNOR2X1)
               0.067902    0.000000    0.534347 ^ _100_/B (AOI21X1)
   0.007301    0.028698    0.046913    0.581260 v _100_/Y (AOI21X1)
               0.028698    0.000000    0.581260 v _102_/B (XNOR2X1)
   0.008390    0.067902    0.070683    0.651943 ^ _102_/Y (XNOR2X1)
               0.067902    0.000000    0.651943 ^ _103_/B (AOI21X1)
   0.007301    0.028698    0.046913    0.698856 v _103_/Y (AOI21X1)
               0.028698    0.000000    0.698856 v _105_/B (XNOR2X1)
   0.008390    0.067902    0.070683    0.769539 ^ _105_/Y (XNOR2X1)
               0.067902    0.000000    0.769539 ^ _106_/B (AOI21X1)
   0.007301    0.028698    0.046913    0.816452 v _106_/Y (AOI21X1)
               0.028698    0.000000    0.816452 v _108_/B (XNOR2X1)
   0.008390    0.067902    0.070683    0.887135 ^ _108_/Y (XNOR2X1)
               0.067902    0.000000    0.887135 ^ _109_/B (AOI21X1)
   0.007301    0.028698    0.046913    0.934048 v _109_/Y (AOI21X1)
               0.028698    0.000000    0.934048 v _111_/B (XNOR2X1)
   0.008390    0.067902    0.070683    1.004730 ^ _111_/Y (XNOR2X1)
               0.067902    0.000000    1.004730 ^ _112_/B (XOR2X1)
   0.010000    0.079128    0.079825    1.084556 ^ _112_/Y (XOR2X1)
               0.079128    0.000000    1.084556 ^ sum[8] (out)
                                       1.084556   data arrival time

               0.000000  100.000000  100.000000   clock vclk (rise edge)
                           0.000000  100.000000   clock network delay (ideal)
                           0.000000  100.000000   clock reconvergence pessimism
                           0.000000  100.000000   output external delay
                                     100.000000   data required time
---------------------------------------------------------------------------------------
                                     100.000000   data required time
                                      -1.084556   data arrival time
---------------------------------------------------------------------------------------
                                      98.915436   slack (MET)


Startpoint: cin (input port clocked by vclk)
Endpoint: sum[7] (output port clocked by vclk)
Path Group: vclk
Path Type: max

        Cap        Slew       Delay        Time   Description
---------------------------------------------------------------------------------------
               0.000000    0.000000    0.000000   clock vclk (rise edge)
                           0.000000    0.000000   clock network delay (ideal)
                           0.000000    0.000000 v input external delay
   0.006018    0.050000    0.000000    0.000000 v cin (in)
               0.050000    0.000000    0.000000 v _085_/B (OR2X1)
   0.004623    0.017130    0.057750    0.057750 v _085_/Y (OR2X1)
               0.017130    0.000000    0.057750 v _088_/B (AOI21X1)
   0.007954    0.054966    0.050438    0.108187 ^ _088_/Y (AOI21X1)
               0.054966    0.000000    0.108187 ^ _090_/B (XNOR2X1)
   0.008390    0.067890    0.073375    0.181562 ^ _090_/Y (XNOR2X1)
               0.067890    0.000000    0.181562 ^ _091_/B (AOI21X1)
   0.007301    0.028698    0.046910    0.228472 v _091_/Y (AOI21X1)
               0.028698    0.000000    0.228472 v _093_/B (XNOR2X1)
   0.008390    0.067902    0.070683    0.299155 ^ _093_/Y (XNOR2X1)
               0.067902    0.000000    0.299155 ^ _094_/B (AOI21X1)
   0.007301    0.028698    0.046913    0.346068 v _094_/Y (AOI21X1)
               0.028698    0.000000    0.346068 v _096_/B (XNOR2X1)
   0.008390    0.067902    0.070683    0.416751 ^ _096_/Y (XNOR2X1)
               0.067902    0.000000    0.416751 ^ _097_/B (AOI21X1)
   0.007301    0.028698    0.046913    0.463664 v _097_/Y (AOI21X1)
               0.028698    0.000000    0.463664 v _099_/B (XNOR2X1)
   0.008390    0.067902    0.070683    0.534347 ^ _099_/Y (XNOR2X1)
               0.067902    0.000000    0.534347 ^ _100_/B (AOI21X1)
   0.007301    0.028698    0.046913    0.581260 v _100_/Y (AOI21X1)
               0.028698    0.000000    0.581260 v _102_/B (XNOR2X1)
   0.008390    0.067902    0.070683    0.651943 ^ _102_/Y (XNOR2X1)
               0.067902    0.000000    0.651943 ^ _103_/B (AOI21X1)
   0.007301    0.028698    0.046913    0.698856 v _103_/Y (AOI21X1)
               0.028698    0.000000    0.698856 v _105_/B (XNOR2X1)
   0.008390    0.067902    0.070683    0.769539 ^ _105_/Y (XNOR2X1)
               0.067902    0.000000    0.769539 ^ _106_/B (AOI21X1)
   0.007301    0.028698    0.046913    0.816452 v _106_/Y (AOI21X1)
               0.028698    0.000000    0.816452 v _108_/B (XNOR2X1)
   0.008390    0.067902    0.070683    0.887135 ^ _108_/Y (XNOR2X1)
               0.067902    0.000000    0.887135 ^ _115_/B (XOR2X1)
   0.010000    0.079128    0.079825    0.966960 ^ _115_/Y (XOR2X1)
               0.079128    0.000000    0.966960 ^ sum[7] (out)
                                       0.966960   data arrival time

               0.000000  100.000000  100.000000   clock vclk (rise edge)
                           0.000000  100.000000   clock network delay (ideal)
                           0.000000  100.000000   clock reconvergence pessimism
                           0.000000  100.000000   output external delay
                                     100.000000   data required time
---------------------------------------------------------------------------------------
                                     100.000000   data required time
                                      -0.966960   data arrival time
---------------------------------------------------------------------------------------
                                      99.033035   slack (MET)


Startpoint: cin (input port clocked by vclk)
Endpoint: sum[6] (output port clocked by vclk)
Path Group: vclk
Path Type: max

        Cap        Slew       Delay        Time   Description
---------------------------------------------------------------------------------------
               0.000000    0.000000    0.000000   clock vclk (rise edge)
                           0.000000    0.000000   clock network delay (ideal)
                           0.000000    0.000000 v input external delay
   0.006018    0.050000    0.000000    0.000000 v cin (in)
               0.050000    0.000000    0.000000 v _085_/B (OR2X1)
   0.004623    0.017130    0.057750    0.057750 v _085_/Y (OR2X1)
               0.017130    0.000000    0.057750 v _088_/B (AOI21X1)
   0.007954    0.054966    0.050438    0.108187 ^ _088_/Y (AOI21X1)
               0.054966    0.000000    0.108187 ^ _090_/B (XNOR2X1)
   0.008390    0.067890    0.073375    0.181562 ^ _090_/Y (XNOR2X1)
               0.067890    0.000000    0.181562 ^ _091_/B (AOI21X1)
   0.007301    0.028698    0.046910    0.228472 v _091_/Y (AOI21X1)
               0.028698    0.000000    0.228472 v _093_/B (XNOR2X1)
   0.008390    0.067902    0.070683    0.299155 ^ _093_/Y (XNOR2X1)
               0.067902    0.000000    0.299155 ^ _094_/B (AOI21X1)
   0.007301    0.028698    0.046913    0.346068 v _094_/Y (AOI21X1)
               0.028698    0.000000    0.346068 v _096_/B (XNOR2X1)
   0.008390    0.067902    0.070683    0.416751 ^ _096_/Y (XNOR2X1)
               0.067902    0.000000    0.416751 ^ _097_/B (AOI21X1)
   0.007301    0.028698    0.046913    0.463664 v _097_/Y (AOI21X1)
               0.028698    0.000000    0.463664 v _099_/B (XNOR2X1)
   0.008390    0.067902    0.070683    0.534347 ^ _099_/Y (XNOR2X1)
               0.067902    0.000000    0.534347 ^ _100_/B (AOI21X1)
   0.007301    0.028698    0.046913    0.581260 v _100_/Y (AOI21X1)
               0.028698    0.000000    0.581260 v _102_/B (XNOR2X1)
   0.008390    0.067902    0.070683    0.651943 ^ _102_/Y (XNOR2X1)
               0.067902    0.000000    0.651943 ^ _103_/B (AOI21X1)
   0.007301    0.028698    0.046913    0.698856 v _103_/Y (AOI21X1)
               0.028698    0.000000    0.698856 v _105_/B (XNOR2X1)
   0.008390    0.067902    0.070683    0.769539 ^ _105_/Y (XNOR2X1)
               0.067902    0.000000    0.769539 ^ _144_/B (XOR2X1)
   0.010000    0.079128    0.079825    0.849364 ^ _144_/Y (XOR2X1)
               0.079128    0.000000    0.849364 ^ sum[6] (out)
                                       0.849364   data arrival time

               0.000000  100.000000  100.000000   clock vclk (rise edge)
                           0.000000  100.000000   clock network delay (ideal)
                           0.000000  100.000000   clock reconvergence pessimism
                           0.000000  100.000000   output external delay
                                     100.000000   data required time
---------------------------------------------------------------------------------------
                                     100.000000   data required time
                                      -0.849364   data arrival time
---------------------------------------------------------------------------------------
                                      99.150635   slack (MET)


Startpoint: cin (input port clocked by vclk)
Endpoint: sum[5] (output port clocked by vclk)
Path Group: vclk
Path Type: max

        Cap        Slew       Delay        Time   Description
---------------------------------------------------------------------------------------
               0.000000    0.000000    0.000000   clock vclk (rise edge)
                           0.000000    0.000000   clock network delay (ideal)
                           0.000000    0.000000 v input external delay
   0.006018    0.050000    0.000000    0.000000 v cin (in)
               0.050000    0.000000    0.000000 v _085_/B (OR2X1)
   0.004623    0.017130    0.057750    0.057750 v _085_/Y (OR2X1)
               0.017130    0.000000    0.057750 v _088_/B (AOI21X1)
   0.007954    0.054966    0.050438    0.108187 ^ _088_/Y (AOI21X1)
               0.054966    0.000000    0.108187 ^ _090_/B (XNOR2X1)
   0.008390    0.067890    0.073375    0.181562 ^ _090_/Y (XNOR2X1)
               0.067890    0.000000    0.181562 ^ _091_/B (AOI21X1)
   0.007301    0.028698    0.046910    0.228472 v _091_/Y (AOI21X1)
               0.028698    0.000000    0.228472 v _093_/B (XNOR2X1)
   0.008390    0.067902    0.070683    0.299155 ^ _093_/Y (XNOR2X1)
               0.067902    0.000000    0.299155 ^ _094_/B (AOI21X1)
   0.007301    0.028698    0.046913    0.346068 v _094_/Y (AOI21X1)
               0.028698    0.000000    0.346068 v _096_/B (XNOR2X1)
   0.008390    0.067902    0.070683    0.416751 ^ _096_/Y (XNOR2X1)
               0.067902    0.000000    0.416751 ^ _097_/B (AOI21X1)
   0.007301    0.028698    0.046913    0.463664 v _097_/Y (AOI21X1)
               0.028698    0.000000    0.463664 v _099_/B (XNOR2X1)
   0.008390    0.067902    0.070683    0.534347 ^ _099_/Y (XNOR2X1)
               0.067902    0.000000    0.534347 ^ _100_/B (AOI21X1)
   0.007301    0.028698    0.046913    0.581260 v _100_/Y (AOI21X1)
               0.028698    0.000000    0.581260 v _102_/B (XNOR2X1)
   0.008390    0.067902    0.070683    0.651943 ^ _102_/Y (XNOR2X1)
               0.067902    0.000000    0.651943 ^ _114_/B (XOR2X1)
   0.010000    0.079128    0.079825    0.731768 ^ _114_/Y (XOR2X1)
               0.079128    0.000000    0.731768 ^ sum[5] (out)
                                       0.731768   data arrival time

               0.000000  100.000000  100.000000   clock vclk (rise edge)
                           0.000000  100.000000   clock network delay (ideal)
                           0.000000  100.000000   clock reconvergence pessimism
                           0.000000  100.000000   output external delay
                                     100.000000   data required time
---------------------------------------------------------------------------------------
                                     100.000000   data required time
                                      -0.731768   data arrival time
---------------------------------------------------------------------------------------
                                      99.268227   slack (MET)


Startpoint: cin (input port clocked by vclk)
Endpoint: sum[4] (output port clocked by vclk)
Path Group: vclk
Path Type: max

        Cap        Slew       Delay        Time   Description
---------------------------------------------------------------------------------------
               0.000000    0.000000    0.000000   clock vclk (rise edge)
                           0.000000    0.000000   clock network delay (ideal)
                           0.000000    0.000000 v input external delay
   0.006018    0.050000    0.000000    0.000000 v cin (in)
               0.050000    0.000000    0.000000 v _085_/B (OR2X1)
   0.004623    0.017130    0.057750    0.057750 v _085_/Y (OR2X1)
               0.017130    0.000000    0.057750 v _088_/B (AOI21X1)
   0.007954    0.054966    0.050438    0.108187 ^ _088_/Y (AOI21X1)
               0.054966    0.000000    0.108187 ^ _090_/B (XNOR2X1)
   0.008390    0.067890    0.073375    0.181562 ^ _090_/Y (XNOR2X1)
               0.067890    0.000000    0.181562 ^ _091_/B (AOI21X1)
   0.007301    0.028698    0.046910    0.228472 v _091_/Y (AOI21X1)
               0.028698    0.000000    0.228472 v _093_/B (XNOR2X1)
   0.008390    0.067902    0.070683    0.299155 ^ _093_/Y (XNOR2X1)
               0.067902    0.000000    0.299155 ^ _094_/B (AOI21X1)
   0.007301    0.028698    0.046913    0.346068 v _094_/Y (AOI21X1)
               0.028698    0.000000    0.346068 v _096_/B (XNOR2X1)
   0.008390    0.067902    0.070683    0.416751 ^ _096_/Y (XNOR2X1)
               0.067902    0.000000    0.416751 ^ _097_/B (AOI21X1)
   0.007301    0.028698    0.046913    0.463664 v _097_/Y (AOI21X1)
               0.028698    0.000000    0.463664 v _099_/B (XNOR2X1)
   0.008390    0.067902    0.070683    0.534347 ^ _099_/Y (XNOR2X1)
               0.067902    0.000000    0.534347 ^ _149_/B (XOR2X1)
   0.010000    0.079128    0.079825    0.614173 ^ _149_/Y (XOR2X1)
               0.079128    0.000000    0.614173 ^ sum[4] (out)
                                       0.614173   data arrival time

               0.000000  100.000000  100.000000   clock vclk (rise edge)
                           0.000000  100.000000   clock network delay (ideal)
                           0.000000  100.000000   clock reconvergence pessimism
                           0.000000  100.000000   output external delay
                                     100.000000   data required time
---------------------------------------------------------------------------------------
                                     100.000000   data required time
                                      -0.614173   data arrival time
---------------------------------------------------------------------------------------
                                      99.385826   slack (MET)


Startpoint: cin (input port clocked by vclk)
Endpoint: sum[3] (output port clocked by vclk)
Path Group: vclk
Path Type: max

        Cap        Slew       Delay        Time   Description
---------------------------------------------------------------------------------------
               0.000000    0.000000    0.000000   clock vclk (rise edge)
                           0.000000    0.000000   clock network delay (ideal)
                           0.000000    0.000000 v input external delay
   0.006018    0.050000    0.000000    0.000000 v cin (in)
               0.050000    0.000000    0.000000 v _085_/B (OR2X1)
   0.004623    0.017130    0.057750    0.057750 v _085_/Y (OR2X1)
               0.017130    0.000000    0.057750 v _088_/B (AOI21X1)
   0.007954    0.054966    0.050438    0.108187 ^ _088_/Y (AOI21X1)
               0.054966    0.000000    0.108187 ^ _090_/B (XNOR2X1)
   0.008390    0.067890    0.073375    0.181562 ^ _090_/Y (XNOR2X1)
               0.067890    0.000000    0.181562 ^ _091_/B (AOI21X1)
   0.007301    0.028698    0.046910    0.228472 v _091_/Y (AOI21X1)
               0.028698    0.000000    0.228472 v _093_/B (XNOR2X1)
   0.008390    0.067902    0.070683    0.299155 ^ _093_/Y (XNOR2X1)
               0.067902    0.000000    0.299155 ^ _094_/B (AOI21X1)
   0.007301    0.028698    0.046913    0.346068 v _094_/Y (AOI21X1)
               0.028698    0.000000    0.346068 v _096_/B (XNOR2X1)
   0.008390    0.067902    0.070683    0.416751 ^ _096_/Y (XNOR2X1)
               0.067902    0.000000    0.416751 ^ _113_/B (XOR2X1)
   0.010000    0.079128    0.079826    0.496577 ^ _113_/Y (XOR2X1)
               0.079128    0.000000    0.496577 ^ sum[3] (out)
                                       0.496577   data arrival time

               0.000000  100.000000  100.000000   clock vclk (rise edge)
                           0.000000  100.000000   clock network delay (ideal)
                           0.000000  100.000000   clock reconvergence pessimism
                           0.000000  100.000000   output external delay
                                     100.000000   data required time
---------------------------------------------------------------------------------------
                                     100.000000   data required time
                                      -0.496577   data arrival time
---------------------------------------------------------------------------------------
                                      99.503418   slack (MET)


Startpoint: cin (input port clocked by vclk)
Endpoint: sum[2] (output port clocked by vclk)
Path Group: vclk
Path Type: max

        Cap        Slew       Delay        Time   Description
---------------------------------------------------------------------------------------
               0.000000    0.000000    0.000000   clock vclk (rise edge)
                           0.000000    0.000000   clock network delay (ideal)
                           0.000000    0.000000 v input external delay
   0.006018    0.050000    0.000000    0.000000 v cin (in)
               0.050000    0.000000    0.000000 v _085_/B (OR2X1)
   0.004623    0.017130    0.057750    0.057750 v _085_/Y (OR2X1)
               0.017130    0.000000    0.057750 v _088_/B (AOI21X1)
   0.007954    0.054966    0.050438    0.108187 ^ _088_/Y (AOI21X1)
               0.054966    0.000000    0.108187 ^ _090_/B (XNOR2X1)
   0.008390    0.067890    0.073375    0.181562 ^ _090_/Y (XNOR2X1)
               0.067890    0.000000    0.181562 ^ _091_/B (AOI21X1)
   0.007301    0.028698    0.046910    0.228472 v _091_/Y (AOI21X1)
               0.028698    0.000000    0.228472 v _093_/B (XNOR2X1)
   0.008390    0.067902    0.070683    0.299155 ^ _093_/Y (XNOR2X1)
               0.067902    0.000000    0.299155 ^ _117_/B (XOR2X1)
   0.010000    0.079128    0.079825    0.378981 ^ _117_/Y (XOR2X1)
               0.079128    0.000000    0.378981 ^ sum[2] (out)
                                       0.378981   data arrival time

               0.000000  100.000000  100.000000   clock vclk (rise edge)
                           0.000000  100.000000   clock network delay (ideal)
                           0.000000  100.000000   clock reconvergence pessimism
                           0.000000  100.000000   output external delay
                                     100.000000   data required time
---------------------------------------------------------------------------------------
                                     100.000000   data required time
                                      -0.378981   data arrival time
---------------------------------------------------------------------------------------
                                      99.621017   slack (MET)


Startpoint: cin (input port clocked by vclk)
Endpoint: sum[1] (output port clocked by vclk)
Path Group: vclk
Path Type: max

        Cap        Slew       Delay        Time   Description
---------------------------------------------------------------------------------------
               0.000000    0.000000    0.000000   clock vclk (rise edge)
                           0.000000    0.000000   clock network delay (ideal)
                           0.000000    0.000000 v input external delay
   0.006018    0.050000    0.000000    0.000000 v cin (in)
               0.050000    0.000000    0.000000 v _085_/B (OR2X1)
   0.004623    0.017130    0.057750    0.057750 v _085_/Y (OR2X1)
               0.017130    0.000000    0.057750 v _088_/B (AOI21X1)
   0.007954    0.054966    0.050438    0.108187 ^ _088_/Y (AOI21X1)
               0.054966    0.000000    0.108187 ^ _090_/B (XNOR2X1)
   0.008390    0.067890    0.073375    0.181562 ^ _090_/Y (XNOR2X1)
               0.067890    0.000000    0.181562 ^ _116_/B (XOR2X1)
   0.010000    0.079128    0.079824    0.261387 ^ _116_/Y (XOR2X1)
               0.079128    0.000000    0.261387 ^ sum[1] (out)
                                       0.261387   data arrival time

               0.000000  100.000000  100.000000   clock vclk (rise edge)
                           0.000000  100.000000   clock network delay (ideal)
                           0.000000  100.000000   clock reconvergence pessimism
                           0.000000  100.000000   output external delay
                                     100.000000   data required time
---------------------------------------------------------------------------------------
                                     100.000000   data required time
                                      -0.261387   data arrival time
---------------------------------------------------------------------------------------
                                      99.738609   slack (MET)


Startpoint: cin (input port clocked by vclk)
Endpoint: sum[0] (output port clocked by vclk)
Path Group: vclk
Path Type: max

        Cap        Slew       Delay        Time   Description
---------------------------------------------------------------------------------------
               0.000000    0.000000    0.000000   clock vclk (rise edge)
                           0.000000    0.000000   clock network delay (ideal)
                           0.000000    0.000000 v input external delay
   0.006018    0.050000    0.000000    0.000000 v cin (in)
               0.050000    0.000000    0.000000 v _085_/B (OR2X1)
   0.004623    0.017130    0.057750    0.057750 v _085_/Y (OR2X1)
               0.017130    0.000000    0.057750 v _086_/B (NAND2X1)
   0.005589    0.050454    0.025353    0.083103 ^ _086_/Y (NAND2X1)
               0.050454    0.000000    0.083103 ^ _087_/B (XNOR2X1)
   0.010000    0.075676    0.078148    0.161251 ^ _087_/Y (XNOR2X1)
               0.075676    0.000000    0.161251 ^ sum[0] (out)
                                       0.161251   data arrival time

               0.000000  100.000000  100.000000   clock vclk (rise edge)
                           0.000000  100.000000   clock network delay (ideal)
                           0.000000  100.000000   clock reconvergence pessimism
                           0.000000  100.000000   output external delay
                                     100.000000   data required time
---------------------------------------------------------------------------------------
                                     100.000000   data required time
                                      -0.161251   data arrival time
---------------------------------------------------------------------------------------
                                      99.838745   slack (MET)


