$ /usr/bin/time -v -o /home/duhaochen/website-trial-v1/data/spice-model-benchmark/7bbc30c68f9c8749c3d9e988d5daafdf/ngspice/resource.txt /usr/bin/python -m spice_model_benchmark.cli /home/duhaochen/pipeline_full_collection/benchmark-inputs/7bbc30c68f9c8749c3d9e988d5daafdf/ngspice.lib --simulator ngspice --modes dc transient ac noise --output-dir /home/duhaochen/website-trial-v1/data/spice-model-benchmark/7bbc30c68f9c8749c3d9e988d5daafdf --dpi 120 --log-level WARNING
/home/duhaochen/spice_model_benchmark/src/spice_model_benchmark/verification_manager.py:1557: RuntimeWarning: divide by zero encountered in divide
  tc = np.mean((d_ids / d_temp) / np.abs(i_ds[:-1]))
SPICE Model Benchmark: /home/duhaochen/pipeline_full_collection/benchmark-inputs/7bbc30c68f9c8749c3d9e988d5daafdf/ngspice.lib
Simulators: ngspice
Modes: dc, transient, ac, noise
------------------------------------------------------------

============================================================
  Running: NGSPICE
  Output:  /home/duhaochen/website-trial-v1/data/spice-model-benchmark/7bbc30c68f9c8749c3d9e988d5daafdf/ngspice
============================================================
Vgs range: -1.200V to 0.000V
Ids range: 0.000e+00A to 2.077e-04A
Selected Vgs values: [-1.2 -1.  -0.8 -0.6 -0.4 -0.2  0. ]
Vgs=-1.200V: Ids range 0.000e+00A to 2.077e-04A
Vgs=-1.000V: Ids range 0.000e+00A to 8.969e-05A
Vgs=-0.800V: Ids range 0.000e+00A to 1.473e-05A
Vgs=-0.600V: Ids range 0.000e+00A to 2.116e-07A
Vgs=-0.400V: Ids range 0.000e+00A to 1.832e-09A
Vgs=-0.200V: Ids range 0.000e+00A to 1.181e-11A
Vgs=0.000V: Ids range 1.001e-16A to 1.591e-13A
ids_variation: 7.026402044745783
ids_variation <= max_variation: False
tc: inf
abs(tc) <= max_tc: False
[WARNING]: Temperature effects verification failed - effects outside expected range
/home/duhaochen/spice_model_benchmark/src/spice_model_benchmark/verification_manager.py:1817: RuntimeWarning: divide by zero encountered in log
  log_ids = np.log(np.abs(i_ds))
/home/duhaochen/.local/lib/python3.9/site-packages/numpy/lib/function_base.py:2742: RuntimeWarning: invalid value encountered in subtract
  X -= avg[:, None]
/home/duhaochen/spice_model_benchmark/src/spice_model_benchmark/verification_manager.py:1862: RuntimeWarning: divide by zero encountered in divide
  efficiency = np.abs(gm / i_ds)  # Transconductance efficiency
[INFO]: S-parameter analysis plot saved to /home/duhaochen/website-trial-v1/data/spice-model-benchmark/7bbc30c68f9c8749c3d9e988d5daafdf/ngspice/plots/ac_cv_sparameter_analysis.png
[INFO]: NQS effects plot saved to /home/duhaochen/website-trial-v1/data/spice-model-benchmark/7bbc30c68f9c8749c3d9e988d5daafdf/ngspice/plots/ac_cv_nqs_effects.png
[INFO]: S-parameter analysis plot saved to /home/duhaochen/website-trial-v1/data/spice-model-benchmark/7bbc30c68f9c8749c3d9e988d5daafdf/ngspice/plots/ac_cv_sparameter_analysis.png
norm_dvg: [2.50000000e+11 1.25000000e+11 6.25000000e+10 3.12500000e+10
 1.56250000e+10 7.81250006e+09 4.73962210e+09 4.34624901e+09
 3.92659530e+09 3.77278886e+09 3.62285132e+09 3.43595453e+09
 3.28019060e+09 3.18342297e+09 3.07077979e+09 2.96002136e+09
 2.84490388e+09 2.73310439e+09 2.61584718e+09 2.48621983e+09
 2.45817877e+09 2.43260940e+09 2.41363880e+09 2.39137044e+09
 2.36532304e+09 2.33854779e+09 2.32030357e+09 2.30810955e+09
 2.29767711e+09 2.28649945e+09 2.27250057e+09 2.25535345e+09
 2.24190158e+09 2.22651503e+09 2.20884080e+09 2.19738481e+09
 2.18517809e+09 2.17189372e+09 2.15726501e+09 2.14342575e+09
 2.12647076e+09 2.11053671e+09 2.08916088e+09 2.06466867e+09
 2.03181999e+09 2.00000000e+09 1.99504136e+09 1.98520046e+09
 1.96797995e+09 1.93442095e+09 1.87062373e+09 1.79303240e+09
 1.71129404e+09 1.63128485e+09 1.57949150e+09 1.52010401e+09
 1.46673847e+09 1.40917725e+09 1.34880135e+09 1.25496880e+09
 1.11979147e+09 1.00000151e+09 9.96698700e+08 9.90160937e+08
 9.77339688e+08 9.52668004e+08 9.06882025e+08 8.27355155e+08
 7.03901255e+08 5.42117120e+08 3.78126179e+08 2.90307797e+08
 2.35592358e+08 1.98230993e+08 1.71097527e+08 1.50497699e+08
 1.34325193e+08 1.21291220e+08 1.10562967e+08 1.02329951e+08
 9.52390862e+07 9.52083050e+07 9.51510068e+07 9.50351983e+07
 9.48042712e+07 9.43457634e+07 9.39389300e+07 9.37261758e+07
 9.35737931e+07 9.34615379e+07 9.33614329e+07 9.32510137e+07
 9.31336394e+07 9.30460635e+07 9.29395680e+07 9.28186799e+07
 9.26661975e+07 9.24509909e+07 9.22929713e+07 9.21440387e+07
 9.19962472e+07 9.18344073e+07 9.16797823e+07 9.16437980e+07
 9.16117525e+07 9.15750907e+07 9.15327867e+07 9.14893653e+07
 9.14654352e+07 9.14481380e+07 9.14347547e+07 9.14077573e+07
 9.13746548e+07 9.13470438e+07 9.13147244e+07 9.12987225e+07
 9.12772465e+07 9.12557797e+07 9.12252289e+07 9.11986027e+07
 9.11693783e+07 9.11379160e+07 9.10970101e+07 9.10454893e+07
 9.09779708e+07 9.09081764e+07 9.08949434e+07 9.08682833e+07
 9.08186585e+07 9.07189446e+07 9.05208892e+07 9.01274391e+07
 8.93507248e+07 8.85275926e+07 8.81533499e+07 8.78895135e+07
 8.77002656e+07 8.75242231e+07 8.73231482e+07 8.71153424e+07
 8.69665259e+07 8.67711583e+07 8.65578788e+07 8.62733267e+07
 8.58766884e+07 8.52511944e+07 8.42813496e+07 8.33330776e+07
 8.32960117e+07 8.32203206e+07 8.30701130e+07 8.27712392e+07
 8.21801478e+07 8.10227527e+07 7.88030593e+07 7.58495764e+07
 7.29144673e+07 7.01327621e+07 6.70257564e+07 6.36146978e+07
 6.05340153e+07 5.77379284e+07 5.51887415e+07 5.28551414e+07
 5.13879367e+07 0.00000000e+00 0.00000000e+00 0.00000000e+00
 0.00000000e+00 0.00000000e+00 0.00000000e+00 0.00000000e+00
 0.00000000e+00 0.00000000e+00 0.00000000e+00 0.00000000e+00
 0.00000000e+00 0.00000000e+00 0.00000000e+00 0.00000000e+00
 0.00000000e+00 0.00000000e+00 0.00000000e+00 0.00000000e+00
 0.00000000e+00 0.00000000e+00 0.00000000e+00 0.00000000e+00
 0.00000000e+00 0.00000000e+00 0.00000000e+00 0.00000000e+00
 0.00000000e+00 0.00000000e+00 0.00000000e+00 0.00000000e+00
 0.00000000e+00 0.00000000e+00 0.00000000e+00 0.00000000e+00
 0.00000000e+00 0.00000000e+00 0.00000000e+00 0.00000000e+00
 0.00000000e+00 0.00000000e+00 0.00000000e+00 0.00000000e+00
 0.00000000e+00 0.00000000e+00 0.00000000e+00 0.00000000e+00
 0.00000000e+00 0.00000000e+00 0.00000000e+00 0.00000000e+00
 0.00000000e+00 0.00000000e+00 0.00000000e+00 0.00000000e+00
 0.00000000e+00 0.00000000e+00 0.00000000e+00 0.00000000e+00
 0.00000000e+00 0.00000000e+00 0.00000000e+00 0.00000000e+00
 0.00000000e+00 0.00000000e+00 0.00000000e+00 0.00000000e+00
 0.00000000e+00 0.00000000e+00 0.00000000e+00 0.00000000e+00
 0.00000000e+00 0.00000000e+00 0.00000000e+00 0.00000000e+00
 0.00000000e+00 0.00000000e+00 0.00000000e+00 0.00000000e+00
 0.00000000e+00 0.00000000e+00 0.00000000e+00 0.00000000e+00
 0.00000000e+00 0.00000000e+00 0.00000000e+00 0.00000000e+00
 0.00000000e+00 0.00000000e+00 0.00000000e+00 0.00000000e+00
 0.00000000e+00 0.00000000e+00 0.00000000e+00 0.00000000e+00
 0.00000000e+00 0.00000000e+00 0.00000000e+00 0.00000000e+00
 0.00000000e+00 0.00000000e+00 0.00000000e+00 0.00000000e+00
 0.00000000e+00 0.00000000e+00 0.00000000e+00 0.00000000e+00
 0.00000000e+00 0.00000000e+00 0.00000000e+00 0.00000000e+00
 0.00000000e+00 0.00000000e+00 0.00000000e+00 0.00000000e+00
 0.00000000e+00 0.00000000e+00 0.00000000e+00 0.00000000e+00
 0.00000000e+00 0.00000000e+00 0.00000000e+00 0.00000000e+00
 0.00000000e+00 0.00000000e+00 0.00000000e+00 0.00000000e+00
 0.00000000e+00 0.00000000e+00 0.00000000e+00 0.00000000e+00
 0.00000000e+00 0.00000000e+00 0.00000000e+00 0.00000000e+00
 0.00000000e+00 0.00000000e+00 0.00000000e+00 0.00000000e+00
 0.00000000e+00 0.00000000e+00 0.00000000e+00 0.00000000e+00
 0.00000000e+00 0.00000000e+00 0.00000000e+00 0.00000000e+00
 0.00000000e+00 0.00000000e+00 0.00000000e+00 0.00000000e+00
 0.00000000e+00 0.00000000e+00 0.00000000e+00 0.00000000e+00
 0.00000000e+00 0.00000000e+00 0.00000000e+00 0.00000000e+00
 0.00000000e+00 0.00000000e+00 0.00000000e+00 0.00000000e+00
 0.00000000e+00 0.00000000e+00 0.00000000e+00]
norm_dvd: [0. 0. 0. 0. 0. 0. 0. 0. 0. 0. 0. 0. 0. 0. 0. 0. 0. 0. 0. 0. 0. 0. 0. 0.
 0. 0. 0. 0. 0. 0. 0. 0. 0. 0. 0. 0. 0. 0. 0. 0. 0. 0. 0. 0. 0. 0. 0. 0.
 0. 0. 0. 0. 0. 0. 0. 0. 0. 0. 0. 0. 0. 0. 0. 0. 0. 0. 0. 0. 0. 0. 0. 0.
 0. 0. 0. 0. 0. 0. 0. 0. 0. 0. 0. 0. 0. 0. 0. 0. 0. 0. 0. 0. 0. 0. 0. 0.
 0. 0. 0. 0. 0. 0. 0. 0. 0. 0. 0. 0. 0. 0. 0. 0. 0. 0. 0. 0. 0. 0. 0. 0.
 0. 0. 0. 0. 0. 0. 0. 0. 0. 0. 0. 0. 0. 0. 0. 0. 0. 0. 0. 0. 0. 0. 0. 0.
 0. 0. 0. 0. 0. 0. 0. 0. 0. 0. 0. 0. 0. 0. 0. 0. 0. 0. 0. 0. 0. 0. 0. 0.
 0. 0. 0. 0. 0. 0. 0. 0. 0. 0. 0. 0. 0. 0. 0. 0. 0. 0. 0. 0. 0. 0. 0. 0.
 0. 0. 0. 0. 0. 0. 0. 0. 0. 0. 0. 0. 0. 0. 0. 0. 0. 0. 0. 0. 0. 0. 0. 0.
 0. 0. 0. 0. 0. 0. 0. 0. 0. 0. 0. 0. 0. 0. 0. 0. 0. 0. 0. 0. 0. 0. 0. 0.
 0. 0. 0. 0. 0. 0. 0. 0. 0. 0. 0. 0. 0. 0. 0. 0. 0. 0. 0. 0. 0. 0. 0. 0.
 0. 0. 0. 0. 0. 0. 0. 0. 0. 0. 0. 0. 0. 0. 0. 0. 0. 0. 0. 0. 0. 0. 0. 0.
 0. 0. 0. 0. 0. 0. 0. 0. 0. 0. 0. 0. 0. 0. 0. 0. 0. 0. 0. 0. 0. 0. 0. 0.
 0. 0. 0. 0. 0. 0. 0. 0. 0. 0. 0. 0. 0. 0. 0. 0. 0. 0. 0.]
norm_did: [0.00000000e+00 0.00000000e+00 0.00000000e+00 0.00000000e+00
 0.00000000e+00 0.00000000e+00 0.00000000e+00 0.00000000e+00
 0.00000000e+00 8.02210366e+02 0.00000000e+00 0.00000000e+00
 0.00000000e+00 0.00000000e+00 0.00000000e+00 0.00000000e+00
 0.00000000e+00 0.00000000e+00 0.00000000e+00 0.00000000e+00
 0.00000000e+00 0.00000000e+00 0.00000000e+00 0.00000000e+00
 0.00000000e+00 0.00000000e+00 0.00000000e+00 0.00000000e+00
 0.00000000e+00 0.00000000e+00 0.00000000e+00 0.00000000e+00
 0.00000000e+00 0.00000000e+00 0.00000000e+00 0.00000000e+00
 0.00000000e+00 0.00000000e+00 0.00000000e+00 0.00000000e+00
 0.00000000e+00 0.00000000e+00 0.00000000e+00 0.00000000e+00
 0.00000000e+00 0.00000000e+00 0.00000000e+00 0.00000000e+00
 0.00000000e+00 0.00000000e+00 0.00000000e+00 0.00000000e+00
 0.00000000e+00 0.00000000e+00 0.00000000e+00 0.00000000e+00
 0.00000000e+00 0.00000000e+00 0.00000000e+00 0.00000000e+00
 0.00000000e+00 0.00000000e+00 0.00000000e+00 6.64209986e+02
 0.00000000e+00 0.00000000e+00 0.00000000e+00 4.15131283e+01
 6.22696916e+01 2.09001851e+02 1.14400994e+03 6.46805030e+03
 3.61020939e+04 2.01602702e+05 1.12656269e+06 6.28878161e+06
 3.45262021e+07 1.73431681e+08 6.88359882e+08 1.76406274e+09
 1.15790444e+11 1.84878936e+09 1.35424513e+09 1.35381921e+09
 1.35060279e+09 1.34210756e+09 1.34876035e+09 1.30557338e+09
 1.27990946e+09 1.26383245e+09 1.25178549e+09 1.24160802e+09
 1.23395149e+09 1.22158282e+09 1.21025845e+09 1.19731419e+09
 1.17952969e+09 1.16231675e+09 1.14130396e+09 1.11980340e+09
 1.09866819e+09 1.07739946e+09 1.08142028e+09 1.05316079e+09
 1.04503933e+09 1.03943226e+09 1.03339563e+09 1.02931932e+09
 1.02513621e+09 1.02149872e+09 1.01844276e+09 1.01449556e+09
 1.00995717e+09 1.00553847e+09 1.00181242e+09 9.98273534e+08
 9.94804019e+08 9.90844154e+08 9.86644955e+08 9.82176071e+08
 9.77286884e+08 9.71735857e+08 9.64752750e+08 9.55590079e+08
 9.44721009e+08 8.66725499e+07 1.36248208e+09 9.26077138e+08
 9.14937474e+08 8.91962467e+08 8.43319198e+08 7.34987995e+08
 5.54499967e+08 3.87310171e+08 2.89840947e+08 2.23876625e+08
 1.70425576e+08 1.12703496e+08 4.51338275e+07 2.01063272e+07
 7.75001414e+07 1.53748888e+08 2.50554955e+08 3.93504574e+08
 6.32686786e+08 1.09149639e+09 1.97628882e+09 5.92296490e+09
 3.02340171e+09 3.62004287e+09 4.20441299e+09 5.83311455e+09
 1.47329947e+10 1.33532017e+10 3.52036645e+09 1.75728044e+09
 1.11639340e+09 8.05211445e+08 5.94827665e+08 4.47937475e+08
 3.61188436e+08 3.04075815e+08 2.63294946e+08 2.30050123e+08
 2.13328035e+08 4.62862934e+09 0.00000000e+00 0.00000000e+00
 0.00000000e+00 0.00000000e+00 0.00000000e+00 0.00000000e+00
 0.00000000e+00 0.00000000e+00 0.00000000e+00 0.00000000e+00
 0.00000000e+00 0.00000000e+00 0.00000000e+00 0.00000000e+00
 0.00000000e+00 0.00000000e+00 0.00000000e+00 0.00000000e+00
 0.00000000e+00 0.00000000e+00 0.00000000e+00 0.00000000e+00
 0.00000000e+00 0.00000000e+00 0.00000000e+00 0.00000000e+00
 0.00000000e+00 0.00000000e+00 0.00000000e+00 0.00000000e+00
 0.00000000e+00 0.00000000e+00 0.00000000e+00 0.00000000e+00
 0.00000000e+00 0.00000000e+00 0.00000000e+00 0.00000000e+00
 0.00000000e+00 0.00000000e+00 0.00000000e+00 0.00000000e+00
 0.00000000e+00 0.00000000e+00 0.00000000e+00 0.00000000e+00
 0.00000000e+00 0.00000000e+00 0.00000000e+00 0.00000000e+00
 0.00000000e+00 0.00000000e+00 0.00000000e+00 0.00000000e+00
 0.00000000e+00 0.00000000e+00 0.00000000e+00 0.00000000e+00
 0.00000000e+00 0.00000000e+00 0.00000000e+00 0.00000000e+00
 0.00000000e+00 0.00000000e+00 0.00000000e+00 0.00000000e+00
 0.00000000e+00 0.00000000e+00 0.00000000e+00 0.00000000e+00
 0.00000000e+00 0.00000000e+00 0.00000000e+00 0.00000000e+00
 0.00000000e+00 0.00000000e+00 0.00000000e+00 0.00000000e+00
 0.00000000e+00 0.00000000e+00 0.00000000e+00 0.00000000e+00
 0.00000000e+00 0.00000000e+00 0.00000000e+00 0.00000000e+00
 0.00000000e+00 0.00000000e+00 0.00000000e+00 0.00000000e+00
 0.00000000e+00 0.00000000e+00 0.00000000e+00 0.00000000e+00
 0.00000000e+00 0.00000000e+00 0.00000000e+00 0.00000000e+00
 0.00000000e+00 0.00000000e+00 0.00000000e+00 0.00000000e+00
 0.00000000e+00 0.00000000e+00 0.00000000e+00 0.00000000e+00
 0.00000000e+00 0.00000000e+00 0.00000000e+00 0.00000000e+00
 0.00000000e+00 0.00000000e+00 0.00000000e+00 0.00000000e+00
 0.00000000e+00 0.00000000e+00 0.00000000e+00 0.00000000e+00
 0.00000000e+00 0.00000000e+00 0.00000000e+00 0.00000000e+00
 0.00000000e+00 0.00000000e+00 0.00000000e+00 0.00000000e+00
 0.00000000e+00 0.00000000e+00 0.00000000e+00 0.00000000e+00
 0.00000000e+00 0.00000000e+00 0.00000000e+00 0.00000000e+00
 0.00000000e+00 0.00000000e+00 0.00000000e+00 0.00000000e+00
 0.00000000e+00 0.00000000e+00 0.00000000e+00 0.00000000e+00
 0.00000000e+00 0.00000000e+00 0.00000000e+00 0.00000000e+00
 0.00000000e+00 0.00000000e+00 0.00000000e+00 0.00000000e+00
 0.00000000e+00 0.00000000e+00 0.00000000e+00 0.00000000e+00
 0.00000000e+00 0.00000000e+00 0.00000000e+00 0.00000000e+00
 0.00000000e+00 0.00000000e+00 0.00000000e+00 0.00000000e+00
 0.00000000e+00 0.00000000e+00 0.00000000e+00]
[WARNING]: Quasi-static verification failed
[WARNING]: Max normalized derivatives: dVg/dt=2.50e+11, dVd/dt=0.00e+00, dId/dt=1.16e+11

  ngspice: ✓ PASS  (72.2s)

✓ Benchmark completed: /home/duhaochen/website-trial-v1/data/spice-model-benchmark/7bbc30c68f9c8749c3d9e988d5daafdf/ngspice
