
6. Printing statistics.

=== adder_top ===

        +----------Local Count, excluding submodules.
        |        +-Local Area, excluding submodules.
        |        | 
       37        - wires
       58        - wire bits
        5        - public wires
       26        - public wire bits
        5        - ports
       26        - port bits
       41  831.981 cells
        3   52.685   gf180mcu_fd_sc_mcu7t5v0__and2_1
        3   52.685   gf180mcu_fd_sc_mcu7t5v0__aoi21_1
        7   61.466   gf180mcu_fd_sc_mcu7t5v0__clkinv_1
        6   65.856   gf180mcu_fd_sc_mcu7t5v0__nand2_1
        1   15.366   gf180mcu_fd_sc_mcu7t5v0__nand3_1
        4   52.685   gf180mcu_fd_sc_mcu7t5v0__nor2_1
        1   17.562   gf180mcu_fd_sc_mcu7t5v0__nor3_1
        5   87.808   gf180mcu_fd_sc_mcu7t5v0__oai21_1
        1   17.562   gf180mcu_fd_sc_mcu7t5v0__or2_1
        4   105.37   gf180mcu_fd_sc_mcu7t5v0__xor2_1
        6  302.938   gf180mcu_fd_sc_mcu7t5v0__xor3_1

   Chip area for module '\adder_top': 831.980800
     of which used for sequential elements: 0.000000 (0.00%)

