
6. Printing statistics.

=== adder_top ===

        +----------Local Count, excluding submodules.
        |        +-Local Area, excluding submodules.
        |        | 
       92        - wires
      137        - wire bits
        5        - public wires
       50        - public wire bits
        5        - ports
       50        - port bits
      104 1.04E+03 cells
        1   12.701   sg13g2_a21o_1
        6   54.432   sg13g2_a21oi_1
        3   43.546   sg13g2_a221oi_1
        3   32.546   sg13g2_a22oi_1
        7   63.504   sg13g2_and2_1
        1   12.701   sg13g2_and3_1
        4   21.773   sg13g2_inv_1
       16  116.122   sg13g2_nand2_1
        2   18.144   sg13g2_nand2b_1
       14  101.606   sg13g2_nor2_1
        3   27.216   sg13g2_nor2b_1
        2   18.144   sg13g2_nor3_1
        1   10.886   sg13g2_nor4_1
        8   72.576   sg13g2_o21ai_1
        7   63.504   sg13g2_or2_1
        1   12.701   sg13g2_or3_1
       14  203.213   sg13g2_xnor2_1
       11  159.667   sg13g2_xor2_1

   Chip area for module '\adder_top': 1044.981000
     of which used for sequential elements: 0.000000 (0.00%)

