OpenSTA 3.1.0 543361765b Copyright (c) 2026, Parallax Software, Inc.
License GPLv3: GNU GPL version 3 <http://gnu.org/licenses/gpl.html>

This is free software, and you are free to change and redistribute it
under certain conditions; type `show_copying' for details. 
This program comes with ABSOLUTELY NO WARRANTY; for details type `show_warranty'.
Startpoint: a[0] (input port clocked by vclk)
Endpoint: sum[15] (output port clocked by vclk)
Path Group: vclk
Path Type: max

        Cap        Slew       Delay        Time   Description
---------------------------------------------------------------------------------------
               0.000000    0.000000    0.000000   clock vclk (rise edge)
                           0.000000    0.000000   clock network delay (ideal)
                           0.000000    0.000000 ^ input external delay
   0.005019    0.050000    0.000000    0.000000 ^ a[0] (in)
               0.050000    0.000000    0.000000 ^ _102_/A (sg13g2_or2_1)
   0.008992    0.047617    0.094797    0.094797 ^ _102_/X (sg13g2_or2_1)
               0.047617    0.000000    0.094797 ^ _105_/B1 (sg13g2_a221oi_1)
   0.005177    0.081588    0.075180    0.169977 v _105_/Y (sg13g2_a221oi_1)
               0.081588    0.000000    0.169977 v _107_/C (sg13g2_or3_1)
   0.008497    0.050965    0.160843    0.330820 v _107_/X (sg13g2_or3_1)
               0.050965    0.000000    0.330820 v _112_/B1 (sg13g2_a221oi_1)
   0.006152    0.147334    0.152397    0.483217 ^ _112_/Y (sg13g2_a221oi_1)
               0.147334    0.000000    0.483217 ^ _119_/A1 (sg13g2_o21ai_1)
   0.008778    0.083119    0.123086    0.606303 v _119_/Y (sg13g2_o21ai_1)
               0.083119    0.000000    0.606303 v _128_/A1 (sg13g2_o21ai_1)
   0.008635    0.124175    0.144970    0.751273 ^ _128_/Y (sg13g2_o21ai_1)
               0.124175    0.000000    0.751273 ^ _137_/A1 (sg13g2_a21o_1)
   0.009193    0.053936    0.151793    0.903066 ^ _137_/X (sg13g2_a21o_1)
               0.053936    0.000000    0.903066 ^ _146_/A1 (sg13g2_a22oi_1)
   0.007771    0.078049    0.094099    0.997165 v _146_/Y (sg13g2_a22oi_1)
               0.078049    0.000000    0.997165 v _147_/D (sg13g2_nor4_1)
   0.009448    0.221372    0.191169    1.188334 ^ _147_/Y (sg13g2_nor4_1)
               0.221372    0.000000    1.188334 ^ _187_/A1 (sg13g2_o21ai_1)
   0.005056    0.072696    0.119132    1.307466 v _187_/Y (sg13g2_o21ai_1)
               0.072696    0.000000    1.307466 v _188_/B (sg13g2_xnor2_1)
   0.010000    0.081570    0.131225    1.438691 v _188_/Y (sg13g2_xnor2_1)
               0.081570    0.000000    1.438691 v sum[15] (out)
                                       1.438691   data arrival time

               0.000000  100.000000  100.000000   clock vclk (rise edge)
                           0.000000  100.000000   clock network delay (ideal)
                           0.000000  100.000000   clock reconvergence pessimism
                           0.000000  100.000000   output external delay
                                     100.000000   data required time
---------------------------------------------------------------------------------------
                                     100.000000   data required time
                                      -1.438691   data arrival time
---------------------------------------------------------------------------------------
                                      98.561302   slack (MET)


Startpoint: a[0] (input port clocked by vclk)
Endpoint: sum[14] (output port clocked by vclk)
Path Group: vclk
Path Type: max

        Cap        Slew       Delay        Time   Description
---------------------------------------------------------------------------------------
               0.000000    0.000000    0.000000   clock vclk (rise edge)
                           0.000000    0.000000   clock network delay (ideal)
                           0.000000    0.000000 ^ input external delay
   0.005019    0.050000    0.000000    0.000000 ^ a[0] (in)
               0.050000    0.000000    0.000000 ^ _102_/A (sg13g2_or2_1)
   0.008992    0.047617    0.094797    0.094797 ^ _102_/X (sg13g2_or2_1)
               0.047617    0.000000    0.094797 ^ _105_/B1 (sg13g2_a221oi_1)
   0.005177    0.081588    0.075180    0.169977 v _105_/Y (sg13g2_a221oi_1)
               0.081588    0.000000    0.169977 v _107_/C (sg13g2_or3_1)
   0.008497    0.050965    0.160843    0.330820 v _107_/X (sg13g2_or3_1)
               0.050965    0.000000    0.330820 v _112_/B1 (sg13g2_a221oi_1)
   0.006152    0.147334    0.152397    0.483217 ^ _112_/Y (sg13g2_a221oi_1)
               0.147334    0.000000    0.483217 ^ _119_/A1 (sg13g2_o21ai_1)
   0.008778    0.083119    0.123086    0.606303 v _119_/Y (sg13g2_o21ai_1)
               0.083119    0.000000    0.606303 v _128_/A1 (sg13g2_o21ai_1)
   0.008635    0.124175    0.144970    0.751273 ^ _128_/Y (sg13g2_o21ai_1)
               0.124175    0.000000    0.751273 ^ _137_/A1 (sg13g2_a21o_1)
   0.009193    0.053936    0.151793    0.903066 ^ _137_/X (sg13g2_a21o_1)
               0.053936    0.000000    0.903066 ^ _146_/A1 (sg13g2_a22oi_1)
   0.007771    0.078049    0.094099    0.997165 v _146_/Y (sg13g2_a22oi_1)
               0.078049    0.000000    0.997165 v _147_/D (sg13g2_nor4_1)
   0.009448    0.221372    0.191169    1.188334 ^ _147_/Y (sg13g2_nor4_1)
               0.221372    0.000000    1.188334 ^ _149_/B (sg13g2_nor3_1)
   0.005527    0.066081    0.097526    1.285860 v _149_/Y (sg13g2_nor3_1)
               0.066081    0.000000    1.285860 v _152_/A (sg13g2_xnor2_1)
   0.010000    0.084792    0.131570    1.417430 v _152_/Y (sg13g2_xnor2_1)
               0.084792    0.000000    1.417430 v sum[14] (out)
                                       1.417430   data arrival time

               0.000000  100.000000  100.000000   clock vclk (rise edge)
                           0.000000  100.000000   clock network delay (ideal)
                           0.000000  100.000000   clock reconvergence pessimism
                           0.000000  100.000000   output external delay
                                     100.000000   data required time
---------------------------------------------------------------------------------------
                                     100.000000   data required time
                                      -1.417430   data arrival time
---------------------------------------------------------------------------------------
                                      98.582573   slack (MET)


Startpoint: a[0] (input port clocked by vclk)
Endpoint: cout (output port clocked by vclk)
Path Group: vclk
Path Type: max

        Cap        Slew       Delay        Time   Description
---------------------------------------------------------------------------------------
               0.000000    0.000000    0.000000   clock vclk (rise edge)
                           0.000000    0.000000   clock network delay (ideal)
                           0.000000    0.000000 ^ input external delay
   0.005019    0.050000    0.000000    0.000000 ^ a[0] (in)
               0.050000    0.000000    0.000000 ^ _102_/A (sg13g2_or2_1)
   0.008992    0.047617    0.094797    0.094797 ^ _102_/X (sg13g2_or2_1)
               0.047617    0.000000    0.094797 ^ _105_/B1 (sg13g2_a221oi_1)
   0.005177    0.081588    0.075180    0.169977 v _105_/Y (sg13g2_a221oi_1)
               0.081588    0.000000    0.169977 v _107_/C (sg13g2_or3_1)
   0.008497    0.050965    0.160843    0.330820 v _107_/X (sg13g2_or3_1)
               0.050965    0.000000    0.330820 v _112_/B1 (sg13g2_a221oi_1)
   0.006152    0.147334    0.152397    0.483217 ^ _112_/Y (sg13g2_a221oi_1)
               0.147334    0.000000    0.483217 ^ _119_/A1 (sg13g2_o21ai_1)
   0.008778    0.083119    0.123086    0.606303 v _119_/Y (sg13g2_o21ai_1)
               0.083119    0.000000    0.606303 v _128_/A1 (sg13g2_o21ai_1)
   0.008635    0.124175    0.144970    0.751273 ^ _128_/Y (sg13g2_o21ai_1)
               0.124175    0.000000    0.751273 ^ _137_/A1 (sg13g2_a21o_1)
   0.009193    0.053936    0.151793    0.903066 ^ _137_/X (sg13g2_a21o_1)
               0.053936    0.000000    0.903066 ^ _146_/A1 (sg13g2_a22oi_1)
   0.007771    0.078049    0.094099    0.997165 v _146_/Y (sg13g2_a22oi_1)
               0.078049    0.000000    0.997165 v _147_/D (sg13g2_nor4_1)
   0.009448    0.221372    0.191169    1.188334 ^ _147_/Y (sg13g2_nor4_1)
               0.221372    0.000000    1.188334 ^ _186_/A (sg13g2_nor2_1)
   0.003251    0.055830    0.083156    1.271490 v _186_/Y (sg13g2_nor2_1)
               0.055830    0.000000    1.271490 v _190_/A1 (sg13g2_o21ai_1)
   0.010000    0.136112    0.144315    1.415806 ^ _190_/Y (sg13g2_o21ai_1)
               0.136112    0.000000    1.415806 ^ cout (out)
                                       1.415806   data arrival time

               0.000000  100.000000  100.000000   clock vclk (rise edge)
                           0.000000  100.000000   clock network delay (ideal)
                           0.000000  100.000000   clock reconvergence pessimism
                           0.000000  100.000000   output external delay
                                     100.000000   data required time
---------------------------------------------------------------------------------------
                                     100.000000   data required time
                                      -1.415806   data arrival time
---------------------------------------------------------------------------------------
                                      98.584190   slack (MET)


Startpoint: a[0] (input port clocked by vclk)
Endpoint: sum[13] (output port clocked by vclk)
Path Group: vclk
Path Type: max

        Cap        Slew       Delay        Time   Description
---------------------------------------------------------------------------------------
               0.000000    0.000000    0.000000   clock vclk (rise edge)
                           0.000000    0.000000   clock network delay (ideal)
                           0.000000    0.000000 v input external delay
   0.005035    0.050000    0.000000    0.000000 v a[0] (in)
               0.050000    0.000000    0.000000 v _102_/A (sg13g2_or2_1)
   0.008711    0.044708    0.126769    0.126769 v _102_/X (sg13g2_or2_1)
               0.044708    0.000000    0.126769 v _105_/B1 (sg13g2_a221oi_1)
   0.005518    0.139010    0.144581    0.271350 ^ _105_/Y (sg13g2_a221oi_1)
               0.139010    0.000000    0.271350 ^ _107_/C (sg13g2_or3_1)
   0.010011    0.053950    0.132459    0.403809 ^ _107_/X (sg13g2_or3_1)
               0.053950    0.000000    0.403809 ^ _112_/B1 (sg13g2_a221oi_1)
   0.005980    0.084372    0.081271    0.485080 v _112_/Y (sg13g2_a221oi_1)
               0.084372    0.000000    0.485080 v _118_/B1 (sg13g2_a21oi_1)
   0.009051    0.108982    0.117304    0.602385 ^ _118_/Y (sg13g2_a21oi_1)
               0.108982    0.000000    0.602385 ^ _157_/A1 (sg13g2_o21ai_1)
   0.007553    0.071749    0.106635    0.709019 v _157_/Y (sg13g2_o21ai_1)
               0.071749    0.000000    0.709019 v _158_/C (sg13g2_and3_1)
   0.006004    0.032093    0.108190    0.817209 v _158_/X (sg13g2_and3_1)
               0.032093    0.000000    0.817209 v _162_/A2 (sg13g2_a221oi_1)
   0.008253    0.171665    0.188050    1.005259 ^ _162_/Y (sg13g2_a221oi_1)
               0.171665    0.000000    1.005259 ^ _163_/C (sg13g2_nor3_1)
   0.003061    0.046963    0.068484    1.073743 v _163_/Y (sg13g2_nor3_1)
               0.046963    0.000000    1.073743 v _165_/A (sg13g2_nor2_1)
   0.005004    0.063516    0.074283    1.148027 ^ _165_/Y (sg13g2_nor2_1)
               0.063516    0.000000    1.148027 ^ _166_/B (sg13g2_xnor2_1)
   0.010000    0.113978    0.113795    1.261822 ^ _166_/Y (sg13g2_xnor2_1)
               0.113978    0.000000    1.261822 ^ sum[13] (out)
                                       1.261822   data arrival time

               0.000000  100.000000  100.000000   clock vclk (rise edge)
                           0.000000  100.000000   clock network delay (ideal)
                           0.000000  100.000000   clock reconvergence pessimism
                           0.000000  100.000000   output external delay
                                     100.000000   data required time
---------------------------------------------------------------------------------------
                                     100.000000   data required time
                                      -1.261822   data arrival time
---------------------------------------------------------------------------------------
                                      98.738174   slack (MET)


Startpoint: a[0] (input port clocked by vclk)
Endpoint: sum[11] (output port clocked by vclk)
Path Group: vclk
Path Type: max

        Cap        Slew       Delay        Time   Description
---------------------------------------------------------------------------------------
               0.000000    0.000000    0.000000   clock vclk (rise edge)
                           0.000000    0.000000   clock network delay (ideal)
                           0.000000    0.000000 v input external delay
   0.005035    0.050000    0.000000    0.000000 v a[0] (in)
               0.050000    0.000000    0.000000 v _102_/A (sg13g2_or2_1)
   0.008711    0.044708    0.126769    0.126769 v _102_/X (sg13g2_or2_1)
               0.044708    0.000000    0.126769 v _105_/B1 (sg13g2_a221oi_1)
   0.005518    0.139010    0.144581    0.271350 ^ _105_/Y (sg13g2_a221oi_1)
               0.139010    0.000000    0.271350 ^ _107_/C (sg13g2_or3_1)
   0.010011    0.053950    0.132459    0.403809 ^ _107_/X (sg13g2_or3_1)
               0.053950    0.000000    0.403809 ^ _112_/B1 (sg13g2_a221oi_1)
   0.005980    0.084372    0.081271    0.485080 v _112_/Y (sg13g2_a221oi_1)
               0.084372    0.000000    0.485080 v _118_/B1 (sg13g2_a21oi_1)
   0.009051    0.108982    0.117304    0.602385 ^ _118_/Y (sg13g2_a21oi_1)
               0.108982    0.000000    0.602385 ^ _157_/A1 (sg13g2_o21ai_1)
   0.007553    0.071749    0.106635    0.709019 v _157_/Y (sg13g2_o21ai_1)
               0.071749    0.000000    0.709019 v _158_/C (sg13g2_and3_1)
   0.006004    0.032093    0.108190    0.817209 v _158_/X (sg13g2_and3_1)
               0.032093    0.000000    0.817209 v _162_/A2 (sg13g2_a221oi_1)
   0.008253    0.171665    0.188050    1.005259 ^ _162_/Y (sg13g2_a221oi_1)
               0.171665    0.000000    1.005259 ^ _168_/B (sg13g2_xor2_1)
   0.010000    0.112827    0.179940    1.185199 ^ _168_/X (sg13g2_xor2_1)
               0.112827    0.000000    1.185199 ^ sum[11] (out)
                                       1.185199   data arrival time

               0.000000  100.000000  100.000000   clock vclk (rise edge)
                           0.000000  100.000000   clock network delay (ideal)
                           0.000000  100.000000   clock reconvergence pessimism
                           0.000000  100.000000   output external delay
                                     100.000000   data required time
---------------------------------------------------------------------------------------
                                     100.000000   data required time
                                      -1.185199   data arrival time
---------------------------------------------------------------------------------------
                                      98.814796   slack (MET)


Startpoint: a[0] (input port clocked by vclk)
Endpoint: sum[12] (output port clocked by vclk)
Path Group: vclk
Path Type: max

        Cap        Slew       Delay        Time   Description
---------------------------------------------------------------------------------------
               0.000000    0.000000    0.000000   clock vclk (rise edge)
                           0.000000    0.000000   clock network delay (ideal)
                           0.000000    0.000000 ^ input external delay
   0.005019    0.050000    0.000000    0.000000 ^ a[0] (in)
               0.050000    0.000000    0.000000 ^ _102_/A (sg13g2_or2_1)
   0.008992    0.047617    0.094797    0.094797 ^ _102_/X (sg13g2_or2_1)
               0.047617    0.000000    0.094797 ^ _105_/B1 (sg13g2_a221oi_1)
   0.005177    0.081588    0.075180    0.169977 v _105_/Y (sg13g2_a221oi_1)
               0.081588    0.000000    0.169977 v _107_/C (sg13g2_or3_1)
   0.008497    0.050965    0.160843    0.330820 v _107_/X (sg13g2_or3_1)
               0.050965    0.000000    0.330820 v _112_/B1 (sg13g2_a221oi_1)
   0.006152    0.147334    0.152397    0.483217 ^ _112_/Y (sg13g2_a221oi_1)
               0.147334    0.000000    0.483217 ^ _119_/A1 (sg13g2_o21ai_1)
   0.008778    0.083119    0.123086    0.606303 v _119_/Y (sg13g2_o21ai_1)
               0.083119    0.000000    0.606303 v _128_/A1 (sg13g2_o21ai_1)
   0.008635    0.124175    0.144970    0.751273 ^ _128_/Y (sg13g2_o21ai_1)
               0.124175    0.000000    0.751273 ^ _137_/A1 (sg13g2_a21o_1)
   0.009193    0.053936    0.151793    0.903066 ^ _137_/X (sg13g2_a21o_1)
               0.053936    0.000000    0.903066 ^ _146_/A1 (sg13g2_a22oi_1)
   0.007771    0.078049    0.094099    0.997165 v _146_/Y (sg13g2_a22oi_1)
               0.078049    0.000000    0.997165 v _167_/B (sg13g2_xnor2_1)
   0.010000    0.083339    0.133469    1.130634 v _167_/Y (sg13g2_xnor2_1)
               0.083339    0.000000    1.130634 v sum[12] (out)
                                       1.130634   data arrival time

               0.000000  100.000000  100.000000   clock vclk (rise edge)
                           0.000000  100.000000   clock network delay (ideal)
                           0.000000  100.000000   clock reconvergence pessimism
                           0.000000  100.000000   output external delay
                                     100.000000   data required time
---------------------------------------------------------------------------------------
                                     100.000000   data required time
                                      -1.130634   data arrival time
---------------------------------------------------------------------------------------
                                      98.869362   slack (MET)


Startpoint: a[0] (input port clocked by vclk)
Endpoint: sum[9] (output port clocked by vclk)
Path Group: vclk
Path Type: max

        Cap        Slew       Delay        Time   Description
---------------------------------------------------------------------------------------
               0.000000    0.000000    0.000000   clock vclk (rise edge)
                           0.000000    0.000000   clock network delay (ideal)
                           0.000000    0.000000 v input external delay
   0.005035    0.050000    0.000000    0.000000 v a[0] (in)
               0.050000    0.000000    0.000000 v _102_/A (sg13g2_or2_1)
   0.008711    0.044708    0.126769    0.126769 v _102_/X (sg13g2_or2_1)
               0.044708    0.000000    0.126769 v _105_/B1 (sg13g2_a221oi_1)
   0.005518    0.139010    0.144581    0.271350 ^ _105_/Y (sg13g2_a221oi_1)
               0.139010    0.000000    0.271350 ^ _107_/C (sg13g2_or3_1)
   0.010011    0.053950    0.132459    0.403809 ^ _107_/X (sg13g2_or3_1)
               0.053950    0.000000    0.403809 ^ _112_/B1 (sg13g2_a221oi_1)
   0.005980    0.084372    0.081271    0.485080 v _112_/Y (sg13g2_a221oi_1)
               0.084372    0.000000    0.485080 v _118_/B1 (sg13g2_a21oi_1)
   0.009051    0.108982    0.117304    0.602385 ^ _118_/Y (sg13g2_a21oi_1)
               0.108982    0.000000    0.602385 ^ _157_/A1 (sg13g2_o21ai_1)
   0.007553    0.071749    0.106635    0.709019 v _157_/Y (sg13g2_o21ai_1)
               0.071749    0.000000    0.709019 v _158_/C (sg13g2_and3_1)
   0.006004    0.032093    0.108190    0.817209 v _158_/X (sg13g2_and3_1)
               0.032093    0.000000    0.817209 v _170_/A (sg13g2_nor2_1)
   0.005250    0.068002    0.070993    0.888202 ^ _170_/Y (sg13g2_nor2_1)
               0.068002    0.000000    0.888202 ^ _171_/B (sg13g2_xor2_1)
   0.010000    0.113181    0.146963    1.035165 ^ _171_/X (sg13g2_xor2_1)
               0.113181    0.000000    1.035165 ^ sum[9] (out)
                                       1.035165   data arrival time

               0.000000  100.000000  100.000000   clock vclk (rise edge)
                           0.000000  100.000000   clock network delay (ideal)
                           0.000000  100.000000   clock reconvergence pessimism
                           0.000000  100.000000   output external delay
                                     100.000000   data required time
---------------------------------------------------------------------------------------
                                     100.000000   data required time
                                      -1.035165   data arrival time
---------------------------------------------------------------------------------------
                                      98.964828   slack (MET)


Startpoint: a[0] (input port clocked by vclk)
Endpoint: sum[10] (output port clocked by vclk)
Path Group: vclk
Path Type: max

        Cap        Slew       Delay        Time   Description
---------------------------------------------------------------------------------------
               0.000000    0.000000    0.000000   clock vclk (rise edge)
                           0.000000    0.000000   clock network delay (ideal)
                           0.000000    0.000000 ^ input external delay
   0.005019    0.050000    0.000000    0.000000 ^ a[0] (in)
               0.050000    0.000000    0.000000 ^ _102_/A (sg13g2_or2_1)
   0.008992    0.047617    0.094797    0.094797 ^ _102_/X (sg13g2_or2_1)
               0.047617    0.000000    0.094797 ^ _105_/B1 (sg13g2_a221oi_1)
   0.005177    0.081588    0.075180    0.169977 v _105_/Y (sg13g2_a221oi_1)
               0.081588    0.000000    0.169977 v _107_/C (sg13g2_or3_1)
   0.008497    0.050965    0.160843    0.330820 v _107_/X (sg13g2_or3_1)
               0.050965    0.000000    0.330820 v _112_/B1 (sg13g2_a221oi_1)
   0.006152    0.147334    0.152397    0.483217 ^ _112_/Y (sg13g2_a221oi_1)
               0.147334    0.000000    0.483217 ^ _119_/A1 (sg13g2_o21ai_1)
   0.008778    0.083119    0.123086    0.606303 v _119_/Y (sg13g2_o21ai_1)
               0.083119    0.000000    0.606303 v _128_/A1 (sg13g2_o21ai_1)
   0.008635    0.124175    0.144970    0.751273 ^ _128_/Y (sg13g2_o21ai_1)
               0.124175    0.000000    0.751273 ^ _137_/A1 (sg13g2_a21o_1)
   0.009193    0.053936    0.151793    0.903066 ^ _137_/X (sg13g2_a21o_1)
               0.053936    0.000000    0.903066 ^ _169_/A (sg13g2_xnor2_1)
   0.010000    0.118081    0.114778    1.017844 ^ _169_/Y (sg13g2_xnor2_1)
               0.118081    0.000000    1.017844 ^ sum[10] (out)
                                       1.017844   data arrival time

               0.000000  100.000000  100.000000   clock vclk (rise edge)
                           0.000000  100.000000   clock network delay (ideal)
                           0.000000  100.000000   clock reconvergence pessimism
                           0.000000  100.000000   output external delay
                                     100.000000   data required time
---------------------------------------------------------------------------------------
                                     100.000000   data required time
                                      -1.017844   data arrival time
---------------------------------------------------------------------------------------
                                      98.982155   slack (MET)


Startpoint: a[0] (input port clocked by vclk)
Endpoint: sum[8] (output port clocked by vclk)
Path Group: vclk
Path Type: max

        Cap        Slew       Delay        Time   Description
---------------------------------------------------------------------------------------
               0.000000    0.000000    0.000000   clock vclk (rise edge)
                           0.000000    0.000000   clock network delay (ideal)
                           0.000000    0.000000 ^ input external delay
   0.005019    0.050000    0.000000    0.000000 ^ a[0] (in)
               0.050000    0.000000    0.000000 ^ _102_/A (sg13g2_or2_1)
   0.008992    0.047617    0.094797    0.094797 ^ _102_/X (sg13g2_or2_1)
               0.047617    0.000000    0.094797 ^ _105_/B1 (sg13g2_a221oi_1)
   0.005177    0.081588    0.075180    0.169977 v _105_/Y (sg13g2_a221oi_1)
               0.081588    0.000000    0.169977 v _107_/C (sg13g2_or3_1)
   0.008497    0.050965    0.160843    0.330820 v _107_/X (sg13g2_or3_1)
               0.050965    0.000000    0.330820 v _112_/B1 (sg13g2_a221oi_1)
   0.006152    0.147334    0.152397    0.483217 ^ _112_/Y (sg13g2_a221oi_1)
               0.147334    0.000000    0.483217 ^ _119_/A1 (sg13g2_o21ai_1)
   0.008778    0.083119    0.123086    0.606303 v _119_/Y (sg13g2_o21ai_1)
               0.083119    0.000000    0.606303 v _128_/A1 (sg13g2_o21ai_1)
   0.008635    0.124175    0.144970    0.751273 ^ _128_/Y (sg13g2_o21ai_1)
               0.124175    0.000000    0.751273 ^ _172_/A (sg13g2_xor2_1)
   0.010000    0.112752    0.171136    0.922409 ^ _172_/X (sg13g2_xor2_1)
               0.112752    0.000000    0.922409 ^ sum[8] (out)
                                       0.922409   data arrival time

               0.000000  100.000000  100.000000   clock vclk (rise edge)
                           0.000000  100.000000   clock network delay (ideal)
                           0.000000  100.000000   clock reconvergence pessimism
                           0.000000  100.000000   output external delay
                                     100.000000   data required time
---------------------------------------------------------------------------------------
                                     100.000000   data required time
                                      -0.922409   data arrival time
---------------------------------------------------------------------------------------
                                      99.077583   slack (MET)


Startpoint: a[0] (input port clocked by vclk)
Endpoint: sum[7] (output port clocked by vclk)
Path Group: vclk
Path Type: max

        Cap        Slew       Delay        Time   Description
---------------------------------------------------------------------------------------
               0.000000    0.000000    0.000000   clock vclk (rise edge)
                           0.000000    0.000000   clock network delay (ideal)
                           0.000000    0.000000 ^ input external delay
   0.005019    0.050000    0.000000    0.000000 ^ a[0] (in)
               0.050000    0.000000    0.000000 ^ _102_/A (sg13g2_or2_1)
   0.008992    0.047617    0.094797    0.094797 ^ _102_/X (sg13g2_or2_1)
               0.047617    0.000000    0.094797 ^ _105_/B1 (sg13g2_a221oi_1)
   0.005177    0.081588    0.075180    0.169977 v _105_/Y (sg13g2_a221oi_1)
               0.081588    0.000000    0.169977 v _107_/C (sg13g2_or3_1)
   0.008497    0.050965    0.160843    0.330820 v _107_/X (sg13g2_or3_1)
               0.050965    0.000000    0.330820 v _112_/B1 (sg13g2_a221oi_1)
   0.006152    0.147334    0.152397    0.483217 ^ _112_/Y (sg13g2_a221oi_1)
               0.147334    0.000000    0.483217 ^ _118_/B1 (sg13g2_a21oi_1)
   0.008778    0.074538    0.083658    0.566875 v _118_/Y (sg13g2_a21oi_1)
               0.074538    0.000000    0.566875 v _157_/A1 (sg13g2_o21ai_1)
   0.007824    0.116105    0.135929    0.702803 ^ _157_/Y (sg13g2_o21ai_1)
               0.116105    0.000000    0.702803 ^ _173_/B (sg13g2_xor2_1)
   0.010000    0.111259    0.164270    0.867074 ^ _173_/X (sg13g2_xor2_1)
               0.111259    0.000000    0.867074 ^ sum[7] (out)
                                       0.867074   data arrival time

               0.000000  100.000000  100.000000   clock vclk (rise edge)
                           0.000000  100.000000   clock network delay (ideal)
                           0.000000  100.000000   clock reconvergence pessimism
                           0.000000  100.000000   output external delay
                                     100.000000   data required time
---------------------------------------------------------------------------------------
                                     100.000000   data required time
                                      -0.867074   data arrival time
---------------------------------------------------------------------------------------
                                      99.132919   slack (MET)


Startpoint: a[0] (input port clocked by vclk)
Endpoint: sum[6] (output port clocked by vclk)
Path Group: vclk
Path Type: max

        Cap        Slew       Delay        Time   Description
---------------------------------------------------------------------------------------
               0.000000    0.000000    0.000000   clock vclk (rise edge)
                           0.000000    0.000000   clock network delay (ideal)
                           0.000000    0.000000 v input external delay
   0.005035    0.050000    0.000000    0.000000 v a[0] (in)
               0.050000    0.000000    0.000000 v _102_/A (sg13g2_or2_1)
   0.008711    0.044708    0.126769    0.126769 v _102_/X (sg13g2_or2_1)
               0.044708    0.000000    0.126769 v _105_/B1 (sg13g2_a221oi_1)
   0.005518    0.139010    0.144581    0.271350 ^ _105_/Y (sg13g2_a221oi_1)
               0.139010    0.000000    0.271350 ^ _107_/C (sg13g2_or3_1)
   0.010011    0.053950    0.132459    0.403809 ^ _107_/X (sg13g2_or3_1)
               0.053950    0.000000    0.403809 ^ _112_/B1 (sg13g2_a221oi_1)
   0.005980    0.084372    0.081271    0.485080 v _112_/Y (sg13g2_a221oi_1)
               0.084372    0.000000    0.485080 v _119_/A1 (sg13g2_o21ai_1)
   0.009051    0.128143    0.148421    0.633501 ^ _119_/Y (sg13g2_o21ai_1)
               0.128143    0.000000    0.633501 ^ _174_/A (sg13g2_xnor2_1)
   0.010000    0.115520    0.140970    0.774471 ^ _174_/Y (sg13g2_xnor2_1)
               0.115520    0.000000    0.774471 ^ sum[6] (out)
                                       0.774471   data arrival time

               0.000000  100.000000  100.000000   clock vclk (rise edge)
                           0.000000  100.000000   clock network delay (ideal)
                           0.000000  100.000000   clock reconvergence pessimism
                           0.000000  100.000000   output external delay
                                     100.000000   data required time
---------------------------------------------------------------------------------------
                                     100.000000   data required time
                                      -0.774471   data arrival time
---------------------------------------------------------------------------------------
                                      99.225525   slack (MET)


Startpoint: a[0] (input port clocked by vclk)
Endpoint: sum[5] (output port clocked by vclk)
Path Group: vclk
Path Type: max

        Cap        Slew       Delay        Time   Description
---------------------------------------------------------------------------------------
               0.000000    0.000000    0.000000   clock vclk (rise edge)
                           0.000000    0.000000   clock network delay (ideal)
                           0.000000    0.000000 v input external delay
   0.005035    0.050000    0.000000    0.000000 v a[0] (in)
               0.050000    0.000000    0.000000 v _102_/A (sg13g2_or2_1)
   0.008711    0.044708    0.126769    0.126769 v _102_/X (sg13g2_or2_1)
               0.044708    0.000000    0.126769 v _105_/B1 (sg13g2_a221oi_1)
   0.005518    0.139010    0.144581    0.271350 ^ _105_/Y (sg13g2_a221oi_1)
               0.139010    0.000000    0.271350 ^ _107_/C (sg13g2_or3_1)
   0.010011    0.053950    0.132459    0.403809 ^ _107_/X (sg13g2_or3_1)
               0.053950    0.000000    0.403809 ^ _112_/B1 (sg13g2_a221oi_1)
   0.005980    0.084372    0.081271    0.485080 v _112_/Y (sg13g2_a221oi_1)
               0.084372    0.000000    0.485080 v _118_/B1 (sg13g2_a21oi_1)
   0.009051    0.108982    0.117304    0.602385 ^ _118_/Y (sg13g2_a21oi_1)
               0.108982    0.000000    0.602385 ^ _175_/A (sg13g2_xnor2_1)
   0.010000    0.117351    0.135505    0.737890 ^ _175_/Y (sg13g2_xnor2_1)
               0.117351    0.000000    0.737890 ^ sum[5] (out)
                                       0.737890   data arrival time

               0.000000  100.000000  100.000000   clock vclk (rise edge)
                           0.000000  100.000000   clock network delay (ideal)
                           0.000000  100.000000   clock reconvergence pessimism
                           0.000000  100.000000   output external delay
                                     100.000000   data required time
---------------------------------------------------------------------------------------
                                     100.000000   data required time
                                      -0.737890   data arrival time
---------------------------------------------------------------------------------------
                                      99.262108   slack (MET)


Startpoint: a[0] (input port clocked by vclk)
Endpoint: sum[4] (output port clocked by vclk)
Path Group: vclk
Path Type: max

        Cap        Slew       Delay        Time   Description
---------------------------------------------------------------------------------------
               0.000000    0.000000    0.000000   clock vclk (rise edge)
                           0.000000    0.000000   clock network delay (ideal)
                           0.000000    0.000000 v input external delay
   0.005035    0.050000    0.000000    0.000000 v a[0] (in)
               0.050000    0.000000    0.000000 v _102_/A (sg13g2_or2_1)
   0.008711    0.044708    0.126769    0.126769 v _102_/X (sg13g2_or2_1)
               0.044708    0.000000    0.126769 v _105_/B1 (sg13g2_a221oi_1)
   0.005518    0.139010    0.144581    0.271350 ^ _105_/Y (sg13g2_a221oi_1)
               0.139010    0.000000    0.271350 ^ _107_/C (sg13g2_or3_1)
   0.010011    0.053950    0.132459    0.403809 ^ _107_/X (sg13g2_or3_1)
               0.053950    0.000000    0.403809 ^ _111_/B1 (sg13g2_a22oi_1)
   0.005056    0.061526    0.067855    0.471665 v _111_/Y (sg13g2_a22oi_1)
               0.061526    0.000000    0.471665 v _176_/B (sg13g2_xnor2_1)
   0.010000    0.083339    0.126545    0.598209 v _176_/Y (sg13g2_xnor2_1)
               0.083339    0.000000    0.598209 v sum[4] (out)
                                       0.598209   data arrival time

               0.000000  100.000000  100.000000   clock vclk (rise edge)
                           0.000000  100.000000   clock network delay (ideal)
                           0.000000  100.000000   clock reconvergence pessimism
                           0.000000  100.000000   output external delay
                                     100.000000   data required time
---------------------------------------------------------------------------------------
                                     100.000000   data required time
                                      -0.598209   data arrival time
---------------------------------------------------------------------------------------
                                      99.401794   slack (MET)


Startpoint: a[0] (input port clocked by vclk)
Endpoint: sum[3] (output port clocked by vclk)
Path Group: vclk
Path Type: max

        Cap        Slew       Delay        Time   Description
---------------------------------------------------------------------------------------
               0.000000    0.000000    0.000000   clock vclk (rise edge)
                           0.000000    0.000000   clock network delay (ideal)
                           0.000000    0.000000 v input external delay
   0.005035    0.050000    0.000000    0.000000 v a[0] (in)
               0.050000    0.000000    0.000000 v _102_/A (sg13g2_or2_1)
   0.008711    0.044708    0.126769    0.126769 v _102_/X (sg13g2_or2_1)
               0.044708    0.000000    0.126769 v _105_/B1 (sg13g2_a221oi_1)
   0.005518    0.139010    0.144581    0.271350 ^ _105_/Y (sg13g2_a221oi_1)
               0.139010    0.000000    0.271350 ^ _107_/C (sg13g2_or3_1)
   0.010011    0.053950    0.132459    0.403809 ^ _107_/X (sg13g2_or3_1)
               0.053950    0.000000    0.403809 ^ _117_/A (sg13g2_nand2_1)
   0.005056    0.047098    0.058987    0.462797 v _117_/Y (sg13g2_nand2_1)
               0.047098    0.000000    0.462797 v _177_/B (sg13g2_xnor2_1)
   0.010000    0.081872    0.120498    0.583295 v _177_/Y (sg13g2_xnor2_1)
               0.081872    0.000000    0.583295 v sum[3] (out)
                                       0.583295   data arrival time

               0.000000  100.000000  100.000000   clock vclk (rise edge)
                           0.000000  100.000000   clock network delay (ideal)
                           0.000000  100.000000   clock reconvergence pessimism
                           0.000000  100.000000   output external delay
                                     100.000000   data required time
---------------------------------------------------------------------------------------
                                     100.000000   data required time
                                      -0.583295   data arrival time
---------------------------------------------------------------------------------------
                                      99.416702   slack (MET)


Startpoint: a[0] (input port clocked by vclk)
Endpoint: sum[2] (output port clocked by vclk)
Path Group: vclk
Path Type: max

        Cap        Slew       Delay        Time   Description
---------------------------------------------------------------------------------------
               0.000000    0.000000    0.000000   clock vclk (rise edge)
                           0.000000    0.000000   clock network delay (ideal)
                           0.000000    0.000000 v input external delay
   0.005035    0.050000    0.000000    0.000000 v a[0] (in)
               0.050000    0.000000    0.000000 v _102_/A (sg13g2_or2_1)
   0.008711    0.044708    0.126769    0.126769 v _102_/X (sg13g2_or2_1)
               0.044708    0.000000    0.126769 v _105_/B1 (sg13g2_a221oi_1)
   0.005518    0.139010    0.144581    0.271350 ^ _105_/Y (sg13g2_a221oi_1)
               0.139010    0.000000    0.271350 ^ _106_/B (sg13g2_nor2_1)
   0.005719    0.047092    0.068365    0.339715 v _106_/Y (sg13g2_nor2_1)
               0.047092    0.000000    0.339715 v _178_/A (sg13g2_xor2_1)
   0.010000    0.083305    0.123189    0.462904 v _178_/X (sg13g2_xor2_1)
               0.083305    0.000000    0.462904 v sum[2] (out)
                                       0.462904   data arrival time

               0.000000  100.000000  100.000000   clock vclk (rise edge)
                           0.000000  100.000000   clock network delay (ideal)
                           0.000000  100.000000   clock reconvergence pessimism
                           0.000000  100.000000   output external delay
                                     100.000000   data required time
---------------------------------------------------------------------------------------
                                     100.000000   data required time
                                      -0.462904   data arrival time
---------------------------------------------------------------------------------------
                                      99.537094   slack (MET)


Startpoint: a[0] (input port clocked by vclk)
Endpoint: sum[1] (output port clocked by vclk)
Path Group: vclk
Path Type: max

        Cap        Slew       Delay        Time   Description
---------------------------------------------------------------------------------------
               0.000000    0.000000    0.000000   clock vclk (rise edge)
                           0.000000    0.000000   clock network delay (ideal)
                           0.000000    0.000000 v input external delay
   0.005035    0.050000    0.000000    0.000000 v a[0] (in)
               0.050000    0.000000    0.000000 v _102_/A (sg13g2_or2_1)
   0.008711    0.044708    0.126769    0.126769 v _102_/X (sg13g2_or2_1)
               0.044708    0.000000    0.126769 v _104_/A2 (sg13g2_a21oi_1)
   0.005657    0.075954    0.091934    0.218703 ^ _104_/Y (sg13g2_a21oi_1)
               0.075954    0.000000    0.218703 ^ _180_/A (sg13g2_xnor2_1)
   0.010000    0.115664    0.123652    0.342356 ^ _180_/Y (sg13g2_xnor2_1)
               0.115664    0.000000    0.342356 ^ sum[1] (out)
                                       0.342356   data arrival time

               0.000000  100.000000  100.000000   clock vclk (rise edge)
                           0.000000  100.000000   clock network delay (ideal)
                           0.000000  100.000000   clock reconvergence pessimism
                           0.000000  100.000000   output external delay
                                     100.000000   data required time
---------------------------------------------------------------------------------------
                                     100.000000   data required time
                                      -0.342356   data arrival time
---------------------------------------------------------------------------------------
                                      99.657646   slack (MET)


Startpoint: b[0] (input port clocked by vclk)
Endpoint: sum[0] (output port clocked by vclk)
Path Group: vclk
Path Type: max

        Cap        Slew       Delay        Time   Description
---------------------------------------------------------------------------------------
               0.000000    0.000000    0.000000   clock vclk (rise edge)
                           0.000000    0.000000   clock network delay (ideal)
                           0.000000    0.000000 v input external delay
   0.004752    0.050000    0.000000    0.000000 v b[0] (in)
               0.050000    0.000000    0.000000 v _101_/B (sg13g2_and2_1)
   0.007663    0.035310    0.092840    0.092840 v _101_/X (sg13g2_and2_1)
               0.035310    0.000000    0.092840 v _103_/A_N (sg13g2_nand2b_1)
   0.005056    0.045866    0.086798    0.179639 v _103_/Y (sg13g2_nand2b_1)
               0.045866    0.000000    0.179639 v _181_/B (sg13g2_xnor2_1)
   0.010000    0.079782    0.119982    0.299621 v _181_/Y (sg13g2_xnor2_1)
               0.079782    0.000000    0.299621 v sum[0] (out)
                                       0.299621   data arrival time

               0.000000  100.000000  100.000000   clock vclk (rise edge)
                           0.000000  100.000000   clock network delay (ideal)
                           0.000000  100.000000   clock reconvergence pessimism
                           0.000000  100.000000   output external delay
                                     100.000000   data required time
---------------------------------------------------------------------------------------
                                     100.000000   data required time
                                      -0.299621   data arrival time
---------------------------------------------------------------------------------------
                                      99.700378   slack (MET)


