$ /usr/bin/time -v -o /home/duhaochen/website-trial-v1/data/spice-model-benchmark/4f39dc47ee0f73e46a8c647631866d8a/hspice/resource.txt /usr/bin/python -m spice_model_benchmark.cli /home/duhaochen/pipeline_full_collection/benchmark-inputs/4f39dc47ee0f73e46a8c647631866d8a/hspice.lib --simulator hspice --modes dc transient ac noise --output-dir /home/duhaochen/website-trial-v1/data/spice-model-benchmark/4f39dc47ee0f73e46a8c647631866d8a --dpi 120 --log-level WARNING
SPICE Model Benchmark: /home/duhaochen/pipeline_full_collection/benchmark-inputs/4f39dc47ee0f73e46a8c647631866d8a/hspice.lib
Simulators: hspice
Modes: dc, transient, ac, noise
------------------------------------------------------------

============================================================
  Running: HSPICE
  Output:  /home/duhaochen/website-trial-v1/data/spice-model-benchmark/4f39dc47ee0f73e46a8c647631866d8a/hspice
============================================================
Vgs range: -1.200V to 0.000V
Ids range: -6.950e-11A to 2.583e-05A
Selected Vgs values: [-1.2 -1.  -0.8 -0.6 -0.4 -0.2  0. ]
Vgs=-1.200V: Ids range -6.950e-11A to 2.583e-05A
Vgs=-1.000V: Ids range -3.322e-11A to 1.719e-05A
Vgs=-0.800V: Ids range -1.381e-11A to 1.006e-05A
Vgs=-0.600V: Ids range -4.433e-12A to 4.797e-06A
Vgs=-0.400V: Ids range -7.969e-13A to 1.396e-06A
Vgs=-0.200V: Ids range -2.231e-14A to 1.182e-07A
Vgs=0.000V: Ids range 4.047e-15A to 8.945e-10A
ids_variation: 4.7061138462508
ids_variation <= max_variation: False
tc: 240717198.25384971
abs(tc) <= max_tc: False
[WARNING]: Temperature effects verification failed - effects outside expected range
/home/duhaochen/spice_model_benchmark/src/spice_model_benchmark/verification_manager.py:2706: RuntimeWarning: divide by zero encountered in divide
  norm_dvg = np.abs(dvg_dt / gate_voltage[:-1])
/home/duhaochen/spice_model_benchmark/src/spice_model_benchmark/verification_manager.py:2706: RuntimeWarning: invalid value encountered in divide
  norm_dvg = np.abs(dvg_dt / gate_voltage[:-1])
norm_dvg: [1.00000000e+10 5.00000000e+09 3.33333333e+09 ... 0.00000000e+00
 0.00000000e+00 0.00000000e+00]
norm_dvd: [0. 0. 0. ... 0. 0. 0.]
norm_did: [ 7633587.78625991  7639419.40412566 11467889.90825644 ...
        0.                0.                0.        ]
[WARNING]: Quasi-static verification failed
[WARNING]: Max normalized derivatives: dVg/dt=nan, dVd/dt=0.00e+00, dId/dt=9.05e+11
/home/duhaochen/spice_model_benchmark/src/spice_model_benchmark/plot_generator.py:336: UserWarning: Attempting to set identical low and high ylims makes transformation singular; automatically expanding.
  plt.ylim(0, max_cap*1.2)  # Add 20% margin to ensure all components are visible
[INFO]: S-parameter analysis plot saved to /home/duhaochen/website-trial-v1/data/spice-model-benchmark/4f39dc47ee0f73e46a8c647631866d8a/hspice/plots/ac_cv_sparameter_analysis.png
[INFO]: S-parameter analysis plot saved to /home/duhaochen/website-trial-v1/data/spice-model-benchmark/4f39dc47ee0f73e46a8c647631866d8a/hspice/plots/ac_cv_sparameter_analysis.png
[INFO]: NQS effects plot saved to /home/duhaochen/website-trial-v1/data/spice-model-benchmark/4f39dc47ee0f73e46a8c647631866d8a/hspice/plots/ac_cv_nqs_effects.png
[WARNING]: Cannot compute correlation: constant data detected

  hspice: ✓ PASS  (213.4s)

✓ Benchmark completed: /home/duhaochen/website-trial-v1/data/spice-model-benchmark/4f39dc47ee0f73e46a8c647631866d8a/hspice
