
6. Printing statistics.

=== adder_top ===

        +----------Local Count, excluding submodules.
        |        +-Local Area, excluding submodules.
        |        | 
       18        - wires
       27        - wire bits
        5        - public wires
       14        - public wire bits
        5        - ports
       14        - port bits
       18  199.584 cells
        1   12.701   sg13g2_a21o_1
        2   18.144   sg13g2_a21oi_1
        1    9.072   sg13g2_and2_1
        1    5.443   sg13g2_inv_1
        1    7.258   sg13g2_nand2_1
        1    9.072   sg13g2_nand2b_1
        2   18.144   sg13g2_nor2b_1
        1    9.072   sg13g2_o21ai_1
        1    9.072   sg13g2_or2_1
        5   72.576   sg13g2_xnor2_1
        2    29.03   sg13g2_xor2_1

   Chip area for module '\adder_top': 199.584000
     of which used for sequential elements: 0.000000 (0.00%)

