$ /usr/bin/time -v -o /home/duhaochen/website-trial-v1/data/spice-model-benchmark/1e89562c837a7709b31a516a073b38ea/ngspice/resource.txt /usr/bin/python -m spice_model_benchmark.cli /home/duhaochen/pipeline_full_collection/benchmark-inputs/1e89562c837a7709b31a516a073b38ea/ngspice.lib --simulator ngspice --modes dc transient ac noise --output-dir /home/duhaochen/website-trial-v1/data/spice-model-benchmark/1e89562c837a7709b31a516a073b38ea --dpi 120 --log-level WARNING
/home/duhaochen/spice_model_benchmark/src/spice_model_benchmark/verification_manager.py:1557: RuntimeWarning: divide by zero encountered in divide
  tc = np.mean((d_ids / d_temp) / np.abs(i_ds[:-1]))
SPICE Model Benchmark: /home/duhaochen/pipeline_full_collection/benchmark-inputs/1e89562c837a7709b31a516a073b38ea/ngspice.lib
Simulators: ngspice
Modes: dc, transient, ac, noise
------------------------------------------------------------

============================================================
  Running: NGSPICE
  Output:  /home/duhaochen/website-trial-v1/data/spice-model-benchmark/1e89562c837a7709b31a516a073b38ea/ngspice
============================================================
Vgs range: -1.200V to 0.000V
Ids range: 0.000e+00A to 4.155e-04A
Selected Vgs values: [-1.2 -1.  -0.8 -0.6 -0.4 -0.2  0. ]
Vgs=-1.200V: Ids range 0.000e+00A to 4.155e-04A
Vgs=-1.000V: Ids range 0.000e+00A to 2.605e-04A
Vgs=-0.800V: Ids range 0.000e+00A to 1.337e-04A
Vgs=-0.600V: Ids range 0.000e+00A to 4.341e-05A
Vgs=-0.400V: Ids range 0.000e+00A to 2.075e-06A
Vgs=-0.200V: Ids range 0.000e+00A to 3.535e-08A
Vgs=0.000V: Ids range 9.864e-14A to 3.263e-10A
ids_variation: 6.011208555679366
ids_variation <= max_variation: False
tc: inf
abs(tc) <= max_tc: False
[WARNING]: Temperature effects verification failed - effects outside expected range
/home/duhaochen/spice_model_benchmark/src/spice_model_benchmark/verification_manager.py:1817: RuntimeWarning: divide by zero encountered in log
  log_ids = np.log(np.abs(i_ds))
/home/duhaochen/.local/lib/python3.9/site-packages/numpy/lib/function_base.py:2742: RuntimeWarning: invalid value encountered in subtract
  X -= avg[:, None]
/home/duhaochen/spice_model_benchmark/src/spice_model_benchmark/verification_manager.py:1862: RuntimeWarning: divide by zero encountered in divide
  efficiency = np.abs(gm / i_ds)  # Transconductance efficiency
[INFO]: S-parameter analysis plot saved to /home/duhaochen/website-trial-v1/data/spice-model-benchmark/1e89562c837a7709b31a516a073b38ea/ngspice/plots/ac_cv_sparameter_analysis.png
[INFO]: NQS effects plot saved to /home/duhaochen/website-trial-v1/data/spice-model-benchmark/1e89562c837a7709b31a516a073b38ea/ngspice/plots/ac_cv_nqs_effects.png
[INFO]: S-parameter analysis plot saved to /home/duhaochen/website-trial-v1/data/spice-model-benchmark/1e89562c837a7709b31a516a073b38ea/ngspice/plots/ac_cv_sparameter_analysis.png
norm_dvg: [2.50000000e+11 1.25000000e+11 6.25000000e+10 3.12500000e+10
 1.56250000e+10 8.80751724e+09 7.79303832e+09 6.94689392e+09
 6.29790457e+09 5.68266263e+09 5.34908890e+09 4.94719034e+09
 4.57405525e+09 4.17207622e+09 3.77018885e+09 3.37874653e+09
 3.14957412e+09 2.99636541e+09 2.86111314e+09 2.72973873e+09
 2.60406042e+09 2.48030577e+09 2.45440828e+09 2.42941140e+09
 2.40954594e+09 2.38494058e+09 2.35877226e+09 2.32922637e+09
 2.31191475e+09 2.30155509e+09 2.29088194e+09 2.27616138e+09
 2.26094184e+09 2.24796364e+09 2.23315312e+09 2.21538004e+09
 2.20351613e+09 2.19229278e+09 2.17888064e+09 2.16227430e+09
 2.14901525e+09 2.13394534e+09 2.11755452e+09 2.09848201e+09
 2.07428636e+09 2.04115921e+09 2.00000052e+09 1.99486986e+09
 1.98468775e+09 1.96463347e+09 1.92571553e+09 1.85232930e+09
 1.72114833e+09 1.50761175e+09 1.20789383e+09 1.00000033e+09
 9.94900582e+08 9.84855005e+08 9.65361732e+08 9.28601502e+08
 8.62885464e+08 7.55897591e+08 6.05698303e+08 4.33444631e+08
 3.21843546e+08 2.55944323e+08 2.12445041e+08 1.81583784e+08
 1.63077268e+08 1.46294006e+08 1.34101160e+08 1.24263082e+08
 1.15118139e+08 1.05410419e+08 1.00066402e+08 9.52367871e+07
 9.52053065e+07 9.51392525e+07 9.50076906e+07 9.47453846e+07
 9.42254014e+07 9.32021743e+07 9.30321107e+07 9.26937134e+07
 9.25784182e+07 9.24151540e+07 9.22777127e+07 9.21481522e+07
 9.19995747e+07 9.18582529e+07 9.17075416e+07 9.16689889e+07
 9.16370702e+07 9.16042148e+07 9.15634023e+07 9.15240469e+07
 9.14828493e+07 9.14648392e+07 9.14450396e+07 9.14291519e+07
 9.14048209e+07 9.13770001e+07 9.13495900e+07 9.13175566e+07
 9.12962539e+07 9.12738320e+07 9.12508684e+07 9.12232739e+07
 9.12010920e+07 9.11746261e+07 9.11427022e+07 9.11067240e+07
 9.10587609e+07 9.09939674e+07 9.09079082e+07 9.09002786e+07
 9.08776353e+07 9.08343007e+07 9.07507041e+07 9.05820248e+07
 9.02469052e+07 8.95841047e+07 8.82871554e+07 8.70481815e+07
 8.65217641e+07 8.61209659e+07 8.58792389e+07 8.56641122e+07
 8.54479096e+07 8.51937352e+07 8.49930095e+07 8.47546214e+07
 8.44998149e+07 8.41235281e+07 8.37266651e+07 8.33329515e+07
 8.32829464e+07 8.31821649e+07 8.29811894e+07 8.25824905e+07
 8.17963092e+07 8.02680697e+07 7.73767423e+07 7.28662216e+07
 6.88525987e+07 6.52580496e+07 6.20201908e+07 5.90884542e+07
 5.64213729e+07 5.39846692e+07 5.19159854e+07 0.00000000e+00
 0.00000000e+00 0.00000000e+00 0.00000000e+00 0.00000000e+00
 0.00000000e+00 0.00000000e+00 0.00000000e+00 0.00000000e+00
 0.00000000e+00 0.00000000e+00 0.00000000e+00 0.00000000e+00
 0.00000000e+00 0.00000000e+00 0.00000000e+00 0.00000000e+00
 0.00000000e+00 0.00000000e+00 0.00000000e+00 0.00000000e+00
 0.00000000e+00 0.00000000e+00 0.00000000e+00 0.00000000e+00
 0.00000000e+00 0.00000000e+00 0.00000000e+00 0.00000000e+00
 0.00000000e+00 0.00000000e+00 0.00000000e+00 0.00000000e+00
 0.00000000e+00 0.00000000e+00 0.00000000e+00 0.00000000e+00
 0.00000000e+00 0.00000000e+00 0.00000000e+00 0.00000000e+00
 0.00000000e+00 0.00000000e+00 0.00000000e+00 0.00000000e+00
 0.00000000e+00 0.00000000e+00 0.00000000e+00 0.00000000e+00
 0.00000000e+00 0.00000000e+00 0.00000000e+00 0.00000000e+00
 0.00000000e+00 0.00000000e+00 0.00000000e+00 0.00000000e+00
 0.00000000e+00 0.00000000e+00 0.00000000e+00 0.00000000e+00
 0.00000000e+00 0.00000000e+00 0.00000000e+00 0.00000000e+00
 0.00000000e+00 0.00000000e+00 0.00000000e+00 0.00000000e+00
 0.00000000e+00 0.00000000e+00 0.00000000e+00 0.00000000e+00
 0.00000000e+00 0.00000000e+00 0.00000000e+00 0.00000000e+00
 0.00000000e+00 0.00000000e+00 0.00000000e+00 0.00000000e+00
 0.00000000e+00 0.00000000e+00 0.00000000e+00 0.00000000e+00
 0.00000000e+00 0.00000000e+00 0.00000000e+00 0.00000000e+00
 0.00000000e+00 0.00000000e+00 0.00000000e+00 0.00000000e+00
 0.00000000e+00 0.00000000e+00 0.00000000e+00 0.00000000e+00
 0.00000000e+00 0.00000000e+00 0.00000000e+00 0.00000000e+00
 0.00000000e+00 0.00000000e+00 0.00000000e+00 0.00000000e+00
 0.00000000e+00 0.00000000e+00 0.00000000e+00 0.00000000e+00
 0.00000000e+00 0.00000000e+00 0.00000000e+00 0.00000000e+00
 0.00000000e+00 0.00000000e+00 0.00000000e+00 0.00000000e+00
 0.00000000e+00 0.00000000e+00 0.00000000e+00 0.00000000e+00
 0.00000000e+00 0.00000000e+00 0.00000000e+00 0.00000000e+00
 0.00000000e+00 0.00000000e+00 0.00000000e+00 0.00000000e+00
 0.00000000e+00 0.00000000e+00 0.00000000e+00 0.00000000e+00
 0.00000000e+00 0.00000000e+00 0.00000000e+00 0.00000000e+00
 0.00000000e+00 0.00000000e+00 0.00000000e+00 0.00000000e+00
 0.00000000e+00 0.00000000e+00 0.00000000e+00 0.00000000e+00
 0.00000000e+00 0.00000000e+00 0.00000000e+00 0.00000000e+00
 0.00000000e+00 0.00000000e+00 0.00000000e+00 0.00000000e+00]
norm_dvd: [0. 0. 0. 0. 0. 0. 0. 0. 0. 0. 0. 0. 0. 0. 0. 0. 0. 0. 0. 0. 0. 0. 0. 0.
 0. 0. 0. 0. 0. 0. 0. 0. 0. 0. 0. 0. 0. 0. 0. 0. 0. 0. 0. 0. 0. 0. 0. 0.
 0. 0. 0. 0. 0. 0. 0. 0. 0. 0. 0. 0. 0. 0. 0. 0. 0. 0. 0. 0. 0. 0. 0. 0.
 0. 0. 0. 0. 0. 0. 0. 0. 0. 0. 0. 0. 0. 0. 0. 0. 0. 0. 0. 0. 0. 0. 0. 0.
 0. 0. 0. 0. 0. 0. 0. 0. 0. 0. 0. 0. 0. 0. 0. 0. 0. 0. 0. 0. 0. 0. 0. 0.
 0. 0. 0. 0. 0. 0. 0. 0. 0. 0. 0. 0. 0. 0. 0. 0. 0. 0. 0. 0. 0. 0. 0. 0.
 0. 0. 0. 0. 0. 0. 0. 0. 0. 0. 0. 0. 0. 0. 0. 0. 0. 0. 0. 0. 0. 0. 0. 0.
 0. 0. 0. 0. 0. 0. 0. 0. 0. 0. 0. 0. 0. 0. 0. 0. 0. 0. 0. 0. 0. 0. 0. 0.
 0. 0. 0. 0. 0. 0. 0. 0. 0. 0. 0. 0. 0. 0. 0. 0. 0. 0. 0. 0. 0. 0. 0. 0.
 0. 0. 0. 0. 0. 0. 0. 0. 0. 0. 0. 0. 0. 0. 0. 0. 0. 0. 0. 0. 0. 0. 0. 0.
 0. 0. 0. 0. 0. 0. 0. 0. 0. 0. 0. 0. 0. 0. 0. 0. 0. 0. 0. 0. 0. 0. 0. 0.
 0. 0. 0. 0. 0. 0. 0. 0. 0. 0. 0. 0. 0. 0. 0. 0. 0. 0. 0. 0. 0. 0. 0. 0.
 0. 0. 0. 0. 0. 0. 0. 0. 0. 0. 0. 0. 0. 0. 0. 0.]
norm_did: [8.98991443e+04 1.31050114e+05 9.27479303e+04 9.62297917e+04
 1.03769594e+05 1.27471379e+05 1.19896437e+05 1.21548510e+05
 1.25210567e+05 1.31071248e+05 1.32391920e+05 1.36678659e+05
 1.41615931e+05 1.48073432e+05 1.56738234e+05 1.69794341e+05
 1.76883243e+05 1.80089071e+05 1.85465727e+05 1.91920717e+05
 1.99031818e+05 2.22634257e+05 2.07782694e+05 2.08922629e+05
 2.09365064e+05 2.11208017e+05 2.13777440e+05 2.15837489e+05
 2.18453860e+05 2.17689735e+05 2.18866110e+05 2.20899862e+05
 2.20148859e+05 2.23156700e+05 2.24141612e+05 2.25036703e+05
 2.26737408e+05 2.29059690e+05 2.28452160e+05 2.30736156e+05
 2.32707164e+05 2.33161120e+05 2.35987640e+05 2.37800779e+05
 2.40133293e+05 2.45124256e+05 4.72628750e+04 3.60379541e+05
 2.51083825e+05 2.54037449e+05 2.60436936e+05 2.73358848e+05
 3.01417513e+05 3.65531976e+05 5.30527944e+05 3.76055557e+06
 1.01000629e+06 7.19837755e+05 7.55633467e+05 8.32776113e+05
 1.00960257e+06 1.47323385e+06 3.03836377e+06 1.11858412e+07
 5.22706557e+07 2.11125729e+08 7.41600578e+08 9.68572790e+08
 1.55262457e+09 7.30163757e+10 2.80817103e+09 1.46145614e+09
 9.55215996e+08 6.25083182e+08 5.16629083e+08 4.34660610e+08
 4.24713370e+08 4.24338544e+08 4.23049537e+08 4.20492381e+08
 4.15467563e+08 4.00044354e+08 3.98478862e+08 3.93736896e+08
 3.92519768e+08 3.90522823e+08 3.88890083e+08 3.87434457e+08
 3.85701123e+08 3.84097821e+08 3.82051159e+08 3.81607857e+08
 3.81206101e+08 3.80869331e+08 3.80426790e+08 3.79955261e+08
 3.79463134e+08 3.79211889e+08 3.79020626e+08 3.78842916e+08
 3.78599864e+08 3.78258047e+08 3.77978578e+08 3.77603806e+08
 3.77330545e+08 3.77116070e+08 3.76858223e+08 3.76547101e+08
 3.76308939e+08 3.76020717e+08 3.75677557e+08 3.75311226e+08
 3.74828582e+08 3.74177518e+08 3.73412081e+08 3.72744524e+08
 3.72762918e+08 3.72416465e+08 3.71736378e+08 3.70375983e+08
 3.67688140e+08 3.62435682e+08 3.48936114e+08 3.34930986e+08
 3.29641757e+08 3.25529889e+08 3.23251070e+08 3.21308946e+08
 3.19462640e+08 3.17069572e+08 3.15389752e+08 3.13343745e+08
 3.11427652e+08 3.08247539e+08 3.04874949e+08 3.01013172e+08
 3.00358198e+08 2.99878517e+08 2.98695268e+08 2.96359890e+08
 2.91803317e+08 2.83117850e+08 2.65652281e+08 2.34771499e+08
 2.10319174e+08 1.90390797e+08 1.73792682e+08 1.59731313e+08
 1.47655171e+08 1.36975301e+08 1.28473882e+08 1.04112074e+09
 0.00000000e+00 0.00000000e+00 0.00000000e+00 0.00000000e+00
 0.00000000e+00 0.00000000e+00 0.00000000e+00 0.00000000e+00
 0.00000000e+00 0.00000000e+00 0.00000000e+00 0.00000000e+00
 0.00000000e+00 0.00000000e+00 0.00000000e+00 0.00000000e+00
 0.00000000e+00 0.00000000e+00 0.00000000e+00 0.00000000e+00
 0.00000000e+00 0.00000000e+00 0.00000000e+00 0.00000000e+00
 0.00000000e+00 0.00000000e+00 0.00000000e+00 0.00000000e+00
 0.00000000e+00 0.00000000e+00 0.00000000e+00 0.00000000e+00
 0.00000000e+00 0.00000000e+00 0.00000000e+00 0.00000000e+00
 0.00000000e+00 0.00000000e+00 0.00000000e+00 0.00000000e+00
 0.00000000e+00 0.00000000e+00 0.00000000e+00 0.00000000e+00
 0.00000000e+00 0.00000000e+00 0.00000000e+00 0.00000000e+00
 0.00000000e+00 0.00000000e+00 0.00000000e+00 0.00000000e+00
 0.00000000e+00 0.00000000e+00 0.00000000e+00 0.00000000e+00
 0.00000000e+00 0.00000000e+00 0.00000000e+00 0.00000000e+00
 0.00000000e+00 0.00000000e+00 0.00000000e+00 0.00000000e+00
 0.00000000e+00 0.00000000e+00 0.00000000e+00 0.00000000e+00
 0.00000000e+00 0.00000000e+00 0.00000000e+00 0.00000000e+00
 0.00000000e+00 0.00000000e+00 0.00000000e+00 0.00000000e+00
 0.00000000e+00 0.00000000e+00 0.00000000e+00 0.00000000e+00
 0.00000000e+00 0.00000000e+00 0.00000000e+00 0.00000000e+00
 0.00000000e+00 0.00000000e+00 0.00000000e+00 0.00000000e+00
 0.00000000e+00 0.00000000e+00 0.00000000e+00 0.00000000e+00
 0.00000000e+00 0.00000000e+00 0.00000000e+00 0.00000000e+00
 0.00000000e+00 0.00000000e+00 0.00000000e+00 0.00000000e+00
 0.00000000e+00 0.00000000e+00 0.00000000e+00 0.00000000e+00
 0.00000000e+00 0.00000000e+00 0.00000000e+00 0.00000000e+00
 0.00000000e+00 0.00000000e+00 0.00000000e+00 0.00000000e+00
 0.00000000e+00 0.00000000e+00 0.00000000e+00 0.00000000e+00
 0.00000000e+00 0.00000000e+00 0.00000000e+00 0.00000000e+00
 0.00000000e+00 0.00000000e+00 0.00000000e+00 0.00000000e+00
 0.00000000e+00 0.00000000e+00 0.00000000e+00 0.00000000e+00
 0.00000000e+00 0.00000000e+00 0.00000000e+00 0.00000000e+00
 0.00000000e+00 0.00000000e+00 0.00000000e+00 0.00000000e+00
 0.00000000e+00 0.00000000e+00 0.00000000e+00 0.00000000e+00
 0.00000000e+00 0.00000000e+00 0.00000000e+00 0.00000000e+00
 0.00000000e+00 0.00000000e+00 0.00000000e+00 0.00000000e+00
 0.00000000e+00 0.00000000e+00 0.00000000e+00 0.00000000e+00]
[WARNING]: Quasi-static verification failed
[WARNING]: Max normalized derivatives: dVg/dt=2.50e+11, dVd/dt=0.00e+00, dId/dt=7.30e+10

  ngspice: ✓ PASS  (78.7s)

✓ Benchmark completed: /home/duhaochen/website-trial-v1/data/spice-model-benchmark/1e89562c837a7709b31a516a073b38ea/ngspice
