
6. Printing statistics.

=== adder_top ===

        +----------Local Count, excluding submodules.
        |        +-Local Area, excluding submodules.
        |        | 
      133        - wires
      226        - wire bits
        5        - public wires
       98        - public wire bits
        5        - ports
       98        - port bits
      161 3.39E+03 cells
       27  474.163   gf180mcu_fd_sc_mcu7t5v0__and2_1
        3   52.685   gf180mcu_fd_sc_mcu7t5v0__aoi21_1
       19  166.835   gf180mcu_fd_sc_mcu7t5v0__clkinv_1
        6   65.856   gf180mcu_fd_sc_mcu7t5v0__nand2_1
        1   15.366   gf180mcu_fd_sc_mcu7t5v0__nand3_1
       16  210.739   gf180mcu_fd_sc_mcu7t5v0__nor2_1
       13  228.301   gf180mcu_fd_sc_mcu7t5v0__nor3_1
       29  509.286   gf180mcu_fd_sc_mcu7t5v0__oai21_1
        1   17.562   gf180mcu_fd_sc_mcu7t5v0__or2_1
       28  737.587   gf180mcu_fd_sc_mcu7t5v0__xor2_1
       18  908.813   gf180mcu_fd_sc_mcu7t5v0__xor3_1

   Chip area for module '\adder_top': 3387.193600
     of which used for sequential elements: 0.000000 (0.00%)

