$ /usr/bin/time -v -o /home/duhaochen/website-trial-v1/data/spice-model-benchmark/a7c738730e05900a23f8e8ff30cf3c28/hspice/resource.txt /usr/bin/python -m spice_model_benchmark.cli /home/duhaochen/pipeline_full_collection/benchmark-inputs/a7c738730e05900a23f8e8ff30cf3c28/hspice.lib --simulator hspice --modes dc transient ac noise --output-dir /home/duhaochen/website-trial-v1/data/spice-model-benchmark/a7c738730e05900a23f8e8ff30cf3c28 --dpi 120 --log-level WARNING
SPICE Model Benchmark: /home/duhaochen/pipeline_full_collection/benchmark-inputs/a7c738730e05900a23f8e8ff30cf3c28/hspice.lib
Simulators: hspice
Modes: dc, transient, ac, noise
------------------------------------------------------------

============================================================
  Running: HSPICE
  Output:  /home/duhaochen/website-trial-v1/data/spice-model-benchmark/a7c738730e05900a23f8e8ff30cf3c28/hspice
============================================================
Vgs range: 0.000V to 1.200V
Ids range: -4.438e-04A to 1.341e-15A
Selected Vgs values: [0.  0.2 0.4 0.6 0.8 1.  1.2]
Vgs=0.000V: Ids range -6.072e-10A to -5.710e-14A
Vgs=0.200V: Ids range -1.121e-08A to 3.822e-23A
Vgs=0.400V: Ids range -1.873e-07A to 1.956e-20A
Vgs=0.600V: Ids range -2.574e-06A to 6.394e-18A
Vgs=0.800V: Ids range -3.149e-05A to 1.336e-16A
Vgs=1.000V: Ids range -1.809e-04A to 5.018e-16A
Vgs=1.200V: Ids range -4.438e-04A to 1.341e-15A
ids_variation: 7.354425710634682
ids_variation <= max_variation: False
tc: 3.486971807559737e+17
abs(tc) <= max_tc: False
[WARNING]: Temperature effects verification failed - effects outside expected range
/home/duhaochen/spice_model_benchmark/src/spice_model_benchmark/verification_manager.py:2706: RuntimeWarning: divide by zero encountered in divide
  norm_dvg = np.abs(dvg_dt / gate_voltage[:-1])
/home/duhaochen/spice_model_benchmark/src/spice_model_benchmark/verification_manager.py:2706: RuntimeWarning: invalid value encountered in divide
  norm_dvg = np.abs(dvg_dt / gate_voltage[:-1])
norm_dvg: [1.00000000e+10 5.00000000e+09 3.33333333e+09 ... 0.00000000e+00
 0.00000000e+00 0.00000000e+00]
norm_dvd: [0. 0. 0. ... 0. 0. 0.]
norm_did: [10201.27702498 85982.27978101 78696.32255001 ...  2982.29174908
     0.             0.        ]
[WARNING]: Quasi-static verification failed
[WARNING]: Max normalized derivatives: dVg/dt=nan, dVd/dt=0.00e+00, dId/dt=3.09e+13
/home/duhaochen/spice_model_benchmark/src/spice_model_benchmark/plot_generator.py:336: UserWarning: Attempting to set identical low and high ylims makes transformation singular; automatically expanding.
  plt.ylim(0, max_cap*1.2)  # Add 20% margin to ensure all components are visible
[INFO]: S-parameter analysis plot saved to /home/duhaochen/website-trial-v1/data/spice-model-benchmark/a7c738730e05900a23f8e8ff30cf3c28/hspice/plots/ac_cv_sparameter_analysis.png
[INFO]: S-parameter analysis plot saved to /home/duhaochen/website-trial-v1/data/spice-model-benchmark/a7c738730e05900a23f8e8ff30cf3c28/hspice/plots/ac_cv_sparameter_analysis.png
[INFO]: NQS effects plot saved to /home/duhaochen/website-trial-v1/data/spice-model-benchmark/a7c738730e05900a23f8e8ff30cf3c28/hspice/plots/ac_cv_nqs_effects.png
[WARNING]: Cannot compute correlation: constant data detected

  hspice: ✓ PASS  (202.1s)

✓ Benchmark completed: /home/duhaochen/website-trial-v1/data/spice-model-benchmark/a7c738730e05900a23f8e8ff30cf3c28/hspice
