
6. Printing statistics.

=== adder_top ===

        +----------Local Count, excluding submodules.
        |        +-Local Area, excluding submodules.
        |        | 
      113        - wires
      158        - wire bits
        5        - public wires
       50        - public wire bits
        5        - ports
       50        - port bits
      125  327.571 cells
       14   32.851   AND2X1
        7   19.711   AOI21X1
        1    3.285   AOI22X1
        8   11.263   INVX1
       35   65.702   NAND2X1
        9   21.118   NAND3X1
        4    9.386   NOR2X1
        1    2.816   NOR3X1
       14   39.421   OAI21X1
       12   28.158   OR2X1
        9   42.237   XNOR2X1
       11   51.623   XOR2X1

   Chip area for module '\adder_top': 327.571400
     of which used for sequential elements: 0.000000 (0.00%)

