OpenSTA 3.1.0 543361765b Copyright (c) 2026, Parallax Software, Inc.
License GPLv3: GNU GPL version 3 <http://gnu.org/licenses/gpl.html>

This is free software, and you are free to change and redistribute it
under certain conditions; type `show_copying' for details. 
This program comes with ABSOLUTELY NO WARRANTY; for details type `show_warranty'.
Startpoint: b[0] (input port clocked by vclk)
Endpoint: sum[14] (output port clocked by vclk)
Path Group: vclk
Path Type: max

        Cap        Slew       Delay        Time   Description
---------------------------------------------------------------------------------------
               0.000000    0.000000    0.000000   clock vclk (rise edge)
                           0.000000    0.000000   clock network delay (ideal)
                           0.000000    0.000000 ^ input external delay
   0.012401    0.050000    0.000000    0.000000 ^ b[0] (in)
               0.050000    0.000000    0.000000 ^ _132_/B (XOR2X1)
   0.008314    0.070489    0.072611    0.072611 ^ _132_/Y (XOR2X1)
               0.070489    0.000000    0.072611 ^ _133_/B (AOI21X1)
   0.002679    0.017243    0.039600    0.112212 v _133_/Y (AOI21X1)
               0.017243    0.000000    0.112212 v _136_/B (AOI21X1)
   0.007725    0.053465    0.049726    0.161938 ^ _136_/Y (AOI21X1)
               0.053465    0.000000    0.161938 ^ _142_/B (AOI21X1)
   0.005858    0.025339    0.040965    0.202903 v _142_/Y (AOI21X1)
               0.025339    0.000000    0.202903 v _144_/C (NOR3X1)
   0.002742    0.052932    0.028749    0.231652 ^ _144_/Y (NOR3X1)
               0.052932    0.000000    0.231652 ^ _151_/A (OAI21X1)
   0.007189    0.020085    0.034817    0.266469 v _151_/Y (OAI21X1)
               0.020085    0.000000    0.266469 v _160_/A (OAI21X1)
   0.008137    0.069306    0.063251    0.329719 ^ _160_/Y (OAI21X1)
               0.069306    0.000000    0.329719 ^ _170_/A (AOI21X1)
   0.007189    0.028951    0.038717    0.368437 v _170_/Y (AOI21X1)
               0.028951    0.000000    0.368437 v _178_/A (OAI21X1)
   0.008627    0.070775    0.066833    0.435270 ^ _178_/Y (OAI21X1)
               0.070775    0.000000    0.435270 ^ _179_/C (NAND3X1)
   0.002600    0.015779    0.024964    0.460234 v _179_/Y (NAND3X1)
               0.015779    0.000000    0.460234 v _181_/B (NAND3X1)
   0.005001    0.049982    0.042610    0.502844 ^ _181_/Y (NAND3X1)
               0.049982    0.000000    0.502844 ^ _185_/A (XNOR2X1)
   0.010000    0.075691    0.064955    0.567800 ^ _185_/Y (XNOR2X1)
               0.075691    0.000000    0.567800 ^ sum[14] (out)
                                       0.567800   data arrival time

               0.000000  100.000000  100.000000   clock vclk (rise edge)
                           0.000000  100.000000   clock network delay (ideal)
                           0.000000  100.000000   clock reconvergence pessimism
                           0.000000  100.000000   output external delay
                                     100.000000   data required time
---------------------------------------------------------------------------------------
                                     100.000000   data required time
                                      -0.567800   data arrival time
---------------------------------------------------------------------------------------
                                      99.432198   slack (MET)


Startpoint: a[0] (input port clocked by vclk)
Endpoint: sum[15] (output port clocked by vclk)
Path Group: vclk
Path Type: max

        Cap        Slew       Delay        Time   Description
---------------------------------------------------------------------------------------
               0.000000    0.000000    0.000000   clock vclk (rise edge)
                           0.000000    0.000000   clock network delay (ideal)
                           0.000000    0.000000 v input external delay
   0.010961    0.050000    0.000000    0.000000 v a[0] (in)
               0.050000    0.000000    0.000000 v _131_/A (NOR2X1)
   0.002832    0.025740    0.040177    0.040177 ^ _131_/Y (NOR2X1)
               0.025740    0.000000    0.040177 ^ _134_/B (OAI21X1)
   0.007249    0.017148    0.027759    0.067936 v _134_/Y (OAI21X1)
               0.017148    0.000000    0.067936 v _135_/B (OAI21X1)
   0.005574    0.057711    0.052047    0.119983 ^ _135_/Y (OAI21X1)
               0.057711    0.000000    0.119983 ^ _143_/B (OAI21X1)
   0.002832    0.005267    0.026927    0.146910 v _143_/Y (OAI21X1)
               0.005267    0.000000    0.146910 v _145_/C (NAND3X1)
   0.007043    0.059399    0.043448    0.190358 ^ _145_/Y (NAND3X1)
               0.059399    0.000000    0.190358 ^ _189_/B (AOI21X1)
   0.004781    0.022599    0.040544    0.230902 v _189_/Y (AOI21X1)
               0.022599    0.000000    0.230902 v _195_/A (OAI21X1)
   0.004943    0.054122    0.053532    0.284433 ^ _195_/Y (OAI21X1)
               0.054122    0.000000    0.284433 ^ _202_/B (OAI21X1)
   0.007912    0.021511    0.035081    0.319514 v _202_/Y (OAI21X1)
               0.021511    0.000000    0.319514 v _203_/C (NAND3X1)
   0.004852    0.048629    0.040893    0.360407 ^ _203_/Y (NAND3X1)
               0.048629    0.000000    0.360407 ^ _227_/A (AOI21X1)
   0.004930    0.023212    0.029732    0.390139 v _227_/Y (AOI21X1)
               0.023212    0.000000    0.390139 v _229_/B (OAI21X1)
   0.005589    0.056844    0.053451    0.443591 ^ _229_/Y (OAI21X1)
               0.056844    0.000000    0.443591 ^ _230_/B (XNOR2X1)
   0.010000    0.075995    0.078804    0.522395 ^ _230_/Y (XNOR2X1)
               0.075995    0.000000    0.522395 ^ sum[15] (out)
                                       0.522395   data arrival time

               0.000000  100.000000  100.000000   clock vclk (rise edge)
                           0.000000  100.000000   clock network delay (ideal)
                           0.000000  100.000000   clock reconvergence pessimism
                           0.000000  100.000000   output external delay
                                     100.000000   data required time
---------------------------------------------------------------------------------------
                                     100.000000   data required time
                                      -0.522395   data arrival time
---------------------------------------------------------------------------------------
                                      99.477600   slack (MET)


Startpoint: b[0] (input port clocked by vclk)
Endpoint: sum[12] (output port clocked by vclk)
Path Group: vclk
Path Type: max

        Cap        Slew       Delay        Time   Description
---------------------------------------------------------------------------------------
               0.000000    0.000000    0.000000   clock vclk (rise edge)
                           0.000000    0.000000   clock network delay (ideal)
                           0.000000    0.000000 ^ input external delay
   0.012401    0.050000    0.000000    0.000000 ^ b[0] (in)
               0.050000    0.000000    0.000000 ^ _132_/B (XOR2X1)
   0.008314    0.070489    0.072611    0.072611 ^ _132_/Y (XOR2X1)
               0.070489    0.000000    0.072611 ^ _133_/B (AOI21X1)
   0.002679    0.017243    0.039600    0.112212 v _133_/Y (AOI21X1)
               0.017243    0.000000    0.112212 v _136_/B (AOI21X1)
   0.007725    0.053465    0.049726    0.161938 ^ _136_/Y (AOI21X1)
               0.053465    0.000000    0.161938 ^ _142_/B (AOI21X1)
   0.005858    0.025339    0.040965    0.202903 v _142_/Y (AOI21X1)
               0.025339    0.000000    0.202903 v _144_/C (NOR3X1)
   0.002742    0.052932    0.028749    0.231652 ^ _144_/Y (NOR3X1)
               0.052932    0.000000    0.231652 ^ _151_/A (OAI21X1)
   0.007189    0.020085    0.034817    0.266469 v _151_/Y (OAI21X1)
               0.020085    0.000000    0.266469 v _160_/A (OAI21X1)
   0.008137    0.069306    0.063251    0.329719 ^ _160_/Y (OAI21X1)
               0.069306    0.000000    0.329719 ^ _170_/A (AOI21X1)
   0.007189    0.028951    0.038717    0.368437 v _170_/Y (AOI21X1)
               0.028951    0.000000    0.368437 v _178_/A (OAI21X1)
   0.008627    0.070775    0.066833    0.435270 ^ _178_/Y (OAI21X1)
               0.070775    0.000000    0.435270 ^ _208_/B (XOR2X1)
   0.010000    0.079526    0.080102    0.515372 ^ _208_/Y (XOR2X1)
               0.079526    0.000000    0.515372 ^ sum[12] (out)
                                       0.515372   data arrival time

               0.000000  100.000000  100.000000   clock vclk (rise edge)
                           0.000000  100.000000   clock network delay (ideal)
                           0.000000  100.000000   clock reconvergence pessimism
                           0.000000  100.000000   output external delay
                                     100.000000   data required time
---------------------------------------------------------------------------------------
                                     100.000000   data required time
                                      -0.515372   data arrival time
---------------------------------------------------------------------------------------
                                      99.484627   slack (MET)


Startpoint: cin (input port clocked by vclk)
Endpoint: cout (output port clocked by vclk)
Path Group: vclk
Path Type: max

        Cap        Slew       Delay        Time   Description
---------------------------------------------------------------------------------------
               0.000000    0.000000    0.000000   clock vclk (rise edge)
                           0.000000    0.000000   clock network delay (ideal)
                           0.000000    0.000000 ^ input external delay
   0.004292    0.050000    0.000000    0.000000 ^ cin (in)
               0.050000    0.000000    0.000000 ^ _108_/A (INVX1)
   0.007189    0.023867    0.036772    0.036772 v _108_/Y (INVX1)
               0.023867    0.000000    0.036772 v _134_/A (OAI21X1)
   0.007833    0.067531    0.063127    0.099899 ^ _134_/Y (OAI21X1)
               0.067531    0.000000    0.099899 ^ _135_/B (OAI21X1)
   0.005198    0.013531    0.033216    0.133114 v _135_/Y (OAI21X1)
               0.013531    0.000000    0.133114 v _143_/B (OAI21X1)
   0.002961    0.045325    0.042884    0.175998 ^ _143_/Y (OAI21X1)
               0.045325    0.000000    0.175998 ^ _145_/C (NAND3X1)
   0.006494    0.025878    0.025541    0.201539 v _145_/Y (NAND3X1)
               0.025878    0.000000    0.201539 v _189_/B (AOI21X1)
   0.004985    0.040390    0.043175    0.244714 ^ _189_/Y (AOI21X1)
               0.040390    0.000000    0.244714 ^ _195_/A (OAI21X1)
   0.004517    0.012498    0.026812    0.271526 v _195_/Y (OAI21X1)
               0.012498    0.000000    0.271526 v _202_/B (OAI21X1)
   0.008627    0.071376    0.060773    0.332299 ^ _202_/Y (OAI21X1)
               0.071376    0.000000    0.332299 ^ _203_/C (NAND3X1)
   0.004450    0.019739    0.028203    0.360501 v _203_/Y (NAND3X1)
               0.019739    0.000000    0.360501 v _227_/A (AOI21X1)
   0.005197    0.041262    0.048024    0.408525 ^ _227_/Y (AOI21X1)
               0.041262    0.000000    0.408525 ^ _228_/B (NOR2X1)
   0.002573    0.003974    0.021304    0.429829 v _228_/Y (NOR2X1)
               0.003974    0.000000    0.429829 v _232_/A (OAI21X1)
   0.010000    0.079494    0.065596    0.495425 ^ _232_/Y (OAI21X1)
               0.079494    0.000000    0.495425 ^ cout (out)
                                       0.495425   data arrival time

               0.000000  100.000000  100.000000   clock vclk (rise edge)
                           0.000000  100.000000   clock network delay (ideal)
                           0.000000  100.000000   clock reconvergence pessimism
                           0.000000  100.000000   output external delay
                                     100.000000   data required time
---------------------------------------------------------------------------------------
                                     100.000000   data required time
                                      -0.495425   data arrival time
---------------------------------------------------------------------------------------
                                      99.504570   slack (MET)


Startpoint: cin (input port clocked by vclk)
Endpoint: sum[13] (output port clocked by vclk)
Path Group: vclk
Path Type: max

        Cap        Slew       Delay        Time   Description
---------------------------------------------------------------------------------------
               0.000000    0.000000    0.000000   clock vclk (rise edge)
                           0.000000    0.000000   clock network delay (ideal)
                           0.000000    0.000000 ^ input external delay
   0.004292    0.050000    0.000000    0.000000 ^ cin (in)
               0.050000    0.000000    0.000000 ^ _108_/A (INVX1)
   0.007189    0.023867    0.036772    0.036772 v _108_/Y (INVX1)
               0.023867    0.000000    0.036772 v _134_/A (OAI21X1)
   0.007833    0.067531    0.063127    0.099899 ^ _134_/Y (OAI21X1)
               0.067531    0.000000    0.099899 ^ _135_/B (OAI21X1)
   0.005198    0.013531    0.033216    0.133114 v _135_/Y (OAI21X1)
               0.013531    0.000000    0.133114 v _143_/B (OAI21X1)
   0.002961    0.045325    0.042884    0.175998 ^ _143_/Y (OAI21X1)
               0.045325    0.000000    0.175998 ^ _145_/C (NAND3X1)
   0.006494    0.025878    0.025541    0.201539 v _145_/Y (NAND3X1)
               0.025878    0.000000    0.201539 v _189_/B (AOI21X1)
   0.004985    0.040390    0.043175    0.244714 ^ _189_/Y (AOI21X1)
               0.040390    0.000000    0.244714 ^ _195_/A (OAI21X1)
   0.004517    0.012498    0.026812    0.271526 v _195_/Y (OAI21X1)
               0.012498    0.000000    0.271526 v _202_/B (OAI21X1)
   0.008627    0.071376    0.060773    0.332299 ^ _202_/Y (OAI21X1)
               0.071376    0.000000    0.332299 ^ _203_/C (NAND3X1)
   0.004450    0.019739    0.028203    0.360501 v _203_/Y (NAND3X1)
               0.019739    0.000000    0.360501 v _206_/A (NAND2X1)
   0.005666    0.050378    0.039946    0.400447 ^ _206_/Y (NAND2X1)
               0.050378    0.000000    0.400447 ^ _207_/B (XOR2X1)
   0.010000    0.079345    0.078138    0.478585 ^ _207_/Y (XOR2X1)
               0.079345    0.000000    0.478585 ^ sum[13] (out)
                                       0.478585   data arrival time

               0.000000  100.000000  100.000000   clock vclk (rise edge)
                           0.000000  100.000000   clock network delay (ideal)
                           0.000000  100.000000   clock reconvergence pessimism
                           0.000000  100.000000   output external delay
                                     100.000000   data required time
---------------------------------------------------------------------------------------
                                     100.000000   data required time
                                      -0.478585   data arrival time
---------------------------------------------------------------------------------------
                                      99.521408   slack (MET)


Startpoint: b[0] (input port clocked by vclk)
Endpoint: sum[10] (output port clocked by vclk)
Path Group: vclk
Path Type: max

        Cap        Slew       Delay        Time   Description
---------------------------------------------------------------------------------------
               0.000000    0.000000    0.000000   clock vclk (rise edge)
                           0.000000    0.000000   clock network delay (ideal)
                           0.000000    0.000000 ^ input external delay
   0.012401    0.050000    0.000000    0.000000 ^ b[0] (in)
               0.050000    0.000000    0.000000 ^ _132_/B (XOR2X1)
   0.008314    0.070489    0.072611    0.072611 ^ _132_/Y (XOR2X1)
               0.070489    0.000000    0.072611 ^ _133_/B (AOI21X1)
   0.002679    0.017243    0.039600    0.112212 v _133_/Y (AOI21X1)
               0.017243    0.000000    0.112212 v _136_/B (AOI21X1)
   0.007725    0.053465    0.049726    0.161938 ^ _136_/Y (AOI21X1)
               0.053465    0.000000    0.161938 ^ _142_/B (AOI21X1)
   0.005858    0.025339    0.040965    0.202903 v _142_/Y (AOI21X1)
               0.025339    0.000000    0.202903 v _144_/C (NOR3X1)
   0.002742    0.052932    0.028749    0.231652 ^ _144_/Y (NOR3X1)
               0.052932    0.000000    0.231652 ^ _151_/A (OAI21X1)
   0.007189    0.020085    0.034817    0.266469 v _151_/Y (OAI21X1)
               0.020085    0.000000    0.266469 v _160_/A (OAI21X1)
   0.008137    0.069306    0.063251    0.329719 ^ _160_/Y (OAI21X1)
               0.069306    0.000000    0.329719 ^ _170_/A (AOI21X1)
   0.007189    0.028951    0.038717    0.368437 v _170_/Y (AOI21X1)
               0.028951    0.000000    0.368437 v _210_/A (XNOR2X1)
   0.010000    0.075481    0.062377    0.430814 ^ _210_/Y (XNOR2X1)
               0.075481    0.000000    0.430814 ^ sum[10] (out)
                                       0.430814   data arrival time

               0.000000  100.000000  100.000000   clock vclk (rise edge)
                           0.000000  100.000000   clock network delay (ideal)
                           0.000000  100.000000   clock reconvergence pessimism
                           0.000000  100.000000   output external delay
                                     100.000000   data required time
---------------------------------------------------------------------------------------
                                     100.000000   data required time
                                      -0.430814   data arrival time
---------------------------------------------------------------------------------------
                                      99.569183   slack (MET)


Startpoint: cin (input port clocked by vclk)
Endpoint: sum[11] (output port clocked by vclk)
Path Group: vclk
Path Type: max

        Cap        Slew       Delay        Time   Description
---------------------------------------------------------------------------------------
               0.000000    0.000000    0.000000   clock vclk (rise edge)
                           0.000000    0.000000   clock network delay (ideal)
                           0.000000    0.000000 ^ input external delay
   0.004292    0.050000    0.000000    0.000000 ^ cin (in)
               0.050000    0.000000    0.000000 ^ _108_/A (INVX1)
   0.007189    0.023867    0.036772    0.036772 v _108_/Y (INVX1)
               0.023867    0.000000    0.036772 v _134_/A (OAI21X1)
   0.007833    0.067531    0.063127    0.099899 ^ _134_/Y (OAI21X1)
               0.067531    0.000000    0.099899 ^ _135_/B (OAI21X1)
   0.005198    0.013531    0.033216    0.133114 v _135_/Y (OAI21X1)
               0.013531    0.000000    0.133114 v _143_/B (OAI21X1)
   0.002961    0.045325    0.042884    0.175998 ^ _143_/Y (OAI21X1)
               0.045325    0.000000    0.175998 ^ _145_/C (NAND3X1)
   0.006494    0.025878    0.025541    0.201539 v _145_/Y (NAND3X1)
               0.025878    0.000000    0.201539 v _189_/B (AOI21X1)
   0.004985    0.040390    0.043175    0.244714 ^ _189_/Y (AOI21X1)
               0.040390    0.000000    0.244714 ^ _195_/A (OAI21X1)
   0.004517    0.012498    0.026812    0.271526 v _195_/Y (OAI21X1)
               0.012498    0.000000    0.271526 v _202_/B (OAI21X1)
   0.008627    0.071376    0.060773    0.332299 ^ _202_/Y (OAI21X1)
               0.071376    0.000000    0.332299 ^ _209_/B (XOR2X1)
   0.010000    0.079543    0.080160    0.412459 ^ _209_/Y (XOR2X1)
               0.079543    0.000000    0.412459 ^ sum[11] (out)
                                       0.412459   data arrival time

               0.000000  100.000000  100.000000   clock vclk (rise edge)
                           0.000000  100.000000   clock network delay (ideal)
                           0.000000  100.000000   clock reconvergence pessimism
                           0.000000  100.000000   output external delay
                                     100.000000   data required time
---------------------------------------------------------------------------------------
                                     100.000000   data required time
                                      -0.412459   data arrival time
---------------------------------------------------------------------------------------
                                      99.587540   slack (MET)


Startpoint: b[0] (input port clocked by vclk)
Endpoint: sum[8] (output port clocked by vclk)
Path Group: vclk
Path Type: max

        Cap        Slew       Delay        Time   Description
---------------------------------------------------------------------------------------
               0.000000    0.000000    0.000000   clock vclk (rise edge)
                           0.000000    0.000000   clock network delay (ideal)
                           0.000000    0.000000 ^ input external delay
   0.012401    0.050000    0.000000    0.000000 ^ b[0] (in)
               0.050000    0.000000    0.000000 ^ _132_/B (XOR2X1)
   0.008314    0.070489    0.072611    0.072611 ^ _132_/Y (XOR2X1)
               0.070489    0.000000    0.072611 ^ _133_/B (AOI21X1)
   0.002679    0.017243    0.039600    0.112212 v _133_/Y (AOI21X1)
               0.017243    0.000000    0.112212 v _136_/B (AOI21X1)
   0.007725    0.053465    0.049726    0.161938 ^ _136_/Y (AOI21X1)
               0.053465    0.000000    0.161938 ^ _142_/B (AOI21X1)
   0.005858    0.025339    0.040965    0.202903 v _142_/Y (AOI21X1)
               0.025339    0.000000    0.202903 v _144_/C (NOR3X1)
   0.002742    0.052932    0.028749    0.231652 ^ _144_/Y (NOR3X1)
               0.052932    0.000000    0.231652 ^ _151_/A (OAI21X1)
   0.007189    0.020085    0.034817    0.266469 v _151_/Y (OAI21X1)
               0.020085    0.000000    0.266469 v _160_/A (OAI21X1)
   0.008137    0.069306    0.063251    0.329719 ^ _160_/Y (OAI21X1)
               0.069306    0.000000    0.329719 ^ _213_/A (XOR2X1)
   0.010000    0.079590    0.066029    0.395748 ^ _213_/Y (XOR2X1)
               0.079590    0.000000    0.395748 ^ sum[8] (out)
                                       0.395748   data arrival time

               0.000000  100.000000  100.000000   clock vclk (rise edge)
                           0.000000  100.000000   clock network delay (ideal)
                           0.000000  100.000000   clock reconvergence pessimism
                           0.000000  100.000000   output external delay
                                     100.000000   data required time
---------------------------------------------------------------------------------------
                                     100.000000   data required time
                                      -0.395748   data arrival time
---------------------------------------------------------------------------------------
                                      99.604248   slack (MET)


Startpoint: cin (input port clocked by vclk)
Endpoint: sum[9] (output port clocked by vclk)
Path Group: vclk
Path Type: max

        Cap        Slew       Delay        Time   Description
---------------------------------------------------------------------------------------
               0.000000    0.000000    0.000000   clock vclk (rise edge)
                           0.000000    0.000000   clock network delay (ideal)
                           0.000000    0.000000 ^ input external delay
   0.004292    0.050000    0.000000    0.000000 ^ cin (in)
               0.050000    0.000000    0.000000 ^ _108_/A (INVX1)
   0.007189    0.023867    0.036772    0.036772 v _108_/Y (INVX1)
               0.023867    0.000000    0.036772 v _134_/A (OAI21X1)
   0.007833    0.067531    0.063127    0.099899 ^ _134_/Y (OAI21X1)
               0.067531    0.000000    0.099899 ^ _135_/B (OAI21X1)
   0.005198    0.013531    0.033216    0.133114 v _135_/Y (OAI21X1)
               0.013531    0.000000    0.133114 v _143_/B (OAI21X1)
   0.002961    0.045325    0.042884    0.175998 ^ _143_/Y (OAI21X1)
               0.045325    0.000000    0.175998 ^ _145_/C (NAND3X1)
   0.006494    0.025878    0.025541    0.201539 v _145_/Y (NAND3X1)
               0.025878    0.000000    0.201539 v _189_/B (AOI21X1)
   0.004985    0.040390    0.043175    0.244714 ^ _189_/Y (AOI21X1)
               0.040390    0.000000    0.244714 ^ _195_/A (OAI21X1)
   0.004517    0.012498    0.026812    0.271526 v _195_/Y (OAI21X1)
               0.012498    0.000000    0.271526 v _211_/A (NAND2X1)
   0.005666    0.050280    0.037663    0.309189 ^ _211_/Y (NAND2X1)
               0.050280    0.000000    0.309189 ^ _212_/B (XOR2X1)
   0.010000    0.079356    0.078129    0.387318 ^ _212_/Y (XOR2X1)
               0.079356    0.000000    0.387318 ^ sum[9] (out)
                                       0.387318   data arrival time

               0.000000  100.000000  100.000000   clock vclk (rise edge)
                           0.000000  100.000000   clock network delay (ideal)
                           0.000000  100.000000   clock reconvergence pessimism
                           0.000000  100.000000   output external delay
                                     100.000000   data required time
---------------------------------------------------------------------------------------
                                     100.000000   data required time
                                      -0.387318   data arrival time
---------------------------------------------------------------------------------------
                                      99.612679   slack (MET)


Startpoint: a[0] (input port clocked by vclk)
Endpoint: sum[7] (output port clocked by vclk)
Path Group: vclk
Path Type: max

        Cap        Slew       Delay        Time   Description
---------------------------------------------------------------------------------------
               0.000000    0.000000    0.000000   clock vclk (rise edge)
                           0.000000    0.000000   clock network delay (ideal)
                           0.000000    0.000000 v input external delay
   0.010961    0.050000    0.000000    0.000000 v a[0] (in)
               0.050000    0.000000    0.000000 v _131_/A (NOR2X1)
   0.002832    0.025740    0.040177    0.040177 ^ _131_/Y (NOR2X1)
               0.025740    0.000000    0.040177 ^ _134_/B (OAI21X1)
   0.007249    0.017148    0.027759    0.067936 v _134_/Y (OAI21X1)
               0.017148    0.000000    0.067936 v _135_/B (OAI21X1)
   0.005574    0.057711    0.052047    0.119983 ^ _135_/Y (OAI21X1)
               0.057711    0.000000    0.119983 ^ _143_/B (OAI21X1)
   0.002832    0.005267    0.026927    0.146910 v _143_/Y (OAI21X1)
               0.005267    0.000000    0.146910 v _145_/C (NAND3X1)
   0.007043    0.059399    0.043448    0.190358 ^ _145_/Y (NAND3X1)
               0.059399    0.000000    0.190358 ^ _189_/B (AOI21X1)
   0.004781    0.022599    0.040544    0.230902 v _189_/Y (AOI21X1)
               0.022599    0.000000    0.230902 v _192_/A (NOR2X1)
   0.005589    0.041921    0.042779    0.273681 ^ _192_/Y (NOR2X1)
               0.041921    0.000000    0.273681 ^ _214_/B (XNOR2X1)
   0.010000    0.076066    0.077272    0.350953 ^ _214_/Y (XNOR2X1)
               0.076066    0.000000    0.350953 ^ sum[7] (out)
                                       0.350953   data arrival time

               0.000000  100.000000  100.000000   clock vclk (rise edge)
                           0.000000  100.000000   clock network delay (ideal)
                           0.000000  100.000000   clock reconvergence pessimism
                           0.000000  100.000000   output external delay
                                     100.000000   data required time
---------------------------------------------------------------------------------------
                                     100.000000   data required time
                                      -0.350953   data arrival time
---------------------------------------------------------------------------------------
                                      99.649048   slack (MET)


Startpoint: b[0] (input port clocked by vclk)
Endpoint: sum[6] (output port clocked by vclk)
Path Group: vclk
Path Type: max

        Cap        Slew       Delay        Time   Description
---------------------------------------------------------------------------------------
               0.000000    0.000000    0.000000   clock vclk (rise edge)
                           0.000000    0.000000   clock network delay (ideal)
                           0.000000    0.000000 ^ input external delay
   0.012401    0.050000    0.000000    0.000000 ^ b[0] (in)
               0.050000    0.000000    0.000000 ^ _132_/B (XOR2X1)
   0.007683    0.032434    0.045607    0.045607 v _132_/Y (XOR2X1)
               0.032434    0.000000    0.045607 v _133_/B (AOI21X1)
   0.002724    0.029917    0.037614    0.083221 ^ _133_/Y (AOI21X1)
               0.029917    0.000000    0.083221 ^ _136_/B (AOI21X1)
   0.007295    0.029202    0.037765    0.120986 v _136_/Y (AOI21X1)
               0.029202    0.000000    0.120986 v _142_/B (AOI21X1)
   0.006120    0.045711    0.047756    0.168742 ^ _142_/Y (AOI21X1)
               0.045711    0.000000    0.168742 ^ _144_/C (NOR3X1)
   0.002573    0.025765    0.029623    0.198365 v _144_/Y (NOR3X1)
               0.025765    0.000000    0.198365 v _151_/A (OAI21X1)
   0.007743    0.066932    0.063266    0.261630 ^ _151_/Y (OAI21X1)
               0.066932    0.000000    0.261630 ^ _215_/A (XNOR2X1)
   0.010000    0.075486    0.067033    0.328663 ^ _215_/Y (XNOR2X1)
               0.075486    0.000000    0.328663 ^ sum[6] (out)
                                       0.328663   data arrival time

               0.000000  100.000000  100.000000   clock vclk (rise edge)
                           0.000000  100.000000   clock network delay (ideal)
                           0.000000  100.000000   clock reconvergence pessimism
                           0.000000  100.000000   output external delay
                                     100.000000   data required time
---------------------------------------------------------------------------------------
                                     100.000000   data required time
                                      -0.328663   data arrival time
---------------------------------------------------------------------------------------
                                      99.671333   slack (MET)


Startpoint: b[0] (input port clocked by vclk)
Endpoint: sum[4] (output port clocked by vclk)
Path Group: vclk
Path Type: max

        Cap        Slew       Delay        Time   Description
---------------------------------------------------------------------------------------
               0.000000    0.000000    0.000000   clock vclk (rise edge)
                           0.000000    0.000000   clock network delay (ideal)
                           0.000000    0.000000 ^ input external delay
   0.012401    0.050000    0.000000    0.000000 ^ b[0] (in)
               0.050000    0.000000    0.000000 ^ _132_/B (XOR2X1)
   0.008314    0.070489    0.072611    0.072611 ^ _132_/Y (XOR2X1)
               0.070489    0.000000    0.072611 ^ _133_/B (AOI21X1)
   0.002679    0.017243    0.039600    0.112212 v _133_/Y (AOI21X1)
               0.017243    0.000000    0.112212 v _136_/B (AOI21X1)
   0.007725    0.053465    0.049726    0.161938 ^ _136_/Y (AOI21X1)
               0.053465    0.000000    0.161938 ^ _142_/B (AOI21X1)
   0.005858    0.025339    0.040965    0.202903 v _142_/Y (AOI21X1)
               0.025339    0.000000    0.202903 v _217_/B (OAI21X1)
   0.002343    0.042215    0.043530    0.246433 ^ _217_/Y (OAI21X1)
               0.042215    0.000000    0.246433 ^ _218_/B (AND2X1)
   0.010000    0.066760    0.064289    0.310722 ^ _218_/Y (AND2X1)
               0.066760    0.000000    0.310722 ^ sum[4] (out)
                                       0.310722   data arrival time

               0.000000  100.000000  100.000000   clock vclk (rise edge)
                           0.000000  100.000000   clock network delay (ideal)
                           0.000000  100.000000   clock reconvergence pessimism
                           0.000000  100.000000   output external delay
                                     100.000000   data required time
---------------------------------------------------------------------------------------
                                     100.000000   data required time
                                      -0.310722   data arrival time
---------------------------------------------------------------------------------------
                                      99.689278   slack (MET)


Startpoint: cin (input port clocked by vclk)
Endpoint: sum[5] (output port clocked by vclk)
Path Group: vclk
Path Type: max

        Cap        Slew       Delay        Time   Description
---------------------------------------------------------------------------------------
               0.000000    0.000000    0.000000   clock vclk (rise edge)
                           0.000000    0.000000   clock network delay (ideal)
                           0.000000    0.000000 ^ input external delay
   0.004292    0.050000    0.000000    0.000000 ^ cin (in)
               0.050000    0.000000    0.000000 ^ _108_/A (INVX1)
   0.007189    0.023867    0.036772    0.036772 v _108_/Y (INVX1)
               0.023867    0.000000    0.036772 v _134_/A (OAI21X1)
   0.007833    0.067531    0.063127    0.099899 ^ _134_/Y (OAI21X1)
               0.067531    0.000000    0.099899 ^ _135_/B (OAI21X1)
   0.005198    0.013531    0.033216    0.133114 v _135_/Y (OAI21X1)
               0.013531    0.000000    0.133114 v _143_/B (OAI21X1)
   0.002961    0.045325    0.042884    0.175998 ^ _143_/Y (OAI21X1)
               0.045325    0.000000    0.175998 ^ _145_/C (NAND3X1)
   0.006494    0.025878    0.025541    0.201539 v _145_/Y (NAND3X1)
               0.025878    0.000000    0.201539 v _150_/B (NAND2X1)
   0.005396    0.048952    0.027592    0.229131 ^ _150_/Y (NAND2X1)
               0.048952    0.000000    0.229131 ^ _216_/A (XOR2X1)
   0.010000    0.079495    0.063291    0.292422 ^ _216_/Y (XOR2X1)
               0.079495    0.000000    0.292422 ^ sum[5] (out)
                                       0.292422   data arrival time

               0.000000  100.000000  100.000000   clock vclk (rise edge)
                           0.000000  100.000000   clock network delay (ideal)
                           0.000000  100.000000   clock reconvergence pessimism
                           0.000000  100.000000   output external delay
                                     100.000000   data required time
---------------------------------------------------------------------------------------
                                     100.000000   data required time
                                      -0.292422   data arrival time
---------------------------------------------------------------------------------------
                                      99.707573   slack (MET)


Startpoint: cin (input port clocked by vclk)
Endpoint: sum[3] (output port clocked by vclk)
Path Group: vclk
Path Type: max

        Cap        Slew       Delay        Time   Description
---------------------------------------------------------------------------------------
               0.000000    0.000000    0.000000   clock vclk (rise edge)
                           0.000000    0.000000   clock network delay (ideal)
                           0.000000    0.000000 ^ input external delay
   0.004292    0.050000    0.000000    0.000000 ^ cin (in)
               0.050000    0.000000    0.000000 ^ _108_/A (INVX1)
   0.007189    0.023867    0.036772    0.036772 v _108_/Y (INVX1)
               0.023867    0.000000    0.036772 v _134_/A (OAI21X1)
   0.007833    0.067531    0.063127    0.099899 ^ _134_/Y (OAI21X1)
               0.067531    0.000000    0.099899 ^ _135_/B (OAI21X1)
   0.005198    0.013531    0.033216    0.133114 v _135_/Y (OAI21X1)
               0.013531    0.000000    0.133114 v _149_/A (AOI21X1)
   0.005589    0.043042    0.047685    0.180800 ^ _149_/Y (AOI21X1)
               0.043042    0.000000    0.180800 ^ _219_/B (XNOR2X1)
   0.010000    0.075776    0.077387    0.258187 ^ _219_/Y (XNOR2X1)
               0.075776    0.000000    0.258187 ^ sum[3] (out)
                                       0.258187   data arrival time

               0.000000  100.000000  100.000000   clock vclk (rise edge)
                           0.000000  100.000000   clock network delay (ideal)
                           0.000000  100.000000   clock reconvergence pessimism
                           0.000000  100.000000   output external delay
                                     100.000000   data required time
---------------------------------------------------------------------------------------
                                     100.000000   data required time
                                      -0.258187   data arrival time
---------------------------------------------------------------------------------------
                                      99.741806   slack (MET)


Startpoint: b[0] (input port clocked by vclk)
Endpoint: sum[2] (output port clocked by vclk)
Path Group: vclk
Path Type: max

        Cap        Slew       Delay        Time   Description
---------------------------------------------------------------------------------------
               0.000000    0.000000    0.000000   clock vclk (rise edge)
                           0.000000    0.000000   clock network delay (ideal)
                           0.000000    0.000000 ^ input external delay
   0.012401    0.050000    0.000000    0.000000 ^ b[0] (in)
               0.050000    0.000000    0.000000 ^ _132_/B (XOR2X1)
   0.008314    0.070489    0.072611    0.072611 ^ _132_/Y (XOR2X1)
               0.070489    0.000000    0.072611 ^ _133_/B (AOI21X1)
   0.002679    0.017243    0.039600    0.112212 v _133_/Y (AOI21X1)
               0.017243    0.000000    0.112212 v _136_/B (AOI21X1)
   0.007725    0.053465    0.049726    0.161938 ^ _136_/Y (AOI21X1)
               0.053465    0.000000    0.161938 ^ _220_/A (XNOR2X1)
   0.010000    0.075731    0.065382    0.227320 ^ _220_/Y (XNOR2X1)
               0.075731    0.000000    0.227320 ^ sum[2] (out)
                                       0.227320   data arrival time

               0.000000  100.000000  100.000000   clock vclk (rise edge)
                           0.000000  100.000000   clock network delay (ideal)
                           0.000000  100.000000   clock reconvergence pessimism
                           0.000000  100.000000   output external delay
                                     100.000000   data required time
---------------------------------------------------------------------------------------
                                     100.000000   data required time
                                      -0.227320   data arrival time
---------------------------------------------------------------------------------------
                                      99.772682   slack (MET)


Startpoint: cin (input port clocked by vclk)
Endpoint: sum[1] (output port clocked by vclk)
Path Group: vclk
Path Type: max

        Cap        Slew       Delay        Time   Description
---------------------------------------------------------------------------------------
               0.000000    0.000000    0.000000   clock vclk (rise edge)
                           0.000000    0.000000   clock network delay (ideal)
                           0.000000    0.000000 ^ input external delay
   0.004292    0.050000    0.000000    0.000000 ^ cin (in)
               0.050000    0.000000    0.000000 ^ _108_/A (INVX1)
   0.007189    0.023867    0.036772    0.036772 v _108_/Y (INVX1)
               0.023867    0.000000    0.036772 v _134_/A (OAI21X1)
   0.007833    0.067531    0.063127    0.099899 ^ _134_/Y (OAI21X1)
               0.067531    0.000000    0.099899 ^ _222_/A (XNOR2X1)
   0.010000    0.075668    0.067106    0.167005 ^ _222_/Y (XNOR2X1)
               0.075668    0.000000    0.167005 ^ sum[1] (out)
                                       0.167005   data arrival time

               0.000000  100.000000  100.000000   clock vclk (rise edge)
                           0.000000  100.000000   clock network delay (ideal)
                           0.000000  100.000000   clock reconvergence pessimism
                           0.000000  100.000000   output external delay
                                     100.000000   data required time
---------------------------------------------------------------------------------------
                                     100.000000   data required time
                                      -0.167005   data arrival time
---------------------------------------------------------------------------------------
                                      99.832993   slack (MET)


Startpoint: b[0] (input port clocked by vclk)
Endpoint: sum[0] (output port clocked by vclk)
Path Group: vclk
Path Type: max

        Cap        Slew       Delay        Time   Description
---------------------------------------------------------------------------------------
               0.000000    0.000000    0.000000   clock vclk (rise edge)
                           0.000000    0.000000   clock network delay (ideal)
                           0.000000    0.000000 ^ input external delay
   0.012401    0.050000    0.000000    0.000000 ^ b[0] (in)
               0.050000    0.000000    0.000000 ^ _132_/B (XOR2X1)
   0.008314    0.070489    0.072611    0.072611 ^ _132_/Y (XOR2X1)
               0.070489    0.000000    0.072611 ^ _223_/B (XNOR2X1)
   0.010000    0.075552    0.080205    0.152816 ^ _223_/Y (XNOR2X1)
               0.075552    0.000000    0.152816 ^ sum[0] (out)
                                       0.152816   data arrival time

               0.000000  100.000000  100.000000   clock vclk (rise edge)
                           0.000000  100.000000   clock network delay (ideal)
                           0.000000  100.000000   clock reconvergence pessimism
                           0.000000  100.000000   output external delay
                                     100.000000   data required time
---------------------------------------------------------------------------------------
                                     100.000000   data required time
                                      -0.152816   data arrival time
---------------------------------------------------------------------------------------
                                      99.847183   slack (MET)


