$ /usr/bin/time -v -o /home/duhaochen/website-trial-v1/data/spice-model-benchmark/e80db373657c86ef6f4af12cddd4b3b9/ngspice/resource.txt /usr/bin/python -m spice_model_benchmark.cli /home/duhaochen/pipeline_full_collection/benchmark-inputs/e80db373657c86ef6f4af12cddd4b3b9/ngspice.lib --simulator ngspice --modes dc transient ac noise --output-dir /home/duhaochen/website-trial-v1/data/spice-model-benchmark/e80db373657c86ef6f4af12cddd4b3b9 --dpi 120 --log-level WARNING
/home/duhaochen/spice_model_benchmark/src/spice_model_benchmark/verification_manager.py:1557: RuntimeWarning: divide by zero encountered in divide
  tc = np.mean((d_ids / d_temp) / np.abs(i_ds[:-1]))
SPICE Model Benchmark: /home/duhaochen/pipeline_full_collection/benchmark-inputs/e80db373657c86ef6f4af12cddd4b3b9/ngspice.lib
Simulators: ngspice
Modes: dc, transient, ac, noise
------------------------------------------------------------

============================================================
  Running: NGSPICE
  Output:  /home/duhaochen/website-trial-v1/data/spice-model-benchmark/e80db373657c86ef6f4af12cddd4b3b9/ngspice
============================================================
Vgs range: 0.000V to 1.200V
Ids range: -8.269e-04A to 0.000e+00A
Selected Vgs values: [0.  0.2 0.4 0.6 0.8 1.  1.2]
Vgs=0.000V: Ids range -1.845e-10A to -1.583e-14A
Vgs=0.200V: Ids range -1.859e-08A to 0.000e+00A
Vgs=0.400V: Ids range -1.271e-06A to 0.000e+00A
Vgs=0.600V: Ids range -4.729e-05A to 0.000e+00A
Vgs=0.800V: Ids range -2.198e-04A to 0.000e+00A
Vgs=1.000V: Ids range -4.865e-04A to 0.000e+00A
Vgs=1.200V: Ids range -8.269e-04A to 0.000e+00A
ids_variation: 6.370566209443564
ids_variation <= max_variation: False
tc: inf
abs(tc) <= max_tc: False
[WARNING]: Temperature effects verification failed - effects outside expected range
/home/duhaochen/spice_model_benchmark/src/spice_model_benchmark/verification_manager.py:1817: RuntimeWarning: divide by zero encountered in log
  log_ids = np.log(np.abs(i_ds))
/home/duhaochen/.local/lib/python3.9/site-packages/numpy/lib/function_base.py:2742: RuntimeWarning: invalid value encountered in subtract
  X -= avg[:, None]
/home/duhaochen/spice_model_benchmark/src/spice_model_benchmark/verification_manager.py:1862: RuntimeWarning: divide by zero encountered in divide
  efficiency = np.abs(gm / i_ds)  # Transconductance efficiency
[INFO]: S-parameter analysis plot saved to /home/duhaochen/website-trial-v1/data/spice-model-benchmark/e80db373657c86ef6f4af12cddd4b3b9/ngspice/plots/ac_cv_sparameter_analysis.png
[INFO]: NQS effects plot saved to /home/duhaochen/website-trial-v1/data/spice-model-benchmark/e80db373657c86ef6f4af12cddd4b3b9/ngspice/plots/ac_cv_nqs_effects.png
[INFO]: S-parameter analysis plot saved to /home/duhaochen/website-trial-v1/data/spice-model-benchmark/e80db373657c86ef6f4af12cddd4b3b9/ngspice/plots/ac_cv_sparameter_analysis.png
norm_dvg: [2.50000000e+11 1.25000000e+11 6.25000000e+10 3.12500000e+10
 1.56249999e+10 9.00240543e+09 5.98226636e+09 5.32657526e+09
 4.71714986e+09 4.31552381e+09 3.93676530e+09 3.61193037e+09
 3.17559807e+09 2.78887581e+09 2.49643110e+09 2.42250240e+09
 2.37209195e+09 2.32908488e+09 2.27350211e+09 2.23707317e+09
 2.20095895e+09 2.17017363e+09 2.14778996e+09 2.12202975e+09
 2.10482738e+09 2.08047883e+09 2.05279786e+09 2.00000103e+09
 1.99482716e+09 1.98456438e+09 1.96435060e+09 1.92513314e+09
 1.89009088e+09 1.86066030e+09 1.82576175e+09 1.79097840e+09
 1.75502696e+09 1.71757692e+09 1.66850260e+09 1.61095073e+09
 1.54498515e+09 1.48388375e+09 1.43351420e+09 1.38418242e+09
 1.33458441e+09 1.29127051e+09 1.22074078e+09 1.15308132e+09
 1.09399362e+09 1.04488727e+09 1.02195095e+09 9.99999318e+08
 9.97563767e+08 9.92723878e+08 9.83184530e+08 9.69966049e+08
 9.55952001e+08 9.29103536e+08 9.03759690e+08 8.78665193e+08
 8.39794171e+08 7.87770225e+08 7.41846616e+08 6.90176048e+08
 6.42951658e+08 6.10295458e+08 5.92476390e+08 5.67546824e+08
 5.52925452e+08 5.34349027e+08 5.15455456e+08 4.88601422e+08
 4.59210211e+08 4.54015564e+08 4.51579598e+08 4.47628256e+08
 4.46389283e+08 4.44938679e+08 4.42275222e+08 4.37321122e+08
 4.30252670e+08 4.22342327e+08 4.18224561e+08 4.15192007e+08
 4.10762352e+08 4.07169521e+08 4.03464769e+08 3.98331764e+08
 3.92139746e+08 3.84804871e+08 3.76851114e+08 3.68264260e+08
 3.58224998e+08 3.46131669e+08 3.30647636e+08 3.11807883e+08
 2.91169597e+08 2.70273981e+08 2.49130145e+08 2.27878488e+08
 2.07262063e+08 1.85655491e+08 1.63055676e+08 1.44240314e+08
 1.29318017e+08 1.17193801e+08 1.07148121e+08 1.00842671e+08
 9.52387845e+07 9.52161780e+07 9.51754719e+07 9.50921020e+07
 9.49258547e+07 9.46680005e+07 9.43878320e+07 9.40463047e+07
 9.36726805e+07 9.34862636e+07 9.32494558e+07 9.30707213e+07
 9.28674365e+07 9.26433758e+07 9.24823923e+07 9.22880123e+07
 9.20868695e+07 9.18974490e+07 9.17447961e+07 9.16406802e+07
 9.15063784e+07 9.13909405e+07 9.13013711e+07 9.11957480e+07
 9.10798389e+07 9.09948980e+07 9.09157666e+07 9.09023511e+07
 9.08922111e+07 9.08691583e+07 9.08236058e+07 9.07924435e+07
 9.07506025e+07 9.07025611e+07 9.06381694e+07 9.05425594e+07
 9.03742556e+07 9.01862713e+07 8.99958952e+07 8.98257587e+07
 8.96815988e+07 8.94800553e+07 8.92910213e+07 8.90975242e+07
 8.88915032e+07 8.85967258e+07 8.82179811e+07 8.77132912e+07
 8.70814067e+07 8.65872720e+07 8.62030735e+07 8.59022719e+07
 8.55391526e+07 8.52567365e+07 8.49179783e+07 8.45361650e+07
 8.39304316e+07 8.33331569e+07 8.32785374e+07 8.31697771e+07
 8.29525393e+07 8.27444596e+07 8.26073474e+07 8.24884936e+07
 8.23583104e+07 8.22156413e+07 8.21446941e+07 8.20492298e+07
 8.19408009e+07 8.18158409e+07 8.16744698e+07 8.15007473e+07
 8.11559114e+07 8.05436635e+07 8.02477526e+07 8.00542003e+07
 7.97570840e+07 7.95685146e+07 7.93412778e+07 7.90363148e+07
 7.87059421e+07 7.83961309e+07 7.80581570e+07 7.78711203e+07
 7.77837758e+07 7.77231940e+07 7.76763215e+07 7.76293628e+07
 7.75779912e+07 7.75020400e+07 7.74500338e+07 7.73824643e+07
 7.73167386e+07 7.72221251e+07 7.70612034e+07 7.68670501e+07
 7.66502269e+07 7.63828774e+07 7.62134330e+07 7.60636992e+07
 7.58920938e+07 7.57399297e+07 7.55293447e+07 7.53016314e+07
 7.49700701e+07 7.45635414e+07 7.40326653e+07 7.33943682e+07
 7.26512179e+07 7.18398379e+07 7.09035132e+07 6.98458042e+07
 6.85841287e+07 6.70771719e+07 6.51537712e+07 6.26364316e+07
 5.96475504e+07 5.69309185e+07 5.44509638e+07 5.21780561e+07
 5.10658098e+07 0.00000000e+00 0.00000000e+00 0.00000000e+00
 0.00000000e+00 0.00000000e+00 0.00000000e+00 0.00000000e+00
 0.00000000e+00 0.00000000e+00 0.00000000e+00 0.00000000e+00
 0.00000000e+00 0.00000000e+00 0.00000000e+00 0.00000000e+00
 0.00000000e+00 0.00000000e+00 0.00000000e+00 0.00000000e+00
 0.00000000e+00 0.00000000e+00 0.00000000e+00 0.00000000e+00
 0.00000000e+00 0.00000000e+00 0.00000000e+00 0.00000000e+00
 0.00000000e+00 0.00000000e+00 0.00000000e+00 0.00000000e+00
 0.00000000e+00 0.00000000e+00 0.00000000e+00 0.00000000e+00
 0.00000000e+00 0.00000000e+00 0.00000000e+00 0.00000000e+00
 0.00000000e+00 0.00000000e+00 0.00000000e+00 0.00000000e+00
 0.00000000e+00 0.00000000e+00 0.00000000e+00 0.00000000e+00
 0.00000000e+00 0.00000000e+00 0.00000000e+00 0.00000000e+00
 0.00000000e+00 0.00000000e+00 0.00000000e+00 0.00000000e+00
 0.00000000e+00 0.00000000e+00 0.00000000e+00 0.00000000e+00
 0.00000000e+00 0.00000000e+00 0.00000000e+00 0.00000000e+00
 0.00000000e+00 0.00000000e+00 0.00000000e+00 0.00000000e+00
 0.00000000e+00 0.00000000e+00 0.00000000e+00 0.00000000e+00
 0.00000000e+00 0.00000000e+00 0.00000000e+00 0.00000000e+00
 0.00000000e+00 0.00000000e+00 0.00000000e+00 0.00000000e+00
 0.00000000e+00 0.00000000e+00 0.00000000e+00 0.00000000e+00
 0.00000000e+00 0.00000000e+00 0.00000000e+00 0.00000000e+00
 0.00000000e+00 0.00000000e+00 0.00000000e+00 0.00000000e+00
 0.00000000e+00 0.00000000e+00 0.00000000e+00 0.00000000e+00
 0.00000000e+00 0.00000000e+00 0.00000000e+00 0.00000000e+00
 0.00000000e+00 0.00000000e+00 0.00000000e+00 0.00000000e+00
 0.00000000e+00 0.00000000e+00 0.00000000e+00 0.00000000e+00
 0.00000000e+00 0.00000000e+00 0.00000000e+00 0.00000000e+00
 0.00000000e+00 0.00000000e+00 0.00000000e+00 0.00000000e+00
 0.00000000e+00 0.00000000e+00 0.00000000e+00 0.00000000e+00
 0.00000000e+00 0.00000000e+00 0.00000000e+00 0.00000000e+00
 0.00000000e+00 0.00000000e+00 0.00000000e+00 0.00000000e+00
 0.00000000e+00 0.00000000e+00 0.00000000e+00 0.00000000e+00
 0.00000000e+00 0.00000000e+00 0.00000000e+00 0.00000000e+00
 0.00000000e+00 0.00000000e+00 0.00000000e+00 0.00000000e+00
 0.00000000e+00 0.00000000e+00 0.00000000e+00 0.00000000e+00
 0.00000000e+00 0.00000000e+00 0.00000000e+00 0.00000000e+00
 0.00000000e+00 0.00000000e+00 0.00000000e+00 0.00000000e+00
 0.00000000e+00 0.00000000e+00 0.00000000e+00 0.00000000e+00
 0.00000000e+00 0.00000000e+00 0.00000000e+00 0.00000000e+00
 0.00000000e+00 0.00000000e+00 0.00000000e+00 0.00000000e+00
 0.00000000e+00 0.00000000e+00 0.00000000e+00 0.00000000e+00
 0.00000000e+00 0.00000000e+00 0.00000000e+00 0.00000000e+00
 0.00000000e+00 0.00000000e+00 0.00000000e+00 0.00000000e+00
 0.00000000e+00 0.00000000e+00 0.00000000e+00 0.00000000e+00
 0.00000000e+00 0.00000000e+00 0.00000000e+00 0.00000000e+00
 0.00000000e+00 0.00000000e+00 0.00000000e+00 0.00000000e+00
 0.00000000e+00 0.00000000e+00 0.00000000e+00 0.00000000e+00
 0.00000000e+00 0.00000000e+00 0.00000000e+00 0.00000000e+00
 0.00000000e+00 0.00000000e+00 0.00000000e+00 0.00000000e+00
 0.00000000e+00 0.00000000e+00 0.00000000e+00 0.00000000e+00
 0.00000000e+00 0.00000000e+00 0.00000000e+00 0.00000000e+00
 0.00000000e+00 0.00000000e+00 0.00000000e+00 0.00000000e+00
 0.00000000e+00 0.00000000e+00 0.00000000e+00 0.00000000e+00
 0.00000000e+00 0.00000000e+00 0.00000000e+00 0.00000000e+00
 0.00000000e+00 0.00000000e+00 0.00000000e+00 0.00000000e+00
 0.00000000e+00 0.00000000e+00 0.00000000e+00 0.00000000e+00
 0.00000000e+00 0.00000000e+00]
norm_dvd: [0. 0. 0. 0. 0. 0. 0. 0. 0. 0. 0. 0. 0. 0. 0. 0. 0. 0. 0. 0. 0. 0. 0. 0.
 0. 0. 0. 0. 0. 0. 0. 0. 0. 0. 0. 0. 0. 0. 0. 0. 0. 0. 0. 0. 0. 0. 0. 0.
 0. 0. 0. 0. 0. 0. 0. 0. 0. 0. 0. 0. 0. 0. 0. 0. 0. 0. 0. 0. 0. 0. 0. 0.
 0. 0. 0. 0. 0. 0. 0. 0. 0. 0. 0. 0. 0. 0. 0. 0. 0. 0. 0. 0. 0. 0. 0. 0.
 0. 0. 0. 0. 0. 0. 0. 0. 0. 0. 0. 0. 0. 0. 0. 0. 0. 0. 0. 0. 0. 0. 0. 0.
 0. 0. 0. 0. 0. 0. 0. 0. 0. 0. 0. 0. 0. 0. 0. 0. 0. 0. 0. 0. 0. 0. 0. 0.
 0. 0. 0. 0. 0. 0. 0. 0. 0. 0. 0. 0. 0. 0. 0. 0. 0. 0. 0. 0. 0. 0. 0. 0.
 0. 0. 0. 0. 0. 0. 0. 0. 0. 0. 0. 0. 0. 0. 0. 0. 0. 0. 0. 0. 0. 0. 0. 0.
 0. 0. 0. 0. 0. 0. 0. 0. 0. 0. 0. 0. 0. 0. 0. 0. 0. 0. 0. 0. 0. 0. 0. 0.
 0. 0. 0. 0. 0. 0. 0. 0. 0. 0. 0. 0. 0. 0. 0. 0. 0. 0. 0. 0. 0. 0. 0. 0.
 0. 0. 0. 0. 0. 0. 0. 0. 0. 0. 0. 0. 0. 0. 0. 0. 0. 0. 0. 0. 0. 0. 0. 0.
 0. 0. 0. 0. 0. 0. 0. 0. 0. 0. 0. 0. 0. 0. 0. 0. 0. 0. 0. 0. 0. 0. 0. 0.
 0. 0. 0. 0. 0. 0. 0. 0. 0. 0. 0. 0. 0. 0. 0. 0. 0. 0. 0. 0. 0. 0. 0. 0.
 0. 0. 0. 0. 0. 0. 0. 0. 0. 0. 0. 0. 0. 0. 0. 0. 0. 0. 0. 0. 0. 0. 0. 0.
 0. 0. 0. 0. 0. 0. 0. 0. 0. 0. 0. 0. 0. 0. 0. 0. 0. 0. 0. 0. 0. 0. 0. 0.
 0. 0. 0. 0. 0. 0. 0. 0. 0. 0. 0. 0. 0. 0. 0. 0. 0. 0. 0. 0. 0. 0. 0. 0.
 0. 0. 0. 0. 0. 0. 0. 0. 0. 0. 0. 0. 0. 0. 0. 0. 0. 0. 0. 0. 0. 0. 0. 0.
 0. 0. 0. 0. 0. 0. 0. 0. 0. 0. 0. 0. 0. 0. 0. 0. 0. 0. 0. 0. 0. 0. 0. 0.
 0. 0. 0. 0. 0. 0. 0. 0. 0. 0. 0. 0. 0. 0. 0. 0. 0. 0. 0. 0. 0. 0. 0. 0.
 0. 0.]
norm_did: [1.04613174e+04 8.13658058e+03 1.10425029e+04 1.13330971e+04
 1.24430005e+04 1.37628954e+04 1.40091270e+04 1.51439534e+04
 1.60252457e+04 1.66842376e+04 1.75032911e+04 1.87001239e+04
 2.02308848e+04 2.19167625e+04 2.16796156e+04 2.33203656e+04
 2.38916475e+04 2.43617369e+04 2.46670463e+04 2.53561579e+04
 2.52485098e+04 2.61412522e+04 2.55014594e+04 2.65588758e+04
 2.67589869e+04 2.65418723e+04 2.74777635e+04 3.94541612e+04
 2.15204444e+04 2.86939330e+04 2.82455972e+04 2.94503206e+04
 2.94464399e+04 3.03242274e+04 3.05961293e+04 3.17074661e+04
 3.21850851e+04 3.33966514e+04 3.45267283e+04 3.63135608e+04
 3.82056123e+04 4.00565421e+04 4.18916984e+04 4.43328992e+04
 4.66173196e+04 5.03990802e+04 5.52336754e+04 6.01539925e+04
 6.54812831e+04 6.81873115e+04 7.25167742e+04 9.70571035e+04
 6.08987138e+04 7.61233370e+04 7.84925643e+04 8.06004911e+04
 8.47537012e+04 8.98113211e+04 9.50502387e+04 1.04506737e+05
 1.19970943e+05 1.38755917e+05 1.67159653e+05 2.04571703e+05
 2.40365880e+05 2.65341998e+05 3.15556184e+05 3.45622973e+05
 3.94003520e+05 4.49882731e+05 5.43583447e+05 6.90169296e+05
 5.92485448e+05 7.49030603e+05 8.33647395e+05 8.35811485e+05
 8.62223537e+05 8.85151877e+05 9.23601927e+05 9.85286471e+05
 1.06474724e+06 1.10456233e+06 1.15951403e+06 1.23014936e+06
 1.28180096e+06 1.33967308e+06 1.42236674e+06 1.52800926e+06
 1.66795847e+06 1.84477291e+06 2.06941148e+06 2.38143848e+06
 2.84332420e+06 3.61886016e+06 5.01378797e+06 7.56874569e+06
 1.23418976e+07 2.20540968e+07 4.41040716e+07 9.96963366e+07
 2.80181942e+08 1.13634943e+09 2.69783519e+10 4.80042984e+09
 3.08407462e+09 1.85467558e+09 1.08908451e+09 8.15568938e+08
 6.35169760e+08 5.97338061e+08 5.96889955e+08 5.95620945e+08
 5.92503048e+08 5.86758312e+08 5.80874455e+08 5.73450505e+08
 5.63854496e+08 5.60165698e+08 5.54661262e+08 5.51015648e+08
 5.46861193e+08 5.41741853e+08 5.38631097e+08 5.34656492e+08
 5.30486954e+08 5.26424077e+08 5.23052526e+08 5.21164200e+08
 5.18390825e+08 5.15955253e+08 5.14291626e+08 5.12294036e+08
 5.09869996e+08 5.08217974e+08 5.06356404e+08 5.05913260e+08
 5.05871208e+08 5.05572226e+08 5.04635298e+08 5.04079318e+08
 5.03291010e+08 5.02512684e+08 5.01450578e+08 5.00056140e+08
 4.97011285e+08 4.93493907e+08 4.89861783e+08 4.86591057e+08
 4.84264885e+08 4.80558392e+08 4.77184852e+08 4.73810732e+08
 4.70641854e+08 4.65929219e+08 4.60046024e+08 4.52150969e+08
 4.41103981e+08 4.32704149e+08 4.26322202e+08 4.21977799e+08
 4.16137055e+08 4.12170858e+08 4.07378236e+08 4.02787942e+08
 3.94183493e+08 3.83979056e+08 3.83288153e+08 3.82294250e+08
 3.79366203e+08 3.76354840e+08 3.74493329e+08 3.72991462e+08
 3.71358818e+08 3.69262509e+08 3.68442173e+08 3.67281584e+08
 3.65968367e+08 3.64452688e+08 3.62797711e+08 3.61254781e+08
 3.57959859e+08 3.49469134e+08 3.45627381e+08 3.43724735e+08
 3.39934146e+08 3.37917321e+08 3.35605043e+08 3.32282542e+08
 3.28578987e+08 3.25304595e+08 3.21208942e+08 3.18923234e+08
 3.17917006e+08 3.17243747e+08 3.16760166e+08 3.16277309e+08
 3.15823974e+08 3.14958819e+08 3.14472950e+08 3.13769653e+08
 3.13184310e+08 3.12416846e+08 3.10875463e+08 3.08979612e+08
 3.06956291e+08 3.04005457e+08 3.02280116e+08 3.00881495e+08
 2.99158150e+08 2.97862383e+08 2.95893804e+08 2.94031839e+08
 2.91132814e+08 2.87718886e+08 2.83188185e+08 2.77795018e+08
 2.71533861e+08 2.65026933e+08 2.57693051e+08 2.49860522e+08
 2.40878480e+08 2.30901023e+08 2.18932654e+08 2.03547007e+08
 1.84968780e+08 1.69361000e+08 1.56045162e+08 1.43188948e+08
 1.37896520e+08 6.25962846e+08 0.00000000e+00 0.00000000e+00
 0.00000000e+00 0.00000000e+00 0.00000000e+00 0.00000000e+00
 0.00000000e+00 0.00000000e+00 0.00000000e+00 0.00000000e+00
 0.00000000e+00 0.00000000e+00 0.00000000e+00 0.00000000e+00
 0.00000000e+00 0.00000000e+00 0.00000000e+00 0.00000000e+00
 0.00000000e+00 0.00000000e+00 0.00000000e+00 0.00000000e+00
 0.00000000e+00 0.00000000e+00 0.00000000e+00 0.00000000e+00
 0.00000000e+00 0.00000000e+00 0.00000000e+00 0.00000000e+00
 0.00000000e+00 0.00000000e+00 0.00000000e+00 0.00000000e+00
 0.00000000e+00 0.00000000e+00 0.00000000e+00 0.00000000e+00
 0.00000000e+00 0.00000000e+00 0.00000000e+00 0.00000000e+00
 0.00000000e+00 0.00000000e+00 0.00000000e+00 0.00000000e+00
 0.00000000e+00 0.00000000e+00 0.00000000e+00 0.00000000e+00
 0.00000000e+00 0.00000000e+00 0.00000000e+00 0.00000000e+00
 0.00000000e+00 0.00000000e+00 0.00000000e+00 0.00000000e+00
 0.00000000e+00 0.00000000e+00 0.00000000e+00 0.00000000e+00
 0.00000000e+00 0.00000000e+00 0.00000000e+00 0.00000000e+00
 0.00000000e+00 0.00000000e+00 0.00000000e+00 0.00000000e+00
 0.00000000e+00 0.00000000e+00 0.00000000e+00 0.00000000e+00
 0.00000000e+00 0.00000000e+00 0.00000000e+00 0.00000000e+00
 0.00000000e+00 0.00000000e+00 0.00000000e+00 0.00000000e+00
 0.00000000e+00 0.00000000e+00 0.00000000e+00 0.00000000e+00
 0.00000000e+00 0.00000000e+00 0.00000000e+00 0.00000000e+00
 0.00000000e+00 0.00000000e+00 0.00000000e+00 0.00000000e+00
 0.00000000e+00 0.00000000e+00 0.00000000e+00 0.00000000e+00
 0.00000000e+00 0.00000000e+00 0.00000000e+00 0.00000000e+00
 0.00000000e+00 0.00000000e+00 0.00000000e+00 0.00000000e+00
 0.00000000e+00 0.00000000e+00 0.00000000e+00 0.00000000e+00
 0.00000000e+00 0.00000000e+00 0.00000000e+00 0.00000000e+00
 0.00000000e+00 0.00000000e+00 0.00000000e+00 0.00000000e+00
 0.00000000e+00 0.00000000e+00 0.00000000e+00 0.00000000e+00
 0.00000000e+00 0.00000000e+00 0.00000000e+00 0.00000000e+00
 0.00000000e+00 0.00000000e+00 0.00000000e+00 0.00000000e+00
 0.00000000e+00 0.00000000e+00 0.00000000e+00 0.00000000e+00
 0.00000000e+00 0.00000000e+00 0.00000000e+00 0.00000000e+00
 0.00000000e+00 0.00000000e+00 0.00000000e+00 0.00000000e+00
 0.00000000e+00 0.00000000e+00 0.00000000e+00 0.00000000e+00
 0.00000000e+00 0.00000000e+00 0.00000000e+00 0.00000000e+00
 0.00000000e+00 0.00000000e+00 0.00000000e+00 0.00000000e+00
 0.00000000e+00 0.00000000e+00 0.00000000e+00 0.00000000e+00
 0.00000000e+00 0.00000000e+00 0.00000000e+00 0.00000000e+00
 0.00000000e+00 0.00000000e+00 0.00000000e+00 0.00000000e+00
 0.00000000e+00 0.00000000e+00 0.00000000e+00 0.00000000e+00
 0.00000000e+00 0.00000000e+00 0.00000000e+00 0.00000000e+00
 0.00000000e+00 0.00000000e+00 0.00000000e+00 0.00000000e+00
 0.00000000e+00 0.00000000e+00 0.00000000e+00 0.00000000e+00
 0.00000000e+00 0.00000000e+00 0.00000000e+00 0.00000000e+00
 0.00000000e+00 0.00000000e+00 0.00000000e+00 0.00000000e+00
 0.00000000e+00 0.00000000e+00 0.00000000e+00 0.00000000e+00
 0.00000000e+00 0.00000000e+00 0.00000000e+00 0.00000000e+00
 0.00000000e+00 0.00000000e+00 0.00000000e+00 0.00000000e+00
 0.00000000e+00 0.00000000e+00 0.00000000e+00 0.00000000e+00
 0.00000000e+00 0.00000000e+00 0.00000000e+00 0.00000000e+00
 0.00000000e+00 0.00000000e+00 0.00000000e+00 0.00000000e+00
 0.00000000e+00 0.00000000e+00 0.00000000e+00 0.00000000e+00
 0.00000000e+00 0.00000000e+00 0.00000000e+00 0.00000000e+00
 0.00000000e+00 0.00000000e+00 0.00000000e+00 0.00000000e+00
 0.00000000e+00 0.00000000e+00]
[WARNING]: Quasi-static verification failed
[WARNING]: Max normalized derivatives: dVg/dt=2.50e+11, dVd/dt=0.00e+00, dId/dt=2.70e+10

  ngspice: ✓ PASS  (91.5s)

✓ Benchmark completed: /home/duhaochen/website-trial-v1/data/spice-model-benchmark/e80db373657c86ef6f4af12cddd4b3b9/ngspice
