$ /usr/bin/time -v -o /home/duhaochen/website-trial-v1/data/spice-model-benchmark/cbbfcef815d88a678131af7b7339f103/ngspice/resource.txt /usr/bin/python -m spice_model_benchmark.cli /home/duhaochen/pipeline_full_collection/benchmark-inputs/cbbfcef815d88a678131af7b7339f103/ngspice.lib --simulator ngspice --modes dc transient ac noise --output-dir /home/duhaochen/website-trial-v1/data/spice-model-benchmark/cbbfcef815d88a678131af7b7339f103 --dpi 120 --log-level WARNING
/home/duhaochen/spice_model_benchmark/src/spice_model_benchmark/verification_manager.py:1557: RuntimeWarning: divide by zero encountered in divide
  tc = np.mean((d_ids / d_temp) / np.abs(i_ds[:-1]))
SPICE Model Benchmark: /home/duhaochen/pipeline_full_collection/benchmark-inputs/cbbfcef815d88a678131af7b7339f103/ngspice.lib
Simulators: ngspice
Modes: dc, transient, ac, noise
------------------------------------------------------------

============================================================
  Running: NGSPICE
  Output:  /home/duhaochen/website-trial-v1/data/spice-model-benchmark/cbbfcef815d88a678131af7b7339f103/ngspice
============================================================
Vgs range: -1.200V to 0.000V
Ids range: 0.000e+00A to 3.052e-04A
Selected Vgs values: [-1.2 -1.  -0.8 -0.6 -0.4 -0.2  0. ]
Vgs=-1.200V: Ids range 0.000e+00A to 3.052e-04A
Vgs=-1.000V: Ids range 0.000e+00A to 1.860e-04A
Vgs=-0.800V: Ids range 0.000e+00A to 8.991e-05A
Vgs=-0.600V: Ids range 0.000e+00A to 2.404e-05A
Vgs=-0.400V: Ids range 0.000e+00A to 6.792e-07A
Vgs=-0.200V: Ids range 0.000e+00A to 8.646e-09A
Vgs=0.000V: Ids range 7.390e-15A to 6.782e-11A
ids_variation: 6.091828681237768
ids_variation <= max_variation: False
tc: inf
abs(tc) <= max_tc: False
[WARNING]: Temperature effects verification failed - effects outside expected range
/home/duhaochen/spice_model_benchmark/src/spice_model_benchmark/verification_manager.py:1817: RuntimeWarning: divide by zero encountered in log
  log_ids = np.log(np.abs(i_ds))
/home/duhaochen/.local/lib/python3.9/site-packages/numpy/lib/function_base.py:2742: RuntimeWarning: invalid value encountered in subtract
  X -= avg[:, None]
/home/duhaochen/spice_model_benchmark/src/spice_model_benchmark/verification_manager.py:1862: RuntimeWarning: divide by zero encountered in divide
  efficiency = np.abs(gm / i_ds)  # Transconductance efficiency
[INFO]: S-parameter analysis plot saved to /home/duhaochen/website-trial-v1/data/spice-model-benchmark/cbbfcef815d88a678131af7b7339f103/ngspice/plots/ac_cv_sparameter_analysis.png
[INFO]: NQS effects plot saved to /home/duhaochen/website-trial-v1/data/spice-model-benchmark/cbbfcef815d88a678131af7b7339f103/ngspice/plots/ac_cv_nqs_effects.png
[INFO]: S-parameter analysis plot saved to /home/duhaochen/website-trial-v1/data/spice-model-benchmark/cbbfcef815d88a678131af7b7339f103/ngspice/plots/ac_cv_sparameter_analysis.png
norm_dvg: [2.50000000e+11 1.25000000e+11 6.25000000e+10 3.12500000e+10
 1.56250000e+10 7.81250019e+09 7.07390303e+09 6.34066854e+09
 5.90007437e+09 5.39937362e+09 5.02306969e+09 4.74440509e+09
 4.45801676e+09 4.18614798e+09 3.90236338e+09 3.62192324e+09
 3.22364344e+09 3.05284433e+09 2.91214196e+09 2.78308295e+09
 2.65647945e+09 2.52665419e+09 2.48743922e+09 2.45932375e+09
 2.43937193e+09 2.41917194e+09 2.39592817e+09 2.37010513e+09
 2.34271924e+09 2.32227194e+09 2.30965059e+09 2.29933203e+09
 2.28789688e+09 2.27391541e+09 2.25540130e+09 2.24056116e+09
 2.22399955e+09 2.20861489e+09 2.19766091e+09 2.18335945e+09
 2.17050701e+09 2.15741032e+09 2.14354307e+09 2.12696017e+09
 2.11019997e+09 2.08832653e+09 2.06211504e+09 2.03058279e+09
 2.00000000e+09 1.99399323e+09 1.98208911e+09 1.96174641e+09
 1.92228931e+09 1.84795311e+09 1.71528993e+09 1.49993196e+09
 1.20062770e+09 1.00000029e+09 9.94369813e+08 9.83296511e+08
 9.61874697e+08 9.21713792e+08 8.50677804e+08 7.37066994e+08
 5.81692984e+08 4.09181674e+08 3.08270698e+08 2.47285900e+08
 2.06445125e+08 1.77182372e+08 1.57568840e+08 1.45726038e+08
 1.33709930e+08 1.25407699e+08 1.18391902e+08 1.11260194e+08
 1.04383953e+08 9.96015170e+07 9.52394770e+07 9.52068470e+07
 9.51442969e+07 9.50197300e+07 9.47714578e+07 9.42788708e+07
 9.33087778e+07 9.31212056e+07 9.27491681e+07 9.25978853e+07
 9.24803110e+07 9.23772683e+07 9.22379734e+07 9.21093540e+07
 9.20044252e+07 9.18704007e+07 9.17263463e+07 9.16871994e+07
 9.16474166e+07 9.16195735e+07 9.15824474e+07 9.15428616e+07
 9.14966903e+07 9.14742547e+07 9.14532478e+07 9.14386714e+07
 9.14165267e+07 9.13967606e+07 9.13717960e+07 9.13487295e+07
 9.13160566e+07 9.12918021e+07 9.12742153e+07 9.12470018e+07
 9.12246933e+07 9.12008564e+07 9.11705951e+07 9.11417709e+07
 9.11050514e+07 9.10569653e+07 9.09943586e+07 9.09054851e+07
 9.08986743e+07 9.08781487e+07 9.08363750e+07 9.07531673e+07
 9.05872080e+07 9.02574935e+07 8.96050300e+07 8.83279460e+07
 8.73545770e+07 8.68907418e+07 8.64727265e+07 8.62118571e+07
 8.60131367e+07 8.58299585e+07 8.55942852e+07 8.53705539e+07
 8.52001370e+07 8.49653303e+07 8.47205894e+07 8.43349428e+07
 8.38312344e+07 8.33329635e+07 8.32813975e+07 8.31771207e+07
 8.29699219e+07 8.25583101e+07 8.17473464e+07 8.01723107e+07
 7.71975515e+07 7.27072916e+07 6.87106778e+07 6.51305466e+07
 6.19050165e+07 5.89839009e+07 5.63260373e+07 5.38973743e+07
 5.18755944e+07 0.00000000e+00 0.00000000e+00 0.00000000e+00
 0.00000000e+00 0.00000000e+00 0.00000000e+00 0.00000000e+00
 0.00000000e+00 0.00000000e+00 0.00000000e+00 0.00000000e+00
 0.00000000e+00 0.00000000e+00 0.00000000e+00 0.00000000e+00
 0.00000000e+00 0.00000000e+00 0.00000000e+00 0.00000000e+00
 0.00000000e+00 0.00000000e+00 0.00000000e+00 0.00000000e+00
 0.00000000e+00 0.00000000e+00 0.00000000e+00 0.00000000e+00
 0.00000000e+00 0.00000000e+00 0.00000000e+00 0.00000000e+00
 0.00000000e+00 0.00000000e+00 0.00000000e+00 0.00000000e+00
 0.00000000e+00 0.00000000e+00 0.00000000e+00 0.00000000e+00
 0.00000000e+00 0.00000000e+00 0.00000000e+00 0.00000000e+00
 0.00000000e+00 0.00000000e+00 0.00000000e+00 0.00000000e+00
 0.00000000e+00 0.00000000e+00 0.00000000e+00 0.00000000e+00
 0.00000000e+00 0.00000000e+00 0.00000000e+00 0.00000000e+00
 0.00000000e+00 0.00000000e+00 0.00000000e+00 0.00000000e+00
 0.00000000e+00 0.00000000e+00 0.00000000e+00 0.00000000e+00
 0.00000000e+00 0.00000000e+00 0.00000000e+00 0.00000000e+00
 0.00000000e+00 0.00000000e+00 0.00000000e+00 0.00000000e+00
 0.00000000e+00 0.00000000e+00 0.00000000e+00 0.00000000e+00
 0.00000000e+00 0.00000000e+00 0.00000000e+00 0.00000000e+00
 0.00000000e+00 0.00000000e+00 0.00000000e+00 0.00000000e+00
 0.00000000e+00 0.00000000e+00 0.00000000e+00 0.00000000e+00
 0.00000000e+00 0.00000000e+00 0.00000000e+00 0.00000000e+00
 0.00000000e+00 0.00000000e+00 0.00000000e+00 0.00000000e+00
 0.00000000e+00 0.00000000e+00 0.00000000e+00 0.00000000e+00
 0.00000000e+00 0.00000000e+00 0.00000000e+00 0.00000000e+00
 0.00000000e+00 0.00000000e+00 0.00000000e+00 0.00000000e+00
 0.00000000e+00 0.00000000e+00 0.00000000e+00 0.00000000e+00
 0.00000000e+00 0.00000000e+00 0.00000000e+00 0.00000000e+00
 0.00000000e+00 0.00000000e+00 0.00000000e+00 0.00000000e+00
 0.00000000e+00 0.00000000e+00 0.00000000e+00 0.00000000e+00
 0.00000000e+00 0.00000000e+00 0.00000000e+00 0.00000000e+00
 0.00000000e+00 0.00000000e+00 0.00000000e+00 0.00000000e+00
 0.00000000e+00 0.00000000e+00 0.00000000e+00 0.00000000e+00
 0.00000000e+00 0.00000000e+00 0.00000000e+00 0.00000000e+00
 0.00000000e+00 0.00000000e+00 0.00000000e+00 0.00000000e+00
 0.00000000e+00 0.00000000e+00 0.00000000e+00 0.00000000e+00
 0.00000000e+00 0.00000000e+00 0.00000000e+00 0.00000000e+00
 0.00000000e+00 0.00000000e+00 0.00000000e+00 0.00000000e+00]
norm_dvd: [0. 0. 0. 0. 0. 0. 0. 0. 0. 0. 0. 0. 0. 0. 0. 0. 0. 0. 0. 0. 0. 0. 0. 0.
 0. 0. 0. 0. 0. 0. 0. 0. 0. 0. 0. 0. 0. 0. 0. 0. 0. 0. 0. 0. 0. 0. 0. 0.
 0. 0. 0. 0. 0. 0. 0. 0. 0. 0. 0. 0. 0. 0. 0. 0. 0. 0. 0. 0. 0. 0. 0. 0.
 0. 0. 0. 0. 0. 0. 0. 0. 0. 0. 0. 0. 0. 0. 0. 0. 0. 0. 0. 0. 0. 0. 0. 0.
 0. 0. 0. 0. 0. 0. 0. 0. 0. 0. 0. 0. 0. 0. 0. 0. 0. 0. 0. 0. 0. 0. 0. 0.
 0. 0. 0. 0. 0. 0. 0. 0. 0. 0. 0. 0. 0. 0. 0. 0. 0. 0. 0. 0. 0. 0. 0. 0.
 0. 0. 0. 0. 0. 0. 0. 0. 0. 0. 0. 0. 0. 0. 0. 0. 0. 0. 0. 0. 0. 0. 0. 0.
 0. 0. 0. 0. 0. 0. 0. 0. 0. 0. 0. 0. 0. 0. 0. 0. 0. 0. 0. 0. 0. 0. 0. 0.
 0. 0. 0. 0. 0. 0. 0. 0. 0. 0. 0. 0. 0. 0. 0. 0. 0. 0. 0. 0. 0. 0. 0. 0.
 0. 0. 0. 0. 0. 0. 0. 0. 0. 0. 0. 0. 0. 0. 0. 0. 0. 0. 0. 0. 0. 0. 0. 0.
 0. 0. 0. 0. 0. 0. 0. 0. 0. 0. 0. 0. 0. 0. 0. 0. 0. 0. 0. 0. 0. 0. 0. 0.
 0. 0. 0. 0. 0. 0. 0. 0. 0. 0. 0. 0. 0. 0. 0. 0. 0. 0. 0. 0. 0. 0. 0. 0.
 0. 0. 0. 0. 0. 0. 0. 0. 0. 0. 0. 0. 0. 0. 0. 0. 0. 0. 0. 0. 0. 0. 0. 0.]
norm_did: [3.43137915e+04 4.52318098e+04 3.50936329e+04 3.66533293e+04
 3.97727149e+04 5.13497565e+04 4.65601575e+04 4.76760504e+04
 4.84267370e+04 5.03609454e+04 5.17540609e+04 5.29868736e+04
 5.43878205e+04 5.63839568e+04 5.84844413e+04 6.10864735e+04
 6.68618672e+04 6.85906369e+04 7.01295573e+04 7.21358020e+04
 7.51532257e+04 7.99897867e+04 8.00870525e+04 7.87884410e+04
 8.01925633e+04 7.93423049e+04 8.09456418e+04 8.09517253e+04
 8.29993642e+04 8.21838208e+04 8.34947827e+04 8.60897024e+04
 8.35744851e+04 8.46799855e+04 8.49752360e+04 8.44723503e+04
 8.76392697e+04 8.57014331e+04 8.79108394e+04 8.74153974e+04
 8.92216965e+04 8.73815742e+04 9.09100266e+04 8.85459966e+04
 9.17533749e+04 9.12235068e+04 9.36153404e+04 9.44437407e+04
 3.72803875e+04 1.28410259e+05 9.65931200e+04 9.77855689e+04
 1.00766733e+05 1.06579976e+05 1.18728073e+05 1.47630496e+05
 2.14738952e+05 1.04440695e+06 3.65760610e+05 2.85060614e+05
 3.02134825e+05 3.40069123e+05 4.30564256e+05 6.89840437e+05
 1.77643724e+06 8.17836663e+06 4.27596780e+07 1.96495541e+08
 7.40830980e+08 1.82036619e+09 1.62879135e+09 7.75878719e+07
 1.77173079e+09 2.89242512e+10 3.32658288e+09 1.55230952e+09
 9.53249998e+08 7.34014503e+08 6.08468398e+08 5.71595362e+08
 5.71230993e+08 5.68831316e+08 5.64080478e+08 5.54776315e+08
 5.28640991e+08 5.25318988e+08 5.16204976e+08 5.12817278e+08
 5.10277563e+08 5.08280057e+08 5.05348099e+08 5.02588668e+08
 5.00562152e+08 4.97908298e+08 4.94506606e+08 4.93726976e+08
 4.92918911e+08 4.92362113e+08 4.91664759e+08 4.90878354e+08
 4.89914106e+08 4.89376256e+08 4.89018092e+08 4.88723417e+08
 4.88314172e+08 4.87890052e+08 4.87426107e+08 4.86985018e+08
 4.86352840e+08 4.85849647e+08 4.85505359e+08 4.85024115e+08
 4.84527546e+08 4.84094867e+08 4.83568637e+08 4.82984499e+08
 4.82336960e+08 4.81491647e+08 4.80373501e+08 4.79529553e+08
 4.77714477e+08 4.77962181e+08 4.77348935e+08 4.76126949e+08
 4.73699634e+08 4.68919339e+08 4.59640878e+08 4.36459639e+08
 4.18918078e+08 4.11589726e+08 4.04757203e+08 4.00690021e+08
 3.97754615e+08 3.95296782e+08 3.91904759e+08 3.88579573e+08
 3.86429840e+08 3.83234035e+08 3.80369497e+08 3.75599747e+08
 3.68991617e+08 3.61878440e+08 3.60466011e+08 3.59777395e+08
 3.57841243e+08 3.54038592e+08 3.46706849e+08 3.33047283e+08
 3.06667365e+08 2.65388589e+08 2.34114452e+08 2.09439773e+08
 1.89387668e+08 1.72723514e+08 1.58632290e+08 1.46281657e+08
 1.36784906e+08 1.80391931e+09 0.00000000e+00 0.00000000e+00
 0.00000000e+00 0.00000000e+00 0.00000000e+00 0.00000000e+00
 0.00000000e+00 0.00000000e+00 0.00000000e+00 0.00000000e+00
 0.00000000e+00 0.00000000e+00 0.00000000e+00 0.00000000e+00
 0.00000000e+00 0.00000000e+00 0.00000000e+00 0.00000000e+00
 0.00000000e+00 0.00000000e+00 0.00000000e+00 0.00000000e+00
 0.00000000e+00 0.00000000e+00 0.00000000e+00 0.00000000e+00
 0.00000000e+00 0.00000000e+00 0.00000000e+00 0.00000000e+00
 0.00000000e+00 0.00000000e+00 0.00000000e+00 0.00000000e+00
 0.00000000e+00 0.00000000e+00 0.00000000e+00 0.00000000e+00
 0.00000000e+00 0.00000000e+00 0.00000000e+00 0.00000000e+00
 0.00000000e+00 0.00000000e+00 0.00000000e+00 0.00000000e+00
 0.00000000e+00 0.00000000e+00 0.00000000e+00 0.00000000e+00
 0.00000000e+00 0.00000000e+00 0.00000000e+00 0.00000000e+00
 0.00000000e+00 0.00000000e+00 0.00000000e+00 0.00000000e+00
 0.00000000e+00 0.00000000e+00 0.00000000e+00 0.00000000e+00
 0.00000000e+00 0.00000000e+00 0.00000000e+00 0.00000000e+00
 0.00000000e+00 0.00000000e+00 0.00000000e+00 0.00000000e+00
 0.00000000e+00 0.00000000e+00 0.00000000e+00 0.00000000e+00
 0.00000000e+00 0.00000000e+00 0.00000000e+00 0.00000000e+00
 0.00000000e+00 0.00000000e+00 0.00000000e+00 0.00000000e+00
 0.00000000e+00 0.00000000e+00 0.00000000e+00 0.00000000e+00
 0.00000000e+00 0.00000000e+00 0.00000000e+00 0.00000000e+00
 0.00000000e+00 0.00000000e+00 0.00000000e+00 0.00000000e+00
 0.00000000e+00 0.00000000e+00 0.00000000e+00 0.00000000e+00
 0.00000000e+00 0.00000000e+00 0.00000000e+00 0.00000000e+00
 0.00000000e+00 0.00000000e+00 0.00000000e+00 0.00000000e+00
 0.00000000e+00 0.00000000e+00 0.00000000e+00 0.00000000e+00
 0.00000000e+00 0.00000000e+00 0.00000000e+00 0.00000000e+00
 0.00000000e+00 0.00000000e+00 0.00000000e+00 0.00000000e+00
 0.00000000e+00 0.00000000e+00 0.00000000e+00 0.00000000e+00
 0.00000000e+00 0.00000000e+00 0.00000000e+00 0.00000000e+00
 0.00000000e+00 0.00000000e+00 0.00000000e+00 0.00000000e+00
 0.00000000e+00 0.00000000e+00 0.00000000e+00 0.00000000e+00
 0.00000000e+00 0.00000000e+00 0.00000000e+00 0.00000000e+00
 0.00000000e+00 0.00000000e+00 0.00000000e+00 0.00000000e+00
 0.00000000e+00 0.00000000e+00 0.00000000e+00 0.00000000e+00
 0.00000000e+00 0.00000000e+00 0.00000000e+00 0.00000000e+00
 0.00000000e+00 0.00000000e+00 0.00000000e+00 0.00000000e+00]
[WARNING]: Quasi-static verification failed
[WARNING]: Max normalized derivatives: dVg/dt=2.50e+11, dVd/dt=0.00e+00, dId/dt=2.89e+10

  ngspice: ✓ PASS  (56.0s)

✓ Benchmark completed: /home/duhaochen/website-trial-v1/data/spice-model-benchmark/cbbfcef815d88a678131af7b7339f103/ngspice
