
6. Printing statistics.

=== adder_top ===

        +----------Local Count, excluding submodules.
        |        +-Local Area, excluding submodules.
        |        | 
      167        - wires
      260        - wire bits
        5        - public wires
       98        - public wire bits
        5        - ports
       98        - port bits
      195 4.03E+03 cells
        9  158.054   gf180mcu_fd_sc_mcu7t5v0__and2_1
        1   21.952   gf180mcu_fd_sc_mcu7t5v0__and3_1
       15  263.424   gf180mcu_fd_sc_mcu7t5v0__aoi21_1
        4   96.589   gf180mcu_fd_sc_mcu7t5v0__aoi221_1
        3    59.27   gf180mcu_fd_sc_mcu7t5v0__aoi22_1
        9   79.027   gf180mcu_fd_sc_mcu7t5v0__clkinv_1
       31  340.256   gf180mcu_fd_sc_mcu7t5v0__nand2_1
        7  107.565   gf180mcu_fd_sc_mcu7t5v0__nand3_1
        1   19.757   gf180mcu_fd_sc_mcu7t5v0__nand4_1
       16  210.739   gf180mcu_fd_sc_mcu7t5v0__nor2_1
        1   17.562   gf180mcu_fd_sc_mcu7t5v0__nor3_1
        7  153.664   gf180mcu_fd_sc_mcu7t5v0__nor4_1
        1   21.952   gf180mcu_fd_sc_mcu7t5v0__oai211_1
        8  140.493   gf180mcu_fd_sc_mcu7t5v0__oai21_1
        2   48.294   gf180mcu_fd_sc_mcu7t5v0__oai31_1
        1   17.562   gf180mcu_fd_sc_mcu7t5v0__or2_1
        1   21.952   gf180mcu_fd_sc_mcu7t5v0__or3_1
       20  570.752   gf180mcu_fd_sc_mcu7t5v0__xnor2_1
        3  158.054   gf180mcu_fd_sc_mcu7t5v0__xnor3_1
       52 1.37E+03   gf180mcu_fd_sc_mcu7t5v0__xor2_1
        3  151.469   gf180mcu_fd_sc_mcu7t5v0__xor3_1

   Chip area for module '\adder_top': 4028.192000
     of which used for sequential elements: 0.000000 (0.00%)

