$ /usr/bin/time -v -o /home/duhaochen/website-trial-v1/data/spice-model-benchmark/8fe2cab35001be52c78120bad63edea4/ngspice/resource.txt /usr/bin/python -m spice_model_benchmark.cli /home/duhaochen/pipeline_full_collection/benchmark-inputs/8fe2cab35001be52c78120bad63edea4/ngspice.lib --simulator ngspice --modes dc transient ac noise --output-dir /home/duhaochen/website-trial-v1/data/spice-model-benchmark/8fe2cab35001be52c78120bad63edea4 --dpi 120 --log-level WARNING
/home/duhaochen/spice_model_benchmark/src/spice_model_benchmark/verification_manager.py:1557: RuntimeWarning: divide by zero encountered in divide
  tc = np.mean((d_ids / d_temp) / np.abs(i_ds[:-1]))
SPICE Model Benchmark: /home/duhaochen/pipeline_full_collection/benchmark-inputs/8fe2cab35001be52c78120bad63edea4/ngspice.lib
Simulators: ngspice
Modes: dc, transient, ac, noise
------------------------------------------------------------

============================================================
  Running: NGSPICE
  Output:  /home/duhaochen/website-trial-v1/data/spice-model-benchmark/8fe2cab35001be52c78120bad63edea4/ngspice
============================================================
Vgs range: -1.200V to 0.000V
Ids range: 0.000e+00A to 3.682e-04A
Selected Vgs values: [-1.2 -1.  -0.8 -0.6 -0.4 -0.2  0. ]
Vgs=-1.200V: Ids range 0.000e+00A to 3.682e-04A
Vgs=-1.000V: Ids range 0.000e+00A to 2.284e-04A
Vgs=-0.800V: Ids range 0.000e+00A to 1.146e-04A
Vgs=-0.600V: Ids range 0.000e+00A to 3.465e-05A
Vgs=-0.400V: Ids range 0.000e+00A to 1.331e-06A
Vgs=-0.200V: Ids range 0.000e+00A to 1.988e-08A
Vgs=0.000V: Ids range 3.324e-14A to 1.696e-10A
ids_variation: 6.042565320545991
ids_variation <= max_variation: False
tc: inf
abs(tc) <= max_tc: False
[WARNING]: Temperature effects verification failed - effects outside expected range
/home/duhaochen/spice_model_benchmark/src/spice_model_benchmark/verification_manager.py:1817: RuntimeWarning: divide by zero encountered in log
  log_ids = np.log(np.abs(i_ds))
/home/duhaochen/.local/lib/python3.9/site-packages/numpy/lib/function_base.py:2742: RuntimeWarning: invalid value encountered in subtract
  X -= avg[:, None]
/home/duhaochen/spice_model_benchmark/src/spice_model_benchmark/verification_manager.py:1862: RuntimeWarning: divide by zero encountered in divide
  efficiency = np.abs(gm / i_ds)  # Transconductance efficiency
[INFO]: S-parameter analysis plot saved to /home/duhaochen/website-trial-v1/data/spice-model-benchmark/8fe2cab35001be52c78120bad63edea4/ngspice/plots/ac_cv_sparameter_analysis.png
[INFO]: NQS effects plot saved to /home/duhaochen/website-trial-v1/data/spice-model-benchmark/8fe2cab35001be52c78120bad63edea4/ngspice/plots/ac_cv_nqs_effects.png
[INFO]: S-parameter analysis plot saved to /home/duhaochen/website-trial-v1/data/spice-model-benchmark/8fe2cab35001be52c78120bad63edea4/ngspice/plots/ac_cv_sparameter_analysis.png
norm_dvg: [2.50000000e+11 1.25000000e+11 6.25000000e+10 3.12500000e+10
 1.56250000e+10 7.81250009e+09 6.98459875e+09 6.37904344e+09
 5.76675345e+09 5.24322559e+09 4.91613405e+09 4.58340823e+09
 4.25950315e+09 3.90725932e+09 3.57865417e+09 3.25598377e+09
 3.07632176e+09 2.92991684e+09 2.79499810e+09 2.66567938e+09
 2.53397724e+09 2.48925730e+09 2.46275981e+09 2.44126071e+09
 2.42146860e+09 2.39901087e+09 2.37289254e+09 2.34618987e+09
 2.32184347e+09 2.30764828e+09 2.29745085e+09 2.28598738e+09
 2.27187123e+09 2.25241964e+09 2.23657743e+09 2.21810840e+09
 2.20448302e+09 2.19324615e+09 2.17957877e+09 2.16457828e+09
 2.15293947e+09 2.13919813e+09 2.12273035e+09 2.10511790e+09
 2.08199077e+09 2.05326896e+09 2.02628429e+09 1.99999949e+09
 1.99482425e+09 1.98455462e+09 1.96566998e+09 1.92895931e+09
 1.85950368e+09 1.73458972e+09 1.52914588e+09 1.23629399e+09
 9.99999456e+08 9.93907789e+08 9.81942520e+08 9.58856689e+08
 9.15795027e+08 8.40318727e+08 7.21407510e+08 5.62275366e+08
 3.90151662e+08 2.97344196e+08 2.40205279e+08 2.01486737e+08
 1.73517550e+08 1.57757723e+08 1.42508288e+08 1.29361459e+08
 1.20988078e+08 1.13054265e+08 1.04775715e+08 9.97795062e+07
 9.52389906e+07 9.52057206e+07 9.51414839e+07 9.50136051e+07
 9.47580158e+07 9.42514081e+07 9.32541099e+07 9.30840341e+07
 9.27458893e+07 9.25983524e+07 9.24516272e+07 9.23378105e+07
 9.22182555e+07 9.20814197e+07 9.19527098e+07 9.18066007e+07
 9.16731152e+07 9.16367457e+07 9.16052376e+07 9.15673584e+07
 9.15276881e+07 9.14856146e+07 9.14624242e+07 9.14450449e+07
 9.14271217e+07 9.14056318e+07 9.13731769e+07 9.13437742e+07
 9.13165130e+07 9.12927012e+07 9.12764690e+07 9.12506822e+07
 9.12218034e+07 9.11984399e+07 9.11703158e+07 9.11355413e+07
 9.10998624e+07 9.10486957e+07 9.09773256e+07 9.09090909e+07
 9.08963921e+07 9.08720319e+07 9.08242488e+07 9.07265928e+07
 9.05328341e+07 9.01478210e+07 8.93872543e+07 8.79042237e+07
 8.71025382e+07 8.66045807e+07 8.62593533e+07 8.60125796e+07
 8.58148382e+07 8.56169002e+07 8.53748928e+07 8.51238445e+07
 8.49072382e+07 8.46715975e+07 8.43485624e+07 8.38474247e+07
 8.33336385e+07 8.32700916e+07 8.31441235e+07 8.28953749e+07
 8.24023543e+07 8.14337231e+07 7.95631549e+07 7.60685223e+07
 7.17049317e+07 6.78148068e+07 6.43250539e+07 6.11768899e+07
 5.83224974e+07 5.57225928e+07 5.33445879e+07 5.16181838e+07
 0.00000000e+00 0.00000000e+00 0.00000000e+00 0.00000000e+00
 0.00000000e+00 0.00000000e+00 0.00000000e+00 0.00000000e+00
 0.00000000e+00 0.00000000e+00 0.00000000e+00 0.00000000e+00
 0.00000000e+00 0.00000000e+00 0.00000000e+00 0.00000000e+00
 0.00000000e+00 0.00000000e+00 0.00000000e+00 0.00000000e+00
 0.00000000e+00 0.00000000e+00 0.00000000e+00 0.00000000e+00
 0.00000000e+00 0.00000000e+00 0.00000000e+00 0.00000000e+00
 0.00000000e+00 0.00000000e+00 0.00000000e+00 0.00000000e+00
 0.00000000e+00 0.00000000e+00 0.00000000e+00 0.00000000e+00
 0.00000000e+00 0.00000000e+00 0.00000000e+00 0.00000000e+00
 0.00000000e+00 0.00000000e+00 0.00000000e+00 0.00000000e+00
 0.00000000e+00 0.00000000e+00 0.00000000e+00 0.00000000e+00
 0.00000000e+00 0.00000000e+00 0.00000000e+00 0.00000000e+00
 0.00000000e+00 0.00000000e+00 0.00000000e+00 0.00000000e+00
 0.00000000e+00 0.00000000e+00 0.00000000e+00 0.00000000e+00
 0.00000000e+00 0.00000000e+00 0.00000000e+00 0.00000000e+00
 0.00000000e+00 0.00000000e+00 0.00000000e+00 0.00000000e+00
 0.00000000e+00 0.00000000e+00 0.00000000e+00 0.00000000e+00
 0.00000000e+00 0.00000000e+00 0.00000000e+00 0.00000000e+00
 0.00000000e+00 0.00000000e+00 0.00000000e+00 0.00000000e+00
 0.00000000e+00 0.00000000e+00 0.00000000e+00 0.00000000e+00
 0.00000000e+00 0.00000000e+00 0.00000000e+00 0.00000000e+00
 0.00000000e+00 0.00000000e+00 0.00000000e+00 0.00000000e+00
 0.00000000e+00 0.00000000e+00 0.00000000e+00 0.00000000e+00
 0.00000000e+00 0.00000000e+00 0.00000000e+00 0.00000000e+00
 0.00000000e+00 0.00000000e+00 0.00000000e+00 0.00000000e+00
 0.00000000e+00 0.00000000e+00 0.00000000e+00 0.00000000e+00
 0.00000000e+00 0.00000000e+00 0.00000000e+00 0.00000000e+00
 0.00000000e+00 0.00000000e+00 0.00000000e+00 0.00000000e+00
 0.00000000e+00 0.00000000e+00 0.00000000e+00 0.00000000e+00
 0.00000000e+00 0.00000000e+00 0.00000000e+00 0.00000000e+00
 0.00000000e+00 0.00000000e+00 0.00000000e+00 0.00000000e+00
 0.00000000e+00 0.00000000e+00 0.00000000e+00 0.00000000e+00
 0.00000000e+00 0.00000000e+00 0.00000000e+00 0.00000000e+00
 0.00000000e+00 0.00000000e+00 0.00000000e+00 0.00000000e+00
 0.00000000e+00 0.00000000e+00 0.00000000e+00 0.00000000e+00
 0.00000000e+00 0.00000000e+00 0.00000000e+00 0.00000000e+00
 0.00000000e+00 0.00000000e+00 0.00000000e+00]
norm_dvd: [0. 0. 0. 0. 0. 0. 0. 0. 0. 0. 0. 0. 0. 0. 0. 0. 0. 0. 0. 0. 0. 0. 0. 0.
 0. 0. 0. 0. 0. 0. 0. 0. 0. 0. 0. 0. 0. 0. 0. 0. 0. 0. 0. 0. 0. 0. 0. 0.
 0. 0. 0. 0. 0. 0. 0. 0. 0. 0. 0. 0. 0. 0. 0. 0. 0. 0. 0. 0. 0. 0. 0. 0.
 0. 0. 0. 0. 0. 0. 0. 0. 0. 0. 0. 0. 0. 0. 0. 0. 0. 0. 0. 0. 0. 0. 0. 0.
 0. 0. 0. 0. 0. 0. 0. 0. 0. 0. 0. 0. 0. 0. 0. 0. 0. 0. 0. 0. 0. 0. 0. 0.
 0. 0. 0. 0. 0. 0. 0. 0. 0. 0. 0. 0. 0. 0. 0. 0. 0. 0. 0. 0. 0. 0. 0. 0.
 0. 0. 0. 0. 0. 0. 0. 0. 0. 0. 0. 0. 0. 0. 0. 0. 0. 0. 0. 0. 0. 0. 0. 0.
 0. 0. 0. 0. 0. 0. 0. 0. 0. 0. 0. 0. 0. 0. 0. 0. 0. 0. 0. 0. 0. 0. 0. 0.
 0. 0. 0. 0. 0. 0. 0. 0. 0. 0. 0. 0. 0. 0. 0. 0. 0. 0. 0. 0. 0. 0. 0. 0.
 0. 0. 0. 0. 0. 0. 0. 0. 0. 0. 0. 0. 0. 0. 0. 0. 0. 0. 0. 0. 0. 0. 0. 0.
 0. 0. 0. 0. 0. 0. 0. 0. 0. 0. 0. 0. 0. 0. 0. 0. 0. 0. 0. 0. 0. 0. 0. 0.
 0. 0. 0. 0. 0. 0. 0. 0. 0. 0. 0. 0. 0. 0. 0. 0. 0. 0. 0. 0. 0. 0. 0. 0.
 0. 0. 0. 0. 0. 0. 0. 0. 0. 0. 0. 0. 0. 0. 0.]
norm_did: [6.91908179e+04 9.55133852e+04 7.10709292e+04 7.38911201e+04
 8.01895375e+04 1.03896441e+05 9.56186580e+04 9.57901935e+04
 9.90329091e+04 1.03360000e+05 1.05528245e+05 1.08428597e+05
 1.12570499e+05 1.18020923e+05 1.24273400e+05 1.33164141e+05
 1.37047041e+05 1.40591963e+05 1.45236927e+05 1.50581849e+05
 1.61232042e+05 1.60077764e+05 1.59825873e+05 1.59938291e+05
 1.60286946e+05 1.62601056e+05 1.63065004e+05 1.65572614e+05
 1.68047397e+05 1.68919138e+05 1.68114445e+05 1.68227838e+05
 1.70946977e+05 1.70250488e+05 1.72928514e+05 1.74883038e+05
 1.73428295e+05 1.76774864e+05 1.75970416e+05 1.78241678e+05
 1.79481761e+05 1.79154339e+05 1.81655978e+05 1.82423623e+05
 1.85353166e+05 1.88302445e+05 1.90157380e+05 5.56557497e+04
 2.64364792e+05 1.93874899e+05 1.96360291e+05 2.01331044e+05
 2.11117147e+05 2.32630866e+05 2.82181204e+05 4.00986342e+05
 2.44642346e+06 7.53640824e+05 5.66942429e+05 6.02874053e+05
 6.81662901e+05 8.70096941e+05 1.41176174e+06 3.66393578e+06
 1.78241026e+07 8.65041241e+07 3.47934084e+08 1.13302670e+09
 1.59839443e+09 2.67940068e+08 4.77403771e+09 4.03432065e+09
 1.74188936e+09 1.09123381e+09 7.15505192e+08 5.81904081e+08
 4.88207306e+08 4.72378650e+08 4.71996395e+08 4.70385803e+08
 4.67189850e+08 4.60917242e+08 4.42345988e+08 4.40345567e+08
 4.34624714e+08 4.32457455e+08 4.30197759e+08 4.28572527e+08
 4.26910316e+08 4.24921446e+08 4.23153727e+08 4.21044530e+08
 4.18845538e+08 4.18320331e+08 4.17882520e+08 4.17383133e+08
 4.16820689e+08 4.16174130e+08 4.15839383e+08 4.15615851e+08
 4.15380286e+08 4.15104737e+08 4.14641275e+08 4.14253824e+08
 4.13824151e+08 4.13520035e+08 4.13285211e+08 4.12974571e+08
 4.12559154e+08 4.12245099e+08 4.11865046e+08 4.11439090e+08
 4.10966928e+08 4.10358439e+08 4.09376213e+08 4.08869263e+08
 4.07841124e+08 4.07894940e+08 4.07405279e+08 4.06421541e+08
 4.04471910e+08 4.00630596e+08 3.93173833e+08 3.72864326e+08
 3.62659699e+08 3.56604625e+08 3.52513638e+08 3.49687180e+08
 3.47553732e+08 3.45565467e+08 3.43029188e+08 3.40302716e+08
 3.38109079e+08 3.35928800e+08 3.33128512e+08 3.28153257e+08
 3.22289964e+08 3.21312220e+08 3.20590498e+08 3.18852270e+08
 3.15438224e+08 3.08848769e+08 2.96535754e+08 2.70431612e+08
 2.38282518e+08 2.12982765e+08 1.92459528e+08 1.75427168e+08
 1.61039382e+08 1.48712273e+08 1.37490802e+08 1.30122487e+08
 1.47774791e+09 0.00000000e+00 0.00000000e+00 0.00000000e+00
 0.00000000e+00 0.00000000e+00 0.00000000e+00 0.00000000e+00
 0.00000000e+00 0.00000000e+00 0.00000000e+00 0.00000000e+00
 0.00000000e+00 0.00000000e+00 0.00000000e+00 0.00000000e+00
 0.00000000e+00 0.00000000e+00 0.00000000e+00 0.00000000e+00
 0.00000000e+00 0.00000000e+00 0.00000000e+00 0.00000000e+00
 0.00000000e+00 0.00000000e+00 0.00000000e+00 0.00000000e+00
 0.00000000e+00 0.00000000e+00 0.00000000e+00 0.00000000e+00
 0.00000000e+00 0.00000000e+00 0.00000000e+00 0.00000000e+00
 0.00000000e+00 0.00000000e+00 0.00000000e+00 0.00000000e+00
 0.00000000e+00 0.00000000e+00 0.00000000e+00 0.00000000e+00
 0.00000000e+00 0.00000000e+00 0.00000000e+00 0.00000000e+00
 0.00000000e+00 0.00000000e+00 0.00000000e+00 0.00000000e+00
 0.00000000e+00 0.00000000e+00 0.00000000e+00 0.00000000e+00
 0.00000000e+00 0.00000000e+00 0.00000000e+00 0.00000000e+00
 0.00000000e+00 0.00000000e+00 0.00000000e+00 0.00000000e+00
 0.00000000e+00 0.00000000e+00 0.00000000e+00 0.00000000e+00
 0.00000000e+00 0.00000000e+00 0.00000000e+00 0.00000000e+00
 0.00000000e+00 0.00000000e+00 0.00000000e+00 0.00000000e+00
 0.00000000e+00 0.00000000e+00 0.00000000e+00 0.00000000e+00
 0.00000000e+00 0.00000000e+00 0.00000000e+00 0.00000000e+00
 0.00000000e+00 0.00000000e+00 0.00000000e+00 0.00000000e+00
 0.00000000e+00 0.00000000e+00 0.00000000e+00 0.00000000e+00
 0.00000000e+00 0.00000000e+00 0.00000000e+00 0.00000000e+00
 0.00000000e+00 0.00000000e+00 0.00000000e+00 0.00000000e+00
 0.00000000e+00 0.00000000e+00 0.00000000e+00 0.00000000e+00
 0.00000000e+00 0.00000000e+00 0.00000000e+00 0.00000000e+00
 0.00000000e+00 0.00000000e+00 0.00000000e+00 0.00000000e+00
 0.00000000e+00 0.00000000e+00 0.00000000e+00 0.00000000e+00
 0.00000000e+00 0.00000000e+00 0.00000000e+00 0.00000000e+00
 0.00000000e+00 0.00000000e+00 0.00000000e+00 0.00000000e+00
 0.00000000e+00 0.00000000e+00 0.00000000e+00 0.00000000e+00
 0.00000000e+00 0.00000000e+00 0.00000000e+00 0.00000000e+00
 0.00000000e+00 0.00000000e+00 0.00000000e+00 0.00000000e+00
 0.00000000e+00 0.00000000e+00 0.00000000e+00 0.00000000e+00
 0.00000000e+00 0.00000000e+00 0.00000000e+00 0.00000000e+00
 0.00000000e+00 0.00000000e+00 0.00000000e+00 0.00000000e+00
 0.00000000e+00 0.00000000e+00 0.00000000e+00]
[WARNING]: Quasi-static verification failed
[WARNING]: Max normalized derivatives: dVg/dt=2.50e+11, dVd/dt=0.00e+00, dId/dt=4.77e+09

  ngspice: ✓ PASS  (43.0s)

✓ Benchmark completed: /home/duhaochen/website-trial-v1/data/spice-model-benchmark/8fe2cab35001be52c78120bad63edea4/ngspice
