
6. Printing statistics.

=== adder_top ===

        +----------Local Count, excluding submodules.
        |        +-Local Area, excluding submodules.
        |        | 
       45        - wires
       66        - wire bits
        5        - public wires
       26        - public wire bits
        5        - ports
       26        - port bits
       49   160.97 cells
        4    9.386   AND2X1
        6   16.895   AOI21X1
        1    3.285   AOI22X1
        2    2.816   INVX1
        5    9.386   NAND2X1
        2    4.693   NAND3X1
        5   11.732   NOR2X1
        1    2.816   NOR3X1
        3    8.447   OAI21X1
        1    2.346   OR2X1
       11   51.623   XNOR2X1
        8   37.544   XOR2X1

   Chip area for module '\adder_top': 160.969900
     of which used for sequential elements: 0.000000 (0.00%)

