OpenSTA 3.1.0 543361765b Copyright (c) 2026, Parallax Software, Inc.
License GPLv3: GNU GPL version 3 <http://gnu.org/licenses/gpl.html>

This is free software, and you are free to change and redistribute it
under certain conditions; type `show_copying' for details. 
This program comes with ABSOLUTELY NO WARRANTY; for details type `show_warranty'.
Startpoint: b[0] (input port clocked by vclk)
Endpoint: sum[5] (output port clocked by vclk)
Path Group: vclk
Path Type: max

        Cap        Slew       Delay        Time   Description
---------------------------------------------------------------------------------------
               0.000000    0.000000    0.000000   clock vclk (rise edge)
                           0.000000    0.000000   clock network delay (ideal)
                           0.000000    0.000000 ^ input external delay
   0.011297    0.050000    0.000000    0.000000 ^ b[0] (in)
               0.050000    0.000000    0.000000 ^ _60_/B (XOR2X1)
   0.008009    0.069039    0.071620    0.071620 ^ _60_/Y (XOR2X1)
               0.069039    0.000000    0.071620 ^ _61_/B (AND2X1)
   0.004729    0.038688    0.046052    0.117672 ^ _61_/Y (AND2X1)
               0.038688    0.000000    0.117672 ^ _62_/B (AND2X1)
   0.008009    0.057643    0.058400    0.176072 ^ _62_/Y (AND2X1)
               0.057643    0.000000    0.176072 ^ _63_/B (AND2X1)
   0.008390    0.057397    0.058204    0.234276 ^ _63_/Y (AND2X1)
               0.057397    0.000000    0.234276 ^ _65_/B (AOI21X1)
   0.007205    0.028606    0.044222    0.278498 v _65_/Y (AOI21X1)
               0.028606    0.000000    0.278498 v _67_/A (NOR2X1)
   0.007375    0.050135    0.050003    0.328501 ^ _67_/Y (NOR2X1)
               0.050135    0.000000    0.328501 ^ _71_/C (AOI21X1)
   0.005004    0.023284    0.029135    0.357635 v _71_/Y (AOI21X1)
               0.023284    0.000000    0.357635 v _72_/B (XNOR2X1)
   0.010000    0.075775    0.075359    0.432994 ^ _72_/Y (XNOR2X1)
               0.075775    0.000000    0.432994 ^ sum[5] (out)
                                       0.432994   data arrival time

               0.000000  100.000000  100.000000   clock vclk (rise edge)
                           0.000000  100.000000   clock network delay (ideal)
                           0.000000  100.000000   clock reconvergence pessimism
                           0.000000  100.000000   output external delay
                                     100.000000   data required time
---------------------------------------------------------------------------------------
                                     100.000000   data required time
                                      -0.432994   data arrival time
---------------------------------------------------------------------------------------
                                      99.567001   slack (MET)


Startpoint: b[0] (input port clocked by vclk)
Endpoint: sum[6] (output port clocked by vclk)
Path Group: vclk
Path Type: max

        Cap        Slew       Delay        Time   Description
---------------------------------------------------------------------------------------
               0.000000    0.000000    0.000000   clock vclk (rise edge)
                           0.000000    0.000000   clock network delay (ideal)
                           0.000000    0.000000 ^ input external delay
   0.011297    0.050000    0.000000    0.000000 ^ b[0] (in)
               0.050000    0.000000    0.000000 ^ _60_/B (XOR2X1)
   0.008009    0.069039    0.071620    0.071620 ^ _60_/Y (XOR2X1)
               0.069039    0.000000    0.071620 ^ _61_/B (AND2X1)
   0.004729    0.038688    0.046052    0.117672 ^ _61_/Y (AND2X1)
               0.038688    0.000000    0.117672 ^ _62_/B (AND2X1)
   0.008009    0.057643    0.058400    0.176072 ^ _62_/Y (AND2X1)
               0.057643    0.000000    0.176072 ^ _63_/B (AND2X1)
   0.008390    0.057397    0.058204    0.234276 ^ _63_/Y (AND2X1)
               0.057397    0.000000    0.234276 ^ _65_/B (AOI21X1)
   0.007205    0.028606    0.044222    0.278498 v _65_/Y (AOI21X1)
               0.028606    0.000000    0.278498 v _67_/A (NOR2X1)
   0.007375    0.050135    0.050003    0.328501 ^ _67_/Y (NOR2X1)
               0.050135    0.000000    0.328501 ^ _68_/B (NAND2X1)
   0.005004    0.025441    0.028962    0.357463 v _68_/Y (NAND2X1)
               0.025441    0.000000    0.357463 v _70_/B (XNOR2X1)
   0.010000    0.075722    0.075580    0.433043 ^ _70_/Y (XNOR2X1)
               0.075722    0.000000    0.433043 ^ sum[6] (out)
                                       0.433043   data arrival time

               0.000000  100.000000  100.000000   clock vclk (rise edge)
                           0.000000  100.000000   clock network delay (ideal)
                           0.000000  100.000000   clock reconvergence pessimism
                           0.000000  100.000000   output external delay
                                     100.000000   data required time
---------------------------------------------------------------------------------------
                                     100.000000   data required time
                                      -0.433043   data arrival time
---------------------------------------------------------------------------------------
                                      99.566956   slack (MET)


Startpoint: b[0] (input port clocked by vclk)
Endpoint: cout (output port clocked by vclk)
Path Group: vclk
Path Type: max

        Cap        Slew       Delay        Time   Description
---------------------------------------------------------------------------------------
               0.000000    0.000000    0.000000   clock vclk (rise edge)
                           0.000000    0.000000   clock network delay (ideal)
                           0.000000    0.000000 ^ input external delay
   0.011297    0.050000    0.000000    0.000000 ^ b[0] (in)
               0.050000    0.000000    0.000000 ^ _60_/B (XOR2X1)
   0.008009    0.069039    0.071620    0.071620 ^ _60_/Y (XOR2X1)
               0.069039    0.000000    0.071620 ^ _61_/B (AND2X1)
   0.004729    0.038688    0.046052    0.117672 ^ _61_/Y (AND2X1)
               0.038688    0.000000    0.117672 ^ _62_/B (AND2X1)
   0.008009    0.057643    0.058400    0.176072 ^ _62_/Y (AND2X1)
               0.057643    0.000000    0.176072 ^ _63_/B (AND2X1)
   0.008390    0.057397    0.058204    0.234276 ^ _63_/Y (AND2X1)
               0.057397    0.000000    0.234276 ^ _65_/B (AOI21X1)
   0.007205    0.028606    0.044222    0.278498 v _65_/Y (AOI21X1)
               0.028606    0.000000    0.278498 v _67_/A (NOR2X1)
   0.007375    0.050135    0.050003    0.328501 ^ _67_/Y (NOR2X1)
               0.050135    0.000000    0.328501 ^ _69_/C (NAND3X1)
   0.007189    0.026588    0.027827    0.356328 v _69_/Y (NAND3X1)
               0.026588    0.000000    0.356328 v _86_/A (OAI21X1)
   0.010000    0.077424    0.070722    0.427049 ^ _86_/Y (OAI21X1)
               0.077424    0.000000    0.427049 ^ cout (out)
                                       0.427049   data arrival time

               0.000000  100.000000  100.000000   clock vclk (rise edge)
                           0.000000  100.000000   clock network delay (ideal)
                           0.000000  100.000000   clock reconvergence pessimism
                           0.000000  100.000000   output external delay
                                     100.000000   data required time
---------------------------------------------------------------------------------------
                                     100.000000   data required time
                                      -0.427049   data arrival time
---------------------------------------------------------------------------------------
                                      99.572945   slack (MET)


Startpoint: b[0] (input port clocked by vclk)
Endpoint: sum[7] (output port clocked by vclk)
Path Group: vclk
Path Type: max

        Cap        Slew       Delay        Time   Description
---------------------------------------------------------------------------------------
               0.000000    0.000000    0.000000   clock vclk (rise edge)
                           0.000000    0.000000   clock network delay (ideal)
                           0.000000    0.000000 ^ input external delay
   0.011297    0.050000    0.000000    0.000000 ^ b[0] (in)
               0.050000    0.000000    0.000000 ^ _60_/B (XOR2X1)
   0.008009    0.069039    0.071620    0.071620 ^ _60_/Y (XOR2X1)
               0.069039    0.000000    0.071620 ^ _61_/B (AND2X1)
   0.004729    0.038688    0.046052    0.117672 ^ _61_/Y (AND2X1)
               0.038688    0.000000    0.117672 ^ _62_/B (AND2X1)
   0.008009    0.057643    0.058400    0.176072 ^ _62_/Y (AND2X1)
               0.057643    0.000000    0.176072 ^ _63_/B (AND2X1)
   0.008390    0.057397    0.058204    0.234276 ^ _63_/Y (AND2X1)
               0.057397    0.000000    0.234276 ^ _65_/B (AOI21X1)
   0.007205    0.028606    0.044222    0.278498 v _65_/Y (AOI21X1)
               0.028606    0.000000    0.278498 v _67_/A (NOR2X1)
   0.007375    0.050135    0.050003    0.328501 ^ _67_/Y (NOR2X1)
               0.050135    0.000000    0.328501 ^ _69_/C (NAND3X1)
   0.007189    0.026588    0.027827    0.356328 v _69_/Y (NAND3X1)
               0.026588    0.000000    0.356328 v _88_/A (XNOR2X1)
   0.010000    0.075639    0.062088    0.418415 ^ _88_/Y (XNOR2X1)
               0.075639    0.000000    0.418415 ^ sum[7] (out)
                                       0.418415   data arrival time

               0.000000  100.000000  100.000000   clock vclk (rise edge)
                           0.000000  100.000000   clock network delay (ideal)
                           0.000000  100.000000   clock reconvergence pessimism
                           0.000000  100.000000   output external delay
                                     100.000000   data required time
---------------------------------------------------------------------------------------
                                     100.000000   data required time
                                      -0.418415   data arrival time
---------------------------------------------------------------------------------------
                                      99.581581   slack (MET)


Startpoint: b[0] (input port clocked by vclk)
Endpoint: sum[4] (output port clocked by vclk)
Path Group: vclk
Path Type: max

        Cap        Slew       Delay        Time   Description
---------------------------------------------------------------------------------------
               0.000000    0.000000    0.000000   clock vclk (rise edge)
                           0.000000    0.000000   clock network delay (ideal)
                           0.000000    0.000000 ^ input external delay
   0.011297    0.050000    0.000000    0.000000 ^ b[0] (in)
               0.050000    0.000000    0.000000 ^ _60_/B (XOR2X1)
   0.008009    0.069039    0.071620    0.071620 ^ _60_/Y (XOR2X1)
               0.069039    0.000000    0.071620 ^ _61_/B (AND2X1)
   0.004729    0.038688    0.046052    0.117672 ^ _61_/Y (AND2X1)
               0.038688    0.000000    0.117672 ^ _62_/B (AND2X1)
   0.008009    0.057643    0.058400    0.176072 ^ _62_/Y (AND2X1)
               0.057643    0.000000    0.176072 ^ _63_/B (AND2X1)
   0.008390    0.057397    0.058204    0.234276 ^ _63_/Y (AND2X1)
               0.057397    0.000000    0.234276 ^ _65_/B (AOI21X1)
   0.007205    0.028606    0.044222    0.278498 v _65_/Y (AOI21X1)
               0.028606    0.000000    0.278498 v _73_/A (XOR2X1)
   0.010000    0.079337    0.060554    0.339051 ^ _73_/Y (XOR2X1)
               0.079337    0.000000    0.339051 ^ sum[4] (out)
                                       0.339051   data arrival time

               0.000000  100.000000  100.000000   clock vclk (rise edge)
                           0.000000  100.000000   clock network delay (ideal)
                           0.000000  100.000000   clock reconvergence pessimism
                           0.000000  100.000000   output external delay
                                     100.000000   data required time
---------------------------------------------------------------------------------------
                                     100.000000   data required time
                                      -0.339051   data arrival time
---------------------------------------------------------------------------------------
                                      99.660950   slack (MET)


Startpoint: b[0] (input port clocked by vclk)
Endpoint: sum[3] (output port clocked by vclk)
Path Group: vclk
Path Type: max

        Cap        Slew       Delay        Time   Description
---------------------------------------------------------------------------------------
               0.000000    0.000000    0.000000   clock vclk (rise edge)
                           0.000000    0.000000   clock network delay (ideal)
                           0.000000    0.000000 ^ input external delay
   0.011297    0.050000    0.000000    0.000000 ^ b[0] (in)
               0.050000    0.000000    0.000000 ^ _60_/B (XOR2X1)
   0.008009    0.069039    0.071620    0.071620 ^ _60_/Y (XOR2X1)
               0.069039    0.000000    0.071620 ^ _61_/B (AND2X1)
   0.004729    0.038688    0.046052    0.117672 ^ _61_/Y (AND2X1)
               0.038688    0.000000    0.117672 ^ _62_/B (AND2X1)
   0.008009    0.057643    0.058400    0.176072 ^ _62_/Y (AND2X1)
               0.057643    0.000000    0.176072 ^ _63_/B (AND2X1)
   0.008390    0.057397    0.058204    0.234276 ^ _63_/Y (AND2X1)
               0.057397    0.000000    0.234276 ^ _87_/B (XOR2X1)
   0.010000    0.079227    0.078814    0.313090 ^ _87_/Y (XOR2X1)
               0.079227    0.000000    0.313090 ^ sum[3] (out)
                                       0.313090   data arrival time

               0.000000  100.000000  100.000000   clock vclk (rise edge)
                           0.000000  100.000000   clock network delay (ideal)
                           0.000000  100.000000   clock reconvergence pessimism
                           0.000000  100.000000   output external delay
                                     100.000000   data required time
---------------------------------------------------------------------------------------
                                     100.000000   data required time
                                      -0.313090   data arrival time
---------------------------------------------------------------------------------------
                                      99.686913   slack (MET)


Startpoint: b[0] (input port clocked by vclk)
Endpoint: sum[2] (output port clocked by vclk)
Path Group: vclk
Path Type: max

        Cap        Slew       Delay        Time   Description
---------------------------------------------------------------------------------------
               0.000000    0.000000    0.000000   clock vclk (rise edge)
                           0.000000    0.000000   clock network delay (ideal)
                           0.000000    0.000000 ^ input external delay
   0.011297    0.050000    0.000000    0.000000 ^ b[0] (in)
               0.050000    0.000000    0.000000 ^ _60_/B (XOR2X1)
   0.008009    0.069039    0.071620    0.071620 ^ _60_/Y (XOR2X1)
               0.069039    0.000000    0.071620 ^ _61_/B (AND2X1)
   0.004729    0.038688    0.046052    0.117672 ^ _61_/Y (AND2X1)
               0.038688    0.000000    0.117672 ^ _62_/B (AND2X1)
   0.008009    0.057643    0.058400    0.176072 ^ _62_/Y (AND2X1)
               0.057643    0.000000    0.176072 ^ _74_/B (XOR2X1)
   0.010000    0.079274    0.078838    0.254910 ^ _74_/Y (XOR2X1)
               0.079274    0.000000    0.254910 ^ sum[2] (out)
                                       0.254910   data arrival time

               0.000000  100.000000  100.000000   clock vclk (rise edge)
                           0.000000  100.000000   clock network delay (ideal)
                           0.000000  100.000000   clock reconvergence pessimism
                           0.000000  100.000000   output external delay
                                     100.000000   data required time
---------------------------------------------------------------------------------------
                                     100.000000   data required time
                                      -0.254910   data arrival time
---------------------------------------------------------------------------------------
                                      99.745087   slack (MET)


Startpoint: b[0] (input port clocked by vclk)
Endpoint: sum[1] (output port clocked by vclk)
Path Group: vclk
Path Type: max

        Cap        Slew       Delay        Time   Description
---------------------------------------------------------------------------------------
               0.000000    0.000000    0.000000   clock vclk (rise edge)
                           0.000000    0.000000   clock network delay (ideal)
                           0.000000    0.000000 ^ input external delay
   0.011297    0.050000    0.000000    0.000000 ^ b[0] (in)
               0.050000    0.000000    0.000000 ^ _60_/B (XOR2X1)
   0.008009    0.069039    0.071620    0.071620 ^ _60_/Y (XOR2X1)
               0.069039    0.000000    0.071620 ^ _61_/B (AND2X1)
   0.004729    0.038688    0.046052    0.117672 ^ _61_/Y (AND2X1)
               0.038688    0.000000    0.117672 ^ _75_/C (AOI21X1)
   0.005004    0.023284    0.025735    0.143408 v _75_/Y (AOI21X1)
               0.023284    0.000000    0.143408 v _76_/B (XNOR2X1)
   0.010000    0.075775    0.075359    0.218767 ^ _76_/Y (XNOR2X1)
               0.075775    0.000000    0.218767 ^ sum[1] (out)
                                       0.218767   data arrival time

               0.000000  100.000000  100.000000   clock vclk (rise edge)
                           0.000000  100.000000   clock network delay (ideal)
                           0.000000  100.000000   clock reconvergence pessimism
                           0.000000  100.000000   output external delay
                                     100.000000   data required time
---------------------------------------------------------------------------------------
                                     100.000000   data required time
                                      -0.218767   data arrival time
---------------------------------------------------------------------------------------
                                      99.781227   slack (MET)


Startpoint: b[0] (input port clocked by vclk)
Endpoint: sum[0] (output port clocked by vclk)
Path Group: vclk
Path Type: max

        Cap        Slew       Delay        Time   Description
---------------------------------------------------------------------------------------
               0.000000    0.000000    0.000000   clock vclk (rise edge)
                           0.000000    0.000000   clock network delay (ideal)
                           0.000000    0.000000 ^ input external delay
   0.011297    0.050000    0.000000    0.000000 ^ b[0] (in)
               0.050000    0.000000    0.000000 ^ _60_/B (XOR2X1)
   0.008009    0.069039    0.071620    0.071620 ^ _60_/Y (XOR2X1)
               0.069039    0.000000    0.071620 ^ _77_/B (XOR2X1)
   0.010000    0.079177    0.079935    0.151555 ^ _77_/Y (XOR2X1)
               0.079177    0.000000    0.151555 ^ sum[0] (out)
                                       0.151555   data arrival time

               0.000000  100.000000  100.000000   clock vclk (rise edge)
                           0.000000  100.000000   clock network delay (ideal)
                           0.000000  100.000000   clock reconvergence pessimism
                           0.000000  100.000000   output external delay
                                     100.000000   data required time
---------------------------------------------------------------------------------------
                                     100.000000   data required time
                                      -0.151555   data arrival time
---------------------------------------------------------------------------------------
                                      99.848442   slack (MET)


