$ /usr/bin/time -v -o /home/duhaochen/website-trial-v1/data/spice-model-benchmark/e02f72efa173293b723148dbdc2a21eb/ngspice/resource.txt /usr/bin/python -m spice_model_benchmark.cli /home/duhaochen/pipeline_full_collection/benchmark-inputs/e02f72efa173293b723148dbdc2a21eb/ngspice.lib --simulator ngspice --modes dc transient ac noise --output-dir /home/duhaochen/website-trial-v1/data/spice-model-benchmark/e02f72efa173293b723148dbdc2a21eb --dpi 120 --log-level WARNING
/home/duhaochen/spice_model_benchmark/src/spice_model_benchmark/verification_manager.py:1557: RuntimeWarning: divide by zero encountered in divide
  tc = np.mean((d_ids / d_temp) / np.abs(i_ds[:-1]))
SPICE Model Benchmark: /home/duhaochen/pipeline_full_collection/benchmark-inputs/e02f72efa173293b723148dbdc2a21eb/ngspice.lib
Simulators: ngspice
Modes: dc, transient, ac, noise
------------------------------------------------------------

============================================================
  Running: NGSPICE
  Output:  /home/duhaochen/website-trial-v1/data/spice-model-benchmark/e02f72efa173293b723148dbdc2a21eb/ngspice
============================================================
Vgs range: 0.000V to 1.200V
Ids range: -1.994e-03A to 0.000e+00A
Selected Vgs values: [0.  0.2 0.4 0.6 0.8 1.  1.2]
Vgs=0.000V: Ids range -1.217e-10A to -3.953e-15A
Vgs=0.200V: Ids range -1.664e-08A to 0.000e+00A
Vgs=0.400V: Ids range -1.646e-06A to 0.000e+00A
Vgs=0.600V: Ids range -9.634e-05A to 0.000e+00A
Vgs=0.800V: Ids range -5.265e-04A to 0.000e+00A
Vgs=1.000V: Ids range -1.182e-03A to 0.000e+00A
Vgs=1.200V: Ids range -1.994e-03A to 0.000e+00A
ids_variation: 6.157299297053665
ids_variation <= max_variation: False
tc: inf
abs(tc) <= max_tc: False
[WARNING]: Temperature effects verification failed - effects outside expected range
/home/duhaochen/spice_model_benchmark/src/spice_model_benchmark/verification_manager.py:1817: RuntimeWarning: divide by zero encountered in log
  log_ids = np.log(np.abs(i_ds))
/home/duhaochen/.local/lib/python3.9/site-packages/numpy/lib/function_base.py:2742: RuntimeWarning: invalid value encountered in subtract
  X -= avg[:, None]
/home/duhaochen/spice_model_benchmark/src/spice_model_benchmark/verification_manager.py:1862: RuntimeWarning: divide by zero encountered in divide
  efficiency = np.abs(gm / i_ds)  # Transconductance efficiency
[INFO]: S-parameter analysis plot saved to /home/duhaochen/website-trial-v1/data/spice-model-benchmark/e02f72efa173293b723148dbdc2a21eb/ngspice/plots/ac_cv_sparameter_analysis.png
[INFO]: NQS effects plot saved to /home/duhaochen/website-trial-v1/data/spice-model-benchmark/e02f72efa173293b723148dbdc2a21eb/ngspice/plots/ac_cv_nqs_effects.png
[INFO]: S-parameter analysis plot saved to /home/duhaochen/website-trial-v1/data/spice-model-benchmark/e02f72efa173293b723148dbdc2a21eb/ngspice/plots/ac_cv_sparameter_analysis.png
norm_dvg: [2.50000000e+11 1.25000000e+11 6.25000000e+10 3.12500000e+10
 1.56250001e+10 8.42908749e+09 6.30508974e+09 5.85523399e+09
 5.42268074e+09 5.07821396e+09 4.72225142e+09 4.50236017e+09
 4.28041595e+09 4.04528832e+09 3.82107958e+09 3.58982701e+09
 3.35977999e+09 3.04660749e+09 2.80337240e+09 2.62101301e+09
 2.42266291e+09 2.29481161e+09 2.26444288e+09 2.23763792e+09
 2.21595944e+09 2.19090379e+09 2.16510673e+09 2.15249001e+09
 2.13617142e+09 2.11670719e+09 2.10081231e+09 2.09242433e+09
 2.08147015e+09 2.07652836e+09 2.06909498e+09 2.05798902e+09
 2.03612989e+09 2.00960366e+09 1.99999837e+09 1.99673681e+09
 1.99023599e+09 1.98291000e+09 1.96841260e+09 1.95592367e+09
 1.93928096e+09 1.92444872e+09 1.90203307e+09 1.87456639e+09
 1.83817118e+09 1.79417549e+09 1.74077469e+09 1.68072426e+09
 1.64968824e+09 1.62180812e+09 1.58941095e+09 1.56861032e+09
 1.53602077e+09 1.50731269e+09 1.46817697e+09 1.42448880e+09
 1.37742229e+09 1.32808897e+09 1.27446948e+09 1.22014442e+09
 1.15197328e+09 1.13344769e+09 1.11562962e+09 1.09234610e+09
 1.07962842e+09 1.06807897e+09 1.05466146e+09 1.04093103e+09
 1.02549762e+09 1.01258825e+09 1.00000134e+09 9.97518800e+08
 9.92596320e+08 9.83755001e+08 9.66536513e+08 9.33847314e+08
 9.02387632e+08 8.66160708e+08 8.27834928e+08 7.85267958e+08
 7.37454581e+08 6.75058895e+08 6.15884632e+08 5.99678714e+08
 5.85226402e+08 5.66086750e+08 5.54209909e+08 5.42234715e+08
 5.29246991e+08 5.14907922e+08 4.97126706e+08 4.80700288e+08
 4.66989852e+08 4.52363359e+08 4.39865038e+08 4.35408284e+08
 4.32117993e+08 4.29946970e+08 4.27702227e+08 4.25525336e+08
 4.23580130e+08 4.21615279e+08 4.19411500e+08 4.17829703e+08
 4.15760519e+08 4.13588358e+08 4.10390721e+08 4.05103439e+08
 4.02519005e+08 4.00805745e+08 3.99123801e+08 3.97084978e+08
 3.95249715e+08 3.92939498e+08 3.90250253e+08 3.86321191e+08
 3.81552113e+08 3.75294775e+08 3.68240306e+08 3.59638589e+08
 3.49694394e+08 3.36440888e+08 3.21026202e+08 3.02549276e+08
 2.83606471e+08 2.63575230e+08 2.43853645e+08 2.23830584e+08
 2.04203539e+08 1.84283523e+08 1.64623615e+08 1.45465919e+08
 1.34179270e+08 1.25259594e+08 1.16611637e+08 1.10831777e+08
 1.05099257e+08 9.99259798e+07 9.52376183e+07 9.52074440e+07
 9.51478676e+07 9.50271295e+07 9.48315070e+07 9.46153295e+07
 9.43559865e+07 9.40574985e+07 9.39086197e+07 9.38043376e+07
 9.36913831e+07 9.35550392e+07 9.34657246e+07 9.33592477e+07
 9.32333921e+07 9.30958388e+07 9.29319884e+07 9.27526421e+07
 9.26301735e+07 9.25176750e+07 9.23871871e+07 9.22836146e+07
 9.21658623e+07 9.20372141e+07 9.18646395e+07 9.17724797e+07
 9.16875153e+07 9.15897359e+07 9.14884632e+07 9.14362976e+07
 9.13702150e+07 9.12887977e+07 9.12082283e+07 9.11086172e+07
 9.10088076e+07 9.08992159e+07 9.09052873e+07 9.08976812e+07
 9.08828841e+07 9.08522764e+07 9.07904341e+07 9.07638918e+07
 9.07372387e+07 9.07091497e+07 9.06790248e+07 9.06613524e+07
 9.06375643e+07 9.06078618e+07 9.05582122e+07 9.04777168e+07
 9.03159875e+07 9.02164581e+07 9.01342778e+07 9.00395357e+07
 8.99390301e+07 8.98436450e+07 8.97353581e+07 8.96091984e+07
 8.94362402e+07 8.92103756e+07 8.89051709e+07 8.85010519e+07
 8.79696654e+07 8.72791904e+07 8.68110487e+07 8.65324105e+07
 8.63400111e+07 8.61573921e+07 8.59255255e+07 8.56818923e+07
 8.54906063e+07 8.52660990e+07 8.49924702e+07 8.46531833e+07
 8.43675817e+07 8.40420680e+07 8.36998815e+07 8.33330990e+07
 8.32920852e+07 8.32102961e+07 8.30461204e+07 8.27206892e+07
 8.21821187e+07 8.13781595e+07 8.08182844e+07 8.06334633e+07
 8.04855193e+07 8.04006797e+07 8.03221523e+07 8.02418993e+07
 8.01699380e+07 8.01065803e+07 8.00498426e+07 7.99882439e+07
 7.99226393e+07 7.98528196e+07 7.97816580e+07 7.96973324e+07
 7.96037056e+07 7.94839481e+07 7.93187853e+07 7.90981659e+07
 7.88403009e+07 7.87211913e+07 7.85973994e+07 7.84490794e+07
 7.83474299e+07 7.81856089e+07 7.80371857e+07 7.78256260e+07
 7.75679795e+07 7.72775385e+07 7.70343935e+07 7.67888191e+07
 7.65287975e+07 7.62949352e+07 7.60445766e+07 7.59968202e+07
 7.59569363e+07 7.59188237e+07 7.58922668e+07 7.58583756e+07
 7.58220805e+07 7.57729047e+07 7.57034490e+07 7.55848340e+07
 7.54625290e+07 7.53096329e+07 7.52089232e+07 7.51209482e+07
 7.50216751e+07 7.49321115e+07 7.48074100e+07 7.46874042e+07
 7.45075241e+07 7.42807672e+07 7.39644072e+07 7.35567252e+07
 7.30118686e+07 7.23254314e+07 7.14666272e+07 7.05448253e+07
 6.95088862e+07 6.83735218e+07 6.70463367e+07 6.54799720e+07
 6.34881224e+07 6.08987890e+07 5.80696948e+07 5.54917821e+07
 5.31330281e+07 5.15189272e+07 0.00000000e+00 0.00000000e+00
 0.00000000e+00 0.00000000e+00 0.00000000e+00 0.00000000e+00
 0.00000000e+00 0.00000000e+00 0.00000000e+00 0.00000000e+00
 0.00000000e+00 0.00000000e+00 0.00000000e+00 0.00000000e+00
 0.00000000e+00 0.00000000e+00 0.00000000e+00 0.00000000e+00
 0.00000000e+00 0.00000000e+00 0.00000000e+00 0.00000000e+00
 0.00000000e+00 0.00000000e+00 0.00000000e+00 0.00000000e+00
 0.00000000e+00 0.00000000e+00 0.00000000e+00 0.00000000e+00
 0.00000000e+00 0.00000000e+00 0.00000000e+00 0.00000000e+00
 0.00000000e+00 0.00000000e+00 0.00000000e+00 0.00000000e+00
 0.00000000e+00 0.00000000e+00 0.00000000e+00 0.00000000e+00
 0.00000000e+00 0.00000000e+00 0.00000000e+00 0.00000000e+00
 0.00000000e+00 0.00000000e+00 0.00000000e+00 0.00000000e+00
 0.00000000e+00 0.00000000e+00 0.00000000e+00 0.00000000e+00
 0.00000000e+00 0.00000000e+00 0.00000000e+00 0.00000000e+00
 0.00000000e+00 0.00000000e+00 0.00000000e+00 0.00000000e+00
 0.00000000e+00 0.00000000e+00 0.00000000e+00 0.00000000e+00
 0.00000000e+00 0.00000000e+00 0.00000000e+00 0.00000000e+00
 0.00000000e+00 0.00000000e+00 0.00000000e+00 0.00000000e+00
 0.00000000e+00 0.00000000e+00 0.00000000e+00 0.00000000e+00
 0.00000000e+00 0.00000000e+00 0.00000000e+00 0.00000000e+00
 0.00000000e+00 0.00000000e+00 0.00000000e+00 0.00000000e+00
 0.00000000e+00 0.00000000e+00 0.00000000e+00 0.00000000e+00
 0.00000000e+00 0.00000000e+00 0.00000000e+00 0.00000000e+00
 0.00000000e+00 0.00000000e+00 0.00000000e+00 0.00000000e+00
 0.00000000e+00 0.00000000e+00 0.00000000e+00 0.00000000e+00
 0.00000000e+00 0.00000000e+00 0.00000000e+00 0.00000000e+00
 0.00000000e+00 0.00000000e+00 0.00000000e+00 0.00000000e+00
 0.00000000e+00 0.00000000e+00 0.00000000e+00 0.00000000e+00
 0.00000000e+00 0.00000000e+00 0.00000000e+00 0.00000000e+00
 0.00000000e+00 0.00000000e+00 0.00000000e+00 0.00000000e+00
 0.00000000e+00 0.00000000e+00 0.00000000e+00 0.00000000e+00
 0.00000000e+00 0.00000000e+00 0.00000000e+00 0.00000000e+00
 0.00000000e+00 0.00000000e+00 0.00000000e+00 0.00000000e+00
 0.00000000e+00 0.00000000e+00 0.00000000e+00 0.00000000e+00
 0.00000000e+00 0.00000000e+00 0.00000000e+00 0.00000000e+00
 0.00000000e+00 0.00000000e+00 0.00000000e+00 0.00000000e+00
 0.00000000e+00 0.00000000e+00 0.00000000e+00 0.00000000e+00
 0.00000000e+00 0.00000000e+00 0.00000000e+00 0.00000000e+00
 0.00000000e+00 0.00000000e+00 0.00000000e+00 0.00000000e+00
 0.00000000e+00 0.00000000e+00 0.00000000e+00 0.00000000e+00
 0.00000000e+00 0.00000000e+00 0.00000000e+00 0.00000000e+00
 0.00000000e+00 0.00000000e+00 0.00000000e+00 0.00000000e+00
 0.00000000e+00 0.00000000e+00 0.00000000e+00 0.00000000e+00
 0.00000000e+00 0.00000000e+00 0.00000000e+00 0.00000000e+00
 0.00000000e+00 0.00000000e+00 0.00000000e+00 0.00000000e+00
 0.00000000e+00 0.00000000e+00 0.00000000e+00 0.00000000e+00
 0.00000000e+00 0.00000000e+00 0.00000000e+00 0.00000000e+00
 0.00000000e+00 0.00000000e+00 0.00000000e+00 0.00000000e+00
 0.00000000e+00 0.00000000e+00 0.00000000e+00 0.00000000e+00
 0.00000000e+00 0.00000000e+00 0.00000000e+00 0.00000000e+00
 0.00000000e+00 0.00000000e+00 0.00000000e+00 0.00000000e+00
 0.00000000e+00 0.00000000e+00 0.00000000e+00 0.00000000e+00
 0.00000000e+00 0.00000000e+00 0.00000000e+00 0.00000000e+00
 0.00000000e+00 0.00000000e+00 0.00000000e+00 0.00000000e+00
 0.00000000e+00 0.00000000e+00 0.00000000e+00 0.00000000e+00
 0.00000000e+00 0.00000000e+00 0.00000000e+00 0.00000000e+00
 0.00000000e+00 0.00000000e+00 0.00000000e+00 0.00000000e+00
 0.00000000e+00 0.00000000e+00 0.00000000e+00 0.00000000e+00
 0.00000000e+00 0.00000000e+00 0.00000000e+00 0.00000000e+00
 0.00000000e+00 0.00000000e+00 0.00000000e+00 0.00000000e+00
 0.00000000e+00 0.00000000e+00 0.00000000e+00 0.00000000e+00
 0.00000000e+00 0.00000000e+00 0.00000000e+00 0.00000000e+00
 0.00000000e+00 0.00000000e+00 0.00000000e+00 0.00000000e+00
 0.00000000e+00 0.00000000e+00 0.00000000e+00 0.00000000e+00
 0.00000000e+00 0.00000000e+00 0.00000000e+00 0.00000000e+00
 0.00000000e+00 0.00000000e+00 0.00000000e+00 0.00000000e+00
 0.00000000e+00 0.00000000e+00 0.00000000e+00 0.00000000e+00
 0.00000000e+00 0.00000000e+00 0.00000000e+00 0.00000000e+00
 0.00000000e+00 0.00000000e+00 0.00000000e+00 0.00000000e+00
 0.00000000e+00 0.00000000e+00 0.00000000e+00 0.00000000e+00
 0.00000000e+00 0.00000000e+00 0.00000000e+00 0.00000000e+00
 0.00000000e+00 0.00000000e+00 0.00000000e+00 0.00000000e+00
 0.00000000e+00 0.00000000e+00]
norm_dvd: [0. 0. 0. 0. 0. 0. 0. 0. 0. 0. 0. 0. 0. 0. 0. 0. 0. 0. 0. 0. 0. 0. 0. 0.
 0. 0. 0. 0. 0. 0. 0. 0. 0. 0. 0. 0. 0. 0. 0. 0. 0. 0. 0. 0. 0. 0. 0. 0.
 0. 0. 0. 0. 0. 0. 0. 0. 0. 0. 0. 0. 0. 0. 0. 0. 0. 0. 0. 0. 0. 0. 0. 0.
 0. 0. 0. 0. 0. 0. 0. 0. 0. 0. 0. 0. 0. 0. 0. 0. 0. 0. 0. 0. 0. 0. 0. 0.
 0. 0. 0. 0. 0. 0. 0. 0. 0. 0. 0. 0. 0. 0. 0. 0. 0. 0. 0. 0. 0. 0. 0. 0.
 0. 0. 0. 0. 0. 0. 0. 0. 0. 0. 0. 0. 0. 0. 0. 0. 0. 0. 0. 0. 0. 0. 0. 0.
 0. 0. 0. 0. 0. 0. 0. 0. 0. 0. 0. 0. 0. 0. 0. 0. 0. 0. 0. 0. 0. 0. 0. 0.
 0. 0. 0. 0. 0. 0. 0. 0. 0. 0. 0. 0. 0. 0. 0. 0. 0. 0. 0. 0. 0. 0. 0. 0.
 0. 0. 0. 0. 0. 0. 0. 0. 0. 0. 0. 0. 0. 0. 0. 0. 0. 0. 0. 0. 0. 0. 0. 0.
 0. 0. 0. 0. 0. 0. 0. 0. 0. 0. 0. 0. 0. 0. 0. 0. 0. 0. 0. 0. 0. 0. 0. 0.
 0. 0. 0. 0. 0. 0. 0. 0. 0. 0. 0. 0. 0. 0. 0. 0. 0. 0. 0. 0. 0. 0. 0. 0.
 0. 0. 0. 0. 0. 0. 0. 0. 0. 0. 0. 0. 0. 0. 0. 0. 0. 0. 0. 0. 0. 0. 0. 0.
 0. 0. 0. 0. 0. 0. 0. 0. 0. 0. 0. 0. 0. 0. 0. 0. 0. 0. 0. 0. 0. 0. 0. 0.
 0. 0. 0. 0. 0. 0. 0. 0. 0. 0. 0. 0. 0. 0. 0. 0. 0. 0. 0. 0. 0. 0. 0. 0.
 0. 0. 0. 0. 0. 0. 0. 0. 0. 0. 0. 0. 0. 0. 0. 0. 0. 0. 0. 0. 0. 0. 0. 0.
 0. 0. 0. 0. 0. 0. 0. 0. 0. 0. 0. 0. 0. 0. 0. 0. 0. 0. 0. 0. 0. 0. 0. 0.
 0. 0. 0. 0. 0. 0. 0. 0. 0. 0. 0. 0. 0. 0. 0. 0. 0. 0. 0. 0. 0. 0. 0. 0.
 0. 0. 0. 0. 0. 0. 0. 0. 0. 0. 0. 0. 0. 0. 0. 0. 0. 0. 0. 0. 0. 0. 0. 0.
 0. 0. 0. 0. 0. 0. 0. 0. 0. 0. 0. 0. 0. 0. 0. 0. 0. 0. 0. 0. 0. 0. 0. 0.
 0. 0. 0. 0. 0. 0. 0. 0. 0. 0. 0. 0. 0. 0. 0. 0. 0. 0. 0. 0. 0. 0. 0. 0.
 0. 0. 0. 0. 0. 0. 0. 0. 0. 0. 0. 0. 0. 0. 0. 0. 0. 0. 0. 0. 0. 0. 0. 0.
 0. 0. 0. 0. 0. 0. 0. 0. 0. 0. 0. 0. 0. 0. 0. 0. 0. 0. 0. 0. 0. 0. 0. 0.
 0. 0. 0. 0. 0. 0. 0. 0. 0. 0. 0. 0. 0. 0. 0. 0. 0. 0. 0. 0. 0. 0. 0. 0.
 0. 0. 0. 0. 0. 0. 0. 0. 0. 0. 0. 0. 0. 0. 0. 0. 0. 0. 0. 0. 0. 0. 0. 0.
 0. 0. 0. 0. 0. 0. 0. 0. 0. 0.]
norm_did: [4.65915164e+03 3.88262642e+03 5.43567717e+03 5.62980898e+03
 6.25349974e+03 6.68393073e+03 6.62754276e+03 7.29598826e+03
 7.44930046e+03 7.95161277e+03 7.80855914e+03 8.09132017e+03
 8.23475938e+03 8.56563250e+03 9.21211271e+03 9.11952253e+03
 9.74611662e+03 1.04702879e+04 1.10134044e+04 1.15346465e+04
 1.24262599e+04 1.16929445e+04 1.17430608e+04 1.42087187e+04
 1.20376408e+04 1.37072973e+04 1.37683442e+04 1.22525500e+04
 1.44324592e+04 1.39014682e+04 1.30262893e+04 1.23457243e+04
 1.63095265e+04 1.43630598e+04 1.42902704e+04 1.42902709e+04
 1.34163703e+04 1.55978328e+04 2.27960857e+04 1.13980499e+04
 1.33816997e+04 1.50544165e+04 1.34050147e+04 1.55744684e+04
 1.40677753e+04 1.52163484e+04 1.53219933e+04 1.58801286e+04
 1.58331431e+04 1.67134524e+04 1.72521915e+04 1.77596662e+04
 1.78844029e+04 1.87828222e+04 1.93594692e+04 1.92900215e+04
 2.00402453e+04 2.07258252e+04 2.17091887e+04 2.25311408e+04
 2.39571999e+04 2.54933905e+04 2.73848626e+04 2.99723052e+04
 2.93355317e+04 3.21837851e+04 3.38155308e+04 3.45638680e+04
 3.53549951e+04 3.65086279e+04 3.72529782e+04 3.86714157e+04
 3.94770983e+04 4.04765351e+04 6.24638906e+04 2.99826118e+04
 4.25394522e+04 4.35686493e+04 4.66562153e+04 4.99219316e+04
 5.46857024e+04 6.09032267e+04 6.91630182e+04 8.14877208e+04
 1.03642698e+05 1.37058511e+05 1.28986462e+05 1.67907864e+05
 1.95826554e+05 2.09567372e+05 2.30436903e+05 2.54515531e+05
 2.82914308e+05 3.24493544e+05 3.71318101e+05 4.19540497e+05
 4.87390928e+05 5.54464004e+05 5.51755549e+05 6.15238924e+05
 6.43174449e+05 6.66363649e+05 6.83670904e+05 6.99662973e+05
 7.16716349e+05 7.35540074e+05 7.48132266e+05 7.69241766e+05
 7.89043165e+05 8.18726417e+05 8.68809439e+05 8.84848899e+05
 9.12137835e+05 9.46167642e+05 9.73482474e+05 9.95759613e+05
 1.02728413e+06 1.06392242e+06 1.11826061e+06 1.18974114e+06
 1.29329767e+06 1.42723222e+06 1.61952152e+06 1.89002163e+06
 2.34883555e+06 3.09719276e+06 4.47429121e+06 6.91563845e+06
 1.17470149e+07 2.17005326e+07 4.51270228e+07 1.07329331e+08
 3.16311557e+08 1.31144498e+09 3.60592681e+10 3.90084513e+09
 3.37438857e+09 3.20495017e+09 2.13995989e+09 1.66428215e+09
 1.24465520e+09 9.51644182e+08 7.30939797e+08 7.00964246e+08
 6.99967727e+08 6.96971415e+08 6.90994855e+08 6.84680171e+08
 6.77041742e+08 6.66408143e+08 6.61486763e+08 6.58432435e+08
 6.55294422e+08 6.50813445e+08 6.48343367e+08 6.45372272e+08
 6.41843048e+08 6.38067438e+08 6.33495727e+08 6.27867417e+08
 6.24344017e+08 6.21283953e+08 6.17455381e+08 6.14649576e+08
 6.11512651e+08 6.08307319e+08 6.02990418e+08 6.00414159e+08
 5.98214670e+08 5.95647318e+08 5.92547138e+08 5.91265879e+08
 5.89641886e+08 5.87492017e+08 5.85493617e+08 5.82907581e+08
 5.80304196e+08 5.77267485e+08 5.76819889e+08 5.76815650e+08
 5.76534444e+08 5.75971408e+08 5.74171160e+08 5.73456451e+08
 5.72765535e+08 5.72094648e+08 5.71248761e+08 5.70832525e+08
 5.70241632e+08 5.69646753e+08 5.68616268e+08 5.67131115e+08
 5.62631329e+08 5.60051795e+08 5.58071670e+08 5.55775991e+08
 5.53261469e+08 5.51014138e+08 5.48499011e+08 5.45751314e+08
 5.41921774e+08 5.37038556e+08 5.30467150e+08 5.21873273e+08
 5.10771180e+08 4.94491718e+08 4.83658079e+08 4.77487782e+08
 4.73545239e+08 4.70118428e+08 4.65577728e+08 4.60567679e+08
 4.57023530e+08 4.52965756e+08 4.48098217e+08 4.41579387e+08
 4.36552368e+08 4.30795269e+08 4.24891652e+08 4.17389119e+08
 4.16667216e+08 4.15670509e+08 4.13564166e+08 4.08995246e+08
 4.01264657e+08 3.87755344e+08 3.77997005e+08 3.75149999e+08
 3.72777237e+08 3.71541850e+08 3.70400042e+08 3.69239001e+08
 3.68173301e+08 3.67262123e+08 3.66473480e+08 3.65610056e+08
 3.64713123e+08 3.63730104e+08 3.62793232e+08 3.61645873e+08
 3.60439522e+08 3.58945034e+08 3.56878044e+08 3.54015546e+08
 3.50129755e+08 3.48570306e+08 3.47024424e+08 3.44950214e+08
 3.43824648e+08 3.41707312e+08 3.40014821e+08 3.37487298e+08
 3.34377655e+08 3.30663360e+08 3.27723987e+08 3.24828351e+08
 3.21679243e+08 3.18997232e+08 3.15539471e+08 3.14957908e+08
 3.14500446e+08 3.14041947e+08 3.13755399e+08 3.13372743e+08
 3.13003625e+08 3.12510509e+08 3.11867204e+08 3.10547377e+08
 3.09274978e+08 3.07434751e+08 3.06291953e+08 3.05362791e+08
 3.04250787e+08 3.03381272e+08 3.02024305e+08 3.00899935e+08
 2.99116152e+08 2.96967345e+08 2.93918439e+08 2.90106703e+08
 2.85011002e+08 2.78750990e+08 2.70796713e+08 2.62694878e+08
 2.53884629e+08 2.44828452e+08 2.34754084e+08 2.23755571e+08
 2.10655561e+08 1.93757269e+08 1.75864780e+08 1.60815279e+08
 1.47275682e+08 1.39031072e+08 3.38344681e+08 0.00000000e+00
 0.00000000e+00 0.00000000e+00 0.00000000e+00 0.00000000e+00
 0.00000000e+00 0.00000000e+00 0.00000000e+00 0.00000000e+00
 0.00000000e+00 0.00000000e+00 0.00000000e+00 0.00000000e+00
 0.00000000e+00 0.00000000e+00 0.00000000e+00 0.00000000e+00
 0.00000000e+00 0.00000000e+00 0.00000000e+00 0.00000000e+00
 0.00000000e+00 0.00000000e+00 0.00000000e+00 0.00000000e+00
 0.00000000e+00 0.00000000e+00 0.00000000e+00 0.00000000e+00
 0.00000000e+00 0.00000000e+00 0.00000000e+00 0.00000000e+00
 0.00000000e+00 0.00000000e+00 0.00000000e+00 0.00000000e+00
 0.00000000e+00 0.00000000e+00 0.00000000e+00 0.00000000e+00
 0.00000000e+00 0.00000000e+00 0.00000000e+00 0.00000000e+00
 0.00000000e+00 0.00000000e+00 0.00000000e+00 0.00000000e+00
 0.00000000e+00 0.00000000e+00 0.00000000e+00 0.00000000e+00
 0.00000000e+00 0.00000000e+00 0.00000000e+00 0.00000000e+00
 0.00000000e+00 0.00000000e+00 0.00000000e+00 0.00000000e+00
 0.00000000e+00 0.00000000e+00 0.00000000e+00 0.00000000e+00
 0.00000000e+00 0.00000000e+00 0.00000000e+00 0.00000000e+00
 0.00000000e+00 0.00000000e+00 0.00000000e+00 0.00000000e+00
 0.00000000e+00 0.00000000e+00 0.00000000e+00 0.00000000e+00
 0.00000000e+00 0.00000000e+00 0.00000000e+00 0.00000000e+00
 0.00000000e+00 0.00000000e+00 0.00000000e+00 0.00000000e+00
 0.00000000e+00 0.00000000e+00 0.00000000e+00 0.00000000e+00
 0.00000000e+00 0.00000000e+00 0.00000000e+00 0.00000000e+00
 0.00000000e+00 0.00000000e+00 0.00000000e+00 0.00000000e+00
 0.00000000e+00 0.00000000e+00 0.00000000e+00 0.00000000e+00
 0.00000000e+00 0.00000000e+00 0.00000000e+00 0.00000000e+00
 0.00000000e+00 0.00000000e+00 0.00000000e+00 0.00000000e+00
 0.00000000e+00 0.00000000e+00 0.00000000e+00 0.00000000e+00
 0.00000000e+00 0.00000000e+00 0.00000000e+00 0.00000000e+00
 0.00000000e+00 0.00000000e+00 0.00000000e+00 0.00000000e+00
 0.00000000e+00 0.00000000e+00 0.00000000e+00 0.00000000e+00
 0.00000000e+00 0.00000000e+00 0.00000000e+00 0.00000000e+00
 0.00000000e+00 0.00000000e+00 0.00000000e+00 0.00000000e+00
 0.00000000e+00 0.00000000e+00 0.00000000e+00 0.00000000e+00
 0.00000000e+00 0.00000000e+00 0.00000000e+00 0.00000000e+00
 0.00000000e+00 0.00000000e+00 0.00000000e+00 0.00000000e+00
 0.00000000e+00 0.00000000e+00 0.00000000e+00 0.00000000e+00
 0.00000000e+00 0.00000000e+00 0.00000000e+00 0.00000000e+00
 0.00000000e+00 0.00000000e+00 0.00000000e+00 0.00000000e+00
 0.00000000e+00 0.00000000e+00 0.00000000e+00 0.00000000e+00
 0.00000000e+00 0.00000000e+00 0.00000000e+00 0.00000000e+00
 0.00000000e+00 0.00000000e+00 0.00000000e+00 0.00000000e+00
 0.00000000e+00 0.00000000e+00 0.00000000e+00 0.00000000e+00
 0.00000000e+00 0.00000000e+00 0.00000000e+00 0.00000000e+00
 0.00000000e+00 0.00000000e+00 0.00000000e+00 0.00000000e+00
 0.00000000e+00 0.00000000e+00 0.00000000e+00 0.00000000e+00
 0.00000000e+00 0.00000000e+00 0.00000000e+00 0.00000000e+00
 0.00000000e+00 0.00000000e+00 0.00000000e+00 0.00000000e+00
 0.00000000e+00 0.00000000e+00 0.00000000e+00 0.00000000e+00
 0.00000000e+00 0.00000000e+00 0.00000000e+00 0.00000000e+00
 0.00000000e+00 0.00000000e+00 0.00000000e+00 0.00000000e+00
 0.00000000e+00 0.00000000e+00 0.00000000e+00 0.00000000e+00
 0.00000000e+00 0.00000000e+00 0.00000000e+00 0.00000000e+00
 0.00000000e+00 0.00000000e+00 0.00000000e+00 0.00000000e+00
 0.00000000e+00 0.00000000e+00 0.00000000e+00 0.00000000e+00
 0.00000000e+00 0.00000000e+00 0.00000000e+00 0.00000000e+00
 0.00000000e+00 0.00000000e+00 0.00000000e+00 0.00000000e+00
 0.00000000e+00 0.00000000e+00 0.00000000e+00 0.00000000e+00
 0.00000000e+00 0.00000000e+00 0.00000000e+00 0.00000000e+00
 0.00000000e+00 0.00000000e+00 0.00000000e+00 0.00000000e+00
 0.00000000e+00 0.00000000e+00 0.00000000e+00 0.00000000e+00
 0.00000000e+00 0.00000000e+00 0.00000000e+00 0.00000000e+00
 0.00000000e+00 0.00000000e+00 0.00000000e+00 0.00000000e+00
 0.00000000e+00 0.00000000e+00 0.00000000e+00 0.00000000e+00
 0.00000000e+00 0.00000000e+00 0.00000000e+00 0.00000000e+00
 0.00000000e+00 0.00000000e+00 0.00000000e+00 0.00000000e+00
 0.00000000e+00 0.00000000e+00 0.00000000e+00 0.00000000e+00
 0.00000000e+00 0.00000000e+00 0.00000000e+00 0.00000000e+00
 0.00000000e+00 0.00000000e+00 0.00000000e+00 0.00000000e+00
 0.00000000e+00 0.00000000e+00 0.00000000e+00 0.00000000e+00
 0.00000000e+00 0.00000000e+00 0.00000000e+00 0.00000000e+00
 0.00000000e+00 0.00000000e+00 0.00000000e+00 0.00000000e+00
 0.00000000e+00 0.00000000e+00]
[WARNING]: Quasi-static verification failed
[WARNING]: Max normalized derivatives: dVg/dt=2.50e+11, dVd/dt=0.00e+00, dId/dt=3.61e+10

  ngspice: ✓ PASS  (124.8s)

✓ Benchmark completed: /home/duhaochen/website-trial-v1/data/spice-model-benchmark/e02f72efa173293b723148dbdc2a21eb/ngspice
