$ /usr/bin/time -v -o /home/duhaochen/website-trial-v1/data/spice-model-benchmark/42e7f6b681b3fa1edc7e3c66e61bfc9d/ngspice/resource.txt /usr/bin/python -m spice_model_benchmark.cli /home/duhaochen/pipeline_full_collection/benchmark-inputs/42e7f6b681b3fa1edc7e3c66e61bfc9d/ngspice.lib --simulator ngspice --modes dc transient ac noise --output-dir /home/duhaochen/website-trial-v1/data/spice-model-benchmark/42e7f6b681b3fa1edc7e3c66e61bfc9d --dpi 120 --log-level WARNING
/home/duhaochen/spice_model_benchmark/src/spice_model_benchmark/verification_manager.py:1557: RuntimeWarning: divide by zero encountered in divide
  tc = np.mean((d_ids / d_temp) / np.abs(i_ds[:-1]))
SPICE Model Benchmark: /home/duhaochen/pipeline_full_collection/benchmark-inputs/42e7f6b681b3fa1edc7e3c66e61bfc9d/ngspice.lib
Simulators: ngspice
Modes: dc, transient, ac, noise
------------------------------------------------------------

============================================================
  Running: NGSPICE
  Output:  /home/duhaochen/website-trial-v1/data/spice-model-benchmark/42e7f6b681b3fa1edc7e3c66e61bfc9d/ngspice
============================================================
Vgs range: 0.000V to 1.200V
Ids range: -4.992e-04A to 0.000e+00A
Selected Vgs values: [0.  0.2 0.4 0.6 0.8 1.  1.2]
Vgs=0.000V: Ids range -1.101e-13A to -1.000e-16A
Vgs=0.200V: Ids range -8.278e-12A to 0.000e+00A
Vgs=0.400V: Ids range -1.308e-09A to 0.000e+00A
Vgs=0.600V: Ids range -1.744e-07A to 0.000e+00A
Vgs=0.800V: Ids range -1.364e-05A to 0.000e+00A
Vgs=1.000V: Ids range -1.865e-04A to 0.000e+00A
Vgs=1.200V: Ids range -4.992e-04A to 0.000e+00A
ids_variation: 7.370044011612534
ids_variation <= max_variation: False
tc: inf
abs(tc) <= max_tc: False
[WARNING]: Temperature effects verification failed - effects outside expected range
/home/duhaochen/spice_model_benchmark/src/spice_model_benchmark/verification_manager.py:1817: RuntimeWarning: divide by zero encountered in log
  log_ids = np.log(np.abs(i_ds))
/home/duhaochen/.local/lib/python3.9/site-packages/numpy/lib/function_base.py:2742: RuntimeWarning: invalid value encountered in subtract
  X -= avg[:, None]
/home/duhaochen/spice_model_benchmark/src/spice_model_benchmark/verification_manager.py:1862: RuntimeWarning: divide by zero encountered in divide
  efficiency = np.abs(gm / i_ds)  # Transconductance efficiency
[INFO]: S-parameter analysis plot saved to /home/duhaochen/website-trial-v1/data/spice-model-benchmark/42e7f6b681b3fa1edc7e3c66e61bfc9d/ngspice/plots/ac_cv_sparameter_analysis.png
[INFO]: NQS effects plot saved to /home/duhaochen/website-trial-v1/data/spice-model-benchmark/42e7f6b681b3fa1edc7e3c66e61bfc9d/ngspice/plots/ac_cv_nqs_effects.png
[INFO]: S-parameter analysis plot saved to /home/duhaochen/website-trial-v1/data/spice-model-benchmark/42e7f6b681b3fa1edc7e3c66e61bfc9d/ngspice/plots/ac_cv_sparameter_analysis.png
norm_dvg: [2.50000000e+11 1.25000000e+11 6.25000000e+10 3.12500000e+10
 1.56250000e+10 9.40750425e+09 6.35151917e+09 4.82150324e+09
 3.78041696e+09 3.58157438e+09 3.42467211e+09 3.30553533e+09
 3.15393758e+09 3.00666126e+09 2.91575964e+09 2.81613587e+09
 2.72191413e+09 2.62085359e+09 2.53310116e+09 2.43997498e+09
 2.36028285e+09 2.31474552e+09 2.25526169e+09 2.19325109e+09
 2.12479815e+09 2.06051115e+09 2.00000000e+09 1.99668676e+09
 1.99009051e+09 1.97702988e+09 1.95141639e+09 1.90212998e+09
 1.81066657e+09 1.73589609e+09 1.67009595e+09 1.63716023e+09
 1.61614809e+09 1.58954676e+09 1.57480768e+09 1.55625463e+09
 1.52043048e+09 1.47216401e+09 1.42048827e+09 1.38798244e+09
 1.36891267e+09 1.34089639e+09 1.31929961e+09 1.29644361e+09
 1.27096135e+09 1.23428833e+09 1.19035091e+09 1.13533102e+09
 1.07275400e+09 1.03510017e+09 1.00000000e+09 9.97941680e+08
 9.93848352e+08 9.85765171e+08 9.69984360e+08 9.39891870e+08
 8.84981471e+08 8.26939164e+08 7.98432324e+08 7.86942146e+08
 7.75727500e+08 7.68432107e+08 7.61704721e+08 7.54231660e+08
 7.46499568e+08 7.42591003e+08 7.37474538e+08 7.31414491e+08
 7.25010030e+08 7.17299203e+08 7.07983696e+08 6.96355035e+08
 6.81869827e+08 6.63777512e+08 6.41527197e+08 6.19933545e+08
 5.99520117e+08 5.73517541e+08 5.42393177e+08 5.20497315e+08
 5.01352467e+08 4.82679199e+08 4.49216292e+08 4.17526159e+08
 3.91428749e+08 3.62665006e+08 3.40936284e+08 3.26652149e+08
 3.15114023e+08 3.11182684e+08 3.08247612e+08 3.05361379e+08
 3.02002095e+08 3.00019647e+08 2.97389174e+08 2.94442592e+08
 2.91067293e+08 2.86867711e+08 2.81828657e+08 2.78320375e+08
 2.75161533e+08 2.72374249e+08 2.69572487e+08 2.66935451e+08
 2.64672062e+08 2.62902921e+08 2.61677236e+08 2.60787285e+08
 2.60044826e+08 2.59253557e+08 2.58429444e+08 2.57740114e+08
 2.56831179e+08 2.55756249e+08 2.53775747e+08 2.51365265e+08
 2.48975343e+08 2.45562072e+08 2.43600491e+08 2.42552394e+08
 2.41499876e+08 2.40212976e+08 2.39003721e+08 2.37629273e+08
 2.35822077e+08 2.33363200e+08 2.30212334e+08 2.26216712e+08
 2.22093905e+08 2.17116331e+08 2.11582341e+08 2.04538809e+08
 1.96178471e+08 1.86008133e+08 1.75172296e+08 1.63502163e+08
 1.51441137e+08 1.38428538e+08 1.24630954e+08 1.13331285e+08
 1.03910265e+08 9.93853493e+07 9.52380952e+07 9.52227825e+07
 9.51921718e+07 9.51308921e+07 9.50088617e+07 9.47657848e+07
 9.44968194e+07 9.41957986e+07 9.38862824e+07 9.37283764e+07
 9.36196595e+07 9.35197188e+07 9.33952095e+07 9.32608743e+07
 9.31583184e+07 9.30694476e+07 9.29833239e+07 9.28896532e+07
 9.28386423e+07 9.27827316e+07 9.27100421e+07 9.26421790e+07
 9.25631505e+07 9.24728234e+07 9.23603265e+07 9.22503576e+07
 9.21204213e+07 9.19819501e+07 9.17763555e+07 9.14892320e+07
 9.11982170e+07 9.09142497e+07 9.09009496e+07 9.08863900e+07
 9.08585739e+07 9.07997748e+07 9.06838196e+07 9.05350615e+07
 9.03437125e+07 9.02889902e+07 9.02498193e+07 9.01933649e+07
 9.01676057e+07 9.01276900e+07 9.00801954e+07 8.99830246e+07
 8.97910049e+07 8.96157064e+07 8.93897709e+07 8.92751883e+07
 8.91695984e+07 8.90343880e+07 8.89350619e+07 8.87917616e+07
 8.86499844e+07 8.84342302e+07 8.81649657e+07 8.79591852e+07
 8.77677815e+07 8.75577402e+07 8.73630988e+07 8.71741060e+07
 8.69626025e+07 8.66996209e+07 8.63199344e+07 8.57480863e+07
 8.47268947e+07 8.40243364e+07 8.33336201e+07 8.32991374e+07
 8.32329047e+07 8.30984000e+07 8.28318084e+07 8.23035806e+07
 8.17571062e+07 8.14984420e+07 8.12328387e+07 8.09794582e+07
 8.06818418e+07 8.04698713e+07 8.02168845e+07 7.99295584e+07
 7.95828339e+07 7.92287697e+07 7.90379809e+07 7.88495232e+07
 7.86411252e+07 7.83328915e+07 7.80050126e+07 7.75126428e+07
 7.68894901e+07 7.61796273e+07 7.54556016e+07 7.47397168e+07
 7.40826077e+07 7.36373412e+07 7.33189694e+07 7.30418500e+07
 7.27604218e+07 7.25745172e+07 7.24588924e+07 7.23198646e+07
 7.21762454e+07 7.20610088e+07 7.19307707e+07 7.17777578e+07
 7.15639910e+07 7.12954151e+07 7.09852755e+07 7.06361693e+07
 7.03007606e+07 6.99526109e+07 6.98506589e+07 6.97646034e+07
 6.97047044e+07 6.96294784e+07 6.95501266e+07 6.94933058e+07
 6.94288363e+07 6.93403153e+07 6.91732290e+07 6.90057225e+07
 6.88386011e+07 6.86297289e+07 6.83758568e+07 6.82439580e+07
 6.81408652e+07 6.80059549e+07 6.79019131e+07 6.77574338e+07
 6.76039302e+07 6.73693643e+07 6.70709387e+07 6.66510590e+07
 6.61086230e+07 6.53884925e+07 6.45570239e+07 6.35820146e+07
 6.24781881e+07 6.12098300e+07 5.97857093e+07 5.81570778e+07
 5.62832355e+07 5.40346737e+07 5.19391087e+07 0.00000000e+00
 0.00000000e+00 0.00000000e+00 0.00000000e+00 0.00000000e+00
 0.00000000e+00 0.00000000e+00 0.00000000e+00 0.00000000e+00
 0.00000000e+00 0.00000000e+00 0.00000000e+00 0.00000000e+00
 0.00000000e+00 0.00000000e+00 0.00000000e+00 0.00000000e+00
 0.00000000e+00 0.00000000e+00 0.00000000e+00 0.00000000e+00
 0.00000000e+00 0.00000000e+00 0.00000000e+00 0.00000000e+00
 0.00000000e+00 0.00000000e+00 0.00000000e+00 0.00000000e+00
 0.00000000e+00 0.00000000e+00 0.00000000e+00 0.00000000e+00
 0.00000000e+00 0.00000000e+00 0.00000000e+00 0.00000000e+00
 0.00000000e+00 0.00000000e+00 0.00000000e+00 0.00000000e+00
 0.00000000e+00 0.00000000e+00 0.00000000e+00 0.00000000e+00
 0.00000000e+00 0.00000000e+00 0.00000000e+00 0.00000000e+00
 0.00000000e+00 0.00000000e+00 0.00000000e+00 0.00000000e+00
 0.00000000e+00 0.00000000e+00 0.00000000e+00 0.00000000e+00
 0.00000000e+00 0.00000000e+00 0.00000000e+00 0.00000000e+00
 0.00000000e+00 0.00000000e+00 0.00000000e+00 0.00000000e+00
 0.00000000e+00 0.00000000e+00 0.00000000e+00 0.00000000e+00
 0.00000000e+00 0.00000000e+00 0.00000000e+00 0.00000000e+00
 0.00000000e+00 0.00000000e+00 0.00000000e+00 0.00000000e+00
 0.00000000e+00 0.00000000e+00 0.00000000e+00 0.00000000e+00
 0.00000000e+00 0.00000000e+00 0.00000000e+00 0.00000000e+00
 0.00000000e+00 0.00000000e+00 0.00000000e+00 0.00000000e+00
 0.00000000e+00 0.00000000e+00 0.00000000e+00 0.00000000e+00
 0.00000000e+00 0.00000000e+00 0.00000000e+00 0.00000000e+00
 0.00000000e+00 0.00000000e+00 0.00000000e+00 0.00000000e+00
 0.00000000e+00 0.00000000e+00 0.00000000e+00 0.00000000e+00
 0.00000000e+00 0.00000000e+00 0.00000000e+00 0.00000000e+00
 0.00000000e+00 0.00000000e+00 0.00000000e+00 0.00000000e+00
 0.00000000e+00 0.00000000e+00 0.00000000e+00 0.00000000e+00
 0.00000000e+00 0.00000000e+00 0.00000000e+00 0.00000000e+00
 0.00000000e+00 0.00000000e+00 0.00000000e+00 0.00000000e+00
 0.00000000e+00 0.00000000e+00 0.00000000e+00 0.00000000e+00
 0.00000000e+00 0.00000000e+00 0.00000000e+00 0.00000000e+00
 0.00000000e+00 0.00000000e+00 0.00000000e+00 0.00000000e+00
 0.00000000e+00 0.00000000e+00 0.00000000e+00 0.00000000e+00
 0.00000000e+00 0.00000000e+00 0.00000000e+00 0.00000000e+00
 0.00000000e+00 0.00000000e+00 0.00000000e+00 0.00000000e+00
 0.00000000e+00 0.00000000e+00 0.00000000e+00 0.00000000e+00
 0.00000000e+00 0.00000000e+00 0.00000000e+00 0.00000000e+00
 0.00000000e+00 0.00000000e+00 0.00000000e+00 0.00000000e+00
 0.00000000e+00 0.00000000e+00 0.00000000e+00 0.00000000e+00
 0.00000000e+00 0.00000000e+00 0.00000000e+00 0.00000000e+00
 0.00000000e+00 0.00000000e+00 0.00000000e+00 0.00000000e+00
 0.00000000e+00 0.00000000e+00 0.00000000e+00 0.00000000e+00
 0.00000000e+00 0.00000000e+00 0.00000000e+00 0.00000000e+00
 0.00000000e+00 0.00000000e+00 0.00000000e+00 0.00000000e+00
 0.00000000e+00 0.00000000e+00 0.00000000e+00 0.00000000e+00
 0.00000000e+00 0.00000000e+00 0.00000000e+00 0.00000000e+00
 0.00000000e+00 0.00000000e+00 0.00000000e+00 0.00000000e+00
 0.00000000e+00 0.00000000e+00 0.00000000e+00 0.00000000e+00
 0.00000000e+00 0.00000000e+00 0.00000000e+00 0.00000000e+00
 0.00000000e+00 0.00000000e+00 0.00000000e+00 0.00000000e+00
 0.00000000e+00 0.00000000e+00 0.00000000e+00 0.00000000e+00
 0.00000000e+00 0.00000000e+00 0.00000000e+00 0.00000000e+00
 0.00000000e+00 0.00000000e+00 0.00000000e+00 0.00000000e+00
 0.00000000e+00 0.00000000e+00 0.00000000e+00 0.00000000e+00
 0.00000000e+00 0.00000000e+00 0.00000000e+00 0.00000000e+00
 0.00000000e+00 0.00000000e+00 0.00000000e+00 0.00000000e+00
 0.00000000e+00 0.00000000e+00 0.00000000e+00 0.00000000e+00
 0.00000000e+00 0.00000000e+00 0.00000000e+00 0.00000000e+00
 0.00000000e+00 0.00000000e+00 0.00000000e+00 0.00000000e+00
 0.00000000e+00 0.00000000e+00 0.00000000e+00 0.00000000e+00
 0.00000000e+00 0.00000000e+00 0.00000000e+00 0.00000000e+00
 0.00000000e+00 0.00000000e+00 0.00000000e+00 0.00000000e+00
 0.00000000e+00 0.00000000e+00 0.00000000e+00 0.00000000e+00
 0.00000000e+00 0.00000000e+00 0.00000000e+00 0.00000000e+00
 0.00000000e+00 0.00000000e+00 0.00000000e+00 0.00000000e+00
 0.00000000e+00 0.00000000e+00 0.00000000e+00 0.00000000e+00
 0.00000000e+00 0.00000000e+00 0.00000000e+00 0.00000000e+00
 0.00000000e+00 0.00000000e+00 0.00000000e+00 0.00000000e+00
 0.00000000e+00 0.00000000e+00 0.00000000e+00 0.00000000e+00
 0.00000000e+00 0.00000000e+00 0.00000000e+00 0.00000000e+00
 0.00000000e+00]
norm_dvd: [0. 0. 0. 0. 0. 0. 0. 0. 0. 0. 0. 0. 0. 0. 0. 0. 0. 0. 0. 0. 0. 0. 0. 0.
 0. 0. 0. 0. 0. 0. 0. 0. 0. 0. 0. 0. 0. 0. 0. 0. 0. 0. 0. 0. 0. 0. 0. 0.
 0. 0. 0. 0. 0. 0. 0. 0. 0. 0. 0. 0. 0. 0. 0. 0. 0. 0. 0. 0. 0. 0. 0. 0.
 0. 0. 0. 0. 0. 0. 0. 0. 0. 0. 0. 0. 0. 0. 0. 0. 0. 0. 0. 0. 0. 0. 0. 0.
 0. 0. 0. 0. 0. 0. 0. 0. 0. 0. 0. 0. 0. 0. 0. 0. 0. 0. 0. 0. 0. 0. 0. 0.
 0. 0. 0. 0. 0. 0. 0. 0. 0. 0. 0. 0. 0. 0. 0. 0. 0. 0. 0. 0. 0. 0. 0. 0.
 0. 0. 0. 0. 0. 0. 0. 0. 0. 0. 0. 0. 0. 0. 0. 0. 0. 0. 0. 0. 0. 0. 0. 0.
 0. 0. 0. 0. 0. 0. 0. 0. 0. 0. 0. 0. 0. 0. 0. 0. 0. 0. 0. 0. 0. 0. 0. 0.
 0. 0. 0. 0. 0. 0. 0. 0. 0. 0. 0. 0. 0. 0. 0. 0. 0. 0. 0. 0. 0. 0. 0. 0.
 0. 0. 0. 0. 0. 0. 0. 0. 0. 0. 0. 0. 0. 0. 0. 0. 0. 0. 0. 0. 0. 0. 0. 0.
 0. 0. 0. 0. 0. 0. 0. 0. 0. 0. 0. 0. 0. 0. 0. 0. 0. 0. 0. 0. 0. 0. 0. 0.
 0. 0. 0. 0. 0. 0. 0. 0. 0. 0. 0. 0. 0. 0. 0. 0. 0. 0. 0. 0. 0. 0. 0. 0.
 0. 0. 0. 0. 0. 0. 0. 0. 0. 0. 0. 0. 0. 0. 0. 0. 0. 0. 0. 0. 0. 0. 0. 0.
 0. 0. 0. 0. 0. 0. 0. 0. 0. 0. 0. 0. 0. 0. 0. 0. 0. 0. 0. 0. 0. 0. 0. 0.
 0. 0. 0. 0. 0. 0. 0. 0. 0. 0. 0. 0. 0. 0. 0. 0. 0. 0. 0. 0. 0. 0. 0. 0.
 0. 0. 0. 0. 0. 0. 0. 0. 0. 0. 0. 0. 0. 0. 0. 0. 0. 0. 0. 0. 0. 0. 0. 0.
 0. 0. 0. 0. 0. 0. 0. 0. 0. 0. 0. 0. 0. 0. 0. 0. 0. 0. 0. 0. 0. 0. 0. 0.
 0. 0. 0. 0. 0. 0. 0. 0. 0. 0. 0. 0. 0. 0. 0. 0. 0. 0. 0. 0. 0. 0. 0. 0.
 0. 0. 0. 0. 0. 0. 0. 0. 0. 0. 0. 0. 0. 0. 0. 0. 0. 0. 0. 0. 0. 0. 0. 0.
 0. 0. 0. 0. 0. 0. 0. 0. 0. 0. 0. 0. 0. 0. 0. 0. 0. 0. 0. 0. 0. 0. 0. 0.
 0. 0. 0. 0. 0. 0. 0. 0. 0. 0. 0. 0. 0. 0. 0. 0. 0. 0. 0. 0. 0. 0. 0. 0.
 0. 0. 0. 0. 0. 0. 0. 0. 0. 0. 0. 0. 0. 0. 0. 0. 0. 0. 0. 0. 0. 0. 0. 0.
 0. 0. 0. 0. 0. 0. 0. 0. 0. 0. 0. 0. 0. 0. 0. 0. 0. 0. 0. 0. 0. 0. 0. 0.
 0. 0. 0. 0. 0. 0. 0. 0. 0. 0. 0. 0. 0. 0. 0. 0. 0. 0. 0. 0. 0. 0. 0. 0.
 0. 0. 0. 0. 0.]
norm_did: [0.00000000e+00 0.00000000e+00 0.00000000e+00 0.00000000e+00
 0.00000000e+00 0.00000000e+00 0.00000000e+00 0.00000000e+00
 0.00000000e+00 0.00000000e+00 0.00000000e+00 0.00000000e+00
 0.00000000e+00 0.00000000e+00 0.00000000e+00 0.00000000e+00
 0.00000000e+00 0.00000000e+00 0.00000000e+00 0.00000000e+00
 0.00000000e+00 0.00000000e+00 0.00000000e+00 0.00000000e+00
 0.00000000e+00 0.00000000e+00 0.00000000e+00 0.00000000e+00
 0.00000000e+00 0.00000000e+00 0.00000000e+00 0.00000000e+00
 0.00000000e+00 0.00000000e+00 0.00000000e+00 0.00000000e+00
 0.00000000e+00 0.00000000e+00 0.00000000e+00 0.00000000e+00
 0.00000000e+00 0.00000000e+00 0.00000000e+00 0.00000000e+00
 0.00000000e+00 0.00000000e+00 0.00000000e+00 0.00000000e+00
 0.00000000e+00 0.00000000e+00 0.00000000e+00 0.00000000e+00
 0.00000000e+00 0.00000000e+00 0.00000000e+00 0.00000000e+00
 0.00000000e+00 0.00000000e+00 0.00000000e+00 0.00000000e+00
 0.00000000e+00 0.00000000e+00 0.00000000e+00 0.00000000e+00
 0.00000000e+00 0.00000000e+00 0.00000000e+00 0.00000000e+00
 0.00000000e+00 0.00000000e+00 0.00000000e+00 0.00000000e+00
 0.00000000e+00 0.00000000e+00 0.00000000e+00 0.00000000e+00
 0.00000000e+00 0.00000000e+00 0.00000000e+00 0.00000000e+00
 0.00000000e+00 8.79519008e+01 0.00000000e+00 0.00000000e+00
 0.00000000e+00 0.00000000e+00 0.00000000e+00 0.00000000e+00
 4.34309293e+01 5.00761851e+01 6.86104688e+01 7.85070495e+01
 0.00000000e+00 2.87595995e+02 0.00000000e+00 0.00000000e+00
 4.02146621e+02 0.00000000e+00 2.61505405e+02 0.00000000e+00
 1.74963496e+02 1.41194669e+02 3.93489667e+02 2.13360606e+02
 2.36609688e+02 2.30633928e+02 2.40116622e+02 2.74686605e+02
 3.46179787e+02 4.93827882e+02 6.74786284e+02 0.00000000e+00
 7.49372568e+02 0.00000000e+00 8.50040360e+02 0.00000000e+00
 5.37776104e+02 2.88407955e+02 4.65740289e+02 6.91334232e+02
 4.72884576e+02 8.05112536e+02 4.96141727e+02 9.79216385e+02
 3.96749182e+02 8.35716650e+02 7.27178281e+02 8.18604021e+02
 9.84789261e+02 9.00265214e+02 1.03228289e+03 1.28687054e+03
 1.53451346e+03 1.89929900e+03 2.21683423e+03 3.04104311e+03
 4.07308105e+03 6.69484649e+03 1.02154700e+04 1.33870127e+04
 3.17990611e+04 6.01492339e+05 3.19094796e+06 1.59830385e+07
 7.34209416e+07 6.92855364e+07 7.59396335e+10 6.64068965e+08
 2.42811946e+08 2.42302845e+08 2.41057478e+08 2.56270932e+08
 2.72404018e+08 2.89712247e+08 3.58856328e+08 3.44459005e+08
 3.25281612e+08 3.20284733e+08 3.27714304e+08 3.46862124e+08
 3.51015989e+08 3.50713991e+08 3.52405996e+08 3.74252758e+08
 3.63450360e+08 3.60684840e+08 3.69619504e+08 3.70715635e+08
 3.74771543e+08 3.78501024e+08 3.89965117e+08 3.93969843e+08
 4.02942099e+08 4.00732551e+08 4.06153192e+08 4.39666641e+08
 4.67165080e+08 1.52786810e+09 1.37192589e+09 4.72905897e+08
 4.71327663e+08 4.67915507e+08 4.74767179e+08 4.81827822e+08
 6.34721097e+08 5.40369805e+08 5.03372117e+08 5.33653568e+08
 5.07713519e+08 5.07414744e+08 5.01071942e+08 4.89217757e+08
 5.16622732e+08 5.09636566e+08 5.94777222e+08 5.49659447e+08
 5.13942340e+08 5.37251951e+08 5.05532713e+08 5.06330093e+08
 4.75029137e+08 4.50862618e+08 4.85314519e+08 4.51151745e+08
 3.91958101e+08 3.64052680e+08 3.20318036e+08 2.49007635e+08
 1.54259000e+08 6.05306044e+06 3.07796823e+08 1.11299962e+09
 2.36952966e+09 5.39307144e+09 2.02484688e+10 8.05934974e+09
 1.97772112e+10 3.61953140e+10 1.12644614e+11 1.52158683e+10
 8.24858469e+09 7.05001045e+09 6.15310029e+09 5.58059814e+09
 4.93929678e+09 4.64896106e+09 4.34899514e+09 4.07800873e+09
 3.76577374e+09 3.41663833e+09 3.27642186e+09 3.16678505e+09
 3.09149477e+09 2.93897337e+09 2.84342476e+09 2.67367588e+09
 2.46133464e+09 2.23079755e+09 2.02362285e+09 1.83742934e+09
 1.66590849e+09 1.56385184e+09 1.50206622e+09 1.45602945e+09
 1.40111334e+09 1.36553337e+09 1.35027748e+09 1.33029320e+09
 1.30713135e+09 1.29212479e+09 1.27592003e+09 1.25990938e+09
 1.23529841e+09 1.20283240e+09 1.16555118e+09 1.12135142e+09
 1.08208172e+09 1.02951843e+09 1.01729163e+09 1.00676415e+09
 1.00116548e+09 9.93366412e+08 9.84167874e+08 9.78549658e+08
 9.73132122e+08 9.67631380e+08 9.50764767e+08 9.34157992e+08
 9.19530212e+08 9.01261924e+08 8.73308117e+08 8.60354975e+08
 8.52267534e+08 8.39450018e+08 8.31761922e+08 8.19726892e+08
 8.09229418e+08 7.91677414e+08 7.70862182e+08 7.41228622e+08
 7.05041712e+08 6.57858885e+08 6.08580091e+08 5.56614809e+08
 5.05563013e+08 4.55207671e+08 4.08097208e+08 3.63733285e+08
 3.22635992e+08 2.79846306e+08 2.47101197e+08 1.46368437e+09
 0.00000000e+00 0.00000000e+00 0.00000000e+00 0.00000000e+00
 0.00000000e+00 0.00000000e+00 0.00000000e+00 0.00000000e+00
 0.00000000e+00 0.00000000e+00 0.00000000e+00 0.00000000e+00
 0.00000000e+00 0.00000000e+00 0.00000000e+00 0.00000000e+00
 0.00000000e+00 0.00000000e+00 0.00000000e+00 0.00000000e+00
 0.00000000e+00 0.00000000e+00 0.00000000e+00 0.00000000e+00
 0.00000000e+00 0.00000000e+00 0.00000000e+00 0.00000000e+00
 0.00000000e+00 0.00000000e+00 0.00000000e+00 0.00000000e+00
 0.00000000e+00 0.00000000e+00 0.00000000e+00 0.00000000e+00
 0.00000000e+00 0.00000000e+00 0.00000000e+00 0.00000000e+00
 0.00000000e+00 0.00000000e+00 0.00000000e+00 0.00000000e+00
 0.00000000e+00 0.00000000e+00 0.00000000e+00 0.00000000e+00
 0.00000000e+00 0.00000000e+00 0.00000000e+00 0.00000000e+00
 0.00000000e+00 0.00000000e+00 0.00000000e+00 0.00000000e+00
 0.00000000e+00 0.00000000e+00 0.00000000e+00 0.00000000e+00
 0.00000000e+00 0.00000000e+00 0.00000000e+00 0.00000000e+00
 0.00000000e+00 0.00000000e+00 0.00000000e+00 0.00000000e+00
 0.00000000e+00 0.00000000e+00 0.00000000e+00 0.00000000e+00
 0.00000000e+00 0.00000000e+00 0.00000000e+00 0.00000000e+00
 0.00000000e+00 0.00000000e+00 0.00000000e+00 0.00000000e+00
 0.00000000e+00 0.00000000e+00 0.00000000e+00 0.00000000e+00
 0.00000000e+00 0.00000000e+00 0.00000000e+00 0.00000000e+00
 0.00000000e+00 0.00000000e+00 0.00000000e+00 0.00000000e+00
 0.00000000e+00 0.00000000e+00 0.00000000e+00 0.00000000e+00
 0.00000000e+00 0.00000000e+00 0.00000000e+00 0.00000000e+00
 0.00000000e+00 0.00000000e+00 0.00000000e+00 0.00000000e+00
 0.00000000e+00 0.00000000e+00 0.00000000e+00 0.00000000e+00
 0.00000000e+00 0.00000000e+00 0.00000000e+00 0.00000000e+00
 0.00000000e+00 0.00000000e+00 0.00000000e+00 0.00000000e+00
 0.00000000e+00 0.00000000e+00 0.00000000e+00 0.00000000e+00
 0.00000000e+00 0.00000000e+00 0.00000000e+00 0.00000000e+00
 0.00000000e+00 0.00000000e+00 0.00000000e+00 0.00000000e+00
 0.00000000e+00 0.00000000e+00 0.00000000e+00 0.00000000e+00
 0.00000000e+00 0.00000000e+00 0.00000000e+00 0.00000000e+00
 0.00000000e+00 0.00000000e+00 0.00000000e+00 0.00000000e+00
 0.00000000e+00 0.00000000e+00 0.00000000e+00 0.00000000e+00
 0.00000000e+00 0.00000000e+00 0.00000000e+00 0.00000000e+00
 0.00000000e+00 0.00000000e+00 0.00000000e+00 0.00000000e+00
 0.00000000e+00 0.00000000e+00 0.00000000e+00 0.00000000e+00
 0.00000000e+00 0.00000000e+00 0.00000000e+00 0.00000000e+00
 0.00000000e+00 0.00000000e+00 0.00000000e+00 0.00000000e+00
 0.00000000e+00 0.00000000e+00 0.00000000e+00 0.00000000e+00
 0.00000000e+00 0.00000000e+00 0.00000000e+00 0.00000000e+00
 0.00000000e+00 0.00000000e+00 0.00000000e+00 0.00000000e+00
 0.00000000e+00 0.00000000e+00 0.00000000e+00 0.00000000e+00
 0.00000000e+00 0.00000000e+00 0.00000000e+00 0.00000000e+00
 0.00000000e+00 0.00000000e+00 0.00000000e+00 0.00000000e+00
 0.00000000e+00 0.00000000e+00 0.00000000e+00 0.00000000e+00
 0.00000000e+00 0.00000000e+00 0.00000000e+00 0.00000000e+00
 0.00000000e+00 0.00000000e+00 0.00000000e+00 0.00000000e+00
 0.00000000e+00 0.00000000e+00 0.00000000e+00 0.00000000e+00
 0.00000000e+00 0.00000000e+00 0.00000000e+00 0.00000000e+00
 0.00000000e+00 0.00000000e+00 0.00000000e+00 0.00000000e+00
 0.00000000e+00 0.00000000e+00 0.00000000e+00 0.00000000e+00
 0.00000000e+00 0.00000000e+00 0.00000000e+00 0.00000000e+00
 0.00000000e+00 0.00000000e+00 0.00000000e+00 0.00000000e+00
 0.00000000e+00 0.00000000e+00 0.00000000e+00 0.00000000e+00
 0.00000000e+00 0.00000000e+00 0.00000000e+00 0.00000000e+00
 0.00000000e+00 0.00000000e+00 0.00000000e+00 0.00000000e+00
 0.00000000e+00 0.00000000e+00 0.00000000e+00 0.00000000e+00
 0.00000000e+00 0.00000000e+00 0.00000000e+00 0.00000000e+00
 0.00000000e+00 0.00000000e+00 0.00000000e+00 0.00000000e+00
 0.00000000e+00 0.00000000e+00 0.00000000e+00 0.00000000e+00
 0.00000000e+00 0.00000000e+00 0.00000000e+00 0.00000000e+00
 0.00000000e+00 0.00000000e+00 0.00000000e+00 0.00000000e+00
 0.00000000e+00 0.00000000e+00 0.00000000e+00 0.00000000e+00
 0.00000000e+00 0.00000000e+00 0.00000000e+00 0.00000000e+00
 0.00000000e+00 0.00000000e+00 0.00000000e+00 0.00000000e+00
 0.00000000e+00 0.00000000e+00 0.00000000e+00 0.00000000e+00
 0.00000000e+00 0.00000000e+00 0.00000000e+00 0.00000000e+00
 0.00000000e+00 0.00000000e+00 0.00000000e+00 0.00000000e+00
 0.00000000e+00 0.00000000e+00 0.00000000e+00 0.00000000e+00
 0.00000000e+00]
[WARNING]: Quasi-static verification failed
[WARNING]: Max normalized derivatives: dVg/dt=2.50e+11, dVd/dt=0.00e+00, dId/dt=1.13e+11

  ngspice: ✓ PASS  (106.5s)

✓ Benchmark completed: /home/duhaochen/website-trial-v1/data/spice-model-benchmark/42e7f6b681b3fa1edc7e3c66e61bfc9d/ngspice
