
6. Printing statistics.

=== adder_top ===

        +----------Local Count, excluding submodules.
        |        +-Local Area, excluding submodules.
        |        | 
       20        - wires
       29        - wire bits
        5        - public wires
       14        - public wire bits
        5        - ports
       14        - port bits
       20  206.842 cells
        2   18.144   sg13g2_a21oi_1
        2   18.144   sg13g2_and2_1
        2   14.515   sg13g2_nand2_1
        2   18.144   sg13g2_nand2b_1
        2   14.515   sg13g2_nor2_1
        2   18.144   sg13g2_o21ai_1
        2   18.144   sg13g2_or2_1
        4   58.061   sg13g2_xnor2_1
        2    29.03   sg13g2_xor2_1

   Chip area for module '\adder_top': 206.841600
     of which used for sequential elements: 0.000000 (0.00%)

