
6. Printing statistics.

=== adder_top ===

        +----------Local Count, excluding submodules.
        |        +-Local Area, excluding submodules.
        |        | 
       28        - wires
       37        - wire bits
        5        - public wires
       14        - public wire bits
        5        - ports
       14        - port bits
       28  293.895 cells
        1    9.072   sg13g2_a21oi_1
        1   14.515   sg13g2_a221oi_1
        1   10.849   sg13g2_a22oi_1
        3   27.216   sg13g2_and2_1
        3   21.773   sg13g2_nand2_1
        3   27.216   sg13g2_nand3_1
        3   21.773   sg13g2_nor2_1
        1    9.072   sg13g2_nor3_1
        1   10.886   sg13g2_nor4_1
        1    9.072   sg13g2_o21ai_1
        2   18.144   sg13g2_or2_1
        1   12.701   sg13g2_or3_1
        3   43.546   sg13g2_xnor2_1
        4   58.061   sg13g2_xor2_1

   Chip area for module '\adder_top': 293.895000
     of which used for sequential elements: 0.000000 (0.00%)

