$ /usr/bin/time -v -o /home/duhaochen/website-trial-v1/data/spice-model-benchmark/4cb48f1319ebabd9ab0ee11945c60119/ngspice/resource.txt /usr/bin/python -m spice_model_benchmark.cli /home/duhaochen/pipeline_full_collection/benchmark-inputs/4cb48f1319ebabd9ab0ee11945c60119/ngspice.lib --simulator ngspice --modes dc transient ac noise --output-dir /home/duhaochen/website-trial-v1/data/spice-model-benchmark/4cb48f1319ebabd9ab0ee11945c60119 --dpi 120 --log-level WARNING
/home/duhaochen/spice_model_benchmark/src/spice_model_benchmark/verification_manager.py:1557: RuntimeWarning: divide by zero encountered in divide
  tc = np.mean((d_ids / d_temp) / np.abs(i_ds[:-1]))
SPICE Model Benchmark: /home/duhaochen/pipeline_full_collection/benchmark-inputs/4cb48f1319ebabd9ab0ee11945c60119/ngspice.lib
Simulators: ngspice
Modes: dc, transient, ac, noise
------------------------------------------------------------

============================================================
  Running: NGSPICE
  Output:  /home/duhaochen/website-trial-v1/data/spice-model-benchmark/4cb48f1319ebabd9ab0ee11945c60119/ngspice
============================================================
Vgs range: -1.200V to 0.000V
Ids range: 0.000e+00A to 3.628e-04A
Selected Vgs values: [-1.2 -1.  -0.8 -0.6 -0.4 -0.2  0. ]
Vgs=-1.200V: Ids range 0.000e+00A to 3.628e-04A
Vgs=-1.000V: Ids range 0.000e+00A to 2.086e-04A
Vgs=-0.800V: Ids range 0.000e+00A to 8.564e-05A
Vgs=-0.600V: Ids range 0.000e+00A to 9.658e-06A
Vgs=-0.400V: Ids range 0.000e+00A to 1.030e-07A
Vgs=-0.200V: Ids range 0.000e+00A to 7.496e-10A
Vgs=0.000V: Ids range 2.382e-16A to 4.396e-12A
ids_variation: 5.871449577219632
ids_variation <= max_variation: False
tc: inf
abs(tc) <= max_tc: False
[WARNING]: Temperature effects verification failed - effects outside expected range
/home/duhaochen/spice_model_benchmark/src/spice_model_benchmark/verification_manager.py:1817: RuntimeWarning: divide by zero encountered in log
  log_ids = np.log(np.abs(i_ds))
/home/duhaochen/.local/lib/python3.9/site-packages/numpy/lib/function_base.py:2742: RuntimeWarning: invalid value encountered in subtract
  X -= avg[:, None]
/home/duhaochen/spice_model_benchmark/src/spice_model_benchmark/verification_manager.py:1862: RuntimeWarning: divide by zero encountered in divide
  efficiency = np.abs(gm / i_ds)  # Transconductance efficiency
[INFO]: S-parameter analysis plot saved to /home/duhaochen/website-trial-v1/data/spice-model-benchmark/4cb48f1319ebabd9ab0ee11945c60119/ngspice/plots/ac_cv_sparameter_analysis.png
[INFO]: NQS effects plot saved to /home/duhaochen/website-trial-v1/data/spice-model-benchmark/4cb48f1319ebabd9ab0ee11945c60119/ngspice/plots/ac_cv_nqs_effects.png
[INFO]: S-parameter analysis plot saved to /home/duhaochen/website-trial-v1/data/spice-model-benchmark/4cb48f1319ebabd9ab0ee11945c60119/ngspice/plots/ac_cv_sparameter_analysis.png
norm_dvg: [2.50000000e+11 1.25000000e+11 6.25000000e+10 3.12500000e+10
 1.56250000e+10 7.81249974e+09 6.97796589e+09 5.74961407e+09
 5.42778180e+09 5.10383090e+09 4.85666686e+09 4.57511826e+09
 4.32127029e+09 4.17790316e+09 4.02298456e+09 3.86452323e+09
 3.72047038e+09 3.56985427e+09 3.33985456e+09 3.16068823e+09
 3.00176352e+09 2.85325971e+09 2.71429676e+09 2.57518152e+09
 2.46052899e+09 2.43733048e+09 2.41408381e+09 2.39225240e+09
 2.36547230e+09 2.33832262e+09 2.32281824e+09 2.30981356e+09
 2.29996556e+09 2.28842281e+09 2.27453321e+09 2.25553474e+09
 2.24028731e+09 2.22338672e+09 2.20865526e+09 2.19775841e+09
 2.18362544e+09 2.17042602e+09 2.15767452e+09 2.14382842e+09
 2.12729399e+09 2.11038376e+09 2.08834358e+09 2.06175673e+09
 2.03040901e+09 1.99999911e+09 1.99402740e+09 1.98218791e+09
 1.96245378e+09 1.92414139e+09 1.85183538e+09 1.76138802e+09
 1.63738168e+09 1.46702904e+09 1.25388568e+09 1.11264355e+09
 9.99999132e+08 9.96176844e+08 9.88617143e+08 9.73836487e+08
 9.45563323e+08 8.93671472e+08 8.05284660e+08 6.72299724e+08
 5.05381888e+08 3.59880299e+08 2.79430946e+08 2.28378197e+08
 1.93098591e+08 1.67260394e+08 1.47520874e+08 1.31948721e+08
 1.24628362e+08 1.18447163e+08 1.11863331e+08 1.07461510e+08
 1.03637826e+08 9.96437028e+07 9.73910770e+07 9.52397504e+07
 9.52198739e+07 9.51863460e+07 9.51161609e+07 9.49779547e+07
 9.47017184e+07 9.41546407e+07 9.34228350e+07 9.31976144e+07
 9.30143081e+07 9.29021469e+07 9.28053905e+07 9.27150995e+07
 9.26093299e+07 9.25001464e+07 9.24266668e+07 9.23253324e+07
 9.22167038e+07 9.20728434e+07 9.19114428e+07 9.17552096e+07
 9.17079810e+07 9.16690853e+07 9.16377113e+07 9.16076808e+07
 9.15660394e+07 9.15272507e+07 9.14862559e+07 9.14618379e+07
 9.14458210e+07 9.14312089e+07 9.14038170e+07 9.13828277e+07
 9.13581308e+07 9.13313684e+07 9.12993741e+07 9.12853955e+07
 9.12584455e+07 9.12379784e+07 9.12098931e+07 9.11823602e+07
 9.11518718e+07 9.11184111e+07 9.10740288e+07 9.10194004e+07
 9.09651144e+07 9.09113456e+07 9.08962938e+07 9.08757801e+07
 9.08315446e+07 9.07428512e+07 9.05659125e+07 9.02147416e+07
 8.95199482e+07 8.81622459e+07 8.76644537e+07 8.70885372e+07
 8.68649601e+07 8.66735546e+07 8.65161092e+07 8.63520167e+07
 8.61747643e+07 8.59775072e+07 8.58181066e+07 8.56332818e+07
 8.54239046e+07 8.51256515e+07 8.47073318e+07 8.40269574e+07
 8.33335208e+07 8.32816326e+07 8.31792641e+07 8.29748390e+07
 8.25686073e+07 8.17683018e+07 8.02132433e+07 7.72741041e+07
 7.27751937e+07 6.87713170e+07 6.51850288e+07 6.19542326e+07
 5.90285814e+07 5.63667805e+07 5.39346934e+07 5.18928551e+07
 0.00000000e+00 0.00000000e+00 0.00000000e+00 0.00000000e+00
 0.00000000e+00 0.00000000e+00 0.00000000e+00 0.00000000e+00
 0.00000000e+00 0.00000000e+00 0.00000000e+00 0.00000000e+00
 0.00000000e+00 0.00000000e+00 0.00000000e+00 0.00000000e+00
 0.00000000e+00 0.00000000e+00 0.00000000e+00 0.00000000e+00
 0.00000000e+00 0.00000000e+00 0.00000000e+00 0.00000000e+00
 0.00000000e+00 0.00000000e+00 0.00000000e+00 0.00000000e+00
 0.00000000e+00 0.00000000e+00 0.00000000e+00 0.00000000e+00
 0.00000000e+00 0.00000000e+00 0.00000000e+00 0.00000000e+00
 0.00000000e+00 0.00000000e+00 0.00000000e+00 0.00000000e+00
 0.00000000e+00 0.00000000e+00 0.00000000e+00 0.00000000e+00
 0.00000000e+00 0.00000000e+00 0.00000000e+00 0.00000000e+00
 0.00000000e+00 0.00000000e+00 0.00000000e+00 0.00000000e+00
 0.00000000e+00 0.00000000e+00 0.00000000e+00 0.00000000e+00
 0.00000000e+00 0.00000000e+00 0.00000000e+00 0.00000000e+00
 0.00000000e+00 0.00000000e+00 0.00000000e+00 0.00000000e+00
 0.00000000e+00 0.00000000e+00 0.00000000e+00 0.00000000e+00
 0.00000000e+00 0.00000000e+00 0.00000000e+00 0.00000000e+00
 0.00000000e+00 0.00000000e+00 0.00000000e+00 0.00000000e+00
 0.00000000e+00 0.00000000e+00 0.00000000e+00 0.00000000e+00
 0.00000000e+00 0.00000000e+00 0.00000000e+00 0.00000000e+00
 0.00000000e+00 0.00000000e+00 0.00000000e+00 0.00000000e+00
 0.00000000e+00 0.00000000e+00 0.00000000e+00 0.00000000e+00
 0.00000000e+00 0.00000000e+00 0.00000000e+00 0.00000000e+00
 0.00000000e+00 0.00000000e+00 0.00000000e+00 0.00000000e+00
 0.00000000e+00 0.00000000e+00 0.00000000e+00 0.00000000e+00
 0.00000000e+00 0.00000000e+00 0.00000000e+00 0.00000000e+00
 0.00000000e+00 0.00000000e+00 0.00000000e+00 0.00000000e+00
 0.00000000e+00 0.00000000e+00 0.00000000e+00 0.00000000e+00
 0.00000000e+00 0.00000000e+00 0.00000000e+00 0.00000000e+00
 0.00000000e+00 0.00000000e+00 0.00000000e+00 0.00000000e+00
 0.00000000e+00 0.00000000e+00 0.00000000e+00 0.00000000e+00
 0.00000000e+00 0.00000000e+00 0.00000000e+00 0.00000000e+00
 0.00000000e+00 0.00000000e+00 0.00000000e+00 0.00000000e+00
 0.00000000e+00 0.00000000e+00 0.00000000e+00 0.00000000e+00
 0.00000000e+00 0.00000000e+00 0.00000000e+00 0.00000000e+00
 0.00000000e+00 0.00000000e+00 0.00000000e+00 0.00000000e+00
 0.00000000e+00 0.00000000e+00 0.00000000e+00 0.00000000e+00
 0.00000000e+00 0.00000000e+00 0.00000000e+00 0.00000000e+00
 0.00000000e+00 0.00000000e+00 0.00000000e+00]
norm_dvd: [0. 0. 0. 0. 0. 0. 0. 0. 0. 0. 0. 0. 0. 0. 0. 0. 0. 0. 0. 0. 0. 0. 0. 0.
 0. 0. 0. 0. 0. 0. 0. 0. 0. 0. 0. 0. 0. 0. 0. 0. 0. 0. 0. 0. 0. 0. 0. 0.
 0. 0. 0. 0. 0. 0. 0. 0. 0. 0. 0. 0. 0. 0. 0. 0. 0. 0. 0. 0. 0. 0. 0. 0.
 0. 0. 0. 0. 0. 0. 0. 0. 0. 0. 0. 0. 0. 0. 0. 0. 0. 0. 0. 0. 0. 0. 0. 0.
 0. 0. 0. 0. 0. 0. 0. 0. 0. 0. 0. 0. 0. 0. 0. 0. 0. 0. 0. 0. 0. 0. 0. 0.
 0. 0. 0. 0. 0. 0. 0. 0. 0. 0. 0. 0. 0. 0. 0. 0. 0. 0. 0. 0. 0. 0. 0. 0.
 0. 0. 0. 0. 0. 0. 0. 0. 0. 0. 0. 0. 0. 0. 0. 0. 0. 0. 0. 0. 0. 0. 0. 0.
 0. 0. 0. 0. 0. 0. 0. 0. 0. 0. 0. 0. 0. 0. 0. 0. 0. 0. 0. 0. 0. 0. 0. 0.
 0. 0. 0. 0. 0. 0. 0. 0. 0. 0. 0. 0. 0. 0. 0. 0. 0. 0. 0. 0. 0. 0. 0. 0.
 0. 0. 0. 0. 0. 0. 0. 0. 0. 0. 0. 0. 0. 0. 0. 0. 0. 0. 0. 0. 0. 0. 0. 0.
 0. 0. 0. 0. 0. 0. 0. 0. 0. 0. 0. 0. 0. 0. 0. 0. 0. 0. 0. 0. 0. 0. 0. 0.
 0. 0. 0. 0. 0. 0. 0. 0. 0. 0. 0. 0. 0. 0. 0. 0. 0. 0. 0. 0. 0. 0. 0. 0.
 0. 0. 0. 0. 0. 0. 0. 0. 0. 0. 0. 0. 0. 0. 0. 0. 0. 0. 0. 0. 0. 0. 0. 0.
 0. 0. 0. 0. 0. 0. 0. 0. 0. 0. 0. 0. 0. 0. 0.]
norm_did: [0.00000000e+00 2.14029219e+03 1.07014608e+03 1.33768258e+03
 1.60521903e+03 1.67775634e+03 1.67775635e+03 2.49049922e+03
 1.46420850e+03 1.71716132e+03 2.02694350e+03 2.00029888e+03
 2.15615559e+03 2.78651209e+03 1.67988766e+03 2.56347253e+03
 2.26480272e+03 2.21898182e+03 2.52206234e+03 2.55545477e+03
 2.46879094e+03 2.86274923e+03 3.01107391e+03 2.83882215e+03
 2.21305342e+03 4.33407201e+03 2.26463228e+03 3.61796803e+03
 3.48861174e+03 2.99876047e+03 3.53220959e+03 0.00000000e+00
 3.90384044e+03 3.20806499e+03 4.62386926e+03 2.83714940e+03
 2.52322415e+03 2.85366601e+03 3.81412944e+03 2.90671340e+03
 3.07447019e+03 3.14388153e+03 5.72028221e+03 2.36121604e+03
 4.54606813e+03 3.42364368e+03 2.77299346e+03 3.42977041e+03
 4.57302767e+03 0.00000000e+00 5.71628443e+03 3.37511601e+03
 3.37511596e+03 4.21889502e+03 4.01362281e+03 4.38042758e+03
 4.94943866e+03 5.98469567e+03 7.77981883e+03 9.89389225e+03
 2.45365331e+04 1.56141763e+04 1.11529817e+04 1.19894494e+04
 1.31047443e+04 1.54050315e+04 2.16785328e+04 4.29560288e+04
 1.51120849e+05 8.54325564e+05 4.96700494e+06 2.82134264e+07
 1.51336112e+08 6.63696033e+08 1.97889650e+09 2.88429872e+09
 1.57259958e+09 3.07381463e+08 9.61466318e+08 3.40129327e+09
 3.19782019e+10 3.18115651e+09 2.12674887e+09 1.92555459e+09
 1.51034957e+09 1.51413626e+09 1.50610365e+09 1.49026321e+09
 1.45933470e+09 1.38764956e+09 1.27712174e+09 1.24845708e+09
 1.22529174e+09 1.21237285e+09 1.20164563e+09 1.19223954e+09
 1.18124939e+09 1.16886947e+09 1.16201534e+09 1.15200063e+09
 1.14196280e+09 1.12827304e+09 1.11256080e+09 1.09521273e+09
 1.09061611e+09 1.08658494e+09 1.08400450e+09 1.08145225e+09
 1.07747157e+09 1.07400692e+09 1.06998475e+09 1.06767251e+09
 1.06626458e+09 1.06491601e+09 1.06286285e+09 1.06051204e+09
 1.05859165e+09 1.05639587e+09 1.05352898e+09 1.05191276e+09
 1.05004126e+09 1.04816479e+09 1.04570678e+09 1.04347987e+09
 1.04071372e+09 1.03815684e+09 1.03466043e+09 1.03011326e+09
 1.02544214e+09 1.02552146e+09 1.01634204e+09 1.01777481e+09
 1.01502649e+09 1.00954921e+09 9.98673853e+08 9.77263839e+08
 9.35836911e+08 8.32017434e+08 8.02952314e+08 7.66421128e+08
 7.53989219e+08 7.43583915e+08 7.35538779e+08 7.27383217e+08
 7.18763602e+08 7.08789405e+08 7.01383576e+08 6.92893020e+08
 6.84026089e+08 6.71590135e+08 6.55430711e+08 6.27181853e+08
 5.97811455e+08 5.93333181e+08 5.91049879e+08 5.84935071e+08
 5.72992879e+08 5.50295278e+08 5.09593138e+08 4.41259014e+08
 3.53767211e+08 2.96788355e+08 2.56346875e+08 2.25825006e+08
 2.01767644e+08 1.82211575e+08 1.65660198e+08 1.53078161e+08
 2.07250847e+09 0.00000000e+00 0.00000000e+00 0.00000000e+00
 0.00000000e+00 0.00000000e+00 0.00000000e+00 0.00000000e+00
 0.00000000e+00 0.00000000e+00 0.00000000e+00 0.00000000e+00
 0.00000000e+00 0.00000000e+00 0.00000000e+00 0.00000000e+00
 0.00000000e+00 0.00000000e+00 0.00000000e+00 0.00000000e+00
 0.00000000e+00 0.00000000e+00 0.00000000e+00 0.00000000e+00
 0.00000000e+00 0.00000000e+00 0.00000000e+00 0.00000000e+00
 0.00000000e+00 0.00000000e+00 0.00000000e+00 0.00000000e+00
 0.00000000e+00 0.00000000e+00 0.00000000e+00 0.00000000e+00
 0.00000000e+00 0.00000000e+00 0.00000000e+00 0.00000000e+00
 0.00000000e+00 0.00000000e+00 0.00000000e+00 0.00000000e+00
 0.00000000e+00 0.00000000e+00 0.00000000e+00 0.00000000e+00
 0.00000000e+00 0.00000000e+00 0.00000000e+00 0.00000000e+00
 0.00000000e+00 0.00000000e+00 0.00000000e+00 0.00000000e+00
 0.00000000e+00 0.00000000e+00 0.00000000e+00 0.00000000e+00
 0.00000000e+00 0.00000000e+00 0.00000000e+00 0.00000000e+00
 0.00000000e+00 0.00000000e+00 0.00000000e+00 0.00000000e+00
 0.00000000e+00 0.00000000e+00 0.00000000e+00 0.00000000e+00
 0.00000000e+00 0.00000000e+00 0.00000000e+00 0.00000000e+00
 0.00000000e+00 0.00000000e+00 0.00000000e+00 0.00000000e+00
 0.00000000e+00 0.00000000e+00 0.00000000e+00 0.00000000e+00
 0.00000000e+00 0.00000000e+00 0.00000000e+00 0.00000000e+00
 0.00000000e+00 0.00000000e+00 0.00000000e+00 0.00000000e+00
 0.00000000e+00 0.00000000e+00 0.00000000e+00 0.00000000e+00
 0.00000000e+00 0.00000000e+00 0.00000000e+00 0.00000000e+00
 0.00000000e+00 0.00000000e+00 0.00000000e+00 0.00000000e+00
 0.00000000e+00 0.00000000e+00 0.00000000e+00 0.00000000e+00
 0.00000000e+00 0.00000000e+00 0.00000000e+00 0.00000000e+00
 0.00000000e+00 0.00000000e+00 0.00000000e+00 0.00000000e+00
 0.00000000e+00 0.00000000e+00 0.00000000e+00 0.00000000e+00
 0.00000000e+00 0.00000000e+00 0.00000000e+00 0.00000000e+00
 0.00000000e+00 0.00000000e+00 0.00000000e+00 0.00000000e+00
 0.00000000e+00 0.00000000e+00 0.00000000e+00 0.00000000e+00
 0.00000000e+00 0.00000000e+00 0.00000000e+00 0.00000000e+00
 0.00000000e+00 0.00000000e+00 0.00000000e+00 0.00000000e+00
 0.00000000e+00 0.00000000e+00 0.00000000e+00 0.00000000e+00
 0.00000000e+00 0.00000000e+00 0.00000000e+00 0.00000000e+00
 0.00000000e+00 0.00000000e+00 0.00000000e+00 0.00000000e+00
 0.00000000e+00 0.00000000e+00 0.00000000e+00 0.00000000e+00
 0.00000000e+00 0.00000000e+00 0.00000000e+00]
[WARNING]: Quasi-static verification failed
[WARNING]: Max normalized derivatives: dVg/dt=2.50e+11, dVd/dt=0.00e+00, dId/dt=3.20e+10

  ngspice: ✓ PASS  (43.9s)

✓ Benchmark completed: /home/duhaochen/website-trial-v1/data/spice-model-benchmark/4cb48f1319ebabd9ab0ee11945c60119/ngspice
