
6. Printing statistics.

=== adder_top ===

        +----------Local Count, excluding submodules.
        |        +-Local Area, excluding submodules.
        |        | 
       45        - wires
       66        - wire bits
        5        - public wires
       26        - public wire bits
        5        - ports
       26        - port bits
       49  538.839 cells
        4   36.288   sg13g2_a21oi_1
        2    29.03   sg13g2_a221oi_1
        1   10.849   sg13g2_a22oi_1
        4   36.288   sg13g2_and2_1
        3   21.773   sg13g2_nand2_1
        2   18.144   sg13g2_nand2b_1
        2   18.144   sg13g2_nand3_1
        4    29.03   sg13g2_nor2_1
        1    9.072   sg13g2_nor2b_1
        2   18.144   sg13g2_nor3_1
        1   10.886   sg13g2_nor4_1
        4   36.288   sg13g2_o21ai_1
        2   18.144   sg13g2_or2_1
        2    29.03   sg13g2_or4_1
        9  130.637   sg13g2_xnor2_1
        6   87.091   sg13g2_xor2_1

   Chip area for module '\adder_top': 538.839000
     of which used for sequential elements: 0.000000 (0.00%)

