$ /usr/bin/time -v -o /home/duhaochen/website-trial-v1/data/spice-model-benchmark/6e84aac347db5abfb3ce630c358e17c3/ngspice/resource.txt /usr/bin/python -m spice_model_benchmark.cli /home/duhaochen/pipeline_full_collection/benchmark-inputs/6e84aac347db5abfb3ce630c358e17c3/ngspice.lib --simulator ngspice --modes dc transient ac noise --output-dir /home/duhaochen/website-trial-v1/data/spice-model-benchmark/6e84aac347db5abfb3ce630c358e17c3 --dpi 120 --log-level WARNING
/home/duhaochen/spice_model_benchmark/src/spice_model_benchmark/verification_manager.py:1557: RuntimeWarning: divide by zero encountered in divide
  tc = np.mean((d_ids / d_temp) / np.abs(i_ds[:-1]))
SPICE Model Benchmark: /home/duhaochen/pipeline_full_collection/benchmark-inputs/6e84aac347db5abfb3ce630c358e17c3/ngspice.lib
Simulators: ngspice
Modes: dc, transient, ac, noise
------------------------------------------------------------

============================================================
  Running: NGSPICE
  Output:  /home/duhaochen/website-trial-v1/data/spice-model-benchmark/6e84aac347db5abfb3ce630c358e17c3/ngspice
============================================================
Vgs range: -1.200V to 0.000V
Ids range: 0.000e+00A to 4.134e-04A
Selected Vgs values: [-1.2 -1.  -0.8 -0.6 -0.4 -0.2  0. ]
Vgs=-1.200V: Ids range 0.000e+00A to 4.134e-04A
Vgs=-1.000V: Ids range 0.000e+00A to 1.942e-04A
Vgs=-0.800V: Ids range 0.000e+00A to 4.603e-05A
Vgs=-0.600V: Ids range 0.000e+00A to 1.040e-06A
Vgs=-0.400V: Ids range 0.000e+00A to 1.176e-08A
Vgs=-0.200V: Ids range 0.000e+00A to 8.729e-11A
Vgs=0.000V: Ids range 1.028e-16A to 1.298e-12A
ids_variation: 7.0770545472794435
ids_variation <= max_variation: False
tc: inf
abs(tc) <= max_tc: False
[WARNING]: Temperature effects verification failed - effects outside expected range
/home/duhaochen/spice_model_benchmark/src/spice_model_benchmark/verification_manager.py:1817: RuntimeWarning: divide by zero encountered in log
  log_ids = np.log(np.abs(i_ds))
/home/duhaochen/.local/lib/python3.9/site-packages/numpy/lib/function_base.py:2742: RuntimeWarning: invalid value encountered in subtract
  X -= avg[:, None]
/home/duhaochen/spice_model_benchmark/src/spice_model_benchmark/verification_manager.py:1862: RuntimeWarning: divide by zero encountered in divide
  efficiency = np.abs(gm / i_ds)  # Transconductance efficiency
[INFO]: S-parameter analysis plot saved to /home/duhaochen/website-trial-v1/data/spice-model-benchmark/6e84aac347db5abfb3ce630c358e17c3/ngspice/plots/ac_cv_sparameter_analysis.png
[INFO]: NQS effects plot saved to /home/duhaochen/website-trial-v1/data/spice-model-benchmark/6e84aac347db5abfb3ce630c358e17c3/ngspice/plots/ac_cv_nqs_effects.png
[INFO]: S-parameter analysis plot saved to /home/duhaochen/website-trial-v1/data/spice-model-benchmark/6e84aac347db5abfb3ce630c358e17c3/ngspice/plots/ac_cv_sparameter_analysis.png
norm_dvg: [2.50000000e+11 1.25000000e+11 6.25000000e+10 3.12500000e+10
 1.56250000e+10 7.81249995e+09 5.61557429e+09 4.95523776e+09
 4.32499509e+09 4.10556906e+09 3.89735698e+09 3.68428687e+09
 3.48135935e+09 3.36273621e+09 3.21137601e+09 3.06413909e+09
 2.89835501e+09 2.73923436e+09 2.60246141e+09 2.47924501e+09
 2.45337039e+09 2.42850383e+09 2.40865320e+09 2.38397795e+09
 2.35782822e+09 2.32815640e+09 2.31084550e+09 2.30053654e+09
 2.28980361e+09 2.27516016e+09 2.25957692e+09 2.24679812e+09
 2.23201826e+09 2.21425507e+09 2.20254486e+09 2.19121403e+09
 2.17785505e+09 2.16058807e+09 2.14671418e+09 2.13112867e+09
 2.11472297e+09 2.09504726e+09 2.07033757e+09 2.03513225e+09
 2.00000095e+09 1.99441324e+09 1.98333184e+09 1.96575913e+09
 1.93153174e+09 1.86653193e+09 1.74882886e+09 1.67822479e+09
 1.59707499e+09 1.52797337e+09 1.44403917e+09 1.35900767e+09
 1.25992508e+09 1.11311936e+09 9.99999393e+08 9.97261852e+08
 9.91827605e+08 9.81136327e+08 9.60431576e+08 9.21536722e+08
 8.52489945e+08 7.41391303e+08 5.88104764e+08 4.16059702e+08
 3.12158458e+08 2.49781365e+08 2.08181482e+08 1.78459852e+08
 1.56164568e+08 1.38821383e+08 1.24945317e+08 1.13591170e+08
 1.04128695e+08 9.94851545e+07 9.52405144e+07 9.52202442e+07
 9.51845621e+07 9.51131774e+07 9.49709798e+07 9.46877564e+07
 9.41265184e+07 9.37834422e+07 9.35512530e+07 9.34029014e+07
 9.32795336e+07 9.31670662e+07 9.30192840e+07 9.28790808e+07
 9.27674292e+07 9.26243477e+07 9.24574700e+07 9.23097590e+07
 9.21632949e+07 9.20120333e+07 9.18509239e+07 9.16940496e+07
 9.16582482e+07 9.16236777e+07 9.15913192e+07 9.15489719e+07
 9.15082032e+07 9.14811523e+07 9.14626724e+07 9.14511818e+07
 9.14286362e+07 9.14037788e+07 9.13771821e+07 9.13510790e+07
 9.13204049e+07 9.12961455e+07 9.12782368e+07 9.12543093e+07
 9.12243847e+07 9.12053951e+07 9.11779982e+07 9.11450103e+07
 9.11100258e+07 9.10608216e+07 9.09976412e+07 9.09090909e+07
 9.08991080e+07 9.08761902e+07 9.08357100e+07 9.07504303e+07
 9.05825574e+07 9.02476628e+07 8.95854458e+07 8.82899702e+07
 8.78798995e+07 8.75816116e+07 8.73846810e+07 8.71887574e+07
 8.69330569e+07 8.66746429e+07 8.64650753e+07 8.62223477e+07
 8.59114927e+07 8.54227719e+07 8.46447125e+07 8.33336341e+07
 8.32690112e+07 8.31413761e+07 8.28867550e+07 8.23821072e+07
 8.13911604e+07 7.94790378e+07 7.59122603e+07 7.15660668e+07
 6.76905875e+07 6.42132798e+07 6.10757777e+07 5.82305958e+07
 5.56386963e+07 5.32677057e+07 5.15821473e+07 0.00000000e+00
 0.00000000e+00 0.00000000e+00 0.00000000e+00 0.00000000e+00
 0.00000000e+00 0.00000000e+00 0.00000000e+00 0.00000000e+00
 0.00000000e+00 0.00000000e+00 0.00000000e+00 0.00000000e+00
 0.00000000e+00 0.00000000e+00 0.00000000e+00 0.00000000e+00
 0.00000000e+00 0.00000000e+00 0.00000000e+00 0.00000000e+00
 0.00000000e+00 0.00000000e+00 0.00000000e+00 0.00000000e+00
 0.00000000e+00 0.00000000e+00 0.00000000e+00 0.00000000e+00
 0.00000000e+00 0.00000000e+00 0.00000000e+00 0.00000000e+00
 0.00000000e+00 0.00000000e+00 0.00000000e+00 0.00000000e+00
 0.00000000e+00 0.00000000e+00 0.00000000e+00 0.00000000e+00
 0.00000000e+00 0.00000000e+00 0.00000000e+00 0.00000000e+00
 0.00000000e+00 0.00000000e+00 0.00000000e+00 0.00000000e+00
 0.00000000e+00 0.00000000e+00 0.00000000e+00 0.00000000e+00
 0.00000000e+00 0.00000000e+00 0.00000000e+00 0.00000000e+00
 0.00000000e+00 0.00000000e+00 0.00000000e+00 0.00000000e+00
 0.00000000e+00 0.00000000e+00 0.00000000e+00 0.00000000e+00
 0.00000000e+00 0.00000000e+00 0.00000000e+00 0.00000000e+00
 0.00000000e+00 0.00000000e+00 0.00000000e+00 0.00000000e+00
 0.00000000e+00 0.00000000e+00 0.00000000e+00 0.00000000e+00
 0.00000000e+00 0.00000000e+00 0.00000000e+00 0.00000000e+00
 0.00000000e+00 0.00000000e+00 0.00000000e+00 0.00000000e+00
 0.00000000e+00 0.00000000e+00 0.00000000e+00 0.00000000e+00
 0.00000000e+00 0.00000000e+00 0.00000000e+00 0.00000000e+00
 0.00000000e+00 0.00000000e+00 0.00000000e+00 0.00000000e+00
 0.00000000e+00 0.00000000e+00 0.00000000e+00 0.00000000e+00
 0.00000000e+00 0.00000000e+00 0.00000000e+00 0.00000000e+00
 0.00000000e+00 0.00000000e+00 0.00000000e+00 0.00000000e+00
 0.00000000e+00 0.00000000e+00 0.00000000e+00 0.00000000e+00
 0.00000000e+00 0.00000000e+00 0.00000000e+00 0.00000000e+00
 0.00000000e+00 0.00000000e+00 0.00000000e+00 0.00000000e+00
 0.00000000e+00 0.00000000e+00 0.00000000e+00 0.00000000e+00
 0.00000000e+00 0.00000000e+00 0.00000000e+00 0.00000000e+00
 0.00000000e+00 0.00000000e+00 0.00000000e+00 0.00000000e+00
 0.00000000e+00 0.00000000e+00 0.00000000e+00 0.00000000e+00
 0.00000000e+00 0.00000000e+00 0.00000000e+00 0.00000000e+00
 0.00000000e+00 0.00000000e+00 0.00000000e+00 0.00000000e+00
 0.00000000e+00 0.00000000e+00 0.00000000e+00 0.00000000e+00
 0.00000000e+00 0.00000000e+00 0.00000000e+00 0.00000000e+00
 0.00000000e+00 0.00000000e+00 0.00000000e+00 0.00000000e+00
 0.00000000e+00 0.00000000e+00 0.00000000e+00 0.00000000e+00]
norm_dvd: [0. 0. 0. 0. 0. 0. 0. 0. 0. 0. 0. 0. 0. 0. 0. 0. 0. 0. 0. 0. 0. 0. 0. 0.
 0. 0. 0. 0. 0. 0. 0. 0. 0. 0. 0. 0. 0. 0. 0. 0. 0. 0. 0. 0. 0. 0. 0. 0.
 0. 0. 0. 0. 0. 0. 0. 0. 0. 0. 0. 0. 0. 0. 0. 0. 0. 0. 0. 0. 0. 0. 0. 0.
 0. 0. 0. 0. 0. 0. 0. 0. 0. 0. 0. 0. 0. 0. 0. 0. 0. 0. 0. 0. 0. 0. 0. 0.
 0. 0. 0. 0. 0. 0. 0. 0. 0. 0. 0. 0. 0. 0. 0. 0. 0. 0. 0. 0. 0. 0. 0. 0.
 0. 0. 0. 0. 0. 0. 0. 0. 0. 0. 0. 0. 0. 0. 0. 0. 0. 0. 0. 0. 0. 0. 0. 0.
 0. 0. 0. 0. 0. 0. 0. 0. 0. 0. 0. 0. 0. 0. 0. 0. 0. 0. 0. 0. 0. 0. 0. 0.
 0. 0. 0. 0. 0. 0. 0. 0. 0. 0. 0. 0. 0. 0. 0. 0. 0. 0. 0. 0. 0. 0. 0. 0.
 0. 0. 0. 0. 0. 0. 0. 0. 0. 0. 0. 0. 0. 0. 0. 0. 0. 0. 0. 0. 0. 0. 0. 0.
 0. 0. 0. 0. 0. 0. 0. 0. 0. 0. 0. 0. 0. 0. 0. 0. 0. 0. 0. 0. 0. 0. 0. 0.
 0. 0. 0. 0. 0. 0. 0. 0. 0. 0. 0. 0. 0. 0. 0. 0. 0. 0. 0. 0. 0. 0. 0. 0.
 0. 0. 0. 0. 0. 0. 0. 0. 0. 0. 0. 0. 0. 0. 0. 0. 0. 0. 0. 0. 0. 0. 0. 0.
 0. 0. 0. 0. 0. 0. 0. 0. 0. 0. 0. 0. 0. 0. 0. 0. 0. 0. 0. 0. 0. 0. 0. 0.
 0. 0. 0. 0. 0. 0. 0. 0.]
norm_did: [0.00000000e+00 0.00000000e+00 0.00000000e+00 0.00000000e+00
 0.00000000e+00 0.00000000e+00 0.00000000e+00 0.00000000e+00
 0.00000000e+00 0.00000000e+00 0.00000000e+00 0.00000000e+00
 0.00000000e+00 0.00000000e+00 0.00000000e+00 0.00000000e+00
 0.00000000e+00 0.00000000e+00 0.00000000e+00 0.00000000e+00
 0.00000000e+00 0.00000000e+00 0.00000000e+00 0.00000000e+00
 0.00000000e+00 0.00000000e+00 0.00000000e+00 0.00000000e+00
 0.00000000e+00 0.00000000e+00 0.00000000e+00 0.00000000e+00
 0.00000000e+00 0.00000000e+00 0.00000000e+00 0.00000000e+00
 0.00000000e+00 0.00000000e+00 0.00000000e+00 0.00000000e+00
 0.00000000e+00 0.00000000e+00 0.00000000e+00 0.00000000e+00
 0.00000000e+00 0.00000000e+00 0.00000000e+00 0.00000000e+00
 0.00000000e+00 0.00000000e+00 0.00000000e+00 0.00000000e+00
 2.70425414e+02 0.00000000e+00 0.00000000e+00 0.00000000e+00
 0.00000000e+00 7.53528367e+01 0.00000000e+00 0.00000000e+00
 0.00000000e+00 0.00000000e+00 0.00000000e+00 8.71270400e+01
 4.35635221e+01 6.53452803e+01 2.17817598e+01 2.29729134e+02
 9.95493096e+02 4.67116363e+03 2.22838311e+04 8.92230638e+04
 2.30755872e+05 9.43760398e+05 2.14932300e+07 1.18411189e+08
 1.25492277e+09 1.43137314e+09 3.78345927e+11 5.24026137e+09
 8.84546455e+09 9.93939782e+09 1.28419484e+10 2.53503544e+10
 5.01396555e+10 1.88081892e+10 1.33678900e+10 1.13621485e+10
 1.01603638e+10 9.33977076e+09 8.42387933e+09 7.70414305e+09
 7.26659091e+09 6.78017559e+09 6.26966661e+09 5.89439090e+09
 5.57206888e+09 5.28839517e+09 5.01008098e+09 4.73564688e+09
 4.65447696e+09 4.60299010e+09 4.56412510e+09 4.51079946e+09
 4.45032430e+09 4.41685166e+09 4.39163085e+09 4.37470569e+09
 4.35360398e+09 4.33151904e+09 4.29679572e+09 4.26907189e+09
 4.23253421e+09 4.20554482e+09 4.18691754e+09 4.16314741e+09
 4.13387190e+09 4.11268063e+09 4.08729120e+09 4.05780777e+09
 4.02793839e+09 3.99005849e+09 3.94171739e+09 4.43630793e+09
 3.53258317e+09 3.81486383e+09 3.79720780e+09 3.76269832e+09
 3.69735153e+09 3.57853303e+09 3.37483894e+09 2.59330691e+09
 2.40367737e+09 2.28588005e+09 2.22795825e+09 2.18532156e+09
 2.12115886e+09 2.05195607e+09 2.00830973e+09 1.96434196e+09
 1.92275458e+09 1.86090059e+09 1.77373493e+09 1.52021278e+09
 1.43530014e+09 1.43715875e+09 1.42281255e+09 1.39194888e+09
 1.32324512e+09 1.17192112e+09 8.58192307e+08 5.95665018e+08
 4.52537062e+08 3.65748306e+08 3.08016168e+08 2.66643257e+08
 2.35278689e+08 2.09088753e+08 1.93493535e+08 1.52014905e+09
 0.00000000e+00 0.00000000e+00 0.00000000e+00 0.00000000e+00
 0.00000000e+00 0.00000000e+00 0.00000000e+00 0.00000000e+00
 0.00000000e+00 0.00000000e+00 0.00000000e+00 0.00000000e+00
 0.00000000e+00 0.00000000e+00 0.00000000e+00 0.00000000e+00
 0.00000000e+00 0.00000000e+00 0.00000000e+00 0.00000000e+00
 0.00000000e+00 0.00000000e+00 0.00000000e+00 0.00000000e+00
 0.00000000e+00 0.00000000e+00 0.00000000e+00 0.00000000e+00
 0.00000000e+00 0.00000000e+00 0.00000000e+00 0.00000000e+00
 0.00000000e+00 0.00000000e+00 0.00000000e+00 0.00000000e+00
 0.00000000e+00 0.00000000e+00 0.00000000e+00 0.00000000e+00
 0.00000000e+00 0.00000000e+00 0.00000000e+00 0.00000000e+00
 0.00000000e+00 0.00000000e+00 0.00000000e+00 0.00000000e+00
 0.00000000e+00 0.00000000e+00 0.00000000e+00 0.00000000e+00
 0.00000000e+00 0.00000000e+00 0.00000000e+00 0.00000000e+00
 0.00000000e+00 0.00000000e+00 0.00000000e+00 0.00000000e+00
 0.00000000e+00 0.00000000e+00 0.00000000e+00 0.00000000e+00
 0.00000000e+00 0.00000000e+00 0.00000000e+00 0.00000000e+00
 0.00000000e+00 0.00000000e+00 0.00000000e+00 0.00000000e+00
 0.00000000e+00 0.00000000e+00 0.00000000e+00 0.00000000e+00
 0.00000000e+00 0.00000000e+00 0.00000000e+00 0.00000000e+00
 0.00000000e+00 0.00000000e+00 0.00000000e+00 0.00000000e+00
 0.00000000e+00 0.00000000e+00 0.00000000e+00 0.00000000e+00
 0.00000000e+00 0.00000000e+00 0.00000000e+00 0.00000000e+00
 0.00000000e+00 0.00000000e+00 0.00000000e+00 0.00000000e+00
 0.00000000e+00 0.00000000e+00 0.00000000e+00 0.00000000e+00
 0.00000000e+00 0.00000000e+00 0.00000000e+00 0.00000000e+00
 0.00000000e+00 0.00000000e+00 0.00000000e+00 0.00000000e+00
 0.00000000e+00 0.00000000e+00 0.00000000e+00 0.00000000e+00
 0.00000000e+00 0.00000000e+00 0.00000000e+00 0.00000000e+00
 0.00000000e+00 0.00000000e+00 0.00000000e+00 0.00000000e+00
 0.00000000e+00 0.00000000e+00 0.00000000e+00 0.00000000e+00
 0.00000000e+00 0.00000000e+00 0.00000000e+00 0.00000000e+00
 0.00000000e+00 0.00000000e+00 0.00000000e+00 0.00000000e+00
 0.00000000e+00 0.00000000e+00 0.00000000e+00 0.00000000e+00
 0.00000000e+00 0.00000000e+00 0.00000000e+00 0.00000000e+00
 0.00000000e+00 0.00000000e+00 0.00000000e+00 0.00000000e+00
 0.00000000e+00 0.00000000e+00 0.00000000e+00 0.00000000e+00
 0.00000000e+00 0.00000000e+00 0.00000000e+00 0.00000000e+00
 0.00000000e+00 0.00000000e+00 0.00000000e+00 0.00000000e+00
 0.00000000e+00 0.00000000e+00 0.00000000e+00 0.00000000e+00]
[WARNING]: Quasi-static verification failed
[WARNING]: Max normalized derivatives: dVg/dt=2.50e+11, dVd/dt=0.00e+00, dId/dt=3.78e+11

  ngspice: ✓ PASS  (53.7s)

✓ Benchmark completed: /home/duhaochen/website-trial-v1/data/spice-model-benchmark/6e84aac347db5abfb3ce630c358e17c3/ngspice
