
6. Printing statistics.

=== adder_top ===

        +----------Local Count, excluding submodules.
        |        +-Local Area, excluding submodules.
        |        | 
       96        - wires
      141        - wire bits
        5        - public wires
       50        - public wire bits
        5        - ports
       50        - port bits
      108  293.313 cells
       14   32.851   AND2X1
        8   22.526   AOI21X1
        3    4.224   INVX1
       30   56.316   NAND2X1
        9   21.118   NAND3X1
        4    9.386   NOR2X1
        1    2.816   NOR3X1
        7   19.711   OAI21X1
       11   25.811   OR2X1
       10    46.93   XNOR2X1
       11   51.623   XOR2X1

   Chip area for module '\adder_top': 293.312500
     of which used for sequential elements: 0.000000 (0.00%)

