OpenSTA 3.1.0 543361765b Copyright (c) 2026, Parallax Software, Inc.
License GPLv3: GNU GPL version 3 <http://gnu.org/licenses/gpl.html>

This is free software, and you are free to change and redistribute it
under certain conditions; type `show_copying' for details. 
This program comes with ABSOLUTELY NO WARRANTY; for details type `show_warranty'.
Startpoint: cin (input port clocked by vclk)
Endpoint: sum[14] (output port clocked by vclk)
Path Group: vclk
Path Type: max

        Cap        Slew       Delay        Time   Description
---------------------------------------------------------------------------------------
               0.000000    0.000000    0.000000   clock vclk (rise edge)
                           0.000000    0.000000   clock network delay (ideal)
                           0.000000    0.000000 ^ input external delay
   0.001551    0.050000    0.000000    0.000000 ^ cin (in)
               0.050000    0.000000    0.000000 ^ _091_/A (INVX1)
   0.007189    0.023867    0.036772    0.036772 v _091_/Y (INVX1)
               0.023867    0.000000    0.036772 v _117_/A (OAI21X1)
   0.007742    0.067105    0.062834    0.099606 ^ _117_/Y (OAI21X1)
               0.067105    0.000000    0.099606 ^ _120_/A (AOI21X1)
   0.007569    0.029858    0.038871    0.138477 v _120_/Y (AOI21X1)
               0.029858    0.000000    0.138477 v _123_/A (OAI21X1)
   0.010248    0.078286    0.072261    0.210738 ^ _123_/Y (OAI21X1)
               0.078286    0.000000    0.210738 ^ _136_/A (AOI21X1)
   0.002573    0.017560    0.032625    0.243363 v _136_/Y (AOI21X1)
               0.017560    0.000000    0.243363 v _142_/A (OAI21X1)
   0.010879    0.082358    0.071503    0.314867 ^ _142_/Y (OAI21X1)
               0.082358    0.000000    0.314867 ^ _144_/A (AOI21X1)
   0.007189    0.028215    0.041837    0.356704 v _144_/Y (AOI21X1)
               0.028215    0.000000    0.356704 v _147_/A (OAI21X1)
   0.007742    0.066698    0.063816    0.420520 ^ _147_/Y (OAI21X1)
               0.066698    0.000000    0.420520 ^ _150_/A (AOI21X1)
   0.007189    0.028543    0.038094    0.458614 v _150_/Y (AOI21X1)
               0.028543    0.000000    0.458614 v _154_/A (OAI21X1)
   0.008137    0.068518    0.065163    0.523777 ^ _154_/Y (OAI21X1)
               0.068518    0.000000    0.523777 ^ _157_/A (AOI21X1)
   0.007189    0.028335    0.038529    0.562306 v _157_/Y (AOI21X1)
               0.028335    0.000000    0.562306 v _161_/A (OAI21X1)
   0.005396    0.055694    0.056283    0.618588 ^ _161_/Y (OAI21X1)
               0.055694    0.000000    0.618588 ^ _165_/A (XOR2X1)
   0.010000    0.079873    0.064198    0.682786 ^ _165_/Y (XOR2X1)
               0.079873    0.000000    0.682786 ^ sum[14] (out)
                                       0.682786   data arrival time

               0.000000  100.000000  100.000000   clock vclk (rise edge)
                           0.000000  100.000000   clock network delay (ideal)
                           0.000000  100.000000   clock reconvergence pessimism
                           0.000000  100.000000   output external delay
                                     100.000000   data required time
---------------------------------------------------------------------------------------
                                     100.000000   data required time
                                      -0.682786   data arrival time
---------------------------------------------------------------------------------------
                                      99.317207   slack (MET)


Startpoint: cin (input port clocked by vclk)
Endpoint: sum[13] (output port clocked by vclk)
Path Group: vclk
Path Type: max

        Cap        Slew       Delay        Time   Description
---------------------------------------------------------------------------------------
               0.000000    0.000000    0.000000   clock vclk (rise edge)
                           0.000000    0.000000   clock network delay (ideal)
                           0.000000    0.000000 ^ input external delay
   0.001551    0.050000    0.000000    0.000000 ^ cin (in)
               0.050000    0.000000    0.000000 ^ _091_/A (INVX1)
   0.007189    0.023867    0.036772    0.036772 v _091_/Y (INVX1)
               0.023867    0.000000    0.036772 v _117_/A (OAI21X1)
   0.007742    0.067105    0.062834    0.099606 ^ _117_/Y (OAI21X1)
               0.067105    0.000000    0.099606 ^ _120_/A (AOI21X1)
   0.007569    0.029858    0.038871    0.138477 v _120_/Y (AOI21X1)
               0.029858    0.000000    0.138477 v _123_/A (OAI21X1)
   0.010248    0.078286    0.072261    0.210738 ^ _123_/Y (OAI21X1)
               0.078286    0.000000    0.210738 ^ _136_/A (AOI21X1)
   0.002573    0.017560    0.032625    0.243363 v _136_/Y (AOI21X1)
               0.017560    0.000000    0.243363 v _142_/A (OAI21X1)
   0.010879    0.082358    0.071503    0.314867 ^ _142_/Y (OAI21X1)
               0.082358    0.000000    0.314867 ^ _144_/A (AOI21X1)
   0.007189    0.028215    0.041837    0.356704 v _144_/Y (AOI21X1)
               0.028215    0.000000    0.356704 v _147_/A (OAI21X1)
   0.007742    0.066698    0.063816    0.420520 ^ _147_/Y (OAI21X1)
               0.066698    0.000000    0.420520 ^ _150_/A (AOI21X1)
   0.007189    0.028543    0.038094    0.458614 v _150_/Y (AOI21X1)
               0.028543    0.000000    0.458614 v _154_/A (OAI21X1)
   0.008137    0.068518    0.065163    0.523777 ^ _154_/Y (OAI21X1)
               0.068518    0.000000    0.523777 ^ _157_/A (AOI21X1)
   0.007189    0.028335    0.038529    0.562306 v _157_/Y (AOI21X1)
               0.028335    0.000000    0.562306 v _166_/A (XNOR2X1)
   0.010000    0.075612    0.062302    0.624607 ^ _166_/Y (XNOR2X1)
               0.075612    0.000000    0.624607 ^ sum[13] (out)
                                       0.624607   data arrival time

               0.000000  100.000000  100.000000   clock vclk (rise edge)
                           0.000000  100.000000   clock network delay (ideal)
                           0.000000  100.000000   clock reconvergence pessimism
                           0.000000  100.000000   output external delay
                                     100.000000   data required time
---------------------------------------------------------------------------------------
                                     100.000000   data required time
                                      -0.624607   data arrival time
---------------------------------------------------------------------------------------
                                      99.375389   slack (MET)


Startpoint: cin (input port clocked by vclk)
Endpoint: sum[12] (output port clocked by vclk)
Path Group: vclk
Path Type: max

        Cap        Slew       Delay        Time   Description
---------------------------------------------------------------------------------------
               0.000000    0.000000    0.000000   clock vclk (rise edge)
                           0.000000    0.000000   clock network delay (ideal)
                           0.000000    0.000000 ^ input external delay
   0.001551    0.050000    0.000000    0.000000 ^ cin (in)
               0.050000    0.000000    0.000000 ^ _091_/A (INVX1)
   0.007189    0.023867    0.036772    0.036772 v _091_/Y (INVX1)
               0.023867    0.000000    0.036772 v _117_/A (OAI21X1)
   0.007742    0.067105    0.062834    0.099606 ^ _117_/Y (OAI21X1)
               0.067105    0.000000    0.099606 ^ _120_/A (AOI21X1)
   0.007569    0.029858    0.038871    0.138477 v _120_/Y (AOI21X1)
               0.029858    0.000000    0.138477 v _123_/A (OAI21X1)
   0.010248    0.078286    0.072261    0.210738 ^ _123_/Y (OAI21X1)
               0.078286    0.000000    0.210738 ^ _136_/A (AOI21X1)
   0.002573    0.017560    0.032625    0.243363 v _136_/Y (AOI21X1)
               0.017560    0.000000    0.243363 v _142_/A (OAI21X1)
   0.010879    0.082358    0.071503    0.314867 ^ _142_/Y (OAI21X1)
               0.082358    0.000000    0.314867 ^ _144_/A (AOI21X1)
   0.007189    0.028215    0.041837    0.356704 v _144_/Y (AOI21X1)
               0.028215    0.000000    0.356704 v _147_/A (OAI21X1)
   0.007742    0.066698    0.063816    0.420520 ^ _147_/Y (OAI21X1)
               0.066698    0.000000    0.420520 ^ _150_/A (AOI21X1)
   0.007189    0.028543    0.038094    0.458614 v _150_/Y (AOI21X1)
               0.028543    0.000000    0.458614 v _154_/A (OAI21X1)
   0.008137    0.068518    0.065163    0.523777 ^ _154_/Y (OAI21X1)
               0.068518    0.000000    0.523777 ^ _167_/A (XOR2X1)
   0.010000    0.079627    0.065923    0.589699 ^ _167_/Y (XOR2X1)
               0.079627    0.000000    0.589699 ^ sum[12] (out)
                                       0.589699   data arrival time

               0.000000  100.000000  100.000000   clock vclk (rise edge)
                           0.000000  100.000000   clock network delay (ideal)
                           0.000000  100.000000   clock reconvergence pessimism
                           0.000000  100.000000   output external delay
                                     100.000000   data required time
---------------------------------------------------------------------------------------
                                     100.000000   data required time
                                      -0.589699   data arrival time
---------------------------------------------------------------------------------------
                                      99.410294   slack (MET)


Startpoint: cin (input port clocked by vclk)
Endpoint: sum[11] (output port clocked by vclk)
Path Group: vclk
Path Type: max

        Cap        Slew       Delay        Time   Description
---------------------------------------------------------------------------------------
               0.000000    0.000000    0.000000   clock vclk (rise edge)
                           0.000000    0.000000   clock network delay (ideal)
                           0.000000    0.000000 ^ input external delay
   0.001551    0.050000    0.000000    0.000000 ^ cin (in)
               0.050000    0.000000    0.000000 ^ _091_/A (INVX1)
   0.007189    0.023867    0.036772    0.036772 v _091_/Y (INVX1)
               0.023867    0.000000    0.036772 v _117_/A (OAI21X1)
   0.007742    0.067105    0.062834    0.099606 ^ _117_/Y (OAI21X1)
               0.067105    0.000000    0.099606 ^ _120_/A (AOI21X1)
   0.007569    0.029858    0.038871    0.138477 v _120_/Y (AOI21X1)
               0.029858    0.000000    0.138477 v _123_/A (OAI21X1)
   0.010248    0.078286    0.072261    0.210738 ^ _123_/Y (OAI21X1)
               0.078286    0.000000    0.210738 ^ _136_/A (AOI21X1)
   0.002573    0.017560    0.032625    0.243363 v _136_/Y (AOI21X1)
               0.017560    0.000000    0.243363 v _142_/A (OAI21X1)
   0.010879    0.082358    0.071503    0.314867 ^ _142_/Y (OAI21X1)
               0.082358    0.000000    0.314867 ^ _144_/A (AOI21X1)
   0.007189    0.028215    0.041837    0.356704 v _144_/Y (AOI21X1)
               0.028215    0.000000    0.356704 v _147_/A (OAI21X1)
   0.007742    0.066698    0.063816    0.420520 ^ _147_/Y (OAI21X1)
               0.066698    0.000000    0.420520 ^ _150_/A (AOI21X1)
   0.007189    0.028543    0.038094    0.458614 v _150_/Y (AOI21X1)
               0.028543    0.000000    0.458614 v _168_/A (XNOR2X1)
   0.010000    0.075563    0.062327    0.520941 ^ _168_/Y (XNOR2X1)
               0.075563    0.000000    0.520941 ^ sum[11] (out)
                                       0.520941   data arrival time

               0.000000  100.000000  100.000000   clock vclk (rise edge)
                           0.000000  100.000000   clock network delay (ideal)
                           0.000000  100.000000   clock reconvergence pessimism
                           0.000000  100.000000   output external delay
                                     100.000000   data required time
---------------------------------------------------------------------------------------
                                     100.000000   data required time
                                      -0.520941   data arrival time
---------------------------------------------------------------------------------------
                                      99.479057   slack (MET)


Startpoint: cin (input port clocked by vclk)
Endpoint: sum[7] (output port clocked by vclk)
Path Group: vclk
Path Type: max

        Cap        Slew       Delay        Time   Description
---------------------------------------------------------------------------------------
               0.000000    0.000000    0.000000   clock vclk (rise edge)
                           0.000000    0.000000   clock network delay (ideal)
                           0.000000    0.000000 ^ input external delay
   0.001551    0.050000    0.000000    0.000000 ^ cin (in)
               0.050000    0.000000    0.000000 ^ _091_/A (INVX1)
   0.007189    0.023867    0.036772    0.036772 v _091_/Y (INVX1)
               0.023867    0.000000    0.036772 v _117_/A (OAI21X1)
   0.007742    0.067105    0.062834    0.099606 ^ _117_/Y (OAI21X1)
               0.067105    0.000000    0.099606 ^ _120_/A (AOI21X1)
   0.007569    0.029858    0.038871    0.138477 v _120_/Y (AOI21X1)
               0.029858    0.000000    0.138477 v _123_/A (OAI21X1)
   0.010248    0.078286    0.072261    0.210738 ^ _123_/Y (OAI21X1)
               0.078286    0.000000    0.210738 ^ _126_/A (NAND2X1)
   0.001944    0.017253    0.026480    0.237219 v _126_/Y (NAND2X1)
               0.017253    0.000000    0.237219 v _127_/B (NAND2X1)
   0.007833    0.061078    0.032434    0.269653 ^ _127_/Y (NAND2X1)
               0.061078    0.000000    0.269653 ^ _130_/B (NAND3X1)
   0.001944    0.014635    0.024767    0.294420 v _130_/Y (NAND3X1)
               0.014635    0.000000    0.294420 v _131_/B (NAND2X1)
   0.007693    0.060590    0.031143    0.325563 ^ _131_/Y (NAND2X1)
               0.060590    0.000000    0.325563 ^ _132_/B (NAND2X1)
   0.001944    0.016861    0.025925    0.351488 v _132_/Y (NAND2X1)
               0.016861    0.000000    0.351488 v _133_/B (NAND2X1)
   0.008314    0.063380    0.033813    0.385302 ^ _133_/Y (NAND2X1)
               0.063380    0.000000    0.385302 ^ _134_/B (AOI21X1)
   0.005004    0.023090    0.041883    0.427184 v _134_/Y (AOI21X1)
               0.023090    0.000000    0.427184 v _172_/B (XNOR2X1)
   0.010000    0.075779    0.075339    0.502523 ^ _172_/Y (XNOR2X1)
               0.075779    0.000000    0.502523 ^ sum[7] (out)
                                       0.502523   data arrival time

               0.000000  100.000000  100.000000   clock vclk (rise edge)
                           0.000000  100.000000   clock network delay (ideal)
                           0.000000  100.000000   clock reconvergence pessimism
                           0.000000  100.000000   output external delay
                                     100.000000   data required time
---------------------------------------------------------------------------------------
                                     100.000000   data required time
                                      -0.502523   data arrival time
---------------------------------------------------------------------------------------
                                      99.497475   slack (MET)


Startpoint: cin (input port clocked by vclk)
Endpoint: sum[10] (output port clocked by vclk)
Path Group: vclk
Path Type: max

        Cap        Slew       Delay        Time   Description
---------------------------------------------------------------------------------------
               0.000000    0.000000    0.000000   clock vclk (rise edge)
                           0.000000    0.000000   clock network delay (ideal)
                           0.000000    0.000000 ^ input external delay
   0.001551    0.050000    0.000000    0.000000 ^ cin (in)
               0.050000    0.000000    0.000000 ^ _091_/A (INVX1)
   0.007189    0.023867    0.036772    0.036772 v _091_/Y (INVX1)
               0.023867    0.000000    0.036772 v _117_/A (OAI21X1)
   0.007742    0.067105    0.062834    0.099606 ^ _117_/Y (OAI21X1)
               0.067105    0.000000    0.099606 ^ _120_/A (AOI21X1)
   0.007569    0.029858    0.038871    0.138477 v _120_/Y (AOI21X1)
               0.029858    0.000000    0.138477 v _123_/A (OAI21X1)
   0.010248    0.078286    0.072261    0.210738 ^ _123_/Y (OAI21X1)
               0.078286    0.000000    0.210738 ^ _136_/A (AOI21X1)
   0.002573    0.017560    0.032625    0.243363 v _136_/Y (AOI21X1)
               0.017560    0.000000    0.243363 v _142_/A (OAI21X1)
   0.010879    0.082358    0.071503    0.314867 ^ _142_/Y (OAI21X1)
               0.082358    0.000000    0.314867 ^ _144_/A (AOI21X1)
   0.007189    0.028215    0.041837    0.356704 v _144_/Y (AOI21X1)
               0.028215    0.000000    0.356704 v _147_/A (OAI21X1)
   0.007742    0.066698    0.063816    0.420520 ^ _147_/Y (OAI21X1)
               0.066698    0.000000    0.420520 ^ _169_/A (XNOR2X1)
   0.010000    0.075744    0.067004    0.487524 ^ _169_/Y (XNOR2X1)
               0.075744    0.000000    0.487524 ^ sum[10] (out)
                                       0.487524   data arrival time

               0.000000  100.000000  100.000000   clock vclk (rise edge)
                           0.000000  100.000000   clock network delay (ideal)
                           0.000000  100.000000   clock reconvergence pessimism
                           0.000000  100.000000   output external delay
                                     100.000000   data required time
---------------------------------------------------------------------------------------
                                     100.000000   data required time
                                      -0.487524   data arrival time
---------------------------------------------------------------------------------------
                                      99.512474   slack (MET)


Startpoint: cin (input port clocked by vclk)
Endpoint: sum[6] (output port clocked by vclk)
Path Group: vclk
Path Type: max

        Cap        Slew       Delay        Time   Description
---------------------------------------------------------------------------------------
               0.000000    0.000000    0.000000   clock vclk (rise edge)
                           0.000000    0.000000   clock network delay (ideal)
                           0.000000    0.000000 ^ input external delay
   0.001551    0.050000    0.000000    0.000000 ^ cin (in)
               0.050000    0.000000    0.000000 ^ _091_/A (INVX1)
   0.007189    0.023867    0.036772    0.036772 v _091_/Y (INVX1)
               0.023867    0.000000    0.036772 v _117_/A (OAI21X1)
   0.007742    0.067105    0.062834    0.099606 ^ _117_/Y (OAI21X1)
               0.067105    0.000000    0.099606 ^ _120_/A (AOI21X1)
   0.007569    0.029858    0.038871    0.138477 v _120_/Y (AOI21X1)
               0.029858    0.000000    0.138477 v _123_/A (OAI21X1)
   0.010248    0.078286    0.072261    0.210738 ^ _123_/Y (OAI21X1)
               0.078286    0.000000    0.210738 ^ _126_/A (NAND2X1)
   0.001944    0.017253    0.026480    0.237219 v _126_/Y (NAND2X1)
               0.017253    0.000000    0.237219 v _127_/B (NAND2X1)
   0.007833    0.061078    0.032434    0.269653 ^ _127_/Y (NAND2X1)
               0.061078    0.000000    0.269653 ^ _130_/B (NAND3X1)
   0.001944    0.014635    0.024767    0.294420 v _130_/Y (NAND3X1)
               0.014635    0.000000    0.294420 v _131_/B (NAND2X1)
   0.007693    0.060590    0.031143    0.325563 ^ _131_/Y (NAND2X1)
               0.060590    0.000000    0.325563 ^ _132_/B (NAND2X1)
   0.001944    0.016861    0.025925    0.351488 v _132_/Y (NAND2X1)
               0.016861    0.000000    0.351488 v _133_/B (NAND2X1)
   0.008314    0.063380    0.033813    0.385302 ^ _133_/Y (NAND2X1)
               0.063380    0.000000    0.385302 ^ _173_/B (XNOR2X1)
   0.010000    0.075520    0.079475    0.464777 ^ _173_/Y (XNOR2X1)
               0.075520    0.000000    0.464777 ^ sum[6] (out)
                                       0.464777   data arrival time

               0.000000  100.000000  100.000000   clock vclk (rise edge)
                           0.000000  100.000000   clock network delay (ideal)
                           0.000000  100.000000   clock reconvergence pessimism
                           0.000000  100.000000   output external delay
                                     100.000000   data required time
---------------------------------------------------------------------------------------
                                     100.000000   data required time
                                      -0.464777   data arrival time
---------------------------------------------------------------------------------------
                                      99.535225   slack (MET)


Startpoint: cin (input port clocked by vclk)
Endpoint: cout (output port clocked by vclk)
Path Group: vclk
Path Type: max

        Cap        Slew       Delay        Time   Description
---------------------------------------------------------------------------------------
               0.000000    0.000000    0.000000   clock vclk (rise edge)
                           0.000000    0.000000   clock network delay (ideal)
                           0.000000    0.000000 ^ input external delay
   0.001551    0.050000    0.000000    0.000000 ^ cin (in)
               0.050000    0.000000    0.000000 ^ _091_/A (INVX1)
   0.007189    0.023867    0.036772    0.036772 v _091_/Y (INVX1)
               0.023867    0.000000    0.036772 v _117_/A (OAI21X1)
   0.007742    0.067105    0.062834    0.099606 ^ _117_/Y (OAI21X1)
               0.067105    0.000000    0.099606 ^ _120_/A (AOI21X1)
   0.007569    0.029858    0.038871    0.138477 v _120_/Y (AOI21X1)
               0.029858    0.000000    0.138477 v _123_/A (OAI21X1)
   0.010248    0.078286    0.072261    0.210738 ^ _123_/Y (OAI21X1)
               0.078286    0.000000    0.210738 ^ _136_/A (AOI21X1)
   0.002573    0.017560    0.032625    0.243363 v _136_/Y (AOI21X1)
               0.017560    0.000000    0.243363 v _142_/A (OAI21X1)
   0.010879    0.082358    0.071503    0.314867 ^ _142_/Y (OAI21X1)
               0.082358    0.000000    0.314867 ^ _193_/A (AOI21X1)
   0.007569    0.029569    0.042516    0.357383 v _193_/Y (AOI21X1)
               0.029569    0.000000    0.357383 v _198_/A (OAI21X1)
   0.010000    0.077151    0.071397    0.428780 ^ _198_/Y (OAI21X1)
               0.077151    0.000000    0.428780 ^ cout (out)
                                       0.428780   data arrival time

               0.000000  100.000000  100.000000   clock vclk (rise edge)
                           0.000000  100.000000   clock network delay (ideal)
                           0.000000  100.000000   clock reconvergence pessimism
                           0.000000  100.000000   output external delay
                                     100.000000   data required time
---------------------------------------------------------------------------------------
                                     100.000000   data required time
                                      -0.428780   data arrival time
---------------------------------------------------------------------------------------
                                      99.571220   slack (MET)


Startpoint: cin (input port clocked by vclk)
Endpoint: sum[9] (output port clocked by vclk)
Path Group: vclk
Path Type: max

        Cap        Slew       Delay        Time   Description
---------------------------------------------------------------------------------------
               0.000000    0.000000    0.000000   clock vclk (rise edge)
                           0.000000    0.000000   clock network delay (ideal)
                           0.000000    0.000000 ^ input external delay
   0.001551    0.050000    0.000000    0.000000 ^ cin (in)
               0.050000    0.000000    0.000000 ^ _091_/A (INVX1)
   0.007189    0.023867    0.036772    0.036772 v _091_/Y (INVX1)
               0.023867    0.000000    0.036772 v _117_/A (OAI21X1)
   0.007742    0.067105    0.062834    0.099606 ^ _117_/Y (OAI21X1)
               0.067105    0.000000    0.099606 ^ _120_/A (AOI21X1)
   0.007569    0.029858    0.038871    0.138477 v _120_/Y (AOI21X1)
               0.029858    0.000000    0.138477 v _123_/A (OAI21X1)
   0.010248    0.078286    0.072261    0.210738 ^ _123_/Y (OAI21X1)
               0.078286    0.000000    0.210738 ^ _136_/A (AOI21X1)
   0.002573    0.017560    0.032625    0.243363 v _136_/Y (AOI21X1)
               0.017560    0.000000    0.243363 v _142_/A (OAI21X1)
   0.010879    0.082358    0.071503    0.314867 ^ _142_/Y (OAI21X1)
               0.082358    0.000000    0.314867 ^ _144_/A (AOI21X1)
   0.007189    0.028215    0.041837    0.356704 v _144_/Y (AOI21X1)
               0.028215    0.000000    0.356704 v _170_/A (XNOR2X1)
   0.010000    0.075557    0.062287    0.418991 ^ _170_/Y (XNOR2X1)
               0.075557    0.000000    0.418991 ^ sum[9] (out)
                                       0.418991   data arrival time

               0.000000  100.000000  100.000000   clock vclk (rise edge)
                           0.000000  100.000000   clock network delay (ideal)
                           0.000000  100.000000   clock reconvergence pessimism
                           0.000000  100.000000   output external delay
                                     100.000000   data required time
---------------------------------------------------------------------------------------
                                     100.000000   data required time
                                      -0.418991   data arrival time
---------------------------------------------------------------------------------------
                                      99.581001   slack (MET)


Startpoint: cin (input port clocked by vclk)
Endpoint: sum[15] (output port clocked by vclk)
Path Group: vclk
Path Type: max

        Cap        Slew       Delay        Time   Description
---------------------------------------------------------------------------------------
               0.000000    0.000000    0.000000   clock vclk (rise edge)
                           0.000000    0.000000   clock network delay (ideal)
                           0.000000    0.000000 ^ input external delay
   0.001551    0.050000    0.000000    0.000000 ^ cin (in)
               0.050000    0.000000    0.000000 ^ _091_/A (INVX1)
   0.007189    0.023867    0.036772    0.036772 v _091_/Y (INVX1)
               0.023867    0.000000    0.036772 v _117_/A (OAI21X1)
   0.007742    0.067105    0.062834    0.099606 ^ _117_/Y (OAI21X1)
               0.067105    0.000000    0.099606 ^ _120_/A (AOI21X1)
   0.007569    0.029858    0.038871    0.138477 v _120_/Y (AOI21X1)
               0.029858    0.000000    0.138477 v _123_/A (OAI21X1)
   0.010248    0.078286    0.072261    0.210738 ^ _123_/Y (OAI21X1)
               0.078286    0.000000    0.210738 ^ _136_/A (AOI21X1)
   0.002573    0.017560    0.032625    0.243363 v _136_/Y (AOI21X1)
               0.017560    0.000000    0.243363 v _142_/A (OAI21X1)
   0.010879    0.082358    0.071503    0.314867 ^ _142_/Y (OAI21X1)
               0.082358    0.000000    0.314867 ^ _193_/A (AOI21X1)
   0.007569    0.029569    0.042516    0.357383 v _193_/Y (AOI21X1)
               0.029569    0.000000    0.357383 v _197_/A (XOR2X1)
   0.010000    0.079300    0.060683    0.418066 ^ _197_/Y (XOR2X1)
               0.079300    0.000000    0.418066 ^ sum[15] (out)
                                       0.418066   data arrival time

               0.000000  100.000000  100.000000   clock vclk (rise edge)
                           0.000000  100.000000   clock network delay (ideal)
                           0.000000  100.000000   clock reconvergence pessimism
                           0.000000  100.000000   output external delay
                                     100.000000   data required time
---------------------------------------------------------------------------------------
                                     100.000000   data required time
                                      -0.418066   data arrival time
---------------------------------------------------------------------------------------
                                      99.581924   slack (MET)


Startpoint: cin (input port clocked by vclk)
Endpoint: sum[5] (output port clocked by vclk)
Path Group: vclk
Path Type: max

        Cap        Slew       Delay        Time   Description
---------------------------------------------------------------------------------------
               0.000000    0.000000    0.000000   clock vclk (rise edge)
                           0.000000    0.000000   clock network delay (ideal)
                           0.000000    0.000000 ^ input external delay
   0.001551    0.050000    0.000000    0.000000 ^ cin (in)
               0.050000    0.000000    0.000000 ^ _091_/A (INVX1)
   0.007189    0.023867    0.036772    0.036772 v _091_/Y (INVX1)
               0.023867    0.000000    0.036772 v _117_/A (OAI21X1)
   0.007742    0.067105    0.062834    0.099606 ^ _117_/Y (OAI21X1)
               0.067105    0.000000    0.099606 ^ _120_/A (AOI21X1)
   0.007569    0.029858    0.038871    0.138477 v _120_/Y (AOI21X1)
               0.029858    0.000000    0.138477 v _123_/A (OAI21X1)
   0.010248    0.078286    0.072261    0.210738 ^ _123_/Y (OAI21X1)
               0.078286    0.000000    0.210738 ^ _126_/A (NAND2X1)
   0.001944    0.017253    0.026480    0.237219 v _126_/Y (NAND2X1)
               0.017253    0.000000    0.237219 v _127_/B (NAND2X1)
   0.007833    0.061078    0.032434    0.269653 ^ _127_/Y (NAND2X1)
               0.061078    0.000000    0.269653 ^ _130_/B (NAND3X1)
   0.001944    0.014635    0.024767    0.294420 v _130_/Y (NAND3X1)
               0.014635    0.000000    0.294420 v _131_/B (NAND2X1)
   0.007693    0.060590    0.031143    0.325563 ^ _131_/Y (NAND2X1)
               0.060590    0.000000    0.325563 ^ _174_/B (XOR2X1)
   0.010000    0.079126    0.079121    0.404684 ^ _174_/Y (XOR2X1)
               0.079126    0.000000    0.404684 ^ sum[5] (out)
                                       0.404684   data arrival time

               0.000000  100.000000  100.000000   clock vclk (rise edge)
                           0.000000  100.000000   clock network delay (ideal)
                           0.000000  100.000000   clock reconvergence pessimism
                           0.000000  100.000000   output external delay
                                     100.000000   data required time
---------------------------------------------------------------------------------------
                                     100.000000   data required time
                                      -0.404684   data arrival time
---------------------------------------------------------------------------------------
                                      99.595314   slack (MET)


Startpoint: cin (input port clocked by vclk)
Endpoint: sum[8] (output port clocked by vclk)
Path Group: vclk
Path Type: max

        Cap        Slew       Delay        Time   Description
---------------------------------------------------------------------------------------
               0.000000    0.000000    0.000000   clock vclk (rise edge)
                           0.000000    0.000000   clock network delay (ideal)
                           0.000000    0.000000 ^ input external delay
   0.001551    0.050000    0.000000    0.000000 ^ cin (in)
               0.050000    0.000000    0.000000 ^ _091_/A (INVX1)
   0.007189    0.023867    0.036772    0.036772 v _091_/Y (INVX1)
               0.023867    0.000000    0.036772 v _117_/A (OAI21X1)
   0.007742    0.067105    0.062834    0.099606 ^ _117_/Y (OAI21X1)
               0.067105    0.000000    0.099606 ^ _120_/A (AOI21X1)
   0.007569    0.029858    0.038871    0.138477 v _120_/Y (AOI21X1)
               0.029858    0.000000    0.138477 v _123_/A (OAI21X1)
   0.010248    0.078286    0.072261    0.210738 ^ _123_/Y (OAI21X1)
               0.078286    0.000000    0.210738 ^ _136_/A (AOI21X1)
   0.002573    0.017560    0.032625    0.243363 v _136_/Y (AOI21X1)
               0.017560    0.000000    0.243363 v _142_/A (OAI21X1)
   0.010879    0.082358    0.071503    0.314867 ^ _142_/Y (OAI21X1)
               0.082358    0.000000    0.314867 ^ _171_/A (XOR2X1)
   0.010000    0.079447    0.067784    0.382651 ^ _171_/Y (XOR2X1)
               0.079447    0.000000    0.382651 ^ sum[8] (out)
                                       0.382651   data arrival time

               0.000000  100.000000  100.000000   clock vclk (rise edge)
                           0.000000  100.000000   clock network delay (ideal)
                           0.000000  100.000000   clock reconvergence pessimism
                           0.000000  100.000000   output external delay
                                     100.000000   data required time
---------------------------------------------------------------------------------------
                                     100.000000   data required time
                                      -0.382651   data arrival time
---------------------------------------------------------------------------------------
                                      99.617348   slack (MET)


Startpoint: cin (input port clocked by vclk)
Endpoint: sum[4] (output port clocked by vclk)
Path Group: vclk
Path Type: max

        Cap        Slew       Delay        Time   Description
---------------------------------------------------------------------------------------
               0.000000    0.000000    0.000000   clock vclk (rise edge)
                           0.000000    0.000000   clock network delay (ideal)
                           0.000000    0.000000 ^ input external delay
   0.001551    0.050000    0.000000    0.000000 ^ cin (in)
               0.050000    0.000000    0.000000 ^ _091_/A (INVX1)
   0.007189    0.023867    0.036772    0.036772 v _091_/Y (INVX1)
               0.023867    0.000000    0.036772 v _117_/A (OAI21X1)
   0.007742    0.067105    0.062834    0.099606 ^ _117_/Y (OAI21X1)
               0.067105    0.000000    0.099606 ^ _120_/A (AOI21X1)
   0.007569    0.029858    0.038871    0.138477 v _120_/Y (AOI21X1)
               0.029858    0.000000    0.138477 v _123_/A (OAI21X1)
   0.010248    0.078286    0.072261    0.210738 ^ _123_/Y (OAI21X1)
               0.078286    0.000000    0.210738 ^ _126_/A (NAND2X1)
   0.001944    0.017253    0.026480    0.237219 v _126_/Y (NAND2X1)
               0.017253    0.000000    0.237219 v _127_/B (NAND2X1)
   0.007833    0.061078    0.032434    0.269653 ^ _127_/Y (NAND2X1)
               0.061078    0.000000    0.269653 ^ _175_/A (XNOR2X1)
   0.010000    0.075711    0.066315    0.335968 ^ _175_/Y (XNOR2X1)
               0.075711    0.000000    0.335968 ^ sum[4] (out)
                                       0.335968   data arrival time

               0.000000  100.000000  100.000000   clock vclk (rise edge)
                           0.000000  100.000000   clock network delay (ideal)
                           0.000000  100.000000   clock reconvergence pessimism
                           0.000000  100.000000   output external delay
                                     100.000000   data required time
---------------------------------------------------------------------------------------
                                     100.000000   data required time
                                      -0.335968   data arrival time
---------------------------------------------------------------------------------------
                                      99.664032   slack (MET)


Startpoint: cin (input port clocked by vclk)
Endpoint: sum[3] (output port clocked by vclk)
Path Group: vclk
Path Type: max

        Cap        Slew       Delay        Time   Description
---------------------------------------------------------------------------------------
               0.000000    0.000000    0.000000   clock vclk (rise edge)
                           0.000000    0.000000   clock network delay (ideal)
                           0.000000    0.000000 ^ input external delay
   0.001551    0.050000    0.000000    0.000000 ^ cin (in)
               0.050000    0.000000    0.000000 ^ _091_/A (INVX1)
   0.007189    0.023867    0.036772    0.036772 v _091_/Y (INVX1)
               0.023867    0.000000    0.036772 v _117_/A (OAI21X1)
   0.007742    0.067105    0.062834    0.099606 ^ _117_/Y (OAI21X1)
               0.067105    0.000000    0.099606 ^ _120_/A (AOI21X1)
   0.007569    0.029858    0.038871    0.138477 v _120_/Y (AOI21X1)
               0.029858    0.000000    0.138477 v _123_/A (OAI21X1)
   0.010248    0.078286    0.072261    0.210738 ^ _123_/Y (OAI21X1)
               0.078286    0.000000    0.210738 ^ _176_/A (XOR2X1)
   0.010000    0.079442    0.067237    0.277975 ^ _176_/Y (XOR2X1)
               0.079442    0.000000    0.277975 ^ sum[3] (out)
                                       0.277975   data arrival time

               0.000000  100.000000  100.000000   clock vclk (rise edge)
                           0.000000  100.000000   clock network delay (ideal)
                           0.000000  100.000000   clock reconvergence pessimism
                           0.000000  100.000000   output external delay
                                     100.000000   data required time
---------------------------------------------------------------------------------------
                                     100.000000   data required time
                                      -0.277975   data arrival time
---------------------------------------------------------------------------------------
                                      99.722015   slack (MET)


Startpoint: cin (input port clocked by vclk)
Endpoint: sum[2] (output port clocked by vclk)
Path Group: vclk
Path Type: max

        Cap        Slew       Delay        Time   Description
---------------------------------------------------------------------------------------
               0.000000    0.000000    0.000000   clock vclk (rise edge)
                           0.000000    0.000000   clock network delay (ideal)
                           0.000000    0.000000 ^ input external delay
   0.001551    0.050000    0.000000    0.000000 ^ cin (in)
               0.050000    0.000000    0.000000 ^ _091_/A (INVX1)
   0.007189    0.023867    0.036772    0.036772 v _091_/Y (INVX1)
               0.023867    0.000000    0.036772 v _117_/A (OAI21X1)
   0.007742    0.067105    0.062834    0.099606 ^ _117_/Y (OAI21X1)
               0.067105    0.000000    0.099606 ^ _120_/A (AOI21X1)
   0.007569    0.029858    0.038871    0.138477 v _120_/Y (AOI21X1)
               0.029858    0.000000    0.138477 v _177_/A (XOR2X1)
   0.010000    0.079289    0.060722    0.199199 ^ _177_/Y (XOR2X1)
               0.079289    0.000000    0.199199 ^ sum[2] (out)
                                       0.199199   data arrival time

               0.000000  100.000000  100.000000   clock vclk (rise edge)
                           0.000000  100.000000   clock network delay (ideal)
                           0.000000  100.000000   clock reconvergence pessimism
                           0.000000  100.000000   output external delay
                                     100.000000   data required time
---------------------------------------------------------------------------------------
                                     100.000000   data required time
                                      -0.199199   data arrival time
---------------------------------------------------------------------------------------
                                      99.800797   slack (MET)


Startpoint: cin (input port clocked by vclk)
Endpoint: sum[1] (output port clocked by vclk)
Path Group: vclk
Path Type: max

        Cap        Slew       Delay        Time   Description
---------------------------------------------------------------------------------------
               0.000000    0.000000    0.000000   clock vclk (rise edge)
                           0.000000    0.000000   clock network delay (ideal)
                           0.000000    0.000000 ^ input external delay
   0.001551    0.050000    0.000000    0.000000 ^ cin (in)
               0.050000    0.000000    0.000000 ^ _091_/A (INVX1)
   0.007189    0.023867    0.036772    0.036772 v _091_/Y (INVX1)
               0.023867    0.000000    0.036772 v _117_/A (OAI21X1)
   0.007742    0.067105    0.062834    0.099606 ^ _117_/Y (OAI21X1)
               0.067105    0.000000    0.099606 ^ _178_/A (XNOR2X1)
   0.010000    0.075676    0.067054    0.166660 ^ _178_/Y (XNOR2X1)
               0.075676    0.000000    0.166660 ^ sum[1] (out)
                                       0.166660   data arrival time

               0.000000  100.000000  100.000000   clock vclk (rise edge)
                           0.000000  100.000000   clock network delay (ideal)
                           0.000000  100.000000   clock reconvergence pessimism
                           0.000000  100.000000   output external delay
                                     100.000000   data required time
---------------------------------------------------------------------------------------
                                     100.000000   data required time
                                      -0.166660   data arrival time
---------------------------------------------------------------------------------------
                                      99.833336   slack (MET)


Startpoint: b[0] (input port clocked by vclk)
Endpoint: sum[0] (output port clocked by vclk)
Path Group: vclk
Path Type: max

        Cap        Slew       Delay        Time   Description
---------------------------------------------------------------------------------------
               0.000000    0.000000    0.000000   clock vclk (rise edge)
                           0.000000    0.000000   clock network delay (ideal)
                           0.000000    0.000000 ^ input external delay
   0.010058    0.050000    0.000000    0.000000 ^ b[0] (in)
               0.050000    0.000000    0.000000 ^ _116_/B (XOR2X1)
   0.005589    0.057525    0.063743    0.063743 ^ _116_/Y (XOR2X1)
               0.057525    0.000000    0.063743 ^ _179_/B (XNOR2X1)
   0.010000    0.075709    0.078874    0.142617 ^ _179_/Y (XNOR2X1)
               0.075709    0.000000    0.142617 ^ sum[0] (out)
                                       0.142617   data arrival time

               0.000000  100.000000  100.000000   clock vclk (rise edge)
                           0.000000  100.000000   clock network delay (ideal)
                           0.000000  100.000000   clock reconvergence pessimism
                           0.000000  100.000000   output external delay
                                     100.000000   data required time
---------------------------------------------------------------------------------------
                                     100.000000   data required time
                                      -0.142617   data arrival time
---------------------------------------------------------------------------------------
                                      99.857376   slack (MET)


