$ /usr/bin/time -v -o /home/duhaochen/website-trial-v1/data/spice-model-benchmark/74eb4d863720cdcfff4b87a1e29d5612/ngspice/resource.txt /usr/bin/python -m spice_model_benchmark.cli /home/duhaochen/pipeline_full_collection/benchmark-inputs/74eb4d863720cdcfff4b87a1e29d5612/ngspice.lib --simulator ngspice --modes dc transient ac noise --output-dir /home/duhaochen/website-trial-v1/data/spice-model-benchmark/74eb4d863720cdcfff4b87a1e29d5612 --dpi 120 --log-level WARNING
/home/duhaochen/spice_model_benchmark/src/spice_model_benchmark/verification_manager.py:1557: RuntimeWarning: divide by zero encountered in divide
  tc = np.mean((d_ids / d_temp) / np.abs(i_ds[:-1]))
SPICE Model Benchmark: /home/duhaochen/pipeline_full_collection/benchmark-inputs/74eb4d863720cdcfff4b87a1e29d5612/ngspice.lib
Simulators: ngspice
Modes: dc, transient, ac, noise
------------------------------------------------------------

============================================================
  Running: NGSPICE
  Output:  /home/duhaochen/website-trial-v1/data/spice-model-benchmark/74eb4d863720cdcfff4b87a1e29d5612/ngspice
============================================================
Vgs range: 0.000V to 1.200V
Ids range: -4.470e-04A to 0.000e+00A
Selected Vgs values: [0.  0.2 0.4 0.6 0.8 1.  1.2]
Vgs=0.000V: Ids range -4.203e-13A to -1.002e-16A
Vgs=0.200V: Ids range -2.156e-11A to 0.000e+00A
Vgs=0.400V: Ids range -2.282e-09A to 0.000e+00A
Vgs=0.600V: Ids range -2.034e-07A to 0.000e+00A
Vgs=0.800V: Ids range -1.016e-05A to 0.000e+00A
Vgs=1.000V: Ids range -1.552e-04A to 0.000e+00A
Vgs=1.200V: Ids range -4.470e-04A to 0.000e+00A
ids_variation: 8.155670066953434
ids_variation <= max_variation: False
tc: inf
abs(tc) <= max_tc: False
[WARNING]: Temperature effects verification failed - effects outside expected range
/home/duhaochen/spice_model_benchmark/src/spice_model_benchmark/verification_manager.py:1817: RuntimeWarning: divide by zero encountered in log
  log_ids = np.log(np.abs(i_ds))
/home/duhaochen/.local/lib/python3.9/site-packages/numpy/lib/function_base.py:2742: RuntimeWarning: invalid value encountered in subtract
  X -= avg[:, None]
/home/duhaochen/spice_model_benchmark/src/spice_model_benchmark/verification_manager.py:1862: RuntimeWarning: divide by zero encountered in divide
  efficiency = np.abs(gm / i_ds)  # Transconductance efficiency
[INFO]: S-parameter analysis plot saved to /home/duhaochen/website-trial-v1/data/spice-model-benchmark/74eb4d863720cdcfff4b87a1e29d5612/ngspice/plots/ac_cv_sparameter_analysis.png
[INFO]: NQS effects plot saved to /home/duhaochen/website-trial-v1/data/spice-model-benchmark/74eb4d863720cdcfff4b87a1e29d5612/ngspice/plots/ac_cv_nqs_effects.png
[INFO]: S-parameter analysis plot saved to /home/duhaochen/website-trial-v1/data/spice-model-benchmark/74eb4d863720cdcfff4b87a1e29d5612/ngspice/plots/ac_cv_sparameter_analysis.png
norm_dvg: [2.50000000e+11 1.25000000e+11 6.25000000e+10 3.12500000e+10
 1.56250000e+10 9.80053397e+09 7.00141034e+09 5.34718085e+09
 4.27071861e+09 3.50923057e+09 3.28534068e+09 3.10702406e+09
 2.90432139e+09 2.78805078e+09 2.63062205e+09 2.48233595e+09
 2.27892436e+09 2.13037102e+09 2.08175688e+09 2.04551178e+09
 2.00628767e+09 2.00000902e+09 1.99969978e+09 1.99910863e+09
 1.99793637e+09 1.99557070e+09 1.99087432e+09 1.98153922e+09
 1.96313162e+09 1.92732351e+09 1.86863923e+09 1.80971416e+09
 1.76688586e+09 1.74988806e+09 1.73624422e+09 1.72560989e+09
 1.71369369e+09 1.70071034e+09 1.69350535e+09 1.68256764e+09
 1.67197091e+09 1.65250984e+09 1.62116864e+09 1.56192247e+09
 1.47611105e+09 1.43846573e+09 1.41308873e+09 1.38965115e+09
 1.36082277e+09 1.33664349e+09 1.31137117e+09 1.27460555e+09
 1.23274271e+09 1.18229639e+09 1.13838702e+09 1.08935940e+09
 1.04221711e+09 9.99996624e+08 9.99511697e+08 9.98517152e+08
 9.96557905e+08 9.92649879e+08 9.84929083e+08 9.69840575e+08
 9.41009780e+08 9.25451793e+08 9.13281870e+08 8.99728981e+08
 8.86032939e+08 8.78032153e+08 8.68382013e+08 8.57875172e+08
 8.46527176e+08 8.33658024e+08 8.18844559e+08 8.01681607e+08
 7.81870038e+08 7.59255157e+08 7.33805923e+08 7.05492779e+08
 6.82173833e+08 6.58715908e+08 6.27398977e+08 5.98350300e+08
 5.68145617e+08 5.20394136e+08 4.83973542e+08 4.56512135e+08
 4.42972950e+08 4.34632727e+08 4.30243100e+08 4.26622029e+08
 4.21491856e+08 4.18181174e+08 4.13942691e+08 4.09940185e+08
 4.02311677e+08 3.94210113e+08 3.85742204e+08 3.77136686e+08
 3.72032021e+08 3.70193951e+08 3.68408273e+08 3.67236806e+08
 3.65886975e+08 3.64436151e+08 3.63317274e+08 3.62075374e+08
 3.59885465e+08 3.56735037e+08 3.53600624e+08 3.48808644e+08
 3.45008668e+08 3.43114464e+08 3.41203536e+08 3.39337198e+08
 3.37331140e+08 3.35237554e+08 3.31867570e+08 3.28202050e+08
 3.23785409e+08 3.19637634e+08 3.14557006e+08 3.09148400e+08
 3.02051125e+08 2.93648475e+08 2.82329072e+08 2.68776295e+08
 2.51615358e+08 2.31361689e+08 2.07660367e+08 1.87399095e+08
 1.65896958e+08 1.46459243e+08 1.31098745e+08 1.18654392e+08
 1.08367746e+08 1.01379583e+08 9.52331385e+07 9.52302087e+07
 9.52123751e+07 9.51777595e+07 9.51075729e+07 9.49687428e+07
 9.47563099e+07 9.45305199e+07 9.42646071e+07 9.39915755e+07
 9.37294622e+07 9.36074757e+07 9.35144155e+07 9.34265006e+07
 9.33326318e+07 9.32309678e+07 9.31623862e+07 9.30946981e+07
 9.30195347e+07 9.29388842e+07 9.28443090e+07 9.27339773e+07
 9.26050195e+07 9.24600210e+07 9.22673454e+07 9.20304105e+07
 9.17392024e+07 9.16058887e+07 9.15065684e+07 9.14597081e+07
 9.14215980e+07 9.13880373e+07 9.13467042e+07 9.13199006e+07
 9.12809171e+07 9.12345642e+07 9.11706532e+07 9.10666684e+07
 9.09878912e+07 9.09018483e+07 9.09092551e+07 9.08978141e+07
 9.08862519e+07 9.08565523e+07 9.08214804e+07 9.07785183e+07
 9.07323233e+07 9.06898301e+07 9.06423614e+07 9.05824850e+07
 9.04988687e+07 9.03887608e+07 9.02402884e+07 9.00407192e+07
 8.97718432e+07 8.94205504e+07 8.89751236e+07 8.84884196e+07
 8.80956803e+07 8.78899942e+07 8.77181848e+07 8.75049993e+07
 8.73671905e+07 8.71719015e+07 8.69389002e+07 8.65763052e+07
 8.62470193e+07 8.58206834e+07 8.55906707e+07 8.54426858e+07
 8.52744443e+07 8.50905342e+07 8.49839380e+07 8.48333549e+07
 8.46940250e+07 8.44917183e+07 8.42340241e+07 8.39595307e+07
 8.36449487e+07 8.34890988e+07 8.33333333e+07 8.33024299e+07
 8.32398148e+07 8.31472987e+07 8.29611919e+07 8.25923338e+07
 8.20735481e+07 8.17253935e+07 8.15059542e+07 8.13644191e+07
 8.12489933e+07 8.11346921e+07 8.09955062e+07 8.08808997e+07
 8.07717054e+07 8.06432261e+07 8.05035614e+07 8.03201868e+07
 8.00733627e+07 7.96615554e+07 7.92729829e+07 7.89915201e+07
 7.88726552e+07 7.87818543e+07 7.87091051e+07 7.86155075e+07
 7.85515856e+07 7.84895829e+07 7.84190688e+07 7.83279110e+07
 7.81980178e+07 7.79875328e+07 7.77733331e+07 7.75041164e+07
 7.73679917e+07 7.72800930e+07 7.71721962e+07 7.70576639e+07
 7.69250667e+07 7.68025241e+07 7.66044156e+07 7.63501534e+07
 7.59884142e+07 7.55205227e+07 7.48901156e+07 7.40744387e+07
 7.30934121e+07 7.21613476e+07 7.09516839e+07 6.93651077e+07
 6.77518248e+07 6.59957480e+07 6.42583977e+07 6.23250730e+07
 6.01558886e+07 5.73988758e+07 5.48788867e+07 5.25708624e+07
 5.12532128e+07 0.00000000e+00 0.00000000e+00 0.00000000e+00
 0.00000000e+00 0.00000000e+00 0.00000000e+00 0.00000000e+00
 0.00000000e+00 0.00000000e+00 0.00000000e+00 0.00000000e+00
 0.00000000e+00 0.00000000e+00 0.00000000e+00 0.00000000e+00
 0.00000000e+00 0.00000000e+00 0.00000000e+00 0.00000000e+00
 0.00000000e+00 0.00000000e+00 0.00000000e+00 0.00000000e+00
 0.00000000e+00 0.00000000e+00 0.00000000e+00 0.00000000e+00
 0.00000000e+00 0.00000000e+00 0.00000000e+00 0.00000000e+00
 0.00000000e+00 0.00000000e+00 0.00000000e+00 0.00000000e+00
 0.00000000e+00 0.00000000e+00 0.00000000e+00 0.00000000e+00
 0.00000000e+00 0.00000000e+00 0.00000000e+00 0.00000000e+00
 0.00000000e+00 0.00000000e+00 0.00000000e+00 0.00000000e+00
 0.00000000e+00 0.00000000e+00 0.00000000e+00 0.00000000e+00
 0.00000000e+00 0.00000000e+00 0.00000000e+00 0.00000000e+00
 0.00000000e+00 0.00000000e+00 0.00000000e+00 0.00000000e+00
 0.00000000e+00 0.00000000e+00 0.00000000e+00 0.00000000e+00
 0.00000000e+00 0.00000000e+00 0.00000000e+00 0.00000000e+00
 0.00000000e+00 0.00000000e+00 0.00000000e+00 0.00000000e+00
 0.00000000e+00 0.00000000e+00 0.00000000e+00 0.00000000e+00
 0.00000000e+00 0.00000000e+00 0.00000000e+00 0.00000000e+00
 0.00000000e+00 0.00000000e+00 0.00000000e+00 0.00000000e+00
 0.00000000e+00 0.00000000e+00 0.00000000e+00 0.00000000e+00
 0.00000000e+00 0.00000000e+00 0.00000000e+00 0.00000000e+00
 0.00000000e+00 0.00000000e+00 0.00000000e+00 0.00000000e+00
 0.00000000e+00 0.00000000e+00 0.00000000e+00 0.00000000e+00
 0.00000000e+00 0.00000000e+00 0.00000000e+00 0.00000000e+00
 0.00000000e+00 0.00000000e+00 0.00000000e+00 0.00000000e+00
 0.00000000e+00 0.00000000e+00 0.00000000e+00 0.00000000e+00
 0.00000000e+00 0.00000000e+00 0.00000000e+00 0.00000000e+00
 0.00000000e+00 0.00000000e+00 0.00000000e+00 0.00000000e+00
 0.00000000e+00 0.00000000e+00 0.00000000e+00 0.00000000e+00
 0.00000000e+00 0.00000000e+00 0.00000000e+00 0.00000000e+00
 0.00000000e+00 0.00000000e+00 0.00000000e+00 0.00000000e+00
 0.00000000e+00 0.00000000e+00 0.00000000e+00 0.00000000e+00
 0.00000000e+00 0.00000000e+00 0.00000000e+00 0.00000000e+00
 0.00000000e+00 0.00000000e+00 0.00000000e+00 0.00000000e+00
 0.00000000e+00 0.00000000e+00 0.00000000e+00 0.00000000e+00
 0.00000000e+00 0.00000000e+00 0.00000000e+00 0.00000000e+00
 0.00000000e+00 0.00000000e+00 0.00000000e+00 0.00000000e+00
 0.00000000e+00 0.00000000e+00 0.00000000e+00 0.00000000e+00
 0.00000000e+00 0.00000000e+00 0.00000000e+00 0.00000000e+00
 0.00000000e+00 0.00000000e+00 0.00000000e+00 0.00000000e+00
 0.00000000e+00 0.00000000e+00 0.00000000e+00 0.00000000e+00
 0.00000000e+00 0.00000000e+00 0.00000000e+00 0.00000000e+00
 0.00000000e+00 0.00000000e+00 0.00000000e+00 0.00000000e+00
 0.00000000e+00 0.00000000e+00 0.00000000e+00 0.00000000e+00
 0.00000000e+00 0.00000000e+00 0.00000000e+00 0.00000000e+00
 0.00000000e+00 0.00000000e+00 0.00000000e+00 0.00000000e+00
 0.00000000e+00 0.00000000e+00 0.00000000e+00 0.00000000e+00
 0.00000000e+00 0.00000000e+00 0.00000000e+00 0.00000000e+00
 0.00000000e+00 0.00000000e+00 0.00000000e+00 0.00000000e+00
 0.00000000e+00 0.00000000e+00 0.00000000e+00 0.00000000e+00
 0.00000000e+00 0.00000000e+00 0.00000000e+00 0.00000000e+00
 0.00000000e+00 0.00000000e+00 0.00000000e+00 0.00000000e+00
 0.00000000e+00 0.00000000e+00 0.00000000e+00 0.00000000e+00
 0.00000000e+00 0.00000000e+00 0.00000000e+00 0.00000000e+00
 0.00000000e+00 0.00000000e+00 0.00000000e+00 0.00000000e+00
 0.00000000e+00 0.00000000e+00 0.00000000e+00 0.00000000e+00
 0.00000000e+00 0.00000000e+00 0.00000000e+00 0.00000000e+00
 0.00000000e+00 0.00000000e+00 0.00000000e+00 0.00000000e+00
 0.00000000e+00 0.00000000e+00 0.00000000e+00 0.00000000e+00
 0.00000000e+00 0.00000000e+00 0.00000000e+00 0.00000000e+00
 0.00000000e+00 0.00000000e+00 0.00000000e+00 0.00000000e+00
 0.00000000e+00 0.00000000e+00 0.00000000e+00 0.00000000e+00
 0.00000000e+00 0.00000000e+00 0.00000000e+00 0.00000000e+00
 0.00000000e+00 0.00000000e+00 0.00000000e+00 0.00000000e+00
 0.00000000e+00 0.00000000e+00 0.00000000e+00 0.00000000e+00
 0.00000000e+00 0.00000000e+00 0.00000000e+00 0.00000000e+00
 0.00000000e+00 0.00000000e+00 0.00000000e+00]
norm_dvd: [0. 0. 0. 0. 0. 0. 0. 0. 0. 0. 0. 0. 0. 0. 0. 0. 0. 0. 0. 0. 0. 0. 0. 0.
 0. 0. 0. 0. 0. 0. 0. 0. 0. 0. 0. 0. 0. 0. 0. 0. 0. 0. 0. 0. 0. 0. 0. 0.
 0. 0. 0. 0. 0. 0. 0. 0. 0. 0. 0. 0. 0. 0. 0. 0. 0. 0. 0. 0. 0. 0. 0. 0.
 0. 0. 0. 0. 0. 0. 0. 0. 0. 0. 0. 0. 0. 0. 0. 0. 0. 0. 0. 0. 0. 0. 0. 0.
 0. 0. 0. 0. 0. 0. 0. 0. 0. 0. 0. 0. 0. 0. 0. 0. 0. 0. 0. 0. 0. 0. 0. 0.
 0. 0. 0. 0. 0. 0. 0. 0. 0. 0. 0. 0. 0. 0. 0. 0. 0. 0. 0. 0. 0. 0. 0. 0.
 0. 0. 0. 0. 0. 0. 0. 0. 0. 0. 0. 0. 0. 0. 0. 0. 0. 0. 0. 0. 0. 0. 0. 0.
 0. 0. 0. 0. 0. 0. 0. 0. 0. 0. 0. 0. 0. 0. 0. 0. 0. 0. 0. 0. 0. 0. 0. 0.
 0. 0. 0. 0. 0. 0. 0. 0. 0. 0. 0. 0. 0. 0. 0. 0. 0. 0. 0. 0. 0. 0. 0. 0.
 0. 0. 0. 0. 0. 0. 0. 0. 0. 0. 0. 0. 0. 0. 0. 0. 0. 0. 0. 0. 0. 0. 0. 0.
 0. 0. 0. 0. 0. 0. 0. 0. 0. 0. 0. 0. 0. 0. 0. 0. 0. 0. 0. 0. 0. 0. 0. 0.
 0. 0. 0. 0. 0. 0. 0. 0. 0. 0. 0. 0. 0. 0. 0. 0. 0. 0. 0. 0. 0. 0. 0. 0.
 0. 0. 0. 0. 0. 0. 0. 0. 0. 0. 0. 0. 0. 0. 0. 0. 0. 0. 0. 0. 0. 0. 0. 0.
 0. 0. 0. 0. 0. 0. 0. 0. 0. 0. 0. 0. 0. 0. 0. 0. 0. 0. 0. 0. 0. 0. 0. 0.
 0. 0. 0. 0. 0. 0. 0. 0. 0. 0. 0. 0. 0. 0. 0. 0. 0. 0. 0. 0. 0. 0. 0. 0.
 0. 0. 0. 0. 0. 0. 0. 0. 0. 0. 0. 0. 0. 0. 0. 0. 0. 0. 0. 0. 0. 0. 0. 0.
 0. 0. 0. 0. 0. 0. 0. 0. 0. 0. 0. 0. 0. 0. 0. 0. 0. 0. 0. 0. 0. 0. 0. 0.
 0. 0. 0. 0. 0. 0. 0. 0. 0. 0. 0. 0. 0. 0. 0. 0. 0. 0. 0. 0. 0. 0. 0. 0.
 0. 0. 0. 0. 0. 0. 0. 0. 0. 0. 0. 0. 0. 0. 0. 0. 0. 0. 0. 0. 0. 0. 0. 0.
 0. 0. 0. 0. 0. 0. 0. 0. 0. 0. 0. 0. 0. 0. 0. 0. 0. 0. 0. 0. 0. 0. 0. 0.
 0. 0. 0. 0. 0. 0. 0. 0. 0. 0. 0. 0. 0. 0. 0. 0. 0. 0. 0. 0. 0. 0. 0. 0.
 0. 0. 0. 0. 0. 0. 0. 0. 0. 0. 0. 0. 0. 0. 0. 0. 0. 0. 0. 0. 0. 0. 0. 0.
 0. 0. 0. 0. 0. 0. 0. 0. 0. 0. 0. 0. 0. 0. 0. 0. 0. 0. 0. 0. 0. 0. 0.]
norm_did: [3.86786143e+02 0.00000000e+00 0.00000000e+00 0.00000000e+00
 0.00000000e+00 0.00000000e+00 0.00000000e+00 0.00000000e+00
 0.00000000e+00 0.00000000e+00 0.00000000e+00 0.00000000e+00
 0.00000000e+00 0.00000000e+00 0.00000000e+00 4.30274267e+01
 0.00000000e+00 0.00000000e+00 0.00000000e+00 0.00000000e+00
 0.00000000e+00 2.09248908e+04 1.04623747e+04 0.00000000e+00
 0.00000000e+00 0.00000000e+00 0.00000000e+00 0.00000000e+00
 0.00000000e+00 0.00000000e+00 0.00000000e+00 0.00000000e+00
 0.00000000e+00 0.00000000e+00 0.00000000e+00 0.00000000e+00
 0.00000000e+00 0.00000000e+00 0.00000000e+00 0.00000000e+00
 0.00000000e+00 0.00000000e+00 6.61237832e+01 0.00000000e+00
 0.00000000e+00 0.00000000e+00 0.00000000e+00 0.00000000e+00
 0.00000000e+00 0.00000000e+00 0.00000000e+00 5.80699475e+01
 0.00000000e+00 0.00000000e+00 3.91337456e+01 0.00000000e+00
 0.00000000e+00 0.00000000e+00 0.00000000e+00 0.00000000e+00
 3.91795248e+02 0.00000000e+00 0.00000000e+00 0.00000000e+00
 0.00000000e+00 1.07446103e+02 0.00000000e+00 0.00000000e+00
 0.00000000e+00 0.00000000e+00 1.09688667e+02 0.00000000e+00
 0.00000000e+00 7.12982671e+01 0.00000000e+00 4.89505837e+01
 0.00000000e+00 3.38709917e+01 5.65779183e+01 3.19308122e+01
 5.92738273e+01 4.08340319e+01 5.99827968e+01 8.70647729e+01
 9.57933917e+01 1.28386518e+02 1.61817536e+02 1.84864136e+02
 2.14299461e+02 2.63617371e+02 2.35274604e+02 2.71147462e+02
 2.47108890e+02 3.15950789e+02 2.62352078e+02 3.34486020e+02
 3.33154182e+02 4.16751072e+02 4.18469356e+02 5.10282829e+02
 4.63796422e+02 4.72569717e+02 5.36161775e+02 6.15875883e+02
 4.26651069e+02 7.32345926e+02 4.91700836e+02 5.52320308e+02
 6.30480229e+02 6.22641142e+02 7.16769123e+02 7.34965725e+02
 7.73562847e+02 7.58223709e+02 7.67768684e+02 8.82965834e+02
 9.19181819e+02 9.19378007e+02 9.65475575e+02 1.07949290e+03
 1.11953894e+03 1.28590873e+03 1.39088960e+03 1.60808425e+03
 1.91078156e+03 2.42496505e+03 3.34376711e+03 5.23126095e+03
 9.75649370e+03 2.35404529e+04 6.46386872e+04 2.28954147e+05
 1.04707422e+06 5.06619183e+06 2.43466343e+07 1.16869599e+08
 4.71589313e+08 2.20303471e+09 4.58179738e+11 1.34334854e+10
 1.49347742e+10 1.42783438e+10 1.31485895e+10 1.13335381e+10
 9.32220724e+09 7.92459289e+09 6.75526706e+09 5.88639307e+09
 5.14298336e+09 4.93885308e+09 4.79489616e+09 4.66160598e+09
 4.52543435e+09 4.36253649e+09 4.28036397e+09 4.20495648e+09
 4.11869571e+09 4.03893196e+09 3.94899001e+09 3.84914872e+09
 3.73935246e+09 3.64210241e+09 3.51493336e+09 3.37694787e+09
 3.11017213e+09 3.05415819e+09 2.98699089e+09 2.97712721e+09
 2.96235385e+09 2.95089254e+09 2.92402172e+09 2.92129076e+09
 2.90739725e+09 2.89286387e+09 2.88207847e+09 2.82673801e+09
 2.79758516e+09 3.24892118e+09 2.41802335e+09 2.74894401e+09
 2.74869409e+09 2.74106794e+09 2.73064404e+09 2.71683591e+09
 2.69778882e+09 2.68704043e+09 2.67639986e+09 2.66453042e+09
 2.64712923e+09 2.62574741e+09 2.59902495e+09 2.56625918e+09
 2.52356921e+09 2.47156060e+09 2.39135396e+09 2.27035844e+09
 2.14516823e+09 2.13553847e+09 2.13908820e+09 2.08751982e+09
 2.09681005e+09 2.08812124e+09 2.10193815e+09 2.05525363e+09
 2.05897494e+09 1.96139462e+09 1.93352254e+09 1.94485636e+09
 1.94179001e+09 1.90765045e+09 1.92088941e+09 1.91098139e+09
 1.92270297e+09 1.92888502e+09 1.92237722e+09 1.92368630e+09
 1.86597525e+09 1.86980106e+09 2.13706069e+09 1.68746944e+09
 1.85238335e+09 1.87307701e+09 1.91488030e+09 1.94342375e+09
 1.88193896e+09 1.84234266e+09 1.82099048e+09 1.81294248e+09
 1.80997842e+09 1.81282677e+09 1.80294991e+09 1.79839351e+09
 1.79949372e+09 1.79781328e+09 1.80320360e+09 1.81084743e+09
 1.83866089e+09 1.81440820e+09 1.77200148e+09 1.72409945e+09
 1.71031429e+09 1.70078860e+09 1.70065645e+09 1.68932187e+09
 1.68537872e+09 1.68307359e+09 1.68261563e+09 1.68451262e+09
 1.69161209e+09 1.67830296e+09 1.67338573e+09 1.63078069e+09
 1.61168146e+09 1.60741638e+09 1.60035431e+09 1.59461641e+09
 1.58257845e+09 1.58508885e+09 1.57788850e+09 1.57329075e+09
 1.55720093e+09 1.53675291e+09 1.49883563e+09 1.43323349e+09
 1.32327896e+09 1.24963434e+09 1.14998241e+09 9.94222559e+08
 8.59104022e+08 7.28310909e+08 6.25709662e+08 5.32815365e+08
 4.53814488e+08 3.70056107e+08 3.12863883e+08 2.67372955e+08
 2.47688212e+08 1.01476453e+09 0.00000000e+00 0.00000000e+00
 0.00000000e+00 0.00000000e+00 0.00000000e+00 0.00000000e+00
 0.00000000e+00 0.00000000e+00 0.00000000e+00 0.00000000e+00
 0.00000000e+00 0.00000000e+00 0.00000000e+00 0.00000000e+00
 0.00000000e+00 0.00000000e+00 0.00000000e+00 0.00000000e+00
 0.00000000e+00 0.00000000e+00 0.00000000e+00 0.00000000e+00
 0.00000000e+00 0.00000000e+00 0.00000000e+00 0.00000000e+00
 0.00000000e+00 0.00000000e+00 0.00000000e+00 0.00000000e+00
 0.00000000e+00 0.00000000e+00 0.00000000e+00 0.00000000e+00
 0.00000000e+00 0.00000000e+00 0.00000000e+00 0.00000000e+00
 0.00000000e+00 0.00000000e+00 0.00000000e+00 0.00000000e+00
 0.00000000e+00 0.00000000e+00 0.00000000e+00 0.00000000e+00
 0.00000000e+00 0.00000000e+00 0.00000000e+00 0.00000000e+00
 0.00000000e+00 0.00000000e+00 0.00000000e+00 0.00000000e+00
 0.00000000e+00 0.00000000e+00 0.00000000e+00 0.00000000e+00
 0.00000000e+00 0.00000000e+00 0.00000000e+00 0.00000000e+00
 0.00000000e+00 0.00000000e+00 0.00000000e+00 0.00000000e+00
 0.00000000e+00 0.00000000e+00 0.00000000e+00 0.00000000e+00
 0.00000000e+00 0.00000000e+00 0.00000000e+00 0.00000000e+00
 0.00000000e+00 0.00000000e+00 0.00000000e+00 0.00000000e+00
 0.00000000e+00 0.00000000e+00 0.00000000e+00 0.00000000e+00
 0.00000000e+00 0.00000000e+00 0.00000000e+00 0.00000000e+00
 0.00000000e+00 0.00000000e+00 0.00000000e+00 0.00000000e+00
 0.00000000e+00 0.00000000e+00 0.00000000e+00 0.00000000e+00
 0.00000000e+00 0.00000000e+00 0.00000000e+00 0.00000000e+00
 0.00000000e+00 0.00000000e+00 0.00000000e+00 0.00000000e+00
 0.00000000e+00 0.00000000e+00 0.00000000e+00 0.00000000e+00
 0.00000000e+00 0.00000000e+00 0.00000000e+00 0.00000000e+00
 0.00000000e+00 0.00000000e+00 0.00000000e+00 0.00000000e+00
 0.00000000e+00 0.00000000e+00 0.00000000e+00 0.00000000e+00
 0.00000000e+00 0.00000000e+00 0.00000000e+00 0.00000000e+00
 0.00000000e+00 0.00000000e+00 0.00000000e+00 0.00000000e+00
 0.00000000e+00 0.00000000e+00 0.00000000e+00 0.00000000e+00
 0.00000000e+00 0.00000000e+00 0.00000000e+00 0.00000000e+00
 0.00000000e+00 0.00000000e+00 0.00000000e+00 0.00000000e+00
 0.00000000e+00 0.00000000e+00 0.00000000e+00 0.00000000e+00
 0.00000000e+00 0.00000000e+00 0.00000000e+00 0.00000000e+00
 0.00000000e+00 0.00000000e+00 0.00000000e+00 0.00000000e+00
 0.00000000e+00 0.00000000e+00 0.00000000e+00 0.00000000e+00
 0.00000000e+00 0.00000000e+00 0.00000000e+00 0.00000000e+00
 0.00000000e+00 0.00000000e+00 0.00000000e+00 0.00000000e+00
 0.00000000e+00 0.00000000e+00 0.00000000e+00 0.00000000e+00
 0.00000000e+00 0.00000000e+00 0.00000000e+00 0.00000000e+00
 0.00000000e+00 0.00000000e+00 0.00000000e+00 0.00000000e+00
 0.00000000e+00 0.00000000e+00 0.00000000e+00 0.00000000e+00
 0.00000000e+00 0.00000000e+00 0.00000000e+00 0.00000000e+00
 0.00000000e+00 0.00000000e+00 0.00000000e+00 0.00000000e+00
 0.00000000e+00 0.00000000e+00 0.00000000e+00 0.00000000e+00
 0.00000000e+00 0.00000000e+00 0.00000000e+00 0.00000000e+00
 0.00000000e+00 0.00000000e+00 0.00000000e+00 0.00000000e+00
 0.00000000e+00 0.00000000e+00 0.00000000e+00 0.00000000e+00
 0.00000000e+00 0.00000000e+00 0.00000000e+00 0.00000000e+00
 0.00000000e+00 0.00000000e+00 0.00000000e+00 0.00000000e+00
 0.00000000e+00 0.00000000e+00 0.00000000e+00 0.00000000e+00
 0.00000000e+00 0.00000000e+00 0.00000000e+00 0.00000000e+00
 0.00000000e+00 0.00000000e+00 0.00000000e+00 0.00000000e+00
 0.00000000e+00 0.00000000e+00 0.00000000e+00 0.00000000e+00
 0.00000000e+00 0.00000000e+00 0.00000000e+00 0.00000000e+00
 0.00000000e+00 0.00000000e+00 0.00000000e+00 0.00000000e+00
 0.00000000e+00 0.00000000e+00 0.00000000e+00 0.00000000e+00
 0.00000000e+00 0.00000000e+00 0.00000000e+00 0.00000000e+00
 0.00000000e+00 0.00000000e+00 0.00000000e+00 0.00000000e+00
 0.00000000e+00 0.00000000e+00 0.00000000e+00 0.00000000e+00
 0.00000000e+00 0.00000000e+00 0.00000000e+00 0.00000000e+00
 0.00000000e+00 0.00000000e+00 0.00000000e+00 0.00000000e+00
 0.00000000e+00 0.00000000e+00 0.00000000e+00 0.00000000e+00
 0.00000000e+00 0.00000000e+00 0.00000000e+00 0.00000000e+00
 0.00000000e+00 0.00000000e+00 0.00000000e+00 0.00000000e+00
 0.00000000e+00 0.00000000e+00 0.00000000e+00]
[WARNING]: Quasi-static verification failed
[WARNING]: Max normalized derivatives: dVg/dt=2.50e+11, dVd/dt=0.00e+00, dId/dt=4.58e+11

  ngspice: ✓ PASS  (122.8s)

✓ Benchmark completed: /home/duhaochen/website-trial-v1/data/spice-model-benchmark/74eb4d863720cdcfff4b87a1e29d5612/ngspice
