$ /usr/bin/time -v -o /home/duhaochen/website-trial-v1/data/spice-model-benchmark/efee6371564b9e83d00dc414b569c992/ngspice/resource.txt /usr/bin/python -m spice_model_benchmark.cli /home/duhaochen/pipeline_full_collection/benchmark-inputs/efee6371564b9e83d00dc414b569c992/ngspice.lib --simulator ngspice --modes dc transient ac noise --output-dir /home/duhaochen/website-trial-v1/data/spice-model-benchmark/efee6371564b9e83d00dc414b569c992 --dpi 120 --log-level WARNING
/home/duhaochen/spice_model_benchmark/src/spice_model_benchmark/verification_manager.py:1557: RuntimeWarning: divide by zero encountered in divide
  tc = np.mean((d_ids / d_temp) / np.abs(i_ds[:-1]))
SPICE Model Benchmark: /home/duhaochen/pipeline_full_collection/benchmark-inputs/efee6371564b9e83d00dc414b569c992/ngspice.lib
Simulators: ngspice
Modes: dc, transient, ac, noise
------------------------------------------------------------

============================================================
  Running: NGSPICE
  Output:  /home/duhaochen/website-trial-v1/data/spice-model-benchmark/efee6371564b9e83d00dc414b569c992/ngspice
============================================================
Vgs range: 0.000V to 1.200V
Ids range: -4.959e-05A to 0.000e+00A
Selected Vgs values: [0.  0.2 0.4 0.6 0.8 1.  1.2]
Vgs=0.000V: Ids range -1.247e-15A to -1.000e-16A
Vgs=0.200V: Ids range -1.532e-14A to 0.000e+00A
Vgs=0.400V: Ids range -1.091e-12A to 0.000e+00A
Vgs=0.600V: Ids range -1.646e-10A to 0.000e+00A
Vgs=0.800V: Ids range -2.261e-08A to 0.000e+00A
Vgs=1.000V: Ids range -1.813e-06A to 0.000e+00A
Vgs=1.200V: Ids range -4.959e-05A to 0.000e+00A
ids_variation: 9.259331539422307
ids_variation <= max_variation: False
tc: inf
abs(tc) <= max_tc: False
[WARNING]: Temperature effects verification failed - effects outside expected range
/home/duhaochen/spice_model_benchmark/src/spice_model_benchmark/verification_manager.py:1817: RuntimeWarning: divide by zero encountered in log
  log_ids = np.log(np.abs(i_ds))
/home/duhaochen/.local/lib/python3.9/site-packages/numpy/lib/function_base.py:2742: RuntimeWarning: invalid value encountered in subtract
  X -= avg[:, None]
/home/duhaochen/spice_model_benchmark/src/spice_model_benchmark/verification_manager.py:1862: RuntimeWarning: divide by zero encountered in divide
  efficiency = np.abs(gm / i_ds)  # Transconductance efficiency
[INFO]: S-parameter analysis plot saved to /home/duhaochen/website-trial-v1/data/spice-model-benchmark/efee6371564b9e83d00dc414b569c992/ngspice/plots/ac_cv_sparameter_analysis.png
[INFO]: NQS effects plot saved to /home/duhaochen/website-trial-v1/data/spice-model-benchmark/efee6371564b9e83d00dc414b569c992/ngspice/plots/ac_cv_nqs_effects.png
[INFO]: S-parameter analysis plot saved to /home/duhaochen/website-trial-v1/data/spice-model-benchmark/efee6371564b9e83d00dc414b569c992/ngspice/plots/ac_cv_sparameter_analysis.png
norm_dvg: [2.50000000e+11 1.25000000e+11 6.25000000e+10 3.12500000e+10
 1.56249998e+10 9.42208252e+09 6.80089930e+09 5.17445393e+09
 4.16793296e+09 3.41772033e+09 2.79753975e+09 2.58262340e+09
 2.47584334e+09 2.38059690e+09 2.27056564e+09 2.19371384e+09
 2.10418478e+09 2.05076983e+09 2.00000175e+09 1.99695548e+09
 1.99089503e+09 1.97888403e+09 1.95529153e+09 1.90975422e+09
 1.82475954e+09 1.67561164e+09 1.48743693e+09 1.31753813e+09
 1.24889730e+09 1.20164921e+09 1.13993140e+09 1.10311516e+09
 1.05545378e+09 1.02697886e+09 9.99996167e+08 9.98697872e+08
 9.96102495e+08 9.90951840e+08 9.80808456e+08 9.61133276e+08
 9.24059464e+08 8.68983058e+08 8.35063005e+08 7.95155415e+08
 7.52097127e+08 6.78603345e+08 5.67661367e+08 4.95063153e+08
 4.69275501e+08 4.50107678e+08 4.35958507e+08 4.19857214e+08
 4.08249050e+08 3.95903494e+08 3.76673790e+08 3.56626705e+08
 3.40295609e+08 3.22396450e+08 3.05837069e+08 2.86048508e+08
 2.73621499e+08 2.66086847e+08 2.60031500e+08 2.53902663e+08
 2.47414593e+08 2.44185423e+08 2.40388440e+08 2.35738514e+08
 2.31356037e+08 2.26028027e+08 2.19775430e+08 2.11748334e+08
 2.06982088e+08 2.02968859e+08 1.97927754e+08 1.93345558e+08
 1.89679515e+08 1.84656452e+08 1.80028040e+08 1.73896306e+08
 1.66782955e+08 1.60578443e+08 1.54765295e+08 1.47949232e+08
 1.41992226e+08 1.35153767e+08 1.29171024e+08 1.23034208e+08
 1.19690725e+08 1.17872042e+08 1.16488067e+08 1.15298610e+08
 1.13933468e+08 1.12439157e+08 1.11397366e+08 1.10676951e+08
 1.09635825e+08 1.08963884e+08 1.08197832e+08 1.07281539e+08
 1.05678896e+08 1.04040389e+08 1.02597079e+08 1.01665960e+08
 1.00521851e+08 9.98382466e+07 9.89881587e+07 9.80958911e+07
 9.70064519e+07 9.61142155e+07 9.52380952e+07 9.52330432e+07
 9.52194647e+07 9.51952148e+07 9.51445816e+07 9.50458591e+07
 9.48484847e+07 9.47125994e+07 9.46353100e+07 9.45742290e+07
 9.45095841e+07 9.44300925e+07 9.43531733e+07 9.42884083e+07
 9.42276914e+07 9.41607098e+07 9.40875540e+07 9.40058077e+07
 9.39078082e+07 9.37862441e+07 9.36265089e+07 9.34063817e+07
 9.32834916e+07 9.31842997e+07 9.31041881e+07 9.30259804e+07
 9.29396326e+07 9.28482558e+07 9.27455014e+07 9.26541852e+07
 9.25517298e+07 9.24406662e+07 9.23122551e+07 9.21744863e+07
 9.19732467e+07 9.16434815e+07 9.13451561e+07 9.11264942e+07
 9.10097277e+07 9.09148983e+07 9.09098383e+07 9.08968161e+07
 9.08932737e+07 9.08784090e+07 9.08444847e+07 9.08284335e+07
 9.08011236e+07 9.07664080e+07 9.06976938e+07 9.06085687e+07
 9.04823096e+07 9.03496125e+07 9.02683799e+07 9.01958835e+07
 9.01311620e+07 9.00474615e+07 8.99756042e+07 8.98877711e+07
 8.97992252e+07 8.96666392e+07 8.94989351e+07 8.92626211e+07
 8.89509254e+07 8.86713290e+07 8.83643391e+07 8.79285216e+07
 8.72582448e+07 8.69050089e+07 8.66605695e+07 8.64268872e+07
 8.61447678e+07 8.59472950e+07 8.58071128e+07 8.56200935e+07
 8.54418743e+07 8.51923826e+07 8.48853861e+07 8.44577697e+07
 8.38781194e+07 8.33348515e+07 8.33140253e+07 8.32759417e+07
 8.31999418e+07 8.30486100e+07 8.27466537e+07 8.21496416e+07
 8.11762937e+07 8.01412444e+07 7.89154748e+07 7.75847739e+07
 7.59428410e+07 7.39454270e+07 7.17394004e+07 7.04279531e+07
 6.94568320e+07 6.84761949e+07 6.73464126e+07 6.66521818e+07
 6.57953331e+07 6.47559824e+07 6.42330336e+07 6.38096682e+07
 6.34429344e+07 6.30405213e+07 6.25924422e+07 6.21160205e+07
 6.16390698e+07 6.11337556e+07 6.06382332e+07 6.01441944e+07
 5.95475171e+07 5.89211599e+07 5.84077030e+07 5.77823692e+07
 5.72086030e+07 5.66473058e+07 5.60295103e+07 5.57492045e+07
 5.55828987e+07 5.54125867e+07 5.52135929e+07 5.50124603e+07
 5.47915368e+07 5.44708428e+07 5.40379815e+07 5.35603889e+07
 5.29698767e+07 5.22796944e+07 5.13536043e+07 5.06677473e+07
 0.00000000e+00 0.00000000e+00 0.00000000e+00 0.00000000e+00
 0.00000000e+00 0.00000000e+00 0.00000000e+00 0.00000000e+00
 0.00000000e+00 0.00000000e+00 0.00000000e+00 0.00000000e+00
 0.00000000e+00 0.00000000e+00 0.00000000e+00 0.00000000e+00
 0.00000000e+00 0.00000000e+00 0.00000000e+00 0.00000000e+00
 0.00000000e+00 0.00000000e+00 0.00000000e+00 0.00000000e+00
 0.00000000e+00 0.00000000e+00 0.00000000e+00 0.00000000e+00
 0.00000000e+00 0.00000000e+00 0.00000000e+00 0.00000000e+00
 0.00000000e+00 0.00000000e+00 0.00000000e+00 0.00000000e+00
 0.00000000e+00 0.00000000e+00 0.00000000e+00 0.00000000e+00
 0.00000000e+00 0.00000000e+00 0.00000000e+00 0.00000000e+00
 0.00000000e+00 0.00000000e+00 0.00000000e+00 0.00000000e+00
 0.00000000e+00 0.00000000e+00 0.00000000e+00 0.00000000e+00
 0.00000000e+00 0.00000000e+00 0.00000000e+00 0.00000000e+00
 0.00000000e+00 0.00000000e+00 0.00000000e+00 0.00000000e+00
 0.00000000e+00 0.00000000e+00 0.00000000e+00 0.00000000e+00
 0.00000000e+00 0.00000000e+00 0.00000000e+00 0.00000000e+00
 0.00000000e+00 0.00000000e+00 0.00000000e+00 0.00000000e+00
 0.00000000e+00 0.00000000e+00 0.00000000e+00 0.00000000e+00
 0.00000000e+00 0.00000000e+00 0.00000000e+00 0.00000000e+00
 0.00000000e+00 0.00000000e+00 0.00000000e+00 0.00000000e+00
 0.00000000e+00 0.00000000e+00 0.00000000e+00 0.00000000e+00
 0.00000000e+00 0.00000000e+00 0.00000000e+00 0.00000000e+00
 0.00000000e+00 0.00000000e+00 0.00000000e+00 0.00000000e+00
 0.00000000e+00 0.00000000e+00 0.00000000e+00 0.00000000e+00
 0.00000000e+00 0.00000000e+00 0.00000000e+00 0.00000000e+00
 0.00000000e+00 0.00000000e+00 0.00000000e+00 0.00000000e+00
 0.00000000e+00 0.00000000e+00 0.00000000e+00 0.00000000e+00
 0.00000000e+00 0.00000000e+00 0.00000000e+00 0.00000000e+00
 0.00000000e+00 0.00000000e+00 0.00000000e+00 0.00000000e+00
 0.00000000e+00 0.00000000e+00 0.00000000e+00 0.00000000e+00
 0.00000000e+00 0.00000000e+00 0.00000000e+00 0.00000000e+00
 0.00000000e+00 0.00000000e+00 0.00000000e+00 0.00000000e+00
 0.00000000e+00 0.00000000e+00 0.00000000e+00 0.00000000e+00
 0.00000000e+00 0.00000000e+00 0.00000000e+00 0.00000000e+00
 0.00000000e+00 0.00000000e+00 0.00000000e+00 0.00000000e+00
 0.00000000e+00 0.00000000e+00 0.00000000e+00 0.00000000e+00
 0.00000000e+00 0.00000000e+00 0.00000000e+00 0.00000000e+00
 0.00000000e+00 0.00000000e+00 0.00000000e+00 0.00000000e+00
 0.00000000e+00 0.00000000e+00 0.00000000e+00 0.00000000e+00
 0.00000000e+00 0.00000000e+00 0.00000000e+00 0.00000000e+00
 0.00000000e+00 0.00000000e+00 0.00000000e+00 0.00000000e+00
 0.00000000e+00 0.00000000e+00 0.00000000e+00 0.00000000e+00
 0.00000000e+00 0.00000000e+00 0.00000000e+00 0.00000000e+00
 0.00000000e+00 0.00000000e+00 0.00000000e+00 0.00000000e+00
 0.00000000e+00 0.00000000e+00 0.00000000e+00 0.00000000e+00
 0.00000000e+00 0.00000000e+00 0.00000000e+00 0.00000000e+00
 0.00000000e+00 0.00000000e+00 0.00000000e+00 0.00000000e+00
 0.00000000e+00 0.00000000e+00 0.00000000e+00 0.00000000e+00
 0.00000000e+00 0.00000000e+00 0.00000000e+00 0.00000000e+00
 0.00000000e+00 0.00000000e+00 0.00000000e+00 0.00000000e+00
 0.00000000e+00 0.00000000e+00 0.00000000e+00 0.00000000e+00
 0.00000000e+00 0.00000000e+00 0.00000000e+00 0.00000000e+00
 0.00000000e+00 0.00000000e+00 0.00000000e+00 0.00000000e+00
 0.00000000e+00 0.00000000e+00 0.00000000e+00 0.00000000e+00
 0.00000000e+00 0.00000000e+00 0.00000000e+00 0.00000000e+00
 0.00000000e+00 0.00000000e+00 0.00000000e+00 0.00000000e+00
 0.00000000e+00 0.00000000e+00 0.00000000e+00 0.00000000e+00
 0.00000000e+00 0.00000000e+00 0.00000000e+00 0.00000000e+00
 0.00000000e+00 0.00000000e+00 0.00000000e+00 0.00000000e+00
 0.00000000e+00]
norm_dvd: [0. 0. 0. 0. 0. 0. 0. 0. 0. 0. 0. 0. 0. 0. 0. 0. 0. 0. 0. 0. 0. 0. 0. 0.
 0. 0. 0. 0. 0. 0. 0. 0. 0. 0. 0. 0. 0. 0. 0. 0. 0. 0. 0. 0. 0. 0. 0. 0.
 0. 0. 0. 0. 0. 0. 0. 0. 0. 0. 0. 0. 0. 0. 0. 0. 0. 0. 0. 0. 0. 0. 0. 0.
 0. 0. 0. 0. 0. 0. 0. 0. 0. 0. 0. 0. 0. 0. 0. 0. 0. 0. 0. 0. 0. 0. 0. 0.
 0. 0. 0. 0. 0. 0. 0. 0. 0. 0. 0. 0. 0. 0. 0. 0. 0. 0. 0. 0. 0. 0. 0. 0.
 0. 0. 0. 0. 0. 0. 0. 0. 0. 0. 0. 0. 0. 0. 0. 0. 0. 0. 0. 0. 0. 0. 0. 0.
 0. 0. 0. 0. 0. 0. 0. 0. 0. 0. 0. 0. 0. 0. 0. 0. 0. 0. 0. 0. 0. 0. 0. 0.
 0. 0. 0. 0. 0. 0. 0. 0. 0. 0. 0. 0. 0. 0. 0. 0. 0. 0. 0. 0. 0. 0. 0. 0.
 0. 0. 0. 0. 0. 0. 0. 0. 0. 0. 0. 0. 0. 0. 0. 0. 0. 0. 0. 0. 0. 0. 0. 0.
 0. 0. 0. 0. 0. 0. 0. 0. 0. 0. 0. 0. 0. 0. 0. 0. 0. 0. 0. 0. 0. 0. 0. 0.
 0. 0. 0. 0. 0. 0. 0. 0. 0. 0. 0. 0. 0. 0. 0. 0. 0. 0. 0. 0. 0. 0. 0. 0.
 0. 0. 0. 0. 0. 0. 0. 0. 0. 0. 0. 0. 0. 0. 0. 0. 0. 0. 0. 0. 0. 0. 0. 0.
 0. 0. 0. 0. 0. 0. 0. 0. 0. 0. 0. 0. 0. 0. 0. 0. 0. 0. 0. 0. 0. 0. 0. 0.
 0. 0. 0. 0. 0. 0. 0. 0. 0. 0. 0. 0. 0. 0. 0. 0. 0. 0. 0. 0. 0. 0. 0. 0.
 0. 0. 0. 0. 0. 0. 0. 0. 0. 0. 0. 0. 0. 0. 0. 0. 0. 0. 0. 0. 0. 0. 0. 0.
 0. 0. 0. 0. 0. 0. 0. 0. 0. 0. 0. 0. 0. 0. 0. 0. 0. 0. 0. 0. 0. 0. 0. 0.
 0. 0. 0. 0. 0. 0. 0. 0. 0. 0. 0. 0. 0. 0. 0. 0. 0. 0. 0. 0. 0. 0. 0. 0.
 0. 0. 0. 0. 0. 0. 0. 0. 0. 0. 0. 0. 0. 0. 0. 0. 0. 0. 0. 0. 0. 0. 0. 0.
 0. 0. 0. 0. 0. 0. 0. 0. 0. 0. 0. 0. 0. 0. 0. 0. 0. 0. 0. 0. 0. 0. 0. 0.
 0. 0. 0. 0. 0. 0. 0. 0. 0. 0. 0. 0. 0. 0. 0. 0. 0. 0. 0. 0. 0. 0. 0. 0.
 0.]
norm_did: [0.00000000e+00 0.00000000e+00 0.00000000e+00 0.00000000e+00
 0.00000000e+00 0.00000000e+00 0.00000000e+00 0.00000000e+00
 0.00000000e+00 0.00000000e+00 0.00000000e+00 0.00000000e+00
 0.00000000e+00 0.00000000e+00 0.00000000e+00 0.00000000e+00
 0.00000000e+00 0.00000000e+00 0.00000000e+00 0.00000000e+00
 0.00000000e+00 0.00000000e+00 0.00000000e+00 0.00000000e+00
 0.00000000e+00 0.00000000e+00 0.00000000e+00 0.00000000e+00
 0.00000000e+00 0.00000000e+00 0.00000000e+00 0.00000000e+00
 0.00000000e+00 0.00000000e+00 0.00000000e+00 0.00000000e+00
 0.00000000e+00 0.00000000e+00 0.00000000e+00 0.00000000e+00
 0.00000000e+00 0.00000000e+00 0.00000000e+00 0.00000000e+00
 0.00000000e+00 0.00000000e+00 0.00000000e+00 0.00000000e+00
 0.00000000e+00 0.00000000e+00 0.00000000e+00 0.00000000e+00
 0.00000000e+00 0.00000000e+00 0.00000000e+00 0.00000000e+00
 0.00000000e+00 0.00000000e+00 0.00000000e+00 0.00000000e+00
 0.00000000e+00 0.00000000e+00 0.00000000e+00 0.00000000e+00
 0.00000000e+00 0.00000000e+00 0.00000000e+00 0.00000000e+00
 0.00000000e+00 0.00000000e+00 0.00000000e+00 0.00000000e+00
 0.00000000e+00 0.00000000e+00 0.00000000e+00 0.00000000e+00
 0.00000000e+00 0.00000000e+00 0.00000000e+00 0.00000000e+00
 0.00000000e+00 0.00000000e+00 0.00000000e+00 0.00000000e+00
 1.15516260e+01 1.60155125e+01 5.68533518e+01 1.26909013e+02
 3.93825766e+02 2.85874180e+02 2.63388774e+02 1.98047757e+02
 1.99971231e+02 5.60871736e+02 7.74967043e+02 4.15766951e+02
 8.78212817e+02 7.39107612e+02 6.60510159e+02 2.32956272e+02
 5.61639976e+02 1.68453633e+03 4.33441560e+03 2.40233187e+03
 6.18315018e+03 4.03628006e+03 4.25530184e+03 4.06318518e+03
 8.88867817e+03 1.02936648e+04 1.44663551e+06 6.01094492e+04
 1.25228009e+04 1.25228005e+04 1.23974585e+04 1.18966037e+04
 1.49172486e+04 1.75750732e+04 1.59641303e+04 1.50687651e+04
 1.48911374e+04 1.56230750e+04 1.61472755e+04 1.64754518e+04
 1.62036858e+04 1.65023561e+04 1.66968773e+04 1.68873292e+04
 1.69988678e+04 1.72384182e+04 1.72616530e+04 2.39537792e+04
 2.30076277e+04 2.24805531e+04 2.19801639e+04 2.17310851e+04
 2.24223635e+04 2.25811814e+04 2.42132257e+04 2.38563305e+04
 2.45667601e+04 2.49069352e+04 2.58822428e+04 2.51683058e+04
 2.38243859e+04 3.07760313e+04 4.03954221e+04 4.89213785e+04
 4.08852232e+04 5.25903670e+03 1.73548197e+05 3.81243564e+04
 3.74688333e+04 3.77603024e+04 3.87593809e+04 3.87507678e+04
 3.84373135e+04 3.77858275e+04 3.84538417e+04 3.89962933e+04
 4.15147573e+04 4.95127930e+04 4.73823071e+04 4.71015790e+04
 4.58762657e+04 4.84423794e+04 4.79615087e+04 4.97165231e+04
 4.83118925e+04 4.95985495e+04 4.98661949e+04 5.14756105e+04
 6.55295738e+04 6.82031513e+04 6.17519649e+04 5.35404547e+04
 1.62436974e+05 1.72993141e+05 1.35719757e+05 1.24777959e+05
 1.67807906e+05 1.86086526e+05 1.54550103e+05 1.68839618e+05
 1.62809911e+05 1.70523998e+05 1.70315048e+05 1.71592043e+05
 2.69452860e+05 4.49190969e+06 1.47259757e+06 3.34530874e+05
 3.25907103e+05 3.05130981e+05 2.48143482e+05 1.57869106e+05
 3.38471081e+05 3.50512405e+05 4.18204345e+05 4.83189751e+05
 3.80883815e+06 1.39220318e+07 1.22746637e+07 1.90533610e+07
 2.62810094e+07 9.34194856e+07 8.20063905e+06 1.43386662e+08
 3.49330172e+08 1.05950806e+08 2.75757163e+08 7.68011375e+08
 1.48059056e+09 2.83776196e+09 6.71112777e+09 5.96121572e+10
 1.44935491e+10 7.42391644e+09 5.39571448e+09 4.48932660e+09
 3.68184317e+09 2.99361382e+09 2.67931114e+09 2.28643793e+09
 2.00876373e+09 1.79973576e+09 1.52110518e+09 1.41878459e+09
 1.37496606e+09 1.33752015e+09 1.29048313e+09 1.24726637e+09
 1.21122149e+09 1.15529767e+09 1.07221904e+09 9.92300988e+08
 8.98799437e+08 8.06800794e+08 6.82715138e+08 6.12324672e+08
 2.54990483e+10 0.00000000e+00 0.00000000e+00 0.00000000e+00
 0.00000000e+00 0.00000000e+00 0.00000000e+00 0.00000000e+00
 0.00000000e+00 0.00000000e+00 0.00000000e+00 0.00000000e+00
 0.00000000e+00 0.00000000e+00 0.00000000e+00 0.00000000e+00
 0.00000000e+00 0.00000000e+00 0.00000000e+00 0.00000000e+00
 0.00000000e+00 0.00000000e+00 0.00000000e+00 0.00000000e+00
 0.00000000e+00 0.00000000e+00 0.00000000e+00 0.00000000e+00
 0.00000000e+00 0.00000000e+00 0.00000000e+00 0.00000000e+00
 0.00000000e+00 0.00000000e+00 0.00000000e+00 0.00000000e+00
 0.00000000e+00 0.00000000e+00 0.00000000e+00 0.00000000e+00
 0.00000000e+00 0.00000000e+00 0.00000000e+00 0.00000000e+00
 0.00000000e+00 0.00000000e+00 0.00000000e+00 0.00000000e+00
 0.00000000e+00 0.00000000e+00 0.00000000e+00 0.00000000e+00
 0.00000000e+00 0.00000000e+00 0.00000000e+00 0.00000000e+00
 0.00000000e+00 0.00000000e+00 0.00000000e+00 0.00000000e+00
 0.00000000e+00 0.00000000e+00 0.00000000e+00 0.00000000e+00
 0.00000000e+00 0.00000000e+00 0.00000000e+00 0.00000000e+00
 0.00000000e+00 0.00000000e+00 0.00000000e+00 0.00000000e+00
 0.00000000e+00 0.00000000e+00 0.00000000e+00 0.00000000e+00
 0.00000000e+00 0.00000000e+00 0.00000000e+00 0.00000000e+00
 0.00000000e+00 0.00000000e+00 0.00000000e+00 0.00000000e+00
 0.00000000e+00 0.00000000e+00 0.00000000e+00 0.00000000e+00
 0.00000000e+00 0.00000000e+00 0.00000000e+00 0.00000000e+00
 0.00000000e+00 0.00000000e+00 0.00000000e+00 0.00000000e+00
 0.00000000e+00 0.00000000e+00 0.00000000e+00 0.00000000e+00
 0.00000000e+00 0.00000000e+00 0.00000000e+00 0.00000000e+00
 0.00000000e+00 0.00000000e+00 0.00000000e+00 0.00000000e+00
 0.00000000e+00 0.00000000e+00 0.00000000e+00 0.00000000e+00
 0.00000000e+00 0.00000000e+00 0.00000000e+00 0.00000000e+00
 0.00000000e+00 0.00000000e+00 0.00000000e+00 0.00000000e+00
 0.00000000e+00 0.00000000e+00 0.00000000e+00 0.00000000e+00
 0.00000000e+00 0.00000000e+00 0.00000000e+00 0.00000000e+00
 0.00000000e+00 0.00000000e+00 0.00000000e+00 0.00000000e+00
 0.00000000e+00 0.00000000e+00 0.00000000e+00 0.00000000e+00
 0.00000000e+00 0.00000000e+00 0.00000000e+00 0.00000000e+00
 0.00000000e+00 0.00000000e+00 0.00000000e+00 0.00000000e+00
 0.00000000e+00 0.00000000e+00 0.00000000e+00 0.00000000e+00
 0.00000000e+00 0.00000000e+00 0.00000000e+00 0.00000000e+00
 0.00000000e+00 0.00000000e+00 0.00000000e+00 0.00000000e+00
 0.00000000e+00 0.00000000e+00 0.00000000e+00 0.00000000e+00
 0.00000000e+00 0.00000000e+00 0.00000000e+00 0.00000000e+00
 0.00000000e+00 0.00000000e+00 0.00000000e+00 0.00000000e+00
 0.00000000e+00 0.00000000e+00 0.00000000e+00 0.00000000e+00
 0.00000000e+00 0.00000000e+00 0.00000000e+00 0.00000000e+00
 0.00000000e+00 0.00000000e+00 0.00000000e+00 0.00000000e+00
 0.00000000e+00 0.00000000e+00 0.00000000e+00 0.00000000e+00
 0.00000000e+00 0.00000000e+00 0.00000000e+00 0.00000000e+00
 0.00000000e+00 0.00000000e+00 0.00000000e+00 0.00000000e+00
 0.00000000e+00 0.00000000e+00 0.00000000e+00 0.00000000e+00
 0.00000000e+00 0.00000000e+00 0.00000000e+00 0.00000000e+00
 0.00000000e+00 0.00000000e+00 0.00000000e+00 0.00000000e+00
 0.00000000e+00 0.00000000e+00 0.00000000e+00 0.00000000e+00
 0.00000000e+00 0.00000000e+00 0.00000000e+00 0.00000000e+00
 0.00000000e+00 0.00000000e+00 0.00000000e+00 0.00000000e+00
 0.00000000e+00 0.00000000e+00 0.00000000e+00 0.00000000e+00
 0.00000000e+00 0.00000000e+00 0.00000000e+00 0.00000000e+00
 0.00000000e+00 0.00000000e+00 0.00000000e+00 0.00000000e+00
 0.00000000e+00 0.00000000e+00 0.00000000e+00 0.00000000e+00
 0.00000000e+00 0.00000000e+00 0.00000000e+00 0.00000000e+00
 0.00000000e+00 0.00000000e+00 0.00000000e+00 0.00000000e+00
 0.00000000e+00]
[WARNING]: Quasi-static verification failed
[WARNING]: Max normalized derivatives: dVg/dt=2.50e+11, dVd/dt=0.00e+00, dId/dt=5.96e+10

  ngspice: ✓ PASS  (84.6s)

✓ Benchmark completed: /home/duhaochen/website-trial-v1/data/spice-model-benchmark/efee6371564b9e83d00dc414b569c992/ngspice
