$ /usr/bin/time -v -o /home/duhaochen/website-trial-v1/data/spice-model-benchmark/d270bd02e8d74cb642e828c6c2b3fd6e/ngspice/resource.txt /usr/bin/python -m spice_model_benchmark.cli /home/duhaochen/pipeline_full_collection/benchmark-inputs/d270bd02e8d74cb642e828c6c2b3fd6e/ngspice.lib --simulator ngspice --modes dc transient ac noise --output-dir /home/duhaochen/website-trial-v1/data/spice-model-benchmark/d270bd02e8d74cb642e828c6c2b3fd6e --dpi 120 --log-level WARNING
/home/duhaochen/spice_model_benchmark/src/spice_model_benchmark/verification_manager.py:1557: RuntimeWarning: divide by zero encountered in divide
  tc = np.mean((d_ids / d_temp) / np.abs(i_ds[:-1]))
SPICE Model Benchmark: /home/duhaochen/pipeline_full_collection/benchmark-inputs/d270bd02e8d74cb642e828c6c2b3fd6e/ngspice.lib
Simulators: ngspice
Modes: dc, transient, ac, noise
------------------------------------------------------------

============================================================
  Running: NGSPICE
  Output:  /home/duhaochen/website-trial-v1/data/spice-model-benchmark/d270bd02e8d74cb642e828c6c2b3fd6e/ngspice
============================================================
Vgs range: -1.200V to 0.000V
Ids range: 0.000e+00A to 4.155e-04A
Selected Vgs values: [-1.2 -1.  -0.8 -0.6 -0.4 -0.2  0. ]
Vgs=-1.200V: Ids range 0.000e+00A to 4.155e-04A
Vgs=-1.000V: Ids range 0.000e+00A to 2.605e-04A
Vgs=-0.800V: Ids range 0.000e+00A to 1.337e-04A
Vgs=-0.600V: Ids range 0.000e+00A to 4.341e-05A
Vgs=-0.400V: Ids range 0.000e+00A to 2.075e-06A
Vgs=-0.200V: Ids range 0.000e+00A to 3.535e-08A
Vgs=0.000V: Ids range 9.864e-14A to 3.263e-10A
ids_variation: 6.011208555679366
ids_variation <= max_variation: False
tc: inf
abs(tc) <= max_tc: False
[WARNING]: Temperature effects verification failed - effects outside expected range
/home/duhaochen/spice_model_benchmark/src/spice_model_benchmark/verification_manager.py:1817: RuntimeWarning: divide by zero encountered in log
  log_ids = np.log(np.abs(i_ds))
/home/duhaochen/.local/lib/python3.9/site-packages/numpy/lib/function_base.py:2742: RuntimeWarning: invalid value encountered in subtract
  X -= avg[:, None]
/home/duhaochen/spice_model_benchmark/src/spice_model_benchmark/verification_manager.py:1862: RuntimeWarning: divide by zero encountered in divide
  efficiency = np.abs(gm / i_ds)  # Transconductance efficiency
[INFO]: S-parameter analysis plot saved to /home/duhaochen/website-trial-v1/data/spice-model-benchmark/d270bd02e8d74cb642e828c6c2b3fd6e/ngspice/plots/ac_cv_sparameter_analysis.png
[INFO]: NQS effects plot saved to /home/duhaochen/website-trial-v1/data/spice-model-benchmark/d270bd02e8d74cb642e828c6c2b3fd6e/ngspice/plots/ac_cv_nqs_effects.png
[INFO]: S-parameter analysis plot saved to /home/duhaochen/website-trial-v1/data/spice-model-benchmark/d270bd02e8d74cb642e828c6c2b3fd6e/ngspice/plots/ac_cv_sparameter_analysis.png
norm_dvg: [2.50000000e+11 1.25000000e+11 6.25000000e+10 3.12500000e+10
 1.56250002e+10 8.77291870e+09 7.75882913e+09 6.92168818e+09
 6.26648437e+09 5.65336038e+09 5.32211341e+09 4.91513482e+09
 4.54226333e+09 4.13479332e+09 3.73045314e+09 3.33006069e+09
 3.11493573e+09 2.96292762e+09 2.82905324e+09 2.69979167e+09
 2.56295098e+09 2.47437742e+09 2.45329897e+09 2.42798615e+09
 2.40657404e+09 2.37850604e+09 2.35241322e+09 2.32402484e+09
 2.30838611e+09 2.29813017e+09 2.28693448e+09 2.27258210e+09
 2.25400922e+09 2.23871010e+09 2.21990042e+09 2.20530459e+09
 2.19386891e+09 2.18007013e+09 2.16531299e+09 2.15352958e+09
 2.13973399e+09 2.12323941e+09 2.10564731e+09 2.08259044e+09
 2.05398180e+09 2.02663134e+09 2.00000152e+09 1.99475697e+09
 1.98435460e+09 1.96564038e+09 1.92925146e+09 1.86037152e+09
 1.73638328e+09 1.53215604e+09 1.24037826e+09 1.00000000e+09
 9.94195159e+08 9.82785612e+08 9.60734757e+08 9.19473588e+08
 8.46742724e+08 7.31084395e+08 5.74217356e+08 4.01793558e+08
 3.04058546e+08 2.44568124e+08 2.04547487e+08 1.75782749e+08
 1.58494043e+08 1.42859419e+08 1.32100661e+08 1.21339195e+08
 1.12611402e+08 1.03304777e+08 9.91075508e+07 9.52391552e+07
 9.52106731e+07 9.51564052e+07 9.50483853e+07 9.48324223e+07
 9.44033123e+07 9.35571646e+07 9.33414574e+07 9.29142496e+07
 9.27606702e+07 9.24996965e+07 9.23790916e+07 9.22547980e+07
 9.21226631e+07 9.19755298e+07 9.18396571e+07 9.16915627e+07
 9.16588567e+07 9.16216350e+07 9.15911566e+07 9.15463814e+07
 9.15071249e+07 9.14791999e+07 9.14620907e+07 9.14450649e+07
 9.14289376e+07 9.14029596e+07 9.13784733e+07 9.13509119e+07
 9.13192900e+07 9.12996343e+07 9.12757028e+07 9.12547221e+07
 9.12270200e+07 9.12055504e+07 9.11773129e+07 9.11461717e+07
 9.11089462e+07 9.10613386e+07 9.09989645e+07 9.09114843e+07
 9.08974317e+07 9.08783081e+07 9.08356036e+07 9.07526268e+07
 9.05857883e+07 9.02545732e+07 8.95993200e+07 8.83168949e+07
 8.70206361e+07 8.65063706e+07 8.60994069e+07 8.58638566e+07
 8.56479273e+07 8.54271987e+07 8.51733335e+07 8.49910491e+07
 8.47503057e+07 8.44914212e+07 8.41067596e+07 8.37182855e+07
 8.33327493e+07 8.32838166e+07 8.31849594e+07 8.29879718e+07
 8.25967220e+07 8.18252102e+07 8.03246147e+07 7.74827366e+07
 7.29602112e+07 6.89365131e+07 6.53334262e+07 6.20882732e+07
 5.91502452e+07 5.64777089e+07 5.40362396e+07 5.19398193e+07
 0.00000000e+00 0.00000000e+00 0.00000000e+00 0.00000000e+00
 0.00000000e+00 0.00000000e+00 0.00000000e+00 0.00000000e+00
 0.00000000e+00 0.00000000e+00 0.00000000e+00 0.00000000e+00
 0.00000000e+00 0.00000000e+00 0.00000000e+00 0.00000000e+00
 0.00000000e+00 0.00000000e+00 0.00000000e+00 0.00000000e+00
 0.00000000e+00 0.00000000e+00 0.00000000e+00 0.00000000e+00
 0.00000000e+00 0.00000000e+00 0.00000000e+00 0.00000000e+00
 0.00000000e+00 0.00000000e+00 0.00000000e+00 0.00000000e+00
 0.00000000e+00 0.00000000e+00 0.00000000e+00 0.00000000e+00
 0.00000000e+00 0.00000000e+00 0.00000000e+00 0.00000000e+00
 0.00000000e+00 0.00000000e+00 0.00000000e+00 0.00000000e+00
 0.00000000e+00 0.00000000e+00 0.00000000e+00 0.00000000e+00
 0.00000000e+00 0.00000000e+00 0.00000000e+00 0.00000000e+00
 0.00000000e+00 0.00000000e+00 0.00000000e+00 0.00000000e+00
 0.00000000e+00 0.00000000e+00 0.00000000e+00 0.00000000e+00
 0.00000000e+00 0.00000000e+00 0.00000000e+00 0.00000000e+00
 0.00000000e+00 0.00000000e+00 0.00000000e+00 0.00000000e+00
 0.00000000e+00 0.00000000e+00 0.00000000e+00 0.00000000e+00
 0.00000000e+00 0.00000000e+00 0.00000000e+00 0.00000000e+00
 0.00000000e+00 0.00000000e+00 0.00000000e+00 0.00000000e+00
 0.00000000e+00 0.00000000e+00 0.00000000e+00 0.00000000e+00
 0.00000000e+00 0.00000000e+00 0.00000000e+00 0.00000000e+00
 0.00000000e+00 0.00000000e+00 0.00000000e+00 0.00000000e+00
 0.00000000e+00 0.00000000e+00 0.00000000e+00 0.00000000e+00
 0.00000000e+00 0.00000000e+00 0.00000000e+00 0.00000000e+00
 0.00000000e+00 0.00000000e+00 0.00000000e+00 0.00000000e+00
 0.00000000e+00 0.00000000e+00 0.00000000e+00 0.00000000e+00
 0.00000000e+00 0.00000000e+00 0.00000000e+00 0.00000000e+00
 0.00000000e+00 0.00000000e+00 0.00000000e+00 0.00000000e+00
 0.00000000e+00 0.00000000e+00 0.00000000e+00 0.00000000e+00
 0.00000000e+00 0.00000000e+00 0.00000000e+00 0.00000000e+00
 0.00000000e+00 0.00000000e+00 0.00000000e+00 0.00000000e+00
 0.00000000e+00 0.00000000e+00 0.00000000e+00 0.00000000e+00
 0.00000000e+00 0.00000000e+00 0.00000000e+00 0.00000000e+00
 0.00000000e+00 0.00000000e+00 0.00000000e+00 0.00000000e+00
 0.00000000e+00 0.00000000e+00 0.00000000e+00 0.00000000e+00
 0.00000000e+00 0.00000000e+00 0.00000000e+00 0.00000000e+00
 0.00000000e+00 0.00000000e+00]
norm_dvd: [0. 0. 0. 0. 0. 0. 0. 0. 0. 0. 0. 0. 0. 0. 0. 0. 0. 0. 0. 0. 0. 0. 0. 0.
 0. 0. 0. 0. 0. 0. 0. 0. 0. 0. 0. 0. 0. 0. 0. 0. 0. 0. 0. 0. 0. 0. 0. 0.
 0. 0. 0. 0. 0. 0. 0. 0. 0. 0. 0. 0. 0. 0. 0. 0. 0. 0. 0. 0. 0. 0. 0. 0.
 0. 0. 0. 0. 0. 0. 0. 0. 0. 0. 0. 0. 0. 0. 0. 0. 0. 0. 0. 0. 0. 0. 0. 0.
 0. 0. 0. 0. 0. 0. 0. 0. 0. 0. 0. 0. 0. 0. 0. 0. 0. 0. 0. 0. 0. 0. 0. 0.
 0. 0. 0. 0. 0. 0. 0. 0. 0. 0. 0. 0. 0. 0. 0. 0. 0. 0. 0. 0. 0. 0. 0. 0.
 0. 0. 0. 0. 0. 0. 0. 0. 0. 0. 0. 0. 0. 0. 0. 0. 0. 0. 0. 0. 0. 0. 0. 0.
 0. 0. 0. 0. 0. 0. 0. 0. 0. 0. 0. 0. 0. 0. 0. 0. 0. 0. 0. 0. 0. 0. 0. 0.
 0. 0. 0. 0. 0. 0. 0. 0. 0. 0. 0. 0. 0. 0. 0. 0. 0. 0. 0. 0. 0. 0. 0. 0.
 0. 0. 0. 0. 0. 0. 0. 0. 0. 0. 0. 0. 0. 0. 0. 0. 0. 0. 0. 0. 0. 0. 0. 0.
 0. 0. 0. 0. 0. 0. 0. 0. 0. 0. 0. 0. 0. 0. 0. 0. 0. 0. 0. 0. 0. 0. 0. 0.
 0. 0. 0. 0. 0. 0. 0. 0. 0. 0. 0. 0. 0. 0. 0. 0. 0. 0. 0. 0. 0. 0. 0. 0.
 0. 0. 0. 0. 0. 0. 0. 0. 0. 0. 0. 0. 0. 0.]
norm_did: [8.37882757e+04 1.22142023e+05 8.64434246e+04 8.96886168e+04
 9.66994681e+04 1.18816201e+05 1.12044530e+05 1.13434479e+05
 1.17008739e+05 1.22625601e+05 1.23486542e+05 1.27750433e+05
 1.32284493e+05 1.38834262e+05 1.46892820e+05 1.60461289e+05
 1.65653113e+05 1.69350192e+05 1.74320610e+05 1.80205222e+05
 1.89596577e+05 2.03892541e+05 1.93280317e+05 1.94500167e+05
 1.95409949e+05 1.97377485e+05 1.99991268e+05 2.02363723e+05
 2.02710204e+05 2.03836972e+05 2.03402257e+05 2.05683938e+05
 2.07062012e+05 2.08281860e+05 2.10548209e+05 2.11686377e+05
 2.11061907e+05 2.14394817e+05 2.14788518e+05 2.16028242e+05
 2.17104988e+05 2.18320497e+05 2.20840271e+05 2.23726729e+05
 2.26295164e+05 2.30605240e+05 3.23277983e+04 3.35849762e+05
 2.34144990e+05 2.36604255e+05 2.42014601e+05 2.53450096e+05
 2.77488878e+05 3.32327815e+05 4.68451960e+05 3.51686415e+06
 9.43253550e+05 6.74293579e+05 7.12877074e+05 7.96201325e+05
 9.90884267e+05 1.52044238e+06 3.42463948e+06 1.48624508e+07
 6.78445836e+07 2.70106354e+08 8.35732911e+08 5.60514155e+08
 2.65951844e+09 9.62266442e+09 2.43796521e+09 1.25778184e+09
 8.56803996e+08 5.74594119e+08 4.96693317e+08 4.32610602e+08
 4.24900884e+08 4.24640642e+08 4.23579489e+08 4.21468404e+08
 4.17305468e+08 4.04634788e+08 4.02646428e+08 3.96616192e+08
 3.95107906e+08 3.91590519e+08 3.90179844e+08 3.88748421e+08
 3.87257957e+08 3.85525408e+08 3.83993412e+08 3.81978986e+08
 3.81591286e+08 3.81179731e+08 3.80836315e+08 3.80354909e+08
 3.79829288e+08 3.79523562e+08 3.79308742e+08 3.79141958e+08
 3.78938533e+08 3.78689981e+08 3.78387980e+08 3.78106494e+08
 3.77739956e+08 3.77476573e+08 3.77258094e+08 3.77005326e+08
 3.76698278e+08 3.76459725e+08 3.76165384e+08 3.75825909e+08
 3.75453412e+08 3.74973881e+08 3.74349235e+08 3.73538678e+08
 3.72841733e+08 3.72876875e+08 3.72533848e+08 3.71859553e+08
 3.70513576e+08 3.67854073e+08 3.62655622e+08 3.49482846e+08
 3.34723526e+08 3.29592257e+08 3.25393416e+08 3.23190369e+08
 3.21249857e+08 3.19350676e+08 3.16914511e+08 3.15449911e+08
 3.13386102e+08 3.11445498e+08 3.08150509e+08 3.04849691e+08
 3.01073610e+08 3.00424441e+08 2.99955722e+08 2.98794662e+08
 2.96501245e+08 2.92025187e+08 2.83485880e+08 2.66472138e+08
 2.35407407e+08 2.10829230e+08 1.90810249e+08 1.74144368e+08
 1.60030749e+08 1.47913354e+08 1.37226969e+08 1.28600451e+08
 1.05198586e+09 0.00000000e+00 0.00000000e+00 0.00000000e+00
 0.00000000e+00 0.00000000e+00 0.00000000e+00 0.00000000e+00
 0.00000000e+00 0.00000000e+00 0.00000000e+00 0.00000000e+00
 0.00000000e+00 0.00000000e+00 0.00000000e+00 0.00000000e+00
 0.00000000e+00 0.00000000e+00 0.00000000e+00 0.00000000e+00
 0.00000000e+00 0.00000000e+00 0.00000000e+00 0.00000000e+00
 0.00000000e+00 0.00000000e+00 0.00000000e+00 0.00000000e+00
 0.00000000e+00 0.00000000e+00 0.00000000e+00 0.00000000e+00
 0.00000000e+00 0.00000000e+00 0.00000000e+00 0.00000000e+00
 0.00000000e+00 0.00000000e+00 0.00000000e+00 0.00000000e+00
 0.00000000e+00 0.00000000e+00 0.00000000e+00 0.00000000e+00
 0.00000000e+00 0.00000000e+00 0.00000000e+00 0.00000000e+00
 0.00000000e+00 0.00000000e+00 0.00000000e+00 0.00000000e+00
 0.00000000e+00 0.00000000e+00 0.00000000e+00 0.00000000e+00
 0.00000000e+00 0.00000000e+00 0.00000000e+00 0.00000000e+00
 0.00000000e+00 0.00000000e+00 0.00000000e+00 0.00000000e+00
 0.00000000e+00 0.00000000e+00 0.00000000e+00 0.00000000e+00
 0.00000000e+00 0.00000000e+00 0.00000000e+00 0.00000000e+00
 0.00000000e+00 0.00000000e+00 0.00000000e+00 0.00000000e+00
 0.00000000e+00 0.00000000e+00 0.00000000e+00 0.00000000e+00
 0.00000000e+00 0.00000000e+00 0.00000000e+00 0.00000000e+00
 0.00000000e+00 0.00000000e+00 0.00000000e+00 0.00000000e+00
 0.00000000e+00 0.00000000e+00 0.00000000e+00 0.00000000e+00
 0.00000000e+00 0.00000000e+00 0.00000000e+00 0.00000000e+00
 0.00000000e+00 0.00000000e+00 0.00000000e+00 0.00000000e+00
 0.00000000e+00 0.00000000e+00 0.00000000e+00 0.00000000e+00
 0.00000000e+00 0.00000000e+00 0.00000000e+00 0.00000000e+00
 0.00000000e+00 0.00000000e+00 0.00000000e+00 0.00000000e+00
 0.00000000e+00 0.00000000e+00 0.00000000e+00 0.00000000e+00
 0.00000000e+00 0.00000000e+00 0.00000000e+00 0.00000000e+00
 0.00000000e+00 0.00000000e+00 0.00000000e+00 0.00000000e+00
 0.00000000e+00 0.00000000e+00 0.00000000e+00 0.00000000e+00
 0.00000000e+00 0.00000000e+00 0.00000000e+00 0.00000000e+00
 0.00000000e+00 0.00000000e+00 0.00000000e+00 0.00000000e+00
 0.00000000e+00 0.00000000e+00 0.00000000e+00 0.00000000e+00
 0.00000000e+00 0.00000000e+00 0.00000000e+00 0.00000000e+00
 0.00000000e+00 0.00000000e+00 0.00000000e+00 0.00000000e+00
 0.00000000e+00 0.00000000e+00]
[WARNING]: Quasi-static verification failed
[WARNING]: Max normalized derivatives: dVg/dt=2.50e+11, dVd/dt=0.00e+00, dId/dt=9.62e+09

  ngspice: ✓ PASS  (86.5s)

✓ Benchmark completed: /home/duhaochen/website-trial-v1/data/spice-model-benchmark/d270bd02e8d74cb642e828c6c2b3fd6e/ngspice
