$ /usr/bin/time -v -o /home/duhaochen/website-trial-v1/data/spice-model-benchmark/53ef77a656c65aa208c18037e61f0a86/ngspice/resource.txt /usr/bin/python -m spice_model_benchmark.cli /home/duhaochen/pipeline_full_collection/benchmark-inputs/53ef77a656c65aa208c18037e61f0a86/ngspice.lib --simulator ngspice --modes dc transient ac noise --output-dir /home/duhaochen/website-trial-v1/data/spice-model-benchmark/53ef77a656c65aa208c18037e61f0a86 --dpi 120 --log-level WARNING
/home/duhaochen/spice_model_benchmark/src/spice_model_benchmark/verification_manager.py:1557: RuntimeWarning: divide by zero encountered in divide
  tc = np.mean((d_ids / d_temp) / np.abs(i_ds[:-1]))
SPICE Model Benchmark: /home/duhaochen/pipeline_full_collection/benchmark-inputs/53ef77a656c65aa208c18037e61f0a86/ngspice.lib
Simulators: ngspice
Modes: dc, transient, ac, noise
------------------------------------------------------------

============================================================
  Running: NGSPICE
  Output:  /home/duhaochen/website-trial-v1/data/spice-model-benchmark/53ef77a656c65aa208c18037e61f0a86/ngspice
============================================================
Vgs range: 0.000V to 1.200V
Ids range: -8.990e-04A to 0.000e+00A
Selected Vgs values: [0.  0.2 0.4 0.6 0.8 1.  1.2]
Vgs=0.000V: Ids range -2.766e-11A to -5.905e-16A
Vgs=0.200V: Ids range -2.920e-09A to 0.000e+00A
Vgs=0.400V: Ids range -2.556e-07A to 0.000e+00A
Vgs=0.600V: Ids range -1.283e-05A to 0.000e+00A
Vgs=0.800V: Ids range -1.710e-04A to 0.000e+00A
Vgs=1.000V: Ids range -4.783e-04A to 0.000e+00A
Vgs=1.200V: Ids range -8.990e-04A to 0.000e+00A
ids_variation: 6.849780447375188
ids_variation <= max_variation: False
tc: inf
abs(tc) <= max_tc: False
[WARNING]: Temperature effects verification failed - effects outside expected range
/home/duhaochen/spice_model_benchmark/src/spice_model_benchmark/verification_manager.py:1817: RuntimeWarning: divide by zero encountered in log
  log_ids = np.log(np.abs(i_ds))
/home/duhaochen/.local/lib/python3.9/site-packages/numpy/lib/function_base.py:2742: RuntimeWarning: invalid value encountered in subtract
  X -= avg[:, None]
/home/duhaochen/spice_model_benchmark/src/spice_model_benchmark/verification_manager.py:1862: RuntimeWarning: divide by zero encountered in divide
  efficiency = np.abs(gm / i_ds)  # Transconductance efficiency
[INFO]: S-parameter analysis plot saved to /home/duhaochen/website-trial-v1/data/spice-model-benchmark/53ef77a656c65aa208c18037e61f0a86/ngspice/plots/ac_cv_sparameter_analysis.png
[INFO]: NQS effects plot saved to /home/duhaochen/website-trial-v1/data/spice-model-benchmark/53ef77a656c65aa208c18037e61f0a86/ngspice/plots/ac_cv_nqs_effects.png
[INFO]: S-parameter analysis plot saved to /home/duhaochen/website-trial-v1/data/spice-model-benchmark/53ef77a656c65aa208c18037e61f0a86/ngspice/plots/ac_cv_sparameter_analysis.png
norm_dvg: [2.50000000e+11 1.25000000e+11 6.25000000e+10 3.12500000e+10
 1.56249999e+10 9.40729962e+09 6.51845823e+09 4.91526861e+09
 4.49935404e+09 4.13256442e+09 3.78185434e+09 3.53108459e+09
 3.29654130e+09 3.00893945e+09 2.67057249e+09 2.34281075e+09
 2.15787535e+09 2.12232182e+09 2.09239702e+09 2.06523309e+09
 2.03348860e+09 2.01143935e+09 1.99999852e+09 1.99820499e+09
 1.99461759e+09 1.98778290e+09 1.97425376e+09 1.94773873e+09
 1.92694643e+09 1.91285504e+09 1.90167905e+09 1.89174170e+09
 1.87900453e+09 1.86963527e+09 1.85799950e+09 1.84294179e+09
 1.81354687e+09 1.75748301e+09 1.73183300e+09 1.71072547e+09
 1.69151619e+09 1.66854341e+09 1.64953318e+09 1.62483896e+09
 1.59716986e+09 1.56019693e+09 1.51741769e+09 1.46715946e+09
 1.41681796e+09 1.36481488e+09 1.31015681e+09 1.26651715e+09
 1.24493924e+09 1.21890566e+09 1.19267243e+09 1.17056610e+09
 1.14806766e+09 1.12056242e+09 1.08788586e+09 1.04970521e+09
 1.02424993e+09 1.00000190e+09 9.98248999e+08 9.94769573e+08
 9.87880193e+08 9.74383860e+08 9.48468038e+08 9.25541213e+08
 9.00919062e+08 8.88111334e+08 8.73044480e+08 8.61390866e+08
 8.48228356e+08 8.36934879e+08 8.23984951e+08 8.02899758e+08
 7.82916309e+08 7.53740742e+08 7.17821055e+08 6.72855834e+08
 6.29773748e+08 5.79968367e+08 5.40460667e+08 5.28459004e+08
 5.19548774e+08 5.06472531e+08 4.98580413e+08 4.88843909e+08
 4.80206578e+08 4.68387449e+08 4.55036877e+08 4.44569091e+08
 4.35198913e+08 4.31072941e+08 4.27552680e+08 4.26040631e+08
 4.23930321e+08 4.22866642e+08 4.22065541e+08 4.21353531e+08
 4.20515962e+08 4.19630957e+08 4.19146144e+08 4.18443239e+08
 4.17727753e+08 4.16514954e+08 4.14511665e+08 4.10561761e+08
 4.06723762e+08 4.04097954e+08 4.02463882e+08 4.00798258e+08
 3.98746837e+08 3.96849651e+08 3.94814886e+08 3.91802479e+08
 3.88223039e+08 3.83720072e+08 3.78963701e+08 3.73799985e+08
 3.67969980e+08 3.61036587e+08 3.52364319e+08 3.41188757e+08
 3.27069401e+08 3.10613256e+08 2.92344435e+08 2.72085304e+08
 2.49182735e+08 2.25663446e+08 2.01694811e+08 1.77285319e+08
 1.55264435e+08 1.38109625e+08 1.24368442e+08 1.13114175e+08
 1.03727717e+08 9.93017843e+07 9.52392311e+07 9.52237176e+07
 9.51997988e+07 9.51501555e+07 9.50480516e+07 9.48470252e+07
 9.46357446e+07 9.43636296e+07 9.40704838e+07 9.36957339e+07
 9.35157311e+07 9.34223533e+07 9.33306599e+07 9.32276740e+07
 9.31141582e+07 9.30417286e+07 9.29574523e+07 9.28552607e+07
 9.27546023e+07 9.26468625e+07 9.25159645e+07 9.23701671e+07
 9.22630317e+07 9.21346589e+07 9.20091369e+07 9.19247381e+07
 9.18176475e+07 9.17178879e+07 9.15864196e+07 9.14291583e+07
 9.12197038e+07 9.10641324e+07 9.10121206e+07 9.09698623e+07
 9.09392588e+07 9.08808583e+07 9.09124676e+07 9.09098071e+07
 9.09033101e+07 9.08856129e+07 9.08681669e+07 9.08265548e+07
 9.07828322e+07 9.07419815e+07 9.06934205e+07 9.06196689e+07
 9.05663346e+07 9.05090991e+07 9.04500022e+07 9.03988879e+07
 9.03346442e+07 9.02599183e+07 9.01544199e+07 9.00185273e+07
 8.98312691e+07 8.95845873e+07 8.92466446e+07 8.88026692e+07
 8.82285365e+07 8.75381783e+07 8.72132165e+07 8.69747523e+07
 8.66288716e+07 8.63778000e+07 8.60920383e+07 8.57970608e+07
 8.55067187e+07 8.50971013e+07 8.44835876e+07 8.42379071e+07
 8.40831091e+07 8.39765887e+07 8.38869106e+07 8.37995027e+07
 8.36893440e+07 8.36079003e+07 8.35414504e+07 8.34600931e+07
 8.33959764e+07 8.33349144e+07 8.33203438e+07 8.32971417e+07
 8.32479156e+07 8.31505725e+07 8.29568133e+07 8.25716998e+07
 8.21300758e+07 8.16741866e+07 8.15009662e+07 8.13897058e+07
 8.12991266e+07 8.11708340e+07 8.10723688e+07 8.09661488e+07
 8.08525883e+07 8.07000954e+07 8.05028022e+07 8.02721965e+07
 8.00155390e+07 7.97274158e+07 7.93190720e+07 7.91146299e+07
 7.90230686e+07 7.89650121e+07 7.89185239e+07 7.88703164e+07
 7.88136185e+07 7.87856241e+07 7.87502860e+07 7.87077791e+07
 7.86603924e+07 7.85948819e+07 7.84910573e+07 7.83184517e+07
 7.81383298e+07 7.79739561e+07 7.78763821e+07 7.77920768e+07
 7.76852747e+07 7.75933284e+07 7.74719081e+07 7.73455090e+07
 7.71567781e+07 7.69120685e+07 7.65675474e+07 7.61124380e+07
 7.54976209e+07 7.47028385e+07 7.36948289e+07 7.25991196e+07
 7.13314702e+07 6.99808837e+07 6.84471467e+07 6.67570901e+07
 6.47603302e+07 6.23826416e+07 5.94173475e+07 5.67211704e+07
 5.42590604e+07 5.20018007e+07 0.00000000e+00 0.00000000e+00
 0.00000000e+00 0.00000000e+00 0.00000000e+00 0.00000000e+00
 0.00000000e+00 0.00000000e+00 0.00000000e+00 0.00000000e+00
 0.00000000e+00 0.00000000e+00 0.00000000e+00 0.00000000e+00
 0.00000000e+00 0.00000000e+00 0.00000000e+00 0.00000000e+00
 0.00000000e+00 0.00000000e+00 0.00000000e+00 0.00000000e+00
 0.00000000e+00 0.00000000e+00 0.00000000e+00 0.00000000e+00
 0.00000000e+00 0.00000000e+00 0.00000000e+00 0.00000000e+00
 0.00000000e+00 0.00000000e+00 0.00000000e+00 0.00000000e+00
 0.00000000e+00 0.00000000e+00 0.00000000e+00 0.00000000e+00
 0.00000000e+00 0.00000000e+00 0.00000000e+00 0.00000000e+00
 0.00000000e+00 0.00000000e+00 0.00000000e+00 0.00000000e+00
 0.00000000e+00 0.00000000e+00 0.00000000e+00 0.00000000e+00
 0.00000000e+00 0.00000000e+00 0.00000000e+00 0.00000000e+00
 0.00000000e+00 0.00000000e+00 0.00000000e+00 0.00000000e+00
 0.00000000e+00 0.00000000e+00 0.00000000e+00 0.00000000e+00
 0.00000000e+00 0.00000000e+00 0.00000000e+00 0.00000000e+00
 0.00000000e+00 0.00000000e+00 0.00000000e+00 0.00000000e+00
 0.00000000e+00 0.00000000e+00 0.00000000e+00 0.00000000e+00
 0.00000000e+00 0.00000000e+00 0.00000000e+00 0.00000000e+00
 0.00000000e+00 0.00000000e+00 0.00000000e+00 0.00000000e+00
 0.00000000e+00 0.00000000e+00 0.00000000e+00 0.00000000e+00
 0.00000000e+00 0.00000000e+00 0.00000000e+00 0.00000000e+00
 0.00000000e+00 0.00000000e+00 0.00000000e+00 0.00000000e+00
 0.00000000e+00 0.00000000e+00 0.00000000e+00 0.00000000e+00
 0.00000000e+00 0.00000000e+00 0.00000000e+00 0.00000000e+00
 0.00000000e+00 0.00000000e+00 0.00000000e+00 0.00000000e+00
 0.00000000e+00 0.00000000e+00 0.00000000e+00 0.00000000e+00
 0.00000000e+00 0.00000000e+00 0.00000000e+00 0.00000000e+00
 0.00000000e+00 0.00000000e+00 0.00000000e+00 0.00000000e+00
 0.00000000e+00 0.00000000e+00 0.00000000e+00 0.00000000e+00
 0.00000000e+00 0.00000000e+00 0.00000000e+00 0.00000000e+00
 0.00000000e+00 0.00000000e+00 0.00000000e+00 0.00000000e+00
 0.00000000e+00 0.00000000e+00 0.00000000e+00 0.00000000e+00
 0.00000000e+00 0.00000000e+00 0.00000000e+00 0.00000000e+00
 0.00000000e+00 0.00000000e+00 0.00000000e+00 0.00000000e+00
 0.00000000e+00 0.00000000e+00 0.00000000e+00 0.00000000e+00
 0.00000000e+00 0.00000000e+00 0.00000000e+00 0.00000000e+00
 0.00000000e+00 0.00000000e+00 0.00000000e+00 0.00000000e+00
 0.00000000e+00 0.00000000e+00 0.00000000e+00 0.00000000e+00
 0.00000000e+00 0.00000000e+00 0.00000000e+00 0.00000000e+00
 0.00000000e+00 0.00000000e+00 0.00000000e+00 0.00000000e+00
 0.00000000e+00 0.00000000e+00 0.00000000e+00 0.00000000e+00
 0.00000000e+00 0.00000000e+00 0.00000000e+00 0.00000000e+00
 0.00000000e+00 0.00000000e+00 0.00000000e+00 0.00000000e+00
 0.00000000e+00 0.00000000e+00 0.00000000e+00 0.00000000e+00
 0.00000000e+00 0.00000000e+00 0.00000000e+00 0.00000000e+00
 0.00000000e+00 0.00000000e+00 0.00000000e+00 0.00000000e+00
 0.00000000e+00 0.00000000e+00 0.00000000e+00 0.00000000e+00
 0.00000000e+00 0.00000000e+00 0.00000000e+00 0.00000000e+00
 0.00000000e+00 0.00000000e+00 0.00000000e+00 0.00000000e+00
 0.00000000e+00 0.00000000e+00 0.00000000e+00 0.00000000e+00
 0.00000000e+00 0.00000000e+00 0.00000000e+00 0.00000000e+00
 0.00000000e+00 0.00000000e+00 0.00000000e+00 0.00000000e+00
 0.00000000e+00 0.00000000e+00 0.00000000e+00 0.00000000e+00
 0.00000000e+00 0.00000000e+00 0.00000000e+00 0.00000000e+00
 0.00000000e+00 0.00000000e+00 0.00000000e+00 0.00000000e+00
 0.00000000e+00 0.00000000e+00 0.00000000e+00 0.00000000e+00
 0.00000000e+00 0.00000000e+00 0.00000000e+00 0.00000000e+00
 0.00000000e+00 0.00000000e+00 0.00000000e+00 0.00000000e+00
 0.00000000e+00 0.00000000e+00 0.00000000e+00 0.00000000e+00
 0.00000000e+00 0.00000000e+00 0.00000000e+00 0.00000000e+00
 0.00000000e+00 0.00000000e+00 0.00000000e+00 0.00000000e+00
 0.00000000e+00 0.00000000e+00 0.00000000e+00 0.00000000e+00
 0.00000000e+00 0.00000000e+00 0.00000000e+00 0.00000000e+00
 0.00000000e+00 0.00000000e+00 0.00000000e+00 0.00000000e+00
 0.00000000e+00 0.00000000e+00 0.00000000e+00 0.00000000e+00
 0.00000000e+00 0.00000000e+00 0.00000000e+00 0.00000000e+00
 0.00000000e+00 0.00000000e+00 0.00000000e+00 0.00000000e+00
 0.00000000e+00 0.00000000e+00 0.00000000e+00]
norm_dvd: [0. 0. 0. 0. 0. 0. 0. 0. 0. 0. 0. 0. 0. 0. 0. 0. 0. 0. 0. 0. 0. 0. 0. 0.
 0. 0. 0. 0. 0. 0. 0. 0. 0. 0. 0. 0. 0. 0. 0. 0. 0. 0. 0. 0. 0. 0. 0. 0.
 0. 0. 0. 0. 0. 0. 0. 0. 0. 0. 0. 0. 0. 0. 0. 0. 0. 0. 0. 0. 0. 0. 0. 0.
 0. 0. 0. 0. 0. 0. 0. 0. 0. 0. 0. 0. 0. 0. 0. 0. 0. 0. 0. 0. 0. 0. 0. 0.
 0. 0. 0. 0. 0. 0. 0. 0. 0. 0. 0. 0. 0. 0. 0. 0. 0. 0. 0. 0. 0. 0. 0. 0.
 0. 0. 0. 0. 0. 0. 0. 0. 0. 0. 0. 0. 0. 0. 0. 0. 0. 0. 0. 0. 0. 0. 0. 0.
 0. 0. 0. 0. 0. 0. 0. 0. 0. 0. 0. 0. 0. 0. 0. 0. 0. 0. 0. 0. 0. 0. 0. 0.
 0. 0. 0. 0. 0. 0. 0. 0. 0. 0. 0. 0. 0. 0. 0. 0. 0. 0. 0. 0. 0. 0. 0. 0.
 0. 0. 0. 0. 0. 0. 0. 0. 0. 0. 0. 0. 0. 0. 0. 0. 0. 0. 0. 0. 0. 0. 0. 0.
 0. 0. 0. 0. 0. 0. 0. 0. 0. 0. 0. 0. 0. 0. 0. 0. 0. 0. 0. 0. 0. 0. 0. 0.
 0. 0. 0. 0. 0. 0. 0. 0. 0. 0. 0. 0. 0. 0. 0. 0. 0. 0. 0. 0. 0. 0. 0. 0.
 0. 0. 0. 0. 0. 0. 0. 0. 0. 0. 0. 0. 0. 0. 0. 0. 0. 0. 0. 0. 0. 0. 0. 0.
 0. 0. 0. 0. 0. 0. 0. 0. 0. 0. 0. 0. 0. 0. 0. 0. 0. 0. 0. 0. 0. 0. 0. 0.
 0. 0. 0. 0. 0. 0. 0. 0. 0. 0. 0. 0. 0. 0. 0. 0. 0. 0. 0. 0. 0. 0. 0. 0.
 0. 0. 0. 0. 0. 0. 0. 0. 0. 0. 0. 0. 0. 0. 0. 0. 0. 0. 0. 0. 0. 0. 0. 0.
 0. 0. 0. 0. 0. 0. 0. 0. 0. 0. 0. 0. 0. 0. 0. 0. 0. 0. 0. 0. 0. 0. 0. 0.
 0. 0. 0. 0. 0. 0. 0. 0. 0. 0. 0. 0. 0. 0. 0. 0. 0. 0. 0. 0. 0. 0. 0. 0.
 0. 0. 0. 0. 0. 0. 0. 0. 0. 0. 0. 0. 0. 0. 0. 0. 0. 0. 0. 0. 0. 0. 0. 0.
 0. 0. 0. 0. 0. 0. 0. 0. 0. 0. 0. 0. 0. 0. 0. 0. 0. 0. 0. 0. 0. 0. 0. 0.
 0. 0. 0. 0. 0. 0. 0. 0. 0. 0. 0. 0. 0. 0. 0. 0. 0. 0. 0. 0. 0. 0. 0. 0.
 0. 0. 0. 0. 0. 0. 0. 0. 0. 0. 0. 0. 0. 0. 0. 0. 0. 0. 0. 0. 0. 0. 0. 0.
 0. 0. 0. 0. 0. 0. 0. 0. 0. 0. 0. 0. 0. 0. 0. 0. 0. 0. 0. 0. 0. 0. 0. 0.
 0. 0. 0. 0. 0. 0. 0. 0. 0. 0. 0. 0. 0. 0. 0. 0. 0. 0. 0. 0. 0. 0. 0. 0.
 0. 0. 0.]
norm_did: [2.70750629e+03 2.32071968e+03 2.70750635e+03 2.80420313e+03
 2.99916627e+03 3.31695140e+03 3.61763559e+03 3.78426989e+03
 3.99995659e+03 4.20569614e+03 4.36661380e+03 4.53030860e+03
 4.80236006e+03 5.14386805e+03 5.64090454e+03 6.13257548e+03
 5.97875221e+03 6.42861679e+03 6.64534825e+03 6.54973965e+03
 6.88789584e+03 7.07341587e+03 6.88062451e+03 6.88062499e+03
 6.28261588e+03 7.18013241e+03 6.95575250e+03 6.98182556e+03
 7.28446328e+03 7.05021722e+03 7.28105673e+03 6.90800907e+03
 7.54153865e+03 7.39049683e+03 7.38839108e+03 7.56430539e+03
 7.74021999e+03 7.71068939e+03 8.03475930e+03 8.15734395e+03
 8.36364946e+03 8.28761466e+03 8.56412892e+03 8.70667482e+03
 8.86335572e+03 9.24714362e+03 9.59479698e+03 1.00938161e+04
 1.05279479e+04 1.12364326e+04 1.17656715e+04 1.22096855e+04
 1.27156894e+04 1.31178868e+04 1.35814832e+04 1.40472162e+04
 1.45451444e+04 1.53531841e+04 1.62423532e+04 1.71210840e+04
 1.79706107e+04 2.11862172e+04 1.63309965e+04 1.87586048e+04
 1.90896416e+04 2.00275773e+04 2.10894002e+04 2.22677595e+04
 2.31001833e+04 2.40455462e+04 2.48600003e+04 2.58511706e+04
 2.65497857e+04 2.76844264e+04 2.91265222e+04 3.09525840e+04
 3.37347260e+04 3.79167681e+04 4.46216203e+04 5.39927311e+04
 6.89517573e+04 8.84929729e+04 9.54383337e+04 1.09085075e+05
 1.21365893e+05 1.29801980e+05 1.40519255e+05 1.51386848e+05
 1.66361002e+05 1.86671197e+05 2.07045135e+05 2.28649839e+05
 2.40128632e+05 2.54184301e+05 2.59784144e+05 2.68024037e+05
 2.71493452e+05 2.74733817e+05 2.77572593e+05 2.80228062e+05
 2.83140808e+05 2.84505087e+05 2.86848956e+05 2.89158037e+05
 2.92879573e+05 2.98428549e+05 3.09564153e+05 3.23354681e+05
 3.33976678e+05 3.42280784e+05 3.50790818e+05 3.59674655e+05
 3.68086699e+05 3.77506786e+05 3.90716768e+05 4.07712193e+05
 4.30325039e+05 4.57540586e+05 4.89923752e+05 5.30275365e+05
 5.83462791e+05 6.59348913e+05 7.77135340e+05 9.71854109e+05
 1.30059006e+06 1.87586925e+06 2.98105984e+06 5.47634299e+06
 1.18013844e+07 3.09458638e+07 1.07469222e+08 4.98429078e+08
 3.61652272e+09 7.49959507e+09 3.85492729e+09 3.18706746e+09
 1.90293279e+09 1.55183641e+09 1.78821122e+09 1.08441878e+09
 1.08622852e+09 1.08583689e+09 1.08496552e+09 1.07554589e+09
 1.06769228e+09 1.05524829e+09 1.04407373e+09 1.01927793e+09
 1.00775203e+09 1.00320137e+09 9.99324963e+08 9.94839504e+08
 9.88268605e+08 9.85279161e+08 9.81943303e+08 9.77190074e+08
 9.72780613e+08 9.68548573e+08 9.62998005e+08 9.55168566e+08
 9.50934229e+08 9.44977595e+08 9.38197112e+08 9.34965485e+08
 9.30023263e+08 9.26387689e+08 9.21276448e+08 9.15710069e+08
 9.04965475e+08 8.95410225e+08 8.92901248e+08 8.90679919e+08
 8.89367490e+08 8.88480611e+08 8.86651722e+08 8.87275951e+08
 8.87182249e+08 8.86930445e+08 8.86593217e+08 8.84751844e+08
 8.82918489e+08 8.81280621e+08 8.79919501e+08 8.76110805e+08
 8.73986782e+08 8.71605117e+08 8.68797677e+08 8.67021638e+08
 8.64491526e+08 8.62067257e+08 8.58343551e+08 8.53773710e+08
 8.47239244e+08 8.38904918e+08 8.27070780e+08 8.11359761e+08
 7.90174137e+08 7.56166400e+08 7.42228223e+08 7.35047565e+08
 7.20629929e+08 7.11991804e+08 7.01814371e+08 6.91224381e+08
 6.82714509e+08 6.71267597e+08 6.45780101e+08 6.36625565e+08
 6.31027851e+08 6.27407734e+08 6.24574625e+08 6.22036950e+08
 6.18263757e+08 6.15537296e+08 6.13642405e+08 6.10899231e+08
 6.08940686e+08 6.06734382e+08 6.06050679e+08 6.05724234e+08
 6.04765875e+08 6.02852816e+08 5.99010388e+08 5.88007964e+08
 5.75154228e+08 5.59449448e+08 5.54031250e+08 5.50778894e+08
 5.48635644e+08 5.44876433e+08 5.42280225e+08 5.39498682e+08
 5.36793838e+08 5.33135920e+08 5.28222982e+08 5.22455410e+08
 5.16134410e+08 5.09816405e+08 4.98173683e+08 4.92407535e+08
 4.89995306e+08 4.88497038e+08 4.87440904e+08 4.86356828e+08
 4.84819820e+08 4.84220126e+08 4.83449227e+08 4.82476618e+08
 4.81520443e+08 4.80260924e+08 4.78355211e+08 4.74443736e+08
 4.70258532e+08 4.66118436e+08 4.63875985e+08 4.62151242e+08
 4.59720452e+08 4.57901569e+08 4.55306835e+08 4.52987622e+08
 4.49312847e+08 4.44778053e+08 4.38314767e+08 4.30037981e+08
 4.18987549e+08 4.05173458e+08 3.87639980e+08 3.70151149e+08
 3.50793094e+08 3.32130339e+08 3.12422127e+08 2.93056164e+08
 2.72313021e+08 2.50467919e+08 2.23302414e+08 2.01384264e+08
 1.83263755e+08 1.67849952e+08 2.54988438e+08 0.00000000e+00
 0.00000000e+00 0.00000000e+00 0.00000000e+00 0.00000000e+00
 0.00000000e+00 0.00000000e+00 0.00000000e+00 0.00000000e+00
 0.00000000e+00 0.00000000e+00 0.00000000e+00 0.00000000e+00
 0.00000000e+00 0.00000000e+00 0.00000000e+00 0.00000000e+00
 0.00000000e+00 0.00000000e+00 0.00000000e+00 0.00000000e+00
 0.00000000e+00 0.00000000e+00 0.00000000e+00 0.00000000e+00
 0.00000000e+00 0.00000000e+00 0.00000000e+00 0.00000000e+00
 0.00000000e+00 0.00000000e+00 0.00000000e+00 0.00000000e+00
 0.00000000e+00 0.00000000e+00 0.00000000e+00 0.00000000e+00
 0.00000000e+00 0.00000000e+00 0.00000000e+00 0.00000000e+00
 0.00000000e+00 0.00000000e+00 0.00000000e+00 0.00000000e+00
 0.00000000e+00 0.00000000e+00 0.00000000e+00 0.00000000e+00
 0.00000000e+00 0.00000000e+00 0.00000000e+00 0.00000000e+00
 0.00000000e+00 0.00000000e+00 0.00000000e+00 0.00000000e+00
 0.00000000e+00 0.00000000e+00 0.00000000e+00 0.00000000e+00
 0.00000000e+00 0.00000000e+00 0.00000000e+00 0.00000000e+00
 0.00000000e+00 0.00000000e+00 0.00000000e+00 0.00000000e+00
 0.00000000e+00 0.00000000e+00 0.00000000e+00 0.00000000e+00
 0.00000000e+00 0.00000000e+00 0.00000000e+00 0.00000000e+00
 0.00000000e+00 0.00000000e+00 0.00000000e+00 0.00000000e+00
 0.00000000e+00 0.00000000e+00 0.00000000e+00 0.00000000e+00
 0.00000000e+00 0.00000000e+00 0.00000000e+00 0.00000000e+00
 0.00000000e+00 0.00000000e+00 0.00000000e+00 0.00000000e+00
 0.00000000e+00 0.00000000e+00 0.00000000e+00 0.00000000e+00
 0.00000000e+00 0.00000000e+00 0.00000000e+00 0.00000000e+00
 0.00000000e+00 0.00000000e+00 0.00000000e+00 0.00000000e+00
 0.00000000e+00 0.00000000e+00 0.00000000e+00 0.00000000e+00
 0.00000000e+00 0.00000000e+00 0.00000000e+00 0.00000000e+00
 0.00000000e+00 0.00000000e+00 0.00000000e+00 0.00000000e+00
 0.00000000e+00 0.00000000e+00 0.00000000e+00 0.00000000e+00
 0.00000000e+00 0.00000000e+00 0.00000000e+00 0.00000000e+00
 0.00000000e+00 0.00000000e+00 0.00000000e+00 0.00000000e+00
 0.00000000e+00 0.00000000e+00 0.00000000e+00 0.00000000e+00
 0.00000000e+00 0.00000000e+00 0.00000000e+00 0.00000000e+00
 0.00000000e+00 0.00000000e+00 0.00000000e+00 0.00000000e+00
 0.00000000e+00 0.00000000e+00 0.00000000e+00 0.00000000e+00
 0.00000000e+00 0.00000000e+00 0.00000000e+00 0.00000000e+00
 0.00000000e+00 0.00000000e+00 0.00000000e+00 0.00000000e+00
 0.00000000e+00 0.00000000e+00 0.00000000e+00 0.00000000e+00
 0.00000000e+00 0.00000000e+00 0.00000000e+00 0.00000000e+00
 0.00000000e+00 0.00000000e+00 0.00000000e+00 0.00000000e+00
 0.00000000e+00 0.00000000e+00 0.00000000e+00 0.00000000e+00
 0.00000000e+00 0.00000000e+00 0.00000000e+00 0.00000000e+00
 0.00000000e+00 0.00000000e+00 0.00000000e+00 0.00000000e+00
 0.00000000e+00 0.00000000e+00 0.00000000e+00 0.00000000e+00
 0.00000000e+00 0.00000000e+00 0.00000000e+00 0.00000000e+00
 0.00000000e+00 0.00000000e+00 0.00000000e+00 0.00000000e+00
 0.00000000e+00 0.00000000e+00 0.00000000e+00 0.00000000e+00
 0.00000000e+00 0.00000000e+00 0.00000000e+00 0.00000000e+00
 0.00000000e+00 0.00000000e+00 0.00000000e+00 0.00000000e+00
 0.00000000e+00 0.00000000e+00 0.00000000e+00 0.00000000e+00
 0.00000000e+00 0.00000000e+00 0.00000000e+00 0.00000000e+00
 0.00000000e+00 0.00000000e+00 0.00000000e+00 0.00000000e+00
 0.00000000e+00 0.00000000e+00 0.00000000e+00 0.00000000e+00
 0.00000000e+00 0.00000000e+00 0.00000000e+00 0.00000000e+00
 0.00000000e+00 0.00000000e+00 0.00000000e+00 0.00000000e+00
 0.00000000e+00 0.00000000e+00 0.00000000e+00 0.00000000e+00
 0.00000000e+00 0.00000000e+00 0.00000000e+00 0.00000000e+00
 0.00000000e+00 0.00000000e+00 0.00000000e+00 0.00000000e+00
 0.00000000e+00 0.00000000e+00 0.00000000e+00 0.00000000e+00
 0.00000000e+00 0.00000000e+00 0.00000000e+00 0.00000000e+00
 0.00000000e+00 0.00000000e+00 0.00000000e+00 0.00000000e+00
 0.00000000e+00 0.00000000e+00 0.00000000e+00 0.00000000e+00
 0.00000000e+00 0.00000000e+00 0.00000000e+00 0.00000000e+00
 0.00000000e+00 0.00000000e+00 0.00000000e+00 0.00000000e+00
 0.00000000e+00 0.00000000e+00 0.00000000e+00 0.00000000e+00
 0.00000000e+00 0.00000000e+00 0.00000000e+00 0.00000000e+00
 0.00000000e+00 0.00000000e+00 0.00000000e+00 0.00000000e+00
 0.00000000e+00 0.00000000e+00 0.00000000e+00]
[WARNING]: Quasi-static verification failed
[WARNING]: Max normalized derivatives: dVg/dt=2.50e+11, dVd/dt=0.00e+00, dId/dt=7.50e+09

  ngspice: ✓ PASS  (123.9s)

✓ Benchmark completed: /home/duhaochen/website-trial-v1/data/spice-model-benchmark/53ef77a656c65aa208c18037e61f0a86/ngspice
