$ /usr/bin/time -v -o /home/duhaochen/website-trial-v1/data/spice-model-benchmark/c4c3137f4a2575c467ff303c37c165b7/ngspice/resource.txt /usr/bin/python -m spice_model_benchmark.cli /home/duhaochen/pipeline_full_collection/benchmark-inputs/c4c3137f4a2575c467ff303c37c165b7/ngspice.lib --simulator ngspice --modes dc transient ac noise --output-dir /home/duhaochen/website-trial-v1/data/spice-model-benchmark/c4c3137f4a2575c467ff303c37c165b7 --dpi 120 --log-level WARNING
/home/duhaochen/spice_model_benchmark/src/spice_model_benchmark/verification_manager.py:1557: RuntimeWarning: divide by zero encountered in divide
  tc = np.mean((d_ids / d_temp) / np.abs(i_ds[:-1]))
SPICE Model Benchmark: /home/duhaochen/pipeline_full_collection/benchmark-inputs/c4c3137f4a2575c467ff303c37c165b7/ngspice.lib
Simulators: ngspice
Modes: dc, transient, ac, noise
------------------------------------------------------------

============================================================
  Running: NGSPICE
  Output:  /home/duhaochen/website-trial-v1/data/spice-model-benchmark/c4c3137f4a2575c467ff303c37c165b7/ngspice
============================================================
Vgs range: -1.200V to 0.000V
Ids range: 0.000e+00A to 3.682e-04A
Selected Vgs values: [-1.2 -1.  -0.8 -0.6 -0.4 -0.2  0. ]
Vgs=-1.200V: Ids range 0.000e+00A to 3.682e-04A
Vgs=-1.000V: Ids range 0.000e+00A to 2.284e-04A
Vgs=-0.800V: Ids range 0.000e+00A to 1.146e-04A
Vgs=-0.600V: Ids range 0.000e+00A to 3.465e-05A
Vgs=-0.400V: Ids range 0.000e+00A to 1.331e-06A
Vgs=-0.200V: Ids range 0.000e+00A to 1.988e-08A
Vgs=0.000V: Ids range 3.324e-14A to 1.696e-10A
ids_variation: 6.042565320545991
ids_variation <= max_variation: False
tc: inf
abs(tc) <= max_tc: False
[WARNING]: Temperature effects verification failed - effects outside expected range
/home/duhaochen/spice_model_benchmark/src/spice_model_benchmark/verification_manager.py:1817: RuntimeWarning: divide by zero encountered in log
  log_ids = np.log(np.abs(i_ds))
/home/duhaochen/.local/lib/python3.9/site-packages/numpy/lib/function_base.py:2742: RuntimeWarning: invalid value encountered in subtract
  X -= avg[:, None]
/home/duhaochen/spice_model_benchmark/src/spice_model_benchmark/verification_manager.py:1862: RuntimeWarning: divide by zero encountered in divide
  efficiency = np.abs(gm / i_ds)  # Transconductance efficiency
[INFO]: S-parameter analysis plot saved to /home/duhaochen/website-trial-v1/data/spice-model-benchmark/c4c3137f4a2575c467ff303c37c165b7/ngspice/plots/ac_cv_sparameter_analysis.png
[INFO]: NQS effects plot saved to /home/duhaochen/website-trial-v1/data/spice-model-benchmark/c4c3137f4a2575c467ff303c37c165b7/ngspice/plots/ac_cv_nqs_effects.png
[INFO]: S-parameter analysis plot saved to /home/duhaochen/website-trial-v1/data/spice-model-benchmark/c4c3137f4a2575c467ff303c37c165b7/ngspice/plots/ac_cv_sparameter_analysis.png
norm_dvg: [2.50000000e+11 1.25000000e+11 6.25000000e+10 3.12500000e+10
 1.56250000e+10 7.81250009e+09 6.98266760e+09 6.37465492e+09
 5.75777070e+09 5.23229219e+09 4.90288379e+09 4.57098070e+09
 4.24430512e+09 3.88963833e+09 3.55695893e+09 3.25820244e+09
 3.08471768e+09 2.93984339e+09 2.80372333e+09 2.67276190e+09
 2.54005240e+09 2.48995276e+09 2.46492592e+09 2.44180630e+09
 2.42165879e+09 2.39916677e+09 2.37288288e+09 2.34624796e+09
 2.32159638e+09 2.30730296e+09 2.29710858e+09 2.28564333e+09
 2.27152121e+09 2.25202140e+09 2.23612642e+09 2.21769840e+09
 2.20418290e+09 2.19296444e+09 2.17931717e+09 2.16427446e+09
 2.15265887e+09 2.13892742e+09 2.12246304e+09 2.10484655e+09
 2.08170361e+09 2.05295274e+09 2.02613066e+09 2.00000052e+09
 1.99485456e+09 1.98464257e+09 1.96583791e+09 1.92927730e+09
 1.86008966e+09 1.73560535e+09 1.53072171e+09 1.23835314e+09
 1.00000000e+09 9.93870552e+08 9.81834346e+08 9.58615868e+08
 9.15324475e+08 8.39500351e+08 7.20182596e+08 5.60776764e+08
 3.88704441e+08 2.96502858e+08 2.39655925e+08 2.01100067e+08
 1.73230704e+08 1.57466765e+08 1.42258572e+08 1.30519150e+08
 1.22153773e+08 1.13944767e+08 1.05642071e+08 1.00170662e+08
 9.52389312e+07 9.52034531e+07 9.51346614e+07 9.49976884e+07
 9.47241194e+07 9.41821176e+07 9.31165203e+07 9.29484789e+07
 9.26140716e+07 9.24923320e+07 9.23584252e+07 9.22428076e+07
 9.21011911e+07 9.19597763e+07 9.18297451e+07 9.16911186e+07
 9.16599084e+07 9.16216840e+07 9.15901841e+07 9.15488366e+07
 9.15027922e+07 9.14840363e+07 9.14595438e+07 9.14477977e+07
 9.14270079e+07 9.14060532e+07 9.13713057e+07 9.13443083e+07
 9.13154216e+07 9.12903537e+07 9.12760821e+07 9.12500343e+07
 9.12205712e+07 9.11988939e+07 9.11720873e+07 9.11393562e+07
 9.11014799e+07 9.10528699e+07 9.09846501e+07 9.09112889e+07
 9.08965991e+07 9.08754696e+07 9.08291249e+07 9.07386314e+07
 9.05571605e+07 9.01968791e+07 8.94846396e+07 8.80935119e+07
 8.71793469e+07 8.66804633e+07 8.62839266e+07 8.60435833e+07
 8.58326666e+07 8.56352395e+07 8.53883526e+07 8.51256936e+07
 8.49118951e+07 8.46742313e+07 8.43545795e+07 8.38515851e+07
 8.33330277e+07 8.32704916e+07 8.31444453e+07 8.28955065e+07
 8.24024619e+07 8.14334927e+07 7.95623988e+07 7.60668365e+07
 7.17034338e+07 6.78134671e+07 6.43238485e+07 6.11757996e+07
 5.83215065e+07 5.57216882e+07 5.33437617e+07 5.16177902e+07
 0.00000000e+00 0.00000000e+00 0.00000000e+00 0.00000000e+00
 0.00000000e+00 0.00000000e+00 0.00000000e+00 0.00000000e+00
 0.00000000e+00 0.00000000e+00 0.00000000e+00 0.00000000e+00
 0.00000000e+00 0.00000000e+00 0.00000000e+00 0.00000000e+00
 0.00000000e+00 0.00000000e+00 0.00000000e+00 0.00000000e+00
 0.00000000e+00 0.00000000e+00 0.00000000e+00 0.00000000e+00
 0.00000000e+00 0.00000000e+00 0.00000000e+00 0.00000000e+00
 0.00000000e+00 0.00000000e+00 0.00000000e+00 0.00000000e+00
 0.00000000e+00 0.00000000e+00 0.00000000e+00 0.00000000e+00
 0.00000000e+00 0.00000000e+00 0.00000000e+00 0.00000000e+00
 0.00000000e+00 0.00000000e+00 0.00000000e+00 0.00000000e+00
 0.00000000e+00 0.00000000e+00 0.00000000e+00 0.00000000e+00
 0.00000000e+00 0.00000000e+00 0.00000000e+00 0.00000000e+00
 0.00000000e+00 0.00000000e+00 0.00000000e+00 0.00000000e+00
 0.00000000e+00 0.00000000e+00 0.00000000e+00 0.00000000e+00
 0.00000000e+00 0.00000000e+00 0.00000000e+00 0.00000000e+00
 0.00000000e+00 0.00000000e+00 0.00000000e+00 0.00000000e+00
 0.00000000e+00 0.00000000e+00 0.00000000e+00 0.00000000e+00
 0.00000000e+00 0.00000000e+00 0.00000000e+00 0.00000000e+00
 0.00000000e+00 0.00000000e+00 0.00000000e+00 0.00000000e+00
 0.00000000e+00 0.00000000e+00 0.00000000e+00 0.00000000e+00
 0.00000000e+00 0.00000000e+00 0.00000000e+00 0.00000000e+00
 0.00000000e+00 0.00000000e+00 0.00000000e+00 0.00000000e+00
 0.00000000e+00 0.00000000e+00 0.00000000e+00 0.00000000e+00
 0.00000000e+00 0.00000000e+00 0.00000000e+00 0.00000000e+00
 0.00000000e+00 0.00000000e+00 0.00000000e+00 0.00000000e+00
 0.00000000e+00 0.00000000e+00 0.00000000e+00 0.00000000e+00
 0.00000000e+00 0.00000000e+00 0.00000000e+00 0.00000000e+00
 0.00000000e+00 0.00000000e+00 0.00000000e+00 0.00000000e+00
 0.00000000e+00 0.00000000e+00 0.00000000e+00 0.00000000e+00
 0.00000000e+00 0.00000000e+00 0.00000000e+00 0.00000000e+00
 0.00000000e+00 0.00000000e+00 0.00000000e+00 0.00000000e+00
 0.00000000e+00 0.00000000e+00 0.00000000e+00 0.00000000e+00
 0.00000000e+00 0.00000000e+00 0.00000000e+00 0.00000000e+00
 0.00000000e+00 0.00000000e+00 0.00000000e+00 0.00000000e+00
 0.00000000e+00 0.00000000e+00 0.00000000e+00 0.00000000e+00
 0.00000000e+00 0.00000000e+00 0.00000000e+00 0.00000000e+00
 0.00000000e+00 0.00000000e+00 0.00000000e+00]
norm_dvd: [0. 0. 0. 0. 0. 0. 0. 0. 0. 0. 0. 0. 0. 0. 0. 0. 0. 0. 0. 0. 0. 0. 0. 0.
 0. 0. 0. 0. 0. 0. 0. 0. 0. 0. 0. 0. 0. 0. 0. 0. 0. 0. 0. 0. 0. 0. 0. 0.
 0. 0. 0. 0. 0. 0. 0. 0. 0. 0. 0. 0. 0. 0. 0. 0. 0. 0. 0. 0. 0. 0. 0. 0.
 0. 0. 0. 0. 0. 0. 0. 0. 0. 0. 0. 0. 0. 0. 0. 0. 0. 0. 0. 0. 0. 0. 0. 0.
 0. 0. 0. 0. 0. 0. 0. 0. 0. 0. 0. 0. 0. 0. 0. 0. 0. 0. 0. 0. 0. 0. 0. 0.
 0. 0. 0. 0. 0. 0. 0. 0. 0. 0. 0. 0. 0. 0. 0. 0. 0. 0. 0. 0. 0. 0. 0. 0.
 0. 0. 0. 0. 0. 0. 0. 0. 0. 0. 0. 0. 0. 0. 0. 0. 0. 0. 0. 0. 0. 0. 0. 0.
 0. 0. 0. 0. 0. 0. 0. 0. 0. 0. 0. 0. 0. 0. 0. 0. 0. 0. 0. 0. 0. 0. 0. 0.
 0. 0. 0. 0. 0. 0. 0. 0. 0. 0. 0. 0. 0. 0. 0. 0. 0. 0. 0. 0. 0. 0. 0. 0.
 0. 0. 0. 0. 0. 0. 0. 0. 0. 0. 0. 0. 0. 0. 0. 0. 0. 0. 0. 0. 0. 0. 0. 0.
 0. 0. 0. 0. 0. 0. 0. 0. 0. 0. 0. 0. 0. 0. 0. 0. 0. 0. 0. 0. 0. 0. 0. 0.
 0. 0. 0. 0. 0. 0. 0. 0. 0. 0. 0. 0. 0. 0. 0. 0. 0. 0. 0. 0. 0. 0. 0. 0.
 0. 0. 0. 0. 0. 0. 0. 0. 0. 0. 0. 0. 0. 0. 0.]
norm_did: [6.49691728e+04 8.96856827e+04 6.67345743e+04 6.93826976e+04
 7.52968316e+04 9.73033979e+04 9.01626228e+04 8.97476550e+04
 9.32798521e+04 9.67906656e+04 9.91805427e+04 1.02329476e+05
 1.05711566e+05 1.11127957e+05 1.17244451e+05 1.24696643e+05
 1.28012957e+05 1.31702142e+05 1.36091178e+05 1.41319614e+05
 1.50479070e+05 1.51013249e+05 1.48537155e+05 1.50881590e+05
 1.50309939e+05 1.52945580e+05 1.53507646e+05 1.56037004e+05
 1.56668041e+05 1.58579519e+05 1.57825311e+05 1.57836611e+05
 1.60067234e+05 1.61063843e+05 1.61149611e+05 1.63462227e+05
 1.65500444e+05 1.64214242e+05 1.66492508e+05 1.67671244e+05
 1.68598619e+05 1.68227535e+05 1.70479541e+05 1.72201154e+05
 1.73822965e+05 1.76088487e+05 1.78716498e+05 5.25635991e+04
 2.49677175e+05 1.81667198e+05 1.84011149e+05 1.88991997e+05
 1.98074612e+05 2.18290622e+05 2.64544734e+05 3.75418649e+05
 2.30156531e+06 7.07494614e+05 5.32562496e+05 5.66555711e+05
 6.40949031e+05 8.19393328e+05 1.33338398e+06 3.48017718e+06
 1.70634860e+07 8.27814149e+07 3.33612807e+08 1.09392741e+09
 1.54421225e+09 3.03329754e+08 4.65704598e+09 4.74297702e+09
 1.90069011e+09 1.14537100e+09 7.46472361e+08 5.93154020e+08
 4.90147504e+08 4.72518400e+08 4.72078023e+08 4.70351958e+08
 4.66929684e+08 4.60222015e+08 4.40407104e+08 4.38434052e+08
 4.32733133e+08 4.30987037e+08 4.28980290e+08 4.27402202e+08
 4.25377610e+08 4.23313845e+08 4.21509286e+08 4.19204819e+08
 4.18751286e+08 4.18241087e+08 4.17808015e+08 4.17233680e+08
 4.16565073e+08 4.16238470e+08 4.15936007e+08 4.15745705e+08
 4.15489370e+08 4.15222474e+08 4.14742068e+08 4.14369002e+08
 4.13931210e+08 4.13615166e+08 4.13389392e+08 4.13072325e+08
 4.12661920e+08 4.12367248e+08 4.12002485e+08 4.11581596e+08
 4.11110284e+08 4.10511116e+08 4.09613335e+08 4.08992314e+08
 4.07953393e+08 4.08031015e+08 4.07566096e+08 4.06648412e+08
 4.04821485e+08 4.01220363e+08 3.94216220e+08 3.75541083e+08
 3.63621250e+08 3.57677658e+08 3.52841621e+08 3.50133363e+08
 3.47820832e+08 3.45848491e+08 3.43272274e+08 3.40384371e+08
 3.38234117e+08 3.36011926e+08 3.33260895e+08 3.28269117e+08
 3.22348742e+08 3.21374384e+08 3.20653665e+08 3.18913403e+08
 3.15496784e+08 3.08901518e+08 2.96578761e+08 2.70454981e+08
 2.38298798e+08 2.12994459e+08 1.92468156e+08 1.75433663e+08
 1.61044344e+08 1.48716118e+08 1.37493381e+08 1.30126211e+08
 1.50059844e+09 0.00000000e+00 0.00000000e+00 0.00000000e+00
 0.00000000e+00 0.00000000e+00 0.00000000e+00 0.00000000e+00
 0.00000000e+00 0.00000000e+00 0.00000000e+00 0.00000000e+00
 0.00000000e+00 0.00000000e+00 0.00000000e+00 0.00000000e+00
 0.00000000e+00 0.00000000e+00 0.00000000e+00 0.00000000e+00
 0.00000000e+00 0.00000000e+00 0.00000000e+00 0.00000000e+00
 0.00000000e+00 0.00000000e+00 0.00000000e+00 0.00000000e+00
 0.00000000e+00 0.00000000e+00 0.00000000e+00 0.00000000e+00
 0.00000000e+00 0.00000000e+00 0.00000000e+00 0.00000000e+00
 0.00000000e+00 0.00000000e+00 0.00000000e+00 0.00000000e+00
 0.00000000e+00 0.00000000e+00 0.00000000e+00 0.00000000e+00
 0.00000000e+00 0.00000000e+00 0.00000000e+00 0.00000000e+00
 0.00000000e+00 0.00000000e+00 0.00000000e+00 0.00000000e+00
 0.00000000e+00 0.00000000e+00 0.00000000e+00 0.00000000e+00
 0.00000000e+00 0.00000000e+00 0.00000000e+00 0.00000000e+00
 0.00000000e+00 0.00000000e+00 0.00000000e+00 0.00000000e+00
 0.00000000e+00 0.00000000e+00 0.00000000e+00 0.00000000e+00
 0.00000000e+00 0.00000000e+00 0.00000000e+00 0.00000000e+00
 0.00000000e+00 0.00000000e+00 0.00000000e+00 0.00000000e+00
 0.00000000e+00 0.00000000e+00 0.00000000e+00 0.00000000e+00
 0.00000000e+00 0.00000000e+00 0.00000000e+00 0.00000000e+00
 0.00000000e+00 0.00000000e+00 0.00000000e+00 0.00000000e+00
 0.00000000e+00 0.00000000e+00 0.00000000e+00 0.00000000e+00
 0.00000000e+00 0.00000000e+00 0.00000000e+00 0.00000000e+00
 0.00000000e+00 0.00000000e+00 0.00000000e+00 0.00000000e+00
 0.00000000e+00 0.00000000e+00 0.00000000e+00 0.00000000e+00
 0.00000000e+00 0.00000000e+00 0.00000000e+00 0.00000000e+00
 0.00000000e+00 0.00000000e+00 0.00000000e+00 0.00000000e+00
 0.00000000e+00 0.00000000e+00 0.00000000e+00 0.00000000e+00
 0.00000000e+00 0.00000000e+00 0.00000000e+00 0.00000000e+00
 0.00000000e+00 0.00000000e+00 0.00000000e+00 0.00000000e+00
 0.00000000e+00 0.00000000e+00 0.00000000e+00 0.00000000e+00
 0.00000000e+00 0.00000000e+00 0.00000000e+00 0.00000000e+00
 0.00000000e+00 0.00000000e+00 0.00000000e+00 0.00000000e+00
 0.00000000e+00 0.00000000e+00 0.00000000e+00 0.00000000e+00
 0.00000000e+00 0.00000000e+00 0.00000000e+00 0.00000000e+00
 0.00000000e+00 0.00000000e+00 0.00000000e+00 0.00000000e+00
 0.00000000e+00 0.00000000e+00 0.00000000e+00]
[WARNING]: Quasi-static verification failed
[WARNING]: Max normalized derivatives: dVg/dt=2.50e+11, dVd/dt=0.00e+00, dId/dt=4.74e+09

  ngspice: ✓ PASS  (42.3s)

✓ Benchmark completed: /home/duhaochen/website-trial-v1/data/spice-model-benchmark/c4c3137f4a2575c467ff303c37c165b7/ngspice
