$ /usr/bin/time -v -o /home/duhaochen/website-trial-v1/data/spice-model-benchmark/059e9f1fd6b309c2b22ac9fe091f5747/ngspice/resource.txt /usr/bin/python -m spice_model_benchmark.cli /home/duhaochen/pipeline_full_collection/benchmark-inputs/059e9f1fd6b309c2b22ac9fe091f5747/ngspice.lib --simulator ngspice --modes dc transient ac noise --output-dir /home/duhaochen/website-trial-v1/data/spice-model-benchmark/059e9f1fd6b309c2b22ac9fe091f5747 --dpi 120 --log-level WARNING
/home/duhaochen/spice_model_benchmark/src/spice_model_benchmark/verification_manager.py:1557: RuntimeWarning: divide by zero encountered in divide
  tc = np.mean((d_ids / d_temp) / np.abs(i_ds[:-1]))
SPICE Model Benchmark: /home/duhaochen/pipeline_full_collection/benchmark-inputs/059e9f1fd6b309c2b22ac9fe091f5747/ngspice.lib
Simulators: ngspice
Modes: dc, transient, ac, noise
------------------------------------------------------------

============================================================
  Running: NGSPICE
  Output:  /home/duhaochen/website-trial-v1/data/spice-model-benchmark/059e9f1fd6b309c2b22ac9fe091f5747/ngspice
============================================================
Vgs range: 0.000V to 1.200V
Ids range: -7.594e-04A to 0.000e+00A
Selected Vgs values: [0.  0.2 0.4 0.6 0.8 1.  1.2]
Vgs=0.000V: Ids range -2.173e-11A to -4.713e-16A
Vgs=0.200V: Ids range -2.298e-09A to 0.000e+00A
Vgs=0.400V: Ids range -2.035e-07A to 0.000e+00A
Vgs=0.600V: Ids range -1.011e-05A to 0.000e+00A
Vgs=0.800V: Ids range -1.446e-04A to 0.000e+00A
Vgs=1.000V: Ids range -4.062e-04A to 0.000e+00A
Vgs=1.200V: Ids range -7.594e-04A to 0.000e+00A
ids_variation: 6.777783297367979
ids_variation <= max_variation: False
tc: inf
abs(tc) <= max_tc: False
[WARNING]: Temperature effects verification failed - effects outside expected range
/home/duhaochen/spice_model_benchmark/src/spice_model_benchmark/verification_manager.py:1817: RuntimeWarning: divide by zero encountered in log
  log_ids = np.log(np.abs(i_ds))
/home/duhaochen/.local/lib/python3.9/site-packages/numpy/lib/function_base.py:2742: RuntimeWarning: invalid value encountered in subtract
  X -= avg[:, None]
/home/duhaochen/spice_model_benchmark/src/spice_model_benchmark/verification_manager.py:1862: RuntimeWarning: divide by zero encountered in divide
  efficiency = np.abs(gm / i_ds)  # Transconductance efficiency
[INFO]: S-parameter analysis plot saved to /home/duhaochen/website-trial-v1/data/spice-model-benchmark/059e9f1fd6b309c2b22ac9fe091f5747/ngspice/plots/ac_cv_sparameter_analysis.png
[INFO]: NQS effects plot saved to /home/duhaochen/website-trial-v1/data/spice-model-benchmark/059e9f1fd6b309c2b22ac9fe091f5747/ngspice/plots/ac_cv_nqs_effects.png
[INFO]: S-parameter analysis plot saved to /home/duhaochen/website-trial-v1/data/spice-model-benchmark/059e9f1fd6b309c2b22ac9fe091f5747/ngspice/plots/ac_cv_sparameter_analysis.png
norm_dvg: [2.50000000e+11 1.25000000e+11 6.25000000e+10 3.12500000e+10
 1.56250000e+10 7.81249995e+09 6.37300439e+09 5.00097942e+09
 4.61886578e+09 4.27659659e+09 3.90828923e+09 3.71131054e+09
 3.42423962e+09 3.19598623e+09 3.03712054e+09 2.89360276e+09
 2.75656870e+09 2.62840665e+09 2.50148436e+09 2.47110225e+09
 2.44394488e+09 2.42539920e+09 2.40484047e+09 2.37748361e+09
 2.35184169e+09 2.32428445e+09 2.30838578e+09 2.29818183e+09
 2.28717047e+09 2.27277196e+09 2.25521167e+09 2.24083714e+09
 2.22462973e+09 2.20699259e+09 2.19508627e+09 2.18103531e+09
 2.16732769e+09 2.15479913e+09 2.14097929e+09 2.12437176e+09
 2.10731944e+09 2.08493695e+09 2.05784789e+09 2.02851190e+09
 2.00000000e+09 1.99660528e+09 1.98984775e+09 1.97647122e+09
 1.95024974e+09 1.89984068e+09 1.80645567e+09 1.64476205e+09
 1.51447851e+09 1.35525722e+09 1.19369896e+09 1.08829788e+09
 1.00000195e+09 9.98296096e+08 9.94906127e+08 9.88196717e+08
 9.75044191e+08 9.49761361e+08 9.02935821e+08 8.21893191e+08
 6.96809468e+08 5.34207610e+08 3.74261106e+08 2.88024124e+08
 2.34086156e+08 1.97163550e+08 1.70301717e+08 1.49881637e+08
 1.33834205e+08 1.20890751e+08 1.10230110e+08 1.02187156e+08
 9.52380952e+07 9.52180066e+07 9.51785838e+07 9.51004737e+07
 9.49430489e+07 9.46303893e+07 9.40113502e+07 9.34478366e+07
 9.32126503e+07 9.30067566e+07 9.28656765e+07 9.26965961e+07
 9.25127812e+07 9.23784131e+07 9.22361850e+07 9.20896062e+07
 9.19267853e+07 9.17715699e+07 9.17220592e+07 9.16796160e+07
 9.16511136e+07 9.16216054e+07 9.15826603e+07 9.15422853e+07
 9.14948278e+07 9.14728072e+07 9.14510612e+07 9.14372502e+07
 9.14123759e+07 9.13890121e+07 9.13680933e+07 9.13414950e+07
 9.13165647e+07 9.12915288e+07 9.12702855e+07 9.12521641e+07
 9.12194847e+07 9.11951241e+07 9.11681571e+07 9.11371066e+07
 9.10976494e+07 9.10476134e+07 9.09768039e+07 9.09070094e+07
 9.08986224e+07 9.08721275e+07 9.08305962e+07 9.07458839e+07
 9.05769324e+07 9.02408915e+07 8.95763434e+07 8.82759752e+07
 8.75206017e+07 8.71688439e+07 8.68482366e+07 8.65966587e+07
 8.62461476e+07 8.59502074e+07 8.56222456e+07 8.53043580e+07
 8.47172951e+07 8.40196724e+07 8.33337511e+07 8.32869708e+07
 8.31951293e+07 8.30112746e+07 8.26463786e+07 8.19259362e+07
 8.05221829e+07 7.78541597e+07 7.32894489e+07 6.92303647e+07
 6.55973044e+07 6.23265406e+07 5.93664572e+07 5.66747919e+07
 5.42166194e+07 5.19628183e+07 0.00000000e+00 0.00000000e+00
 0.00000000e+00 0.00000000e+00 0.00000000e+00 0.00000000e+00
 0.00000000e+00 0.00000000e+00 0.00000000e+00 0.00000000e+00
 0.00000000e+00 0.00000000e+00 0.00000000e+00 0.00000000e+00
 0.00000000e+00 0.00000000e+00 0.00000000e+00 0.00000000e+00
 0.00000000e+00 0.00000000e+00 0.00000000e+00 0.00000000e+00
 0.00000000e+00 0.00000000e+00 0.00000000e+00 0.00000000e+00
 0.00000000e+00 0.00000000e+00 0.00000000e+00 0.00000000e+00
 0.00000000e+00 0.00000000e+00 0.00000000e+00 0.00000000e+00
 0.00000000e+00 0.00000000e+00 0.00000000e+00 0.00000000e+00
 0.00000000e+00 0.00000000e+00 0.00000000e+00 0.00000000e+00
 0.00000000e+00 0.00000000e+00 0.00000000e+00 0.00000000e+00
 0.00000000e+00 0.00000000e+00 0.00000000e+00 0.00000000e+00
 0.00000000e+00 0.00000000e+00 0.00000000e+00 0.00000000e+00
 0.00000000e+00 0.00000000e+00 0.00000000e+00 0.00000000e+00
 0.00000000e+00 0.00000000e+00 0.00000000e+00 0.00000000e+00
 0.00000000e+00 0.00000000e+00 0.00000000e+00 0.00000000e+00
 0.00000000e+00 0.00000000e+00 0.00000000e+00 0.00000000e+00
 0.00000000e+00 0.00000000e+00 0.00000000e+00 0.00000000e+00
 0.00000000e+00 0.00000000e+00 0.00000000e+00 0.00000000e+00
 0.00000000e+00 0.00000000e+00 0.00000000e+00 0.00000000e+00
 0.00000000e+00 0.00000000e+00 0.00000000e+00 0.00000000e+00
 0.00000000e+00 0.00000000e+00 0.00000000e+00 0.00000000e+00
 0.00000000e+00 0.00000000e+00 0.00000000e+00 0.00000000e+00
 0.00000000e+00 0.00000000e+00 0.00000000e+00 0.00000000e+00
 0.00000000e+00 0.00000000e+00 0.00000000e+00 0.00000000e+00
 0.00000000e+00 0.00000000e+00 0.00000000e+00 0.00000000e+00
 0.00000000e+00 0.00000000e+00 0.00000000e+00 0.00000000e+00
 0.00000000e+00 0.00000000e+00 0.00000000e+00 0.00000000e+00
 0.00000000e+00 0.00000000e+00 0.00000000e+00 0.00000000e+00
 0.00000000e+00 0.00000000e+00 0.00000000e+00 0.00000000e+00
 0.00000000e+00 0.00000000e+00 0.00000000e+00 0.00000000e+00
 0.00000000e+00 0.00000000e+00 0.00000000e+00 0.00000000e+00
 0.00000000e+00 0.00000000e+00 0.00000000e+00 0.00000000e+00
 0.00000000e+00 0.00000000e+00 0.00000000e+00 0.00000000e+00
 0.00000000e+00 0.00000000e+00 0.00000000e+00 0.00000000e+00
 0.00000000e+00 0.00000000e+00 0.00000000e+00 0.00000000e+00
 0.00000000e+00 0.00000000e+00 0.00000000e+00 0.00000000e+00
 0.00000000e+00 0.00000000e+00 0.00000000e+00]
norm_dvd: [0. 0. 0. 0. 0. 0. 0. 0. 0. 0. 0. 0. 0. 0. 0. 0. 0. 0. 0. 0. 0. 0. 0. 0.
 0. 0. 0. 0. 0. 0. 0. 0. 0. 0. 0. 0. 0. 0. 0. 0. 0. 0. 0. 0. 0. 0. 0. 0.
 0. 0. 0. 0. 0. 0. 0. 0. 0. 0. 0. 0. 0. 0. 0. 0. 0. 0. 0. 0. 0. 0. 0. 0.
 0. 0. 0. 0. 0. 0. 0. 0. 0. 0. 0. 0. 0. 0. 0. 0. 0. 0. 0. 0. 0. 0. 0. 0.
 0. 0. 0. 0. 0. 0. 0. 0. 0. 0. 0. 0. 0. 0. 0. 0. 0. 0. 0. 0. 0. 0. 0. 0.
 0. 0. 0. 0. 0. 0. 0. 0. 0. 0. 0. 0. 0. 0. 0. 0. 0. 0. 0. 0. 0. 0. 0. 0.
 0. 0. 0. 0. 0. 0. 0. 0. 0. 0. 0. 0. 0. 0. 0. 0. 0. 0. 0. 0. 0. 0. 0. 0.
 0. 0. 0. 0. 0. 0. 0. 0. 0. 0. 0. 0. 0. 0. 0. 0. 0. 0. 0. 0. 0. 0. 0. 0.
 0. 0. 0. 0. 0. 0. 0. 0. 0. 0. 0. 0. 0. 0. 0. 0. 0. 0. 0. 0. 0. 0. 0. 0.
 0. 0. 0. 0. 0. 0. 0. 0. 0. 0. 0. 0. 0. 0. 0. 0. 0. 0. 0. 0. 0. 0. 0. 0.
 0. 0. 0. 0. 0. 0. 0. 0. 0. 0. 0. 0. 0. 0. 0. 0. 0. 0. 0. 0. 0. 0. 0. 0.
 0. 0. 0. 0. 0. 0. 0. 0. 0. 0. 0. 0. 0. 0. 0. 0. 0. 0. 0. 0. 0. 0. 0. 0.
 0. 0. 0. 0. 0. 0. 0. 0. 0. 0. 0. 0. 0. 0. 0. 0. 0. 0. 0.]
norm_did: [1.93393232e+03 1.54714586e+03 1.83723573e+03 1.98228071e+03
 2.19984825e+03 2.30103759e+03 2.55168452e+03 2.61871034e+03
 2.76795406e+03 2.87865756e+03 3.07602873e+03 3.08209320e+03
 3.26390035e+03 3.30853230e+03 3.50532891e+03 3.60222779e+03
 3.76099009e+03 3.84701468e+03 3.77731473e+03 4.12885924e+03
 3.95560550e+03 3.95071995e+03 4.20333300e+03 4.04854909e+03
 3.98956868e+03 4.17750601e+03 4.82529158e+03 3.69254193e+03
 4.46872588e+03 4.06442387e+03 4.35127735e+03 4.28269358e+03
 4.73761755e+03 3.77677845e+03 4.74491928e+03 4.26815020e+03
 4.61336507e+03 4.64850330e+03 4.23739744e+03 4.46755608e+03
 4.55543465e+03 4.65599905e+03 4.84325636e+03 4.62310851e+03
 7.27795730e+03 3.63897665e+03 5.00359284e+03 4.77615756e+03
 5.00359384e+03 5.23103007e+03 5.71433268e+03 6.30069598e+03
 7.19984527e+03 8.64478466e+03 1.01638358e+04 1.19563420e+04
 9.06720017e+02 1.13339675e+04 1.31474029e+04 1.34874330e+04
 1.39974697e+04 1.53292130e+04 1.82760641e+04 2.60115675e+04
 5.32914309e+04 2.08211223e+05 1.01537919e+06 4.89101462e+06
 2.35060384e+07 1.12592140e+08 5.64904583e+08 4.44533714e+09
 6.69201168e+09 3.78226743e+09 2.92622313e+09 2.17290219e+09
 3.13137208e+09 1.13320069e+09 1.13579408e+09 1.13527090e+09
 1.13404938e+09 1.13098884e+09 1.09611576e+09 1.05472827e+09
 1.04152725e+09 1.02891104e+09 1.02294993e+09 1.01509431e+09
 1.00446381e+09 9.98162540e+08 9.91434917e+08 9.84878164e+08
 9.76765359e+08 9.66196619e+08 9.63453013e+08 9.61066932e+08
 9.59757858e+08 9.58528080e+08 9.56830657e+08 9.55103946e+08
 9.52345084e+08 9.50826365e+08 9.50016546e+08 9.49476674e+08
 9.48337549e+08 9.47216708e+08 9.46273951e+08 9.45256423e+08
 9.43638698e+08 9.42583121e+08 9.41798418e+08 9.40920254e+08
 9.39395374e+08 9.38406379e+08 9.37189856e+08 9.35892493e+08
 9.34451056e+08 9.32765368e+08 9.29394717e+08 9.26533953e+08
 9.23543131e+08 9.23854261e+08 9.23113467e+08 9.21585062e+08
 9.18412700e+08 9.11629068e+08 8.96493581e+08 8.24993281e+08
 7.84935611e+08 7.69926446e+08 7.55840627e+08 7.47646961e+08
 7.33081306e+08 7.22276578e+08 7.09757715e+08 7.01967197e+08
 6.81994244e+08 6.57056975e+08 6.26620311e+08 6.24882655e+08
 6.23137266e+08 6.19260270e+08 6.11441241e+08 5.95658790e+08
 5.64347145e+08 5.04679414e+08 4.01271187e+08 3.33286221e+08
 2.85455823e+08 2.49859816e+08 2.22182177e+08 1.99935375e+08
 1.81599159e+08 1.65986702e+08 3.06321692e+08 0.00000000e+00
 0.00000000e+00 0.00000000e+00 0.00000000e+00 0.00000000e+00
 0.00000000e+00 0.00000000e+00 0.00000000e+00 0.00000000e+00
 0.00000000e+00 0.00000000e+00 0.00000000e+00 0.00000000e+00
 0.00000000e+00 0.00000000e+00 0.00000000e+00 0.00000000e+00
 0.00000000e+00 0.00000000e+00 0.00000000e+00 0.00000000e+00
 0.00000000e+00 0.00000000e+00 0.00000000e+00 0.00000000e+00
 0.00000000e+00 0.00000000e+00 0.00000000e+00 0.00000000e+00
 0.00000000e+00 0.00000000e+00 0.00000000e+00 0.00000000e+00
 0.00000000e+00 0.00000000e+00 0.00000000e+00 0.00000000e+00
 0.00000000e+00 0.00000000e+00 0.00000000e+00 0.00000000e+00
 0.00000000e+00 0.00000000e+00 0.00000000e+00 0.00000000e+00
 0.00000000e+00 0.00000000e+00 0.00000000e+00 0.00000000e+00
 0.00000000e+00 0.00000000e+00 0.00000000e+00 0.00000000e+00
 0.00000000e+00 0.00000000e+00 0.00000000e+00 0.00000000e+00
 0.00000000e+00 0.00000000e+00 0.00000000e+00 0.00000000e+00
 0.00000000e+00 0.00000000e+00 0.00000000e+00 0.00000000e+00
 0.00000000e+00 0.00000000e+00 0.00000000e+00 0.00000000e+00
 0.00000000e+00 0.00000000e+00 0.00000000e+00 0.00000000e+00
 0.00000000e+00 0.00000000e+00 0.00000000e+00 0.00000000e+00
 0.00000000e+00 0.00000000e+00 0.00000000e+00 0.00000000e+00
 0.00000000e+00 0.00000000e+00 0.00000000e+00 0.00000000e+00
 0.00000000e+00 0.00000000e+00 0.00000000e+00 0.00000000e+00
 0.00000000e+00 0.00000000e+00 0.00000000e+00 0.00000000e+00
 0.00000000e+00 0.00000000e+00 0.00000000e+00 0.00000000e+00
 0.00000000e+00 0.00000000e+00 0.00000000e+00 0.00000000e+00
 0.00000000e+00 0.00000000e+00 0.00000000e+00 0.00000000e+00
 0.00000000e+00 0.00000000e+00 0.00000000e+00 0.00000000e+00
 0.00000000e+00 0.00000000e+00 0.00000000e+00 0.00000000e+00
 0.00000000e+00 0.00000000e+00 0.00000000e+00 0.00000000e+00
 0.00000000e+00 0.00000000e+00 0.00000000e+00 0.00000000e+00
 0.00000000e+00 0.00000000e+00 0.00000000e+00 0.00000000e+00
 0.00000000e+00 0.00000000e+00 0.00000000e+00 0.00000000e+00
 0.00000000e+00 0.00000000e+00 0.00000000e+00 0.00000000e+00
 0.00000000e+00 0.00000000e+00 0.00000000e+00 0.00000000e+00
 0.00000000e+00 0.00000000e+00 0.00000000e+00 0.00000000e+00
 0.00000000e+00 0.00000000e+00 0.00000000e+00 0.00000000e+00
 0.00000000e+00 0.00000000e+00 0.00000000e+00 0.00000000e+00
 0.00000000e+00 0.00000000e+00 0.00000000e+00]
[WARNING]: Quasi-static verification failed
[WARNING]: Max normalized derivatives: dVg/dt=2.50e+11, dVd/dt=0.00e+00, dId/dt=6.69e+09

  ngspice: ✓ PASS  (82.4s)

✓ Benchmark completed: /home/duhaochen/website-trial-v1/data/spice-model-benchmark/059e9f1fd6b309c2b22ac9fe091f5747/ngspice
