
 /----------------------------------------------------------------------------\
 |  yosys -- Yosys Open SYnthesis Suite                                       |
 |  Copyright (C) 2012 - 2026  Claire Xenia Wolf <claire@yosyshq.com>         |
 |  Distributed under an ISC-like license, type "license" to see terms        |
 \----------------------------------------------------------------------------/
 Yosys 0.64+72 (git sha1 22ef99218, clang++ 20.1.8 -fPIC -O3)

-- Executing script file `/home/duhaochen/LibCharX/characterization/sky130_adders/application/generated_scripts/adder8_ripple.ys' --

1. Executing Verilog-2005 frontend: /home/duhaochen/LibCharX/characterization/sky130_adders/application/rtl/cells_blackbox.v
Parsing Verilog input from `/home/duhaochen/LibCharX/characterization/sky130_adders/application/rtl/cells_blackbox.v' to AST representation.
Generating RTLIL representation for module `\sky130_fd_sc_hd__fa_1'.
Generating RTLIL representation for module `\sky130_fd_sc_hd__fah_1'.
Generating RTLIL representation for module `\sky130_fd_sc_hd__fahcin_1'.
Generating RTLIL representation for module `\sky130_fd_sc_hd__fahcon_1'.
Generating RTLIL representation for module `\sky130_fd_sc_hd__ha_1'.
Successfully finished Verilog frontend.

2. Executing Verilog-2005 frontend: /home/duhaochen/LibCharX/characterization/sky130_adders/application/rtl/adder_primitives.v
Parsing Verilog input from `/home/duhaochen/LibCharX/characterization/sky130_adders/application/rtl/adder_primitives.v' to AST representation.
Generating RTLIL representation for module `\adder_and2'.
Generating RTLIL representation for module `\adder_xor2'.
Generating RTLIL representation for module `\adder_or2'.
Generating RTLIL representation for module `\adder_mux2'.
Generating RTLIL representation for module `\adder_prefix_node'.
Successfully finished Verilog frontend.

3. Executing Verilog-2005 frontend: /home/duhaochen/LibCharX/characterization/sky130_adders/application/rtl/adder8_ripple.v
Parsing Verilog input from `/home/duhaochen/LibCharX/characterization/sky130_adders/application/rtl/adder8_ripple.v' to AST representation.
Generating RTLIL representation for module `\adder8_ripple'.
Successfully finished Verilog frontend.

4. Executing HIERARCHY pass (managing design hierarchy).

4.1. Analyzing design hierarchy..
Top module:  \adder8_ripple

4.2. Analyzing design hierarchy..
Top module:  \adder8_ripple
Removing unused module `\adder_prefix_node'.
Removing unused module `\adder_mux2'.
Removing unused module `\adder_or2'.
Removing unused module `\adder_xor2'.
Removing unused module `\adder_and2'.
Removed 5 unused modules.

5. Executing PROC pass (convert processes to netlists).

5.1. Executing PROC_CLEAN pass (remove empty switches from decision trees).
Cleaned up 0 empty switches.

5.2. Executing PROC_RMDEAD pass (remove dead branches from decision trees).
Removed a total of 0 dead cases.

5.3. Executing PROC_PRUNE pass (remove redundant assignments in processes).
Removed 0 redundant assignments.
Promoted 0 assignments to connections.

5.4. Executing PROC_INIT pass (extract init attributes).

5.5. Executing PROC_ARST pass (detect async resets in processes).

5.6. Executing PROC_ROM pass (convert switches to ROMs).
Converted 0 switches.

5.7. Executing PROC_MUX pass (convert decision trees to multiplexers).

5.8. Executing PROC_DLATCH pass (convert process syncs to latches).

5.9. Executing PROC_DFF pass (convert process syncs to FFs).

5.10. Executing PROC_MEMWR pass (convert process memory writes to cells).

5.11. Executing PROC_CLEAN pass (remove empty switches from decision trees).
Cleaned up 0 empty switches.

5.12. Executing OPT_EXPR pass (perform const folding).
Optimizing module adder8_ripple.

6. Executing FLATTEN pass (flatten design).

7. Executing OPT_CLEAN pass (remove unused cells and wires).
Finding unused cells or wires in module \adder8_ripple..

8. Executing CHECK pass (checking for obvious problems).
Checking module adder8_ripple...
Found and reported 0 problems.

9. Printing statistics.

=== adder8_ripple ===

        +----------Local Count, excluding submodules.
        |        +-Local Area, excluding submodules.
        |        | 
        6        - wires
       35        - wire bits
        6        - public wires
       35        - public wire bits
        5        - ports
       26        - port bits
        8  160.154 cells
        8  160.154   sky130_fd_sc_hd__fa_1

   Chip area for module '\adder8_ripple': 160.153600
     of which used for sequential elements: 0.000000 (0.00%)

10. Executing Verilog backend.
Dumping module `\adder8_ripple'.

11. Executing JSON backend.

End of script. Logfile hash: 3ce81a3f40, time: 0.01s, user: 0.01s, system: 0.01s, MEM: 16.39 MB peak
Yosys 0.64+72 (git sha1 22ef99218, clang++ 20.1.8 -fPIC -O3)
Time spent: 40% 5x read_verilog (0 sec), 19% 2x write_verilog (0 sec), ...
