$ /usr/bin/time -v -o /home/duhaochen/website-trial-v1/data/spice-model-benchmark/3cb0541a6d905baf6a87b9bc92ee42e3/hspice/resource.txt /usr/bin/python -m spice_model_benchmark.cli /home/duhaochen/pipeline_full_collection/benchmark-inputs/3cb0541a6d905baf6a87b9bc92ee42e3/hspice.lib --simulator hspice --modes dc transient ac noise --output-dir /home/duhaochen/website-trial-v1/data/spice-model-benchmark/3cb0541a6d905baf6a87b9bc92ee42e3 --dpi 120 --log-level WARNING
SPICE Model Benchmark: /home/duhaochen/pipeline_full_collection/benchmark-inputs/3cb0541a6d905baf6a87b9bc92ee42e3/hspice.lib
Simulators: hspice
Modes: dc, transient, ac, noise
------------------------------------------------------------

============================================================
  Running: HSPICE
  Output:  /home/duhaochen/website-trial-v1/data/spice-model-benchmark/3cb0541a6d905baf6a87b9bc92ee42e3/hspice
============================================================
Vgs range: -1.200V to 0.000V
Ids range: -4.988e-11A to 6.626e-03A
Selected Vgs values: [-1.2 -1.  -0.8 -0.6 -0.4 -0.2  0. ]
Vgs=-1.200V: Ids range -4.988e-11A to 6.626e-03A
Vgs=-1.000V: Ids range -1.387e-11A to 1.564e-03A
Vgs=-0.800V: Ids range -3.075e-12A to 3.364e-04A
Vgs=-0.600V: Ids range -3.806e-13A to 3.131e-05A
Vgs=-0.400V: Ids range -4.942e-15A to 2.556e-07A
Vgs=-0.200V: Ids range -4.829e-17A to 6.089e-09A
Vgs=0.000V: Ids range 1.093e-13A to 1.506e-09A
ids_variation: 32.743754557427124
ids_variation <= max_variation: False
tc: 984559509.2601235
abs(tc) <= max_tc: False
[WARNING]: Temperature effects verification failed - effects outside expected range
/home/duhaochen/spice_model_benchmark/src/spice_model_benchmark/verification_manager.py:2706: RuntimeWarning: divide by zero encountered in divide
  norm_dvg = np.abs(dvg_dt / gate_voltage[:-1])
/home/duhaochen/spice_model_benchmark/src/spice_model_benchmark/verification_manager.py:2706: RuntimeWarning: invalid value encountered in divide
  norm_dvg = np.abs(dvg_dt / gate_voltage[:-1])
norm_dvg: [1.00000000e+10 5.00000000e+09 3.33333333e+09 ... 0.00000000e+00
 0.00000000e+00 0.00000000e+00]
norm_dvd: [0. 0. 0. ... 0. 0. 0.]
norm_did: [2.04224803e+07 1.81886071e+07 1.65743828e+07 ... 4.65997339e+03
 4.65997122e+03 4.65996905e+03]
[WARNING]: Quasi-static verification failed
[WARNING]: Max normalized derivatives: dVg/dt=nan, dVd/dt=0.00e+00, dId/dt=6.06e+11
/home/duhaochen/spice_model_benchmark/src/spice_model_benchmark/plot_generator.py:336: UserWarning: Attempting to set identical low and high ylims makes transformation singular; automatically expanding.
  plt.ylim(0, max_cap*1.2)  # Add 20% margin to ensure all components are visible
[INFO]: S-parameter analysis plot saved to /home/duhaochen/website-trial-v1/data/spice-model-benchmark/3cb0541a6d905baf6a87b9bc92ee42e3/hspice/plots/ac_cv_sparameter_analysis.png
[INFO]: S-parameter analysis plot saved to /home/duhaochen/website-trial-v1/data/spice-model-benchmark/3cb0541a6d905baf6a87b9bc92ee42e3/hspice/plots/ac_cv_sparameter_analysis.png
[INFO]: NQS effects plot saved to /home/duhaochen/website-trial-v1/data/spice-model-benchmark/3cb0541a6d905baf6a87b9bc92ee42e3/hspice/plots/ac_cv_nqs_effects.png
[WARNING]: Cannot compute correlation: constant data detected

  hspice: ✓ PASS  (202.5s)

✓ Benchmark completed: /home/duhaochen/website-trial-v1/data/spice-model-benchmark/3cb0541a6d905baf6a87b9bc92ee42e3/hspice
