
6. Printing statistics.

=== adder_top ===

        +----------Local Count, excluding submodules.
        |        +-Local Area, excluding submodules.
        |        | 
       20        - wires
       29        - wire bits
        5        - public wires
       14        - public wire bits
        5        - ports
       14        - port bits
       20  414.893 cells
        2   35.123   gf180mcu_fd_sc_mcu7t5v0__and2_1
        3   26.342   gf180mcu_fd_sc_mcu7t5v0__clkinv_1
        2   21.952   gf180mcu_fd_sc_mcu7t5v0__nand2_1
        3   39.514   gf180mcu_fd_sc_mcu7t5v0__nor2_1
        1   17.562   gf180mcu_fd_sc_mcu7t5v0__nor3_1
        4   70.246   gf180mcu_fd_sc_mcu7t5v0__oai21_1
        2   52.685   gf180mcu_fd_sc_mcu7t5v0__xor2_1
        3  151.469   gf180mcu_fd_sc_mcu7t5v0__xor3_1

   Chip area for module '\adder_top': 414.892800
     of which used for sequential elements: 0.000000 (0.00%)

