$ /usr/bin/time -v -o /home/duhaochen/website-trial-v1/data/spice-model-benchmark/429e4d19087287dea3064158c42585bb/ngspice/resource.txt /usr/bin/python -m spice_model_benchmark.cli /home/duhaochen/pipeline_full_collection/benchmark-inputs/429e4d19087287dea3064158c42585bb/ngspice.lib --simulator ngspice --modes dc transient ac noise --output-dir /home/duhaochen/website-trial-v1/data/spice-model-benchmark/429e4d19087287dea3064158c42585bb --dpi 120 --log-level WARNING
/home/duhaochen/spice_model_benchmark/src/spice_model_benchmark/verification_manager.py:1557: RuntimeWarning: divide by zero encountered in divide
  tc = np.mean((d_ids / d_temp) / np.abs(i_ds[:-1]))
SPICE Model Benchmark: /home/duhaochen/pipeline_full_collection/benchmark-inputs/429e4d19087287dea3064158c42585bb/ngspice.lib
Simulators: ngspice
Modes: dc, transient, ac, noise
------------------------------------------------------------

============================================================
  Running: NGSPICE
  Output:  /home/duhaochen/website-trial-v1/data/spice-model-benchmark/429e4d19087287dea3064158c42585bb/ngspice
============================================================
Vgs range: -1.200V to 0.000V
Ids range: 0.000e+00A to 1.752e-03A
Selected Vgs values: [-1.2 -1.  -0.8 -0.6 -0.4 -0.2  0. ]
Vgs=-1.200V: Ids range 0.000e+00A to 1.752e-03A
Vgs=-1.000V: Ids range 0.000e+00A to 9.286e-04A
Vgs=-0.800V: Ids range 0.000e+00A to 3.269e-04A
Vgs=-0.600V: Ids range 0.000e+00A to 2.255e-05A
Vgs=-0.400V: Ids range 0.000e+00A to 4.519e-07A
Vgs=-0.200V: Ids range 0.000e+00A to 5.103e-09A
Vgs=0.000V: Ids range 8.065e-16A to 4.824e-11A
ids_variation: 6.839120996431338
ids_variation <= max_variation: False
tc: inf
abs(tc) <= max_tc: False
[WARNING]: Temperature effects verification failed - effects outside expected range
/home/duhaochen/spice_model_benchmark/src/spice_model_benchmark/verification_manager.py:1817: RuntimeWarning: divide by zero encountered in log
  log_ids = np.log(np.abs(i_ds))
/home/duhaochen/.local/lib/python3.9/site-packages/numpy/lib/function_base.py:2742: RuntimeWarning: invalid value encountered in subtract
  X -= avg[:, None]
/home/duhaochen/spice_model_benchmark/src/spice_model_benchmark/verification_manager.py:1862: RuntimeWarning: divide by zero encountered in divide
  efficiency = np.abs(gm / i_ds)  # Transconductance efficiency
[INFO]: S-parameter analysis plot saved to /home/duhaochen/website-trial-v1/data/spice-model-benchmark/429e4d19087287dea3064158c42585bb/ngspice/plots/ac_cv_sparameter_analysis.png
[INFO]: NQS effects plot saved to /home/duhaochen/website-trial-v1/data/spice-model-benchmark/429e4d19087287dea3064158c42585bb/ngspice/plots/ac_cv_nqs_effects.png
[INFO]: S-parameter analysis plot saved to /home/duhaochen/website-trial-v1/data/spice-model-benchmark/429e4d19087287dea3064158c42585bb/ngspice/plots/ac_cv_sparameter_analysis.png
norm_dvg: [2.50000000e+11 1.25000000e+11 6.25000000e+10 3.12500000e+10
 1.56250000e+10 7.81250014e+09 6.83946136e+09 5.47552068e+09
 5.14674390e+09 4.76337190e+09 4.51037037e+09 4.21793185e+09
 3.97305632e+09 3.82575459e+09 3.65905310e+09 3.49563869e+09
 3.33309677e+09 3.17960675e+09 3.00711171e+09 2.84571827e+09
 2.69042111e+09 2.56076013e+09 2.49264319e+09 2.47015099e+09
 2.44192436e+09 2.42085347e+09 2.39811688e+09 2.37144005e+09
 2.34486645e+09 2.32130476e+09 2.30750339e+09 2.29728823e+09
 2.28585285e+09 2.27177402e+09 2.25261523e+09 2.23705227e+09
 2.21841137e+09 2.20425976e+09 2.19293169e+09 2.17919482e+09
 2.16437464e+09 2.15264948e+09 2.13888708e+09 2.12241723e+09
 2.10484097e+09 2.08179093e+09 2.05319217e+09 2.02624700e+09
 2.00000000e+09 1.99483248e+09 1.98457516e+09 1.96749079e+09
 1.93418865e+09 1.87085588e+09 1.78433189e+09 1.69825261e+09
 1.62188930e+09 1.53199766e+09 1.38741083e+09 1.20090178e+09
 9.99999133e+08 9.94267580e+08 9.82997318e+08 9.61206480e+08
 9.20399902e+08 8.48367759e+08 7.33549904e+08 5.77289478e+08
 4.04820281e+08 3.05788706e+08 2.45686243e+08 2.05329029e+08
 1.76359628e+08 1.54553964e+08 1.37547193e+08 1.23912177e+08
 1.15599843e+08 1.09224213e+08 1.02699312e+08 9.79644688e+07
 9.52380952e+07 9.52205975e+07 9.51866742e+07 9.51190056e+07
 9.49826454e+07 9.47114588e+07 9.41741641e+07 9.35598127e+07
 9.33261936e+07 9.31591723e+07 9.30370531e+07 9.29300287e+07
 9.28196003e+07 9.26967111e+07 9.25650396e+07 9.24544191e+07
 9.23279634e+07 9.21766269e+07 9.20178617e+07 9.18592312e+07
 9.16983905e+07 9.16594113e+07 9.16261403e+07 9.15939700e+07
 9.15511763e+07 9.15090451e+07 9.14872930e+07 9.14653739e+07
 9.14501162e+07 9.14306162e+07 9.14115035e+07 9.13811464e+07
 9.13556104e+07 9.13304866e+07 9.12978813e+07 9.12808908e+07
 9.12548253e+07 9.12296905e+07 9.12056031e+07 9.11787080e+07
 9.11470820e+07 9.11121440e+07 9.10645551e+07 9.10046623e+07
 9.09103466e+07 9.08997478e+07 9.08782433e+07 9.08393405e+07
 9.07597566e+07 9.06010064e+07 9.02851664e+07 8.96600467e+07
 8.84354220e+07 8.79083399e+07 8.74019887e+07 8.71332702e+07
 8.69225551e+07 8.67390346e+07 8.65375942e+07 8.63240249e+07
 8.61633377e+07 8.59727664e+07 8.57537083e+07 8.54872646e+07
 8.51146275e+07 8.45576527e+07 8.39411012e+07 8.33329389e+07
 8.32847503e+07 8.31868197e+07 8.29923329e+07 8.26061481e+07
 8.18442877e+07 8.03620378e+07 7.75529305e+07 7.30224467e+07
 6.89920709e+07 6.53833260e+07 6.21333321e+07 5.91911441e+07
 5.65149944e+07 5.40703725e+07 5.19555784e+07 0.00000000e+00
 0.00000000e+00 0.00000000e+00 0.00000000e+00 0.00000000e+00
 0.00000000e+00 0.00000000e+00 0.00000000e+00 0.00000000e+00
 0.00000000e+00 0.00000000e+00 0.00000000e+00 0.00000000e+00
 0.00000000e+00 0.00000000e+00 0.00000000e+00 0.00000000e+00
 0.00000000e+00 0.00000000e+00 0.00000000e+00 0.00000000e+00
 0.00000000e+00 0.00000000e+00 0.00000000e+00 0.00000000e+00
 0.00000000e+00 0.00000000e+00 0.00000000e+00 0.00000000e+00
 0.00000000e+00 0.00000000e+00 0.00000000e+00 0.00000000e+00
 0.00000000e+00 0.00000000e+00 0.00000000e+00 0.00000000e+00
 0.00000000e+00 0.00000000e+00 0.00000000e+00 0.00000000e+00
 0.00000000e+00 0.00000000e+00 0.00000000e+00 0.00000000e+00
 0.00000000e+00 0.00000000e+00 0.00000000e+00 0.00000000e+00
 0.00000000e+00 0.00000000e+00 0.00000000e+00 0.00000000e+00
 0.00000000e+00 0.00000000e+00 0.00000000e+00 0.00000000e+00
 0.00000000e+00 0.00000000e+00 0.00000000e+00 0.00000000e+00
 0.00000000e+00 0.00000000e+00 0.00000000e+00 0.00000000e+00
 0.00000000e+00 0.00000000e+00 0.00000000e+00 0.00000000e+00
 0.00000000e+00 0.00000000e+00 0.00000000e+00 0.00000000e+00
 0.00000000e+00 0.00000000e+00 0.00000000e+00 0.00000000e+00
 0.00000000e+00 0.00000000e+00 0.00000000e+00 0.00000000e+00
 0.00000000e+00 0.00000000e+00 0.00000000e+00 0.00000000e+00
 0.00000000e+00 0.00000000e+00 0.00000000e+00 0.00000000e+00
 0.00000000e+00 0.00000000e+00 0.00000000e+00 0.00000000e+00
 0.00000000e+00 0.00000000e+00 0.00000000e+00 0.00000000e+00
 0.00000000e+00 0.00000000e+00 0.00000000e+00 0.00000000e+00
 0.00000000e+00 0.00000000e+00 0.00000000e+00 0.00000000e+00
 0.00000000e+00 0.00000000e+00 0.00000000e+00 0.00000000e+00
 0.00000000e+00 0.00000000e+00 0.00000000e+00 0.00000000e+00
 0.00000000e+00 0.00000000e+00 0.00000000e+00 0.00000000e+00
 0.00000000e+00 0.00000000e+00 0.00000000e+00 0.00000000e+00
 0.00000000e+00 0.00000000e+00 0.00000000e+00 0.00000000e+00
 0.00000000e+00 0.00000000e+00 0.00000000e+00 0.00000000e+00
 0.00000000e+00 0.00000000e+00 0.00000000e+00 0.00000000e+00
 0.00000000e+00 0.00000000e+00 0.00000000e+00 0.00000000e+00
 0.00000000e+00 0.00000000e+00 0.00000000e+00 0.00000000e+00
 0.00000000e+00 0.00000000e+00 0.00000000e+00 0.00000000e+00
 0.00000000e+00 0.00000000e+00 0.00000000e+00 0.00000000e+00
 0.00000000e+00 0.00000000e+00 0.00000000e+00 0.00000000e+00
 0.00000000e+00 0.00000000e+00 0.00000000e+00 0.00000000e+00
 0.00000000e+00 0.00000000e+00 0.00000000e+00 0.00000000e+00]
norm_dvd: [0. 0. 0. 0. 0. 0. 0. 0. 0. 0. 0. 0. 0. 0. 0. 0. 0. 0. 0. 0. 0. 0. 0. 0.
 0. 0. 0. 0. 0. 0. 0. 0. 0. 0. 0. 0. 0. 0. 0. 0. 0. 0. 0. 0. 0. 0. 0. 0.
 0. 0. 0. 0. 0. 0. 0. 0. 0. 0. 0. 0. 0. 0. 0. 0. 0. 0. 0. 0. 0. 0. 0. 0.
 0. 0. 0. 0. 0. 0. 0. 0. 0. 0. 0. 0. 0. 0. 0. 0. 0. 0. 0. 0. 0. 0. 0. 0.
 0. 0. 0. 0. 0. 0. 0. 0. 0. 0. 0. 0. 0. 0. 0. 0. 0. 0. 0. 0. 0. 0. 0. 0.
 0. 0. 0. 0. 0. 0. 0. 0. 0. 0. 0. 0. 0. 0. 0. 0. 0. 0. 0. 0. 0. 0. 0. 0.
 0. 0. 0. 0. 0. 0. 0. 0. 0. 0. 0. 0. 0. 0. 0. 0. 0. 0. 0. 0. 0. 0. 0. 0.
 0. 0. 0. 0. 0. 0. 0. 0. 0. 0. 0. 0. 0. 0. 0. 0. 0. 0. 0. 0. 0. 0. 0. 0.
 0. 0. 0. 0. 0. 0. 0. 0. 0. 0. 0. 0. 0. 0. 0. 0. 0. 0. 0. 0. 0. 0. 0. 0.
 0. 0. 0. 0. 0. 0. 0. 0. 0. 0. 0. 0. 0. 0. 0. 0. 0. 0. 0. 0. 0. 0. 0. 0.
 0. 0. 0. 0. 0. 0. 0. 0. 0. 0. 0. 0. 0. 0. 0. 0. 0. 0. 0. 0. 0. 0. 0. 0.
 0. 0. 0. 0. 0. 0. 0. 0. 0. 0. 0. 0. 0. 0. 0. 0. 0. 0. 0. 0. 0. 0. 0. 0.
 0. 0. 0. 0. 0. 0. 0. 0. 0. 0. 0. 0. 0. 0. 0. 0. 0. 0. 0. 0. 0. 0. 0. 0.
 0. 0. 0. 0. 0. 0. 0. 0. 0. 0. 0. 0.]
norm_did: [3.48108147e+03 3.09429470e+03 3.86786847e+03 4.06126214e+03
 4.49639796e+03 4.58783200e+03 5.05511147e+03 5.17194164e+03
 5.44153092e+03 5.64943507e+03 5.73698300e+03 5.92924047e+03
 6.06665677e+03 6.23619312e+03 6.41820392e+03 6.54325098e+03
 6.72998076e+03 6.94646338e+03 7.21889152e+03 7.47494102e+03
 7.80970542e+03 7.82897304e+03 8.04665325e+03 8.26584781e+03
 8.24672812e+03 8.29648009e+03 8.24510438e+03 8.74158449e+03
 8.22044544e+03 9.00711612e+03 8.83219227e+03 8.52532946e+03
 8.55964477e+03 8.67842322e+03 9.01763906e+03 9.06122690e+03
 8.55323817e+03 9.24354836e+03 9.14970435e+03 8.86299519e+03
 9.22151264e+03 9.31748375e+03 9.38132598e+03 9.04430645e+03
 9.41195075e+03 9.71184579e+03 9.55507307e+03 9.79395049e+03
 1.31382311e+04 8.36068954e+03 9.90058366e+03 1.00773826e+04
 1.04309747e+04 1.08638671e+04 1.14919888e+04 1.20538609e+04
 1.29151667e+04 1.45107241e+04 1.75529681e+04 2.34812640e+04
 4.29349278e+03 2.25408562e+04 2.82431635e+04 3.04234751e+04
 3.53543376e+04 4.78408810e+04 8.81814591e+04 3.06112543e+05
 1.44690552e+06 6.97865481e+06 3.36529791e+07 1.63296575e+08
 8.64719866e+08 1.23604424e+10 5.51757637e+09 2.83876799e+09
 2.64394270e+09 2.73330144e+09 2.02081760e+09 1.47848912e+09
 1.62355902e+09 1.14525001e+09 1.14830160e+09 1.14784667e+09
 1.14679666e+09 1.14422838e+09 1.11865348e+09 1.07137896e+09
 1.05656618e+09 1.04623573e+09 1.03962116e+09 1.03428737e+09
 1.02924668e+09 1.02340679e+09 1.01616307e+09 1.01121990e+09
 1.00584172e+09 9.98667393e+08 9.90887273e+08 9.83204394e+08
 9.71568603e+08 9.69572387e+08 9.67805050e+08 9.66577716e+08
 9.64507969e+08 9.61958807e+08 9.60830331e+08 9.59612834e+08
 9.58973751e+08 9.58252113e+08 9.57398615e+08 9.55892271e+08
 9.54830229e+08 9.53635876e+08 9.51904559e+08 9.51095044e+08
 9.49926909e+08 9.48746397e+08 9.47701474e+08 9.46556494e+08
 9.45146994e+08 9.43826570e+08 9.42075474e+08 9.40245793e+08
 9.35524144e+08 9.32032800e+08 9.32723298e+08 9.32027496e+08
 9.30590299e+08 9.27613487e+08 9.21268916e+08 9.07171951e+08
 8.34589272e+08 8.11252888e+08 7.85272689e+08 7.73160902e+08
 7.64184669e+08 7.57178100e+08 7.49444461e+08 7.40171984e+08
 7.34484125e+08 7.27635235e+08 7.20068326e+08 7.11702469e+08
 7.00596631e+08 6.81064636e+08 6.59067087e+08 6.32033434e+08
 6.30196617e+08 6.28372087e+08 6.24279957e+08 6.16020458e+08
 5.99348063e+08 5.66351870e+08 5.02209730e+08 4.00804197e+08
 3.33872137e+08 2.86611720e+08 2.51332968e+08 2.23834467e+08
 2.01687542e+08 1.83125240e+08 1.68624925e+08 3.15479600e+08
 0.00000000e+00 0.00000000e+00 0.00000000e+00 0.00000000e+00
 0.00000000e+00 0.00000000e+00 0.00000000e+00 0.00000000e+00
 0.00000000e+00 0.00000000e+00 0.00000000e+00 0.00000000e+00
 0.00000000e+00 0.00000000e+00 0.00000000e+00 0.00000000e+00
 0.00000000e+00 0.00000000e+00 0.00000000e+00 0.00000000e+00
 0.00000000e+00 0.00000000e+00 0.00000000e+00 0.00000000e+00
 0.00000000e+00 0.00000000e+00 0.00000000e+00 0.00000000e+00
 0.00000000e+00 0.00000000e+00 0.00000000e+00 0.00000000e+00
 0.00000000e+00 0.00000000e+00 0.00000000e+00 0.00000000e+00
 0.00000000e+00 0.00000000e+00 0.00000000e+00 0.00000000e+00
 0.00000000e+00 0.00000000e+00 0.00000000e+00 0.00000000e+00
 0.00000000e+00 0.00000000e+00 0.00000000e+00 0.00000000e+00
 0.00000000e+00 0.00000000e+00 0.00000000e+00 0.00000000e+00
 0.00000000e+00 0.00000000e+00 0.00000000e+00 0.00000000e+00
 0.00000000e+00 0.00000000e+00 0.00000000e+00 0.00000000e+00
 0.00000000e+00 0.00000000e+00 0.00000000e+00 0.00000000e+00
 0.00000000e+00 0.00000000e+00 0.00000000e+00 0.00000000e+00
 0.00000000e+00 0.00000000e+00 0.00000000e+00 0.00000000e+00
 0.00000000e+00 0.00000000e+00 0.00000000e+00 0.00000000e+00
 0.00000000e+00 0.00000000e+00 0.00000000e+00 0.00000000e+00
 0.00000000e+00 0.00000000e+00 0.00000000e+00 0.00000000e+00
 0.00000000e+00 0.00000000e+00 0.00000000e+00 0.00000000e+00
 0.00000000e+00 0.00000000e+00 0.00000000e+00 0.00000000e+00
 0.00000000e+00 0.00000000e+00 0.00000000e+00 0.00000000e+00
 0.00000000e+00 0.00000000e+00 0.00000000e+00 0.00000000e+00
 0.00000000e+00 0.00000000e+00 0.00000000e+00 0.00000000e+00
 0.00000000e+00 0.00000000e+00 0.00000000e+00 0.00000000e+00
 0.00000000e+00 0.00000000e+00 0.00000000e+00 0.00000000e+00
 0.00000000e+00 0.00000000e+00 0.00000000e+00 0.00000000e+00
 0.00000000e+00 0.00000000e+00 0.00000000e+00 0.00000000e+00
 0.00000000e+00 0.00000000e+00 0.00000000e+00 0.00000000e+00
 0.00000000e+00 0.00000000e+00 0.00000000e+00 0.00000000e+00
 0.00000000e+00 0.00000000e+00 0.00000000e+00 0.00000000e+00
 0.00000000e+00 0.00000000e+00 0.00000000e+00 0.00000000e+00
 0.00000000e+00 0.00000000e+00 0.00000000e+00 0.00000000e+00
 0.00000000e+00 0.00000000e+00 0.00000000e+00 0.00000000e+00
 0.00000000e+00 0.00000000e+00 0.00000000e+00 0.00000000e+00
 0.00000000e+00 0.00000000e+00 0.00000000e+00 0.00000000e+00
 0.00000000e+00 0.00000000e+00 0.00000000e+00 0.00000000e+00
 0.00000000e+00 0.00000000e+00 0.00000000e+00 0.00000000e+00]
[WARNING]: Quasi-static verification failed
[WARNING]: Max normalized derivatives: dVg/dt=2.50e+11, dVd/dt=0.00e+00, dId/dt=1.24e+10

  ngspice: ✓ PASS  (73.9s)

✓ Benchmark completed: /home/duhaochen/website-trial-v1/data/spice-model-benchmark/429e4d19087287dea3064158c42585bb/ngspice
