
6. Printing statistics.

=== adder_top ===

        +----------Local Count, excluding submodules.
        |        +-Local Area, excluding submodules.
        |        | 
       23        - wires
       32        - wire bits
        5        - public wires
       14        - public wire bits
        5        - ports
       14        - port bits
       23   69.456 cells
        2    4.693   AND2X1
        3    8.447   AOI21X1
        3    4.224   INVX1
        2    3.754   NAND2X1
        2    4.693   NOR2X1
        1    2.816   NOR3X1
        2    5.632   OAI21X1
        1    2.346   OR2X1
        5   23.465   XNOR2X1
        2    9.386   XOR2X1

   Chip area for module '\adder_top': 69.456400
     of which used for sequential elements: 0.000000 (0.00%)

