$ /usr/bin/time -v -o /home/duhaochen/website-trial-v1/data/spice-model-benchmark/fa504e9e4e0451bde2e4ee4397e0935f/ngspice/resource.txt /usr/bin/python -m spice_model_benchmark.cli /home/duhaochen/pipeline_full_collection/benchmark-inputs/fa504e9e4e0451bde2e4ee4397e0935f/ngspice.lib --simulator ngspice --modes dc transient ac noise --output-dir /home/duhaochen/website-trial-v1/data/spice-model-benchmark/fa504e9e4e0451bde2e4ee4397e0935f --dpi 120 --log-level WARNING
/home/duhaochen/spice_model_benchmark/src/spice_model_benchmark/verification_manager.py:1557: RuntimeWarning: divide by zero encountered in divide
  tc = np.mean((d_ids / d_temp) / np.abs(i_ds[:-1]))
SPICE Model Benchmark: /home/duhaochen/pipeline_full_collection/benchmark-inputs/fa504e9e4e0451bde2e4ee4397e0935f/ngspice.lib
Simulators: ngspice
Modes: dc, transient, ac, noise
------------------------------------------------------------

============================================================
  Running: NGSPICE
  Output:  /home/duhaochen/website-trial-v1/data/spice-model-benchmark/fa504e9e4e0451bde2e4ee4397e0935f/ngspice
============================================================
Vgs range: -1.200V to 0.000V
Ids range: 0.000e+00A to 3.438e-04A
Selected Vgs values: [-1.2 -1.  -0.8 -0.6 -0.4 -0.2  0. ]
Vgs=-1.200V: Ids range 0.000e+00A to 3.438e-04A
Vgs=-1.000V: Ids range 0.000e+00A to 1.633e-04A
Vgs=-0.800V: Ids range 0.000e+00A to 4.020e-05A
Vgs=-0.600V: Ids range 0.000e+00A to 9.068e-07A
Vgs=-0.400V: Ids range 0.000e+00A to 9.900e-09A
Vgs=-0.200V: Ids range 0.000e+00A to 6.994e-11A
Vgs=0.000V: Ids range 1.021e-16A to 9.973e-13A
ids_variation: 6.934794826611396
ids_variation <= max_variation: False
tc: inf
abs(tc) <= max_tc: False
[WARNING]: Temperature effects verification failed - effects outside expected range
/home/duhaochen/spice_model_benchmark/src/spice_model_benchmark/verification_manager.py:1817: RuntimeWarning: divide by zero encountered in log
  log_ids = np.log(np.abs(i_ds))
/home/duhaochen/.local/lib/python3.9/site-packages/numpy/lib/function_base.py:2742: RuntimeWarning: invalid value encountered in subtract
  X -= avg[:, None]
/home/duhaochen/spice_model_benchmark/src/spice_model_benchmark/verification_manager.py:1862: RuntimeWarning: divide by zero encountered in divide
  efficiency = np.abs(gm / i_ds)  # Transconductance efficiency
[INFO]: S-parameter analysis plot saved to /home/duhaochen/website-trial-v1/data/spice-model-benchmark/fa504e9e4e0451bde2e4ee4397e0935f/ngspice/plots/ac_cv_sparameter_analysis.png
[INFO]: NQS effects plot saved to /home/duhaochen/website-trial-v1/data/spice-model-benchmark/fa504e9e4e0451bde2e4ee4397e0935f/ngspice/plots/ac_cv_nqs_effects.png
[INFO]: S-parameter analysis plot saved to /home/duhaochen/website-trial-v1/data/spice-model-benchmark/fa504e9e4e0451bde2e4ee4397e0935f/ngspice/plots/ac_cv_sparameter_analysis.png
norm_dvg: [2.50000000e+11 1.25000000e+11 6.25000000e+10 3.12500000e+10
 1.56250000e+10 7.81249988e+09 5.84824780e+09 4.93727944e+09
 4.53248342e+09 4.22781354e+09 4.03440422e+09 3.84668966e+09
 3.63709872e+09 3.47565028e+09 3.34228361e+09 3.19791796e+09
 3.05706228e+09 2.90348331e+09 2.75092443e+09 2.61059073e+09
 2.48906547e+09 2.46191566e+09 2.43580496e+09 2.41652364e+09
 2.39417317e+09 2.36792398e+09 2.34117878e+09 2.32190411e+09
 2.30957450e+09 2.29912126e+09 2.28789339e+09 2.27386817e+09
 2.25647559e+09 2.24273668e+09 2.22710448e+09 2.20942290e+09
 2.19788788e+09 2.18529060e+09 2.17192311e+09 2.15860056e+09
 2.14513137e+09 2.12816746e+09 2.11223014e+09 2.09064800e+09
 2.06619334e+09 2.03255763e+09 1.99999955e+09 1.99403698e+09
 1.98221484e+09 1.96513143e+09 1.93183325e+09 1.86851071e+09
 1.77027606e+09 1.70077300e+09 1.62517080e+09 1.55864926e+09
 1.48264497e+09 1.40759689e+09 1.31426031e+09 1.16898310e+09
 1.00000000e+09 9.95446017e+08 9.86460824e+08 9.68968597e+08
 9.35782022e+08 8.75790951e+08 7.76261902e+08 6.32501039e+08
 4.61547320e+08 3.37083377e+08 2.65489657e+08 2.18980096e+08
 1.86336848e+08 1.62163256e+08 1.43541527e+08 1.28756054e+08
 1.16732084e+08 1.06762043e+08 1.00671350e+08 9.52392842e+07
 9.52129910e+07 9.51657911e+07 9.50685677e+07 9.48763778e+07
 9.44931458e+07 9.37363026e+07 9.35188278e+07 9.33567525e+07
 9.32522383e+07 9.31483971e+07 9.30099302e+07 9.28788813e+07
 9.27790529e+07 9.26419458e+07 9.24974744e+07 9.23629681e+07
 9.22220943e+07 9.20747257e+07 9.19115243e+07 9.17552029e+07
 9.17119190e+07 9.16699721e+07 9.16410843e+07 9.16100499e+07
 9.15663731e+07 9.15288066e+07 9.14898388e+07 9.14639524e+07
 9.14464266e+07 9.14321922e+07 9.14102403e+07 9.13790480e+07
 9.13617322e+07 9.13319695e+07 9.13027733e+07 9.12855845e+07
 9.12616962e+07 9.12394191e+07 9.12119912e+07 9.11843128e+07
 9.11538077e+07 9.11216719e+07 9.10769171e+07 9.10248007e+07
 9.09660353e+07 9.09058156e+07 9.08981692e+07 9.08749696e+07
 9.08290148e+07 9.07372441e+07 9.05549698e+07 9.01922729e+07
 8.94755116e+07 8.82442769e+07 8.78494586e+07 8.75658271e+07
 8.73774884e+07 8.71930011e+07 8.69728253e+07 8.67457942e+07
 8.65884903e+07 8.63364498e+07 8.61102335e+07 8.57430100e+07
 8.52341390e+07 8.43060814e+07 8.33328877e+07 8.32902947e+07
 8.32035727e+07 8.30314999e+07 8.26890681e+07 8.20128189e+07
 8.06928504e+07 7.81764681e+07 7.35868640e+07 6.96625361e+07
 6.59851801e+07 6.26766040e+07 5.96839680e+07 5.69640935e+07
 5.44813107e+07 5.22059052e+07 5.10791518e+07 0.00000000e+00
 0.00000000e+00 0.00000000e+00 0.00000000e+00 0.00000000e+00
 0.00000000e+00 0.00000000e+00 0.00000000e+00 0.00000000e+00
 0.00000000e+00 0.00000000e+00 0.00000000e+00 0.00000000e+00
 0.00000000e+00 0.00000000e+00 0.00000000e+00 0.00000000e+00
 0.00000000e+00 0.00000000e+00 0.00000000e+00 0.00000000e+00
 0.00000000e+00 0.00000000e+00 0.00000000e+00 0.00000000e+00
 0.00000000e+00 0.00000000e+00 0.00000000e+00 0.00000000e+00
 0.00000000e+00 0.00000000e+00 0.00000000e+00 0.00000000e+00
 0.00000000e+00 0.00000000e+00 0.00000000e+00 0.00000000e+00
 0.00000000e+00 0.00000000e+00 0.00000000e+00 0.00000000e+00
 0.00000000e+00 0.00000000e+00 0.00000000e+00 0.00000000e+00
 0.00000000e+00 0.00000000e+00 0.00000000e+00 0.00000000e+00
 0.00000000e+00 0.00000000e+00 0.00000000e+00 0.00000000e+00
 0.00000000e+00 0.00000000e+00 0.00000000e+00 0.00000000e+00
 0.00000000e+00 0.00000000e+00 0.00000000e+00 0.00000000e+00
 0.00000000e+00 0.00000000e+00 0.00000000e+00 0.00000000e+00
 0.00000000e+00 0.00000000e+00 0.00000000e+00 0.00000000e+00
 0.00000000e+00 0.00000000e+00 0.00000000e+00 0.00000000e+00
 0.00000000e+00 0.00000000e+00 0.00000000e+00 0.00000000e+00
 0.00000000e+00 0.00000000e+00 0.00000000e+00 0.00000000e+00
 0.00000000e+00 0.00000000e+00 0.00000000e+00 0.00000000e+00
 0.00000000e+00 0.00000000e+00 0.00000000e+00 0.00000000e+00
 0.00000000e+00 0.00000000e+00 0.00000000e+00 0.00000000e+00
 0.00000000e+00 0.00000000e+00 0.00000000e+00 0.00000000e+00
 0.00000000e+00 0.00000000e+00 0.00000000e+00 0.00000000e+00
 0.00000000e+00 0.00000000e+00 0.00000000e+00 0.00000000e+00
 0.00000000e+00 0.00000000e+00 0.00000000e+00 0.00000000e+00
 0.00000000e+00 0.00000000e+00 0.00000000e+00 0.00000000e+00
 0.00000000e+00 0.00000000e+00 0.00000000e+00 0.00000000e+00
 0.00000000e+00 0.00000000e+00 0.00000000e+00 0.00000000e+00
 0.00000000e+00 0.00000000e+00 0.00000000e+00 0.00000000e+00
 0.00000000e+00 0.00000000e+00 0.00000000e+00 0.00000000e+00
 0.00000000e+00 0.00000000e+00 0.00000000e+00 0.00000000e+00
 0.00000000e+00 0.00000000e+00 0.00000000e+00 0.00000000e+00
 0.00000000e+00 0.00000000e+00 0.00000000e+00 0.00000000e+00
 0.00000000e+00 0.00000000e+00 0.00000000e+00 0.00000000e+00
 0.00000000e+00 0.00000000e+00 0.00000000e+00 0.00000000e+00
 0.00000000e+00 0.00000000e+00 0.00000000e+00 0.00000000e+00
 0.00000000e+00 0.00000000e+00 0.00000000e+00 0.00000000e+00
 0.00000000e+00 0.00000000e+00 0.00000000e+00 0.00000000e+00
 0.00000000e+00 0.00000000e+00 0.00000000e+00]
norm_dvd: [0. 0. 0. 0. 0. 0. 0. 0. 0. 0. 0. 0. 0. 0. 0. 0. 0. 0. 0. 0. 0. 0. 0. 0.
 0. 0. 0. 0. 0. 0. 0. 0. 0. 0. 0. 0. 0. 0. 0. 0. 0. 0. 0. 0. 0. 0. 0. 0.
 0. 0. 0. 0. 0. 0. 0. 0. 0. 0. 0. 0. 0. 0. 0. 0. 0. 0. 0. 0. 0. 0. 0. 0.
 0. 0. 0. 0. 0. 0. 0. 0. 0. 0. 0. 0. 0. 0. 0. 0. 0. 0. 0. 0. 0. 0. 0. 0.
 0. 0. 0. 0. 0. 0. 0. 0. 0. 0. 0. 0. 0. 0. 0. 0. 0. 0. 0. 0. 0. 0. 0. 0.
 0. 0. 0. 0. 0. 0. 0. 0. 0. 0. 0. 0. 0. 0. 0. 0. 0. 0. 0. 0. 0. 0. 0. 0.
 0. 0. 0. 0. 0. 0. 0. 0. 0. 0. 0. 0. 0. 0. 0. 0. 0. 0. 0. 0. 0. 0. 0. 0.
 0. 0. 0. 0. 0. 0. 0. 0. 0. 0. 0. 0. 0. 0. 0. 0. 0. 0. 0. 0. 0. 0. 0. 0.
 0. 0. 0. 0. 0. 0. 0. 0. 0. 0. 0. 0. 0. 0. 0. 0. 0. 0. 0. 0. 0. 0. 0. 0.
 0. 0. 0. 0. 0. 0. 0. 0. 0. 0. 0. 0. 0. 0. 0. 0. 0. 0. 0. 0. 0. 0. 0. 0.
 0. 0. 0. 0. 0. 0. 0. 0. 0. 0. 0. 0. 0. 0. 0. 0. 0. 0. 0. 0. 0. 0. 0. 0.
 0. 0. 0. 0. 0. 0. 0. 0. 0. 0. 0. 0. 0. 0. 0. 0. 0. 0. 0. 0. 0. 0. 0. 0.
 0. 0. 0. 0. 0. 0. 0. 0. 0. 0. 0. 0. 0. 0. 0. 0. 0. 0. 0. 0. 0. 0. 0. 0.
 0. 0. 0. 0. 0. 0. 0. 0. 0. 0. 0. 0. 0. 0. 0.]
norm_did: [0.00000000e+00 0.00000000e+00 0.00000000e+00 0.00000000e+00
 0.00000000e+00 0.00000000e+00 0.00000000e+00 0.00000000e+00
 0.00000000e+00 7.43480432e+02 0.00000000e+00 0.00000000e+00
 0.00000000e+00 0.00000000e+00 0.00000000e+00 0.00000000e+00
 0.00000000e+00 0.00000000e+00 0.00000000e+00 0.00000000e+00
 0.00000000e+00 0.00000000e+00 0.00000000e+00 0.00000000e+00
 0.00000000e+00 0.00000000e+00 0.00000000e+00 0.00000000e+00
 0.00000000e+00 0.00000000e+00 0.00000000e+00 0.00000000e+00
 0.00000000e+00 0.00000000e+00 0.00000000e+00 0.00000000e+00
 0.00000000e+00 0.00000000e+00 0.00000000e+00 0.00000000e+00
 0.00000000e+00 0.00000000e+00 0.00000000e+00 0.00000000e+00
 0.00000000e+00 0.00000000e+00 0.00000000e+00 0.00000000e+00
 0.00000000e+00 0.00000000e+00 0.00000000e+00 2.83872070e+02
 0.00000000e+00 0.00000000e+00 0.00000000e+00 0.00000000e+00
 0.00000000e+00 1.67093312e+02 0.00000000e+00 1.16639694e+02
 0.00000000e+00 0.00000000e+00 0.00000000e+00 2.30340444e+02
 1.15170251e+02 1.15170244e+02 2.01547922e+02 3.59906976e+02
 1.16972632e+03 6.38606744e+03 3.58503143e+04 1.97318602e+05
 1.09213491e+06 6.05700123e+06 3.22213487e+07 1.43998719e+08
 5.49464038e+08 1.78306738e+09 6.24385012e+08 5.92417613e+10
 2.17636454e+08 9.40919763e+08 1.05018476e+09 1.28702514e+09
 1.84893290e+09 2.86314248e+09 3.27317339e+09 3.65274049e+09
 3.96809443e+09 4.35983520e+09 4.92970829e+09 5.56573002e+09
 6.19167838e+09 7.21647663e+09 8.61952662e+09 1.04287051e+10
 1.31794154e+10 1.79651057e+10 2.88275719e+10 6.35914514e+10
 9.83704123e+10 1.88080305e+11 5.23133207e+11 5.61745388e+11
 1.46568246e+11 8.82389782e+10 6.25448933e+10 5.34992020e+10
 4.87143228e+10 4.45616484e+10 3.99082098e+10 3.56772850e+10
 3.27549312e+10 2.99423695e+10 2.72406965e+10 2.57386128e+10
 2.42744032e+10 2.28834951e+10 2.14848834e+10 2.02612558e+10
 1.89409341e+10 1.78164936e+10 1.64971907e+10 1.51309386e+10
 1.39005202e+10 1.51598037e+10 1.14475525e+10 1.22983565e+10
 1.17104386e+10 1.07167993e+10 9.23861653e+09 7.40415752e+09
 5.47087122e+09 3.51554435e+09 3.12720225e+09 2.90779027e+09
 2.79475055e+09 2.70427907e+09 2.59855638e+09 2.48561137e+09
 2.43542420e+09 2.33334349e+09 2.27392228e+09 2.17231722e+09
 2.07522120e+09 1.83998744e+09 1.63810221e+09 1.53870754e+09
 1.54146246e+09 1.52590522e+09 1.49459352e+09 1.43137574e+09
 1.30468027e+09 1.06953346e+09 6.91706804e+08 5.11349100e+08
 4.01543959e+08 3.32062596e+08 2.84055501e+08 2.48598129e+08
 2.21102809e+08 1.96460143e+08 1.86691361e+08 2.81250968e+09
 0.00000000e+00 0.00000000e+00 0.00000000e+00 0.00000000e+00
 0.00000000e+00 0.00000000e+00 0.00000000e+00 0.00000000e+00
 0.00000000e+00 0.00000000e+00 0.00000000e+00 0.00000000e+00
 0.00000000e+00 0.00000000e+00 0.00000000e+00 0.00000000e+00
 0.00000000e+00 0.00000000e+00 0.00000000e+00 0.00000000e+00
 0.00000000e+00 0.00000000e+00 0.00000000e+00 0.00000000e+00
 0.00000000e+00 0.00000000e+00 0.00000000e+00 0.00000000e+00
 0.00000000e+00 0.00000000e+00 0.00000000e+00 0.00000000e+00
 0.00000000e+00 0.00000000e+00 0.00000000e+00 0.00000000e+00
 0.00000000e+00 0.00000000e+00 0.00000000e+00 0.00000000e+00
 0.00000000e+00 0.00000000e+00 0.00000000e+00 0.00000000e+00
 0.00000000e+00 0.00000000e+00 0.00000000e+00 0.00000000e+00
 0.00000000e+00 0.00000000e+00 0.00000000e+00 0.00000000e+00
 0.00000000e+00 0.00000000e+00 0.00000000e+00 0.00000000e+00
 0.00000000e+00 0.00000000e+00 0.00000000e+00 0.00000000e+00
 0.00000000e+00 0.00000000e+00 0.00000000e+00 0.00000000e+00
 0.00000000e+00 0.00000000e+00 0.00000000e+00 0.00000000e+00
 0.00000000e+00 0.00000000e+00 0.00000000e+00 0.00000000e+00
 0.00000000e+00 0.00000000e+00 0.00000000e+00 0.00000000e+00
 0.00000000e+00 0.00000000e+00 0.00000000e+00 0.00000000e+00
 0.00000000e+00 0.00000000e+00 0.00000000e+00 0.00000000e+00
 0.00000000e+00 0.00000000e+00 0.00000000e+00 0.00000000e+00
 0.00000000e+00 0.00000000e+00 0.00000000e+00 0.00000000e+00
 0.00000000e+00 0.00000000e+00 0.00000000e+00 0.00000000e+00
 0.00000000e+00 0.00000000e+00 0.00000000e+00 0.00000000e+00
 0.00000000e+00 0.00000000e+00 0.00000000e+00 0.00000000e+00
 0.00000000e+00 0.00000000e+00 0.00000000e+00 0.00000000e+00
 0.00000000e+00 0.00000000e+00 0.00000000e+00 0.00000000e+00
 0.00000000e+00 0.00000000e+00 0.00000000e+00 0.00000000e+00
 0.00000000e+00 0.00000000e+00 0.00000000e+00 0.00000000e+00
 0.00000000e+00 0.00000000e+00 0.00000000e+00 0.00000000e+00
 0.00000000e+00 0.00000000e+00 0.00000000e+00 0.00000000e+00
 0.00000000e+00 0.00000000e+00 0.00000000e+00 0.00000000e+00
 0.00000000e+00 0.00000000e+00 0.00000000e+00 0.00000000e+00
 0.00000000e+00 0.00000000e+00 0.00000000e+00 0.00000000e+00
 0.00000000e+00 0.00000000e+00 0.00000000e+00 0.00000000e+00
 0.00000000e+00 0.00000000e+00 0.00000000e+00 0.00000000e+00
 0.00000000e+00 0.00000000e+00 0.00000000e+00 0.00000000e+00
 0.00000000e+00 0.00000000e+00 0.00000000e+00 0.00000000e+00
 0.00000000e+00 0.00000000e+00 0.00000000e+00 0.00000000e+00
 0.00000000e+00 0.00000000e+00 0.00000000e+00]
[WARNING]: Quasi-static verification failed
[WARNING]: Max normalized derivatives: dVg/dt=2.50e+11, dVd/dt=0.00e+00, dId/dt=5.62e+11

  ngspice: ✓ PASS  (44.2s)

✓ Benchmark completed: /home/duhaochen/website-trial-v1/data/spice-model-benchmark/fa504e9e4e0451bde2e4ee4397e0935f/ngspice
