$ /usr/bin/time -v -o /home/duhaochen/website-trial-v1/data/spice-model-benchmark/31e19f6c9cbc4adec2c3ae54062bdd52/ngspice/resource.txt /usr/bin/python -m spice_model_benchmark.cli /home/duhaochen/pipeline_full_collection/benchmark-inputs/31e19f6c9cbc4adec2c3ae54062bdd52/ngspice.lib --simulator ngspice --modes dc transient ac noise --output-dir /home/duhaochen/website-trial-v1/data/spice-model-benchmark/31e19f6c9cbc4adec2c3ae54062bdd52 --dpi 120 --log-level WARNING
/home/duhaochen/spice_model_benchmark/src/spice_model_benchmark/verification_manager.py:1557: RuntimeWarning: divide by zero encountered in divide
  tc = np.mean((d_ids / d_temp) / np.abs(i_ds[:-1]))
SPICE Model Benchmark: /home/duhaochen/pipeline_full_collection/benchmark-inputs/31e19f6c9cbc4adec2c3ae54062bdd52/ngspice.lib
Simulators: ngspice
Modes: dc, transient, ac, noise
------------------------------------------------------------

============================================================
  Running: NGSPICE
  Output:  /home/duhaochen/website-trial-v1/data/spice-model-benchmark/31e19f6c9cbc4adec2c3ae54062bdd52/ngspice
============================================================
Vgs range: -1.200V to 0.000V
Ids range: 0.000e+00A to 4.638e-04A
Selected Vgs values: [-1.2 -1.  -0.8 -0.6 -0.4 -0.2  0. ]
Vgs=-1.200V: Ids range 0.000e+00A to 4.638e-04A
Vgs=-1.000V: Ids range 0.000e+00A to 2.560e-04A
Vgs=-0.800V: Ids range 0.000e+00A to 9.562e-05A
Vgs=-0.600V: Ids range 0.000e+00A to 6.420e-06A
Vgs=-0.400V: Ids range 0.000e+00A to 7.231e-08A
Vgs=-0.200V: Ids range 0.000e+00A to 5.077e-10A
Vgs=0.000V: Ids range 1.636e-16A to 3.040e-12A
ids_variation: 6.127706010808226
ids_variation <= max_variation: False
tc: inf
abs(tc) <= max_tc: False
[WARNING]: Temperature effects verification failed - effects outside expected range
/home/duhaochen/spice_model_benchmark/src/spice_model_benchmark/verification_manager.py:1817: RuntimeWarning: divide by zero encountered in log
  log_ids = np.log(np.abs(i_ds))
/home/duhaochen/.local/lib/python3.9/site-packages/numpy/lib/function_base.py:2742: RuntimeWarning: invalid value encountered in subtract
  X -= avg[:, None]
/home/duhaochen/spice_model_benchmark/src/spice_model_benchmark/verification_manager.py:1862: RuntimeWarning: divide by zero encountered in divide
  efficiency = np.abs(gm / i_ds)  # Transconductance efficiency
[INFO]: S-parameter analysis plot saved to /home/duhaochen/website-trial-v1/data/spice-model-benchmark/31e19f6c9cbc4adec2c3ae54062bdd52/ngspice/plots/ac_cv_sparameter_analysis.png
[INFO]: NQS effects plot saved to /home/duhaochen/website-trial-v1/data/spice-model-benchmark/31e19f6c9cbc4adec2c3ae54062bdd52/ngspice/plots/ac_cv_nqs_effects.png
[INFO]: S-parameter analysis plot saved to /home/duhaochen/website-trial-v1/data/spice-model-benchmark/31e19f6c9cbc4adec2c3ae54062bdd52/ngspice/plots/ac_cv_sparameter_analysis.png
norm_dvg: [2.50000000e+11 1.25000000e+11 6.25000000e+10 3.12500000e+10
 1.56250000e+10 7.81249992e+09 6.94085467e+09 5.67461432e+09
 5.34801449e+09 4.91011019e+09 4.66571283e+09 4.42953874e+09
 4.19264262e+09 4.05358289e+09 3.90727290e+09 3.73969578e+09
 3.59361069e+09 3.45180863e+09 3.29415721e+09 3.11143706e+09
 2.94170209e+09 2.78747732e+09 2.63852984e+09 2.51685516e+09
 2.48389880e+09 2.45324281e+09 2.43479393e+09 2.41409668e+09
 2.38978499e+09 2.36417001e+09 2.33568787e+09 2.31885661e+09
 2.30699073e+09 2.29692081e+09 2.28482543e+09 2.27109794e+09
 2.25205948e+09 2.23615395e+09 2.21787815e+09 2.20442122e+09
 2.19326114e+09 2.17959591e+09 2.16467836e+09 2.15301289e+09
 2.13927990e+09 2.12282172e+09 2.10525675e+09 2.08220399e+09
 2.05362296e+09 2.02645707e+09 1.99999949e+09 1.99479131e+09
 1.98445476e+09 1.96670971e+09 1.93215408e+09 1.86656234e+09
 1.79121350e+09 1.71559596e+09 1.63362660e+09 1.50241539e+09
 1.32660513e+09 1.14037840e+09 1.00000000e+09 9.96161216e+08
 9.88571923e+08 9.73735102e+08 9.45357966e+08 8.93292448e+08
 8.04659551e+08 6.71421839e+08 5.04386481e+08 3.59375262e+08
 2.79126372e+08 2.28174709e+08 1.92953096e+08 1.67151219e+08
 1.47435942e+08 1.31880767e+08 1.21024772e+08 1.14925827e+08
 1.08827055e+08 1.03000981e+08 9.95219729e+07 9.52380952e+07
 9.52109930e+07 9.51575043e+07 9.50507742e+07 9.48371651e+07
 9.44132271e+07 9.35764053e+07 9.33308188e+07 9.31373208e+07
 9.30173340e+07 9.29171783e+07 9.28221814e+07 9.27099476e+07
 9.25936682e+07 9.25117157e+07 9.23885028e+07 9.22759330e+07
 9.21311529e+07 9.19694649e+07 9.18131206e+07 9.17300171e+07
 9.16967951e+07 9.16586366e+07 9.16253428e+07 9.15936317e+07
 9.15510415e+07 9.15076416e+07 9.14849918e+07 9.14610808e+07
 9.14469934e+07 9.14334345e+07 9.14074497e+07 9.13793959e+07
 9.13555808e+07 9.13303201e+07 9.13034581e+07 9.12800321e+07
 9.12591361e+07 9.12351938e+07 9.12103418e+07 9.11840118e+07
 9.11497601e+07 9.11190911e+07 9.10737923e+07 9.10199234e+07
 9.09644734e+07 9.09113533e+07 9.08974570e+07 9.08753284e+07
 9.08318099e+07 9.07431357e+07 9.05674303e+07 9.02169880e+07
 8.95246330e+07 8.81712653e+07 8.76951783e+07 8.72452017e+07
 8.70210807e+07 8.68349239e+07 8.66712190e+07 8.64918868e+07
 8.63030483e+07 8.61588154e+07 8.59911009e+07 8.57963967e+07
 8.55654997e+07 8.52452417e+07 8.47763186e+07 8.40485714e+07
 8.33337436e+07 8.32861352e+07 8.31925639e+07 8.30054140e+07
 8.26339449e+07 8.19008190e+07 8.04727723e+07 7.77611295e+07
 7.32070021e+07 6.91567929e+07 6.55312482e+07 6.22669044e+07
 5.93123486e+07 5.66254766e+07 5.41714876e+07 5.19213617e+07
 0.00000000e+00 0.00000000e+00 0.00000000e+00 0.00000000e+00
 0.00000000e+00 0.00000000e+00 0.00000000e+00 0.00000000e+00
 0.00000000e+00 0.00000000e+00 0.00000000e+00 0.00000000e+00
 0.00000000e+00 0.00000000e+00 0.00000000e+00 0.00000000e+00
 0.00000000e+00 0.00000000e+00 0.00000000e+00 0.00000000e+00
 0.00000000e+00 0.00000000e+00 0.00000000e+00 0.00000000e+00
 0.00000000e+00 0.00000000e+00 0.00000000e+00 0.00000000e+00
 0.00000000e+00 0.00000000e+00 0.00000000e+00 0.00000000e+00
 0.00000000e+00 0.00000000e+00 0.00000000e+00 0.00000000e+00
 0.00000000e+00 0.00000000e+00 0.00000000e+00 0.00000000e+00
 0.00000000e+00 0.00000000e+00 0.00000000e+00 0.00000000e+00
 0.00000000e+00 0.00000000e+00 0.00000000e+00 0.00000000e+00
 0.00000000e+00 0.00000000e+00 0.00000000e+00 0.00000000e+00
 0.00000000e+00 0.00000000e+00 0.00000000e+00 0.00000000e+00
 0.00000000e+00 0.00000000e+00 0.00000000e+00 0.00000000e+00
 0.00000000e+00 0.00000000e+00 0.00000000e+00 0.00000000e+00
 0.00000000e+00 0.00000000e+00 0.00000000e+00 0.00000000e+00
 0.00000000e+00 0.00000000e+00 0.00000000e+00 0.00000000e+00
 0.00000000e+00 0.00000000e+00 0.00000000e+00 0.00000000e+00
 0.00000000e+00 0.00000000e+00 0.00000000e+00 0.00000000e+00
 0.00000000e+00 0.00000000e+00 0.00000000e+00 0.00000000e+00
 0.00000000e+00 0.00000000e+00 0.00000000e+00 0.00000000e+00
 0.00000000e+00 0.00000000e+00 0.00000000e+00 0.00000000e+00
 0.00000000e+00 0.00000000e+00 0.00000000e+00 0.00000000e+00
 0.00000000e+00 0.00000000e+00 0.00000000e+00 0.00000000e+00
 0.00000000e+00 0.00000000e+00 0.00000000e+00 0.00000000e+00
 0.00000000e+00 0.00000000e+00 0.00000000e+00 0.00000000e+00
 0.00000000e+00 0.00000000e+00 0.00000000e+00 0.00000000e+00
 0.00000000e+00 0.00000000e+00 0.00000000e+00 0.00000000e+00
 0.00000000e+00 0.00000000e+00 0.00000000e+00 0.00000000e+00
 0.00000000e+00 0.00000000e+00 0.00000000e+00 0.00000000e+00
 0.00000000e+00 0.00000000e+00 0.00000000e+00 0.00000000e+00
 0.00000000e+00 0.00000000e+00 0.00000000e+00 0.00000000e+00
 0.00000000e+00 0.00000000e+00 0.00000000e+00 0.00000000e+00
 0.00000000e+00 0.00000000e+00 0.00000000e+00 0.00000000e+00
 0.00000000e+00 0.00000000e+00 0.00000000e+00 0.00000000e+00
 0.00000000e+00 0.00000000e+00 0.00000000e+00 0.00000000e+00
 0.00000000e+00 0.00000000e+00 0.00000000e+00 0.00000000e+00
 0.00000000e+00 0.00000000e+00 0.00000000e+00 0.00000000e+00
 0.00000000e+00 0.00000000e+00 0.00000000e+00 0.00000000e+00
 0.00000000e+00 0.00000000e+00]
norm_dvd: [0. 0. 0. 0. 0. 0. 0. 0. 0. 0. 0. 0. 0. 0. 0. 0. 0. 0. 0. 0. 0. 0. 0. 0.
 0. 0. 0. 0. 0. 0. 0. 0. 0. 0. 0. 0. 0. 0. 0. 0. 0. 0. 0. 0. 0. 0. 0. 0.
 0. 0. 0. 0. 0. 0. 0. 0. 0. 0. 0. 0. 0. 0. 0. 0. 0. 0. 0. 0. 0. 0. 0. 0.
 0. 0. 0. 0. 0. 0. 0. 0. 0. 0. 0. 0. 0. 0. 0. 0. 0. 0. 0. 0. 0. 0. 0. 0.
 0. 0. 0. 0. 0. 0. 0. 0. 0. 0. 0. 0. 0. 0. 0. 0. 0. 0. 0. 0. 0. 0. 0. 0.
 0. 0. 0. 0. 0. 0. 0. 0. 0. 0. 0. 0. 0. 0. 0. 0. 0. 0. 0. 0. 0. 0. 0. 0.
 0. 0. 0. 0. 0. 0. 0. 0. 0. 0. 0. 0. 0. 0. 0. 0. 0. 0. 0. 0. 0. 0. 0. 0.
 0. 0. 0. 0. 0. 0. 0. 0. 0. 0. 0. 0. 0. 0. 0. 0. 0. 0. 0. 0. 0. 0. 0. 0.
 0. 0. 0. 0. 0. 0. 0. 0. 0. 0. 0. 0. 0. 0. 0. 0. 0. 0. 0. 0. 0. 0. 0. 0.
 0. 0. 0. 0. 0. 0. 0. 0. 0. 0. 0. 0. 0. 0. 0. 0. 0. 0. 0. 0. 0. 0. 0. 0.
 0. 0. 0. 0. 0. 0. 0. 0. 0. 0. 0. 0. 0. 0. 0. 0. 0. 0. 0. 0. 0. 0. 0. 0.
 0. 0. 0. 0. 0. 0. 0. 0. 0. 0. 0. 0. 0. 0. 0. 0. 0. 0. 0. 0. 0. 0. 0. 0.
 0. 0. 0. 0. 0. 0. 0. 0. 0. 0. 0. 0. 0. 0. 0. 0. 0. 0. 0. 0. 0. 0. 0. 0.
 0. 0. 0. 0. 0. 0. 0. 0. 0. 0. 0. 0. 0. 0. 0. 0. 0. 0.]
norm_did: [1.95829545e+03 0.00000000e+00 4.89573872e+02 2.44786934e+02
 3.67180398e+02 4.87305537e+02 4.87305542e+02 7.27865022e+02
 4.69724992e+02 0.00000000e+00 6.85460552e+02 6.14082610e+02
 0.00000000e+00 8.47962179e+02 6.83018132e+02 7.20609961e+02
 6.85225773e+02 5.64977469e+02 4.39397546e+02 8.44803701e+02
 4.16480194e+02 7.73585767e+02 8.55041874e+02 0.00000000e+00
 1.55695989e+03 0.00000000e+00 0.00000000e+00 1.85878856e+03
 0.00000000e+00 1.51857057e+03 0.00000000e+00 0.00000000e+00
 0.00000000e+00 3.39829704e+03 0.00000000e+00 0.00000000e+00
 2.47984799e+03 0.00000000e+00 0.00000000e+00 3.39412406e+03
 0.00000000e+00 0.00000000e+00 3.12951910e+03 0.00000000e+00
 0.00000000e+00 1.99312130e+03 0.00000000e+00 1.17193278e+03
 1.19996101e+03 1.19996115e+03 0.00000000e+00 0.00000000e+00
 1.72279452e+03 8.61397255e+02 8.61397248e+02 1.04273170e+03
 9.54990717e+02 1.33913545e+03 1.17219470e+03 1.42084102e+03
 1.71810775e+03 2.29080983e+03 1.01640821e+04 4.06563266e+03
 3.04922440e+03 2.79512315e+03 3.30332653e+03 3.81152953e+03
 5.24085107e+03 1.00846547e+04 3.33201236e+04 1.86070746e+05
 1.07898901e+06 6.14265505e+06 3.43763208e+07 1.74736454e+08
 7.04730834e+08 1.96770153e+09 2.28928253e+09 6.00168570e+08
 1.52302141e+09 2.14820025e+10 5.54777739e+09 4.97824867e+09
 1.91261096e+09 1.92193156e+09 1.90698487e+09 1.87769772e+09
 1.82135523e+09 1.62862215e+09 1.58278127e+09 1.54753784e+09
 1.52801079e+09 1.51270858e+09 1.49975359e+09 1.48389257e+09
 1.46564479e+09 1.45657373e+09 1.43904819e+09 1.42569399e+09
 1.40738409e+09 1.38631375e+09 1.36339658e+09 1.35088356e+09
 1.34670400e+09 1.34178656e+09 1.33819643e+09 1.33430191e+09
 1.32943723e+09 1.32373456e+09 1.32053225e+09 1.31789864e+09
 1.31614864e+09 1.31435827e+09 1.31189187e+09 1.30849928e+09
 1.30598402e+09 1.30311394e+09 1.29930102e+09 1.29707914e+09
 1.29464307e+09 1.29207303e+09 1.28918804e+09 1.28642145e+09
 1.28277678e+09 1.27961394e+09 1.27511934e+09 1.26915570e+09
 1.26304918e+09 1.26408804e+09 1.25006552e+09 1.25290614e+09
 1.24990554e+09 1.24387548e+09 1.23183466e+09 1.20776742e+09
 1.15992116e+09 1.01558805e+09 9.77133016e+08 9.38797876e+08
 9.22013893e+08 9.08658976e+08 8.97810737e+08 8.86013583e+08
 8.72853763e+08 8.63959796e+08 8.53801666e+08 8.42267924e+08
 8.29641837e+08 8.12809454e+08 7.89415330e+08 7.49255674e+08
 7.07517485e+08 7.02347290e+08 6.99754219e+08 6.92894337e+08
 6.79338281e+08 6.53002123e+08 6.04144991e+08 5.21117943e+08
 4.03217922e+08 3.30639440e+08 2.81367802e+08 2.45369729e+08
 2.17638153e+08 1.95457608e+08 1.77231405e+08 1.61709902e+08
 1.51437225e+09 0.00000000e+00 0.00000000e+00 0.00000000e+00
 0.00000000e+00 0.00000000e+00 0.00000000e+00 0.00000000e+00
 0.00000000e+00 0.00000000e+00 0.00000000e+00 0.00000000e+00
 0.00000000e+00 0.00000000e+00 0.00000000e+00 0.00000000e+00
 0.00000000e+00 0.00000000e+00 0.00000000e+00 0.00000000e+00
 0.00000000e+00 0.00000000e+00 0.00000000e+00 0.00000000e+00
 0.00000000e+00 0.00000000e+00 0.00000000e+00 0.00000000e+00
 0.00000000e+00 0.00000000e+00 0.00000000e+00 0.00000000e+00
 0.00000000e+00 0.00000000e+00 0.00000000e+00 0.00000000e+00
 0.00000000e+00 0.00000000e+00 0.00000000e+00 0.00000000e+00
 0.00000000e+00 0.00000000e+00 0.00000000e+00 0.00000000e+00
 0.00000000e+00 0.00000000e+00 0.00000000e+00 0.00000000e+00
 0.00000000e+00 0.00000000e+00 0.00000000e+00 0.00000000e+00
 0.00000000e+00 0.00000000e+00 0.00000000e+00 0.00000000e+00
 0.00000000e+00 0.00000000e+00 0.00000000e+00 0.00000000e+00
 0.00000000e+00 0.00000000e+00 0.00000000e+00 0.00000000e+00
 0.00000000e+00 0.00000000e+00 0.00000000e+00 0.00000000e+00
 0.00000000e+00 0.00000000e+00 0.00000000e+00 0.00000000e+00
 0.00000000e+00 0.00000000e+00 0.00000000e+00 0.00000000e+00
 0.00000000e+00 0.00000000e+00 0.00000000e+00 0.00000000e+00
 0.00000000e+00 0.00000000e+00 0.00000000e+00 0.00000000e+00
 0.00000000e+00 0.00000000e+00 0.00000000e+00 0.00000000e+00
 0.00000000e+00 0.00000000e+00 0.00000000e+00 0.00000000e+00
 0.00000000e+00 0.00000000e+00 0.00000000e+00 0.00000000e+00
 0.00000000e+00 0.00000000e+00 0.00000000e+00 0.00000000e+00
 0.00000000e+00 0.00000000e+00 0.00000000e+00 0.00000000e+00
 0.00000000e+00 0.00000000e+00 0.00000000e+00 0.00000000e+00
 0.00000000e+00 0.00000000e+00 0.00000000e+00 0.00000000e+00
 0.00000000e+00 0.00000000e+00 0.00000000e+00 0.00000000e+00
 0.00000000e+00 0.00000000e+00 0.00000000e+00 0.00000000e+00
 0.00000000e+00 0.00000000e+00 0.00000000e+00 0.00000000e+00
 0.00000000e+00 0.00000000e+00 0.00000000e+00 0.00000000e+00
 0.00000000e+00 0.00000000e+00 0.00000000e+00 0.00000000e+00
 0.00000000e+00 0.00000000e+00 0.00000000e+00 0.00000000e+00
 0.00000000e+00 0.00000000e+00 0.00000000e+00 0.00000000e+00
 0.00000000e+00 0.00000000e+00 0.00000000e+00 0.00000000e+00
 0.00000000e+00 0.00000000e+00 0.00000000e+00 0.00000000e+00
 0.00000000e+00 0.00000000e+00 0.00000000e+00 0.00000000e+00
 0.00000000e+00 0.00000000e+00 0.00000000e+00 0.00000000e+00
 0.00000000e+00 0.00000000e+00 0.00000000e+00 0.00000000e+00
 0.00000000e+00 0.00000000e+00]
[WARNING]: Quasi-static verification failed
[WARNING]: Max normalized derivatives: dVg/dt=2.50e+11, dVd/dt=0.00e+00, dId/dt=2.15e+10

  ngspice: ✓ PASS  (56.7s)

✓ Benchmark completed: /home/duhaochen/website-trial-v1/data/spice-model-benchmark/31e19f6c9cbc4adec2c3ae54062bdd52/ngspice
