$ /usr/bin/time -v -o /home/duhaochen/website-trial-v1/data/spice-model-benchmark/a9249aae377cd2fafa340ce69bfc2164/ngspice/resource.txt /usr/bin/python -m spice_model_benchmark.cli /home/duhaochen/pipeline_full_collection/benchmark-inputs/a9249aae377cd2fafa340ce69bfc2164/ngspice.lib --simulator ngspice --modes dc transient ac noise --output-dir /home/duhaochen/website-trial-v1/data/spice-model-benchmark/a9249aae377cd2fafa340ce69bfc2164 --dpi 120 --log-level WARNING
/home/duhaochen/spice_model_benchmark/src/spice_model_benchmark/verification_manager.py:1557: RuntimeWarning: divide by zero encountered in divide
  tc = np.mean((d_ids / d_temp) / np.abs(i_ds[:-1]))
SPICE Model Benchmark: /home/duhaochen/pipeline_full_collection/benchmark-inputs/a9249aae377cd2fafa340ce69bfc2164/ngspice.lib
Simulators: ngspice
Modes: dc, transient, ac, noise
------------------------------------------------------------

============================================================
  Running: NGSPICE
  Output:  /home/duhaochen/website-trial-v1/data/spice-model-benchmark/a9249aae377cd2fafa340ce69bfc2164/ngspice
============================================================
Vgs range: 0.000V to 1.200V
Ids range: -5.595e-04A to 0.000e+00A
Selected Vgs values: [0.  0.2 0.4 0.6 0.8 1.  1.2]
Vgs=0.000V: Ids range -1.255e-12A to -1.064e-16A
Vgs=0.200V: Ids range -1.350e-10A to 0.000e+00A
Vgs=0.400V: Ids range -1.382e-08A to 0.000e+00A
Vgs=0.600V: Ids range -1.014e-06A to 0.000e+00A
Vgs=0.800V: Ids range -4.392e-05A to 0.000e+00A
Vgs=1.000V: Ids range -2.426e-04A to 0.000e+00A
Vgs=1.200V: Ids range -5.595e-04A to 0.000e+00A
ids_variation: 7.56766752620076
ids_variation <= max_variation: False
tc: inf
abs(tc) <= max_tc: False
[WARNING]: Temperature effects verification failed - effects outside expected range
/home/duhaochen/spice_model_benchmark/src/spice_model_benchmark/verification_manager.py:1817: RuntimeWarning: divide by zero encountered in log
  log_ids = np.log(np.abs(i_ds))
/home/duhaochen/.local/lib/python3.9/site-packages/numpy/lib/function_base.py:2742: RuntimeWarning: invalid value encountered in subtract
  X -= avg[:, None]
/home/duhaochen/spice_model_benchmark/src/spice_model_benchmark/verification_manager.py:1862: RuntimeWarning: divide by zero encountered in divide
  efficiency = np.abs(gm / i_ds)  # Transconductance efficiency
[INFO]: S-parameter analysis plot saved to /home/duhaochen/website-trial-v1/data/spice-model-benchmark/a9249aae377cd2fafa340ce69bfc2164/ngspice/plots/ac_cv_sparameter_analysis.png
[INFO]: NQS effects plot saved to /home/duhaochen/website-trial-v1/data/spice-model-benchmark/a9249aae377cd2fafa340ce69bfc2164/ngspice/plots/ac_cv_nqs_effects.png
[INFO]: S-parameter analysis plot saved to /home/duhaochen/website-trial-v1/data/spice-model-benchmark/a9249aae377cd2fafa340ce69bfc2164/ngspice/plots/ac_cv_sparameter_analysis.png
norm_dvg: [2.50000000e+11 1.25000000e+11 6.25000000e+10 3.12500000e+10
 1.56250000e+10 1.01862423e+10 7.29610699e+09 5.64219508e+09
 4.52346329e+09 3.83789504e+09 3.59748531e+09 3.33617325e+09
 3.13169666e+09 2.93683830e+09 2.77701833e+09 2.55441708e+09
 2.48792985e+09 2.42540263e+09 2.34399302e+09 2.28149434e+09
 2.23328836e+09 2.17901471e+09 2.11931011e+09 2.05792704e+09
 2.03614215e+09 2.02191198e+09 2.01007260e+09 2.00000294e+09
 1.99908744e+09 1.99727946e+09 1.99366053e+09 1.98646337e+09
 1.97759454e+09 1.96787972e+09 1.95760197e+09 1.94492081e+09
 1.92393064e+09 1.88327963e+09 1.80692280e+09 1.72270126e+09
 1.68378920e+09 1.65431943e+09 1.62725953e+09 1.59430833e+09
 1.56679449e+09 1.53622090e+09 1.49558256e+09 1.44684686e+09
 1.38961526e+09 1.33099700e+09 1.27495381e+09 1.21551196e+09
 1.15379019e+09 1.12768502e+09 1.11046814e+09 1.09719803e+09
 1.08377192e+09 1.06789577e+09 1.05527084e+09 1.04474427e+09
 1.03203082e+09 1.02001232e+09 1.00990711e+09 1.00000000e+09
 9.99072761e+08 9.97225669e+08 9.93552127e+08 9.86282898e+08
 9.72059969e+08 9.48985962e+08 9.25379747e+08 8.98259934e+08
 8.67681273e+08 8.38439652e+08 8.09404076e+08 7.83047242e+08
 7.55265682e+08 7.11456555e+08 6.70458493e+08 6.35648014e+08
 5.97618776e+08 5.70222254e+08 5.52680683e+08 5.42287624e+08
 5.36267022e+08 5.30771035e+08 5.23773307e+08 5.19610564e+08
 5.13504716e+08 5.07175022e+08 4.98247310e+08 4.85801984e+08
 4.77418161e+08 4.71103737e+08 4.68223048e+08 4.65488207e+08
 4.63698766e+08 4.61851839e+08 4.59662426e+08 4.58401657e+08
 4.56413043e+08 4.54171067e+08 4.49752968e+08 4.45455212e+08
 4.40339034e+08 4.33833182e+08 4.30140279e+08 4.27724846e+08
 4.24559352e+08 4.21958050e+08 4.19161331e+08 4.15581450e+08
 4.10700451e+08 4.05043891e+08 3.98687972e+08 3.92287318e+08
 3.84795659e+08 3.76409347e+08 3.65787526e+08 3.52902668e+08
 3.36562857e+08 3.17735053e+08 2.95888340e+08 2.71311288e+08
 2.45151430e+08 2.18178917e+08 1.89586329e+08 1.64618757e+08
 1.45462122e+08 1.30299239e+08 1.17999086e+08 1.07820876e+08
 1.01139630e+08 9.52348759e+07 9.52307618e+07 9.52124780e+07
 9.51745237e+07 9.51043265e+07 9.49614659e+07 9.47157325e+07
 9.44944194e+07 9.41925878e+07 9.39073129e+07 9.35533290e+07
 9.33355958e+07 9.32042983e+07 9.31051030e+07 9.30139088e+07
 9.29012093e+07 9.28010840e+07 9.27325622e+07 9.26462999e+07
 9.25676143e+07 9.24692660e+07 9.23581196e+07 9.22220509e+07
 9.20586899e+07 9.18541177e+07 9.16004430e+07 9.13647814e+07
 9.12529952e+07 9.12039780e+07 9.11613130e+07 9.11069668e+07
 9.10725470e+07 9.10261561e+07 9.09684368e+07 9.09409218e+07
 9.08923969e+07 9.09186630e+07 9.09015932e+07 9.08952980e+07
 9.08851953e+07 9.08590358e+07 9.08093671e+07 9.07085108e+07
 9.06311001e+07 9.05694139e+07 9.05142302e+07 9.04410907e+07
 9.03724070e+07 9.02980265e+07 9.02218982e+07 9.01074549e+07
 8.99598616e+07 8.97536270e+07 8.94819529e+07 8.91191730e+07
 8.86706946e+07 8.82042576e+07 8.76541918e+07 8.74641482e+07
 8.71803740e+07 8.70322036e+07 8.68231046e+07 8.65846555e+07
 8.63925174e+07 8.62524632e+07 8.61002897e+07 8.59350504e+07
 8.58386931e+07 8.57108179e+07 8.55773270e+07 8.53847511e+07
 8.51279426e+07 8.49069372e+07 8.46630900e+07 8.44092479e+07
 8.40676584e+07 8.36836477e+07 8.33331262e+07 8.32871012e+07
 8.31937480e+07 8.30249448e+07 8.26889929e+07 8.24347505e+07
 8.22731965e+07 8.21712430e+07 8.20770276e+07 8.19557270e+07
 8.18648798e+07 8.17705621e+07 8.16622180e+07 8.15381119e+07
 8.13769326e+07 8.11598335e+07 8.08549184e+07 8.04970526e+07
 8.03714235e+07 8.02974078e+07 8.02475717e+07 8.02055548e+07
 8.01604729e+07 8.01148238e+07 8.00622103e+07 8.00020769e+07
 7.99421080e+07 7.98635349e+07 7.97481978e+07 7.95986026e+07
 7.94489733e+07 7.92442837e+07 7.90254544e+07 7.89140675e+07
 7.88258691e+07 7.87100291e+07 7.86207540e+07 7.84937636e+07
 7.83516937e+07 7.81373660e+07 7.78656544e+07 7.74903455e+07
 7.70169694e+07 7.64492755e+07 7.57619586e+07 7.49215610e+07
 7.39051223e+07 7.27343679e+07 7.14239921e+07 6.99548097e+07
 6.82643593e+07 6.62406325e+07 6.36762746e+07 6.05897712e+07
 5.77886491e+07 5.52350806e+07 5.28976300e+07 5.14080221e+07
 0.00000000e+00 0.00000000e+00 0.00000000e+00 0.00000000e+00
 0.00000000e+00 0.00000000e+00 0.00000000e+00 0.00000000e+00
 0.00000000e+00 0.00000000e+00 0.00000000e+00 0.00000000e+00
 0.00000000e+00 0.00000000e+00 0.00000000e+00 0.00000000e+00
 0.00000000e+00 0.00000000e+00 0.00000000e+00 0.00000000e+00
 0.00000000e+00 0.00000000e+00 0.00000000e+00 0.00000000e+00
 0.00000000e+00 0.00000000e+00 0.00000000e+00 0.00000000e+00
 0.00000000e+00 0.00000000e+00 0.00000000e+00 0.00000000e+00
 0.00000000e+00 0.00000000e+00 0.00000000e+00 0.00000000e+00
 0.00000000e+00 0.00000000e+00 0.00000000e+00 0.00000000e+00
 0.00000000e+00 0.00000000e+00 0.00000000e+00 0.00000000e+00
 0.00000000e+00 0.00000000e+00 0.00000000e+00 0.00000000e+00
 0.00000000e+00 0.00000000e+00 0.00000000e+00 0.00000000e+00
 0.00000000e+00 0.00000000e+00 0.00000000e+00 0.00000000e+00
 0.00000000e+00 0.00000000e+00 0.00000000e+00 0.00000000e+00
 0.00000000e+00 0.00000000e+00 0.00000000e+00 0.00000000e+00
 0.00000000e+00 0.00000000e+00 0.00000000e+00 0.00000000e+00
 0.00000000e+00 0.00000000e+00 0.00000000e+00 0.00000000e+00
 0.00000000e+00 0.00000000e+00 0.00000000e+00 0.00000000e+00
 0.00000000e+00 0.00000000e+00 0.00000000e+00 0.00000000e+00
 0.00000000e+00 0.00000000e+00 0.00000000e+00 0.00000000e+00
 0.00000000e+00 0.00000000e+00 0.00000000e+00 0.00000000e+00
 0.00000000e+00 0.00000000e+00 0.00000000e+00 0.00000000e+00
 0.00000000e+00 0.00000000e+00 0.00000000e+00 0.00000000e+00
 0.00000000e+00 0.00000000e+00 0.00000000e+00 0.00000000e+00
 0.00000000e+00 0.00000000e+00 0.00000000e+00 0.00000000e+00
 0.00000000e+00 0.00000000e+00 0.00000000e+00 0.00000000e+00
 0.00000000e+00 0.00000000e+00 0.00000000e+00 0.00000000e+00
 0.00000000e+00 0.00000000e+00 0.00000000e+00 0.00000000e+00
 0.00000000e+00 0.00000000e+00 0.00000000e+00 0.00000000e+00
 0.00000000e+00 0.00000000e+00 0.00000000e+00 0.00000000e+00
 0.00000000e+00 0.00000000e+00 0.00000000e+00 0.00000000e+00
 0.00000000e+00 0.00000000e+00 0.00000000e+00 0.00000000e+00
 0.00000000e+00 0.00000000e+00 0.00000000e+00 0.00000000e+00
 0.00000000e+00 0.00000000e+00 0.00000000e+00 0.00000000e+00
 0.00000000e+00 0.00000000e+00 0.00000000e+00 0.00000000e+00
 0.00000000e+00 0.00000000e+00 0.00000000e+00 0.00000000e+00
 0.00000000e+00 0.00000000e+00 0.00000000e+00 0.00000000e+00
 0.00000000e+00 0.00000000e+00 0.00000000e+00 0.00000000e+00
 0.00000000e+00 0.00000000e+00 0.00000000e+00 0.00000000e+00
 0.00000000e+00 0.00000000e+00 0.00000000e+00 0.00000000e+00
 0.00000000e+00 0.00000000e+00 0.00000000e+00 0.00000000e+00
 0.00000000e+00 0.00000000e+00 0.00000000e+00 0.00000000e+00
 0.00000000e+00 0.00000000e+00 0.00000000e+00 0.00000000e+00
 0.00000000e+00 0.00000000e+00 0.00000000e+00 0.00000000e+00
 0.00000000e+00 0.00000000e+00 0.00000000e+00 0.00000000e+00
 0.00000000e+00 0.00000000e+00 0.00000000e+00 0.00000000e+00
 0.00000000e+00 0.00000000e+00 0.00000000e+00 0.00000000e+00
 0.00000000e+00 0.00000000e+00 0.00000000e+00 0.00000000e+00
 0.00000000e+00 0.00000000e+00 0.00000000e+00 0.00000000e+00
 0.00000000e+00 0.00000000e+00 0.00000000e+00 0.00000000e+00
 0.00000000e+00 0.00000000e+00 0.00000000e+00 0.00000000e+00
 0.00000000e+00 0.00000000e+00 0.00000000e+00 0.00000000e+00
 0.00000000e+00 0.00000000e+00 0.00000000e+00 0.00000000e+00
 0.00000000e+00 0.00000000e+00 0.00000000e+00 0.00000000e+00
 0.00000000e+00 0.00000000e+00 0.00000000e+00 0.00000000e+00
 0.00000000e+00 0.00000000e+00 0.00000000e+00 0.00000000e+00
 0.00000000e+00 0.00000000e+00 0.00000000e+00 0.00000000e+00
 0.00000000e+00 0.00000000e+00 0.00000000e+00 0.00000000e+00
 0.00000000e+00 0.00000000e+00 0.00000000e+00 0.00000000e+00
 0.00000000e+00 0.00000000e+00 0.00000000e+00 0.00000000e+00
 0.00000000e+00 0.00000000e+00 0.00000000e+00 0.00000000e+00
 0.00000000e+00 0.00000000e+00 0.00000000e+00 0.00000000e+00
 0.00000000e+00 0.00000000e+00 0.00000000e+00 0.00000000e+00
 0.00000000e+00 0.00000000e+00 0.00000000e+00 0.00000000e+00
 0.00000000e+00 0.00000000e+00 0.00000000e+00 0.00000000e+00
 0.00000000e+00 0.00000000e+00 0.00000000e+00 0.00000000e+00]
norm_dvd: [0. 0. 0. 0. 0. 0. 0. 0. 0. 0. 0. 0. 0. 0. 0. 0. 0. 0. 0. 0. 0. 0. 0. 0.
 0. 0. 0. 0. 0. 0. 0. 0. 0. 0. 0. 0. 0. 0. 0. 0. 0. 0. 0. 0. 0. 0. 0. 0.
 0. 0. 0. 0. 0. 0. 0. 0. 0. 0. 0. 0. 0. 0. 0. 0. 0. 0. 0. 0. 0. 0. 0. 0.
 0. 0. 0. 0. 0. 0. 0. 0. 0. 0. 0. 0. 0. 0. 0. 0. 0. 0. 0. 0. 0. 0. 0. 0.
 0. 0. 0. 0. 0. 0. 0. 0. 0. 0. 0. 0. 0. 0. 0. 0. 0. 0. 0. 0. 0. 0. 0. 0.
 0. 0. 0. 0. 0. 0. 0. 0. 0. 0. 0. 0. 0. 0. 0. 0. 0. 0. 0. 0. 0. 0. 0. 0.
 0. 0. 0. 0. 0. 0. 0. 0. 0. 0. 0. 0. 0. 0. 0. 0. 0. 0. 0. 0. 0. 0. 0. 0.
 0. 0. 0. 0. 0. 0. 0. 0. 0. 0. 0. 0. 0. 0. 0. 0. 0. 0. 0. 0. 0. 0. 0. 0.
 0. 0. 0. 0. 0. 0. 0. 0. 0. 0. 0. 0. 0. 0. 0. 0. 0. 0. 0. 0. 0. 0. 0. 0.
 0. 0. 0. 0. 0. 0. 0. 0. 0. 0. 0. 0. 0. 0. 0. 0. 0. 0. 0. 0. 0. 0. 0. 0.
 0. 0. 0. 0. 0. 0. 0. 0. 0. 0. 0. 0. 0. 0. 0. 0. 0. 0. 0. 0. 0. 0. 0. 0.
 0. 0. 0. 0. 0. 0. 0. 0. 0. 0. 0. 0. 0. 0. 0. 0. 0. 0. 0. 0. 0. 0. 0. 0.
 0. 0. 0. 0. 0. 0. 0. 0. 0. 0. 0. 0. 0. 0. 0. 0. 0. 0. 0. 0. 0. 0. 0. 0.
 0. 0. 0. 0. 0. 0. 0. 0. 0. 0. 0. 0. 0. 0. 0. 0. 0. 0. 0. 0. 0. 0. 0. 0.
 0. 0. 0. 0. 0. 0. 0. 0. 0. 0. 0. 0. 0. 0. 0. 0. 0. 0. 0. 0. 0. 0. 0. 0.
 0. 0. 0. 0. 0. 0. 0. 0. 0. 0. 0. 0. 0. 0. 0. 0. 0. 0. 0. 0. 0. 0. 0. 0.
 0. 0. 0. 0. 0. 0. 0. 0. 0. 0. 0. 0. 0. 0. 0. 0. 0. 0. 0. 0. 0. 0. 0. 0.
 0. 0. 0. 0. 0. 0. 0. 0. 0. 0. 0. 0. 0. 0. 0. 0. 0. 0. 0. 0. 0. 0. 0. 0.
 0. 0. 0. 0. 0. 0. 0. 0. 0. 0. 0. 0. 0. 0. 0. 0. 0. 0. 0. 0. 0. 0. 0. 0.
 0. 0. 0. 0. 0. 0. 0. 0. 0. 0. 0. 0. 0. 0. 0. 0. 0. 0. 0. 0. 0. 0. 0. 0.
 0. 0. 0. 0. 0. 0. 0. 0. 0. 0. 0. 0. 0. 0. 0. 0. 0. 0. 0. 0. 0. 0. 0. 0.
 0. 0. 0. 0. 0. 0. 0. 0. 0. 0. 0. 0. 0. 0. 0. 0. 0. 0. 0. 0. 0. 0. 0. 0.
 0. 0. 0. 0. 0. 0. 0. 0.]
norm_did: [0.00000000e+00 1.93393074e+02 0.00000000e+00 4.83482622e+01
 0.00000000e+00 3.97848699e+01 7.70171883e+01 3.52958859e+01
 3.91781880e+01 8.88528562e+01 7.10589361e+01 0.00000000e+00
 7.30250531e+01 7.89511093e+01 4.93030648e+01 1.47884471e+02
 0.00000000e+00 1.08042253e+02 1.32385197e+02 0.00000000e+00
 1.38722375e+02 0.00000000e+00 1.09927809e+02 0.00000000e+00
 4.47558182e+02 0.00000000e+00 0.00000000e+00 0.00000000e+00
 0.00000000e+00 0.00000000e+00 0.00000000e+00 0.00000000e+00
 0.00000000e+00 5.79942256e+02 0.00000000e+00 0.00000000e+00
 1.37900811e+02 6.89503965e+01 1.14363640e+02 1.15330782e+02
 0.00000000e+00 1.53916541e+02 1.21811623e+02 1.40464083e+02
 1.21800749e+02 8.74697838e+01 1.37387288e+02 1.08703183e+02
 1.46450674e+02 1.40540062e+02 1.61343960e+02 1.75771492e+02
 2.31333443e+02 1.12532121e+02 2.84099240e+02 1.37027158e+02
 2.25572374e+02 1.38098182e+02 3.24079898e+02 1.31210327e+02
 2.71026077e+02 1.57713261e+02 3.15426576e+02 0.00000000e+00
 0.00000000e+00 4.17155022e+02 2.08577793e+02 2.08577666e+02
 2.47416567e+02 2.87768588e+02 2.84527203e+02 3.15471716e+02
 3.07931161e+02 3.61608128e+02 4.09246170e+02 3.95222794e+02
 4.93386835e+02 5.76021255e+02 6.81886395e+02 8.03632374e+02
 9.62214177e+02 1.08405950e+03 1.15999116e+03 1.27046872e+03
 1.28199519e+03 1.41368445e+03 1.41604506e+03 1.48748136e+03
 1.59142414e+03 1.66411078e+03 1.80539523e+03 1.96886151e+03
 2.09415839e+03 2.13207659e+03 2.21943710e+03 2.23967663e+03
 2.33218743e+03 2.40086323e+03 2.32560714e+03 2.44217881e+03
 2.57484138e+03 2.57484144e+03 2.66886571e+03 2.84694687e+03
 2.99848984e+03 3.12708275e+03 3.18138128e+03 3.37324933e+03
 3.51572527e+03 3.52257491e+03 3.76400608e+03 3.89540549e+03
 4.14042125e+03 4.48123678e+03 4.83881766e+03 5.29965437e+03
 5.90527139e+03 6.77861684e+03 8.13759099e+03 1.03690088e+04
 1.42709150e+04 2.17049425e+04 3.78111850e+04 7.76840229e+04
 1.96329819e+05 6.88683702e+05 3.14070909e+06 1.51167542e+07
 7.23116709e+07 3.53983750e+08 2.17881726e+09 9.34831472e+09
 3.78747976e+09 7.46728600e+10 1.68711967e+09 1.89034573e+09
 1.89638400e+09 1.90865449e+09 1.92559385e+09 1.91132681e+09
 1.92335002e+09 1.91168464e+09 1.92060863e+09 1.88164487e+09
 1.86094702e+09 1.85567886e+09 1.85402265e+09 1.85733291e+09
 1.85233475e+09 1.84400517e+09 1.84713266e+09 1.84414615e+09
 1.84677210e+09 1.84722804e+09 1.85036456e+09 1.85313084e+09
 1.85800045e+09 1.86368160e+09 1.85445834e+09 1.82469691e+09
 1.81082412e+09 1.81001602e+09 1.81107568e+09 1.80696821e+09
 1.80761573e+09 1.80933688e+09 1.80796154e+09 1.99904802e+09
 1.68880728e+09 1.79645463e+09 1.79671987e+09 1.79774522e+09
 1.79984101e+09 1.80388357e+09 1.81202908e+09 1.80524098e+09
 1.80031410e+09 1.79758400e+09 1.79967575e+09 1.79659683e+09
 1.79610486e+09 1.79430511e+09 1.79925736e+09 1.80183224e+09
 1.80818683e+09 1.81340328e+09 1.82058420e+09 1.82203488e+09
 1.80613738e+09 1.79825540e+09 1.71461805e+09 1.71502262e+09
 1.67898432e+09 1.67890385e+09 1.67087790e+09 1.65027370e+09
 1.63097370e+09 1.62351103e+09 1.61575795e+09 1.59602689e+09
 1.59358538e+09 1.58594250e+09 1.58483743e+09 1.58028032e+09
 1.55810991e+09 1.54529556e+09 1.52889121e+09 1.52069451e+09
 1.50007383e+09 1.46716738e+09 1.43667384e+09 1.39780765e+09
 1.40981933e+09 1.41403231e+09 1.38028392e+09 1.35229297e+09
 1.33421794e+09 1.32553841e+09 1.32079766e+09 1.30887691e+09
 1.30232462e+09 1.29647533e+09 1.28951879e+09 1.28329634e+09
 1.27561241e+09 1.26603782e+09 1.24666269e+09 1.20263536e+09
 1.18915979e+09 1.18165786e+09 1.17743675e+09 1.17449728e+09
 1.17130579e+09 1.16823881e+09 1.16509324e+09 1.16057734e+09
 1.15745506e+09 1.15410442e+09 1.14789747e+09 1.13692382e+09
 1.12939129e+09 1.11524923e+09 1.09309246e+09 1.08362738e+09
 1.07887268e+09 1.06911316e+09 1.06488995e+09 1.05670844e+09
 1.05053461e+09 1.03834486e+09 1.02432818e+09 1.00255636e+09
 9.73720488e+08 9.39639904e+08 8.99170796e+08 8.50374332e+08
 7.92059560e+08 7.28308341e+08 6.63119462e+08 5.98338074e+08
 5.34074299e+08 4.70116651e+08 4.03133324e+08 3.35410186e+08
 2.87683200e+08 2.52113101e+08 2.22171344e+08 2.06740539e+08
 6.53647021e+08 0.00000000e+00 0.00000000e+00 0.00000000e+00
 0.00000000e+00 0.00000000e+00 0.00000000e+00 0.00000000e+00
 0.00000000e+00 0.00000000e+00 0.00000000e+00 0.00000000e+00
 0.00000000e+00 0.00000000e+00 0.00000000e+00 0.00000000e+00
 0.00000000e+00 0.00000000e+00 0.00000000e+00 0.00000000e+00
 0.00000000e+00 0.00000000e+00 0.00000000e+00 0.00000000e+00
 0.00000000e+00 0.00000000e+00 0.00000000e+00 0.00000000e+00
 0.00000000e+00 0.00000000e+00 0.00000000e+00 0.00000000e+00
 0.00000000e+00 0.00000000e+00 0.00000000e+00 0.00000000e+00
 0.00000000e+00 0.00000000e+00 0.00000000e+00 0.00000000e+00
 0.00000000e+00 0.00000000e+00 0.00000000e+00 0.00000000e+00
 0.00000000e+00 0.00000000e+00 0.00000000e+00 0.00000000e+00
 0.00000000e+00 0.00000000e+00 0.00000000e+00 0.00000000e+00
 0.00000000e+00 0.00000000e+00 0.00000000e+00 0.00000000e+00
 0.00000000e+00 0.00000000e+00 0.00000000e+00 0.00000000e+00
 0.00000000e+00 0.00000000e+00 0.00000000e+00 0.00000000e+00
 0.00000000e+00 0.00000000e+00 0.00000000e+00 0.00000000e+00
 0.00000000e+00 0.00000000e+00 0.00000000e+00 0.00000000e+00
 0.00000000e+00 0.00000000e+00 0.00000000e+00 0.00000000e+00
 0.00000000e+00 0.00000000e+00 0.00000000e+00 0.00000000e+00
 0.00000000e+00 0.00000000e+00 0.00000000e+00 0.00000000e+00
 0.00000000e+00 0.00000000e+00 0.00000000e+00 0.00000000e+00
 0.00000000e+00 0.00000000e+00 0.00000000e+00 0.00000000e+00
 0.00000000e+00 0.00000000e+00 0.00000000e+00 0.00000000e+00
 0.00000000e+00 0.00000000e+00 0.00000000e+00 0.00000000e+00
 0.00000000e+00 0.00000000e+00 0.00000000e+00 0.00000000e+00
 0.00000000e+00 0.00000000e+00 0.00000000e+00 0.00000000e+00
 0.00000000e+00 0.00000000e+00 0.00000000e+00 0.00000000e+00
 0.00000000e+00 0.00000000e+00 0.00000000e+00 0.00000000e+00
 0.00000000e+00 0.00000000e+00 0.00000000e+00 0.00000000e+00
 0.00000000e+00 0.00000000e+00 0.00000000e+00 0.00000000e+00
 0.00000000e+00 0.00000000e+00 0.00000000e+00 0.00000000e+00
 0.00000000e+00 0.00000000e+00 0.00000000e+00 0.00000000e+00
 0.00000000e+00 0.00000000e+00 0.00000000e+00 0.00000000e+00
 0.00000000e+00 0.00000000e+00 0.00000000e+00 0.00000000e+00
 0.00000000e+00 0.00000000e+00 0.00000000e+00 0.00000000e+00
 0.00000000e+00 0.00000000e+00 0.00000000e+00 0.00000000e+00
 0.00000000e+00 0.00000000e+00 0.00000000e+00 0.00000000e+00
 0.00000000e+00 0.00000000e+00 0.00000000e+00 0.00000000e+00
 0.00000000e+00 0.00000000e+00 0.00000000e+00 0.00000000e+00
 0.00000000e+00 0.00000000e+00 0.00000000e+00 0.00000000e+00
 0.00000000e+00 0.00000000e+00 0.00000000e+00 0.00000000e+00
 0.00000000e+00 0.00000000e+00 0.00000000e+00 0.00000000e+00
 0.00000000e+00 0.00000000e+00 0.00000000e+00 0.00000000e+00
 0.00000000e+00 0.00000000e+00 0.00000000e+00 0.00000000e+00
 0.00000000e+00 0.00000000e+00 0.00000000e+00 0.00000000e+00
 0.00000000e+00 0.00000000e+00 0.00000000e+00 0.00000000e+00
 0.00000000e+00 0.00000000e+00 0.00000000e+00 0.00000000e+00
 0.00000000e+00 0.00000000e+00 0.00000000e+00 0.00000000e+00
 0.00000000e+00 0.00000000e+00 0.00000000e+00 0.00000000e+00
 0.00000000e+00 0.00000000e+00 0.00000000e+00 0.00000000e+00
 0.00000000e+00 0.00000000e+00 0.00000000e+00 0.00000000e+00
 0.00000000e+00 0.00000000e+00 0.00000000e+00 0.00000000e+00
 0.00000000e+00 0.00000000e+00 0.00000000e+00 0.00000000e+00
 0.00000000e+00 0.00000000e+00 0.00000000e+00 0.00000000e+00
 0.00000000e+00 0.00000000e+00 0.00000000e+00 0.00000000e+00
 0.00000000e+00 0.00000000e+00 0.00000000e+00 0.00000000e+00
 0.00000000e+00 0.00000000e+00 0.00000000e+00 0.00000000e+00
 0.00000000e+00 0.00000000e+00 0.00000000e+00 0.00000000e+00
 0.00000000e+00 0.00000000e+00 0.00000000e+00 0.00000000e+00
 0.00000000e+00 0.00000000e+00 0.00000000e+00 0.00000000e+00
 0.00000000e+00 0.00000000e+00 0.00000000e+00 0.00000000e+00
 0.00000000e+00 0.00000000e+00 0.00000000e+00 0.00000000e+00
 0.00000000e+00 0.00000000e+00 0.00000000e+00 0.00000000e+00
 0.00000000e+00 0.00000000e+00 0.00000000e+00 0.00000000e+00
 0.00000000e+00 0.00000000e+00 0.00000000e+00 0.00000000e+00
 0.00000000e+00 0.00000000e+00 0.00000000e+00 0.00000000e+00]
[WARNING]: Quasi-static verification failed
[WARNING]: Max normalized derivatives: dVg/dt=2.50e+11, dVd/dt=0.00e+00, dId/dt=7.47e+10

  ngspice: ✓ PASS  (107.7s)

✓ Benchmark completed: /home/duhaochen/website-trial-v1/data/spice-model-benchmark/a9249aae377cd2fafa340ce69bfc2164/ngspice
