$ /usr/bin/time -v -o /home/duhaochen/website-trial-v1/data/spice-model-benchmark/3c2654d20983d55e19def179bed07e16/hspice/resource.txt /usr/bin/python -m spice_model_benchmark.cli /home/duhaochen/pipeline_full_collection/benchmark-inputs/3c2654d20983d55e19def179bed07e16/hspice.lib --simulator hspice --modes dc transient ac noise --output-dir /home/duhaochen/website-trial-v1/data/spice-model-benchmark/3c2654d20983d55e19def179bed07e16 --dpi 120 --log-level WARNING
SPICE Model Benchmark: /home/duhaochen/pipeline_full_collection/benchmark-inputs/3c2654d20983d55e19def179bed07e16/hspice.lib
Simulators: hspice
Modes: dc, transient, ac, noise
------------------------------------------------------------

============================================================
  Running: HSPICE
  Output:  /home/duhaochen/website-trial-v1/data/spice-model-benchmark/3c2654d20983d55e19def179bed07e16/hspice
============================================================
Vgs range: 0.000V to 1.200V
Ids range: -5.222e-03A to 2.785e-08A
Selected Vgs values: [0.  0.2 0.4 0.6 0.8 1.  1.2]
Vgs=0.000V: Ids range -1.015e-10A to -3.752e-14A
Vgs=0.200V: Ids range -4.160e-09A to 2.182e-16A
Vgs=0.400V: Ids range -1.463e-07A to 1.220e-13A
Vgs=0.600V: Ids range -1.227e-05A to 4.618e-11A
Vgs=0.800V: Ids range -4.205e-04A to 1.285e-09A
Vgs=1.000V: Ids range -2.163e-03A to 7.215e-09A
Vgs=1.200V: Ids range -5.222e-03A to 2.785e-08A
ids_variation: 22.018655095193278
ids_variation <= max_variation: False
tc: 630337025665.9829
abs(tc) <= max_tc: False
[WARNING]: Temperature effects verification failed - effects outside expected range
/home/duhaochen/spice_model_benchmark/src/spice_model_benchmark/verification_manager.py:2706: RuntimeWarning: divide by zero encountered in divide
  norm_dvg = np.abs(dvg_dt / gate_voltage[:-1])
/home/duhaochen/spice_model_benchmark/src/spice_model_benchmark/verification_manager.py:2706: RuntimeWarning: invalid value encountered in divide
  norm_dvg = np.abs(dvg_dt / gate_voltage[:-1])
norm_dvg: [1.00000000e+10 5.00000000e+09 3.33333333e+09 ... 0.00000000e+00
 0.00000000e+00 0.00000000e+00]
norm_dvd: [0. 0. 0. ... 0. 0. 0.]
norm_did: [3.34629694e+06 3.33859255e+06 3.35722669e+06 ... 0.00000000e+00
 1.91420825e+03 1.91420788e+03]
[WARNING]: Quasi-static verification failed
[WARNING]: Max normalized derivatives: dVg/dt=nan, dVd/dt=0.00e+00, dId/dt=3.46e+13
/home/duhaochen/spice_model_benchmark/src/spice_model_benchmark/plot_generator.py:336: UserWarning: Attempting to set identical low and high ylims makes transformation singular; automatically expanding.
  plt.ylim(0, max_cap*1.2)  # Add 20% margin to ensure all components are visible
[INFO]: S-parameter analysis plot saved to /home/duhaochen/website-trial-v1/data/spice-model-benchmark/3c2654d20983d55e19def179bed07e16/hspice/plots/ac_cv_sparameter_analysis.png
[INFO]: S-parameter analysis plot saved to /home/duhaochen/website-trial-v1/data/spice-model-benchmark/3c2654d20983d55e19def179bed07e16/hspice/plots/ac_cv_sparameter_analysis.png
[INFO]: NQS effects plot saved to /home/duhaochen/website-trial-v1/data/spice-model-benchmark/3c2654d20983d55e19def179bed07e16/hspice/plots/ac_cv_nqs_effects.png
[WARNING]: Cannot compute correlation: constant data detected

  hspice: ✓ PASS  (211.1s)

✓ Benchmark completed: /home/duhaochen/website-trial-v1/data/spice-model-benchmark/3c2654d20983d55e19def179bed07e16/hspice
