$ /usr/bin/time -v -o /home/duhaochen/website-trial-v1/data/spice-model-benchmark/e4d33ab1d288e924fb1f70c8354a9612/ngspice/resource.txt /usr/bin/python -m spice_model_benchmark.cli /home/duhaochen/pipeline_full_collection/benchmark-inputs/e4d33ab1d288e924fb1f70c8354a9612/ngspice.lib --simulator ngspice --modes dc transient ac noise --output-dir /home/duhaochen/website-trial-v1/data/spice-model-benchmark/e4d33ab1d288e924fb1f70c8354a9612 --dpi 120 --log-level WARNING
/home/duhaochen/spice_model_benchmark/src/spice_model_benchmark/verification_manager.py:1557: RuntimeWarning: divide by zero encountered in divide
  tc = np.mean((d_ids / d_temp) / np.abs(i_ds[:-1]))
SPICE Model Benchmark: /home/duhaochen/pipeline_full_collection/benchmark-inputs/e4d33ab1d288e924fb1f70c8354a9612/ngspice.lib
Simulators: ngspice
Modes: dc, transient, ac, noise
------------------------------------------------------------

============================================================
  Running: NGSPICE
  Output:  /home/duhaochen/website-trial-v1/data/spice-model-benchmark/e4d33ab1d288e924fb1f70c8354a9612/ngspice
============================================================
Vgs range: -1.200V to 0.000V
Ids range: 0.000e+00A to 6.377e-04A
Selected Vgs values: [-1.2 -1.  -0.8 -0.6 -0.4 -0.2  0. ]
Vgs=-1.200V: Ids range 0.000e+00A to 6.377e-04A
Vgs=-1.000V: Ids range 0.000e+00A to 3.515e-04A
Vgs=-0.800V: Ids range 0.000e+00A to 1.310e-04A
Vgs=-0.600V: Ids range 0.000e+00A to 8.962e-06A
Vgs=-0.400V: Ids range 0.000e+00A to 1.044e-07A
Vgs=-0.200V: Ids range 0.000e+00A to 7.558e-10A
Vgs=0.000V: Ids range 2.049e-16A to 4.652e-12A
ids_variation: 6.234049017115818
ids_variation <= max_variation: False
tc: inf
abs(tc) <= max_tc: False
[WARNING]: Temperature effects verification failed - effects outside expected range
/home/duhaochen/spice_model_benchmark/src/spice_model_benchmark/verification_manager.py:1817: RuntimeWarning: divide by zero encountered in log
  log_ids = np.log(np.abs(i_ds))
/home/duhaochen/.local/lib/python3.9/site-packages/numpy/lib/function_base.py:2742: RuntimeWarning: invalid value encountered in subtract
  X -= avg[:, None]
/home/duhaochen/spice_model_benchmark/src/spice_model_benchmark/verification_manager.py:1862: RuntimeWarning: divide by zero encountered in divide
  efficiency = np.abs(gm / i_ds)  # Transconductance efficiency
[INFO]: S-parameter analysis plot saved to /home/duhaochen/website-trial-v1/data/spice-model-benchmark/e4d33ab1d288e924fb1f70c8354a9612/ngspice/plots/ac_cv_sparameter_analysis.png
[INFO]: NQS effects plot saved to /home/duhaochen/website-trial-v1/data/spice-model-benchmark/e4d33ab1d288e924fb1f70c8354a9612/ngspice/plots/ac_cv_nqs_effects.png
[INFO]: S-parameter analysis plot saved to /home/duhaochen/website-trial-v1/data/spice-model-benchmark/e4d33ab1d288e924fb1f70c8354a9612/ngspice/plots/ac_cv_sparameter_analysis.png
norm_dvg: [2.50000000e+11 1.25000000e+11 6.25000000e+10 3.12500000e+10
 1.56250000e+10 7.81250008e+09 6.89419040e+09 5.58194659e+09
 5.26843735e+09 4.85072872e+09 4.60405713e+09 4.34611032e+09
 4.10479052e+09 3.97374777e+09 3.81411866e+09 3.64674524e+09
 3.48494317e+09 3.33239397e+09 3.14404744e+09 2.97420957e+09
 2.81826421e+09 2.67980169e+09 2.54517586e+09 2.48907225e+09
 2.46544509e+09 2.44081118e+09 2.42024597e+09 2.39743067e+09
 2.37112968e+09 2.34435994e+09 2.32126109e+09 2.30760149e+09
 2.29739193e+09 2.28595369e+09 2.27189154e+09 2.25278647e+09
 2.23729389e+09 2.21860354e+09 2.20431013e+09 2.19295406e+09
 2.17919907e+09 2.16441446e+09 2.15266882e+09 2.13890063e+09
 2.12242731e+09 2.10485505e+09 2.08181665e+09 2.05323621e+09
 2.02626886e+09 2.00000000e+09 1.99482702e+09 1.98456366e+09
 1.96713025e+09 1.93316784e+09 1.86864300e+09 1.78273326e+09
 1.69768371e+09 1.61538949e+09 1.49184135e+09 1.31338531e+09
 1.13546612e+09 1.00000094e+09 9.96457327e+08 9.89447210e+08
 9.75719114e+08 9.49374083e+08 9.00733717e+08 8.17015372e+08
 6.88947525e+08 5.24512103e+08 3.69476279e+08 2.85181916e+08
 2.32205312e+08 1.95827553e+08 1.69304037e+08 1.49108324e+08
 1.33217280e+08 1.20387162e+08 1.13934065e+08 1.07372066e+08
 1.01310727e+08 9.73973742e+07 9.52409990e+07 9.52232227e+07
 9.51932498e+07 9.51339644e+07 9.50153739e+07 9.47792281e+07
 9.43101482e+07 9.35132651e+07 9.32776008e+07 9.31086097e+07
 9.29976210e+07 9.28978601e+07 9.27969197e+07 9.26817347e+07
 9.25417486e+07 9.24370481e+07 9.23189403e+07 9.21734266e+07
 9.20137812e+07 9.18565676e+07 9.16951377e+07 9.16559817e+07
 9.16222098e+07 9.15892210e+07 9.15468199e+07 9.15033881e+07
 9.14814809e+07 9.14582315e+07 9.14490442e+07 9.14245228e+07
 9.14044072e+07 9.13753614e+07 9.13503548e+07 9.13195097e+07
 9.12932284e+07 9.12777874e+07 9.12541720e+07 9.12236580e+07
 9.12040067e+07 9.11778332e+07 9.11447574e+07 9.11075855e+07
 9.10603760e+07 9.09976830e+07 9.09078973e+07 9.09003916e+07
 9.08764364e+07 9.08360131e+07 9.07519272e+07 9.05849627e+07
 9.02529812e+07 8.95959918e+07 8.83105101e+07 8.77995423e+07
 8.72924675e+07 8.70446731e+07 8.68510077e+07 8.66812757e+07
 8.64968492e+07 8.62986674e+07 8.61418836e+07 8.59641170e+07
 8.57602844e+07 8.55110779e+07 8.51590364e+07 8.46299313e+07
 8.39766201e+07 8.33337540e+07 8.32871826e+07 8.31960308e+07
 8.30135671e+07 8.26510172e+07 8.19355016e+07 8.05409292e+07
 7.78895128e+07 7.33207771e+07 6.92583182e+07 6.56224005e+07
 6.23491947e+07 5.93870114e+07 5.66935242e+07 5.42337618e+07
 5.19785717e+07 0.00000000e+00 0.00000000e+00 0.00000000e+00
 0.00000000e+00 0.00000000e+00 0.00000000e+00 0.00000000e+00
 0.00000000e+00 0.00000000e+00 0.00000000e+00 0.00000000e+00
 0.00000000e+00 0.00000000e+00 0.00000000e+00 0.00000000e+00
 0.00000000e+00 0.00000000e+00 0.00000000e+00 0.00000000e+00
 0.00000000e+00 0.00000000e+00 0.00000000e+00 0.00000000e+00
 0.00000000e+00 0.00000000e+00 0.00000000e+00 0.00000000e+00
 0.00000000e+00 0.00000000e+00 0.00000000e+00 0.00000000e+00
 0.00000000e+00 0.00000000e+00 0.00000000e+00 0.00000000e+00
 0.00000000e+00 0.00000000e+00 0.00000000e+00 0.00000000e+00
 0.00000000e+00 0.00000000e+00 0.00000000e+00 0.00000000e+00
 0.00000000e+00 0.00000000e+00 0.00000000e+00 0.00000000e+00
 0.00000000e+00 0.00000000e+00 0.00000000e+00 0.00000000e+00
 0.00000000e+00 0.00000000e+00 0.00000000e+00 0.00000000e+00
 0.00000000e+00 0.00000000e+00 0.00000000e+00 0.00000000e+00
 0.00000000e+00 0.00000000e+00 0.00000000e+00 0.00000000e+00
 0.00000000e+00 0.00000000e+00 0.00000000e+00 0.00000000e+00
 0.00000000e+00 0.00000000e+00 0.00000000e+00 0.00000000e+00
 0.00000000e+00 0.00000000e+00 0.00000000e+00 0.00000000e+00
 0.00000000e+00 0.00000000e+00 0.00000000e+00 0.00000000e+00
 0.00000000e+00 0.00000000e+00 0.00000000e+00 0.00000000e+00
 0.00000000e+00 0.00000000e+00 0.00000000e+00 0.00000000e+00
 0.00000000e+00 0.00000000e+00 0.00000000e+00 0.00000000e+00
 0.00000000e+00 0.00000000e+00 0.00000000e+00 0.00000000e+00
 0.00000000e+00 0.00000000e+00 0.00000000e+00 0.00000000e+00
 0.00000000e+00 0.00000000e+00 0.00000000e+00 0.00000000e+00
 0.00000000e+00 0.00000000e+00 0.00000000e+00 0.00000000e+00
 0.00000000e+00 0.00000000e+00 0.00000000e+00 0.00000000e+00
 0.00000000e+00 0.00000000e+00 0.00000000e+00 0.00000000e+00
 0.00000000e+00 0.00000000e+00 0.00000000e+00 0.00000000e+00
 0.00000000e+00 0.00000000e+00 0.00000000e+00 0.00000000e+00
 0.00000000e+00 0.00000000e+00 0.00000000e+00 0.00000000e+00
 0.00000000e+00 0.00000000e+00 0.00000000e+00 0.00000000e+00
 0.00000000e+00 0.00000000e+00 0.00000000e+00 0.00000000e+00
 0.00000000e+00 0.00000000e+00 0.00000000e+00 0.00000000e+00
 0.00000000e+00 0.00000000e+00 0.00000000e+00 0.00000000e+00
 0.00000000e+00 0.00000000e+00 0.00000000e+00 0.00000000e+00
 0.00000000e+00 0.00000000e+00 0.00000000e+00 0.00000000e+00
 0.00000000e+00 0.00000000e+00 0.00000000e+00 0.00000000e+00
 0.00000000e+00 0.00000000e+00 0.00000000e+00 0.00000000e+00
 0.00000000e+00 0.00000000e+00]
norm_dvd: [0. 0. 0. 0. 0. 0. 0. 0. 0. 0. 0. 0. 0. 0. 0. 0. 0. 0. 0. 0. 0. 0. 0. 0.
 0. 0. 0. 0. 0. 0. 0. 0. 0. 0. 0. 0. 0. 0. 0. 0. 0. 0. 0. 0. 0. 0. 0. 0.
 0. 0. 0. 0. 0. 0. 0. 0. 0. 0. 0. 0. 0. 0. 0. 0. 0. 0. 0. 0. 0. 0. 0. 0.
 0. 0. 0. 0. 0. 0. 0. 0. 0. 0. 0. 0. 0. 0. 0. 0. 0. 0. 0. 0. 0. 0. 0. 0.
 0. 0. 0. 0. 0. 0. 0. 0. 0. 0. 0. 0. 0. 0. 0. 0. 0. 0. 0. 0. 0. 0. 0. 0.
 0. 0. 0. 0. 0. 0. 0. 0. 0. 0. 0. 0. 0. 0. 0. 0. 0. 0. 0. 0. 0. 0. 0. 0.
 0. 0. 0. 0. 0. 0. 0. 0. 0. 0. 0. 0. 0. 0. 0. 0. 0. 0. 0. 0. 0. 0. 0. 0.
 0. 0. 0. 0. 0. 0. 0. 0. 0. 0. 0. 0. 0. 0. 0. 0. 0. 0. 0. 0. 0. 0. 0. 0.
 0. 0. 0. 0. 0. 0. 0. 0. 0. 0. 0. 0. 0. 0. 0. 0. 0. 0. 0. 0. 0. 0. 0. 0.
 0. 0. 0. 0. 0. 0. 0. 0. 0. 0. 0. 0. 0. 0. 0. 0. 0. 0. 0. 0. 0. 0. 0. 0.
 0. 0. 0. 0. 0. 0. 0. 0. 0. 0. 0. 0. 0. 0. 0. 0. 0. 0. 0. 0. 0. 0. 0. 0.
 0. 0. 0. 0. 0. 0. 0. 0. 0. 0. 0. 0. 0. 0. 0. 0. 0. 0. 0. 0. 0. 0. 0. 0.
 0. 0. 0. 0. 0. 0. 0. 0. 0. 0. 0. 0. 0. 0. 0. 0. 0. 0. 0. 0. 0. 0. 0. 0.
 0. 0. 0. 0. 0. 0. 0. 0. 0. 0. 0. 0. 0. 0.]
norm_did: [0.00000000e+00 0.00000000e+00 4.41354379e+02 2.20677182e+02
 2.20677186e+02 4.14182372e+02 2.07091178e+02 6.62408036e+02
 0.00000000e+00 6.39346734e+02 5.47796001e+02 0.00000000e+00
 8.79000746e+02 0.00000000e+00 5.86841435e+02 5.54655615e+02
 0.00000000e+00 3.92820945e+02 3.88807021e+02 7.59133788e+02
 3.85175990e+02 3.57767477e+02 7.97383344e+02 0.00000000e+00
 0.00000000e+00 2.02850703e+03 0.00000000e+00 0.00000000e+00
 1.46641642e+03 0.00000000e+00 0.00000000e+00 0.00000000e+00
 0.00000000e+00 2.60796453e+03 0.00000000e+00 0.00000000e+00
 0.00000000e+00 2.41610682e+03 0.00000000e+00 0.00000000e+00
 0.00000000e+00 2.80137240e+03 0.00000000e+00 0.00000000e+00
 0.00000000e+00 1.34315511e+03 0.00000000e+00 1.08942309e+03
 1.08942308e+03 0.00000000e+00 0.00000000e+00 0.00000000e+00
 7.90692801e+02 7.90692840e+02 5.47654836e+02 7.53876310e+02
 7.05981340e+02 8.26460690e+02 9.30405116e+02 1.18380660e+03
 1.47975803e+03 9.93193445e+03 1.98638404e+03 1.98638399e+03
 1.98638464e+03 2.11053319e+03 2.35883114e+03 3.13476146e+03
 5.26080891e+03 1.31258222e+04 7.07039217e+04 4.17791528e+05
 2.38697072e+06 1.34993012e+07 6.87251361e+07 2.76790445e+08
 9.46396032e+08 1.93530767e+09 1.45143640e+09 4.03591333e+10
 3.98925673e+09 2.12692744e+09 2.55607679e+09 1.53456684e+09
 1.54170664e+09 1.53825750e+09 1.53131051e+09 1.51721979e+09
 1.48070479e+09 1.36243458e+09 1.33344621e+09 1.31328291e+09
 1.30166309e+09 1.29197824e+09 1.28294924e+09 1.27306652e+09
 1.25836151e+09 1.24910206e+09 1.23945334e+09 1.22686552e+09
 1.21238707e+09 1.19875666e+09 1.17989725e+09 1.17632299e+09
 1.17325008e+09 1.17080688e+09 1.16725025e+09 1.16299277e+09
 1.16074543e+09 1.15900279e+09 1.15791727e+09 1.15632460e+09
 1.15471508e+09 1.15228756e+09 1.15031277e+09 1.14754111e+09
 1.14538786e+09 1.14402699e+09 1.14214905e+09 1.13981236e+09
 1.13813357e+09 1.13608926e+09 1.13362707e+09 1.13109548e+09
 1.12784131e+09 1.12357761e+09 1.11914660e+09 1.11075721e+09
 1.11234392e+09 1.11048566e+09 1.10669712e+09 1.09904452e+09
 1.08342861e+09 1.05119487e+09 9.40724281e+08 9.07588611e+08
 8.71314285e+08 8.55700700e+08 8.44048327e+08 8.34733516e+08
 8.24692690e+08 8.13098906e+08 8.04971325e+08 7.95891264e+08
 7.85891121e+08 7.74547160e+08 7.59222378e+08 7.34804262e+08
 7.03950699e+08 6.70326687e+08 6.66800324e+08 6.64455372e+08
 6.58699630e+08 6.47264852e+08 6.24842956e+08 5.82555183e+08
 5.09200160e+08 3.97271014e+08 3.27250089e+08 2.79251114e+08
 2.43962953e+08 2.16663444e+08 1.94762680e+08 1.76725596e+08
 1.61420610e+08 9.99778526e+08 0.00000000e+00 0.00000000e+00
 0.00000000e+00 0.00000000e+00 0.00000000e+00 0.00000000e+00
 0.00000000e+00 0.00000000e+00 0.00000000e+00 0.00000000e+00
 0.00000000e+00 0.00000000e+00 0.00000000e+00 0.00000000e+00
 0.00000000e+00 0.00000000e+00 0.00000000e+00 0.00000000e+00
 0.00000000e+00 0.00000000e+00 0.00000000e+00 0.00000000e+00
 0.00000000e+00 0.00000000e+00 0.00000000e+00 0.00000000e+00
 0.00000000e+00 0.00000000e+00 0.00000000e+00 0.00000000e+00
 0.00000000e+00 0.00000000e+00 0.00000000e+00 0.00000000e+00
 0.00000000e+00 0.00000000e+00 0.00000000e+00 0.00000000e+00
 0.00000000e+00 0.00000000e+00 0.00000000e+00 0.00000000e+00
 0.00000000e+00 0.00000000e+00 0.00000000e+00 0.00000000e+00
 0.00000000e+00 0.00000000e+00 0.00000000e+00 0.00000000e+00
 0.00000000e+00 0.00000000e+00 0.00000000e+00 0.00000000e+00
 0.00000000e+00 0.00000000e+00 0.00000000e+00 0.00000000e+00
 0.00000000e+00 0.00000000e+00 0.00000000e+00 0.00000000e+00
 0.00000000e+00 0.00000000e+00 0.00000000e+00 0.00000000e+00
 0.00000000e+00 0.00000000e+00 0.00000000e+00 0.00000000e+00
 0.00000000e+00 0.00000000e+00 0.00000000e+00 0.00000000e+00
 0.00000000e+00 0.00000000e+00 0.00000000e+00 0.00000000e+00
 0.00000000e+00 0.00000000e+00 0.00000000e+00 0.00000000e+00
 0.00000000e+00 0.00000000e+00 0.00000000e+00 0.00000000e+00
 0.00000000e+00 0.00000000e+00 0.00000000e+00 0.00000000e+00
 0.00000000e+00 0.00000000e+00 0.00000000e+00 0.00000000e+00
 0.00000000e+00 0.00000000e+00 0.00000000e+00 0.00000000e+00
 0.00000000e+00 0.00000000e+00 0.00000000e+00 0.00000000e+00
 0.00000000e+00 0.00000000e+00 0.00000000e+00 0.00000000e+00
 0.00000000e+00 0.00000000e+00 0.00000000e+00 0.00000000e+00
 0.00000000e+00 0.00000000e+00 0.00000000e+00 0.00000000e+00
 0.00000000e+00 0.00000000e+00 0.00000000e+00 0.00000000e+00
 0.00000000e+00 0.00000000e+00 0.00000000e+00 0.00000000e+00
 0.00000000e+00 0.00000000e+00 0.00000000e+00 0.00000000e+00
 0.00000000e+00 0.00000000e+00 0.00000000e+00 0.00000000e+00
 0.00000000e+00 0.00000000e+00 0.00000000e+00 0.00000000e+00
 0.00000000e+00 0.00000000e+00 0.00000000e+00 0.00000000e+00
 0.00000000e+00 0.00000000e+00 0.00000000e+00 0.00000000e+00
 0.00000000e+00 0.00000000e+00 0.00000000e+00 0.00000000e+00
 0.00000000e+00 0.00000000e+00 0.00000000e+00 0.00000000e+00
 0.00000000e+00 0.00000000e+00 0.00000000e+00 0.00000000e+00
 0.00000000e+00 0.00000000e+00 0.00000000e+00 0.00000000e+00
 0.00000000e+00 0.00000000e+00]
[WARNING]: Quasi-static verification failed
[WARNING]: Max normalized derivatives: dVg/dt=2.50e+11, dVd/dt=0.00e+00, dId/dt=4.04e+10

  ngspice: ✓ PASS  (38.9s)

✓ Benchmark completed: /home/duhaochen/website-trial-v1/data/spice-model-benchmark/e4d33ab1d288e924fb1f70c8354a9612/ngspice
