$ /usr/bin/python -m spice_model_benchmark.cli /home/duhaochen/website-trial-v1/data/spice-benchmark/1b5dad4a597ea521fd3bffb7b4adae91/model.lib --simulator spectre --modes dc transient ac noise --output-dir /home/duhaochen/website-trial-v1/data/spice-benchmark/1b5dad4a597ea521fd3bffb7b4adae91 --dpi 150 --log-level WARNING
/home/duhaochen/spice_model_benchmark/src/spice_model_benchmark/verification_manager.py:1540: RuntimeWarning: divide by zero encountered in divide
  tc = np.mean((d_ids / d_temp) / np.abs(i_ds[:-1]))
SPICE Model Benchmark: /home/duhaochen/website-trial-v1/data/spice-benchmark/1b5dad4a597ea521fd3bffb7b4adae91/model.lib
Simulators: spectre
Modes: dc, transient, ac, noise
------------------------------------------------------------

============================================================
  Running: SPECTRE
  Output:  /home/duhaochen/website-trial-v1/data/spice-benchmark/1b5dad4a597ea521fd3bffb7b4adae91/spectre
============================================================
Vgs range: 0.000V to 1.200V
Ids range: -0.000e+00A to 7.451e-04A
Selected Vgs values: [0.  0.2 0.4 0.6 0.8 1.  1.2]
Vgs=0.000V: Ids range 1.001e-17A to 2.219e-08A
Vgs=0.200V: Ids range -0.000e+00A to 2.219e-08A
Vgs=0.400V: Ids range -0.000e+00A to 2.219e-08A
Vgs=0.600V: Ids range -0.000e+00A to 2.547e-05A
Vgs=0.800V: Ids range -0.000e+00A to 1.553e-04A
Vgs=1.000V: Ids range -0.000e+00A to 3.952e-04A
Vgs=1.200V: Ids range -0.000e+00A to 7.451e-04A
ids_variation: 6.694148613745594
ids_variation <= max_variation: False
tc: inf
abs(tc) <= max_tc: False
[WARNING]: Temperature effects verification failed - effects outside expected range
/home/duhaochen/spice_model_benchmark/src/spice_model_benchmark/verification_manager.py:1800: RuntimeWarning: divide by zero encountered in log
  log_ids = np.log(np.abs(i_ds))
/home/duhaochen/.local/lib/python3.9/site-packages/numpy/lib/function_base.py:2742: RuntimeWarning: invalid value encountered in subtract
  X -= avg[:, None]
/home/duhaochen/spice_model_benchmark/src/spice_model_benchmark/verification_manager.py:1845: RuntimeWarning: divide by zero encountered in divide
  efficiency = np.abs(gm / i_ds)  # Transconductance efficiency
[WARNING]: Power dissipation data file at 27C°C not found in any location
[WARNING]: Power dissipation data file at 100C°C not found in any location
[ERROR]: Error creating power dissipation plot: unsupported operand type(s) for *: 'NoneType' and 'float'
[WARNING]: Cannot verify power dissipation: data missing
/home/duhaochen/spice_model_benchmark/src/spice_model_benchmark/verification_manager.py:2689: RuntimeWarning: divide by zero encountered in divide
  norm_dvg = np.abs(dvg_dt / gate_voltage[:-1])
/home/duhaochen/spice_model_benchmark/src/spice_model_benchmark/verification_manager.py:2689: RuntimeWarning: invalid value encountered in divide
  norm_dvg = np.abs(dvg_dt / gate_voltage[:-1])
norm_dvg: [4.88685909e+14 2.44342955e+14 1.22171477e+14 ... 0.00000000e+00
 0.00000000e+00 0.00000000e+00]
norm_dvd: [0. 0. 0. ... 0. 0. 0.]
norm_did: [660424.99869593 648631.67339892 687500.04272833 ...      0.
      0.              0.        ]
[WARNING]: Quasi-static verification failed
[WARNING]: Max normalized derivatives: dVg/dt=nan, dVd/dt=0.00e+00, dId/dt=8.41e+21
[ERROR]: Error parsing data file /home/duhaochen/website-trial-v1/data/spice-benchmark/1b5dad4a597ea521fd3bffb7b4adae91/spectre/data/sparams_data.txt: tuple index out of range
[ERROR]: Error parsing data file /home/duhaochen/website-trial-v1/data/spice-benchmark/1b5dad4a597ea521fd3bffb7b4adae91/spectre/data/nqs_effects.txt: tuple index out of range
[ERROR]: Could not find 'Values:' in charge conservation file

  spectre: ✓ PASS  (286.5s)

✓ Benchmark completed: /home/duhaochen/website-trial-v1/data/spice-benchmark/1b5dad4a597ea521fd3bffb7b4adae91/spectre
