$ /usr/bin/python -m spice_model_benchmark.cli /home/duhaochen/website-trial-v1/data/spice-benchmark/25eebf65a92dbe40307d827548992c8e/model.lib --simulator ngspice --modes dc transient ac noise --output-dir /home/duhaochen/website-trial-v1/data/spice-benchmark/25eebf65a92dbe40307d827548992c8e --dpi 150 --log-level WARNING
SPICE Model Benchmark: /home/duhaochen/website-trial-v1/data/spice-benchmark/25eebf65a92dbe40307d827548992c8e/model.lib
Simulators: ngspice
Modes: dc, transient, ac, noise
------------------------------------------------------------

============================================================
  Running: NGSPICE
  Output:  /home/duhaochen/website-trial-v1/data/spice-benchmark/25eebf65a92dbe40307d827548992c8e/ngspice
============================================================
[WARNING]: Simulation warnings: Warning: Unusual leading characters like ')' or others out of '= [] ? () & % $"!:,\f'
    in netlist or included files, will be replaced with '*'.
    check line  )
    line no. 59 from file /home/duhaochen/website-trial-v1/data/spice-benchmark/25eebf65a92dbe40307d827548992c8e/model.lib!

Warning: Model issue on line 3 :
  .model nmos nmos ( a0=1.1 a2=1 ags=-0.01 at=55000 beta0=30 capmod=2 cj=0 ...
unrecognized parameter (n) - ignored
unrecognized parameter (php) - ignored
unrecognized parameter (tref) - ignored


[WARNING]: Simulation warnings: Warning: Unusual leading characters like ')' or others out of '= [] ? () & % $"!:,\f'
    in netlist or included files, will be replaced with '*'.
    check line  )
    line no. 59 from file /home/duhaochen/website-trial-v1/data/spice-benchmark/25eebf65a92dbe40307d827548992c8e/model.lib!

Warning: Model issue on line 3 :
  .model nmos nmos ( a0=1.1 a2=1 ags=-0.01 at=55000 beta0=30 capmod=2 cj=0 ...
unrecognized parameter (n) - ignored
unrecognized parameter (php) - ignored
unrecognized parameter (tref) - ignored


[WARNING]: Simulation warnings: Warning: Unusual leading characters like ')' or others out of '= [] ? () & % $"!:,\f'
    in netlist or included files, will be replaced with '*'.
    check line  )
    line no. 59 from file /home/duhaochen/website-trial-v1/data/spice-benchmark/25eebf65a92dbe40307d827548992c8e/model.lib!

Warning: Model issue on line 3 :
  .model nmos nmos ( a0=1.1 a2=1 ags=-0.01 at=55000 beta0=30 capmod=2 cj=0 ...
unrecognized parameter (n) - ignored
unrecognized parameter (php) - ignored
unrecognized parameter (tref) - ignored

Warning: Model issue on line 62 :
  .model pmos pmos (a0=2.1199999 a1=0.000000e+00 a2=0.4 acm=0 ags=-0.1 alp ...
unrecognized parameter (acm) - ignored
unrecognized parameter (cta) - ignored
unrecognized parameter (ctp) - ignored
unrecognized parameter (n) - ignored
unrecognized parameter (php) - ignored
unrecognized parameter (pta) - ignored
unrecognized parameter (ptp) - ignored
unrecognized parameter (tref) - ignored
unrecognized parameter (binflag) - ignored
unrecognized parameter (ldif) - ignored
unrecognized parameter (rd) - ignored
unrecognized parameter (rdc) - ignored
unrecognized parameter (rs) - ignored
unrecognized parameter (rsc) - ignored
unrecognized parameter (xl) - ignored
unrecognized parameter (xw) - ignored

Fatal error: BSIM3v1: mosfet pmos, model m_power_p: Effective channel length <= 0
doAnalyses: no such parameter on this device or parameter is missing

tran simulation(s) aborted

Error: no such function as i,
    or i(Vds_tran) is not available.
Fatal error: BSIM3v1: mosfet pmos, model m_power_p: Effective channel length <= 0
doAnalyses: no such parameter on this device or parameter is missing

tran simulation(s) aborted

Error: no such function as i,
    or i(Vdd_inv) is not available.
Warning from checkvalid: vector vdd_inv is not available or has zero length.
Error: RHS "-v(vdd_inv)*i(vdd_inv)" invalid
Error: no such vector time
Fatal error: BSIM3v1: mosfet pmos, model m_power_p: Effective channel length <= 0
doAnalyses: no such parameter on this device or parameter is missing

tran simulation(s) aborted
Error: no such vector time
Fatal error: BSIM3v1: mosfet pmos, model m_power_p: Effective channel length <= 0
doAnalyses: no such parameter on this device or parameter is missing

tran simulation(s) aborted
Warning from checkvalid: vector vdd_power is not available or has zero length.
Error: RHS "-v(vdd_power)*i(vdd_power)" invalid
Warning from checkvalid: vector power_diss is not available or has zero length.
Error: RHS "integ(power_diss)" invalid
Error: no such vector time
Fatal error: BSIM3v1: mosfet pmos, model m_power_p: Effective channel length <= 0
doAnalyses: no such parameter on this device or parameter is missing

tran simulation(s) aborted
Warning from checkvalid: vector vdd_power is not available or has zero length.
Error: RHS "-v(vdd_power)*i(vdd_power)" invalid
Warning from checkvalid: vector power_diss is not available or has zero length.
Error: RHS "integ(power_diss)" invalid
Error: no such vector time
Fatal error: BSIM3v1: mosfet pmos, model m_power_p: Effective channel length <= 0
doAnalyses: no such parameter on this device or parameter is missing

tran simulation(s) aborted
Warning from checkvalid: vector i(vds_qs) is not available or has zero length.
Error: RHS "i(vds_qs)" invalid
Error: no such vector time
Fatal error: BSIM3v1: mosfet pmos, model m_power_p: Effective channel length <= 0
doAnalyses: no such parameter on this device or parameter is missing

tran simulation(s) aborted
Warning from checkvalid: vector i(vg_charge) is not available or has zero length.
Error: RHS "i(vg_charge)" invalid
Warning from checkvalid: vector i(vd_charge) is not available or has zero length.
Error: RHS "i(vd_charge)" invalid
Warning from checkvalid: vector i(vs_charge) is not available or has zero length.
Error: RHS "i(vs_charge)" invalid
Warning from checkvalid: vector i(vb_charge) is not available or has zero length.
Error: RHS "i(vb_charge)" invalid
Warning from checkvalid: vector ig_charge is not available or has zero length.
Error: RHS "ig_charge + id_charge + is_charge + ib_charge" invalid
Warning from checkvalid: vector ig_charge is not available or has zero length.
Error: RHS "integ(ig_charge)" invalid
Warning from checkvalid: vector id_charge is not available or has zero length.
Error: RHS "integ(id_charge)" invalid
Warning from checkvalid: vector is_charge is not available or has zero length.
Error: RHS "integ(is_charge)" invalid
Warning from checkvalid: vector ib_charge is not available or has zero length.
Error: RHS "integ(ib_charge)" invalid
Warning from checkvalid: vector qg_approx is not available or has zero length.
Error: RHS "qg_approx + qd_approx + qs_approx + qb_approx" invalid
Error: no such vector time

[WARNING]: Simulation warnings: Warning: Unusual leading characters like ')' or others out of '= [] ? () & % $"!:,\f'
    in netlist or included files, will be replaced with '*'.
    check line  )
    line no. 59 from file /home/duhaochen/website-trial-v1/data/spice-benchmark/25eebf65a92dbe40307d827548992c8e/model.lib!

Warning: Model issue on line 3 :
  .model nmos nmos ( a0=1.1 a2=1 ags=-0.01 at=55000 beta0=30 capmod=2 cj=0 ...
unrecognized parameter (n) - ignored
unrecognized parameter (php) - ignored
unrecognized parameter (tref) - ignored


/home/duhaochen/spice_model_benchmark/src/spice_model_benchmark/verification_manager.py:1540: RuntimeWarning: divide by zero encountered in divide
  tc = np.mean((d_ids / d_temp) / np.abs(i_ds[:-1]))
Vgs range: 0.000V to 1.200V
Ids range: -7.475e-03A to 0.000e+00A
Selected Vgs values: [0.  0.2 0.4 0.6 0.8 1.  1.2]
Vgs=0.000V: Ids range -3.741e-03A to -7.606e-05A
Vgs=0.200V: Ids range -4.477e-03A to 0.000e+00A
Vgs=0.400V: Ids range -5.128e-03A to 0.000e+00A
Vgs=0.600V: Ids range -5.742e-03A to 0.000e+00A
Vgs=0.800V: Ids range -6.334e-03A to 0.000e+00A
Vgs=1.000V: Ids range -6.910e-03A to 0.000e+00A
Vgs=1.200V: Ids range -7.475e-03A to 0.000e+00A
ids_variation: 2.285975827028245
ids_variation <= max_variation: False
tc: inf
abs(tc) <= max_tc: False
[WARNING]: Temperature effects verification failed - effects outside expected range
/home/duhaochen/spice_model_benchmark/src/spice_model_benchmark/verification_manager.py:1800: RuntimeWarning: divide by zero encountered in log
  log_ids = np.log(np.abs(i_ds))
/home/duhaochen/.local/lib/python3.9/site-packages/numpy/lib/function_base.py:2742: RuntimeWarning: invalid value encountered in subtract
  X -= avg[:, None]
/home/duhaochen/spice_model_benchmark/src/spice_model_benchmark/verification_manager.py:1845: RuntimeWarning: divide by zero encountered in divide
  efficiency = np.abs(gm / i_ds)  # Transconductance efficiency
[WARNING]: AC-integral LS cap extraction skipped: module 'numpy' has no attribute 'trapezoid'
[INFO]: S-parameter analysis plot saved to /home/duhaochen/website-trial-v1/data/spice-benchmark/25eebf65a92dbe40307d827548992c8e/ngspice/plots/ac_cv_sparameter_analysis.png
[INFO]: NQS effects plot saved to /home/duhaochen/website-trial-v1/data/spice-benchmark/25eebf65a92dbe40307d827548992c8e/ngspice/plots/ac_cv_nqs_effects.png
[INFO]: S-parameter analysis plot saved to /home/duhaochen/website-trial-v1/data/spice-benchmark/25eebf65a92dbe40307d827548992c8e/ngspice/plots/ac_cv_sparameter_analysis.png
[WARNING]: Large signal transient data file not found in any location
[WARNING]: Switching response data file not found in any location
[WARNING]: Switching power data file not found in any location
[WARNING]: Delay effect data file not found in any location
[WARNING]: Power dissipation data file at 27°C not found in any location
[WARNING]: Power dissipation data file at 100°C not found in any location
[WARNING]: Quasi-static data file not found in any location
[WARNING]: Standard parsing failed, attempting to parse ngspice raw file format: /home/duhaochen/website-trial-v1/data/spice-benchmark/25eebf65a92dbe40307d827548992c8e/ngspice/data/tran_charge.txt not found.
[ERROR]: Error parsing charge conservation data from ngspice raw format: [Errno 2] No such file or directory: '/home/duhaochen/website-trial-v1/data/spice-benchmark/25eebf65a92dbe40307d827548992c8e/ngspice/data/tran_charge.txt'
Traceback (most recent call last):
  File "/home/duhaochen/spice_model_benchmark/src/spice_model_benchmark/data_reader.py", line 789, in read_trans_charge_conservation_data
    with open(file_path, 'r') as f:
FileNotFoundError: [Errno 2] No such file or directory: '/home/duhaochen/website-trial-v1/data/spice-benchmark/25eebf65a92dbe40307d827548992c8e/ngspice/data/tran_charge.txt'
[WARNING]: Cannot compute correlation: constant data detected

  ngspice: ✓ PASS  (30.6s)

✓ Benchmark completed: /home/duhaochen/website-trial-v1/data/spice-benchmark/25eebf65a92dbe40307d827548992c8e/ngspice
