$ /usr/bin/time -v -o /home/duhaochen/website-trial-v1/data/spice-model-benchmark/11c41ea5e371bfefe2f169e4211ee34f/ngspice/resource.txt /usr/bin/python -m spice_model_benchmark.cli /home/duhaochen/pipeline_full_collection/benchmark-inputs/11c41ea5e371bfefe2f169e4211ee34f/ngspice.lib --simulator ngspice --modes dc transient ac noise --output-dir /home/duhaochen/website-trial-v1/data/spice-model-benchmark/11c41ea5e371bfefe2f169e4211ee34f --dpi 120 --log-level WARNING
/home/duhaochen/spice_model_benchmark/src/spice_model_benchmark/verification_manager.py:1557: RuntimeWarning: divide by zero encountered in divide
  tc = np.mean((d_ids / d_temp) / np.abs(i_ds[:-1]))
SPICE Model Benchmark: /home/duhaochen/pipeline_full_collection/benchmark-inputs/11c41ea5e371bfefe2f169e4211ee34f/ngspice.lib
Simulators: ngspice
Modes: dc, transient, ac, noise
------------------------------------------------------------

============================================================
  Running: NGSPICE
  Output:  /home/duhaochen/website-trial-v1/data/spice-model-benchmark/11c41ea5e371bfefe2f169e4211ee34f/ngspice
============================================================
Vgs range: 0.000V to 1.200V
Ids range: -3.516e-05A to 0.000e+00A
Selected Vgs values: [0.  0.2 0.4 0.6 0.8 1.  1.2]
Vgs=0.000V: Ids range -1.310e-15A to -1.000e-16A
Vgs=0.200V: Ids range -2.529e-14A to 0.000e+00A
Vgs=0.400V: Ids range -1.286e-12A to 0.000e+00A
Vgs=0.600V: Ids range -1.381e-10A to 0.000e+00A
Vgs=0.800V: Ids range -1.391e-08A to 0.000e+00A
Vgs=1.000V: Ids range -9.525e-07A to 0.000e+00A
Vgs=1.200V: Ids range -3.516e-05A to 0.000e+00A
ids_variation: 9.787609913438173
ids_variation <= max_variation: False
tc: inf
abs(tc) <= max_tc: False
[WARNING]: Temperature effects verification failed - effects outside expected range
/home/duhaochen/spice_model_benchmark/src/spice_model_benchmark/verification_manager.py:1817: RuntimeWarning: divide by zero encountered in log
  log_ids = np.log(np.abs(i_ds))
/home/duhaochen/.local/lib/python3.9/site-packages/numpy/lib/function_base.py:2742: RuntimeWarning: invalid value encountered in subtract
  X -= avg[:, None]
/home/duhaochen/spice_model_benchmark/src/spice_model_benchmark/verification_manager.py:1862: RuntimeWarning: divide by zero encountered in divide
  efficiency = np.abs(gm / i_ds)  # Transconductance efficiency
[INFO]: S-parameter analysis plot saved to /home/duhaochen/website-trial-v1/data/spice-model-benchmark/11c41ea5e371bfefe2f169e4211ee34f/ngspice/plots/ac_cv_sparameter_analysis.png
[INFO]: NQS effects plot saved to /home/duhaochen/website-trial-v1/data/spice-model-benchmark/11c41ea5e371bfefe2f169e4211ee34f/ngspice/plots/ac_cv_nqs_effects.png
[INFO]: S-parameter analysis plot saved to /home/duhaochen/website-trial-v1/data/spice-model-benchmark/11c41ea5e371bfefe2f169e4211ee34f/ngspice/plots/ac_cv_sparameter_analysis.png
norm_dvg: [2.50000000e+11 1.25000000e+11 6.25000000e+10 3.12500000e+10
 1.56250001e+10 8.79879635e+09 5.96737381e+09 4.42885069e+09
 3.48558895e+09 2.84290666e+09 2.46184987e+09 2.32976774e+09
 2.23699138e+09 2.12971542e+09 2.06231927e+09 2.00000111e+09
 1.99519194e+09 1.98564360e+09 1.96682019e+09 1.93022353e+09
 1.86096909e+09 1.73637089e+09 1.58686111e+09 1.36799301e+09
 1.19669091e+09 1.14184061e+09 1.08646958e+09 1.04144297e+09
 1.02030085e+09 9.99999031e+08 9.98285094e+08 9.94867580e+08
 9.88108205e+08 9.74858704e+08 9.49398528e+08 9.02269353e+08
 8.20780805e+08 7.52632894e+08 7.14679417e+08 6.68423653e+08
 6.21449666e+08 5.44867691e+08 4.37131319e+08 3.68642809e+08
 3.48013141e+08 3.32424086e+08 3.19366237e+08 3.10033674e+08
 2.99225074e+08 2.90091563e+08 2.78361293e+08 2.64981173e+08
 2.53730379e+08 2.45404148e+08 2.37111515e+08 2.33224420e+08
 2.28427097e+08 2.22787312e+08 2.17230017e+08 2.10508583e+08
 2.02104124e+08 1.93063707e+08 1.85729343e+08 1.78233086e+08
 1.70880180e+08 1.62198068e+08 1.55024478e+08 1.48198141e+08
 1.40808781e+08 1.33898429e+08 1.26611455e+08 1.19404018e+08
 1.12929447e+08 1.09954287e+08 1.08345276e+08 1.06920775e+08
 1.05304672e+08 1.03794101e+08 1.02209161e+08 1.00907966e+08
 9.96744891e+07 9.83647524e+07 9.71639604e+07 9.52339071e+07
 9.52333148e+07 9.52164279e+07 9.51902563e+07 9.51356052e+07
 9.50247279e+07 9.49262864e+07 9.48549306e+07 9.47836697e+07
 9.47128550e+07 9.46320965e+07 9.45497558e+07 9.44826321e+07
 9.44188802e+07 9.43462490e+07 9.42695984e+07 9.41835898e+07
 9.40811150e+07 9.39514338e+07 9.37780896e+07 9.36645161e+07
 9.35561285e+07 9.34210548e+07 9.32771478e+07 9.31591609e+07
 9.30186109e+07 9.28660277e+07 9.26563224e+07 9.23986829e+07
 9.20623359e+07 9.16610558e+07 9.12836705e+07 9.11425103e+07
 9.10643749e+07 9.09900374e+07 9.09127702e+07 9.09001695e+07
 9.08988816e+07 9.08852726e+07 9.08578371e+07 9.08042787e+07
 9.06949892e+07 9.04943603e+07 9.02277004e+07 8.99445602e+07
 8.96283063e+07 8.94604808e+07 8.92867727e+07 8.90994817e+07
 8.89231583e+07 8.87280152e+07 8.84580790e+07 8.81028229e+07
 8.76357579e+07 8.70399828e+07 8.63047045e+07 8.56449287e+07
 8.51832138e+07 8.49233298e+07 8.46362549e+07 8.43772987e+07
 8.40849303e+07 8.37925312e+07 8.35622802e+07 8.33338936e+07
 8.33164023e+07 8.32814414e+07 8.32130046e+07 8.30759458e+07
 8.28030915e+07 8.22627418e+07 8.17180516e+07 8.09823330e+07
 8.01379599e+07 7.90139024e+07 7.79497997e+07 7.64093937e+07
 7.49709358e+07 7.34716736e+07 7.19812953e+07 7.05487558e+07
 6.93529123e+07 6.81556327e+07 6.69184158e+07 6.60585332e+07
 6.50318494e+07 6.37574853e+07 6.29257382e+07 6.22876058e+07
 6.17590820e+07 6.10954617e+07 6.05044395e+07 5.97517330e+07
 5.88881871e+07 5.81021119e+07 5.72731669e+07 5.64887696e+07
 5.57175938e+07 5.49208018e+07 5.42539079e+07 5.39625197e+07
 5.37160189e+07 5.33796549e+07 5.30815069e+07 5.27695742e+07
 5.23121915e+07 5.17392346e+07 5.11394870e+07 5.05633395e+07
 0.00000000e+00 0.00000000e+00 0.00000000e+00 0.00000000e+00
 0.00000000e+00 0.00000000e+00 0.00000000e+00 0.00000000e+00
 0.00000000e+00 0.00000000e+00 0.00000000e+00 0.00000000e+00
 0.00000000e+00 0.00000000e+00 0.00000000e+00 0.00000000e+00
 0.00000000e+00 0.00000000e+00 0.00000000e+00 0.00000000e+00
 0.00000000e+00 0.00000000e+00 0.00000000e+00 0.00000000e+00
 0.00000000e+00 0.00000000e+00 0.00000000e+00 0.00000000e+00
 0.00000000e+00 0.00000000e+00 0.00000000e+00 0.00000000e+00
 0.00000000e+00 0.00000000e+00 0.00000000e+00 0.00000000e+00
 0.00000000e+00 0.00000000e+00 0.00000000e+00 0.00000000e+00
 0.00000000e+00 0.00000000e+00 0.00000000e+00 0.00000000e+00
 0.00000000e+00 0.00000000e+00 0.00000000e+00 0.00000000e+00
 0.00000000e+00 0.00000000e+00 0.00000000e+00 0.00000000e+00
 0.00000000e+00 0.00000000e+00 0.00000000e+00 0.00000000e+00
 0.00000000e+00 0.00000000e+00 0.00000000e+00 0.00000000e+00
 0.00000000e+00 0.00000000e+00 0.00000000e+00 0.00000000e+00
 0.00000000e+00 0.00000000e+00 0.00000000e+00 0.00000000e+00
 0.00000000e+00 0.00000000e+00 0.00000000e+00 0.00000000e+00
 0.00000000e+00 0.00000000e+00 0.00000000e+00 0.00000000e+00
 0.00000000e+00 0.00000000e+00 0.00000000e+00 0.00000000e+00
 0.00000000e+00 0.00000000e+00 0.00000000e+00 0.00000000e+00
 0.00000000e+00 0.00000000e+00 0.00000000e+00 0.00000000e+00
 0.00000000e+00 0.00000000e+00 0.00000000e+00 0.00000000e+00
 0.00000000e+00 0.00000000e+00 0.00000000e+00 0.00000000e+00
 0.00000000e+00 0.00000000e+00 0.00000000e+00 0.00000000e+00
 0.00000000e+00 0.00000000e+00 0.00000000e+00 0.00000000e+00
 0.00000000e+00 0.00000000e+00 0.00000000e+00 0.00000000e+00
 0.00000000e+00 0.00000000e+00 0.00000000e+00 0.00000000e+00
 0.00000000e+00 0.00000000e+00 0.00000000e+00 0.00000000e+00
 0.00000000e+00 0.00000000e+00 0.00000000e+00 0.00000000e+00
 0.00000000e+00 0.00000000e+00 0.00000000e+00 0.00000000e+00
 0.00000000e+00 0.00000000e+00 0.00000000e+00 0.00000000e+00
 0.00000000e+00 0.00000000e+00 0.00000000e+00 0.00000000e+00
 0.00000000e+00 0.00000000e+00 0.00000000e+00 0.00000000e+00
 0.00000000e+00 0.00000000e+00 0.00000000e+00 0.00000000e+00
 0.00000000e+00 0.00000000e+00 0.00000000e+00 0.00000000e+00
 0.00000000e+00 0.00000000e+00 0.00000000e+00 0.00000000e+00
 0.00000000e+00 0.00000000e+00 0.00000000e+00 0.00000000e+00
 0.00000000e+00 0.00000000e+00 0.00000000e+00 0.00000000e+00
 0.00000000e+00 0.00000000e+00 0.00000000e+00 0.00000000e+00
 0.00000000e+00 0.00000000e+00 0.00000000e+00 0.00000000e+00
 0.00000000e+00 0.00000000e+00 0.00000000e+00 0.00000000e+00
 0.00000000e+00 0.00000000e+00 0.00000000e+00 0.00000000e+00
 0.00000000e+00 0.00000000e+00 0.00000000e+00 0.00000000e+00
 0.00000000e+00 0.00000000e+00 0.00000000e+00 0.00000000e+00
 0.00000000e+00 0.00000000e+00 0.00000000e+00 0.00000000e+00
 0.00000000e+00 0.00000000e+00 0.00000000e+00 0.00000000e+00
 0.00000000e+00 0.00000000e+00 0.00000000e+00 0.00000000e+00
 0.00000000e+00 0.00000000e+00 0.00000000e+00 0.00000000e+00]
norm_dvd: [0. 0. 0. 0. 0. 0. 0. 0. 0. 0. 0. 0. 0. 0. 0. 0. 0. 0. 0. 0. 0. 0. 0. 0.
 0. 0. 0. 0. 0. 0. 0. 0. 0. 0. 0. 0. 0. 0. 0. 0. 0. 0. 0. 0. 0. 0. 0. 0.
 0. 0. 0. 0. 0. 0. 0. 0. 0. 0. 0. 0. 0. 0. 0. 0. 0. 0. 0. 0. 0. 0. 0. 0.
 0. 0. 0. 0. 0. 0. 0. 0. 0. 0. 0. 0. 0. 0. 0. 0. 0. 0. 0. 0. 0. 0. 0. 0.
 0. 0. 0. 0. 0. 0. 0. 0. 0. 0. 0. 0. 0. 0. 0. 0. 0. 0. 0. 0. 0. 0. 0. 0.
 0. 0. 0. 0. 0. 0. 0. 0. 0. 0. 0. 0. 0. 0. 0. 0. 0. 0. 0. 0. 0. 0. 0. 0.
 0. 0. 0. 0. 0. 0. 0. 0. 0. 0. 0. 0. 0. 0. 0. 0. 0. 0. 0. 0. 0. 0. 0. 0.
 0. 0. 0. 0. 0. 0. 0. 0. 0. 0. 0. 0. 0. 0. 0. 0. 0. 0. 0. 0. 0. 0. 0. 0.
 0. 0. 0. 0. 0. 0. 0. 0. 0. 0. 0. 0. 0. 0. 0. 0. 0. 0. 0. 0. 0. 0. 0. 0.
 0. 0. 0. 0. 0. 0. 0. 0. 0. 0. 0. 0. 0. 0. 0. 0. 0. 0. 0. 0. 0. 0. 0. 0.
 0. 0. 0. 0. 0. 0. 0. 0. 0. 0. 0. 0. 0. 0. 0. 0. 0. 0. 0. 0. 0. 0. 0. 0.
 0. 0. 0. 0. 0. 0. 0. 0. 0. 0. 0. 0. 0. 0. 0. 0. 0. 0. 0. 0. 0. 0. 0. 0.
 0. 0. 0. 0. 0. 0. 0. 0. 0. 0. 0. 0. 0. 0. 0. 0. 0. 0. 0. 0. 0. 0. 0. 0.
 0. 0. 0. 0. 0. 0. 0. 0. 0. 0. 0. 0. 0. 0. 0. 0. 0. 0. 0. 0. 0. 0. 0. 0.
 0. 0. 0. 0. 0. 0. 0. 0. 0. 0. 0. 0. 0. 0. 0. 0. 0. 0. 0. 0. 0. 0. 0. 0.
 0. 0. 0. 0. 0. 0. 0. 0. 0. 0. 0. 0. 0. 0. 0. 0. 0. 0. 0. 0. 0. 0. 0. 0.
 0. 0. 0. 0.]
norm_did: [0.00000000e+00 0.00000000e+00 0.00000000e+00 0.00000000e+00
 0.00000000e+00 0.00000000e+00 0.00000000e+00 0.00000000e+00
 0.00000000e+00 0.00000000e+00 0.00000000e+00 0.00000000e+00
 0.00000000e+00 0.00000000e+00 0.00000000e+00 0.00000000e+00
 0.00000000e+00 0.00000000e+00 0.00000000e+00 0.00000000e+00
 0.00000000e+00 0.00000000e+00 0.00000000e+00 0.00000000e+00
 0.00000000e+00 0.00000000e+00 0.00000000e+00 0.00000000e+00
 0.00000000e+00 0.00000000e+00 0.00000000e+00 0.00000000e+00
 0.00000000e+00 0.00000000e+00 0.00000000e+00 0.00000000e+00
 0.00000000e+00 0.00000000e+00 0.00000000e+00 0.00000000e+00
 0.00000000e+00 0.00000000e+00 0.00000000e+00 0.00000000e+00
 0.00000000e+00 0.00000000e+00 0.00000000e+00 0.00000000e+00
 0.00000000e+00 0.00000000e+00 0.00000000e+00 0.00000000e+00
 0.00000000e+00 0.00000000e+00 0.00000000e+00 0.00000000e+00
 0.00000000e+00 0.00000000e+00 0.00000000e+00 0.00000000e+00
 0.00000000e+00 0.00000000e+00 6.83211938e+00 0.00000000e+00
 9.87809305e+00 1.62689876e+01 2.08279765e+01 5.24297117e+01
 1.01308832e+02 2.33962113e+02 5.97117334e+02 1.53052315e+03
 2.19542491e+03 2.84087424e+03 4.44128036e+03 6.18709933e+03
 8.06023269e+03 1.08320057e+04 1.37231257e+04 1.76609091e+04
 2.33029423e+04 2.96536138e+04 4.47976923e+04 1.67577708e+06
 3.06191017e+04 5.00095522e+04 5.05206946e+04 5.15413305e+04
 5.23921914e+04 5.29931292e+04 5.41614837e+04 5.48929937e+04
 5.61298528e+04 5.69139806e+04 5.78121240e+04 5.88193414e+04
 5.97231414e+04 6.06741763e+04 6.19465977e+04 6.32314991e+04
 6.50285703e+04 6.75037011e+04 6.85210401e+04 7.06512183e+04
 7.31415638e+04 7.55099842e+04 7.71641426e+04 7.99619138e+04
 8.29047029e+04 8.67895623e+04 9.17528250e+04 9.87463379e+04
 1.07766863e+05 1.16634122e+05 1.13000458e+05 1.21435113e+05
 1.28515754e+05 1.31579907e+05 2.06650461e+05 8.07717437e+04
 1.33375402e+05 1.34314695e+05 1.35723651e+05 1.38894845e+05
 1.45002679e+05 1.53710665e+05 1.63210271e+05 1.75650278e+05
 1.78157134e+05 1.91446934e+05 2.02225647e+05 2.10737776e+05
 2.21540678e+05 2.37201901e+05 2.58057772e+05 2.88372019e+05
 3.32988617e+05 3.99079196e+05 4.66672645e+05 5.15934733e+05
 5.48550009e+05 6.33602946e+05 6.84334861e+05 7.44802913e+05
 8.06132743e+05 8.52362074e+05 9.17859978e+05 1.28756910e+06
 5.92271186e+05 9.78473710e+05 1.01330033e+06 1.08661512e+06
 1.24992274e+06 1.43839902e+06 1.76820488e+06 2.25424089e+06
 3.14299618e+06 4.30822289e+06 7.06717209e+06 1.13062600e+07
 1.89306587e+07 3.26289290e+07 5.63099177e+07 9.07128061e+07
 1.54306599e+08 2.73480193e+08 4.19516286e+08 7.45000214e+08
 1.56503112e+09 4.12864433e+09 3.78023247e+10 9.58450482e+09
 5.72926421e+09 3.74044792e+09 3.39809604e+09 3.12871512e+09
 2.82171000e+09 2.78392643e+09 2.59111072e+09 2.36796780e+09
 2.12647822e+09 1.81821602e+09 1.52969938e+09 1.43810026e+09
 1.39645178e+09 1.31301590e+09 1.25070037e+09 1.20671113e+09
 1.12857780e+09 1.02333350e+09 9.20064392e+08 8.32962229e+08
 5.65232726e+10 0.00000000e+00 0.00000000e+00 0.00000000e+00
 0.00000000e+00 0.00000000e+00 0.00000000e+00 0.00000000e+00
 0.00000000e+00 0.00000000e+00 0.00000000e+00 0.00000000e+00
 0.00000000e+00 0.00000000e+00 0.00000000e+00 0.00000000e+00
 0.00000000e+00 0.00000000e+00 0.00000000e+00 0.00000000e+00
 0.00000000e+00 0.00000000e+00 0.00000000e+00 0.00000000e+00
 0.00000000e+00 0.00000000e+00 0.00000000e+00 0.00000000e+00
 0.00000000e+00 0.00000000e+00 0.00000000e+00 0.00000000e+00
 0.00000000e+00 0.00000000e+00 0.00000000e+00 0.00000000e+00
 0.00000000e+00 0.00000000e+00 0.00000000e+00 0.00000000e+00
 0.00000000e+00 0.00000000e+00 0.00000000e+00 0.00000000e+00
 0.00000000e+00 0.00000000e+00 0.00000000e+00 0.00000000e+00
 0.00000000e+00 0.00000000e+00 0.00000000e+00 0.00000000e+00
 0.00000000e+00 0.00000000e+00 0.00000000e+00 0.00000000e+00
 0.00000000e+00 0.00000000e+00 0.00000000e+00 0.00000000e+00
 0.00000000e+00 0.00000000e+00 0.00000000e+00 0.00000000e+00
 0.00000000e+00 0.00000000e+00 0.00000000e+00 0.00000000e+00
 0.00000000e+00 0.00000000e+00 0.00000000e+00 0.00000000e+00
 0.00000000e+00 0.00000000e+00 0.00000000e+00 0.00000000e+00
 0.00000000e+00 0.00000000e+00 0.00000000e+00 0.00000000e+00
 0.00000000e+00 0.00000000e+00 0.00000000e+00 0.00000000e+00
 0.00000000e+00 0.00000000e+00 0.00000000e+00 0.00000000e+00
 0.00000000e+00 0.00000000e+00 0.00000000e+00 0.00000000e+00
 0.00000000e+00 0.00000000e+00 0.00000000e+00 0.00000000e+00
 0.00000000e+00 0.00000000e+00 0.00000000e+00 0.00000000e+00
 0.00000000e+00 0.00000000e+00 0.00000000e+00 0.00000000e+00
 0.00000000e+00 0.00000000e+00 0.00000000e+00 0.00000000e+00
 0.00000000e+00 0.00000000e+00 0.00000000e+00 0.00000000e+00
 0.00000000e+00 0.00000000e+00 0.00000000e+00 0.00000000e+00
 0.00000000e+00 0.00000000e+00 0.00000000e+00 0.00000000e+00
 0.00000000e+00 0.00000000e+00 0.00000000e+00 0.00000000e+00
 0.00000000e+00 0.00000000e+00 0.00000000e+00 0.00000000e+00
 0.00000000e+00 0.00000000e+00 0.00000000e+00 0.00000000e+00
 0.00000000e+00 0.00000000e+00 0.00000000e+00 0.00000000e+00
 0.00000000e+00 0.00000000e+00 0.00000000e+00 0.00000000e+00
 0.00000000e+00 0.00000000e+00 0.00000000e+00 0.00000000e+00
 0.00000000e+00 0.00000000e+00 0.00000000e+00 0.00000000e+00
 0.00000000e+00 0.00000000e+00 0.00000000e+00 0.00000000e+00
 0.00000000e+00 0.00000000e+00 0.00000000e+00 0.00000000e+00
 0.00000000e+00 0.00000000e+00 0.00000000e+00 0.00000000e+00
 0.00000000e+00 0.00000000e+00 0.00000000e+00 0.00000000e+00
 0.00000000e+00 0.00000000e+00 0.00000000e+00 0.00000000e+00
 0.00000000e+00 0.00000000e+00 0.00000000e+00 0.00000000e+00
 0.00000000e+00 0.00000000e+00 0.00000000e+00 0.00000000e+00
 0.00000000e+00 0.00000000e+00 0.00000000e+00 0.00000000e+00
 0.00000000e+00 0.00000000e+00 0.00000000e+00 0.00000000e+00
 0.00000000e+00 0.00000000e+00 0.00000000e+00 0.00000000e+00
 0.00000000e+00 0.00000000e+00 0.00000000e+00 0.00000000e+00
 0.00000000e+00 0.00000000e+00 0.00000000e+00 0.00000000e+00]
[WARNING]: Quasi-static verification failed
[WARNING]: Max normalized derivatives: dVg/dt=2.50e+11, dVd/dt=0.00e+00, dId/dt=5.65e+10

  ngspice: ✓ PASS  (95.2s)

✓ Benchmark completed: /home/duhaochen/website-trial-v1/data/spice-model-benchmark/11c41ea5e371bfefe2f169e4211ee34f/ngspice
