$ /usr/bin/time -v -o /home/duhaochen/website-trial-v1/data/spice-model-benchmark/ecc2d8b4562b039e9a9ac4e309a2e53c/ngspice/resource.txt /usr/bin/python -m spice_model_benchmark.cli /home/duhaochen/pipeline_full_collection/benchmark-inputs/ecc2d8b4562b039e9a9ac4e309a2e53c/ngspice.lib --simulator ngspice --modes dc transient ac noise --output-dir /home/duhaochen/website-trial-v1/data/spice-model-benchmark/ecc2d8b4562b039e9a9ac4e309a2e53c --dpi 120 --log-level WARNING
/home/duhaochen/spice_model_benchmark/src/spice_model_benchmark/verification_manager.py:1557: RuntimeWarning: divide by zero encountered in divide
  tc = np.mean((d_ids / d_temp) / np.abs(i_ds[:-1]))
SPICE Model Benchmark: /home/duhaochen/pipeline_full_collection/benchmark-inputs/ecc2d8b4562b039e9a9ac4e309a2e53c/ngspice.lib
Simulators: ngspice
Modes: dc, transient, ac, noise
------------------------------------------------------------

============================================================
  Running: NGSPICE
  Output:  /home/duhaochen/website-trial-v1/data/spice-model-benchmark/ecc2d8b4562b039e9a9ac4e309a2e53c/ngspice
============================================================
Vgs range: -1.200V to 0.000V
Ids range: 0.000e+00A to 4.134e-04A
Selected Vgs values: [-1.2 -1.  -0.8 -0.6 -0.4 -0.2  0. ]
Vgs=-1.200V: Ids range 0.000e+00A to 4.134e-04A
Vgs=-1.000V: Ids range 0.000e+00A to 1.942e-04A
Vgs=-0.800V: Ids range 0.000e+00A to 4.603e-05A
Vgs=-0.600V: Ids range 0.000e+00A to 1.040e-06A
Vgs=-0.400V: Ids range 0.000e+00A to 1.176e-08A
Vgs=-0.200V: Ids range 0.000e+00A to 8.729e-11A
Vgs=0.000V: Ids range 1.028e-16A to 1.298e-12A
ids_variation: 7.0770545472794435
ids_variation <= max_variation: False
tc: inf
abs(tc) <= max_tc: False
[WARNING]: Temperature effects verification failed - effects outside expected range
/home/duhaochen/spice_model_benchmark/src/spice_model_benchmark/verification_manager.py:1817: RuntimeWarning: divide by zero encountered in log
  log_ids = np.log(np.abs(i_ds))
/home/duhaochen/.local/lib/python3.9/site-packages/numpy/lib/function_base.py:2742: RuntimeWarning: invalid value encountered in subtract
  X -= avg[:, None]
/home/duhaochen/spice_model_benchmark/src/spice_model_benchmark/verification_manager.py:1862: RuntimeWarning: divide by zero encountered in divide
  efficiency = np.abs(gm / i_ds)  # Transconductance efficiency
[INFO]: S-parameter analysis plot saved to /home/duhaochen/website-trial-v1/data/spice-model-benchmark/ecc2d8b4562b039e9a9ac4e309a2e53c/ngspice/plots/ac_cv_sparameter_analysis.png
[INFO]: NQS effects plot saved to /home/duhaochen/website-trial-v1/data/spice-model-benchmark/ecc2d8b4562b039e9a9ac4e309a2e53c/ngspice/plots/ac_cv_nqs_effects.png
[INFO]: S-parameter analysis plot saved to /home/duhaochen/website-trial-v1/data/spice-model-benchmark/ecc2d8b4562b039e9a9ac4e309a2e53c/ngspice/plots/ac_cv_sparameter_analysis.png
norm_dvg: [2.50000000e+11 1.25000000e+11 6.25000000e+10 3.12500000e+10
 1.56250000e+10 7.81249995e+09 5.60930566e+09 4.95353069e+09
 4.31964263e+09 4.09995675e+09 3.89257890e+09 3.67748675e+09
 3.47404346e+09 3.35204432e+09 3.19862747e+09 3.05189792e+09
 2.88428353e+09 2.72883012e+09 2.59183305e+09 2.47060007e+09
 2.44594020e+09 2.42187156e+09 2.40131254e+09 2.37325035e+09
 2.34751113e+09 2.32267829e+09 2.30842318e+09 2.29818497e+09
 2.28684848e+09 2.27268090e+09 2.25388671e+09 2.23855894e+09
 2.21974546e+09 2.20513352e+09 2.19369764e+09 2.17989735e+09
 2.16515586e+09 2.15336784e+09 2.13957564e+09 2.12308438e+09
 2.10550065e+09 2.08245572e+09 2.05386722e+09 2.02657592e+09
 1.99999943e+09 1.99530583e+09 1.98598583e+09 1.97101596e+09
 1.94174567e+09 1.88573736e+09 1.78288503e+09 1.72003378e+09
 1.64809403e+09 1.57228959e+09 1.49513389e+09 1.41100533e+09
 1.32686411e+09 1.21583537e+09 1.09740586e+09 1.00000000e+09
 9.97641293e+08 9.92958851e+08 9.83721511e+08 9.65755256e+08
 9.31721810e+08 8.70376899e+08 7.69101192e+08 6.23907405e+08
 4.52905152e+08 3.32450365e+08 2.62607261e+08 2.17015405e+08
 1.84912343e+08 1.61083309e+08 1.42694719e+08 1.28074298e+08
 1.16171438e+08 1.06292883e+08 1.00462287e+08 9.52374198e+07
 9.52164464e+07 9.51746964e+07 9.50891167e+07 9.49194253e+07
 9.45818529e+07 9.39139579e+07 9.36309982e+07 9.34503254e+07
 9.33207620e+07 9.32092563e+07 9.30861329e+07 9.29503648e+07
 9.28516290e+07 9.27220434e+07 9.25811868e+07 9.24213676e+07
 9.22713583e+07 9.21204951e+07 9.19551088e+07 9.18027043e+07
 9.17359602e+07 9.16943454e+07 9.16640618e+07 9.16327438e+07
 9.15988769e+07 9.15576251e+07 9.15152713e+07 9.14886300e+07
 9.14659248e+07 9.14515504e+07 9.14332771e+07 9.14091112e+07
 9.13874751e+07 9.13616322e+07 9.13371794e+07 9.13042527e+07
 9.12866202e+07 9.12671716e+07 9.12431590e+07 9.12114266e+07
 9.11847273e+07 9.11519186e+07 9.11176562e+07 9.10745958e+07
 9.10194579e+07 9.09644683e+07 9.09102269e+07 9.08963653e+07
 9.08763188e+07 9.08327284e+07 9.07450308e+07 9.05707815e+07
 9.02244241e+07 8.95395962e+07 8.82005154e+07 8.78130181e+07
 8.75281729e+07 8.73384641e+07 8.71378944e+07 8.68913707e+07
 8.66629811e+07 8.64427108e+07 8.62025263e+07 8.58723058e+07
 8.53717805e+07 8.45421908e+07 8.33333333e+07 8.32777218e+07
 8.31668942e+07 8.29462726e+07 8.25081596e+07 8.16457984e+07
 7.99740481e+07 7.68278488e+07 7.23792548e+07 6.84176406e+07
 6.48671924e+07 6.16670573e+07 5.87678262e+07 5.61289644e+07
 5.37169076e+07 5.17918484e+07 0.00000000e+00 0.00000000e+00
 0.00000000e+00 0.00000000e+00 0.00000000e+00 0.00000000e+00
 0.00000000e+00 0.00000000e+00 0.00000000e+00 0.00000000e+00
 0.00000000e+00 0.00000000e+00 0.00000000e+00 0.00000000e+00
 0.00000000e+00 0.00000000e+00 0.00000000e+00 0.00000000e+00
 0.00000000e+00 0.00000000e+00 0.00000000e+00 0.00000000e+00
 0.00000000e+00 0.00000000e+00 0.00000000e+00 0.00000000e+00
 0.00000000e+00 0.00000000e+00 0.00000000e+00 0.00000000e+00
 0.00000000e+00 0.00000000e+00 0.00000000e+00 0.00000000e+00
 0.00000000e+00 0.00000000e+00 0.00000000e+00 0.00000000e+00
 0.00000000e+00 0.00000000e+00 0.00000000e+00 0.00000000e+00
 0.00000000e+00 0.00000000e+00 0.00000000e+00 0.00000000e+00
 0.00000000e+00 0.00000000e+00 0.00000000e+00 0.00000000e+00
 0.00000000e+00 0.00000000e+00 0.00000000e+00 0.00000000e+00
 0.00000000e+00 0.00000000e+00 0.00000000e+00 0.00000000e+00
 0.00000000e+00 0.00000000e+00 0.00000000e+00 0.00000000e+00
 0.00000000e+00 0.00000000e+00 0.00000000e+00 0.00000000e+00
 0.00000000e+00 0.00000000e+00 0.00000000e+00 0.00000000e+00
 0.00000000e+00 0.00000000e+00 0.00000000e+00 0.00000000e+00
 0.00000000e+00 0.00000000e+00 0.00000000e+00 0.00000000e+00
 0.00000000e+00 0.00000000e+00 0.00000000e+00 0.00000000e+00
 0.00000000e+00 0.00000000e+00 0.00000000e+00 0.00000000e+00
 0.00000000e+00 0.00000000e+00 0.00000000e+00 0.00000000e+00
 0.00000000e+00 0.00000000e+00 0.00000000e+00 0.00000000e+00
 0.00000000e+00 0.00000000e+00 0.00000000e+00 0.00000000e+00
 0.00000000e+00 0.00000000e+00 0.00000000e+00 0.00000000e+00
 0.00000000e+00 0.00000000e+00 0.00000000e+00 0.00000000e+00
 0.00000000e+00 0.00000000e+00 0.00000000e+00 0.00000000e+00
 0.00000000e+00 0.00000000e+00 0.00000000e+00 0.00000000e+00
 0.00000000e+00 0.00000000e+00 0.00000000e+00 0.00000000e+00
 0.00000000e+00 0.00000000e+00 0.00000000e+00 0.00000000e+00
 0.00000000e+00 0.00000000e+00 0.00000000e+00 0.00000000e+00
 0.00000000e+00 0.00000000e+00 0.00000000e+00 0.00000000e+00
 0.00000000e+00 0.00000000e+00 0.00000000e+00 0.00000000e+00
 0.00000000e+00 0.00000000e+00 0.00000000e+00 0.00000000e+00
 0.00000000e+00 0.00000000e+00 0.00000000e+00 0.00000000e+00
 0.00000000e+00 0.00000000e+00 0.00000000e+00 0.00000000e+00
 0.00000000e+00 0.00000000e+00 0.00000000e+00 0.00000000e+00
 0.00000000e+00 0.00000000e+00 0.00000000e+00 0.00000000e+00
 0.00000000e+00 0.00000000e+00 0.00000000e+00 0.00000000e+00
 0.00000000e+00 0.00000000e+00 0.00000000e+00 0.00000000e+00]
norm_dvd: [0. 0. 0. 0. 0. 0. 0. 0. 0. 0. 0. 0. 0. 0. 0. 0. 0. 0. 0. 0. 0. 0. 0. 0.
 0. 0. 0. 0. 0. 0. 0. 0. 0. 0. 0. 0. 0. 0. 0. 0. 0. 0. 0. 0. 0. 0. 0. 0.
 0. 0. 0. 0. 0. 0. 0. 0. 0. 0. 0. 0. 0. 0. 0. 0. 0. 0. 0. 0. 0. 0. 0. 0.
 0. 0. 0. 0. 0. 0. 0. 0. 0. 0. 0. 0. 0. 0. 0. 0. 0. 0. 0. 0. 0. 0. 0. 0.
 0. 0. 0. 0. 0. 0. 0. 0. 0. 0. 0. 0. 0. 0. 0. 0. 0. 0. 0. 0. 0. 0. 0. 0.
 0. 0. 0. 0. 0. 0. 0. 0. 0. 0. 0. 0. 0. 0. 0. 0. 0. 0. 0. 0. 0. 0. 0. 0.
 0. 0. 0. 0. 0. 0. 0. 0. 0. 0. 0. 0. 0. 0. 0. 0. 0. 0. 0. 0. 0. 0. 0. 0.
 0. 0. 0. 0. 0. 0. 0. 0. 0. 0. 0. 0. 0. 0. 0. 0. 0. 0. 0. 0. 0. 0. 0. 0.
 0. 0. 0. 0. 0. 0. 0. 0. 0. 0. 0. 0. 0. 0. 0. 0. 0. 0. 0. 0. 0. 0. 0. 0.
 0. 0. 0. 0. 0. 0. 0. 0. 0. 0. 0. 0. 0. 0. 0. 0. 0. 0. 0. 0. 0. 0. 0. 0.
 0. 0. 0. 0. 0. 0. 0. 0. 0. 0. 0. 0. 0. 0. 0. 0. 0. 0. 0. 0. 0. 0. 0. 0.
 0. 0. 0. 0. 0. 0. 0. 0. 0. 0. 0. 0. 0. 0. 0. 0. 0. 0. 0. 0. 0. 0. 0. 0.
 0. 0. 0. 0. 0. 0. 0. 0. 0. 0. 0. 0. 0. 0. 0. 0. 0. 0. 0. 0. 0. 0. 0. 0.
 0. 0. 0. 0. 0. 0. 0. 0. 0. 0. 0. 0.]
norm_did: [0.00000000e+00 0.00000000e+00 0.00000000e+00 0.00000000e+00
 0.00000000e+00 0.00000000e+00 0.00000000e+00 0.00000000e+00
 0.00000000e+00 0.00000000e+00 0.00000000e+00 0.00000000e+00
 0.00000000e+00 0.00000000e+00 0.00000000e+00 0.00000000e+00
 0.00000000e+00 0.00000000e+00 0.00000000e+00 0.00000000e+00
 0.00000000e+00 0.00000000e+00 0.00000000e+00 0.00000000e+00
 0.00000000e+00 0.00000000e+00 0.00000000e+00 0.00000000e+00
 0.00000000e+00 0.00000000e+00 0.00000000e+00 0.00000000e+00
 0.00000000e+00 0.00000000e+00 0.00000000e+00 0.00000000e+00
 0.00000000e+00 0.00000000e+00 0.00000000e+00 0.00000000e+00
 0.00000000e+00 0.00000000e+00 0.00000000e+00 0.00000000e+00
 0.00000000e+00 0.00000000e+00 0.00000000e+00 0.00000000e+00
 0.00000000e+00 0.00000000e+00 0.00000000e+00 0.00000000e+00
 0.00000000e+00 2.22089116e+02 0.00000000e+00 0.00000000e+00
 0.00000000e+00 0.00000000e+00 8.21228915e+01 0.00000000e+00
 0.00000000e+00 0.00000000e+00 0.00000000e+00 0.00000000e+00
 9.63601935e+01 4.81800932e+01 4.81800929e+01 4.81800927e+01
 1.36673189e+02 6.74254471e+02 2.99770055e+03 1.46331873e+04
 6.21416599e+04 1.84930746e+05 4.60886993e+05 1.06565411e+07
 8.26150451e+07 5.51884633e+08 1.41434851e+09 9.24290766e+11
 5.00233914e+09 8.49011215e+09 9.72588657e+09 1.31735535e+10
 3.15338342e+10 2.73706970e+10 1.57372521e+10 1.24486432e+10
 1.09090834e+10 9.92213071e+09 9.05280830e+09 8.21862350e+09
 7.76779472e+09 7.23779259e+09 6.75749844e+09 6.27363168e+09
 5.89193556e+09 5.56897115e+09 5.24446855e+09 4.94555289e+09
 4.81664927e+09 4.75120493e+09 4.70011046e+09 4.66017425e+09
 4.61746299e+09 4.56377454e+09 4.50577678e+09 4.46288741e+09
 4.43651070e+09 4.41633792e+09 4.39770082e+09 4.37269674e+09
 4.33995531e+09 4.31606009e+09 4.28945100e+09 4.25173053e+09
 4.23007807e+09 4.20867454e+09 4.18802678e+09 4.15344961e+09
 4.12601751e+09 4.09331610e+09 4.06504578e+09 4.02808026e+09
 3.97582269e+09 3.92492747e+09 4.45105520e+09 3.55638965e+09
 3.84004425e+09 3.82107836e+09 3.78424557e+09 3.71466642e+09
 3.58887806e+09 3.37494739e+09 2.56914230e+09 2.38549867e+09
 2.27367311e+09 2.22032553e+09 2.17441349e+09 2.10964707e+09
 2.05375664e+09 2.00581873e+09 1.96544440e+09 1.91873110e+09
 1.85925283e+09 1.74572532e+09 1.52226041e+09 1.43609172e+09
 1.43887235e+09 1.42653858e+09 1.40020793e+09 1.34200009e+09
 1.21253346e+09 9.34755526e+08 6.34821401e+08 4.74954175e+08
 3.79938753e+08 3.17793190e+08 2.73839057e+08 2.40840766e+08
 2.14105355e+08 1.95886159e+08 1.37252833e+09 0.00000000e+00
 0.00000000e+00 0.00000000e+00 0.00000000e+00 0.00000000e+00
 0.00000000e+00 0.00000000e+00 0.00000000e+00 0.00000000e+00
 0.00000000e+00 0.00000000e+00 0.00000000e+00 0.00000000e+00
 0.00000000e+00 0.00000000e+00 0.00000000e+00 0.00000000e+00
 0.00000000e+00 0.00000000e+00 0.00000000e+00 0.00000000e+00
 0.00000000e+00 0.00000000e+00 0.00000000e+00 0.00000000e+00
 0.00000000e+00 0.00000000e+00 0.00000000e+00 0.00000000e+00
 0.00000000e+00 0.00000000e+00 0.00000000e+00 0.00000000e+00
 0.00000000e+00 0.00000000e+00 0.00000000e+00 0.00000000e+00
 0.00000000e+00 0.00000000e+00 0.00000000e+00 0.00000000e+00
 0.00000000e+00 0.00000000e+00 0.00000000e+00 0.00000000e+00
 0.00000000e+00 0.00000000e+00 0.00000000e+00 0.00000000e+00
 0.00000000e+00 0.00000000e+00 0.00000000e+00 0.00000000e+00
 0.00000000e+00 0.00000000e+00 0.00000000e+00 0.00000000e+00
 0.00000000e+00 0.00000000e+00 0.00000000e+00 0.00000000e+00
 0.00000000e+00 0.00000000e+00 0.00000000e+00 0.00000000e+00
 0.00000000e+00 0.00000000e+00 0.00000000e+00 0.00000000e+00
 0.00000000e+00 0.00000000e+00 0.00000000e+00 0.00000000e+00
 0.00000000e+00 0.00000000e+00 0.00000000e+00 0.00000000e+00
 0.00000000e+00 0.00000000e+00 0.00000000e+00 0.00000000e+00
 0.00000000e+00 0.00000000e+00 0.00000000e+00 0.00000000e+00
 0.00000000e+00 0.00000000e+00 0.00000000e+00 0.00000000e+00
 0.00000000e+00 0.00000000e+00 0.00000000e+00 0.00000000e+00
 0.00000000e+00 0.00000000e+00 0.00000000e+00 0.00000000e+00
 0.00000000e+00 0.00000000e+00 0.00000000e+00 0.00000000e+00
 0.00000000e+00 0.00000000e+00 0.00000000e+00 0.00000000e+00
 0.00000000e+00 0.00000000e+00 0.00000000e+00 0.00000000e+00
 0.00000000e+00 0.00000000e+00 0.00000000e+00 0.00000000e+00
 0.00000000e+00 0.00000000e+00 0.00000000e+00 0.00000000e+00
 0.00000000e+00 0.00000000e+00 0.00000000e+00 0.00000000e+00
 0.00000000e+00 0.00000000e+00 0.00000000e+00 0.00000000e+00
 0.00000000e+00 0.00000000e+00 0.00000000e+00 0.00000000e+00
 0.00000000e+00 0.00000000e+00 0.00000000e+00 0.00000000e+00
 0.00000000e+00 0.00000000e+00 0.00000000e+00 0.00000000e+00
 0.00000000e+00 0.00000000e+00 0.00000000e+00 0.00000000e+00
 0.00000000e+00 0.00000000e+00 0.00000000e+00 0.00000000e+00
 0.00000000e+00 0.00000000e+00 0.00000000e+00 0.00000000e+00
 0.00000000e+00 0.00000000e+00 0.00000000e+00 0.00000000e+00
 0.00000000e+00 0.00000000e+00 0.00000000e+00 0.00000000e+00
 0.00000000e+00 0.00000000e+00 0.00000000e+00 0.00000000e+00]
[WARNING]: Quasi-static verification failed
[WARNING]: Max normalized derivatives: dVg/dt=2.50e+11, dVd/dt=0.00e+00, dId/dt=9.24e+11

  ngspice: ✓ PASS  (54.6s)

✓ Benchmark completed: /home/duhaochen/website-trial-v1/data/spice-model-benchmark/ecc2d8b4562b039e9a9ac4e309a2e53c/ngspice
