$ /usr/bin/timeout --kill-after=10 300 /usr/bin/python -m spice_model_benchmark.cli /home/duhaochen/website-trial-v1/data/spice-benchmark/8f995d1fa8809a42841ab199d8fea137/model.lib --simulator spectre --modes dc transient ac noise --output-dir /home/duhaochen/website-trial-v1/data/spice-benchmark/8f995d1fa8809a42841ab199d8fea137 --dpi 150 --log-level WARNING
/home/duhaochen/spice_model_benchmark/src/spice_model_benchmark/verification_manager.py:1540: RuntimeWarning: divide by zero encountered in divide
  tc = np.mean((d_ids / d_temp) / np.abs(i_ds[:-1]))
SPICE Model Benchmark: /home/duhaochen/website-trial-v1/data/spice-benchmark/8f995d1fa8809a42841ab199d8fea137/model.lib
Simulators: spectre
Modes: dc, transient, ac, noise
------------------------------------------------------------

============================================================
  Running: SPECTRE
  Output:  /home/duhaochen/website-trial-v1/data/spice-benchmark/8f995d1fa8809a42841ab199d8fea137/spectre
============================================================
Vgs range: 0.000V to 1.200V
Ids range: -0.000e+00A to 2.400e-15A
Selected Vgs values: [0.  0.2 0.4 0.6 0.8 1.  1.2]
Vgs=0.000V: Ids range 2.000e-17A to 2.400e-15A
Vgs=0.200V: Ids range -0.000e+00A to 2.400e-15A
Vgs=0.400V: Ids range -0.000e+00A to 2.400e-15A
Vgs=0.600V: Ids range -0.000e+00A to 2.400e-15A
Vgs=0.800V: Ids range -0.000e+00A to 2.400e-15A
Vgs=1.000V: Ids range -0.000e+00A to 2.400e-15A
Vgs=1.200V: Ids range -0.000e+00A to 2.400e-15A
ids_variation: 1.997638724911452
ids_variation <= max_variation: False
tc: inf
abs(tc) <= max_tc: False
[WARNING]: Temperature effects verification failed - effects outside expected range
/home/duhaochen/spice_model_benchmark/src/spice_model_benchmark/verification_manager.py:1800: RuntimeWarning: divide by zero encountered in log
  log_ids = np.log(np.abs(i_ds))
/home/duhaochen/.local/lib/python3.9/site-packages/numpy/lib/function_base.py:2742: RuntimeWarning: invalid value encountered in subtract
  X -= avg[:, None]
[WARNING]: Power dissipation data file at 27C°C not found in any location
[WARNING]: Power dissipation data file at 100C°C not found in any location
[ERROR]: Error creating power dissipation plot: unsupported operand type(s) for *: 'NoneType' and 'float'
[WARNING]: Cannot verify power dissipation: data missing
/home/duhaochen/spice_model_benchmark/src/spice_model_benchmark/verification_manager.py:2689: RuntimeWarning: divide by zero encountered in divide
  norm_dvg = np.abs(dvg_dt / gate_voltage[:-1])
/home/duhaochen/spice_model_benchmark/src/spice_model_benchmark/verification_manager.py:2689: RuntimeWarning: invalid value encountered in divide
  norm_dvg = np.abs(dvg_dt / gate_voltage[:-1])
norm_dvg: [1.38662828e+14 1.26143852e+14 1.06850214e+14 ... 0.00000000e+00
 0.00000000e+00 0.00000000e+00]
norm_dvd: [0. 0. 0. ... 0. 0. 0.]
norm_did: [1.37523972e+14 1.24197198e+14 1.04337647e+14 ... 1.03641040e+10
 4.40540414e+08 8.85086633e+09]
[WARNING]: Quasi-static verification failed
[WARNING]: Max normalized derivatives: dVg/dt=nan, dVd/dt=0.00e+00, dId/dt=4.50e+21
[ERROR]: Error parsing data file /home/duhaochen/website-trial-v1/data/spice-benchmark/8f995d1fa8809a42841ab199d8fea137/spectre/data/sparams_data.txt: tuple index out of range
[ERROR]: Error parsing data file /home/duhaochen/website-trial-v1/data/spice-benchmark/8f995d1fa8809a42841ab199d8fea137/spectre/data/nqs_effects.txt: tuple index out of range
[ERROR]: Could not find 'Values:' in charge conservation file

  spectre: ✓ PASS  (136.2s)

✓ Benchmark completed: /home/duhaochen/website-trial-v1/data/spice-benchmark/8f995d1fa8809a42841ab199d8fea137/spectre
