$ /usr/bin/time -v -o /home/duhaochen/website-trial-v1/data/spice-model-benchmark/f456009808aae4c994ad02da4ceec50b/hspice/resource.txt /usr/bin/python -m spice_model_benchmark.cli /home/duhaochen/pipeline_full_collection/benchmark-inputs/f456009808aae4c994ad02da4ceec50b/hspice.lib --simulator hspice --modes dc transient ac noise --output-dir /home/duhaochen/website-trial-v1/data/spice-model-benchmark/f456009808aae4c994ad02da4ceec50b --dpi 120 --log-level WARNING
SPICE Model Benchmark: /home/duhaochen/pipeline_full_collection/benchmark-inputs/f456009808aae4c994ad02da4ceec50b/hspice.lib
Simulators: hspice
Modes: dc, transient, ac, noise
------------------------------------------------------------

============================================================
  Running: HSPICE
  Output:  /home/duhaochen/website-trial-v1/data/spice-model-benchmark/f456009808aae4c994ad02da4ceec50b/hspice
============================================================
Vgs range: -1.200V to 0.000V
Ids range: -6.285e-11A to 3.085e-05A
Selected Vgs values: [-1.2 -1.  -0.8 -0.6 -0.4 -0.2  0. ]
Vgs=-1.200V: Ids range -6.285e-11A to 3.085e-05A
Vgs=-1.000V: Ids range -2.962e-11A to 2.008e-05A
Vgs=-0.800V: Ids range -1.202e-11A to 1.170e-05A
Vgs=-0.600V: Ids range -3.685e-12A to 5.353e-06A
Vgs=-0.400V: Ids range -5.999e-13A to 1.447e-06A
Vgs=-0.200V: Ids range -1.262e-14A to 1.056e-07A
Vgs=0.000V: Ids range 2.238e-15A to 6.914e-10A
ids_variation: 4.74623177219581
ids_variation <= max_variation: False
tc: 1545293450.1932468
abs(tc) <= max_tc: False
[WARNING]: Temperature effects verification failed - effects outside expected range
/home/duhaochen/spice_model_benchmark/src/spice_model_benchmark/verification_manager.py:2706: RuntimeWarning: divide by zero encountered in divide
  norm_dvg = np.abs(dvg_dt / gate_voltage[:-1])
/home/duhaochen/spice_model_benchmark/src/spice_model_benchmark/verification_manager.py:2706: RuntimeWarning: invalid value encountered in divide
  norm_dvg = np.abs(dvg_dt / gate_voltage[:-1])
norm_dvg: [1.00000000e+10 5.00000000e+09 3.33333333e+09 ... 0.00000000e+00
 0.00000000e+00 0.00000000e+00]
norm_dvd: [0. 0. 0. ... 0. 0. 0.]
norm_did: [4767353.16552199 4769627.0151669  7635044.8558889  ...   33532.74136874
       0.               0.        ]
[WARNING]: Quasi-static verification failed
[WARNING]: Max normalized derivatives: dVg/dt=nan, dVd/dt=0.00e+00, dId/dt=7.69e+12
/home/duhaochen/spice_model_benchmark/src/spice_model_benchmark/plot_generator.py:336: UserWarning: Attempting to set identical low and high ylims makes transformation singular; automatically expanding.
  plt.ylim(0, max_cap*1.2)  # Add 20% margin to ensure all components are visible
[INFO]: S-parameter analysis plot saved to /home/duhaochen/website-trial-v1/data/spice-model-benchmark/f456009808aae4c994ad02da4ceec50b/hspice/plots/ac_cv_sparameter_analysis.png
[INFO]: S-parameter analysis plot saved to /home/duhaochen/website-trial-v1/data/spice-model-benchmark/f456009808aae4c994ad02da4ceec50b/hspice/plots/ac_cv_sparameter_analysis.png
[INFO]: NQS effects plot saved to /home/duhaochen/website-trial-v1/data/spice-model-benchmark/f456009808aae4c994ad02da4ceec50b/hspice/plots/ac_cv_nqs_effects.png
[WARNING]: Cannot compute correlation: constant data detected

  hspice: ✓ PASS  (206.0s)

✓ Benchmark completed: /home/duhaochen/website-trial-v1/data/spice-model-benchmark/f456009808aae4c994ad02da4ceec50b/hspice
