$ /usr/bin/time -v -o /home/duhaochen/website-trial-v1/data/spice-model-benchmark/2b19ec29d1a15610208168144c4d7cb8/hspice/resource.txt /usr/bin/python -m spice_model_benchmark.cli /home/duhaochen/pipeline_full_collection/benchmark-inputs/2b19ec29d1a15610208168144c4d7cb8/hspice.lib --simulator hspice --modes dc transient ac noise --output-dir /home/duhaochen/website-trial-v1/data/spice-model-benchmark/2b19ec29d1a15610208168144c4d7cb8 --dpi 120 --log-level WARNING
SPICE Model Benchmark: /home/duhaochen/pipeline_full_collection/benchmark-inputs/2b19ec29d1a15610208168144c4d7cb8/hspice.lib
Simulators: hspice
Modes: dc, transient, ac, noise
------------------------------------------------------------

============================================================
  Running: HSPICE
  Output:  /home/duhaochen/website-trial-v1/data/spice-model-benchmark/2b19ec29d1a15610208168144c4d7cb8/hspice
============================================================
Vgs range: -1.200V to 0.000V
Ids range: -3.151e-11A to 2.240e-05A
Selected Vgs values: [-1.2 -1.  -0.8 -0.6 -0.4 -0.2  0. ]
Vgs=-1.200V: Ids range -3.151e-11A to 2.240e-05A
Vgs=-1.000V: Ids range -1.298e-11A to 1.309e-05A
Vgs=-0.800V: Ids range -4.101e-12A to 6.164e-06A
Vgs=-0.600V: Ids range -7.198e-13A to 1.769e-06A
Vgs=-0.400V: Ids range -2.039e-14A to 1.529e-07A
Vgs=-0.200V: Ids range -2.418e-18A to 1.144e-09A
Vgs=0.000V: Ids range 3.309e-16A to 4.774e-12A
ids_variation: 5.304827026663809
ids_variation <= max_variation: False
tc: 9.847618863920526e+16
abs(tc) <= max_tc: False
[WARNING]: Temperature effects verification failed - effects outside expected range
/home/duhaochen/spice_model_benchmark/src/spice_model_benchmark/verification_manager.py:2706: RuntimeWarning: divide by zero encountered in divide
  norm_dvg = np.abs(dvg_dt / gate_voltage[:-1])
/home/duhaochen/spice_model_benchmark/src/spice_model_benchmark/verification_manager.py:2706: RuntimeWarning: invalid value encountered in divide
  norm_dvg = np.abs(dvg_dt / gate_voltage[:-1])
norm_dvg: [1.00000000e+10 5.00000000e+09 3.33333333e+09 ... 0.00000000e+00
 0.00000000e+00 0.00000000e+00]
norm_dvd: [0. 0. 0. ... 0. 0. 0.]
norm_did: [0. 0. 0. ... 0. 0. 0.]
[WARNING]: Quasi-static verification failed
[WARNING]: Max normalized derivatives: dVg/dt=nan, dVd/dt=0.00e+00, dId/dt=5.11e+12
/home/duhaochen/spice_model_benchmark/src/spice_model_benchmark/plot_generator.py:336: UserWarning: Attempting to set identical low and high ylims makes transformation singular; automatically expanding.
  plt.ylim(0, max_cap*1.2)  # Add 20% margin to ensure all components are visible
[INFO]: S-parameter analysis plot saved to /home/duhaochen/website-trial-v1/data/spice-model-benchmark/2b19ec29d1a15610208168144c4d7cb8/hspice/plots/ac_cv_sparameter_analysis.png
[INFO]: S-parameter analysis plot saved to /home/duhaochen/website-trial-v1/data/spice-model-benchmark/2b19ec29d1a15610208168144c4d7cb8/hspice/plots/ac_cv_sparameter_analysis.png
[INFO]: NQS effects plot saved to /home/duhaochen/website-trial-v1/data/spice-model-benchmark/2b19ec29d1a15610208168144c4d7cb8/hspice/plots/ac_cv_nqs_effects.png
[WARNING]: Cannot compute correlation: constant data detected

  hspice: ✓ PASS  (210.0s)

✓ Benchmark completed: /home/duhaochen/website-trial-v1/data/spice-model-benchmark/2b19ec29d1a15610208168144c4d7cb8/hspice
