
6. Printing statistics.

=== adder_top ===

        +----------Local Count, excluding submodules.
        |        +-Local Area, excluding submodules.
        |        | 
       84        - wires
      129        - wire bits
        5        - public wires
       50        - public wire bits
        5        - ports
       50        - port bits
       96   1050.5 cells
       10    90.72   sg13g2_a21oi_1
        2    29.03   sg13g2_a221oi_1
        1   10.849   sg13g2_a22oi_1
        5    45.36   sg13g2_and2_1
        1    5.443   sg13g2_inv_1
        9   65.318   sg13g2_nand2_1
        2   18.144   sg13g2_nand2b_1
        4   36.288   sg13g2_nand3_1
        8   58.061   sg13g2_nor2_1
        2   18.144   sg13g2_nor2b_1
        3   27.216   sg13g2_nor3_1
        3   32.659   sg13g2_nor4_1
        8   72.576   sg13g2_o21ai_1
        2   18.144   sg13g2_or2_1
        2    29.03   sg13g2_or4_1
       18  261.274   sg13g2_xnor2_1
       16  232.243   sg13g2_xor2_1

   Chip area for module '\adder_top': 1050.499800
     of which used for sequential elements: 0.000000 (0.00%)

