OpenSTA 3.1.0 543361765b Copyright (c) 2026, Parallax Software, Inc.
License GPLv3: GNU GPL version 3 <http://gnu.org/licenses/gpl.html>

This is free software, and you are free to change and redistribute it
under certain conditions; type `show_copying' for details. 
This program comes with ABSOLUTELY NO WARRANTY; for details type `show_warranty'.
Startpoint: a[0] (input port clocked by vclk)
Endpoint: cout (output port clocked by vclk)
Path Group: vclk
Path Type: max

        Cap        Slew       Delay        Time   Description
---------------------------------------------------------------------------------------
               0.000000    0.000000    0.000000   clock vclk (rise edge)
                           0.000000    0.000000   clock network delay (ideal)
                           0.000000    0.000000 ^ input external delay
   0.011943    0.050000    0.000000    0.000000 ^ a[0] (in)
               0.050000    0.000000    0.000000 ^ _130_/A (sg13g2_xor2_1)
   0.011360    0.122422    0.148462    0.148462 ^ _130_/X (sg13g2_xor2_1)
               0.122422    0.000000    0.148462 ^ _131_/C (sg13g2_nand3_1)
   0.005752    0.080745    0.120076    0.268538 v _131_/Y (sg13g2_nand3_1)
               0.080745    0.000000    0.268538 v _132_/C (sg13g2_nor3_1)
   0.011087    0.180497    0.166819    0.435356 ^ _132_/Y (sg13g2_nor3_1)
               0.180497    0.000000    0.435356 ^ _133_/B2 (sg13g2_a221oi_1)
   0.014745    0.135786    0.166662    0.602018 v _133_/Y (sg13g2_a221oi_1)
               0.135786    0.000000    0.602018 v _136_/C (sg13g2_nor4_1)
   0.008257    0.206088    0.218835    0.820854 ^ _136_/Y (sg13g2_nor4_1)
               0.206088    0.000000    0.820854 ^ _138_/A2 (sg13g2_a21oi_1)
   0.011489    0.105518    0.154251    0.975104 v _138_/Y (sg13g2_a21oi_1)
               0.105518    0.000000    0.975104 v _142_/C (sg13g2_nor4_1)
   0.008257    0.203300    0.211039    1.186143 ^ _142_/Y (sg13g2_nor4_1)
               0.203300    0.000000    1.186143 ^ _144_/A2 (sg13g2_a21oi_1)
   0.014237    0.119612    0.168462    1.354605 v _144_/Y (sg13g2_a21oi_1)
               0.119612    0.000000    1.354605 v _147_/C (sg13g2_or4_1)
   0.008970    0.061419    0.228179    1.582784 v _147_/X (sg13g2_or4_1)
               0.061419    0.000000    1.582784 v _170_/A1 (sg13g2_o21ai_1)
   0.010000    0.139038    0.146449    1.729233 ^ _170_/Y (sg13g2_o21ai_1)
               0.139038    0.000000    1.729233 ^ cout (out)
                                       1.729233   data arrival time

               0.000000  100.000000  100.000000   clock vclk (rise edge)
                           0.000000  100.000000   clock network delay (ideal)
                           0.000000  100.000000   clock reconvergence pessimism
                           0.000000  100.000000   output external delay
                                     100.000000   data required time
---------------------------------------------------------------------------------------
                                     100.000000   data required time
                                      -1.729233   data arrival time
---------------------------------------------------------------------------------------
                                      98.270760   slack (MET)


Startpoint: a[0] (input port clocked by vclk)
Endpoint: sum[15] (output port clocked by vclk)
Path Group: vclk
Path Type: max

        Cap        Slew       Delay        Time   Description
---------------------------------------------------------------------------------------
               0.000000    0.000000    0.000000   clock vclk (rise edge)
                           0.000000    0.000000   clock network delay (ideal)
                           0.000000    0.000000 ^ input external delay
   0.011943    0.050000    0.000000    0.000000 ^ a[0] (in)
               0.050000    0.000000    0.000000 ^ _130_/A (sg13g2_xor2_1)
   0.011360    0.122422    0.148462    0.148462 ^ _130_/X (sg13g2_xor2_1)
               0.122422    0.000000    0.148462 ^ _131_/C (sg13g2_nand3_1)
   0.005752    0.080745    0.120076    0.268538 v _131_/Y (sg13g2_nand3_1)
               0.080745    0.000000    0.268538 v _132_/C (sg13g2_nor3_1)
   0.011087    0.180497    0.166819    0.435356 ^ _132_/Y (sg13g2_nor3_1)
               0.180497    0.000000    0.435356 ^ _133_/B2 (sg13g2_a221oi_1)
   0.014745    0.135786    0.166662    0.602018 v _133_/Y (sg13g2_a221oi_1)
               0.135786    0.000000    0.602018 v _136_/C (sg13g2_nor4_1)
   0.008257    0.206088    0.218835    0.820854 ^ _136_/Y (sg13g2_nor4_1)
               0.206088    0.000000    0.820854 ^ _138_/A2 (sg13g2_a21oi_1)
   0.011489    0.105518    0.154251    0.975104 v _138_/Y (sg13g2_a21oi_1)
               0.105518    0.000000    0.975104 v _142_/C (sg13g2_nor4_1)
   0.008257    0.203300    0.211039    1.186143 ^ _142_/Y (sg13g2_nor4_1)
               0.203300    0.000000    1.186143 ^ _144_/A2 (sg13g2_a21oi_1)
   0.014237    0.119612    0.168462    1.354605 v _144_/Y (sg13g2_a21oi_1)
               0.119612    0.000000    1.354605 v _147_/C (sg13g2_or4_1)
   0.008970    0.061419    0.228179    1.582784 v _147_/X (sg13g2_or4_1)
               0.061419    0.000000    1.582784 v _172_/A (sg13g2_xor2_1)
   0.010000    0.089636    0.128540    1.711324 v _172_/X (sg13g2_xor2_1)
               0.089636    0.000000    1.711324 v sum[15] (out)
                                       1.711324   data arrival time

               0.000000  100.000000  100.000000   clock vclk (rise edge)
                           0.000000  100.000000   clock network delay (ideal)
                           0.000000  100.000000   clock reconvergence pessimism
                           0.000000  100.000000   output external delay
                                     100.000000   data required time
---------------------------------------------------------------------------------------
                                     100.000000   data required time
                                      -1.711324   data arrival time
---------------------------------------------------------------------------------------
                                      98.288673   slack (MET)


Startpoint: a[0] (input port clocked by vclk)
Endpoint: sum[14] (output port clocked by vclk)
Path Group: vclk
Path Type: max

        Cap        Slew       Delay        Time   Description
---------------------------------------------------------------------------------------
               0.000000    0.000000    0.000000   clock vclk (rise edge)
                           0.000000    0.000000   clock network delay (ideal)
                           0.000000    0.000000 ^ input external delay
   0.011943    0.050000    0.000000    0.000000 ^ a[0] (in)
               0.050000    0.000000    0.000000 ^ _130_/A (sg13g2_xor2_1)
   0.011360    0.122422    0.148462    0.148462 ^ _130_/X (sg13g2_xor2_1)
               0.122422    0.000000    0.148462 ^ _131_/C (sg13g2_nand3_1)
   0.005752    0.080745    0.120076    0.268538 v _131_/Y (sg13g2_nand3_1)
               0.080745    0.000000    0.268538 v _132_/C (sg13g2_nor3_1)
   0.011087    0.180497    0.166819    0.435356 ^ _132_/Y (sg13g2_nor3_1)
               0.180497    0.000000    0.435356 ^ _133_/B2 (sg13g2_a221oi_1)
   0.014745    0.135786    0.166662    0.602018 v _133_/Y (sg13g2_a221oi_1)
               0.135786    0.000000    0.602018 v _136_/C (sg13g2_nor4_1)
   0.008257    0.206088    0.218835    0.820854 ^ _136_/Y (sg13g2_nor4_1)
               0.206088    0.000000    0.820854 ^ _138_/A2 (sg13g2_a21oi_1)
   0.011489    0.105518    0.154251    0.975104 v _138_/Y (sg13g2_a21oi_1)
               0.105518    0.000000    0.975104 v _142_/C (sg13g2_nor4_1)
   0.008257    0.203300    0.211039    1.186143 ^ _142_/Y (sg13g2_nor4_1)
               0.203300    0.000000    1.186143 ^ _144_/A2 (sg13g2_a21oi_1)
   0.014237    0.119612    0.168462    1.354605 v _144_/Y (sg13g2_a21oi_1)
               0.119612    0.000000    1.354605 v _146_/B (sg13g2_nor3_1)
   0.005004    0.112254    0.137529    1.492134 ^ _146_/Y (sg13g2_nor3_1)
               0.112254    0.000000    1.492134 ^ _148_/B (sg13g2_xnor2_1)
   0.010000    0.115314    0.132124    1.624258 ^ _148_/Y (sg13g2_xnor2_1)
               0.115314    0.000000    1.624258 ^ sum[14] (out)
                                       1.624258   data arrival time

               0.000000  100.000000  100.000000   clock vclk (rise edge)
                           0.000000  100.000000   clock network delay (ideal)
                           0.000000  100.000000   clock reconvergence pessimism
                           0.000000  100.000000   output external delay
                                     100.000000   data required time
---------------------------------------------------------------------------------------
                                     100.000000   data required time
                                      -1.624258   data arrival time
---------------------------------------------------------------------------------------
                                      98.375740   slack (MET)


Startpoint: a[0] (input port clocked by vclk)
Endpoint: sum[13] (output port clocked by vclk)
Path Group: vclk
Path Type: max

        Cap        Slew       Delay        Time   Description
---------------------------------------------------------------------------------------
               0.000000    0.000000    0.000000   clock vclk (rise edge)
                           0.000000    0.000000   clock network delay (ideal)
                           0.000000    0.000000 ^ input external delay
   0.011943    0.050000    0.000000    0.000000 ^ a[0] (in)
               0.050000    0.000000    0.000000 ^ _130_/A (sg13g2_xor2_1)
   0.011360    0.122422    0.148462    0.148462 ^ _130_/X (sg13g2_xor2_1)
               0.122422    0.000000    0.148462 ^ _131_/C (sg13g2_nand3_1)
   0.005752    0.080745    0.120076    0.268538 v _131_/Y (sg13g2_nand3_1)
               0.080745    0.000000    0.268538 v _132_/C (sg13g2_nor3_1)
   0.011087    0.180497    0.166819    0.435356 ^ _132_/Y (sg13g2_nor3_1)
               0.180497    0.000000    0.435356 ^ _133_/B2 (sg13g2_a221oi_1)
   0.014745    0.135786    0.166662    0.602018 v _133_/Y (sg13g2_a221oi_1)
               0.135786    0.000000    0.602018 v _136_/C (sg13g2_nor4_1)
   0.008257    0.206088    0.218835    0.820854 ^ _136_/Y (sg13g2_nor4_1)
               0.206088    0.000000    0.820854 ^ _138_/A2 (sg13g2_a21oi_1)
   0.011489    0.105518    0.154251    0.975104 v _138_/Y (sg13g2_a21oi_1)
               0.105518    0.000000    0.975104 v _142_/C (sg13g2_nor4_1)
   0.008257    0.203300    0.211039    1.186143 ^ _142_/Y (sg13g2_nor4_1)
               0.203300    0.000000    1.186143 ^ _144_/A2 (sg13g2_a21oi_1)
   0.014237    0.119612    0.168462    1.354605 v _144_/Y (sg13g2_a21oi_1)
               0.119612    0.000000    1.354605 v _149_/A1 (sg13g2_o21ai_1)
   0.005004    0.095934    0.130166    1.484771 ^ _149_/Y (sg13g2_o21ai_1)
               0.095934    0.000000    1.484771 ^ _150_/B (sg13g2_xnor2_1)
   0.010000    0.116540    0.127371    1.612141 ^ _150_/Y (sg13g2_xnor2_1)
               0.116540    0.000000    1.612141 ^ sum[13] (out)
                                       1.612141   data arrival time

               0.000000  100.000000  100.000000   clock vclk (rise edge)
                           0.000000  100.000000   clock network delay (ideal)
                           0.000000  100.000000   clock reconvergence pessimism
                           0.000000  100.000000   output external delay
                                     100.000000   data required time
---------------------------------------------------------------------------------------
                                     100.000000   data required time
                                      -1.612141   data arrival time
---------------------------------------------------------------------------------------
                                      98.387856   slack (MET)


Startpoint: a[0] (input port clocked by vclk)
Endpoint: sum[12] (output port clocked by vclk)
Path Group: vclk
Path Type: max

        Cap        Slew       Delay        Time   Description
---------------------------------------------------------------------------------------
               0.000000    0.000000    0.000000   clock vclk (rise edge)
                           0.000000    0.000000   clock network delay (ideal)
                           0.000000    0.000000 ^ input external delay
   0.011943    0.050000    0.000000    0.000000 ^ a[0] (in)
               0.050000    0.000000    0.000000 ^ _130_/A (sg13g2_xor2_1)
   0.011360    0.122422    0.148462    0.148462 ^ _130_/X (sg13g2_xor2_1)
               0.122422    0.000000    0.148462 ^ _131_/C (sg13g2_nand3_1)
   0.005752    0.080745    0.120076    0.268538 v _131_/Y (sg13g2_nand3_1)
               0.080745    0.000000    0.268538 v _132_/C (sg13g2_nor3_1)
   0.011087    0.180497    0.166819    0.435356 ^ _132_/Y (sg13g2_nor3_1)
               0.180497    0.000000    0.435356 ^ _133_/B2 (sg13g2_a221oi_1)
   0.014745    0.135786    0.166662    0.602018 v _133_/Y (sg13g2_a221oi_1)
               0.135786    0.000000    0.602018 v _136_/C (sg13g2_nor4_1)
   0.008257    0.206088    0.218835    0.820854 ^ _136_/Y (sg13g2_nor4_1)
               0.206088    0.000000    0.820854 ^ _138_/A2 (sg13g2_a21oi_1)
   0.011489    0.105518    0.154251    0.975104 v _138_/Y (sg13g2_a21oi_1)
               0.105518    0.000000    0.975104 v _142_/C (sg13g2_nor4_1)
   0.008257    0.203300    0.211039    1.186143 ^ _142_/Y (sg13g2_nor4_1)
               0.203300    0.000000    1.186143 ^ _144_/A2 (sg13g2_a21oi_1)
   0.014237    0.119612    0.168462    1.354605 v _144_/Y (sg13g2_a21oi_1)
               0.119612    0.000000    1.354605 v _151_/A (sg13g2_xor2_1)
   0.010000    0.115669    0.148223    1.502828 ^ _151_/X (sg13g2_xor2_1)
               0.115669    0.000000    1.502828 ^ sum[12] (out)
                                       1.502828   data arrival time

               0.000000  100.000000  100.000000   clock vclk (rise edge)
                           0.000000  100.000000   clock network delay (ideal)
                           0.000000  100.000000   clock reconvergence pessimism
                           0.000000  100.000000   output external delay
                                     100.000000   data required time
---------------------------------------------------------------------------------------
                                     100.000000   data required time
                                      -1.502828   data arrival time
---------------------------------------------------------------------------------------
                                      98.497169   slack (MET)


Startpoint: a[0] (input port clocked by vclk)
Endpoint: sum[11] (output port clocked by vclk)
Path Group: vclk
Path Type: max

        Cap        Slew       Delay        Time   Description
---------------------------------------------------------------------------------------
               0.000000    0.000000    0.000000   clock vclk (rise edge)
                           0.000000    0.000000   clock network delay (ideal)
                           0.000000    0.000000 ^ input external delay
   0.011943    0.050000    0.000000    0.000000 ^ a[0] (in)
               0.050000    0.000000    0.000000 ^ _130_/A (sg13g2_xor2_1)
   0.011360    0.122422    0.148462    0.148462 ^ _130_/X (sg13g2_xor2_1)
               0.122422    0.000000    0.148462 ^ _131_/C (sg13g2_nand3_1)
   0.005752    0.080745    0.120076    0.268538 v _131_/Y (sg13g2_nand3_1)
               0.080745    0.000000    0.268538 v _132_/C (sg13g2_nor3_1)
   0.011087    0.180497    0.166819    0.435356 ^ _132_/Y (sg13g2_nor3_1)
               0.180497    0.000000    0.435356 ^ _133_/B2 (sg13g2_a221oi_1)
   0.014745    0.135786    0.166662    0.602018 v _133_/Y (sg13g2_a221oi_1)
               0.135786    0.000000    0.602018 v _136_/C (sg13g2_nor4_1)
   0.008257    0.206088    0.218835    0.820854 ^ _136_/Y (sg13g2_nor4_1)
               0.206088    0.000000    0.820854 ^ _138_/A2 (sg13g2_a21oi_1)
   0.011489    0.105518    0.154251    0.975104 v _138_/Y (sg13g2_a21oi_1)
               0.105518    0.000000    0.975104 v _142_/C (sg13g2_nor4_1)
   0.008257    0.203300    0.211039    1.186143 ^ _142_/Y (sg13g2_nor4_1)
               0.203300    0.000000    1.186143 ^ _171_/B (sg13g2_xor2_1)
   0.010000    0.112617    0.186577    1.372720 ^ _171_/X (sg13g2_xor2_1)
               0.112617    0.000000    1.372720 ^ sum[11] (out)
                                       1.372720   data arrival time

               0.000000  100.000000  100.000000   clock vclk (rise edge)
                           0.000000  100.000000   clock network delay (ideal)
                           0.000000  100.000000   clock reconvergence pessimism
                           0.000000  100.000000   output external delay
                                     100.000000   data required time
---------------------------------------------------------------------------------------
                                     100.000000   data required time
                                      -1.372720   data arrival time
---------------------------------------------------------------------------------------
                                      98.627281   slack (MET)


Startpoint: a[0] (input port clocked by vclk)
Endpoint: sum[10] (output port clocked by vclk)
Path Group: vclk
Path Type: max

        Cap        Slew       Delay        Time   Description
---------------------------------------------------------------------------------------
               0.000000    0.000000    0.000000   clock vclk (rise edge)
                           0.000000    0.000000   clock network delay (ideal)
                           0.000000    0.000000 ^ input external delay
   0.011943    0.050000    0.000000    0.000000 ^ a[0] (in)
               0.050000    0.000000    0.000000 ^ _130_/A (sg13g2_xor2_1)
   0.011360    0.122422    0.148462    0.148462 ^ _130_/X (sg13g2_xor2_1)
               0.122422    0.000000    0.148462 ^ _131_/C (sg13g2_nand3_1)
   0.005752    0.080745    0.120076    0.268538 v _131_/Y (sg13g2_nand3_1)
               0.080745    0.000000    0.268538 v _132_/C (sg13g2_nor3_1)
   0.011087    0.180497    0.166819    0.435356 ^ _132_/Y (sg13g2_nor3_1)
               0.180497    0.000000    0.435356 ^ _133_/B2 (sg13g2_a221oi_1)
   0.014745    0.135786    0.166662    0.602018 v _133_/Y (sg13g2_a221oi_1)
               0.135786    0.000000    0.602018 v _136_/C (sg13g2_nor4_1)
   0.008257    0.206088    0.218835    0.820854 ^ _136_/Y (sg13g2_nor4_1)
               0.206088    0.000000    0.820854 ^ _138_/A2 (sg13g2_a21oi_1)
   0.011489    0.105518    0.154251    0.975104 v _138_/Y (sg13g2_a21oi_1)
               0.105518    0.000000    0.975104 v _140_/A (sg13g2_nor2_1)
   0.005894    0.077426    0.097474    1.072578 ^ _140_/Y (sg13g2_nor2_1)
               0.077426    0.000000    1.072578 ^ _141_/B (sg13g2_nand2_1)
   0.005088    0.063739    0.071441    1.144019 v _141_/Y (sg13g2_nand2_1)
               0.063739    0.000000    1.144019 v _152_/B (sg13g2_xor2_1)
   0.010000    0.081029    0.123902    1.267920 v _152_/X (sg13g2_xor2_1)
               0.081029    0.000000    1.267920 v sum[10] (out)
                                       1.267920   data arrival time

               0.000000  100.000000  100.000000   clock vclk (rise edge)
                           0.000000  100.000000   clock network delay (ideal)
                           0.000000  100.000000   clock reconvergence pessimism
                           0.000000  100.000000   output external delay
                                     100.000000   data required time
---------------------------------------------------------------------------------------
                                     100.000000   data required time
                                      -1.267920   data arrival time
---------------------------------------------------------------------------------------
                                      98.732079   slack (MET)


Startpoint: a[0] (input port clocked by vclk)
Endpoint: sum[9] (output port clocked by vclk)
Path Group: vclk
Path Type: max

        Cap        Slew       Delay        Time   Description
---------------------------------------------------------------------------------------
               0.000000    0.000000    0.000000   clock vclk (rise edge)
                           0.000000    0.000000   clock network delay (ideal)
                           0.000000    0.000000 ^ input external delay
   0.011943    0.050000    0.000000    0.000000 ^ a[0] (in)
               0.050000    0.000000    0.000000 ^ _130_/A (sg13g2_xor2_1)
   0.011360    0.122422    0.148462    0.148462 ^ _130_/X (sg13g2_xor2_1)
               0.122422    0.000000    0.148462 ^ _131_/C (sg13g2_nand3_1)
   0.005752    0.080745    0.120076    0.268538 v _131_/Y (sg13g2_nand3_1)
               0.080745    0.000000    0.268538 v _132_/C (sg13g2_nor3_1)
   0.011087    0.180497    0.166819    0.435356 ^ _132_/Y (sg13g2_nor3_1)
               0.180497    0.000000    0.435356 ^ _133_/B2 (sg13g2_a221oi_1)
   0.014745    0.135786    0.166662    0.602018 v _133_/Y (sg13g2_a221oi_1)
               0.135786    0.000000    0.602018 v _136_/C (sg13g2_nor4_1)
   0.008257    0.206088    0.218835    0.820854 ^ _136_/Y (sg13g2_nor4_1)
               0.206088    0.000000    0.820854 ^ _138_/A2 (sg13g2_a21oi_1)
   0.011489    0.105518    0.154251    0.975104 v _138_/Y (sg13g2_a21oi_1)
               0.105518    0.000000    0.975104 v _140_/A (sg13g2_nor2_1)
   0.005894    0.077426    0.097474    1.072578 ^ _140_/Y (sg13g2_nor2_1)
               0.077426    0.000000    1.072578 ^ _153_/B1 (sg13g2_a21oi_1)
   0.005056    0.054802    0.051358    1.123936 v _153_/Y (sg13g2_a21oi_1)
               0.054802    0.000000    1.123936 v _154_/B (sg13g2_xnor2_1)
   0.010000    0.089048    0.123727    1.247663 v _154_/Y (sg13g2_xnor2_1)
               0.089048    0.000000    1.247663 v sum[9] (out)
                                       1.247663   data arrival time

               0.000000  100.000000  100.000000   clock vclk (rise edge)
                           0.000000  100.000000   clock network delay (ideal)
                           0.000000  100.000000   clock reconvergence pessimism
                           0.000000  100.000000   output external delay
                                     100.000000   data required time
---------------------------------------------------------------------------------------
                                     100.000000   data required time
                                      -1.247663   data arrival time
---------------------------------------------------------------------------------------
                                      98.752335   slack (MET)


Startpoint: a[0] (input port clocked by vclk)
Endpoint: sum[8] (output port clocked by vclk)
Path Group: vclk
Path Type: max

        Cap        Slew       Delay        Time   Description
---------------------------------------------------------------------------------------
               0.000000    0.000000    0.000000   clock vclk (rise edge)
                           0.000000    0.000000   clock network delay (ideal)
                           0.000000    0.000000 ^ input external delay
   0.011943    0.050000    0.000000    0.000000 ^ a[0] (in)
               0.050000    0.000000    0.000000 ^ _130_/A (sg13g2_xor2_1)
   0.011360    0.122422    0.148462    0.148462 ^ _130_/X (sg13g2_xor2_1)
               0.122422    0.000000    0.148462 ^ _131_/C (sg13g2_nand3_1)
   0.005752    0.080745    0.120076    0.268538 v _131_/Y (sg13g2_nand3_1)
               0.080745    0.000000    0.268538 v _132_/C (sg13g2_nor3_1)
   0.011087    0.180497    0.166819    0.435356 ^ _132_/Y (sg13g2_nor3_1)
               0.180497    0.000000    0.435356 ^ _133_/B2 (sg13g2_a221oi_1)
   0.014745    0.135786    0.166662    0.602018 v _133_/Y (sg13g2_a221oi_1)
               0.135786    0.000000    0.602018 v _136_/C (sg13g2_nor4_1)
   0.008257    0.206088    0.218835    0.820854 ^ _136_/Y (sg13g2_nor4_1)
               0.206088    0.000000    0.820854 ^ _138_/A2 (sg13g2_a21oi_1)
   0.011489    0.105518    0.154251    0.975104 v _138_/Y (sg13g2_a21oi_1)
               0.105518    0.000000    0.975104 v _155_/A (sg13g2_xor2_1)
   0.010000    0.114356    0.144216    1.119321 ^ _155_/X (sg13g2_xor2_1)
               0.114356    0.000000    1.119321 ^ sum[8] (out)
                                       1.119321   data arrival time

               0.000000  100.000000  100.000000   clock vclk (rise edge)
                           0.000000  100.000000   clock network delay (ideal)
                           0.000000  100.000000   clock reconvergence pessimism
                           0.000000  100.000000   output external delay
                                     100.000000   data required time
---------------------------------------------------------------------------------------
                                     100.000000   data required time
                                      -1.119321   data arrival time
---------------------------------------------------------------------------------------
                                      98.880676   slack (MET)


Startpoint: a[0] (input port clocked by vclk)
Endpoint: sum[7] (output port clocked by vclk)
Path Group: vclk
Path Type: max

        Cap        Slew       Delay        Time   Description
---------------------------------------------------------------------------------------
               0.000000    0.000000    0.000000   clock vclk (rise edge)
                           0.000000    0.000000   clock network delay (ideal)
                           0.000000    0.000000 ^ input external delay
   0.011943    0.050000    0.000000    0.000000 ^ a[0] (in)
               0.050000    0.000000    0.000000 ^ _130_/A (sg13g2_xor2_1)
   0.011360    0.122422    0.148462    0.148462 ^ _130_/X (sg13g2_xor2_1)
               0.122422    0.000000    0.148462 ^ _131_/C (sg13g2_nand3_1)
   0.005752    0.080745    0.120076    0.268538 v _131_/Y (sg13g2_nand3_1)
               0.080745    0.000000    0.268538 v _132_/C (sg13g2_nor3_1)
   0.011087    0.180497    0.166819    0.435356 ^ _132_/Y (sg13g2_nor3_1)
               0.180497    0.000000    0.435356 ^ _133_/B2 (sg13g2_a221oi_1)
   0.014745    0.135786    0.166662    0.602018 v _133_/Y (sg13g2_a221oi_1)
               0.135786    0.000000    0.602018 v _136_/C (sg13g2_nor4_1)
   0.008257    0.206088    0.218835    0.820854 ^ _136_/Y (sg13g2_nor4_1)
               0.206088    0.000000    0.820854 ^ _173_/B (sg13g2_xor2_1)
   0.010000    0.112610    0.187146    1.007999 ^ _173_/X (sg13g2_xor2_1)
               0.112610    0.000000    1.007999 ^ sum[7] (out)
                                       1.007999   data arrival time

               0.000000  100.000000  100.000000   clock vclk (rise edge)
                           0.000000  100.000000   clock network delay (ideal)
                           0.000000  100.000000   clock reconvergence pessimism
                           0.000000  100.000000   output external delay
                                     100.000000   data required time
---------------------------------------------------------------------------------------
                                     100.000000   data required time
                                      -1.007999   data arrival time
---------------------------------------------------------------------------------------
                                      98.991997   slack (MET)


Startpoint: b[2] (input port clocked by vclk)
Endpoint: sum[5] (output port clocked by vclk)
Path Group: vclk
Path Type: max

        Cap        Slew       Delay        Time   Description
---------------------------------------------------------------------------------------
               0.000000    0.000000    0.000000   clock vclk (rise edge)
                           0.000000    0.000000   clock network delay (ideal)
                           0.000000    0.000000 v input external delay
   0.010506    0.050000    0.000000    0.000000 v b[2] (in)
               0.050000    0.000000    0.000000 v _113_/B (sg13g2_and2_1)
   0.005581    0.029338    0.087534    0.087534 v _113_/X (sg13g2_and2_1)
               0.029338    0.000000    0.087534 v _122_/A (sg13g2_nor4_1)
   0.006405    0.171625    0.184031    0.271565 ^ _122_/Y (sg13g2_nor4_1)
               0.171625    0.000000    0.271565 ^ _132_/A (sg13g2_nor3_1)
   0.010767    0.076666    0.113338    0.384903 v _132_/Y (sg13g2_nor3_1)
               0.076666    0.000000    0.384903 v _133_/B2 (sg13g2_a221oi_1)
   0.014822    0.252660    0.251450    0.636353 ^ _133_/Y (sg13g2_a221oi_1)
               0.252660    0.000000    0.636353 ^ _157_/A1 (sg13g2_o21ai_1)
   0.005056    0.076719    0.124392    0.760745 v _157_/Y (sg13g2_o21ai_1)
               0.076719    0.000000    0.760745 v _158_/B (sg13g2_xnor2_1)
   0.010000    0.086615    0.132911    0.893656 v _158_/Y (sg13g2_xnor2_1)
               0.086615    0.000000    0.893656 v sum[5] (out)
                                       0.893656   data arrival time

               0.000000  100.000000  100.000000   clock vclk (rise edge)
                           0.000000  100.000000   clock network delay (ideal)
                           0.000000  100.000000   clock reconvergence pessimism
                           0.000000  100.000000   output external delay
                                     100.000000   data required time
---------------------------------------------------------------------------------------
                                     100.000000   data required time
                                      -0.893656   data arrival time
---------------------------------------------------------------------------------------
                                      99.106339   slack (MET)


Startpoint: a[0] (input port clocked by vclk)
Endpoint: sum[6] (output port clocked by vclk)
Path Group: vclk
Path Type: max

        Cap        Slew       Delay        Time   Description
---------------------------------------------------------------------------------------
               0.000000    0.000000    0.000000   clock vclk (rise edge)
                           0.000000    0.000000   clock network delay (ideal)
                           0.000000    0.000000 ^ input external delay
   0.011943    0.050000    0.000000    0.000000 ^ a[0] (in)
               0.050000    0.000000    0.000000 ^ _130_/A (sg13g2_xor2_1)
   0.011360    0.122422    0.148462    0.148462 ^ _130_/X (sg13g2_xor2_1)
               0.122422    0.000000    0.148462 ^ _131_/C (sg13g2_nand3_1)
   0.005752    0.080745    0.120076    0.268538 v _131_/Y (sg13g2_nand3_1)
               0.080745    0.000000    0.268538 v _132_/C (sg13g2_nor3_1)
   0.011087    0.180497    0.166819    0.435356 ^ _132_/Y (sg13g2_nor3_1)
               0.180497    0.000000    0.435356 ^ _133_/B2 (sg13g2_a221oi_1)
   0.014745    0.135786    0.166662    0.602018 v _133_/Y (sg13g2_a221oi_1)
               0.135786    0.000000    0.602018 v _135_/B (sg13g2_nor3_1)
   0.005004    0.112722    0.141308    0.743326 ^ _135_/Y (sg13g2_nor3_1)
               0.112722    0.000000    0.743326 ^ _156_/B (sg13g2_xnor2_1)
   0.010000    0.117241    0.132258    0.875584 ^ _156_/Y (sg13g2_xnor2_1)
               0.117241    0.000000    0.875584 ^ sum[6] (out)
                                       0.875584   data arrival time

               0.000000  100.000000  100.000000   clock vclk (rise edge)
                           0.000000  100.000000   clock network delay (ideal)
                           0.000000  100.000000   clock reconvergence pessimism
                           0.000000  100.000000   output external delay
                                     100.000000   data required time
---------------------------------------------------------------------------------------
                                     100.000000   data required time
                                      -0.875584   data arrival time
---------------------------------------------------------------------------------------
                                      99.124413   slack (MET)


Startpoint: b[2] (input port clocked by vclk)
Endpoint: sum[4] (output port clocked by vclk)
Path Group: vclk
Path Type: max

        Cap        Slew       Delay        Time   Description
---------------------------------------------------------------------------------------
               0.000000    0.000000    0.000000   clock vclk (rise edge)
                           0.000000    0.000000   clock network delay (ideal)
                           0.000000    0.000000 v input external delay
   0.010506    0.050000    0.000000    0.000000 v b[2] (in)
               0.050000    0.000000    0.000000 v _113_/B (sg13g2_and2_1)
   0.005581    0.029338    0.087534    0.087534 v _113_/X (sg13g2_and2_1)
               0.029338    0.000000    0.087534 v _122_/A (sg13g2_nor4_1)
   0.006405    0.171625    0.184031    0.271565 ^ _122_/Y (sg13g2_nor4_1)
               0.171625    0.000000    0.271565 ^ _132_/A (sg13g2_nor3_1)
   0.010767    0.076666    0.113338    0.384903 v _132_/Y (sg13g2_nor3_1)
               0.076666    0.000000    0.384903 v _133_/B2 (sg13g2_a221oi_1)
   0.014822    0.252660    0.251450    0.636353 ^ _133_/Y (sg13g2_a221oi_1)
               0.252660    0.000000    0.636353 ^ _159_/A (sg13g2_xor2_1)
   0.010000    0.117176    0.205729    0.842083 ^ _159_/X (sg13g2_xor2_1)
               0.117176    0.000000    0.842083 ^ sum[4] (out)
                                       0.842083   data arrival time

               0.000000  100.000000  100.000000   clock vclk (rise edge)
                           0.000000  100.000000   clock network delay (ideal)
                           0.000000  100.000000   clock reconvergence pessimism
                           0.000000  100.000000   output external delay
                                     100.000000   data required time
---------------------------------------------------------------------------------------
                                     100.000000   data required time
                                      -0.842083   data arrival time
---------------------------------------------------------------------------------------
                                      99.157913   slack (MET)


Startpoint: a[0] (input port clocked by vclk)
Endpoint: sum[3] (output port clocked by vclk)
Path Group: vclk
Path Type: max

        Cap        Slew       Delay        Time   Description
---------------------------------------------------------------------------------------
               0.000000    0.000000    0.000000   clock vclk (rise edge)
                           0.000000    0.000000   clock network delay (ideal)
                           0.000000    0.000000 ^ input external delay
   0.011943    0.050000    0.000000    0.000000 ^ a[0] (in)
               0.050000    0.000000    0.000000 ^ _130_/A (sg13g2_xor2_1)
   0.011360    0.122422    0.148462    0.148462 ^ _130_/X (sg13g2_xor2_1)
               0.122422    0.000000    0.148462 ^ _131_/C (sg13g2_nand3_1)
   0.005752    0.080745    0.120076    0.268538 v _131_/Y (sg13g2_nand3_1)
               0.080745    0.000000    0.268538 v _132_/C (sg13g2_nor3_1)
   0.011087    0.180497    0.166819    0.435356 ^ _132_/Y (sg13g2_nor3_1)
               0.180497    0.000000    0.435356 ^ _174_/B (sg13g2_xor2_1)
   0.010000    0.110870    0.181924    0.617280 ^ _174_/X (sg13g2_xor2_1)
               0.110870    0.000000    0.617280 ^ sum[3] (out)
                                       0.617280   data arrival time

               0.000000  100.000000  100.000000   clock vclk (rise edge)
                           0.000000  100.000000   clock network delay (ideal)
                           0.000000  100.000000   clock reconvergence pessimism
                           0.000000  100.000000   output external delay
                                     100.000000   data required time
---------------------------------------------------------------------------------------
                                     100.000000   data required time
                                      -0.617280   data arrival time
---------------------------------------------------------------------------------------
                                      99.382721   slack (MET)


Startpoint: a[0] (input port clocked by vclk)
Endpoint: sum[2] (output port clocked by vclk)
Path Group: vclk
Path Type: max

        Cap        Slew       Delay        Time   Description
---------------------------------------------------------------------------------------
               0.000000    0.000000    0.000000   clock vclk (rise edge)
                           0.000000    0.000000   clock network delay (ideal)
                           0.000000    0.000000 ^ input external delay
   0.011943    0.050000    0.000000    0.000000 ^ a[0] (in)
               0.050000    0.000000    0.000000 ^ _130_/A (sg13g2_xor2_1)
   0.011360    0.122422    0.148462    0.148462 ^ _130_/X (sg13g2_xor2_1)
               0.122422    0.000000    0.148462 ^ _131_/C (sg13g2_nand3_1)
   0.005752    0.080745    0.120076    0.268538 v _131_/Y (sg13g2_nand3_1)
               0.080745    0.000000    0.268538 v _132_/C (sg13g2_nor3_1)
   0.011087    0.180497    0.166819    0.435356 ^ _132_/Y (sg13g2_nor3_1)
               0.180497    0.000000    0.435356 ^ _161_/A (sg13g2_nor2b_1)
   0.010000    0.067862    0.096105    0.531461 v _161_/Y (sg13g2_nor2b_1)
               0.067862    0.000000    0.531461 v sum[2] (out)
                                       0.531461   data arrival time

               0.000000  100.000000  100.000000   clock vclk (rise edge)
                           0.000000  100.000000   clock network delay (ideal)
                           0.000000  100.000000   clock reconvergence pessimism
                           0.000000  100.000000   output external delay
                                     100.000000   data required time
---------------------------------------------------------------------------------------
                                     100.000000   data required time
                                      -0.531461   data arrival time
---------------------------------------------------------------------------------------
                                      99.468529   slack (MET)


Startpoint: a[0] (input port clocked by vclk)
Endpoint: sum[1] (output port clocked by vclk)
Path Group: vclk
Path Type: max

        Cap        Slew       Delay        Time   Description
---------------------------------------------------------------------------------------
               0.000000    0.000000    0.000000   clock vclk (rise edge)
                           0.000000    0.000000   clock network delay (ideal)
                           0.000000    0.000000 ^ input external delay
   0.011943    0.050000    0.000000    0.000000 ^ a[0] (in)
               0.050000    0.000000    0.000000 ^ _130_/A (sg13g2_xor2_1)
   0.011360    0.122422    0.148462    0.148462 ^ _130_/X (sg13g2_xor2_1)
               0.122422    0.000000    0.148462 ^ _162_/A2 (sg13g2_a21oi_1)
   0.005056    0.060596    0.098347    0.246808 v _162_/Y (sg13g2_a21oi_1)
               0.060596    0.000000    0.246808 v _163_/B (sg13g2_xnor2_1)
   0.010000    0.083524    0.126155    0.372963 v _163_/Y (sg13g2_xnor2_1)
               0.083524    0.000000    0.372963 v sum[1] (out)
                                       0.372963   data arrival time

               0.000000  100.000000  100.000000   clock vclk (rise edge)
                           0.000000  100.000000   clock network delay (ideal)
                           0.000000  100.000000   clock reconvergence pessimism
                           0.000000  100.000000   output external delay
                                     100.000000   data required time
---------------------------------------------------------------------------------------
                                     100.000000   data required time
                                      -0.372963   data arrival time
---------------------------------------------------------------------------------------
                                      99.627029   slack (MET)


Startpoint: a[0] (input port clocked by vclk)
Endpoint: sum[0] (output port clocked by vclk)
Path Group: vclk
Path Type: max

        Cap        Slew       Delay        Time   Description
---------------------------------------------------------------------------------------
               0.000000    0.000000    0.000000   clock vclk (rise edge)
                           0.000000    0.000000   clock network delay (ideal)
                           0.000000    0.000000 ^ input external delay
   0.011943    0.050000    0.000000    0.000000 ^ a[0] (in)
               0.050000    0.000000    0.000000 ^ _130_/A (sg13g2_xor2_1)
   0.011360    0.122422    0.148462    0.148462 ^ _130_/X (sg13g2_xor2_1)
               0.122422    0.000000    0.148462 ^ _164_/B (sg13g2_xor2_1)
   0.010000    0.111479    0.166052    0.314513 ^ _164_/X (sg13g2_xor2_1)
               0.111479    0.000000    0.314513 ^ sum[0] (out)
                                       0.314513   data arrival time

               0.000000  100.000000  100.000000   clock vclk (rise edge)
                           0.000000  100.000000   clock network delay (ideal)
                           0.000000  100.000000   clock reconvergence pessimism
                           0.000000  100.000000   output external delay
                                     100.000000   data required time
---------------------------------------------------------------------------------------
                                     100.000000   data required time
                                      -0.314513   data arrival time
---------------------------------------------------------------------------------------
                                      99.685486   slack (MET)


