$ /usr/bin/time -v -o /home/duhaochen/website-trial-v1/data/spice-model-benchmark/975e01162f1b3514a5ee41988ddd34ef/hspice/resource.txt /usr/bin/python -m spice_model_benchmark.cli /home/duhaochen/pipeline_full_collection/benchmark-inputs/975e01162f1b3514a5ee41988ddd34ef/hspice.lib --simulator hspice --modes dc transient ac noise --output-dir /home/duhaochen/website-trial-v1/data/spice-model-benchmark/975e01162f1b3514a5ee41988ddd34ef --dpi 120 --log-level WARNING
SPICE Model Benchmark: /home/duhaochen/pipeline_full_collection/benchmark-inputs/975e01162f1b3514a5ee41988ddd34ef/hspice.lib
Simulators: hspice
Modes: dc, transient, ac, noise
------------------------------------------------------------

============================================================
  Running: HSPICE
  Output:  /home/duhaochen/website-trial-v1/data/spice-model-benchmark/975e01162f1b3514a5ee41988ddd34ef/hspice
============================================================
Vgs range: 0.000V to 1.200V
Ids range: -9.494e-04A to 6.240e-12A
Selected Vgs values: [0.  0.2 0.4 0.6 0.8 1.  1.2]
Vgs=0.000V: Ids range -1.373e-08A to -1.255e-11A
Vgs=0.200V: Ids range -2.475e-07A to 1.873e-17A
Vgs=0.400V: Ids range -3.580e-06A to 8.169e-15A
Vgs=0.600V: Ids range -4.319e-05A to 1.832e-13A
Vgs=0.800V: Ids range -2.279e-04A to 7.928e-13A
Vgs=1.000V: Ids range -5.413e-04A to 2.409e-12A
Vgs=1.200V: Ids range -9.494e-04A to 6.240e-12A
ids_variation: 6.166422887544168
ids_variation <= max_variation: False
tc: 18408853823.89904
abs(tc) <= max_tc: False
[WARNING]: Temperature effects verification failed - effects outside expected range
/home/duhaochen/spice_model_benchmark/src/spice_model_benchmark/verification_manager.py:2706: RuntimeWarning: divide by zero encountered in divide
  norm_dvg = np.abs(dvg_dt / gate_voltage[:-1])
/home/duhaochen/spice_model_benchmark/src/spice_model_benchmark/verification_manager.py:2706: RuntimeWarning: invalid value encountered in divide
  norm_dvg = np.abs(dvg_dt / gate_voltage[:-1])
norm_dvg: [1.00000000e+10 5.00000000e+09 3.33333333e+09 ... 0.00000000e+00
 0.00000000e+00 0.00000000e+00]
norm_dvd: [0. 0. 0. ... 0. 0. 0.]
norm_did: [1940787.30882647 2126523.32118987 2423321.57973594 ...       0.
       0.               0.        ]
[WARNING]: Quasi-static verification failed
[WARNING]: Max normalized derivatives: dVg/dt=nan, dVd/dt=0.00e+00, dId/dt=4.57e+12
/home/duhaochen/spice_model_benchmark/src/spice_model_benchmark/plot_generator.py:336: UserWarning: Attempting to set identical low and high ylims makes transformation singular; automatically expanding.
  plt.ylim(0, max_cap*1.2)  # Add 20% margin to ensure all components are visible
[INFO]: S-parameter analysis plot saved to /home/duhaochen/website-trial-v1/data/spice-model-benchmark/975e01162f1b3514a5ee41988ddd34ef/hspice/plots/ac_cv_sparameter_analysis.png
[INFO]: S-parameter analysis plot saved to /home/duhaochen/website-trial-v1/data/spice-model-benchmark/975e01162f1b3514a5ee41988ddd34ef/hspice/plots/ac_cv_sparameter_analysis.png
[INFO]: NQS effects plot saved to /home/duhaochen/website-trial-v1/data/spice-model-benchmark/975e01162f1b3514a5ee41988ddd34ef/hspice/plots/ac_cv_nqs_effects.png
[WARNING]: Cannot compute correlation: constant data detected

  hspice: ✓ PASS  (213.7s)

✓ Benchmark completed: /home/duhaochen/website-trial-v1/data/spice-model-benchmark/975e01162f1b3514a5ee41988ddd34ef/hspice
