$ /usr/bin/time -v -o /home/duhaochen/website-trial-v1/data/spice-model-benchmark/1b85899b2faf21ba1787a1c206569f89/ngspice/resource.txt /usr/bin/python -m spice_model_benchmark.cli /home/duhaochen/pipeline_full_collection/benchmark-inputs/1b85899b2faf21ba1787a1c206569f89/ngspice.lib --simulator ngspice --modes dc transient ac noise --output-dir /home/duhaochen/website-trial-v1/data/spice-model-benchmark/1b85899b2faf21ba1787a1c206569f89 --dpi 120 --log-level WARNING
/home/duhaochen/spice_model_benchmark/src/spice_model_benchmark/verification_manager.py:1557: RuntimeWarning: divide by zero encountered in divide
  tc = np.mean((d_ids / d_temp) / np.abs(i_ds[:-1]))
SPICE Model Benchmark: /home/duhaochen/pipeline_full_collection/benchmark-inputs/1b85899b2faf21ba1787a1c206569f89/ngspice.lib
Simulators: ngspice
Modes: dc, transient, ac, noise
------------------------------------------------------------

============================================================
  Running: NGSPICE
  Output:  /home/duhaochen/website-trial-v1/data/spice-model-benchmark/1b85899b2faf21ba1787a1c206569f89/ngspice
============================================================
Vgs range: 0.000V to 1.200V
Ids range: -1.111e-03A to 0.000e+00A
Selected Vgs values: [0.  0.2 0.4 0.6 0.8 1.  1.2]
Vgs=0.000V: Ids range -3.142e-11A to -5.935e-16A
Vgs=0.200V: Ids range -3.323e-09A to 0.000e+00A
Vgs=0.400V: Ids range -2.943e-07A to 0.000e+00A
Vgs=0.600V: Ids range -1.466e-05A to 0.000e+00A
Vgs=0.800V: Ids range -2.105e-04A to 0.000e+00A
Vgs=1.000V: Ids range -5.929e-04A to 0.000e+00A
Vgs=1.200V: Ids range -1.111e-03A to 0.000e+00A
ids_variation: 6.794188495905449
ids_variation <= max_variation: False
tc: inf
abs(tc) <= max_tc: False
[WARNING]: Temperature effects verification failed - effects outside expected range
/home/duhaochen/spice_model_benchmark/src/spice_model_benchmark/verification_manager.py:1817: RuntimeWarning: divide by zero encountered in log
  log_ids = np.log(np.abs(i_ds))
/home/duhaochen/.local/lib/python3.9/site-packages/numpy/lib/function_base.py:2742: RuntimeWarning: invalid value encountered in subtract
  X -= avg[:, None]
/home/duhaochen/spice_model_benchmark/src/spice_model_benchmark/verification_manager.py:1862: RuntimeWarning: divide by zero encountered in divide
  efficiency = np.abs(gm / i_ds)  # Transconductance efficiency
[INFO]: S-parameter analysis plot saved to /home/duhaochen/website-trial-v1/data/spice-model-benchmark/1b85899b2faf21ba1787a1c206569f89/ngspice/plots/ac_cv_sparameter_analysis.png
[INFO]: NQS effects plot saved to /home/duhaochen/website-trial-v1/data/spice-model-benchmark/1b85899b2faf21ba1787a1c206569f89/ngspice/plots/ac_cv_nqs_effects.png
[INFO]: S-parameter analysis plot saved to /home/duhaochen/website-trial-v1/data/spice-model-benchmark/1b85899b2faf21ba1787a1c206569f89/ngspice/plots/ac_cv_sparameter_analysis.png
norm_dvg: [2.50000000e+11 1.25000000e+11 6.25000000e+10 3.12500000e+10
 1.56250000e+10 7.81249995e+09 6.37300439e+09 5.00097942e+09
 4.61886578e+09 4.27659659e+09 3.90828923e+09 3.71131054e+09
 3.42423962e+09 3.19598623e+09 3.03712054e+09 2.89360276e+09
 2.75656870e+09 2.62840665e+09 2.50148436e+09 2.47110225e+09
 2.44394488e+09 2.42539920e+09 2.40484047e+09 2.37748361e+09
 2.35184169e+09 2.32428445e+09 2.30838578e+09 2.29818183e+09
 2.28717047e+09 2.27277196e+09 2.25521167e+09 2.24083714e+09
 2.22462973e+09 2.20699259e+09 2.19508627e+09 2.18103531e+09
 2.16732769e+09 2.15479913e+09 2.14097929e+09 2.12437176e+09
 2.10731944e+09 2.08493695e+09 2.05784789e+09 2.02851190e+09
 2.00000000e+09 1.99660528e+09 1.98984775e+09 1.97647122e+09
 1.95024974e+09 1.89984068e+09 1.80645567e+09 1.64476205e+09
 1.51447851e+09 1.35525722e+09 1.19369896e+09 1.08829788e+09
 1.00000195e+09 9.98296096e+08 9.94906127e+08 9.88196717e+08
 9.75044191e+08 9.49761361e+08 9.02935821e+08 8.21893191e+08
 6.96809468e+08 5.34207610e+08 3.74261106e+08 2.88024124e+08
 2.34086156e+08 1.97163550e+08 1.70301717e+08 1.49881637e+08
 1.33834205e+08 1.20890751e+08 1.10230110e+08 1.02187156e+08
 9.52380952e+07 9.52180066e+07 9.51785838e+07 9.51004737e+07
 9.49430489e+07 9.46303893e+07 9.40113502e+07 9.34478366e+07
 9.32126503e+07 9.30067566e+07 9.28656765e+07 9.26965961e+07
 9.25127812e+07 9.23784131e+07 9.22361850e+07 9.20896062e+07
 9.19267853e+07 9.17715699e+07 9.17220592e+07 9.16796160e+07
 9.16511136e+07 9.16216054e+07 9.15826603e+07 9.15422853e+07
 9.14948278e+07 9.14728072e+07 9.14510612e+07 9.14372502e+07
 9.14123759e+07 9.13890121e+07 9.13680933e+07 9.13414950e+07
 9.13165647e+07 9.12915288e+07 9.12702855e+07 9.12521641e+07
 9.12194847e+07 9.11951241e+07 9.11681571e+07 9.11371066e+07
 9.10976494e+07 9.10476134e+07 9.09768039e+07 9.09070094e+07
 9.08986224e+07 9.08721275e+07 9.08305962e+07 9.07458839e+07
 9.05769324e+07 9.02408915e+07 8.95763434e+07 8.82759752e+07
 8.75206017e+07 8.71688439e+07 8.68482366e+07 8.65966587e+07
 8.62461476e+07 8.59502074e+07 8.56222456e+07 8.53043580e+07
 8.47172951e+07 8.40196724e+07 8.33337511e+07 8.32869708e+07
 8.31951293e+07 8.30112746e+07 8.26463786e+07 8.19259362e+07
 8.05221829e+07 7.78541597e+07 7.32894489e+07 6.92303647e+07
 6.55973044e+07 6.23265406e+07 5.93664572e+07 5.66747919e+07
 5.42166194e+07 5.19628183e+07 0.00000000e+00 0.00000000e+00
 0.00000000e+00 0.00000000e+00 0.00000000e+00 0.00000000e+00
 0.00000000e+00 0.00000000e+00 0.00000000e+00 0.00000000e+00
 0.00000000e+00 0.00000000e+00 0.00000000e+00 0.00000000e+00
 0.00000000e+00 0.00000000e+00 0.00000000e+00 0.00000000e+00
 0.00000000e+00 0.00000000e+00 0.00000000e+00 0.00000000e+00
 0.00000000e+00 0.00000000e+00 0.00000000e+00 0.00000000e+00
 0.00000000e+00 0.00000000e+00 0.00000000e+00 0.00000000e+00
 0.00000000e+00 0.00000000e+00 0.00000000e+00 0.00000000e+00
 0.00000000e+00 0.00000000e+00 0.00000000e+00 0.00000000e+00
 0.00000000e+00 0.00000000e+00 0.00000000e+00 0.00000000e+00
 0.00000000e+00 0.00000000e+00 0.00000000e+00 0.00000000e+00
 0.00000000e+00 0.00000000e+00 0.00000000e+00 0.00000000e+00
 0.00000000e+00 0.00000000e+00 0.00000000e+00 0.00000000e+00
 0.00000000e+00 0.00000000e+00 0.00000000e+00 0.00000000e+00
 0.00000000e+00 0.00000000e+00 0.00000000e+00 0.00000000e+00
 0.00000000e+00 0.00000000e+00 0.00000000e+00 0.00000000e+00
 0.00000000e+00 0.00000000e+00 0.00000000e+00 0.00000000e+00
 0.00000000e+00 0.00000000e+00 0.00000000e+00 0.00000000e+00
 0.00000000e+00 0.00000000e+00 0.00000000e+00 0.00000000e+00
 0.00000000e+00 0.00000000e+00 0.00000000e+00 0.00000000e+00
 0.00000000e+00 0.00000000e+00 0.00000000e+00 0.00000000e+00
 0.00000000e+00 0.00000000e+00 0.00000000e+00 0.00000000e+00
 0.00000000e+00 0.00000000e+00 0.00000000e+00 0.00000000e+00
 0.00000000e+00 0.00000000e+00 0.00000000e+00 0.00000000e+00
 0.00000000e+00 0.00000000e+00 0.00000000e+00 0.00000000e+00
 0.00000000e+00 0.00000000e+00 0.00000000e+00 0.00000000e+00
 0.00000000e+00 0.00000000e+00 0.00000000e+00 0.00000000e+00
 0.00000000e+00 0.00000000e+00 0.00000000e+00 0.00000000e+00
 0.00000000e+00 0.00000000e+00 0.00000000e+00 0.00000000e+00
 0.00000000e+00 0.00000000e+00 0.00000000e+00 0.00000000e+00
 0.00000000e+00 0.00000000e+00 0.00000000e+00 0.00000000e+00
 0.00000000e+00 0.00000000e+00 0.00000000e+00 0.00000000e+00
 0.00000000e+00 0.00000000e+00 0.00000000e+00 0.00000000e+00
 0.00000000e+00 0.00000000e+00 0.00000000e+00 0.00000000e+00
 0.00000000e+00 0.00000000e+00 0.00000000e+00 0.00000000e+00
 0.00000000e+00 0.00000000e+00 0.00000000e+00 0.00000000e+00
 0.00000000e+00 0.00000000e+00 0.00000000e+00 0.00000000e+00
 0.00000000e+00 0.00000000e+00 0.00000000e+00]
norm_dvd: [0. 0. 0. 0. 0. 0. 0. 0. 0. 0. 0. 0. 0. 0. 0. 0. 0. 0. 0. 0. 0. 0. 0. 0.
 0. 0. 0. 0. 0. 0. 0. 0. 0. 0. 0. 0. 0. 0. 0. 0. 0. 0. 0. 0. 0. 0. 0. 0.
 0. 0. 0. 0. 0. 0. 0. 0. 0. 0. 0. 0. 0. 0. 0. 0. 0. 0. 0. 0. 0. 0. 0. 0.
 0. 0. 0. 0. 0. 0. 0. 0. 0. 0. 0. 0. 0. 0. 0. 0. 0. 0. 0. 0. 0. 0. 0. 0.
 0. 0. 0. 0. 0. 0. 0. 0. 0. 0. 0. 0. 0. 0. 0. 0. 0. 0. 0. 0. 0. 0. 0. 0.
 0. 0. 0. 0. 0. 0. 0. 0. 0. 0. 0. 0. 0. 0. 0. 0. 0. 0. 0. 0. 0. 0. 0. 0.
 0. 0. 0. 0. 0. 0. 0. 0. 0. 0. 0. 0. 0. 0. 0. 0. 0. 0. 0. 0. 0. 0. 0. 0.
 0. 0. 0. 0. 0. 0. 0. 0. 0. 0. 0. 0. 0. 0. 0. 0. 0. 0. 0. 0. 0. 0. 0. 0.
 0. 0. 0. 0. 0. 0. 0. 0. 0. 0. 0. 0. 0. 0. 0. 0. 0. 0. 0. 0. 0. 0. 0. 0.
 0. 0. 0. 0. 0. 0. 0. 0. 0. 0. 0. 0. 0. 0. 0. 0. 0. 0. 0. 0. 0. 0. 0. 0.
 0. 0. 0. 0. 0. 0. 0. 0. 0. 0. 0. 0. 0. 0. 0. 0. 0. 0. 0. 0. 0. 0. 0. 0.
 0. 0. 0. 0. 0. 0. 0. 0. 0. 0. 0. 0. 0. 0. 0. 0. 0. 0. 0. 0. 0. 0. 0. 0.
 0. 0. 0. 0. 0. 0. 0. 0. 0. 0. 0. 0. 0. 0. 0. 0. 0. 0. 0.]
norm_did: [3.09429368e+03 2.90090037e+03 3.19099046e+03 3.33603566e+03
 3.72282280e+03 3.95992841e+03 4.34864921e+03 4.48922198e+03
 4.73231316e+03 4.98499739e+03 5.12671996e+03 5.27380964e+03
 5.56347280e+03 5.76630596e+03 5.87380155e+03 6.12379497e+03
 6.38494498e+03 6.57199226e+03 6.61031008e+03 6.88144179e+03
 6.92231949e+03 7.02351226e+03 6.79000930e+03 7.08497130e+03
 7.05847804e+03 7.31064639e+03 7.23794833e+03 6.64658541e+03
 7.26169053e+03 7.67725664e+03 7.07083653e+03 7.61368923e+03
 7.32178391e+03 7.55356875e+03 7.38099702e+03 7.46927459e+03
 7.49673012e+03 7.74751790e+03 7.62732753e+03 8.12284239e+03
 7.59240346e+03 8.08674841e+03 7.92534180e+03 8.14549063e+03
 9.09746213e+03 7.27796565e+03 8.64258437e+03 8.18771289e+03
 8.52886808e+03 8.92688263e+03 9.66605378e+03 1.07082478e+04
 1.22457490e+04 1.46558937e+04 1.73148100e+04 2.03849756e+04
 9.06724240e+03 2.04012358e+04 2.24413610e+04 2.28947421e+04
 2.39148211e+04 2.60116257e+04 3.08711399e+04 4.35512659e+04
 8.76204834e+04 3.33620816e+05 1.62565220e+06 7.85441095e+06
 3.78936225e+07 1.83998942e+08 9.84554048e+08 1.99352081e+10
 5.15004866e+09 3.55128303e+09 2.74378032e+09 2.06289532e+09
 2.44561347e+09 1.10770265e+09 1.10946361e+09 1.10914704e+09
 1.10833980e+09 1.10611102e+09 1.07347454e+09 1.03411221e+09
 1.02175581e+09 1.00981277e+09 1.00425367e+09 9.96870359e+08
 9.86770854e+08 9.80834080e+08 9.74481426e+08 9.68297165e+08
 9.60601377e+08 9.50448166e+08 9.47854565e+08 9.45579399e+08
 9.44340358e+08 9.43181723e+08 9.41572755e+08 9.39938058e+08
 9.37295417e+08 9.35843491e+08 9.35074176e+08 9.34570487e+08
 9.33486753e+08 9.32418401e+08 9.31527927e+08 9.30564057e+08
 9.29015658e+08 9.28010428e+08 9.27268734e+08 9.26440277e+08
 9.24982974e+08 9.24046134e+08 9.22892060e+08 9.21664008e+08
 9.20302196e+08 9.18716954e+08 9.15502264e+08 9.12200092e+08
 9.10140073e+08 9.10198562e+08 9.09531570e+08 9.08149593e+08
 9.05267904e+08 8.99055828e+08 8.85020345e+08 8.15794622e+08
 7.76855718e+08 7.62335971e+08 7.48651173e+08 7.40741900e+08
 7.26568231e+08 7.16072981e+08 7.03883725e+08 6.96382780e+08
 6.76930285e+08 6.52558252e+08 6.22445029e+08 6.20983080e+08
 6.19241386e+08 6.15483642e+08 6.07894782e+08 5.92540930e+08
 5.61968108e+08 5.03378277e+08 4.00941685e+08 3.33401514e+08
 2.85795216e+08 2.50318016e+08 2.22703996e+08 2.00489564e+08
 1.82167022e+08 1.66552731e+08 2.09232714e+08 0.00000000e+00
 0.00000000e+00 0.00000000e+00 0.00000000e+00 0.00000000e+00
 0.00000000e+00 0.00000000e+00 0.00000000e+00 0.00000000e+00
 0.00000000e+00 0.00000000e+00 0.00000000e+00 0.00000000e+00
 0.00000000e+00 0.00000000e+00 0.00000000e+00 0.00000000e+00
 0.00000000e+00 0.00000000e+00 0.00000000e+00 0.00000000e+00
 0.00000000e+00 0.00000000e+00 0.00000000e+00 0.00000000e+00
 0.00000000e+00 0.00000000e+00 0.00000000e+00 0.00000000e+00
 0.00000000e+00 0.00000000e+00 0.00000000e+00 0.00000000e+00
 0.00000000e+00 0.00000000e+00 0.00000000e+00 0.00000000e+00
 0.00000000e+00 0.00000000e+00 0.00000000e+00 0.00000000e+00
 0.00000000e+00 0.00000000e+00 0.00000000e+00 0.00000000e+00
 0.00000000e+00 0.00000000e+00 0.00000000e+00 0.00000000e+00
 0.00000000e+00 0.00000000e+00 0.00000000e+00 0.00000000e+00
 0.00000000e+00 0.00000000e+00 0.00000000e+00 0.00000000e+00
 0.00000000e+00 0.00000000e+00 0.00000000e+00 0.00000000e+00
 0.00000000e+00 0.00000000e+00 0.00000000e+00 0.00000000e+00
 0.00000000e+00 0.00000000e+00 0.00000000e+00 0.00000000e+00
 0.00000000e+00 0.00000000e+00 0.00000000e+00 0.00000000e+00
 0.00000000e+00 0.00000000e+00 0.00000000e+00 0.00000000e+00
 0.00000000e+00 0.00000000e+00 0.00000000e+00 0.00000000e+00
 0.00000000e+00 0.00000000e+00 0.00000000e+00 0.00000000e+00
 0.00000000e+00 0.00000000e+00 0.00000000e+00 0.00000000e+00
 0.00000000e+00 0.00000000e+00 0.00000000e+00 0.00000000e+00
 0.00000000e+00 0.00000000e+00 0.00000000e+00 0.00000000e+00
 0.00000000e+00 0.00000000e+00 0.00000000e+00 0.00000000e+00
 0.00000000e+00 0.00000000e+00 0.00000000e+00 0.00000000e+00
 0.00000000e+00 0.00000000e+00 0.00000000e+00 0.00000000e+00
 0.00000000e+00 0.00000000e+00 0.00000000e+00 0.00000000e+00
 0.00000000e+00 0.00000000e+00 0.00000000e+00 0.00000000e+00
 0.00000000e+00 0.00000000e+00 0.00000000e+00 0.00000000e+00
 0.00000000e+00 0.00000000e+00 0.00000000e+00 0.00000000e+00
 0.00000000e+00 0.00000000e+00 0.00000000e+00 0.00000000e+00
 0.00000000e+00 0.00000000e+00 0.00000000e+00 0.00000000e+00
 0.00000000e+00 0.00000000e+00 0.00000000e+00 0.00000000e+00
 0.00000000e+00 0.00000000e+00 0.00000000e+00 0.00000000e+00
 0.00000000e+00 0.00000000e+00 0.00000000e+00 0.00000000e+00
 0.00000000e+00 0.00000000e+00 0.00000000e+00 0.00000000e+00
 0.00000000e+00 0.00000000e+00 0.00000000e+00]
[WARNING]: Quasi-static verification failed
[WARNING]: Max normalized derivatives: dVg/dt=2.50e+11, dVd/dt=0.00e+00, dId/dt=1.99e+10

  ngspice: ✓ PASS  (110.6s)

✓ Benchmark completed: /home/duhaochen/website-trial-v1/data/spice-model-benchmark/1b85899b2faf21ba1787a1c206569f89/ngspice
