$ /usr/bin/time -v -o /home/duhaochen/website-trial-v1/data/spice-model-benchmark/78f87edf45a8074d576fb28f544b940a/hspice/resource.txt /usr/bin/python -m spice_model_benchmark.cli /home/duhaochen/pipeline_full_collection/benchmark-inputs/78f87edf45a8074d576fb28f544b940a/hspice.lib --simulator hspice --modes dc transient ac noise --output-dir /home/duhaochen/website-trial-v1/data/spice-model-benchmark/78f87edf45a8074d576fb28f544b940a --dpi 120 --log-level WARNING
SPICE Model Benchmark: /home/duhaochen/pipeline_full_collection/benchmark-inputs/78f87edf45a8074d576fb28f544b940a/hspice.lib
Simulators: hspice
Modes: dc, transient, ac, noise
------------------------------------------------------------

============================================================
  Running: HSPICE
  Output:  /home/duhaochen/website-trial-v1/data/spice-model-benchmark/78f87edf45a8074d576fb28f544b940a/hspice
============================================================
Vgs range: 0.000V to 1.200V
Ids range: -3.237e-05A to 6.121e-09A
Selected Vgs values: [0.  0.2 0.4 0.6 0.8 1.  1.2]
Vgs=0.000V: Ids range -5.184e-10A to -1.725e-14A
Vgs=0.200V: Ids range -8.833e-08A to 7.763e-13A
Vgs=0.400V: Ids range -1.522e-06A to 5.876e-11A
Vgs=0.600V: Ids range -5.802e-06A to 3.898e-10A
Vgs=0.800V: Ids range -1.393e-05A to 1.265e-09A
Vgs=1.000V: Ids range -2.340e-05A to 3.018e-09A
Vgs=1.200V: Ids range -3.237e-05A to 6.121e-09A
ids_variation: 4.722252179942627
ids_variation <= max_variation: False
tc: 490015.6943395885
abs(tc) <= max_tc: False
[WARNING]: Temperature effects verification failed - effects outside expected range
/home/duhaochen/spice_model_benchmark/src/spice_model_benchmark/verification_manager.py:2706: RuntimeWarning: divide by zero encountered in divide
  norm_dvg = np.abs(dvg_dt / gate_voltage[:-1])
/home/duhaochen/spice_model_benchmark/src/spice_model_benchmark/verification_manager.py:2706: RuntimeWarning: invalid value encountered in divide
  norm_dvg = np.abs(dvg_dt / gate_voltage[:-1])
norm_dvg: [1.00000000e+10 5.00000000e+09 3.33333333e+09 ... 0.00000000e+00
 0.00000000e+00 0.00000000e+00]
norm_dvd: [0. 0. 0. ... 0. 0. 0.]
norm_did: [10269199.73593498 12482561.1278369  17644464.04940383 ...
        0.                0.                0.        ]
[WARNING]: Quasi-static verification failed
[WARNING]: Max normalized derivatives: dVg/dt=nan, dVd/dt=0.00e+00, dId/dt=8.99e+11
/home/duhaochen/spice_model_benchmark/src/spice_model_benchmark/plot_generator.py:336: UserWarning: Attempting to set identical low and high ylims makes transformation singular; automatically expanding.
  plt.ylim(0, max_cap*1.2)  # Add 20% margin to ensure all components are visible
[INFO]: S-parameter analysis plot saved to /home/duhaochen/website-trial-v1/data/spice-model-benchmark/78f87edf45a8074d576fb28f544b940a/hspice/plots/ac_cv_sparameter_analysis.png
[INFO]: S-parameter analysis plot saved to /home/duhaochen/website-trial-v1/data/spice-model-benchmark/78f87edf45a8074d576fb28f544b940a/hspice/plots/ac_cv_sparameter_analysis.png
[INFO]: NQS effects plot saved to /home/duhaochen/website-trial-v1/data/spice-model-benchmark/78f87edf45a8074d576fb28f544b940a/hspice/plots/ac_cv_nqs_effects.png
[WARNING]: Cannot compute correlation: constant data detected

  hspice: ✓ PASS  (210.3s)

✓ Benchmark completed: /home/duhaochen/website-trial-v1/data/spice-model-benchmark/78f87edf45a8074d576fb28f544b940a/hspice
