$ /usr/bin/time -v -o /home/duhaochen/website-trial-v1/data/spice-model-benchmark/97b90bb48da31b649a6acc5cf71e3b78/ngspice/resource.txt /usr/bin/python -m spice_model_benchmark.cli /home/duhaochen/pipeline_full_collection/benchmark-inputs/97b90bb48da31b649a6acc5cf71e3b78/ngspice.lib --simulator ngspice --modes dc transient ac noise --output-dir /home/duhaochen/website-trial-v1/data/spice-model-benchmark/97b90bb48da31b649a6acc5cf71e3b78 --dpi 120 --log-level WARNING
/home/duhaochen/spice_model_benchmark/src/spice_model_benchmark/verification_manager.py:1557: RuntimeWarning: divide by zero encountered in divide
  tc = np.mean((d_ids / d_temp) / np.abs(i_ds[:-1]))
SPICE Model Benchmark: /home/duhaochen/pipeline_full_collection/benchmark-inputs/97b90bb48da31b649a6acc5cf71e3b78/ngspice.lib
Simulators: ngspice
Modes: dc, transient, ac, noise
------------------------------------------------------------

============================================================
  Running: NGSPICE
  Output:  /home/duhaochen/website-trial-v1/data/spice-model-benchmark/97b90bb48da31b649a6acc5cf71e3b78/ngspice
============================================================
Vgs range: 0.000V to 1.200V
Ids range: -1.620e-03A to 0.000e+00A
Selected Vgs values: [0.  0.2 0.4 0.6 0.8 1.  1.2]
Vgs=0.000V: Ids range -4.690e-11A to -7.856e-16A
Vgs=0.200V: Ids range -4.961e-09A to 0.000e+00A
Vgs=0.400V: Ids range -4.393e-07A to 0.000e+00A
Vgs=0.600V: Ids range -2.181e-05A to 0.000e+00A
Vgs=0.800V: Ids range -3.107e-04A to 0.000e+00A
Vgs=1.000V: Ids range -8.695e-04A to 0.000e+00A
Vgs=1.200V: Ids range -1.620e-03A to 0.000e+00A
ids_variation: 6.742627684311635
ids_variation <= max_variation: False
tc: inf
abs(tc) <= max_tc: False
[WARNING]: Temperature effects verification failed - effects outside expected range
/home/duhaochen/spice_model_benchmark/src/spice_model_benchmark/verification_manager.py:1817: RuntimeWarning: divide by zero encountered in log
  log_ids = np.log(np.abs(i_ds))
/home/duhaochen/.local/lib/python3.9/site-packages/numpy/lib/function_base.py:2742: RuntimeWarning: invalid value encountered in subtract
  X -= avg[:, None]
/home/duhaochen/spice_model_benchmark/src/spice_model_benchmark/verification_manager.py:1862: RuntimeWarning: divide by zero encountered in divide
  efficiency = np.abs(gm / i_ds)  # Transconductance efficiency
[INFO]: S-parameter analysis plot saved to /home/duhaochen/website-trial-v1/data/spice-model-benchmark/97b90bb48da31b649a6acc5cf71e3b78/ngspice/plots/ac_cv_sparameter_analysis.png
[INFO]: NQS effects plot saved to /home/duhaochen/website-trial-v1/data/spice-model-benchmark/97b90bb48da31b649a6acc5cf71e3b78/ngspice/plots/ac_cv_nqs_effects.png
[INFO]: S-parameter analysis plot saved to /home/duhaochen/website-trial-v1/data/spice-model-benchmark/97b90bb48da31b649a6acc5cf71e3b78/ngspice/plots/ac_cv_sparameter_analysis.png
norm_dvg: [2.50000000e+11 1.25000000e+11 6.25000000e+10 3.12500000e+10
 1.56250000e+10 7.81250013e+09 6.77192818e+09 5.34744260e+09
 5.01327120e+09 4.67053911e+09 4.40938973e+09 4.12699085e+09
 3.91194458e+09 3.73874493e+09 3.55339333e+09 3.37860238e+09
 3.19386371e+09 3.01060538e+09 2.84735536e+09 2.69037263e+09
 2.56192845e+09 2.49404022e+09 2.47143912e+09 2.44299527e+09
 2.42190317e+09 2.39923756e+09 2.37246047e+09 2.34592370e+09
 2.32175604e+09 2.30774557e+09 2.29752898e+09 2.28606436e+09
 2.27196216e+09 2.25258787e+09 2.23681809e+09 2.21830032e+09
 2.20453278e+09 2.19327342e+09 2.17958447e+09 2.16463871e+09
 2.15297300e+09 2.13922404e+09 2.12275403e+09 2.10515214e+09
 2.08204803e+09 2.05336297e+09 2.02632996e+09 1.99999949e+09
 1.99481612e+09 1.98452750e+09 1.96787488e+09 1.93539398e+09
 1.87354558e+09 1.77446090e+09 1.68060452e+09 1.59029082e+09
 1.49814699e+09 1.36010741e+09 1.16909316e+09 9.99999272e+08
 9.95445035e+08 9.86456683e+08 9.68960034e+08 9.35764032e+08
 8.75758704e+08 7.76210386e+08 6.32432140e+08 4.61473635e+08
 3.37044072e+08 2.65465275e+08 2.18963508e+08 1.86324836e+08
 1.62154159e+08 1.43534399e+08 1.28750319e+08 1.16727370e+08
 1.09801312e+08 1.02651001e+08 9.72522363e+07 9.52415134e+07
 9.52254606e+07 9.51999168e+07 9.51497235e+07 9.50488566e+07
 9.48478691e+07 9.44486448e+07 9.36597843e+07 9.33819749e+07
 9.31876109e+07 9.30598720e+07 9.29473469e+07 9.28346490e+07
 9.26999535e+07 9.25461419e+07 9.24269613e+07 9.22930675e+07
 9.21432722e+07 9.19820021e+07 9.18261293e+07 9.17201023e+07
 9.16917524e+07 9.16503450e+07 9.16171929e+07 9.15806077e+07
 9.15397380e+07 9.14947891e+07 9.14640965e+07 9.14510526e+07
 9.14364271e+07 9.14106710e+07 9.13857179e+07 9.13644103e+07
 9.13393203e+07 9.13109158e+07 9.12927642e+07 9.12690195e+07
 9.12469826e+07 9.12174671e+07 9.11897130e+07 9.11606122e+07
 9.11270936e+07 9.10885578e+07 9.10361360e+07 9.09725691e+07
 9.09090909e+07 9.08964059e+07 9.08710465e+07 9.08203701e+07
 9.07191252e+07 9.05174644e+07 9.01168665e+07 8.93258994e+07
 8.77851889e+07 8.73748615e+07 8.70776561e+07 8.68874004e+07
 8.66980161e+07 8.64476736e+07 8.62230904e+07 8.60590975e+07
 8.58011795e+07 8.55691658e+07 8.51997265e+07 8.46921100e+07
 8.40072204e+07 8.33339269e+07 8.32845182e+07 8.31872565e+07
 8.29935608e+07 8.26084973e+07 8.18491409e+07 8.03715772e+07
 7.75708307e+07 7.30383164e+07 6.90062369e+07 6.53960487e+07
 6.21448213e+07 5.92015709e+07 5.65244996e+07 5.40790635e+07
 5.19596042e+07 0.00000000e+00 0.00000000e+00 0.00000000e+00
 0.00000000e+00 0.00000000e+00 0.00000000e+00 0.00000000e+00
 0.00000000e+00 0.00000000e+00 0.00000000e+00 0.00000000e+00
 0.00000000e+00 0.00000000e+00 0.00000000e+00 0.00000000e+00
 0.00000000e+00 0.00000000e+00 0.00000000e+00 0.00000000e+00
 0.00000000e+00 0.00000000e+00 0.00000000e+00 0.00000000e+00
 0.00000000e+00 0.00000000e+00 0.00000000e+00 0.00000000e+00
 0.00000000e+00 0.00000000e+00 0.00000000e+00 0.00000000e+00
 0.00000000e+00 0.00000000e+00 0.00000000e+00 0.00000000e+00
 0.00000000e+00 0.00000000e+00 0.00000000e+00 0.00000000e+00
 0.00000000e+00 0.00000000e+00 0.00000000e+00 0.00000000e+00
 0.00000000e+00 0.00000000e+00 0.00000000e+00 0.00000000e+00
 0.00000000e+00 0.00000000e+00 0.00000000e+00 0.00000000e+00
 0.00000000e+00 0.00000000e+00 0.00000000e+00 0.00000000e+00
 0.00000000e+00 0.00000000e+00 0.00000000e+00 0.00000000e+00
 0.00000000e+00 0.00000000e+00 0.00000000e+00 0.00000000e+00
 0.00000000e+00 0.00000000e+00 0.00000000e+00 0.00000000e+00
 0.00000000e+00 0.00000000e+00 0.00000000e+00 0.00000000e+00
 0.00000000e+00 0.00000000e+00 0.00000000e+00 0.00000000e+00
 0.00000000e+00 0.00000000e+00 0.00000000e+00 0.00000000e+00
 0.00000000e+00 0.00000000e+00 0.00000000e+00 0.00000000e+00
 0.00000000e+00 0.00000000e+00 0.00000000e+00 0.00000000e+00
 0.00000000e+00 0.00000000e+00 0.00000000e+00 0.00000000e+00
 0.00000000e+00 0.00000000e+00 0.00000000e+00 0.00000000e+00
 0.00000000e+00 0.00000000e+00 0.00000000e+00 0.00000000e+00
 0.00000000e+00 0.00000000e+00 0.00000000e+00 0.00000000e+00
 0.00000000e+00 0.00000000e+00 0.00000000e+00 0.00000000e+00
 0.00000000e+00 0.00000000e+00 0.00000000e+00 0.00000000e+00
 0.00000000e+00 0.00000000e+00 0.00000000e+00 0.00000000e+00
 0.00000000e+00 0.00000000e+00 0.00000000e+00 0.00000000e+00
 0.00000000e+00 0.00000000e+00 0.00000000e+00 0.00000000e+00
 0.00000000e+00 0.00000000e+00 0.00000000e+00 0.00000000e+00
 0.00000000e+00 0.00000000e+00 0.00000000e+00 0.00000000e+00
 0.00000000e+00 0.00000000e+00 0.00000000e+00 0.00000000e+00
 0.00000000e+00 0.00000000e+00 0.00000000e+00 0.00000000e+00
 0.00000000e+00 0.00000000e+00 0.00000000e+00 0.00000000e+00
 0.00000000e+00 0.00000000e+00 0.00000000e+00 0.00000000e+00
 0.00000000e+00 0.00000000e+00 0.00000000e+00 0.00000000e+00
 0.00000000e+00 0.00000000e+00 0.00000000e+00 0.00000000e+00
 0.00000000e+00 0.00000000e+00 0.00000000e+00]
norm_dvd: [0. 0. 0. 0. 0. 0. 0. 0. 0. 0. 0. 0. 0. 0. 0. 0. 0. 0. 0. 0. 0. 0. 0. 0.
 0. 0. 0. 0. 0. 0. 0. 0. 0. 0. 0. 0. 0. 0. 0. 0. 0. 0. 0. 0. 0. 0. 0. 0.
 0. 0. 0. 0. 0. 0. 0. 0. 0. 0. 0. 0. 0. 0. 0. 0. 0. 0. 0. 0. 0. 0. 0. 0.
 0. 0. 0. 0. 0. 0. 0. 0. 0. 0. 0. 0. 0. 0. 0. 0. 0. 0. 0. 0. 0. 0. 0. 0.
 0. 0. 0. 0. 0. 0. 0. 0. 0. 0. 0. 0. 0. 0. 0. 0. 0. 0. 0. 0. 0. 0. 0. 0.
 0. 0. 0. 0. 0. 0. 0. 0. 0. 0. 0. 0. 0. 0. 0. 0. 0. 0. 0. 0. 0. 0. 0. 0.
 0. 0. 0. 0. 0. 0. 0. 0. 0. 0. 0. 0. 0. 0. 0. 0. 0. 0. 0. 0. 0. 0. 0. 0.
 0. 0. 0. 0. 0. 0. 0. 0. 0. 0. 0. 0. 0. 0. 0. 0. 0. 0. 0. 0. 0. 0. 0. 0.
 0. 0. 0. 0. 0. 0. 0. 0. 0. 0. 0. 0. 0. 0. 0. 0. 0. 0. 0. 0. 0. 0. 0. 0.
 0. 0. 0. 0. 0. 0. 0. 0. 0. 0. 0. 0. 0. 0. 0. 0. 0. 0. 0. 0. 0. 0. 0. 0.
 0. 0. 0. 0. 0. 0. 0. 0. 0. 0. 0. 0. 0. 0. 0. 0. 0. 0. 0. 0. 0. 0. 0. 0.
 0. 0. 0. 0. 0. 0. 0. 0. 0. 0. 0. 0. 0. 0. 0. 0. 0. 0. 0. 0. 0. 0. 0. 0.
 0. 0. 0. 0. 0. 0. 0. 0. 0. 0. 0. 0. 0. 0. 0. 0. 0. 0. 0. 0. 0. 0. 0. 0.
 0. 0. 0. 0. 0. 0. 0.]
norm_did: [3.86786871e+03 3.48108186e+03 3.96456559e+03 4.30300438e+03
 4.71396612e+03 4.87701386e+03 5.38831408e+03 5.46114005e+03
 5.81336548e+03 5.85639414e+03 6.18121105e+03 6.27218311e+03
 6.40178282e+03 6.65359724e+03 6.80100877e+03 7.04891182e+03
 7.30603859e+03 7.63664944e+03 7.85177017e+03 8.21927926e+03
 8.30002623e+03 8.43921466e+03 8.53842695e+03 8.68023986e+03
 8.72625567e+03 8.87950971e+03 9.08581293e+03 8.71724974e+03
 9.46670263e+03 8.83184135e+03 9.21415054e+03 9.11725584e+03
 9.39955003e+03 8.89837848e+03 9.53494722e+03 9.34270396e+03
 9.30089352e+03 9.72612754e+03 9.76732373e+03 9.27068182e+03
 9.84829086e+03 9.81086197e+03 9.81967143e+03 9.97918401e+03
 9.91521391e+03 1.02397211e+04 1.02397202e+04 1.30973154e+04
 8.92999133e+03 1.05219746e+04 1.07033897e+04 1.08848041e+04
 1.14722704e+04 1.21914068e+04 1.29571055e+04 1.39612447e+04
 1.56440299e+04 1.90999479e+04 2.48703287e+04 3.38077950e+02
 2.45106793e+04 2.92437666e+04 3.10609622e+04 3.49277652e+04
 4.42144861e+04 7.12190611e+04 1.87787275e+05 8.07607768e+05
 3.91730113e+06 1.88967687e+07 9.13320780e+07 4.58784624e+08
 3.25845023e+09 8.42824859e+09 4.02963149e+09 2.58941738e+09
 2.76201901e+09 2.03573799e+09 1.36842729e+09 1.54031390e+09
 1.12999105e+09 1.13270512e+09 1.13239476e+09 1.13170716e+09
 1.13007091e+09 1.12578559e+09 1.06473343e+09 1.04733091e+09
 1.03512890e+09 1.02822771e+09 1.02275009e+09 1.01796349e+09
 1.01213487e+09 1.00341572e+09 9.98180550e+08 9.92215840e+08
 9.85383012e+08 9.77559473e+08 9.68416133e+08 9.61267460e+08
 9.59983110e+08 9.57892946e+08 9.56542327e+08 9.54878998e+08
 9.53108639e+08 9.50361962e+08 9.48795454e+08 9.48078070e+08
 9.47530645e+08 9.46425756e+08 9.45203175e+08 9.44306902e+08
 9.43309217e+08 9.41647701e+08 9.40708120e+08 9.39877288e+08
 9.39036384e+08 9.37474252e+08 9.36382176e+08 9.35050613e+08
 9.33780726e+08 9.32277422e+08 9.30228241e+08 9.27297708e+08
 9.24838763e+08 9.21771058e+08 9.22261166e+08 9.21366380e+08
 9.19533868e+08 9.15705183e+08 9.07432344e+08 8.88738362e+08
 7.95849039e+08 7.76577171e+08 7.62585794e+08 7.55018784e+08
 7.48639301e+08 7.38455219e+08 7.28808856e+08 7.24103117e+08
 7.13950808e+08 7.07403323e+08 6.95779223e+08 6.79781842e+08
 6.55388006e+08 6.25648988e+08 6.23854439e+08 6.22005104e+08
 6.17910046e+08 6.09643071e+08 5.92965807e+08 5.59977264e+08
 4.96168116e+08 3.95625032e+08 3.29233622e+08 2.82349512e+08
 2.47354495e+08 2.20083346e+08 1.98126834e+08 1.79759875e+08
 1.65366691e+08 2.90918831e+08 0.00000000e+00 0.00000000e+00
 0.00000000e+00 0.00000000e+00 0.00000000e+00 0.00000000e+00
 0.00000000e+00 0.00000000e+00 0.00000000e+00 0.00000000e+00
 0.00000000e+00 0.00000000e+00 0.00000000e+00 0.00000000e+00
 0.00000000e+00 0.00000000e+00 0.00000000e+00 0.00000000e+00
 0.00000000e+00 0.00000000e+00 0.00000000e+00 0.00000000e+00
 0.00000000e+00 0.00000000e+00 0.00000000e+00 0.00000000e+00
 0.00000000e+00 0.00000000e+00 0.00000000e+00 0.00000000e+00
 0.00000000e+00 0.00000000e+00 0.00000000e+00 0.00000000e+00
 0.00000000e+00 0.00000000e+00 0.00000000e+00 0.00000000e+00
 0.00000000e+00 0.00000000e+00 0.00000000e+00 0.00000000e+00
 0.00000000e+00 0.00000000e+00 0.00000000e+00 0.00000000e+00
 0.00000000e+00 0.00000000e+00 0.00000000e+00 0.00000000e+00
 0.00000000e+00 0.00000000e+00 0.00000000e+00 0.00000000e+00
 0.00000000e+00 0.00000000e+00 0.00000000e+00 0.00000000e+00
 0.00000000e+00 0.00000000e+00 0.00000000e+00 0.00000000e+00
 0.00000000e+00 0.00000000e+00 0.00000000e+00 0.00000000e+00
 0.00000000e+00 0.00000000e+00 0.00000000e+00 0.00000000e+00
 0.00000000e+00 0.00000000e+00 0.00000000e+00 0.00000000e+00
 0.00000000e+00 0.00000000e+00 0.00000000e+00 0.00000000e+00
 0.00000000e+00 0.00000000e+00 0.00000000e+00 0.00000000e+00
 0.00000000e+00 0.00000000e+00 0.00000000e+00 0.00000000e+00
 0.00000000e+00 0.00000000e+00 0.00000000e+00 0.00000000e+00
 0.00000000e+00 0.00000000e+00 0.00000000e+00 0.00000000e+00
 0.00000000e+00 0.00000000e+00 0.00000000e+00 0.00000000e+00
 0.00000000e+00 0.00000000e+00 0.00000000e+00 0.00000000e+00
 0.00000000e+00 0.00000000e+00 0.00000000e+00 0.00000000e+00
 0.00000000e+00 0.00000000e+00 0.00000000e+00 0.00000000e+00
 0.00000000e+00 0.00000000e+00 0.00000000e+00 0.00000000e+00
 0.00000000e+00 0.00000000e+00 0.00000000e+00 0.00000000e+00
 0.00000000e+00 0.00000000e+00 0.00000000e+00 0.00000000e+00
 0.00000000e+00 0.00000000e+00 0.00000000e+00 0.00000000e+00
 0.00000000e+00 0.00000000e+00 0.00000000e+00 0.00000000e+00
 0.00000000e+00 0.00000000e+00 0.00000000e+00 0.00000000e+00
 0.00000000e+00 0.00000000e+00 0.00000000e+00 0.00000000e+00
 0.00000000e+00 0.00000000e+00 0.00000000e+00 0.00000000e+00
 0.00000000e+00 0.00000000e+00 0.00000000e+00 0.00000000e+00
 0.00000000e+00 0.00000000e+00 0.00000000e+00 0.00000000e+00
 0.00000000e+00 0.00000000e+00 0.00000000e+00 0.00000000e+00
 0.00000000e+00 0.00000000e+00 0.00000000e+00]
[WARNING]: Quasi-static verification failed
[WARNING]: Max normalized derivatives: dVg/dt=2.50e+11, dVd/dt=0.00e+00, dId/dt=8.43e+09

  ngspice: ✓ PASS  (71.1s)

✓ Benchmark completed: /home/duhaochen/website-trial-v1/data/spice-model-benchmark/97b90bb48da31b649a6acc5cf71e3b78/ngspice
