$ /usr/bin/time -v -o /home/duhaochen/website-trial-v1/data/spice-model-benchmark/12521b8425cc1e91136536f07f7995bf/ngspice/resource.txt /usr/bin/python -m spice_model_benchmark.cli /home/duhaochen/pipeline_full_collection/benchmark-inputs/12521b8425cc1e91136536f07f7995bf/ngspice.lib --simulator ngspice --modes dc transient ac noise --output-dir /home/duhaochen/website-trial-v1/data/spice-model-benchmark/12521b8425cc1e91136536f07f7995bf --dpi 120 --log-level WARNING
/home/duhaochen/spice_model_benchmark/src/spice_model_benchmark/verification_manager.py:1557: RuntimeWarning: divide by zero encountered in divide
  tc = np.mean((d_ids / d_temp) / np.abs(i_ds[:-1]))
SPICE Model Benchmark: /home/duhaochen/pipeline_full_collection/benchmark-inputs/12521b8425cc1e91136536f07f7995bf/ngspice.lib
Simulators: ngspice
Modes: dc, transient, ac, noise
------------------------------------------------------------

============================================================
  Running: NGSPICE
  Output:  /home/duhaochen/website-trial-v1/data/spice-model-benchmark/12521b8425cc1e91136536f07f7995bf/ngspice
============================================================
Vgs range: 0.000V to 1.200V
Ids range: -2.147e-03A to 0.000e+00A
Selected Vgs values: [0.  0.2 0.4 0.6 0.8 1.  1.2]
Vgs=0.000V: Ids range -2.821e-10A to -1.648e-14A
Vgs=0.200V: Ids range -3.600e-08A to 0.000e+00A
Vgs=0.400V: Ids range -3.092e-06A to 0.000e+00A
Vgs=0.600V: Ids range -1.390e-04A to 0.000e+00A
Vgs=0.800V: Ids range -6.125e-04A to 0.000e+00A
Vgs=1.000V: Ids range -1.304e-03A to 0.000e+00A
Vgs=1.200V: Ids range -2.147e-03A to 0.000e+00A
ids_variation: 6.054989974288798
ids_variation <= max_variation: False
tc: inf
abs(tc) <= max_tc: False
[WARNING]: Temperature effects verification failed - effects outside expected range
/home/duhaochen/spice_model_benchmark/src/spice_model_benchmark/verification_manager.py:1817: RuntimeWarning: divide by zero encountered in log
  log_ids = np.log(np.abs(i_ds))
/home/duhaochen/.local/lib/python3.9/site-packages/numpy/lib/function_base.py:2742: RuntimeWarning: invalid value encountered in subtract
  X -= avg[:, None]
/home/duhaochen/spice_model_benchmark/src/spice_model_benchmark/verification_manager.py:1862: RuntimeWarning: divide by zero encountered in divide
  efficiency = np.abs(gm / i_ds)  # Transconductance efficiency
[INFO]: S-parameter analysis plot saved to /home/duhaochen/website-trial-v1/data/spice-model-benchmark/12521b8425cc1e91136536f07f7995bf/ngspice/plots/ac_cv_sparameter_analysis.png
[INFO]: NQS effects plot saved to /home/duhaochen/website-trial-v1/data/spice-model-benchmark/12521b8425cc1e91136536f07f7995bf/ngspice/plots/ac_cv_nqs_effects.png
[INFO]: S-parameter analysis plot saved to /home/duhaochen/website-trial-v1/data/spice-model-benchmark/12521b8425cc1e91136536f07f7995bf/ngspice/plots/ac_cv_sparameter_analysis.png
norm_dvg: [2.50000000e+11 1.25000000e+11 6.25000000e+10 3.12500000e+10
 1.56249998e+10 8.97750520e+09 6.61205616e+09 6.08150230e+09
 5.62300206e+09 5.18628500e+09 4.78572094e+09 4.55603712e+09
 4.27613007e+09 4.01640862e+09 3.73096274e+09 3.45213507e+09
 3.13619575e+09 2.89083975e+09 2.67660755e+09 2.46960260e+09
 2.41663942e+09 2.35936247e+09 2.33365834e+09 2.30983342e+09
 2.28719383e+09 2.26015862e+09 2.24685375e+09 2.23772099e+09
 2.22547954e+09 2.21985075e+09 2.21243532e+09 2.20398197e+09
 2.18726787e+09 2.16194323e+09 2.13783109e+09 2.11618362e+09
 2.10008675e+09 2.08027432e+09 2.06060312e+09 2.03959008e+09
 2.01960125e+09 2.00000080e+09 1.99668516e+09 1.99009234e+09
 1.97703299e+09 1.95142230e+09 1.90214128e+09 1.85151564e+09
 1.80490751e+09 1.77621628e+09 1.73922393e+09 1.71318926e+09
 1.67979481e+09 1.64950007e+09 1.60685312e+09 1.55713355e+09
 1.50111698e+09 1.44812611e+09 1.39253231e+09 1.33504053e+09
 1.26038666e+09 1.24237649e+09 1.22449462e+09 1.20219822e+09
 1.19298449e+09 1.18076865e+09 1.16637725e+09 1.15251542e+09
 1.14062687e+09 1.12860398e+09 1.11628767e+09 1.09244455e+09
 1.06525744e+09 1.03102854e+09 1.00000084e+09 9.96066901e+08
 9.88294659e+08 9.73185245e+08 9.44311283e+08 8.91415562e+08
 8.18121104e+08 7.55630428e+08 7.35775141e+08 7.18402771e+08
 6.95837580e+08 6.83584883e+08 6.68436049e+08 6.52034296e+08
 6.32959643e+08 6.09244582e+08 5.86106372e+08 5.67120972e+08
 5.50723970e+08 5.42821796e+08 5.38612049e+08 5.34611588e+08
 5.30736449e+08 5.26803682e+08 5.24106668e+08 5.21009918e+08
 5.18033326e+08 5.15151527e+08 5.12181517e+08 5.07586549e+08
 5.02618803e+08 4.99563358e+08 4.97321609e+08 4.95143606e+08
 4.92450426e+08 4.90038592e+08 4.86874206e+08 4.83598444e+08
 4.78556737e+08 4.72589919e+08 4.64749446e+08 4.56079851e+08
 4.45481516e+08 4.34591529e+08 4.19836796e+08 4.00680623e+08
 3.79067257e+08 3.55595373e+08 3.31780351e+08 3.07380019e+08
 2.83110951e+08 2.58576071e+08 2.34057076e+08 2.09363429e+08
 1.83200408e+08 1.59782612e+08 1.43566113e+08 1.32844558e+08
 1.22443291e+08 1.15280042e+08 1.08416485e+08 1.01951168e+08
 9.52387988e+07 9.51970079e+07 9.51151146e+07 9.49528154e+07
 9.47569856e+07 9.45256718e+07 9.42598659e+07 9.40199326e+07
 9.39003101e+07 9.37819067e+07 9.36309770e+07 9.35351560e+07
 9.34151794e+07 9.32786997e+07 9.31161589e+07 9.29197144e+07
 9.27126976e+07 9.25751228e+07 9.24588947e+07 9.23115805e+07
 9.21546560e+07 9.20240800e+07 9.18864698e+07 9.18000208e+07
 9.17213556e+07 9.16314038e+07 9.15368680e+07 9.14897158e+07
 9.14281323e+07 9.13527799e+07 9.12788995e+07 9.11884687e+07
 9.10789109e+07 9.10265908e+07 9.09828322e+07 9.09445607e+07
 9.09161348e+07 9.08967499e+07 9.09019969e+07 9.09010492e+07
 9.08811105e+07 9.08540104e+07 9.07975641e+07 9.06874887e+07
 9.05899619e+07 9.05105066e+07 9.04370437e+07 9.03502050e+07
 9.02691209e+07 9.01696338e+07 9.00784501e+07 8.99419476e+07
 8.97711311e+07 8.95344405e+07 8.92262985e+07 8.88173446e+07
 8.82883989e+07 8.76256615e+07 8.73496444e+07 8.71117897e+07
 8.67736654e+07 8.65379295e+07 8.62828817e+07 8.60497740e+07
 8.57958619e+07 8.55685451e+07 8.53991043e+07 8.51400144e+07
 8.48859013e+07 8.44690964e+07 8.38973712e+07 8.33334749e+07
 8.32650365e+07 8.31297488e+07 8.30444083e+07 8.29720554e+07
 8.29149652e+07 8.28399317e+07 8.27896034e+07 8.27326837e+07
 8.26625967e+07 8.25975776e+07 8.25258857e+07 8.24581027e+07
 8.23764121e+07 8.22884351e+07 8.21622746e+07 8.20120247e+07
 8.18115155e+07 8.17008183e+07 8.15842842e+07 8.14436673e+07
 8.13442620e+07 8.11874730e+07 8.10450604e+07 8.08366113e+07
 8.05817346e+07 8.03226356e+07 8.01000097e+07 7.98484301e+07
 7.96235207e+07 7.94323664e+07 7.93470166e+07 7.93103609e+07
 7.92759209e+07 7.92410210e+07 7.92038131e+07 7.91822338e+07
 7.91556490e+07 7.91273591e+07 7.90917790e+07 7.90503804e+07
 7.89744297e+07 7.88625107e+07 7.87422513e+07 7.86263727e+07
 7.85423753e+07 7.84610774e+07 7.83702496e+07 7.82878565e+07
 7.81724564e+07 7.80569701e+07 7.78859300e+07 7.76687892e+07
 7.73680599e+07 7.69806660e+07 7.64705645e+07 7.58352472e+07
 7.50488804e+07 7.42425253e+07 7.32944259e+07 7.22716086e+07
 7.10200439e+07 6.95434565e+07 6.75717882e+07 6.49849889e+07
 6.17735109e+07 5.88644951e+07 5.62171402e+07 5.37976470e+07
 5.18293647e+07 0.00000000e+00 0.00000000e+00 0.00000000e+00
 0.00000000e+00 0.00000000e+00 0.00000000e+00 0.00000000e+00
 0.00000000e+00 0.00000000e+00 0.00000000e+00 0.00000000e+00
 0.00000000e+00 0.00000000e+00 0.00000000e+00 0.00000000e+00
 0.00000000e+00 0.00000000e+00 0.00000000e+00 0.00000000e+00
 0.00000000e+00 0.00000000e+00 0.00000000e+00 0.00000000e+00
 0.00000000e+00 0.00000000e+00 0.00000000e+00 0.00000000e+00
 0.00000000e+00 0.00000000e+00 0.00000000e+00 0.00000000e+00
 0.00000000e+00 0.00000000e+00 0.00000000e+00 0.00000000e+00
 0.00000000e+00 0.00000000e+00 0.00000000e+00 0.00000000e+00
 0.00000000e+00 0.00000000e+00 0.00000000e+00 0.00000000e+00
 0.00000000e+00 0.00000000e+00 0.00000000e+00 0.00000000e+00
 0.00000000e+00 0.00000000e+00 0.00000000e+00 0.00000000e+00
 0.00000000e+00 0.00000000e+00 0.00000000e+00 0.00000000e+00
 0.00000000e+00 0.00000000e+00 0.00000000e+00 0.00000000e+00
 0.00000000e+00 0.00000000e+00 0.00000000e+00 0.00000000e+00
 0.00000000e+00 0.00000000e+00 0.00000000e+00 0.00000000e+00
 0.00000000e+00 0.00000000e+00 0.00000000e+00 0.00000000e+00
 0.00000000e+00 0.00000000e+00 0.00000000e+00 0.00000000e+00
 0.00000000e+00 0.00000000e+00 0.00000000e+00 0.00000000e+00
 0.00000000e+00 0.00000000e+00 0.00000000e+00 0.00000000e+00
 0.00000000e+00 0.00000000e+00 0.00000000e+00 0.00000000e+00
 0.00000000e+00 0.00000000e+00 0.00000000e+00 0.00000000e+00
 0.00000000e+00 0.00000000e+00 0.00000000e+00 0.00000000e+00
 0.00000000e+00 0.00000000e+00 0.00000000e+00 0.00000000e+00
 0.00000000e+00 0.00000000e+00 0.00000000e+00 0.00000000e+00
 0.00000000e+00 0.00000000e+00 0.00000000e+00 0.00000000e+00
 0.00000000e+00 0.00000000e+00 0.00000000e+00 0.00000000e+00
 0.00000000e+00 0.00000000e+00 0.00000000e+00 0.00000000e+00
 0.00000000e+00 0.00000000e+00 0.00000000e+00 0.00000000e+00
 0.00000000e+00 0.00000000e+00 0.00000000e+00 0.00000000e+00
 0.00000000e+00 0.00000000e+00 0.00000000e+00 0.00000000e+00
 0.00000000e+00 0.00000000e+00 0.00000000e+00 0.00000000e+00
 0.00000000e+00 0.00000000e+00 0.00000000e+00 0.00000000e+00
 0.00000000e+00 0.00000000e+00 0.00000000e+00 0.00000000e+00
 0.00000000e+00 0.00000000e+00 0.00000000e+00 0.00000000e+00
 0.00000000e+00 0.00000000e+00 0.00000000e+00 0.00000000e+00
 0.00000000e+00 0.00000000e+00 0.00000000e+00 0.00000000e+00
 0.00000000e+00 0.00000000e+00 0.00000000e+00 0.00000000e+00
 0.00000000e+00 0.00000000e+00 0.00000000e+00 0.00000000e+00
 0.00000000e+00 0.00000000e+00 0.00000000e+00 0.00000000e+00
 0.00000000e+00 0.00000000e+00 0.00000000e+00 0.00000000e+00
 0.00000000e+00 0.00000000e+00 0.00000000e+00 0.00000000e+00
 0.00000000e+00 0.00000000e+00 0.00000000e+00 0.00000000e+00
 0.00000000e+00 0.00000000e+00 0.00000000e+00 0.00000000e+00
 0.00000000e+00 0.00000000e+00 0.00000000e+00 0.00000000e+00
 0.00000000e+00 0.00000000e+00 0.00000000e+00 0.00000000e+00
 0.00000000e+00 0.00000000e+00 0.00000000e+00 0.00000000e+00
 0.00000000e+00 0.00000000e+00 0.00000000e+00 0.00000000e+00
 0.00000000e+00 0.00000000e+00 0.00000000e+00 0.00000000e+00
 0.00000000e+00 0.00000000e+00 0.00000000e+00 0.00000000e+00
 0.00000000e+00 0.00000000e+00 0.00000000e+00 0.00000000e+00
 0.00000000e+00 0.00000000e+00 0.00000000e+00 0.00000000e+00
 0.00000000e+00 0.00000000e+00 0.00000000e+00 0.00000000e+00
 0.00000000e+00 0.00000000e+00 0.00000000e+00 0.00000000e+00
 0.00000000e+00 0.00000000e+00 0.00000000e+00 0.00000000e+00
 0.00000000e+00 0.00000000e+00 0.00000000e+00 0.00000000e+00
 0.00000000e+00 0.00000000e+00 0.00000000e+00 0.00000000e+00
 0.00000000e+00 0.00000000e+00 0.00000000e+00 0.00000000e+00
 0.00000000e+00 0.00000000e+00 0.00000000e+00 0.00000000e+00
 0.00000000e+00 0.00000000e+00 0.00000000e+00 0.00000000e+00
 0.00000000e+00 0.00000000e+00 0.00000000e+00 0.00000000e+00
 0.00000000e+00 0.00000000e+00 0.00000000e+00 0.00000000e+00
 0.00000000e+00 0.00000000e+00 0.00000000e+00 0.00000000e+00
 0.00000000e+00 0.00000000e+00 0.00000000e+00 0.00000000e+00
 0.00000000e+00 0.00000000e+00 0.00000000e+00 0.00000000e+00
 0.00000000e+00 0.00000000e+00 0.00000000e+00 0.00000000e+00
 0.00000000e+00 0.00000000e+00 0.00000000e+00 0.00000000e+00
 0.00000000e+00 0.00000000e+00 0.00000000e+00 0.00000000e+00]
norm_dvd: [0. 0. 0. 0. 0. 0. 0. 0. 0. 0. 0. 0. 0. 0. 0. 0. 0. 0. 0. 0. 0. 0. 0. 0.
 0. 0. 0. 0. 0. 0. 0. 0. 0. 0. 0. 0. 0. 0. 0. 0. 0. 0. 0. 0. 0. 0. 0. 0.
 0. 0. 0. 0. 0. 0. 0. 0. 0. 0. 0. 0. 0. 0. 0. 0. 0. 0. 0. 0. 0. 0. 0. 0.
 0. 0. 0. 0. 0. 0. 0. 0. 0. 0. 0. 0. 0. 0. 0. 0. 0. 0. 0. 0. 0. 0. 0. 0.
 0. 0. 0. 0. 0. 0. 0. 0. 0. 0. 0. 0. 0. 0. 0. 0. 0. 0. 0. 0. 0. 0. 0. 0.
 0. 0. 0. 0. 0. 0. 0. 0. 0. 0. 0. 0. 0. 0. 0. 0. 0. 0. 0. 0. 0. 0. 0. 0.
 0. 0. 0. 0. 0. 0. 0. 0. 0. 0. 0. 0. 0. 0. 0. 0. 0. 0. 0. 0. 0. 0. 0. 0.
 0. 0. 0. 0. 0. 0. 0. 0. 0. 0. 0. 0. 0. 0. 0. 0. 0. 0. 0. 0. 0. 0. 0. 0.
 0. 0. 0. 0. 0. 0. 0. 0. 0. 0. 0. 0. 0. 0. 0. 0. 0. 0. 0. 0. 0. 0. 0. 0.
 0. 0. 0. 0. 0. 0. 0. 0. 0. 0. 0. 0. 0. 0. 0. 0. 0. 0. 0. 0. 0. 0. 0. 0.
 0. 0. 0. 0. 0. 0. 0. 0. 0. 0. 0. 0. 0. 0. 0. 0. 0. 0. 0. 0. 0. 0. 0. 0.
 0. 0. 0. 0. 0. 0. 0. 0. 0. 0. 0. 0. 0. 0. 0. 0. 0. 0. 0. 0. 0. 0. 0. 0.
 0. 0. 0. 0. 0. 0. 0. 0. 0. 0. 0. 0. 0. 0. 0. 0. 0. 0. 0. 0. 0. 0. 0. 0.
 0. 0. 0. 0. 0. 0. 0. 0. 0. 0. 0. 0. 0. 0. 0. 0. 0. 0. 0. 0. 0. 0. 0. 0.
 0. 0. 0. 0. 0. 0. 0. 0. 0. 0. 0. 0. 0. 0. 0. 0. 0. 0. 0. 0. 0. 0. 0. 0.
 0. 0. 0. 0. 0. 0. 0. 0. 0. 0. 0. 0. 0. 0. 0. 0. 0. 0. 0. 0. 0. 0. 0. 0.
 0. 0. 0. 0. 0. 0. 0. 0. 0. 0. 0. 0. 0. 0. 0. 0. 0. 0. 0. 0. 0. 0. 0. 0.
 0. 0. 0. 0. 0. 0. 0. 0. 0. 0. 0. 0. 0. 0. 0. 0. 0. 0. 0. 0. 0. 0. 0. 0.
 0. 0. 0. 0. 0. 0. 0. 0. 0. 0. 0. 0. 0. 0. 0. 0. 0. 0. 0. 0. 0. 0. 0. 0.
 0. 0. 0. 0. 0. 0. 0. 0. 0. 0. 0. 0. 0. 0. 0. 0. 0. 0. 0. 0. 0. 0. 0. 0.
 0. 0. 0. 0. 0. 0. 0. 0. 0. 0. 0. 0. 0. 0. 0. 0. 0. 0. 0. 0. 0. 0. 0. 0.
 0. 0. 0. 0. 0. 0. 0. 0. 0. 0. 0. 0. 0. 0. 0. 0. 0. 0. 0. 0. 0. 0. 0. 0.
 0. 0. 0. 0. 0. 0. 0. 0. 0. 0. 0. 0. 0. 0. 0. 0. 0. 0. 0. 0. 0. 0. 0. 0.]
norm_did: [1.74190814e+04 1.59674924e+04 1.92335728e+04 2.03222719e+04
 2.22994194e+04 2.38961227e+04 2.42039242e+04 2.59834280e+04
 2.71411451e+04 2.77030857e+04 2.86624599e+04 2.90980117e+04
 3.03329851e+04 3.13962356e+04 3.27220169e+04 3.44223376e+04
 3.66888829e+04 3.85877571e+04 4.11615747e+04 4.12208190e+04
 4.33502105e+04 4.35338243e+04 4.46654671e+04 4.47118949e+04
 4.55230446e+04 4.65293451e+04 4.79614550e+04 4.48796401e+04
 4.58813572e+04 4.61353924e+04 4.68908153e+04 4.85654912e+04
 4.66217418e+04 4.89713645e+04 4.85393238e+04 4.80918524e+04
 4.99330776e+04 4.93483104e+04 4.99375869e+04 5.14510449e+04
 5.14510471e+04 6.99755616e+04 4.19853393e+04 5.24816937e+04
 5.24816949e+04 5.37937601e+04 5.53387105e+04 5.70370858e+04
 5.77430418e+04 5.96421216e+04 6.11388631e+04 6.20469914e+04
 6.37285524e+04 6.56789919e+04 6.80838465e+04 7.14761870e+04
 7.47935165e+04 7.89829973e+04 8.41179232e+04 9.14831740e+04
 9.08725328e+04 9.78104764e+04 1.01591926e+05 1.02137323e+05
 1.05122042e+05 1.07247215e+05 1.09242113e+05 1.11720822e+05
 1.13774263e+05 1.16418441e+05 1.20279399e+05 1.25767362e+05
 1.33218671e+05 1.41430203e+05 1.80908803e+05 1.23547407e+05
 1.52287025e+05 1.60604055e+05 1.78809214e+05 2.13838516e+05
 2.60747667e+05 2.71389131e+05 3.12217948e+05 3.46583471e+05
 3.64989822e+05 3.94128091e+05 4.25463480e+05 4.65175719e+05
 5.22525450e+05 5.93443510e+05 6.66852259e+05 7.46153027e+05
 7.88104910e+05 8.26445899e+05 8.68176713e+05 8.96297574e+05
 9.22392209e+05 9.42211991e+05 9.66370318e+05 9.88992911e+05
 1.01068663e+06 1.03509831e+06 1.06991575e+06 1.11103311e+06
 1.13733030e+06 1.16408321e+06 1.19105194e+06 1.21780408e+06
 1.24310525e+06 1.27583624e+06 1.31172794e+06 1.36521023e+06
 1.43523269e+06 1.53343739e+06 1.65902783e+06 1.83182351e+06
 2.04521171e+06 2.37988646e+06 2.94045200e+06 3.85033853e+06
 5.37564659e+06 7.96903164e+06 1.27050971e+07 2.19467538e+07
 4.21990076e+07 9.32796394e+07 2.52376217e+08 1.00770433e+09
 1.34623217e+10 4.88334366e+09 3.16106648e+09 3.03866488e+09
 2.04534019e+09 1.54660512e+09 1.13898593e+09 8.52027313e+08
 6.00839624e+08 5.83727414e+08 5.82484586e+08 5.78872182e+08
 5.74552884e+08 5.69420434e+08 5.63160726e+08 5.56982180e+08
 5.54302406e+08 5.51854118e+08 5.48192908e+08 5.46230263e+08
 5.43693345e+08 5.40890608e+08 5.37583955e+08 5.33425865e+08
 5.28632308e+08 5.25630146e+08 5.23364282e+08 5.20360557e+08
 5.16987625e+08 5.14347461e+08 5.11265635e+08 5.09476849e+08
 5.07961527e+08 5.06181843e+08 5.04060896e+08 5.03170618e+08
 5.02037760e+08 5.00543552e+08 4.99167110e+08 4.97481394e+08
 4.95057461e+08 4.94017387e+08 4.93093758e+08 4.92383168e+08
 4.91724663e+08 4.91353248e+08 4.91431829e+08 4.91360869e+08
 4.91129189e+08 4.90728600e+08 4.89899590e+08 4.87734945e+08
 4.85804105e+08 4.84238063e+08 4.82932798e+08 4.81268973e+08
 4.79832715e+08 4.77936630e+08 4.76451142e+08 4.74092447e+08
 4.71256124e+08 4.67273207e+08 4.62183662e+08 4.55474275e+08
 4.46889098e+08 4.34182867e+08 4.29527547e+08 4.26083202e+08
 4.20316540e+08 4.16695347e+08 4.12675166e+08 4.09191065e+08
 4.05262152e+08 4.01665117e+08 3.99488746e+08 3.95690020e+08
 3.92591991e+08 3.87205123e+08 3.79245122e+08 3.70109763e+08
 3.69304736e+08 3.67396047e+08 3.66238643e+08 3.65251970e+08
 3.64571617e+08 3.63521037e+08 3.62886204e+08 3.62198685e+08
 3.61286257e+08 3.60471739e+08 3.59553059e+08 3.58727908e+08
 3.57714628e+08 3.56725895e+08 3.55221703e+08 3.53500712e+08
 3.50751474e+08 3.49407091e+08 3.48060355e+08 3.46237457e+08
 3.45209874e+08 3.43284819e+08 3.41791179e+08 3.39465871e+08
 3.36502355e+08 3.33412782e+08 3.30952945e+08 3.28043839e+08
 3.25442963e+08 3.23032565e+08 3.21973897e+08 3.21559526e+08
 3.21183079e+08 3.20823183e+08 3.20343155e+08 3.20145324e+08
 3.19876844e+08 3.19566292e+08 3.19213300e+08 3.18853639e+08
 3.18134460e+08 3.16956846e+08 3.15663504e+08 3.14344664e+08
 3.13458071e+08 3.12618875e+08 3.11650204e+08 3.10875386e+08
 3.09682552e+08 3.08628609e+08 3.06995162e+08 3.04999722e+08
 3.02192211e+08 2.98656935e+08 2.93997136e+08 2.88319224e+08
 2.81085593e+08 2.74197240e+08 2.66159372e+08 2.58145269e+08
 2.48616555e+08 2.38376127e+08 2.25337504e+08 2.08990516e+08
 1.88439038e+08 1.71387062e+08 1.56985167e+08 1.44357909e+08
 1.34893636e+08 2.31635177e+08 0.00000000e+00 0.00000000e+00
 0.00000000e+00 0.00000000e+00 0.00000000e+00 0.00000000e+00
 0.00000000e+00 0.00000000e+00 0.00000000e+00 0.00000000e+00
 0.00000000e+00 0.00000000e+00 0.00000000e+00 0.00000000e+00
 0.00000000e+00 0.00000000e+00 0.00000000e+00 0.00000000e+00
 0.00000000e+00 0.00000000e+00 0.00000000e+00 0.00000000e+00
 0.00000000e+00 0.00000000e+00 0.00000000e+00 0.00000000e+00
 0.00000000e+00 0.00000000e+00 0.00000000e+00 0.00000000e+00
 0.00000000e+00 0.00000000e+00 0.00000000e+00 0.00000000e+00
 0.00000000e+00 0.00000000e+00 0.00000000e+00 0.00000000e+00
 0.00000000e+00 0.00000000e+00 0.00000000e+00 0.00000000e+00
 0.00000000e+00 0.00000000e+00 0.00000000e+00 0.00000000e+00
 0.00000000e+00 0.00000000e+00 0.00000000e+00 0.00000000e+00
 0.00000000e+00 0.00000000e+00 0.00000000e+00 0.00000000e+00
 0.00000000e+00 0.00000000e+00 0.00000000e+00 0.00000000e+00
 0.00000000e+00 0.00000000e+00 0.00000000e+00 0.00000000e+00
 0.00000000e+00 0.00000000e+00 0.00000000e+00 0.00000000e+00
 0.00000000e+00 0.00000000e+00 0.00000000e+00 0.00000000e+00
 0.00000000e+00 0.00000000e+00 0.00000000e+00 0.00000000e+00
 0.00000000e+00 0.00000000e+00 0.00000000e+00 0.00000000e+00
 0.00000000e+00 0.00000000e+00 0.00000000e+00 0.00000000e+00
 0.00000000e+00 0.00000000e+00 0.00000000e+00 0.00000000e+00
 0.00000000e+00 0.00000000e+00 0.00000000e+00 0.00000000e+00
 0.00000000e+00 0.00000000e+00 0.00000000e+00 0.00000000e+00
 0.00000000e+00 0.00000000e+00 0.00000000e+00 0.00000000e+00
 0.00000000e+00 0.00000000e+00 0.00000000e+00 0.00000000e+00
 0.00000000e+00 0.00000000e+00 0.00000000e+00 0.00000000e+00
 0.00000000e+00 0.00000000e+00 0.00000000e+00 0.00000000e+00
 0.00000000e+00 0.00000000e+00 0.00000000e+00 0.00000000e+00
 0.00000000e+00 0.00000000e+00 0.00000000e+00 0.00000000e+00
 0.00000000e+00 0.00000000e+00 0.00000000e+00 0.00000000e+00
 0.00000000e+00 0.00000000e+00 0.00000000e+00 0.00000000e+00
 0.00000000e+00 0.00000000e+00 0.00000000e+00 0.00000000e+00
 0.00000000e+00 0.00000000e+00 0.00000000e+00 0.00000000e+00
 0.00000000e+00 0.00000000e+00 0.00000000e+00 0.00000000e+00
 0.00000000e+00 0.00000000e+00 0.00000000e+00 0.00000000e+00
 0.00000000e+00 0.00000000e+00 0.00000000e+00 0.00000000e+00
 0.00000000e+00 0.00000000e+00 0.00000000e+00 0.00000000e+00
 0.00000000e+00 0.00000000e+00 0.00000000e+00 0.00000000e+00
 0.00000000e+00 0.00000000e+00 0.00000000e+00 0.00000000e+00
 0.00000000e+00 0.00000000e+00 0.00000000e+00 0.00000000e+00
 0.00000000e+00 0.00000000e+00 0.00000000e+00 0.00000000e+00
 0.00000000e+00 0.00000000e+00 0.00000000e+00 0.00000000e+00
 0.00000000e+00 0.00000000e+00 0.00000000e+00 0.00000000e+00
 0.00000000e+00 0.00000000e+00 0.00000000e+00 0.00000000e+00
 0.00000000e+00 0.00000000e+00 0.00000000e+00 0.00000000e+00
 0.00000000e+00 0.00000000e+00 0.00000000e+00 0.00000000e+00
 0.00000000e+00 0.00000000e+00 0.00000000e+00 0.00000000e+00
 0.00000000e+00 0.00000000e+00 0.00000000e+00 0.00000000e+00
 0.00000000e+00 0.00000000e+00 0.00000000e+00 0.00000000e+00
 0.00000000e+00 0.00000000e+00 0.00000000e+00 0.00000000e+00
 0.00000000e+00 0.00000000e+00 0.00000000e+00 0.00000000e+00
 0.00000000e+00 0.00000000e+00 0.00000000e+00 0.00000000e+00
 0.00000000e+00 0.00000000e+00 0.00000000e+00 0.00000000e+00
 0.00000000e+00 0.00000000e+00 0.00000000e+00 0.00000000e+00
 0.00000000e+00 0.00000000e+00 0.00000000e+00 0.00000000e+00
 0.00000000e+00 0.00000000e+00 0.00000000e+00 0.00000000e+00
 0.00000000e+00 0.00000000e+00 0.00000000e+00 0.00000000e+00
 0.00000000e+00 0.00000000e+00 0.00000000e+00 0.00000000e+00
 0.00000000e+00 0.00000000e+00 0.00000000e+00 0.00000000e+00
 0.00000000e+00 0.00000000e+00 0.00000000e+00 0.00000000e+00
 0.00000000e+00 0.00000000e+00 0.00000000e+00 0.00000000e+00
 0.00000000e+00 0.00000000e+00 0.00000000e+00 0.00000000e+00
 0.00000000e+00 0.00000000e+00 0.00000000e+00 0.00000000e+00
 0.00000000e+00 0.00000000e+00 0.00000000e+00 0.00000000e+00
 0.00000000e+00 0.00000000e+00 0.00000000e+00 0.00000000e+00
 0.00000000e+00 0.00000000e+00 0.00000000e+00 0.00000000e+00
 0.00000000e+00 0.00000000e+00 0.00000000e+00 0.00000000e+00
 0.00000000e+00 0.00000000e+00 0.00000000e+00 0.00000000e+00]
[WARNING]: Quasi-static verification failed
[WARNING]: Max normalized derivatives: dVg/dt=2.50e+11, dVd/dt=0.00e+00, dId/dt=1.35e+10

  ngspice: ✓ PASS  (90.7s)

✓ Benchmark completed: /home/duhaochen/website-trial-v1/data/spice-model-benchmark/12521b8425cc1e91136536f07f7995bf/ngspice
