
 /----------------------------------------------------------------------------\
 |  yosys -- Yosys Open SYnthesis Suite                                       |
 |  Copyright (C) 2012 - 2026  Claire Xenia Wolf <claire@yosyshq.com>         |
 |  Distributed under an ISC-like license, type "license" to see terms        |
 \----------------------------------------------------------------------------/
 Yosys 0.64+72 (git sha1 22ef99218, clang++ 20.1.8 -fPIC -O3)

-- Executing script file `/home/duhaochen/LibCharX/characterization/sky130_adders/application/generated_scripts/adder8_carry_skip.ys' --

1. Executing Verilog-2005 frontend: /home/duhaochen/LibCharX/characterization/sky130_adders/application/rtl/cells_blackbox.v
Parsing Verilog input from `/home/duhaochen/LibCharX/characterization/sky130_adders/application/rtl/cells_blackbox.v' to AST representation.
Generating RTLIL representation for module `\sky130_fd_sc_hd__fa_1'.
Generating RTLIL representation for module `\sky130_fd_sc_hd__fah_1'.
Generating RTLIL representation for module `\sky130_fd_sc_hd__fahcin_1'.
Generating RTLIL representation for module `\sky130_fd_sc_hd__fahcon_1'.
Generating RTLIL representation for module `\sky130_fd_sc_hd__ha_1'.
Successfully finished Verilog frontend.

2. Executing Verilog-2005 frontend: /home/duhaochen/LibCharX/characterization/sky130_adders/application/rtl/adder_primitives.v
Parsing Verilog input from `/home/duhaochen/LibCharX/characterization/sky130_adders/application/rtl/adder_primitives.v' to AST representation.
Generating RTLIL representation for module `\adder_and2'.
Generating RTLIL representation for module `\adder_xor2'.
Generating RTLIL representation for module `\adder_or2'.
Generating RTLIL representation for module `\adder_mux2'.
Generating RTLIL representation for module `\adder_prefix_node'.
Successfully finished Verilog frontend.

3. Executing Verilog-2005 frontend: /home/duhaochen/LibCharX/characterization/sky130_adders/application/rtl/adder8_carry_skip.v
Parsing Verilog input from `/home/duhaochen/LibCharX/characterization/sky130_adders/application/rtl/adder8_carry_skip.v' to AST representation.
Generating RTLIL representation for module `\adder8_carry_skip'.
Successfully finished Verilog frontend.

4. Executing HIERARCHY pass (managing design hierarchy).

4.1. Analyzing design hierarchy..
Top module:  \adder8_carry_skip
Used module:     \adder_xor2
Used module:     \adder_mux2
Used module:         \adder_and2

4.2. Analyzing design hierarchy..
Top module:  \adder8_carry_skip
Used module:     \adder_xor2
Used module:     \adder_mux2
Used module:         \adder_and2
Removing unused module `\adder_prefix_node'.
Removing unused module `\adder_or2'.
Removed 2 unused modules.

5. Executing PROC pass (convert processes to netlists).

5.1. Executing PROC_CLEAN pass (remove empty switches from decision trees).
Cleaned up 0 empty switches.

5.2. Executing PROC_RMDEAD pass (remove dead branches from decision trees).
Removed a total of 0 dead cases.

5.3. Executing PROC_PRUNE pass (remove redundant assignments in processes).
Removed 0 redundant assignments.
Promoted 0 assignments to connections.

5.4. Executing PROC_INIT pass (extract init attributes).

5.5. Executing PROC_ARST pass (detect async resets in processes).

5.6. Executing PROC_ROM pass (convert switches to ROMs).
Converted 0 switches.

5.7. Executing PROC_MUX pass (convert decision trees to multiplexers).

5.8. Executing PROC_DLATCH pass (convert process syncs to latches).

5.9. Executing PROC_DFF pass (convert process syncs to FFs).

5.10. Executing PROC_MEMWR pass (convert process memory writes to cells).

5.11. Executing PROC_CLEAN pass (remove empty switches from decision trees).
Cleaned up 0 empty switches.

5.12. Executing OPT_EXPR pass (perform const folding).
Optimizing module adder_mux2.
Optimizing module adder8_carry_skip.
Optimizing module adder_xor2.
Optimizing module adder_and2.

6. Executing FLATTEN pass (flatten design).
Deleting now unused module adder_mux2.
Deleting now unused module adder_xor2.
Deleting now unused module adder_and2.
<suppressed ~19 debug messages>

7. Executing OPT_CLEAN pass (remove unused cells and wires).
Finding unused cells or wires in module \adder8_carry_skip..
Removed 22 unused cells and 61 unused wires.
<suppressed ~83 debug messages>

8. Executing CHECK pass (checking for obvious problems).
Checking module adder8_carry_skip...
Found and reported 0 problems.

9. Printing statistics.

=== adder8_carry_skip ===

        +----------Local Count, excluding submodules.
        |        +-Local Area, excluding submodules.
        |        | 
       48        - wires
       73        - wire bits
       48        - public wires
       73        - public wire bits
        5        - ports
       26        - port bits
       28  520.499 cells
        8  270.259   sky130_fd_sc_hd__fah_1
       20   250.24   sky130_fd_sc_hd__ha_1

   Chip area for module '\adder8_carry_skip': 520.499200
     of which used for sequential elements: 0.000000 (0.00%)

10. Executing Verilog backend.
Dumping module `\adder8_carry_skip'.

11. Executing JSON backend.

End of script. Logfile hash: d27b176728, time: 0.02s, user: 0.02s, system: 0.01s, MEM: 16.74 MB peak
Yosys 0.64+72 (git sha1 22ef99218, clang++ 20.1.8 -fPIC -O3)
Time spent: 31% 5x read_verilog (0 sec), 19% 2x write_verilog (0 sec), ...
