$ /usr/bin/time -v -o /home/duhaochen/website-trial-v1/data/spice-model-benchmark/814c7c34888f874c4bddf65d22a1ef28/ngspice/resource.txt /usr/bin/python -m spice_model_benchmark.cli /home/duhaochen/pipeline_full_collection/benchmark-inputs/814c7c34888f874c4bddf65d22a1ef28/ngspice.lib --simulator ngspice --modes dc transient ac noise --output-dir /home/duhaochen/website-trial-v1/data/spice-model-benchmark/814c7c34888f874c4bddf65d22a1ef28 --dpi 120 --log-level WARNING
/home/duhaochen/spice_model_benchmark/src/spice_model_benchmark/verification_manager.py:1557: RuntimeWarning: divide by zero encountered in divide
  tc = np.mean((d_ids / d_temp) / np.abs(i_ds[:-1]))
SPICE Model Benchmark: /home/duhaochen/pipeline_full_collection/benchmark-inputs/814c7c34888f874c4bddf65d22a1ef28/ngspice.lib
Simulators: ngspice
Modes: dc, transient, ac, noise
------------------------------------------------------------

============================================================
  Running: NGSPICE
  Output:  /home/duhaochen/website-trial-v1/data/spice-model-benchmark/814c7c34888f874c4bddf65d22a1ef28/ngspice
============================================================
Vgs range: 0.000V to 1.200V
Ids range: -1.236e-03A to 0.000e+00A
Selected Vgs values: [0.  0.2 0.4 0.6 0.8 1.  1.2]
Vgs=0.000V: Ids range -3.130e-10A to -2.806e-14A
Vgs=0.200V: Ids range -3.146e-08A to 0.000e+00A
Vgs=0.400V: Ids range -2.128e-06A to 0.000e+00A
Vgs=0.600V: Ids range -7.645e-05A to 0.000e+00A
Vgs=0.800V: Ids range -3.413e-04A to 0.000e+00A
Vgs=1.000V: Ids range -7.392e-04A to 0.000e+00A
Vgs=1.200V: Ids range -1.236e-03A to 0.000e+00A
ids_variation: 6.2219345838811355
ids_variation <= max_variation: False
tc: inf
abs(tc) <= max_tc: False
[WARNING]: Temperature effects verification failed - effects outside expected range
/home/duhaochen/spice_model_benchmark/src/spice_model_benchmark/verification_manager.py:1817: RuntimeWarning: divide by zero encountered in log
  log_ids = np.log(np.abs(i_ds))
/home/duhaochen/.local/lib/python3.9/site-packages/numpy/lib/function_base.py:2742: RuntimeWarning: invalid value encountered in subtract
  X -= avg[:, None]
/home/duhaochen/spice_model_benchmark/src/spice_model_benchmark/verification_manager.py:1862: RuntimeWarning: divide by zero encountered in divide
  efficiency = np.abs(gm / i_ds)  # Transconductance efficiency
[INFO]: S-parameter analysis plot saved to /home/duhaochen/website-trial-v1/data/spice-model-benchmark/814c7c34888f874c4bddf65d22a1ef28/ngspice/plots/ac_cv_sparameter_analysis.png
[INFO]: NQS effects plot saved to /home/duhaochen/website-trial-v1/data/spice-model-benchmark/814c7c34888f874c4bddf65d22a1ef28/ngspice/plots/ac_cv_nqs_effects.png
[INFO]: S-parameter analysis plot saved to /home/duhaochen/website-trial-v1/data/spice-model-benchmark/814c7c34888f874c4bddf65d22a1ef28/ngspice/plots/ac_cv_sparameter_analysis.png
norm_dvg: [2.50000000e+11 1.25000000e+11 6.25000000e+10 3.12500000e+10
 1.56249999e+10 8.99206050e+09 5.98582125e+09 5.37480424e+09
 4.79567788e+09 4.40044720e+09 4.02678677e+09 3.71825925e+09
 3.31042690e+09 2.88376118e+09 2.60598810e+09 2.35464888e+09
 2.16288252e+09 2.13116691e+09 2.11073294e+09 2.08498109e+09
 2.06194860e+09 2.04898535e+09 2.03218377e+09 2.02452936e+09
 2.01432769e+09 2.00000355e+09 1.99849889e+09 1.99550609e+09
 1.98954574e+09 1.97773015e+09 1.95451685e+09 1.92670441e+09
 1.90713125e+09 1.88709943e+09 1.86512097e+09 1.84477512e+09
 1.82015404e+09 1.79094692e+09 1.75285086e+09 1.70851970e+09
 1.65745534e+09 1.61632623e+09 1.58270649e+09 1.54687990e+09
 1.51920114e+09 1.48457683e+09 1.44545217e+09 1.39425632e+09
 1.33436201e+09 1.27360677e+09 1.21215885e+09 1.14522185e+09
 1.11546508e+09 1.09875424e+09 1.08247858e+09 1.06115412e+09
 1.04078517e+09 1.03146088e+09 1.01947348e+09 9.99999269e+08
 9.97724529e+08 9.93207043e+08 9.84291116e+08 9.66932082e+08
 9.41966286e+08 9.13371509e+08 8.69056424e+08 8.06425868e+08
 7.49757736e+08 6.87304828e+08 6.66104315e+08 6.47116676e+08
 6.26276213e+08 6.10464067e+08 5.93905273e+08 5.72431732e+08
 5.44036993e+08 5.06785046e+08 5.00679095e+08 4.90681296e+08
 4.88693420e+08 4.86940286e+08 4.84917566e+08 4.83783196e+08
 4.82461016e+08 4.81071174e+08 4.79910714e+08 4.78631052e+08
 4.77005731e+08 4.74578795e+08 4.70092005e+08 4.63623319e+08
 4.60686449e+08 4.58493111e+08 4.55802709e+08 4.53323555e+08
 4.50723308e+08 4.47704740e+08 4.43048568e+08 4.37964627e+08
 4.31527356e+08 4.25483848e+08 4.17963317e+08 4.09837494e+08
 3.98804861e+08 3.85274545e+08 3.67192750e+08 3.47719203e+08
 3.26310161e+08 3.04430439e+08 2.80831465e+08 2.56327751e+08
 2.31981730e+08 2.06281924e+08 1.79594748e+08 1.57032918e+08
 1.39507147e+08 1.25500566e+08 1.14049904e+08 1.04514046e+08
 9.96607009e+07 9.52373225e+07 9.52190806e+07 9.51828109e+07
 9.51079454e+07 9.49591713e+07 9.47407077e+07 9.45187898e+07
 9.42200690e+07 9.40003683e+07 9.38819301e+07 9.37567253e+07
 9.36088160e+07 9.35068084e+07 9.33770852e+07 9.32406191e+07
 9.30659309e+07 9.28616857e+07 9.26620639e+07 9.24891753e+07
 9.23159875e+07 9.21329737e+07 9.19868923e+07 9.18931072e+07
 9.18071989e+07 9.17016817e+07 9.15986041e+07 9.15304056e+07
 9.14431174e+07 9.13625437e+07 9.12553235e+07 9.11994807e+07
 9.11546674e+07 9.10925189e+07 9.10509479e+07 9.10089321e+07
 9.09621346e+07 9.08962832e+07 9.09337393e+07 9.08901492e+07
 9.09070523e+07 9.08944303e+07 9.08783974e+07 9.08473483e+07
 9.07852372e+07 9.06841301e+07 9.06032800e+07 9.05179769e+07
 9.04369104e+07 9.03531391e+07 9.02574221e+07 9.01691857e+07
 9.00381565e+07 8.98726221e+07 8.96438156e+07 8.93455992e+07
 8.89503107e+07 8.84365102e+07 8.77903972e+07 8.74870128e+07
 8.70423167e+07 8.67550738e+07 8.64060242e+07 8.60398274e+07
 8.57419139e+07 8.54278014e+07 8.51912419e+07 8.48652954e+07
 8.44502013e+07 8.38880501e+07 8.36447310e+07 8.34831480e+07
 8.33505033e+07 8.33319915e+07 8.33196305e+07 8.32899497e+07
 8.32553973e+07 8.31867983e+07 8.31175330e+07 8.30425615e+07
 8.29914379e+07 8.29578024e+07 8.29173474e+07 8.28728033e+07
 8.28165748e+07 8.27511393e+07 8.26651258e+07 8.25602654e+07
 8.23807490e+07 8.20916117e+07 8.19578227e+07 8.18349270e+07
 8.16691708e+07 8.15556690e+07 8.13828063e+07 8.12197442e+07
 8.09804721e+07 8.07019401e+07 8.04039771e+07 8.01126668e+07
 7.97897301e+07 7.96104810e+07 7.93969768e+07 7.93493488e+07
 7.93060893e+07 7.92673884e+07 7.92379590e+07 7.92019590e+07
 7.91641249e+07 7.91115694e+07 7.90499723e+07 7.89273008e+07
 7.87664479e+07 7.85957587e+07 7.84867247e+07 7.83939277e+07
 7.82846469e+07 7.81792162e+07 7.80474508e+07 7.79126912e+07
 7.77127542e+07 7.74554130e+07 7.71051065e+07 7.66470426e+07
 7.60494949e+07 7.53032542e+07 7.44060880e+07 7.34694029e+07
 7.23891092e+07 7.12170412e+07 6.98180833e+07 6.81840746e+07
 6.60782719e+07 6.33761570e+07 6.03179808e+07 5.75413568e+07
 5.50091174e+07 5.26903642e+07 5.13099333e+07 0.00000000e+00
 0.00000000e+00 0.00000000e+00 0.00000000e+00 0.00000000e+00
 0.00000000e+00 0.00000000e+00 0.00000000e+00 0.00000000e+00
 0.00000000e+00 0.00000000e+00 0.00000000e+00 0.00000000e+00
 0.00000000e+00 0.00000000e+00 0.00000000e+00 0.00000000e+00
 0.00000000e+00 0.00000000e+00 0.00000000e+00 0.00000000e+00
 0.00000000e+00 0.00000000e+00 0.00000000e+00 0.00000000e+00
 0.00000000e+00 0.00000000e+00 0.00000000e+00 0.00000000e+00
 0.00000000e+00 0.00000000e+00 0.00000000e+00 0.00000000e+00
 0.00000000e+00 0.00000000e+00 0.00000000e+00 0.00000000e+00
 0.00000000e+00 0.00000000e+00 0.00000000e+00 0.00000000e+00
 0.00000000e+00 0.00000000e+00 0.00000000e+00 0.00000000e+00
 0.00000000e+00 0.00000000e+00 0.00000000e+00 0.00000000e+00
 0.00000000e+00 0.00000000e+00 0.00000000e+00 0.00000000e+00
 0.00000000e+00 0.00000000e+00 0.00000000e+00 0.00000000e+00
 0.00000000e+00 0.00000000e+00 0.00000000e+00 0.00000000e+00
 0.00000000e+00 0.00000000e+00 0.00000000e+00 0.00000000e+00
 0.00000000e+00 0.00000000e+00 0.00000000e+00 0.00000000e+00
 0.00000000e+00 0.00000000e+00 0.00000000e+00 0.00000000e+00
 0.00000000e+00 0.00000000e+00 0.00000000e+00 0.00000000e+00
 0.00000000e+00 0.00000000e+00 0.00000000e+00 0.00000000e+00
 0.00000000e+00 0.00000000e+00 0.00000000e+00 0.00000000e+00
 0.00000000e+00 0.00000000e+00 0.00000000e+00 0.00000000e+00
 0.00000000e+00 0.00000000e+00 0.00000000e+00 0.00000000e+00
 0.00000000e+00 0.00000000e+00 0.00000000e+00 0.00000000e+00
 0.00000000e+00 0.00000000e+00 0.00000000e+00 0.00000000e+00
 0.00000000e+00 0.00000000e+00 0.00000000e+00 0.00000000e+00
 0.00000000e+00 0.00000000e+00 0.00000000e+00 0.00000000e+00
 0.00000000e+00 0.00000000e+00 0.00000000e+00 0.00000000e+00
 0.00000000e+00 0.00000000e+00 0.00000000e+00 0.00000000e+00
 0.00000000e+00 0.00000000e+00 0.00000000e+00 0.00000000e+00
 0.00000000e+00 0.00000000e+00 0.00000000e+00 0.00000000e+00
 0.00000000e+00 0.00000000e+00 0.00000000e+00 0.00000000e+00
 0.00000000e+00 0.00000000e+00 0.00000000e+00 0.00000000e+00
 0.00000000e+00 0.00000000e+00 0.00000000e+00 0.00000000e+00
 0.00000000e+00 0.00000000e+00 0.00000000e+00 0.00000000e+00
 0.00000000e+00 0.00000000e+00 0.00000000e+00 0.00000000e+00
 0.00000000e+00 0.00000000e+00 0.00000000e+00 0.00000000e+00
 0.00000000e+00 0.00000000e+00 0.00000000e+00 0.00000000e+00
 0.00000000e+00 0.00000000e+00 0.00000000e+00 0.00000000e+00
 0.00000000e+00 0.00000000e+00 0.00000000e+00 0.00000000e+00
 0.00000000e+00 0.00000000e+00 0.00000000e+00 0.00000000e+00
 0.00000000e+00 0.00000000e+00 0.00000000e+00 0.00000000e+00
 0.00000000e+00 0.00000000e+00 0.00000000e+00 0.00000000e+00
 0.00000000e+00 0.00000000e+00 0.00000000e+00 0.00000000e+00
 0.00000000e+00 0.00000000e+00 0.00000000e+00 0.00000000e+00
 0.00000000e+00 0.00000000e+00 0.00000000e+00 0.00000000e+00
 0.00000000e+00 0.00000000e+00 0.00000000e+00 0.00000000e+00
 0.00000000e+00 0.00000000e+00 0.00000000e+00 0.00000000e+00
 0.00000000e+00 0.00000000e+00 0.00000000e+00 0.00000000e+00
 0.00000000e+00 0.00000000e+00 0.00000000e+00 0.00000000e+00
 0.00000000e+00 0.00000000e+00 0.00000000e+00 0.00000000e+00
 0.00000000e+00 0.00000000e+00 0.00000000e+00 0.00000000e+00
 0.00000000e+00 0.00000000e+00 0.00000000e+00 0.00000000e+00
 0.00000000e+00 0.00000000e+00 0.00000000e+00 0.00000000e+00
 0.00000000e+00 0.00000000e+00 0.00000000e+00 0.00000000e+00
 0.00000000e+00 0.00000000e+00 0.00000000e+00 0.00000000e+00
 0.00000000e+00 0.00000000e+00 0.00000000e+00 0.00000000e+00
 0.00000000e+00 0.00000000e+00 0.00000000e+00 0.00000000e+00
 0.00000000e+00 0.00000000e+00 0.00000000e+00 0.00000000e+00
 0.00000000e+00 0.00000000e+00 0.00000000e+00 0.00000000e+00
 0.00000000e+00 0.00000000e+00 0.00000000e+00 0.00000000e+00
 0.00000000e+00 0.00000000e+00 0.00000000e+00 0.00000000e+00
 0.00000000e+00 0.00000000e+00 0.00000000e+00 0.00000000e+00
 0.00000000e+00 0.00000000e+00 0.00000000e+00 0.00000000e+00
 0.00000000e+00 0.00000000e+00 0.00000000e+00 0.00000000e+00]
norm_dvd: [0. 0. 0. 0. 0. 0. 0. 0. 0. 0. 0. 0. 0. 0. 0. 0. 0. 0. 0. 0. 0. 0. 0. 0.
 0. 0. 0. 0. 0. 0. 0. 0. 0. 0. 0. 0. 0. 0. 0. 0. 0. 0. 0. 0. 0. 0. 0. 0.
 0. 0. 0. 0. 0. 0. 0. 0. 0. 0. 0. 0. 0. 0. 0. 0. 0. 0. 0. 0. 0. 0. 0. 0.
 0. 0. 0. 0. 0. 0. 0. 0. 0. 0. 0. 0. 0. 0. 0. 0. 0. 0. 0. 0. 0. 0. 0. 0.
 0. 0. 0. 0. 0. 0. 0. 0. 0. 0. 0. 0. 0. 0. 0. 0. 0. 0. 0. 0. 0. 0. 0. 0.
 0. 0. 0. 0. 0. 0. 0. 0. 0. 0. 0. 0. 0. 0. 0. 0. 0. 0. 0. 0. 0. 0. 0. 0.
 0. 0. 0. 0. 0. 0. 0. 0. 0. 0. 0. 0. 0. 0. 0. 0. 0. 0. 0. 0. 0. 0. 0. 0.
 0. 0. 0. 0. 0. 0. 0. 0. 0. 0. 0. 0. 0. 0. 0. 0. 0. 0. 0. 0. 0. 0. 0. 0.
 0. 0. 0. 0. 0. 0. 0. 0. 0. 0. 0. 0. 0. 0. 0. 0. 0. 0. 0. 0. 0. 0. 0. 0.
 0. 0. 0. 0. 0. 0. 0. 0. 0. 0. 0. 0. 0. 0. 0. 0. 0. 0. 0. 0. 0. 0. 0. 0.
 0. 0. 0. 0. 0. 0. 0. 0. 0. 0. 0. 0. 0. 0. 0. 0. 0. 0. 0. 0. 0. 0. 0. 0.
 0. 0. 0. 0. 0. 0. 0. 0. 0. 0. 0. 0. 0. 0. 0. 0. 0. 0. 0. 0. 0. 0. 0. 0.
 0. 0. 0. 0. 0. 0. 0. 0. 0. 0. 0. 0. 0. 0. 0. 0. 0. 0. 0. 0. 0. 0. 0. 0.
 0. 0. 0. 0. 0. 0. 0. 0. 0. 0. 0. 0. 0. 0. 0. 0. 0. 0. 0. 0. 0. 0. 0. 0.
 0. 0. 0. 0. 0. 0. 0. 0. 0. 0. 0. 0. 0. 0. 0. 0. 0. 0. 0. 0. 0. 0. 0. 0.
 0. 0. 0. 0. 0. 0. 0. 0. 0. 0. 0. 0. 0. 0. 0. 0. 0. 0. 0. 0. 0. 0. 0. 0.
 0. 0. 0. 0. 0. 0. 0. 0. 0. 0. 0. 0. 0. 0. 0. 0. 0. 0. 0. 0. 0. 0. 0. 0.
 0. 0. 0. 0. 0. 0. 0. 0. 0. 0. 0. 0. 0. 0. 0. 0. 0. 0. 0. 0. 0. 0. 0. 0.
 0. 0. 0. 0. 0. 0. 0. 0. 0. 0. 0. 0. 0. 0. 0. 0. 0. 0. 0. 0. 0. 0. 0. 0.
 0. 0. 0. 0. 0. 0. 0. 0. 0. 0. 0. 0. 0. 0. 0. 0. 0. 0. 0. 0. 0. 0. 0. 0.
 0. 0. 0. 0. 0. 0. 0. 0. 0. 0. 0. 0. 0. 0. 0. 0. 0. 0. 0. 0. 0. 0. 0. 0.
 0. 0. 0. 0. 0. 0. 0. 0. 0. 0. 0. 0. 0. 0. 0. 0.]
norm_did: [7.89075001e+04 7.21384971e+04 8.18085842e+04 8.61118671e+04
 9.32407469e+04 1.03217758e+05 1.07537971e+05 1.14865797e+05
 1.19790176e+05 1.24807300e+05 1.30050342e+05 1.37573377e+05
 1.48862782e+05 1.60410166e+05 1.73652069e+05 1.87420996e+05
 1.86647614e+05 1.96540187e+05 2.00171247e+05 2.02454432e+05
 2.03734887e+05 2.05526967e+05 2.06266836e+05 2.07216121e+05
 2.09266520e+05 2.47347693e+05 1.89633249e+05 2.10245449e+05
 2.11276271e+05 2.13337567e+05 2.16206479e+05 2.18447383e+05
 2.20998487e+05 2.23758779e+05 2.26603422e+05 2.29380422e+05
 2.33313856e+05 2.38307793e+05 2.44807814e+05 2.52877977e+05
 2.60939670e+05 2.68093707e+05 2.76089575e+05 2.82984767e+05
 2.91191015e+05 3.01286174e+05 3.14859162e+05 3.33573782e+05
 3.56533786e+05 3.84149564e+05 4.19767097e+05 4.42980083e+05
 4.60462265e+05 4.77572237e+05 4.94319402e+05 5.12277742e+05
 5.22384288e+05 5.36368300e+05 5.54163694e+05 6.58422646e+05
 5.12823769e+05 5.76971146e+05 5.93519439e+05 6.21582843e+05
 6.59745644e+05 7.23541583e+05 8.40025618e+05 1.00268676e+06
 1.24631545e+06 1.39276984e+06 1.57139684e+06 1.74703697e+06
 1.90432152e+06 2.08223575e+06 2.33148641e+06 2.72937657e+06
 3.43932244e+06 3.48012228e+06 4.19314519e+06 4.26484291e+06
 4.45721646e+06 4.55194533e+06 4.60198009e+06 4.65846450e+06
 4.71380259e+06 4.76256262e+06 4.81473925e+06 4.87768966e+06
 4.96753769e+06 5.12921553e+06 5.39323062e+06 5.56332001e+06
 5.71825033e+06 5.87855984e+06 6.02151026e+06 6.17120206e+06
 6.34651347e+06 6.60399563e+06 6.93129700e+06 7.36302334e+06
 7.84938280e+06 8.47435490e+06 9.25992134e+06 1.04142874e+07
 1.21764402e+07 1.51728692e+07 2.00466152e+07 2.82373539e+07
 4.25237792e+07 7.04645407e+07 1.32539757e+08 2.90224568e+08
 8.39170782e+08 5.14216307e+09 7.19612542e+09 3.81883607e+09
 3.13366824e+09 2.28778902e+09 1.45228529e+09 8.92411365e+08
 7.26298941e+08 5.88609624e+08 5.74928351e+08 5.74503266e+08
 5.73420543e+08 5.70705997e+08 5.66010965e+08 5.61801237e+08
 5.54946643e+08 5.49669831e+08 5.47243473e+08 5.44830095e+08
 5.41494449e+08 5.39585727e+08 5.37006756e+08 5.34482968e+08
 5.31167693e+08 5.27067149e+08 5.22968061e+08 5.19580102e+08
 5.16269700e+08 5.12526172e+08 5.09426968e+08 5.07592023e+08
 5.06085137e+08 5.04066316e+08 5.01950599e+08 5.00769819e+08
 4.99115810e+08 4.97753727e+08 4.95504819e+08 4.94385097e+08
 4.93684181e+08 4.92408150e+08 4.91677226e+08 4.90910745e+08
 4.90112743e+08 4.88911350e+08 4.88901098e+08 4.88732258e+08
 4.88797971e+08 4.88668708e+08 4.88471428e+08 4.88071617e+08
 4.87149803e+08 4.85216877e+08 4.83791564e+08 4.82233452e+08
 4.80815773e+08 4.79392905e+08 4.77638862e+08 4.76317790e+08
 4.74188963e+08 4.71618828e+08 4.68002231e+08 4.63366863e+08
 4.57253244e+08 4.49346178e+08 4.37364890e+08 4.33204237e+08
 4.25634121e+08 4.21521894e+08 4.16353063e+08 4.10668516e+08
 4.06402560e+08 4.01598160e+08 3.98600545e+08 3.94388370e+08
 3.89231751e+08 3.80494741e+08 3.76992580e+08 3.74790307e+08
 3.72641087e+08 3.72483033e+08 3.72261316e+08 3.71941876e+08
 3.71617903e+08 3.70730136e+08 3.69870621e+08 3.68838461e+08
 3.68116607e+08 3.67730035e+08 3.67218202e+08 3.66697407e+08
 3.66028205e+08 3.65268836e+08 3.64263282e+08 3.63207198e+08
 3.61355346e+08 3.57272054e+08 3.55612983e+08 3.54268004e+08
 3.52111513e+08 3.50944340e+08 3.48865827e+08 3.47193278e+08
 3.44523693e+08 3.41370983e+08 3.37950354e+08 3.34772287e+08
 3.30737764e+08 3.28882058e+08 3.26047129e+08 3.25520140e+08
 3.25056581e+08 3.24595316e+08 3.24304382e+08 3.23921289e+08
 3.23562254e+08 3.23028312e+08 3.22554124e+08 3.21360820e+08
 3.19691644e+08 3.17718862e+08 3.16528733e+08 3.15620584e+08
 3.14476265e+08 3.13468359e+08 3.12125659e+08 3.10942485e+08
 3.09081694e+08 3.06765027e+08 3.03595426e+08 2.99512772e+08
 2.94206398e+08 2.87657086e+08 2.79660462e+08 2.71861640e+08
 2.63014582e+08 2.54101782e+08 2.43838184e+08 2.32859923e+08
 2.19453313e+08 2.02562141e+08 1.83670596e+08 1.67844541e+08
 1.54374683e+08 1.41825990e+08 1.35311443e+08 2.40830974e+08
 0.00000000e+00 0.00000000e+00 0.00000000e+00 0.00000000e+00
 0.00000000e+00 0.00000000e+00 0.00000000e+00 0.00000000e+00
 0.00000000e+00 0.00000000e+00 0.00000000e+00 0.00000000e+00
 0.00000000e+00 0.00000000e+00 0.00000000e+00 0.00000000e+00
 0.00000000e+00 0.00000000e+00 0.00000000e+00 0.00000000e+00
 0.00000000e+00 0.00000000e+00 0.00000000e+00 0.00000000e+00
 0.00000000e+00 0.00000000e+00 0.00000000e+00 0.00000000e+00
 0.00000000e+00 0.00000000e+00 0.00000000e+00 0.00000000e+00
 0.00000000e+00 0.00000000e+00 0.00000000e+00 0.00000000e+00
 0.00000000e+00 0.00000000e+00 0.00000000e+00 0.00000000e+00
 0.00000000e+00 0.00000000e+00 0.00000000e+00 0.00000000e+00
 0.00000000e+00 0.00000000e+00 0.00000000e+00 0.00000000e+00
 0.00000000e+00 0.00000000e+00 0.00000000e+00 0.00000000e+00
 0.00000000e+00 0.00000000e+00 0.00000000e+00 0.00000000e+00
 0.00000000e+00 0.00000000e+00 0.00000000e+00 0.00000000e+00
 0.00000000e+00 0.00000000e+00 0.00000000e+00 0.00000000e+00
 0.00000000e+00 0.00000000e+00 0.00000000e+00 0.00000000e+00
 0.00000000e+00 0.00000000e+00 0.00000000e+00 0.00000000e+00
 0.00000000e+00 0.00000000e+00 0.00000000e+00 0.00000000e+00
 0.00000000e+00 0.00000000e+00 0.00000000e+00 0.00000000e+00
 0.00000000e+00 0.00000000e+00 0.00000000e+00 0.00000000e+00
 0.00000000e+00 0.00000000e+00 0.00000000e+00 0.00000000e+00
 0.00000000e+00 0.00000000e+00 0.00000000e+00 0.00000000e+00
 0.00000000e+00 0.00000000e+00 0.00000000e+00 0.00000000e+00
 0.00000000e+00 0.00000000e+00 0.00000000e+00 0.00000000e+00
 0.00000000e+00 0.00000000e+00 0.00000000e+00 0.00000000e+00
 0.00000000e+00 0.00000000e+00 0.00000000e+00 0.00000000e+00
 0.00000000e+00 0.00000000e+00 0.00000000e+00 0.00000000e+00
 0.00000000e+00 0.00000000e+00 0.00000000e+00 0.00000000e+00
 0.00000000e+00 0.00000000e+00 0.00000000e+00 0.00000000e+00
 0.00000000e+00 0.00000000e+00 0.00000000e+00 0.00000000e+00
 0.00000000e+00 0.00000000e+00 0.00000000e+00 0.00000000e+00
 0.00000000e+00 0.00000000e+00 0.00000000e+00 0.00000000e+00
 0.00000000e+00 0.00000000e+00 0.00000000e+00 0.00000000e+00
 0.00000000e+00 0.00000000e+00 0.00000000e+00 0.00000000e+00
 0.00000000e+00 0.00000000e+00 0.00000000e+00 0.00000000e+00
 0.00000000e+00 0.00000000e+00 0.00000000e+00 0.00000000e+00
 0.00000000e+00 0.00000000e+00 0.00000000e+00 0.00000000e+00
 0.00000000e+00 0.00000000e+00 0.00000000e+00 0.00000000e+00
 0.00000000e+00 0.00000000e+00 0.00000000e+00 0.00000000e+00
 0.00000000e+00 0.00000000e+00 0.00000000e+00 0.00000000e+00
 0.00000000e+00 0.00000000e+00 0.00000000e+00 0.00000000e+00
 0.00000000e+00 0.00000000e+00 0.00000000e+00 0.00000000e+00
 0.00000000e+00 0.00000000e+00 0.00000000e+00 0.00000000e+00
 0.00000000e+00 0.00000000e+00 0.00000000e+00 0.00000000e+00
 0.00000000e+00 0.00000000e+00 0.00000000e+00 0.00000000e+00
 0.00000000e+00 0.00000000e+00 0.00000000e+00 0.00000000e+00
 0.00000000e+00 0.00000000e+00 0.00000000e+00 0.00000000e+00
 0.00000000e+00 0.00000000e+00 0.00000000e+00 0.00000000e+00
 0.00000000e+00 0.00000000e+00 0.00000000e+00 0.00000000e+00
 0.00000000e+00 0.00000000e+00 0.00000000e+00 0.00000000e+00
 0.00000000e+00 0.00000000e+00 0.00000000e+00 0.00000000e+00
 0.00000000e+00 0.00000000e+00 0.00000000e+00 0.00000000e+00
 0.00000000e+00 0.00000000e+00 0.00000000e+00 0.00000000e+00
 0.00000000e+00 0.00000000e+00 0.00000000e+00 0.00000000e+00
 0.00000000e+00 0.00000000e+00 0.00000000e+00 0.00000000e+00
 0.00000000e+00 0.00000000e+00 0.00000000e+00 0.00000000e+00
 0.00000000e+00 0.00000000e+00 0.00000000e+00 0.00000000e+00
 0.00000000e+00 0.00000000e+00 0.00000000e+00 0.00000000e+00
 0.00000000e+00 0.00000000e+00 0.00000000e+00 0.00000000e+00
 0.00000000e+00 0.00000000e+00 0.00000000e+00 0.00000000e+00
 0.00000000e+00 0.00000000e+00 0.00000000e+00 0.00000000e+00
 0.00000000e+00 0.00000000e+00 0.00000000e+00 0.00000000e+00
 0.00000000e+00 0.00000000e+00 0.00000000e+00 0.00000000e+00
 0.00000000e+00 0.00000000e+00 0.00000000e+00 0.00000000e+00]
[WARNING]: Quasi-static verification failed
[WARNING]: Max normalized derivatives: dVg/dt=2.50e+11, dVd/dt=0.00e+00, dId/dt=7.20e+09

  ngspice: ✓ PASS  (75.6s)

✓ Benchmark completed: /home/duhaochen/website-trial-v1/data/spice-model-benchmark/814c7c34888f874c4bddf65d22a1ef28/ngspice
