
6. Printing statistics.

=== adder_top ===

        +----------Local Count, excluding submodules.
        |        +-Local Area, excluding submodules.
        |        | 
      226        - wires
      319        - wire bits
        5        - public wires
       98        - public wire bits
        5        - ports
       98        - port bits
      254 2.51E+03 cells
        2   25.402   sg13g2_a21o_1
       22  199.584   sg13g2_a21oi_1
        7  101.606   sg13g2_a221oi_1
        8   86.789   sg13g2_a22oi_1
       13  117.936   sg13g2_and2_1
        1   14.515   sg13g2_and4_1
        6   32.659   sg13g2_inv_1
       32  232.243   sg13g2_nand2_1
        6   54.432   sg13g2_nand2b_1
        3   27.216   sg13g2_nand3_1
        1   12.701   sg13g2_nand3b_1
        1   10.886   sg13g2_nand4_1
       52  377.395   sg13g2_nor2_1
        5    45.36   sg13g2_nor2b_1
        7   63.504   sg13g2_nor3_1
        2   21.773   sg13g2_nor4_1
       23  208.656   sg13g2_o21ai_1
        7   63.504   sg13g2_or2_1
       33  479.002   sg13g2_xnor2_1
       23   333.85   sg13g2_xor2_1

   Chip area for module '\adder_top': 2509.012800
     of which used for sequential elements: 0.000000 (0.00%)

