OpenSTA 3.1.0 543361765b Copyright (c) 2026, Parallax Software, Inc.
License GPLv3: GNU GPL version 3 <http://gnu.org/licenses/gpl.html>

This is free software, and you are free to change and redistribute it
under certain conditions; type `show_copying' for details. 
This program comes with ABSOLUTELY NO WARRANTY; for details type `show_warranty'.
Startpoint: a[0] (input port clocked by vclk)
Endpoint: sum[31] (output port clocked by vclk)
Path Group: vclk
Path Type: max

        Cap        Slew       Delay        Time   Description
---------------------------------------------------------------------------------------
               0.000000    0.000000    0.000000   clock vclk (rise edge)
                           0.000000    0.000000   clock network delay (ideal)
                           0.000000    0.000000 v input external delay
   0.005035    0.050000    0.000000    0.000000 v a[0] (in)
               0.050000    0.000000    0.000000 v _269_/A (sg13g2_or2_1)
   0.008711    0.044708    0.126769    0.126769 v _269_/X (sg13g2_or2_1)
               0.044708    0.000000    0.126769 v _390_/A2 (sg13g2_a21oi_1)
   0.008451    0.098293    0.108536    0.235305 ^ _390_/Y (sg13g2_a21oi_1)
               0.098293    0.000000    0.235305 ^ _391_/A2 (sg13g2_o21ai_1)
   0.007846    0.067057    0.095218    0.330523 v _391_/Y (sg13g2_o21ai_1)
               0.067057    0.000000    0.330523 v _394_/B1 (sg13g2_a221oi_1)
   0.008398    0.173748    0.178037    0.508560 ^ _394_/Y (sg13g2_a221oi_1)
               0.173748    0.000000    0.508560 ^ _397_/A1 (sg13g2_o21ai_1)
   0.007878    0.081635    0.125766    0.634327 v _397_/Y (sg13g2_o21ai_1)
               0.081635    0.000000    0.634327 v _400_/B1 (sg13g2_a221oi_1)
   0.008451    0.173736    0.183578    0.817905 ^ _400_/Y (sg13g2_a221oi_1)
               0.173736    0.000000    0.817905 ^ _401_/A2 (sg13g2_o21ai_1)
   0.008004    0.074371    0.113737    0.931642 v _401_/Y (sg13g2_o21ai_1)
               0.074371    0.000000    0.931642 v _402_/A2 (sg13g2_a21oi_1)
   0.011793    0.126069    0.139873    1.071516 ^ _402_/Y (sg13g2_a21oi_1)
               0.126069    0.000000    1.071516 ^ _411_/A1 (sg13g2_o21ai_1)
   0.007626    0.074292    0.111592    1.183108 v _411_/Y (sg13g2_o21ai_1)
               0.074292    0.000000    1.183108 v _424_/C (sg13g2_and4_1)
   0.002975    0.024495    0.105595    1.288704 v _424_/X (sg13g2_and4_1)
               0.024495    0.000000    1.288704 v _427_/B (sg13g2_nor4_1)
   0.008398    0.201225    0.201732    1.490436 ^ _427_/Y (sg13g2_nor4_1)
               0.201225    0.000000    1.490436 ^ _431_/A1 (sg13g2_o21ai_1)
   0.010825    0.101143    0.146953    1.637389 v _431_/Y (sg13g2_o21ai_1)
               0.101143    0.000000    1.637389 v _465_/B2 (sg13g2_a221oi_1)
   0.003394    0.115690    0.158575    1.795964 ^ _465_/Y (sg13g2_a221oi_1)
               0.115690    0.000000    1.795964 ^ _467_/A1 (sg13g2_o21ai_1)
   0.005719    0.062796    0.099717    1.895681 v _467_/Y (sg13g2_o21ai_1)
               0.062796    0.000000    1.895681 v _470_/A (sg13g2_xor2_1)
   0.010000    0.088067    0.129054    2.024735 v _470_/X (sg13g2_xor2_1)
               0.088067    0.000000    2.024735 v sum[31] (out)
                                       2.024735   data arrival time

               0.000000  100.000000  100.000000   clock vclk (rise edge)
                           0.000000  100.000000   clock network delay (ideal)
                           0.000000  100.000000   clock reconvergence pessimism
                           0.000000  100.000000   output external delay
                                     100.000000   data required time
---------------------------------------------------------------------------------------
                                     100.000000   data required time
                                      -2.024735   data arrival time
---------------------------------------------------------------------------------------
                                      97.975266   slack (MET)


Startpoint: a[0] (input port clocked by vclk)
Endpoint: sum[29] (output port clocked by vclk)
Path Group: vclk
Path Type: max

        Cap        Slew       Delay        Time   Description
---------------------------------------------------------------------------------------
               0.000000    0.000000    0.000000   clock vclk (rise edge)
                           0.000000    0.000000   clock network delay (ideal)
                           0.000000    0.000000 v input external delay
   0.005035    0.050000    0.000000    0.000000 v a[0] (in)
               0.050000    0.000000    0.000000 v _269_/A (sg13g2_or2_1)
   0.008711    0.044708    0.126769    0.126769 v _269_/X (sg13g2_or2_1)
               0.044708    0.000000    0.126769 v _390_/A2 (sg13g2_a21oi_1)
   0.008451    0.098293    0.108536    0.235305 ^ _390_/Y (sg13g2_a21oi_1)
               0.098293    0.000000    0.235305 ^ _391_/A2 (sg13g2_o21ai_1)
   0.007846    0.067057    0.095218    0.330523 v _391_/Y (sg13g2_o21ai_1)
               0.067057    0.000000    0.330523 v _394_/B1 (sg13g2_a221oi_1)
   0.008398    0.173748    0.178037    0.508560 ^ _394_/Y (sg13g2_a221oi_1)
               0.173748    0.000000    0.508560 ^ _397_/A1 (sg13g2_o21ai_1)
   0.007878    0.081635    0.125766    0.634327 v _397_/Y (sg13g2_o21ai_1)
               0.081635    0.000000    0.634327 v _400_/B1 (sg13g2_a221oi_1)
   0.008451    0.173736    0.183578    0.817905 ^ _400_/Y (sg13g2_a221oi_1)
               0.173736    0.000000    0.817905 ^ _401_/A2 (sg13g2_o21ai_1)
   0.008004    0.074371    0.113737    0.931642 v _401_/Y (sg13g2_o21ai_1)
               0.074371    0.000000    0.931642 v _402_/A2 (sg13g2_a21oi_1)
   0.011793    0.126069    0.139873    1.071516 ^ _402_/Y (sg13g2_a21oi_1)
               0.126069    0.000000    1.071516 ^ _411_/A1 (sg13g2_o21ai_1)
   0.007626    0.074292    0.111592    1.183108 v _411_/Y (sg13g2_o21ai_1)
               0.074292    0.000000    1.183108 v _424_/C (sg13g2_and4_1)
   0.002975    0.024495    0.105595    1.288704 v _424_/X (sg13g2_and4_1)
               0.024495    0.000000    1.288704 v _427_/B (sg13g2_nor4_1)
   0.008398    0.201225    0.201732    1.490436 ^ _427_/Y (sg13g2_nor4_1)
               0.201225    0.000000    1.490436 ^ _431_/A1 (sg13g2_o21ai_1)
   0.010825    0.101143    0.146953    1.637389 v _431_/Y (sg13g2_o21ai_1)
               0.101143    0.000000    1.637389 v _433_/A2 (sg13g2_a21oi_1)
   0.005250    0.076399    0.109866    1.747255 ^ _433_/Y (sg13g2_a21oi_1)
               0.076399    0.000000    1.747255 ^ _434_/B (sg13g2_xor2_1)
   0.010000    0.112494    0.150429    1.897684 ^ _434_/X (sg13g2_xor2_1)
               0.112494    0.000000    1.897684 ^ sum[29] (out)
                                       1.897684   data arrival time

               0.000000  100.000000  100.000000   clock vclk (rise edge)
                           0.000000  100.000000   clock network delay (ideal)
                           0.000000  100.000000   clock reconvergence pessimism
                           0.000000  100.000000   output external delay
                                     100.000000   data required time
---------------------------------------------------------------------------------------
                                     100.000000   data required time
                                      -1.897684   data arrival time
---------------------------------------------------------------------------------------
                                      98.102318   slack (MET)


Startpoint: a[0] (input port clocked by vclk)
Endpoint: sum[30] (output port clocked by vclk)
Path Group: vclk
Path Type: max

        Cap        Slew       Delay        Time   Description
---------------------------------------------------------------------------------------
               0.000000    0.000000    0.000000   clock vclk (rise edge)
                           0.000000    0.000000   clock network delay (ideal)
                           0.000000    0.000000 v input external delay
   0.005035    0.050000    0.000000    0.000000 v a[0] (in)
               0.050000    0.000000    0.000000 v _269_/A (sg13g2_or2_1)
   0.008711    0.044708    0.126769    0.126769 v _269_/X (sg13g2_or2_1)
               0.044708    0.000000    0.126769 v _271_/B1 (sg13g2_a221oi_1)
   0.006021    0.145110    0.149066    0.275836 ^ _271_/Y (sg13g2_a221oi_1)
               0.145110    0.000000    0.275836 ^ _280_/B (sg13g2_nor4_1)
   0.006313    0.061030    0.094177    0.370012 v _280_/Y (sg13g2_nor4_1)
               0.061030    0.000000    0.370012 v _290_/A1 (sg13g2_o21ai_1)
   0.005925    0.099603    0.117338    0.487350 ^ _290_/Y (sg13g2_o21ai_1)
               0.099603    0.000000    0.487350 ^ _299_/A1 (sg13g2_a21oi_1)
   0.006313    0.069267    0.094992    0.582341 v _299_/Y (sg13g2_a21oi_1)
               0.069267    0.000000    0.582341 v _310_/A1 (sg13g2_o21ai_1)
   0.005925    0.098722    0.120413    0.702754 ^ _310_/Y (sg13g2_o21ai_1)
               0.098722    0.000000    0.702754 ^ _314_/A1 (sg13g2_a21oi_1)
   0.002821    0.051386    0.077873    0.780627 v _314_/Y (sg13g2_a21oi_1)
               0.051386    0.000000    0.780627 v _315_/B2 (sg13g2_a221oi_1)
   0.012058    0.218362    0.217439    0.998066 ^ _315_/Y (sg13g2_a221oi_1)
               0.218362    0.000000    0.998066 ^ _339_/A1 (sg13g2_o21ai_1)
   0.002786    0.060039    0.106046    1.104112 v _339_/Y (sg13g2_o21ai_1)
               0.060039    0.000000    1.104112 v _354_/A1 (sg13g2_a21oi_1)
   0.008007    0.095675    0.102716    1.206827 ^ _354_/Y (sg13g2_a21oi_1)
               0.095675    0.000000    1.206827 ^ _358_/C (sg13g2_nor3_1)
   0.003066    0.034014    0.053793    1.260620 v _358_/Y (sg13g2_nor3_1)
               0.034014    0.000000    1.260620 v _360_/B (sg13g2_nor3_1)
   0.008451    0.144578    0.142384    1.403004 ^ _360_/Y (sg13g2_nor3_1)
               0.144578    0.000000    1.403004 ^ _366_/A2 (sg13g2_o21ai_1)
   0.007877    0.073232    0.106212    1.509216 v _366_/Y (sg13g2_o21ai_1)
               0.073232    0.000000    1.509216 v _368_/B2 (sg13g2_a221oi_1)
   0.009051    0.182690    0.198896    1.708112 ^ _368_/Y (sg13g2_a221oi_1)
               0.182690    0.000000    1.708112 ^ _372_/A (sg13g2_xnor2_1)
   0.010000    0.117354    0.155809    1.863921 ^ _372_/Y (sg13g2_xnor2_1)
               0.117354    0.000000    1.863921 ^ sum[30] (out)
                                       1.863921   data arrival time

               0.000000  100.000000  100.000000   clock vclk (rise edge)
                           0.000000  100.000000   clock network delay (ideal)
                           0.000000  100.000000   clock reconvergence pessimism
                           0.000000  100.000000   output external delay
                                     100.000000   data required time
---------------------------------------------------------------------------------------
                                     100.000000   data required time
                                      -1.863921   data arrival time
---------------------------------------------------------------------------------------
                                      98.136070   slack (MET)


Startpoint: a[0] (input port clocked by vclk)
Endpoint: cout (output port clocked by vclk)
Path Group: vclk
Path Type: max

        Cap        Slew       Delay        Time   Description
---------------------------------------------------------------------------------------
               0.000000    0.000000    0.000000   clock vclk (rise edge)
                           0.000000    0.000000   clock network delay (ideal)
                           0.000000    0.000000 v input external delay
   0.005035    0.050000    0.000000    0.000000 v a[0] (in)
               0.050000    0.000000    0.000000 v _269_/A (sg13g2_or2_1)
   0.008711    0.044708    0.126769    0.126769 v _269_/X (sg13g2_or2_1)
               0.044708    0.000000    0.126769 v _271_/B1 (sg13g2_a221oi_1)
   0.006021    0.145110    0.149066    0.275836 ^ _271_/Y (sg13g2_a221oi_1)
               0.145110    0.000000    0.275836 ^ _280_/B (sg13g2_nor4_1)
   0.006313    0.061030    0.094177    0.370012 v _280_/Y (sg13g2_nor4_1)
               0.061030    0.000000    0.370012 v _290_/A1 (sg13g2_o21ai_1)
   0.005925    0.099603    0.117338    0.487350 ^ _290_/Y (sg13g2_o21ai_1)
               0.099603    0.000000    0.487350 ^ _299_/A1 (sg13g2_a21oi_1)
   0.006313    0.069267    0.094992    0.582341 v _299_/Y (sg13g2_a21oi_1)
               0.069267    0.000000    0.582341 v _310_/A1 (sg13g2_o21ai_1)
   0.005925    0.098722    0.120413    0.702754 ^ _310_/Y (sg13g2_o21ai_1)
               0.098722    0.000000    0.702754 ^ _314_/A1 (sg13g2_a21oi_1)
   0.002821    0.051386    0.077873    0.780627 v _314_/Y (sg13g2_a21oi_1)
               0.051386    0.000000    0.780627 v _315_/B2 (sg13g2_a221oi_1)
   0.012058    0.218362    0.217439    0.998066 ^ _315_/Y (sg13g2_a221oi_1)
               0.218362    0.000000    0.998066 ^ _339_/A1 (sg13g2_o21ai_1)
   0.002786    0.060039    0.106046    1.104112 v _339_/Y (sg13g2_o21ai_1)
               0.060039    0.000000    1.104112 v _354_/A1 (sg13g2_a21oi_1)
   0.008007    0.095675    0.102716    1.206827 ^ _354_/Y (sg13g2_a21oi_1)
               0.095675    0.000000    1.206827 ^ _358_/C (sg13g2_nor3_1)
   0.003066    0.034014    0.053793    1.260620 v _358_/Y (sg13g2_nor3_1)
               0.034014    0.000000    1.260620 v _360_/B (sg13g2_nor3_1)
   0.008451    0.144578    0.142384    1.403004 ^ _360_/Y (sg13g2_nor3_1)
               0.144578    0.000000    1.403004 ^ _366_/A2 (sg13g2_o21ai_1)
   0.007877    0.073232    0.106212    1.509216 v _366_/Y (sg13g2_o21ai_1)
               0.073232    0.000000    1.509216 v _368_/B2 (sg13g2_a221oi_1)
   0.009051    0.182690    0.198896    1.708112 ^ _368_/Y (sg13g2_a221oi_1)
               0.182690    0.000000    1.708112 ^ _474_/A1 (sg13g2_o21ai_1)
   0.010000    0.094177    0.138660    1.846772 v _474_/Y (sg13g2_o21ai_1)
               0.094177    0.000000    1.846772 v cout (out)
                                       1.846772   data arrival time

               0.000000  100.000000  100.000000   clock vclk (rise edge)
                           0.000000  100.000000   clock network delay (ideal)
                           0.000000  100.000000   clock reconvergence pessimism
                           0.000000  100.000000   output external delay
                                     100.000000   data required time
---------------------------------------------------------------------------------------
                                     100.000000   data required time
                                      -1.846772   data arrival time
---------------------------------------------------------------------------------------
                                      98.153229   slack (MET)


Startpoint: a[0] (input port clocked by vclk)
Endpoint: sum[27] (output port clocked by vclk)
Path Group: vclk
Path Type: max

        Cap        Slew       Delay        Time   Description
---------------------------------------------------------------------------------------
               0.000000    0.000000    0.000000   clock vclk (rise edge)
                           0.000000    0.000000   clock network delay (ideal)
                           0.000000    0.000000 v input external delay
   0.005035    0.050000    0.000000    0.000000 v a[0] (in)
               0.050000    0.000000    0.000000 v _269_/A (sg13g2_or2_1)
   0.008711    0.044708    0.126769    0.126769 v _269_/X (sg13g2_or2_1)
               0.044708    0.000000    0.126769 v _390_/A2 (sg13g2_a21oi_1)
   0.008451    0.098293    0.108536    0.235305 ^ _390_/Y (sg13g2_a21oi_1)
               0.098293    0.000000    0.235305 ^ _391_/A2 (sg13g2_o21ai_1)
   0.007846    0.067057    0.095218    0.330523 v _391_/Y (sg13g2_o21ai_1)
               0.067057    0.000000    0.330523 v _394_/B1 (sg13g2_a221oi_1)
   0.008398    0.173748    0.178037    0.508560 ^ _394_/Y (sg13g2_a221oi_1)
               0.173748    0.000000    0.508560 ^ _397_/A1 (sg13g2_o21ai_1)
   0.007878    0.081635    0.125766    0.634327 v _397_/Y (sg13g2_o21ai_1)
               0.081635    0.000000    0.634327 v _400_/B1 (sg13g2_a221oi_1)
   0.008451    0.173736    0.183578    0.817905 ^ _400_/Y (sg13g2_a221oi_1)
               0.173736    0.000000    0.817905 ^ _401_/A2 (sg13g2_o21ai_1)
   0.008004    0.074371    0.113737    0.931642 v _401_/Y (sg13g2_o21ai_1)
               0.074371    0.000000    0.931642 v _402_/A2 (sg13g2_a21oi_1)
   0.011793    0.126069    0.139873    1.071516 ^ _402_/Y (sg13g2_a21oi_1)
               0.126069    0.000000    1.071516 ^ _411_/A1 (sg13g2_o21ai_1)
   0.007626    0.074292    0.111592    1.183108 v _411_/Y (sg13g2_o21ai_1)
               0.074292    0.000000    1.183108 v _424_/C (sg13g2_and4_1)
   0.002975    0.024495    0.105595    1.288704 v _424_/X (sg13g2_and4_1)
               0.024495    0.000000    1.288704 v _427_/B (sg13g2_nor4_1)
   0.008398    0.201225    0.201732    1.490436 ^ _427_/Y (sg13g2_nor4_1)
               0.201225    0.000000    1.490436 ^ _431_/A1 (sg13g2_o21ai_1)
   0.010825    0.101143    0.146953    1.637389 v _431_/Y (sg13g2_o21ai_1)
               0.101143    0.000000    1.637389 v _436_/B (sg13g2_xnor2_1)
   0.010000    0.085989    0.142525    1.779914 v _436_/Y (sg13g2_xnor2_1)
               0.085989    0.000000    1.779914 v sum[27] (out)
                                       1.779914   data arrival time

               0.000000  100.000000  100.000000   clock vclk (rise edge)
                           0.000000  100.000000   clock network delay (ideal)
                           0.000000  100.000000   clock reconvergence pessimism
                           0.000000  100.000000   output external delay
                                     100.000000   data required time
---------------------------------------------------------------------------------------
                                     100.000000   data required time
                                      -1.779914   data arrival time
---------------------------------------------------------------------------------------
                                      98.220078   slack (MET)


Startpoint: a[1] (input port clocked by vclk)
Endpoint: sum[25] (output port clocked by vclk)
Path Group: vclk
Path Type: max

        Cap        Slew       Delay        Time   Description
---------------------------------------------------------------------------------------
               0.000000    0.000000    0.000000   clock vclk (rise edge)
                           0.000000    0.000000   clock network delay (ideal)
                           0.000000    0.000000 ^ input external delay
   0.016097    0.050000    0.000000    0.000000 ^ a[1] (in)
               0.050000    0.000000    0.000000 ^ _272_/A (sg13g2_xor2_1)
   0.008799    0.101811    0.133191    0.133191 ^ _272_/X (sg13g2_xor2_1)
               0.101811    0.000000    0.133191 ^ _389_/B (sg13g2_nand3b_1)
   0.003251    0.062422    0.097882    0.231073 v _389_/Y (sg13g2_nand3b_1)
               0.062422    0.000000    0.231073 v _391_/A1 (sg13g2_o21ai_1)
   0.007729    0.117794    0.130686    0.361759 ^ _391_/Y (sg13g2_o21ai_1)
               0.117794    0.000000    0.361759 ^ _394_/B1 (sg13g2_a221oi_1)
   0.008307    0.100291    0.116032    0.477791 v _394_/Y (sg13g2_a221oi_1)
               0.100291    0.000000    0.477791 v _397_/A1 (sg13g2_o21ai_1)
   0.007975    0.119125    0.146386    0.624177 ^ _397_/Y (sg13g2_o21ai_1)
               0.119125    0.000000    0.624177 ^ _400_/B1 (sg13g2_a221oi_1)
   0.008313    0.100582    0.116469    0.740646 v _400_/Y (sg13g2_a221oi_1)
               0.100582    0.000000    0.740646 v _401_/A2 (sg13g2_o21ai_1)
   0.008011    0.123590    0.140386    0.881032 ^ _401_/Y (sg13g2_o21ai_1)
               0.123590    0.000000    0.881032 ^ _402_/A2 (sg13g2_a21oi_1)
   0.011559    0.094747    0.129931    1.010962 v _402_/Y (sg13g2_a21oi_1)
               0.094747    0.000000    1.010962 v _410_/A1 (sg13g2_o21ai_1)
   0.008011    0.120672    0.144898    1.155860 ^ _410_/Y (sg13g2_o21ai_1)
               0.120672    0.000000    1.155860 ^ _413_/A2 (sg13g2_a21oi_1)
   0.008313    0.079186    0.113438    1.269298 v _413_/Y (sg13g2_a21oi_1)
               0.079186    0.000000    1.269298 v _414_/A2 (sg13g2_o21ai_1)
   0.008359    0.124356    0.134690    1.403988 ^ _414_/Y (sg13g2_o21ai_1)
               0.124356    0.000000    1.403988 ^ _417_/C (sg13g2_nand4_1)
   0.002906    0.090481    0.127191    1.531179 v _417_/Y (sg13g2_nand4_1)
               0.090481    0.000000    1.531179 v _421_/B1 (sg13g2_o21ai_1)
   0.002758    0.071311    0.056644    1.587823 ^ _421_/Y (sg13g2_o21ai_1)
               0.071311    0.000000    1.587823 ^ _422_/B1 (sg13g2_a21oi_1)
   0.005056    0.055368    0.049304    1.637127 v _422_/Y (sg13g2_a21oi_1)
               0.055368    0.000000    1.637127 v _438_/B (sg13g2_xnor2_1)
   0.010000    0.086324    0.123964    1.761090 v _438_/Y (sg13g2_xnor2_1)
               0.086324    0.000000    1.761090 v sum[25] (out)
                                       1.761090   data arrival time

               0.000000  100.000000  100.000000   clock vclk (rise edge)
                           0.000000  100.000000   clock network delay (ideal)
                           0.000000  100.000000   clock reconvergence pessimism
                           0.000000  100.000000   output external delay
                                     100.000000   data required time
---------------------------------------------------------------------------------------
                                     100.000000   data required time
                                      -1.761090   data arrival time
---------------------------------------------------------------------------------------
                                      98.238907   slack (MET)


Startpoint: a[0] (input port clocked by vclk)
Endpoint: sum[23] (output port clocked by vclk)
Path Group: vclk
Path Type: max

        Cap        Slew       Delay        Time   Description
---------------------------------------------------------------------------------------
               0.000000    0.000000    0.000000   clock vclk (rise edge)
                           0.000000    0.000000   clock network delay (ideal)
                           0.000000    0.000000 v input external delay
   0.005035    0.050000    0.000000    0.000000 v a[0] (in)
               0.050000    0.000000    0.000000 v _269_/A (sg13g2_or2_1)
   0.008711    0.044708    0.126769    0.126769 v _269_/X (sg13g2_or2_1)
               0.044708    0.000000    0.126769 v _390_/A2 (sg13g2_a21oi_1)
   0.008451    0.098293    0.108536    0.235305 ^ _390_/Y (sg13g2_a21oi_1)
               0.098293    0.000000    0.235305 ^ _391_/A2 (sg13g2_o21ai_1)
   0.007846    0.067057    0.095218    0.330523 v _391_/Y (sg13g2_o21ai_1)
               0.067057    0.000000    0.330523 v _394_/B1 (sg13g2_a221oi_1)
   0.008398    0.173748    0.178037    0.508560 ^ _394_/Y (sg13g2_a221oi_1)
               0.173748    0.000000    0.508560 ^ _397_/A1 (sg13g2_o21ai_1)
   0.007878    0.081635    0.125766    0.634327 v _397_/Y (sg13g2_o21ai_1)
               0.081635    0.000000    0.634327 v _400_/B1 (sg13g2_a221oi_1)
   0.008451    0.173736    0.183578    0.817905 ^ _400_/Y (sg13g2_a221oi_1)
               0.173736    0.000000    0.817905 ^ _401_/A2 (sg13g2_o21ai_1)
   0.008004    0.074371    0.113737    0.931642 v _401_/Y (sg13g2_o21ai_1)
               0.074371    0.000000    0.931642 v _402_/A2 (sg13g2_a21oi_1)
   0.011793    0.126069    0.139873    1.071516 ^ _402_/Y (sg13g2_a21oi_1)
               0.126069    0.000000    1.071516 ^ _411_/A1 (sg13g2_o21ai_1)
   0.007626    0.074292    0.111592    1.183108 v _411_/Y (sg13g2_o21ai_1)
               0.074292    0.000000    1.183108 v _424_/C (sg13g2_and4_1)
   0.002975    0.024495    0.105595    1.288704 v _424_/X (sg13g2_and4_1)
               0.024495    0.000000    1.288704 v _427_/B (sg13g2_nor4_1)
   0.008398    0.201225    0.201732    1.490436 ^ _427_/Y (sg13g2_nor4_1)
               0.201225    0.000000    1.490436 ^ _440_/B (sg13g2_xnor2_1)
   0.010000    0.115711    0.155222    1.645658 ^ _440_/Y (sg13g2_xnor2_1)
               0.115711    0.000000    1.645658 ^ sum[23] (out)
                                       1.645658   data arrival time

               0.000000  100.000000  100.000000   clock vclk (rise edge)
                           0.000000  100.000000   clock network delay (ideal)
                           0.000000  100.000000   clock reconvergence pessimism
                           0.000000  100.000000   output external delay
                                     100.000000   data required time
---------------------------------------------------------------------------------------
                                     100.000000   data required time
                                      -1.645658   data arrival time
---------------------------------------------------------------------------------------
                                      98.354340   slack (MET)


Startpoint: a[0] (input port clocked by vclk)
Endpoint: sum[28] (output port clocked by vclk)
Path Group: vclk
Path Type: max

        Cap        Slew       Delay        Time   Description
---------------------------------------------------------------------------------------
               0.000000    0.000000    0.000000   clock vclk (rise edge)
                           0.000000    0.000000   clock network delay (ideal)
                           0.000000    0.000000 v input external delay
   0.005035    0.050000    0.000000    0.000000 v a[0] (in)
               0.050000    0.000000    0.000000 v _269_/A (sg13g2_or2_1)
   0.008711    0.044708    0.126769    0.126769 v _269_/X (sg13g2_or2_1)
               0.044708    0.000000    0.126769 v _271_/B1 (sg13g2_a221oi_1)
   0.006021    0.145110    0.149066    0.275836 ^ _271_/Y (sg13g2_a221oi_1)
               0.145110    0.000000    0.275836 ^ _280_/B (sg13g2_nor4_1)
   0.006313    0.061030    0.094177    0.370012 v _280_/Y (sg13g2_nor4_1)
               0.061030    0.000000    0.370012 v _290_/A1 (sg13g2_o21ai_1)
   0.005925    0.099603    0.117338    0.487350 ^ _290_/Y (sg13g2_o21ai_1)
               0.099603    0.000000    0.487350 ^ _299_/A1 (sg13g2_a21oi_1)
   0.006313    0.069267    0.094992    0.582341 v _299_/Y (sg13g2_a21oi_1)
               0.069267    0.000000    0.582341 v _310_/A1 (sg13g2_o21ai_1)
   0.005925    0.098722    0.120413    0.702754 ^ _310_/Y (sg13g2_o21ai_1)
               0.098722    0.000000    0.702754 ^ _314_/A1 (sg13g2_a21oi_1)
   0.002821    0.051386    0.077873    0.780627 v _314_/Y (sg13g2_a21oi_1)
               0.051386    0.000000    0.780627 v _315_/B2 (sg13g2_a221oi_1)
   0.012058    0.218362    0.217439    0.998066 ^ _315_/Y (sg13g2_a221oi_1)
               0.218362    0.000000    0.998066 ^ _339_/A1 (sg13g2_o21ai_1)
   0.002786    0.060039    0.106046    1.104112 v _339_/Y (sg13g2_o21ai_1)
               0.060039    0.000000    1.104112 v _354_/A1 (sg13g2_a21oi_1)
   0.008007    0.095675    0.102716    1.206827 ^ _354_/Y (sg13g2_a21oi_1)
               0.095675    0.000000    1.206827 ^ _358_/C (sg13g2_nor3_1)
   0.003066    0.034014    0.053793    1.260620 v _358_/Y (sg13g2_nor3_1)
               0.034014    0.000000    1.260620 v _360_/B (sg13g2_nor3_1)
   0.008451    0.144578    0.142384    1.403004 ^ _360_/Y (sg13g2_nor3_1)
               0.144578    0.000000    1.403004 ^ _366_/A2 (sg13g2_o21ai_1)
   0.007877    0.073232    0.106212    1.509216 v _366_/Y (sg13g2_o21ai_1)
               0.073232    0.000000    1.509216 v _435_/B (sg13g2_xnor2_1)
   0.010000    0.086602    0.131450    1.640666 v _435_/Y (sg13g2_xnor2_1)
               0.086602    0.000000    1.640666 v sum[28] (out)
                                       1.640666   data arrival time

               0.000000  100.000000  100.000000   clock vclk (rise edge)
                           0.000000  100.000000   clock network delay (ideal)
                           0.000000  100.000000   clock reconvergence pessimism
                           0.000000  100.000000   output external delay
                                     100.000000   data required time
---------------------------------------------------------------------------------------
                                     100.000000   data required time
                                      -1.640666   data arrival time
---------------------------------------------------------------------------------------
                                      98.359329   slack (MET)


Startpoint: a[1] (input port clocked by vclk)
Endpoint: sum[21] (output port clocked by vclk)
Path Group: vclk
Path Type: max

        Cap        Slew       Delay        Time   Description
---------------------------------------------------------------------------------------
               0.000000    0.000000    0.000000   clock vclk (rise edge)
                           0.000000    0.000000   clock network delay (ideal)
                           0.000000    0.000000 ^ input external delay
   0.016097    0.050000    0.000000    0.000000 ^ a[1] (in)
               0.050000    0.000000    0.000000 ^ _272_/A (sg13g2_xor2_1)
   0.008799    0.101811    0.133191    0.133191 ^ _272_/X (sg13g2_xor2_1)
               0.101811    0.000000    0.133191 ^ _389_/B (sg13g2_nand3b_1)
   0.003251    0.062422    0.097882    0.231073 v _389_/Y (sg13g2_nand3b_1)
               0.062422    0.000000    0.231073 v _391_/A1 (sg13g2_o21ai_1)
   0.007729    0.117794    0.130686    0.361759 ^ _391_/Y (sg13g2_o21ai_1)
               0.117794    0.000000    0.361759 ^ _394_/B1 (sg13g2_a221oi_1)
   0.008307    0.100291    0.116032    0.477791 v _394_/Y (sg13g2_a221oi_1)
               0.100291    0.000000    0.477791 v _397_/A1 (sg13g2_o21ai_1)
   0.007975    0.119125    0.146386    0.624177 ^ _397_/Y (sg13g2_o21ai_1)
               0.119125    0.000000    0.624177 ^ _400_/B1 (sg13g2_a221oi_1)
   0.008313    0.100582    0.116469    0.740646 v _400_/Y (sg13g2_a221oi_1)
               0.100582    0.000000    0.740646 v _401_/A2 (sg13g2_o21ai_1)
   0.008011    0.123590    0.140386    0.881032 ^ _401_/Y (sg13g2_o21ai_1)
               0.123590    0.000000    0.881032 ^ _402_/A2 (sg13g2_a21oi_1)
   0.011559    0.094747    0.129931    1.010962 v _402_/Y (sg13g2_a21oi_1)
               0.094747    0.000000    1.010962 v _410_/A1 (sg13g2_o21ai_1)
   0.008011    0.120672    0.144898    1.155860 ^ _410_/Y (sg13g2_o21ai_1)
               0.120672    0.000000    1.155860 ^ _413_/A2 (sg13g2_a21oi_1)
   0.008313    0.079186    0.113438    1.269298 v _413_/Y (sg13g2_a21oi_1)
               0.079186    0.000000    1.269298 v _414_/A2 (sg13g2_o21ai_1)
   0.008359    0.124356    0.134690    1.403988 ^ _414_/Y (sg13g2_o21ai_1)
               0.124356    0.000000    1.403988 ^ _442_/B (sg13g2_xor2_1)
   0.010000    0.114275    0.166597    1.570586 ^ _442_/X (sg13g2_xor2_1)
               0.114275    0.000000    1.570586 ^ sum[21] (out)
                                       1.570586   data arrival time

               0.000000  100.000000  100.000000   clock vclk (rise edge)
                           0.000000  100.000000   clock network delay (ideal)
                           0.000000  100.000000   clock reconvergence pessimism
                           0.000000  100.000000   output external delay
                                     100.000000   data required time
---------------------------------------------------------------------------------------
                                     100.000000   data required time
                                      -1.570586   data arrival time
---------------------------------------------------------------------------------------
                                      98.429413   slack (MET)


Startpoint: a[0] (input port clocked by vclk)
Endpoint: sum[26] (output port clocked by vclk)
Path Group: vclk
Path Type: max

        Cap        Slew       Delay        Time   Description
---------------------------------------------------------------------------------------
               0.000000    0.000000    0.000000   clock vclk (rise edge)
                           0.000000    0.000000   clock network delay (ideal)
                           0.000000    0.000000 v input external delay
   0.005035    0.050000    0.000000    0.000000 v a[0] (in)
               0.050000    0.000000    0.000000 v _269_/A (sg13g2_or2_1)
   0.008711    0.044708    0.126769    0.126769 v _269_/X (sg13g2_or2_1)
               0.044708    0.000000    0.126769 v _271_/B1 (sg13g2_a221oi_1)
   0.006021    0.145110    0.149066    0.275836 ^ _271_/Y (sg13g2_a221oi_1)
               0.145110    0.000000    0.275836 ^ _280_/B (sg13g2_nor4_1)
   0.006313    0.061030    0.094177    0.370012 v _280_/Y (sg13g2_nor4_1)
               0.061030    0.000000    0.370012 v _290_/A1 (sg13g2_o21ai_1)
   0.005925    0.099603    0.117338    0.487350 ^ _290_/Y (sg13g2_o21ai_1)
               0.099603    0.000000    0.487350 ^ _299_/A1 (sg13g2_a21oi_1)
   0.006313    0.069267    0.094992    0.582341 v _299_/Y (sg13g2_a21oi_1)
               0.069267    0.000000    0.582341 v _310_/A1 (sg13g2_o21ai_1)
   0.005925    0.098722    0.120413    0.702754 ^ _310_/Y (sg13g2_o21ai_1)
               0.098722    0.000000    0.702754 ^ _314_/A1 (sg13g2_a21oi_1)
   0.002821    0.051386    0.077873    0.780627 v _314_/Y (sg13g2_a21oi_1)
               0.051386    0.000000    0.780627 v _315_/B2 (sg13g2_a221oi_1)
   0.012058    0.218362    0.217439    0.998066 ^ _315_/Y (sg13g2_a221oi_1)
               0.218362    0.000000    0.998066 ^ _339_/A1 (sg13g2_o21ai_1)
   0.002786    0.060039    0.106046    1.104112 v _339_/Y (sg13g2_o21ai_1)
               0.060039    0.000000    1.104112 v _354_/A1 (sg13g2_a21oi_1)
   0.008007    0.095675    0.102716    1.206827 ^ _354_/Y (sg13g2_a21oi_1)
               0.095675    0.000000    1.206827 ^ _358_/C (sg13g2_nor3_1)
   0.003066    0.034014    0.053793    1.260620 v _358_/Y (sg13g2_nor3_1)
               0.034014    0.000000    1.260620 v _360_/B (sg13g2_nor3_1)
   0.008451    0.144578    0.142384    1.403004 ^ _360_/Y (sg13g2_nor3_1)
               0.144578    0.000000    1.403004 ^ _437_/B (sg13g2_xnor2_1)
   0.010000    0.115860    0.141362    1.544366 ^ _437_/Y (sg13g2_xnor2_1)
               0.115860    0.000000    1.544366 ^ sum[26] (out)
                                       1.544366   data arrival time

               0.000000  100.000000  100.000000   clock vclk (rise edge)
                           0.000000  100.000000   clock network delay (ideal)
                           0.000000  100.000000   clock reconvergence pessimism
                           0.000000  100.000000   output external delay
                                     100.000000   data required time
---------------------------------------------------------------------------------------
                                     100.000000   data required time
                                      -1.544366   data arrival time
---------------------------------------------------------------------------------------
                                      98.455635   slack (MET)


Startpoint: a[0] (input port clocked by vclk)
Endpoint: sum[18] (output port clocked by vclk)
Path Group: vclk
Path Type: max

        Cap        Slew       Delay        Time   Description
---------------------------------------------------------------------------------------
               0.000000    0.000000    0.000000   clock vclk (rise edge)
                           0.000000    0.000000   clock network delay (ideal)
                           0.000000    0.000000 v input external delay
   0.005035    0.050000    0.000000    0.000000 v a[0] (in)
               0.050000    0.000000    0.000000 v _269_/A (sg13g2_or2_1)
   0.008711    0.044708    0.126769    0.126769 v _269_/X (sg13g2_or2_1)
               0.044708    0.000000    0.126769 v _271_/B1 (sg13g2_a221oi_1)
   0.006021    0.145110    0.149066    0.275836 ^ _271_/Y (sg13g2_a221oi_1)
               0.145110    0.000000    0.275836 ^ _280_/B (sg13g2_nor4_1)
   0.006313    0.061030    0.094177    0.370012 v _280_/Y (sg13g2_nor4_1)
               0.061030    0.000000    0.370012 v _290_/A1 (sg13g2_o21ai_1)
   0.005925    0.099603    0.117338    0.487350 ^ _290_/Y (sg13g2_o21ai_1)
               0.099603    0.000000    0.487350 ^ _299_/A1 (sg13g2_a21oi_1)
   0.006313    0.069267    0.094992    0.582341 v _299_/Y (sg13g2_a21oi_1)
               0.069267    0.000000    0.582341 v _310_/A1 (sg13g2_o21ai_1)
   0.005925    0.098722    0.120413    0.702754 ^ _310_/Y (sg13g2_o21ai_1)
               0.098722    0.000000    0.702754 ^ _314_/A1 (sg13g2_a21oi_1)
   0.002821    0.051386    0.077873    0.780627 v _314_/Y (sg13g2_a21oi_1)
               0.051386    0.000000    0.780627 v _315_/B2 (sg13g2_a221oi_1)
   0.012058    0.218362    0.217439    0.998066 ^ _315_/Y (sg13g2_a221oi_1)
               0.218362    0.000000    0.998066 ^ _323_/A (sg13g2_nor2_1)
   0.003061    0.054768    0.081842    1.079907 v _323_/Y (sg13g2_nor2_1)
               0.054768    0.000000    1.079907 v _350_/A (sg13g2_nor2_1)
   0.011012    0.112527    0.112777    1.192684 ^ _350_/Y (sg13g2_nor2_1)
               0.112527    0.000000    1.192684 ^ _351_/C (sg13g2_nor3_1)
   0.002856    0.049771    0.056439    1.249123 v _351_/Y (sg13g2_nor3_1)
               0.049771    0.000000    1.249123 v _445_/B (sg13g2_nor2_1)
   0.005250    0.066825    0.070485    1.319609 ^ _445_/Y (sg13g2_nor2_1)
               0.066825    0.000000    1.319609 ^ _446_/B (sg13g2_xor2_1)
   0.010000    0.113178    0.146477    1.466086 ^ _446_/X (sg13g2_xor2_1)
               0.113178    0.000000    1.466086 ^ sum[18] (out)
                                       1.466086   data arrival time

               0.000000  100.000000  100.000000   clock vclk (rise edge)
                           0.000000  100.000000   clock network delay (ideal)
                           0.000000  100.000000   clock reconvergence pessimism
                           0.000000  100.000000   output external delay
                                     100.000000   data required time
---------------------------------------------------------------------------------------
                                     100.000000   data required time
                                      -1.466086   data arrival time
---------------------------------------------------------------------------------------
                                      98.533913   slack (MET)


Startpoint: a[0] (input port clocked by vclk)
Endpoint: sum[24] (output port clocked by vclk)
Path Group: vclk
Path Type: max

        Cap        Slew       Delay        Time   Description
---------------------------------------------------------------------------------------
               0.000000    0.000000    0.000000   clock vclk (rise edge)
                           0.000000    0.000000   clock network delay (ideal)
                           0.000000    0.000000 v input external delay
   0.005035    0.050000    0.000000    0.000000 v a[0] (in)
               0.050000    0.000000    0.000000 v _269_/A (sg13g2_or2_1)
   0.008711    0.044708    0.126769    0.126769 v _269_/X (sg13g2_or2_1)
               0.044708    0.000000    0.126769 v _271_/B1 (sg13g2_a221oi_1)
   0.006021    0.145110    0.149066    0.275836 ^ _271_/Y (sg13g2_a221oi_1)
               0.145110    0.000000    0.275836 ^ _280_/B (sg13g2_nor4_1)
   0.006313    0.061030    0.094177    0.370012 v _280_/Y (sg13g2_nor4_1)
               0.061030    0.000000    0.370012 v _290_/A1 (sg13g2_o21ai_1)
   0.005925    0.099603    0.117338    0.487350 ^ _290_/Y (sg13g2_o21ai_1)
               0.099603    0.000000    0.487350 ^ _299_/A1 (sg13g2_a21oi_1)
   0.006313    0.069267    0.094992    0.582341 v _299_/Y (sg13g2_a21oi_1)
               0.069267    0.000000    0.582341 v _310_/A1 (sg13g2_o21ai_1)
   0.005925    0.098722    0.120413    0.702754 ^ _310_/Y (sg13g2_o21ai_1)
               0.098722    0.000000    0.702754 ^ _314_/A1 (sg13g2_a21oi_1)
   0.002821    0.051386    0.077873    0.780627 v _314_/Y (sg13g2_a21oi_1)
               0.051386    0.000000    0.780627 v _315_/B2 (sg13g2_a221oi_1)
   0.012058    0.218362    0.217439    0.998066 ^ _315_/Y (sg13g2_a221oi_1)
               0.218362    0.000000    0.998066 ^ _323_/A (sg13g2_nor2_1)
   0.003061    0.054768    0.081842    1.079907 v _323_/Y (sg13g2_nor2_1)
               0.054768    0.000000    1.079907 v _350_/A (sg13g2_nor2_1)
   0.011012    0.112527    0.112777    1.192684 ^ _350_/Y (sg13g2_nor2_1)
               0.112527    0.000000    1.192684 ^ _352_/B (sg13g2_nor2_1)
   0.005644    0.042314    0.062385    1.255069 v _352_/Y (sg13g2_nor2_1)
               0.042314    0.000000    1.255069 v _365_/A1 (sg13g2_a21oi_1)
   0.005004    0.074755    0.078532    1.333601 ^ _365_/Y (sg13g2_a21oi_1)
               0.074755    0.000000    1.333601 ^ _439_/B (sg13g2_xnor2_1)
   0.010000    0.116041    0.118502    1.452102 ^ _439_/Y (sg13g2_xnor2_1)
               0.116041    0.000000    1.452102 ^ sum[24] (out)
                                       1.452102   data arrival time

               0.000000  100.000000  100.000000   clock vclk (rise edge)
                           0.000000  100.000000   clock network delay (ideal)
                           0.000000  100.000000   clock reconvergence pessimism
                           0.000000  100.000000   output external delay
                                     100.000000   data required time
---------------------------------------------------------------------------------------
                                     100.000000   data required time
                                      -1.452102   data arrival time
---------------------------------------------------------------------------------------
                                      98.547897   slack (MET)


Startpoint: a[0] (input port clocked by vclk)
Endpoint: sum[20] (output port clocked by vclk)
Path Group: vclk
Path Type: max

        Cap        Slew       Delay        Time   Description
---------------------------------------------------------------------------------------
               0.000000    0.000000    0.000000   clock vclk (rise edge)
                           0.000000    0.000000   clock network delay (ideal)
                           0.000000    0.000000 v input external delay
   0.005035    0.050000    0.000000    0.000000 v a[0] (in)
               0.050000    0.000000    0.000000 v _269_/A (sg13g2_or2_1)
   0.008711    0.044708    0.126769    0.126769 v _269_/X (sg13g2_or2_1)
               0.044708    0.000000    0.126769 v _271_/B1 (sg13g2_a221oi_1)
   0.006021    0.145110    0.149066    0.275836 ^ _271_/Y (sg13g2_a221oi_1)
               0.145110    0.000000    0.275836 ^ _280_/B (sg13g2_nor4_1)
   0.006313    0.061030    0.094177    0.370012 v _280_/Y (sg13g2_nor4_1)
               0.061030    0.000000    0.370012 v _290_/A1 (sg13g2_o21ai_1)
   0.005925    0.099603    0.117338    0.487350 ^ _290_/Y (sg13g2_o21ai_1)
               0.099603    0.000000    0.487350 ^ _299_/A1 (sg13g2_a21oi_1)
   0.006313    0.069267    0.094992    0.582341 v _299_/Y (sg13g2_a21oi_1)
               0.069267    0.000000    0.582341 v _310_/A1 (sg13g2_o21ai_1)
   0.005925    0.098722    0.120413    0.702754 ^ _310_/Y (sg13g2_o21ai_1)
               0.098722    0.000000    0.702754 ^ _314_/A1 (sg13g2_a21oi_1)
   0.002821    0.051386    0.077873    0.780627 v _314_/Y (sg13g2_a21oi_1)
               0.051386    0.000000    0.780627 v _315_/B2 (sg13g2_a221oi_1)
   0.012058    0.218362    0.217439    0.998066 ^ _315_/Y (sg13g2_a221oi_1)
               0.218362    0.000000    0.998066 ^ _323_/A (sg13g2_nor2_1)
   0.003061    0.054768    0.081842    1.079907 v _323_/Y (sg13g2_nor2_1)
               0.054768    0.000000    1.079907 v _350_/A (sg13g2_nor2_1)
   0.011012    0.112527    0.112777    1.192684 ^ _350_/Y (sg13g2_nor2_1)
               0.112527    0.000000    1.192684 ^ _352_/B (sg13g2_nor2_1)
   0.005644    0.042314    0.062385    1.255069 v _352_/Y (sg13g2_nor2_1)
               0.042314    0.000000    1.255069 v _353_/A (sg13g2_nor2b_1)
   0.005004    0.063941    0.066565    1.321633 ^ _353_/Y (sg13g2_nor2b_1)
               0.063941    0.000000    1.321633 ^ _443_/B (sg13g2_xnor2_1)
   0.010000    0.115834    0.113973    1.435606 ^ _443_/Y (sg13g2_xnor2_1)
               0.115834    0.000000    1.435606 ^ sum[20] (out)
                                       1.435606   data arrival time

               0.000000  100.000000  100.000000   clock vclk (rise edge)
                           0.000000  100.000000   clock network delay (ideal)
                           0.000000  100.000000   clock reconvergence pessimism
                           0.000000  100.000000   output external delay
                                     100.000000   data required time
---------------------------------------------------------------------------------------
                                     100.000000   data required time
                                      -1.435606   data arrival time
---------------------------------------------------------------------------------------
                                      98.564384   slack (MET)


Startpoint: a[0] (input port clocked by vclk)
Endpoint: sum[19] (output port clocked by vclk)
Path Group: vclk
Path Type: max

        Cap        Slew       Delay        Time   Description
---------------------------------------------------------------------------------------
               0.000000    0.000000    0.000000   clock vclk (rise edge)
                           0.000000    0.000000   clock network delay (ideal)
                           0.000000    0.000000 v input external delay
   0.005035    0.050000    0.000000    0.000000 v a[0] (in)
               0.050000    0.000000    0.000000 v _269_/A (sg13g2_or2_1)
   0.008711    0.044708    0.126769    0.126769 v _269_/X (sg13g2_or2_1)
               0.044708    0.000000    0.126769 v _390_/A2 (sg13g2_a21oi_1)
   0.008451    0.098293    0.108536    0.235305 ^ _390_/Y (sg13g2_a21oi_1)
               0.098293    0.000000    0.235305 ^ _391_/A2 (sg13g2_o21ai_1)
   0.007846    0.067057    0.095218    0.330523 v _391_/Y (sg13g2_o21ai_1)
               0.067057    0.000000    0.330523 v _394_/B1 (sg13g2_a221oi_1)
   0.008398    0.173748    0.178037    0.508560 ^ _394_/Y (sg13g2_a221oi_1)
               0.173748    0.000000    0.508560 ^ _397_/A1 (sg13g2_o21ai_1)
   0.007878    0.081635    0.125766    0.634327 v _397_/Y (sg13g2_o21ai_1)
               0.081635    0.000000    0.634327 v _400_/B1 (sg13g2_a221oi_1)
   0.008451    0.173736    0.183578    0.817905 ^ _400_/Y (sg13g2_a221oi_1)
               0.173736    0.000000    0.817905 ^ _401_/A2 (sg13g2_o21ai_1)
   0.008004    0.074371    0.113737    0.931642 v _401_/Y (sg13g2_o21ai_1)
               0.074371    0.000000    0.931642 v _402_/A2 (sg13g2_a21oi_1)
   0.011793    0.126069    0.139873    1.071516 ^ _402_/Y (sg13g2_a21oi_1)
               0.126069    0.000000    1.071516 ^ _410_/A1 (sg13g2_o21ai_1)
   0.008004    0.076311    0.113420    1.184936 v _410_/Y (sg13g2_o21ai_1)
               0.076311    0.000000    1.184936 v _413_/A2 (sg13g2_a21oi_1)
   0.008451    0.100840    0.120494    1.305430 ^ _413_/Y (sg13g2_a21oi_1)
               0.100840    0.000000    1.305430 ^ _444_/B (sg13g2_xnor2_1)
   0.010000    0.118305    0.128862    1.434292 ^ _444_/Y (sg13g2_xnor2_1)
               0.118305    0.000000    1.434292 ^ sum[19] (out)
                                       1.434292   data arrival time

               0.000000  100.000000  100.000000   clock vclk (rise edge)
                           0.000000  100.000000   clock network delay (ideal)
                           0.000000  100.000000   clock reconvergence pessimism
                           0.000000  100.000000   output external delay
                                     100.000000   data required time
---------------------------------------------------------------------------------------
                                     100.000000   data required time
                                      -1.434292   data arrival time
---------------------------------------------------------------------------------------
                                      98.565704   slack (MET)


Startpoint: a[0] (input port clocked by vclk)
Endpoint: sum[22] (output port clocked by vclk)
Path Group: vclk
Path Type: max

        Cap        Slew       Delay        Time   Description
---------------------------------------------------------------------------------------
               0.000000    0.000000    0.000000   clock vclk (rise edge)
                           0.000000    0.000000   clock network delay (ideal)
                           0.000000    0.000000 v input external delay
   0.005035    0.050000    0.000000    0.000000 v a[0] (in)
               0.050000    0.000000    0.000000 v _269_/A (sg13g2_or2_1)
   0.008711    0.044708    0.126769    0.126769 v _269_/X (sg13g2_or2_1)
               0.044708    0.000000    0.126769 v _271_/B1 (sg13g2_a221oi_1)
   0.006021    0.145110    0.149066    0.275836 ^ _271_/Y (sg13g2_a221oi_1)
               0.145110    0.000000    0.275836 ^ _280_/B (sg13g2_nor4_1)
   0.006313    0.061030    0.094177    0.370012 v _280_/Y (sg13g2_nor4_1)
               0.061030    0.000000    0.370012 v _290_/A1 (sg13g2_o21ai_1)
   0.005925    0.099603    0.117338    0.487350 ^ _290_/Y (sg13g2_o21ai_1)
               0.099603    0.000000    0.487350 ^ _299_/A1 (sg13g2_a21oi_1)
   0.006313    0.069267    0.094992    0.582341 v _299_/Y (sg13g2_a21oi_1)
               0.069267    0.000000    0.582341 v _310_/A1 (sg13g2_o21ai_1)
   0.005925    0.098722    0.120413    0.702754 ^ _310_/Y (sg13g2_o21ai_1)
               0.098722    0.000000    0.702754 ^ _314_/A1 (sg13g2_a21oi_1)
   0.002821    0.051386    0.077873    0.780627 v _314_/Y (sg13g2_a21oi_1)
               0.051386    0.000000    0.780627 v _315_/B2 (sg13g2_a221oi_1)
   0.012058    0.218362    0.217439    0.998066 ^ _315_/Y (sg13g2_a221oi_1)
               0.218362    0.000000    0.998066 ^ _339_/A1 (sg13g2_o21ai_1)
   0.002786    0.060039    0.106046    1.104112 v _339_/Y (sg13g2_o21ai_1)
               0.060039    0.000000    1.104112 v _354_/A1 (sg13g2_a21oi_1)
   0.008007    0.095675    0.102716    1.206827 ^ _354_/Y (sg13g2_a21oi_1)
               0.095675    0.000000    1.206827 ^ _441_/B (sg13g2_xnor2_1)
   0.010000    0.117682    0.127263    1.334090 ^ _441_/Y (sg13g2_xnor2_1)
               0.117682    0.000000    1.334090 ^ sum[22] (out)
                                       1.334090   data arrival time

               0.000000  100.000000  100.000000   clock vclk (rise edge)
                           0.000000  100.000000   clock network delay (ideal)
                           0.000000  100.000000   clock reconvergence pessimism
                           0.000000  100.000000   output external delay
                                     100.000000   data required time
---------------------------------------------------------------------------------------
                                     100.000000   data required time
                                      -1.334090   data arrival time
---------------------------------------------------------------------------------------
                                      98.665909   slack (MET)


Startpoint: a[0] (input port clocked by vclk)
Endpoint: sum[16] (output port clocked by vclk)
Path Group: vclk
Path Type: max

        Cap        Slew       Delay        Time   Description
---------------------------------------------------------------------------------------
               0.000000    0.000000    0.000000   clock vclk (rise edge)
                           0.000000    0.000000   clock network delay (ideal)
                           0.000000    0.000000 v input external delay
   0.005035    0.050000    0.000000    0.000000 v a[0] (in)
               0.050000    0.000000    0.000000 v _269_/A (sg13g2_or2_1)
   0.008711    0.044708    0.126769    0.126769 v _269_/X (sg13g2_or2_1)
               0.044708    0.000000    0.126769 v _271_/B1 (sg13g2_a221oi_1)
   0.006021    0.145110    0.149066    0.275836 ^ _271_/Y (sg13g2_a221oi_1)
               0.145110    0.000000    0.275836 ^ _280_/B (sg13g2_nor4_1)
   0.006313    0.061030    0.094177    0.370012 v _280_/Y (sg13g2_nor4_1)
               0.061030    0.000000    0.370012 v _290_/A1 (sg13g2_o21ai_1)
   0.005925    0.099603    0.117338    0.487350 ^ _290_/Y (sg13g2_o21ai_1)
               0.099603    0.000000    0.487350 ^ _299_/A1 (sg13g2_a21oi_1)
   0.006313    0.069267    0.094992    0.582341 v _299_/Y (sg13g2_a21oi_1)
               0.069267    0.000000    0.582341 v _310_/A1 (sg13g2_o21ai_1)
   0.005925    0.098722    0.120413    0.702754 ^ _310_/Y (sg13g2_o21ai_1)
               0.098722    0.000000    0.702754 ^ _314_/A1 (sg13g2_a21oi_1)
   0.002821    0.051386    0.077873    0.780627 v _314_/Y (sg13g2_a21oi_1)
               0.051386    0.000000    0.780627 v _315_/B2 (sg13g2_a221oi_1)
   0.012058    0.218362    0.217439    0.998066 ^ _315_/Y (sg13g2_a221oi_1)
               0.218362    0.000000    0.998066 ^ _323_/A (sg13g2_nor2_1)
   0.003061    0.054768    0.081842    1.079907 v _323_/Y (sg13g2_nor2_1)
               0.054768    0.000000    1.079907 v _350_/A (sg13g2_nor2_1)
   0.011012    0.112527    0.112777    1.192684 ^ _350_/Y (sg13g2_nor2_1)
               0.112527    0.000000    1.192684 ^ _448_/B (sg13g2_xnor2_1)
   0.010000    0.116826    0.132202    1.324886 ^ _448_/Y (sg13g2_xnor2_1)
               0.116826    0.000000    1.324886 ^ sum[16] (out)
                                       1.324886   data arrival time

               0.000000  100.000000  100.000000   clock vclk (rise edge)
                           0.000000  100.000000   clock network delay (ideal)
                           0.000000  100.000000   clock reconvergence pessimism
                           0.000000  100.000000   output external delay
                                     100.000000   data required time
---------------------------------------------------------------------------------------
                                     100.000000   data required time
                                      -1.324886   data arrival time
---------------------------------------------------------------------------------------
                                      98.675110   slack (MET)


Startpoint: a[1] (input port clocked by vclk)
Endpoint: sum[15] (output port clocked by vclk)
Path Group: vclk
Path Type: max

        Cap        Slew       Delay        Time   Description
---------------------------------------------------------------------------------------
               0.000000    0.000000    0.000000   clock vclk (rise edge)
                           0.000000    0.000000   clock network delay (ideal)
                           0.000000    0.000000 ^ input external delay
   0.016097    0.050000    0.000000    0.000000 ^ a[1] (in)
               0.050000    0.000000    0.000000 ^ _272_/A (sg13g2_xor2_1)
   0.008799    0.101811    0.133191    0.133191 ^ _272_/X (sg13g2_xor2_1)
               0.101811    0.000000    0.133191 ^ _389_/B (sg13g2_nand3b_1)
   0.003251    0.062422    0.097882    0.231073 v _389_/Y (sg13g2_nand3b_1)
               0.062422    0.000000    0.231073 v _391_/A1 (sg13g2_o21ai_1)
   0.007729    0.117794    0.130686    0.361759 ^ _391_/Y (sg13g2_o21ai_1)
               0.117794    0.000000    0.361759 ^ _394_/B1 (sg13g2_a221oi_1)
   0.008307    0.100291    0.116032    0.477791 v _394_/Y (sg13g2_a221oi_1)
               0.100291    0.000000    0.477791 v _397_/A1 (sg13g2_o21ai_1)
   0.007975    0.119125    0.146386    0.624177 ^ _397_/Y (sg13g2_o21ai_1)
               0.119125    0.000000    0.624177 ^ _400_/B1 (sg13g2_a221oi_1)
   0.008313    0.100582    0.116469    0.740646 v _400_/Y (sg13g2_a221oi_1)
               0.100582    0.000000    0.740646 v _401_/A2 (sg13g2_o21ai_1)
   0.008011    0.123590    0.140386    0.881032 ^ _401_/Y (sg13g2_o21ai_1)
               0.123590    0.000000    0.881032 ^ _402_/A2 (sg13g2_a21oi_1)
   0.011559    0.094747    0.129931    1.010962 v _402_/Y (sg13g2_a21oi_1)
               0.094747    0.000000    1.010962 v _411_/A1 (sg13g2_o21ai_1)
   0.007925    0.118167    0.144282    1.155245 ^ _411_/Y (sg13g2_o21ai_1)
               0.118167    0.000000    1.155245 ^ _449_/B (sg13g2_xor2_1)
   0.010000    0.113127    0.164852    1.320097 ^ _449_/X (sg13g2_xor2_1)
               0.113127    0.000000    1.320097 ^ sum[15] (out)
                                       1.320097   data arrival time

               0.000000  100.000000  100.000000   clock vclk (rise edge)
                           0.000000  100.000000   clock network delay (ideal)
                           0.000000  100.000000   clock reconvergence pessimism
                           0.000000  100.000000   output external delay
                                     100.000000   data required time
---------------------------------------------------------------------------------------
                                     100.000000   data required time
                                      -1.320097   data arrival time
---------------------------------------------------------------------------------------
                                      98.679901   slack (MET)


Startpoint: a[0] (input port clocked by vclk)
Endpoint: sum[17] (output port clocked by vclk)
Path Group: vclk
Path Type: max

        Cap        Slew       Delay        Time   Description
---------------------------------------------------------------------------------------
               0.000000    0.000000    0.000000   clock vclk (rise edge)
                           0.000000    0.000000   clock network delay (ideal)
                           0.000000    0.000000 v input external delay
   0.005035    0.050000    0.000000    0.000000 v a[0] (in)
               0.050000    0.000000    0.000000 v _269_/A (sg13g2_or2_1)
   0.008711    0.044708    0.126769    0.126769 v _269_/X (sg13g2_or2_1)
               0.044708    0.000000    0.126769 v _390_/A2 (sg13g2_a21oi_1)
   0.008451    0.098293    0.108536    0.235305 ^ _390_/Y (sg13g2_a21oi_1)
               0.098293    0.000000    0.235305 ^ _391_/A2 (sg13g2_o21ai_1)
   0.007846    0.067057    0.095218    0.330523 v _391_/Y (sg13g2_o21ai_1)
               0.067057    0.000000    0.330523 v _394_/B1 (sg13g2_a221oi_1)
   0.008398    0.173748    0.178037    0.508560 ^ _394_/Y (sg13g2_a221oi_1)
               0.173748    0.000000    0.508560 ^ _397_/A1 (sg13g2_o21ai_1)
   0.007878    0.081635    0.125766    0.634327 v _397_/Y (sg13g2_o21ai_1)
               0.081635    0.000000    0.634327 v _400_/B1 (sg13g2_a221oi_1)
   0.008451    0.173736    0.183578    0.817905 ^ _400_/Y (sg13g2_a221oi_1)
               0.173736    0.000000    0.817905 ^ _401_/A2 (sg13g2_o21ai_1)
   0.008004    0.074371    0.113737    0.931642 v _401_/Y (sg13g2_o21ai_1)
               0.074371    0.000000    0.931642 v _402_/A2 (sg13g2_a21oi_1)
   0.011793    0.126069    0.139873    1.071516 ^ _402_/Y (sg13g2_a21oi_1)
               0.126069    0.000000    1.071516 ^ _410_/A1 (sg13g2_o21ai_1)
   0.008004    0.076311    0.113420    1.184936 v _410_/Y (sg13g2_o21ai_1)
               0.076311    0.000000    1.184936 v _447_/B (sg13g2_xnor2_1)
   0.010000    0.089291    0.132740    1.317677 v _447_/Y (sg13g2_xnor2_1)
               0.089291    0.000000    1.317677 v sum[17] (out)
                                       1.317677   data arrival time

               0.000000  100.000000  100.000000   clock vclk (rise edge)
                           0.000000  100.000000   clock network delay (ideal)
                           0.000000  100.000000   clock reconvergence pessimism
                           0.000000  100.000000   output external delay
                                     100.000000   data required time
---------------------------------------------------------------------------------------
                                     100.000000   data required time
                                      -1.317677   data arrival time
---------------------------------------------------------------------------------------
                                      98.682327   slack (MET)


Startpoint: a[0] (input port clocked by vclk)
Endpoint: sum[13] (output port clocked by vclk)
Path Group: vclk
Path Type: max

        Cap        Slew       Delay        Time   Description
---------------------------------------------------------------------------------------
               0.000000    0.000000    0.000000   clock vclk (rise edge)
                           0.000000    0.000000   clock network delay (ideal)
                           0.000000    0.000000 v input external delay
   0.005035    0.050000    0.000000    0.000000 v a[0] (in)
               0.050000    0.000000    0.000000 v _269_/A (sg13g2_or2_1)
   0.008711    0.044708    0.126769    0.126769 v _269_/X (sg13g2_or2_1)
               0.044708    0.000000    0.126769 v _390_/A2 (sg13g2_a21oi_1)
   0.008451    0.098293    0.108536    0.235305 ^ _390_/Y (sg13g2_a21oi_1)
               0.098293    0.000000    0.235305 ^ _391_/A2 (sg13g2_o21ai_1)
   0.007846    0.067057    0.095218    0.330523 v _391_/Y (sg13g2_o21ai_1)
               0.067057    0.000000    0.330523 v _394_/B1 (sg13g2_a221oi_1)
   0.008398    0.173748    0.178037    0.508560 ^ _394_/Y (sg13g2_a221oi_1)
               0.173748    0.000000    0.508560 ^ _397_/A1 (sg13g2_o21ai_1)
   0.007878    0.081635    0.125766    0.634327 v _397_/Y (sg13g2_o21ai_1)
               0.081635    0.000000    0.634327 v _400_/B1 (sg13g2_a221oi_1)
   0.008451    0.173736    0.183578    0.817905 ^ _400_/Y (sg13g2_a221oi_1)
               0.173736    0.000000    0.817905 ^ _401_/A2 (sg13g2_o21ai_1)
   0.008004    0.074371    0.113737    0.931642 v _401_/Y (sg13g2_o21ai_1)
               0.074371    0.000000    0.931642 v _402_/A2 (sg13g2_a21oi_1)
   0.011793    0.126069    0.139873    1.071516 ^ _402_/Y (sg13g2_a21oi_1)
               0.126069    0.000000    1.071516 ^ _451_/B (sg13g2_xnor2_1)
   0.010000    0.120020    0.136072    1.207588 ^ _451_/Y (sg13g2_xnor2_1)
               0.120020    0.000000    1.207588 ^ sum[13] (out)
                                       1.207588   data arrival time

               0.000000  100.000000  100.000000   clock vclk (rise edge)
                           0.000000  100.000000   clock network delay (ideal)
                           0.000000  100.000000   clock reconvergence pessimism
                           0.000000  100.000000   output external delay
                                     100.000000   data required time
---------------------------------------------------------------------------------------
                                     100.000000   data required time
                                      -1.207588   data arrival time
---------------------------------------------------------------------------------------
                                      98.792412   slack (MET)


Startpoint: a[0] (input port clocked by vclk)
Endpoint: sum[14] (output port clocked by vclk)
Path Group: vclk
Path Type: max

        Cap        Slew       Delay        Time   Description
---------------------------------------------------------------------------------------
               0.000000    0.000000    0.000000   clock vclk (rise edge)
                           0.000000    0.000000   clock network delay (ideal)
                           0.000000    0.000000 v input external delay
   0.005035    0.050000    0.000000    0.000000 v a[0] (in)
               0.050000    0.000000    0.000000 v _269_/A (sg13g2_or2_1)
   0.008711    0.044708    0.126769    0.126769 v _269_/X (sg13g2_or2_1)
               0.044708    0.000000    0.126769 v _271_/B1 (sg13g2_a221oi_1)
   0.006021    0.145110    0.149066    0.275836 ^ _271_/Y (sg13g2_a221oi_1)
               0.145110    0.000000    0.275836 ^ _280_/B (sg13g2_nor4_1)
   0.006313    0.061030    0.094177    0.370012 v _280_/Y (sg13g2_nor4_1)
               0.061030    0.000000    0.370012 v _290_/A1 (sg13g2_o21ai_1)
   0.005925    0.099603    0.117338    0.487350 ^ _290_/Y (sg13g2_o21ai_1)
               0.099603    0.000000    0.487350 ^ _299_/A1 (sg13g2_a21oi_1)
   0.006313    0.069267    0.094992    0.582341 v _299_/Y (sg13g2_a21oi_1)
               0.069267    0.000000    0.582341 v _310_/A1 (sg13g2_o21ai_1)
   0.005925    0.098722    0.120413    0.702754 ^ _310_/Y (sg13g2_o21ai_1)
               0.098722    0.000000    0.702754 ^ _314_/A1 (sg13g2_a21oi_1)
   0.002821    0.051386    0.077873    0.780627 v _314_/Y (sg13g2_a21oi_1)
               0.051386    0.000000    0.780627 v _315_/B2 (sg13g2_a221oi_1)
   0.012058    0.218362    0.217439    0.998066 ^ _315_/Y (sg13g2_a221oi_1)
               0.218362    0.000000    0.998066 ^ _450_/A (sg13g2_xnor2_1)
   0.010000    0.120981    0.163039    1.161104 ^ _450_/Y (sg13g2_xnor2_1)
               0.120981    0.000000    1.161104 ^ sum[14] (out)
                                       1.161104   data arrival time

               0.000000  100.000000  100.000000   clock vclk (rise edge)
                           0.000000  100.000000   clock network delay (ideal)
                           0.000000  100.000000   clock reconvergence pessimism
                           0.000000  100.000000   output external delay
                                     100.000000   data required time
---------------------------------------------------------------------------------------
                                     100.000000   data required time
                                      -1.161104   data arrival time
---------------------------------------------------------------------------------------
                                      98.838890   slack (MET)


