$ /usr/bin/time -v -o /home/duhaochen/website-trial-v1/data/spice-model-benchmark/3418c5bc0db168e464e598a84228c24b/ngspice/resource.txt /usr/bin/python -m spice_model_benchmark.cli /home/duhaochen/pipeline_full_collection/benchmark-inputs/3418c5bc0db168e464e598a84228c24b/ngspice.lib --simulator ngspice --modes dc transient ac noise --output-dir /home/duhaochen/website-trial-v1/data/spice-model-benchmark/3418c5bc0db168e464e598a84228c24b --dpi 120 --log-level WARNING
/home/duhaochen/spice_model_benchmark/src/spice_model_benchmark/verification_manager.py:1557: RuntimeWarning: divide by zero encountered in divide
  tc = np.mean((d_ids / d_temp) / np.abs(i_ds[:-1]))
SPICE Model Benchmark: /home/duhaochen/pipeline_full_collection/benchmark-inputs/3418c5bc0db168e464e598a84228c24b/ngspice.lib
Simulators: ngspice
Modes: dc, transient, ac, noise
------------------------------------------------------------

============================================================
  Running: NGSPICE
  Output:  /home/duhaochen/website-trial-v1/data/spice-model-benchmark/3418c5bc0db168e464e598a84228c24b/ngspice
============================================================
Vgs range: -1.200V to 0.000V
Ids range: 0.000e+00A to 1.125e-03A
Selected Vgs values: [-1.2 -1.  -0.8 -0.6 -0.4 -0.2  0. ]
Vgs=-1.200V: Ids range 0.000e+00A to 1.125e-03A
Vgs=-1.000V: Ids range 0.000e+00A to 5.968e-04A
Vgs=-0.800V: Ids range 0.000e+00A to 2.104e-04A
Vgs=-0.600V: Ids range 0.000e+00A to 1.454e-05A
Vgs=-0.400V: Ids range 0.000e+00A to 2.920e-07A
Vgs=-0.200V: Ids range 0.000e+00A to 3.297e-09A
Vgs=0.000V: Ids range 5.905e-16A to 3.117e-11A
ids_variation: 6.837086650410298
ids_variation <= max_variation: False
tc: inf
abs(tc) <= max_tc: False
[WARNING]: Temperature effects verification failed - effects outside expected range
/home/duhaochen/spice_model_benchmark/src/spice_model_benchmark/verification_manager.py:1817: RuntimeWarning: divide by zero encountered in log
  log_ids = np.log(np.abs(i_ds))
/home/duhaochen/.local/lib/python3.9/site-packages/numpy/lib/function_base.py:2742: RuntimeWarning: invalid value encountered in subtract
  X -= avg[:, None]
/home/duhaochen/spice_model_benchmark/src/spice_model_benchmark/verification_manager.py:1862: RuntimeWarning: divide by zero encountered in divide
  efficiency = np.abs(gm / i_ds)  # Transconductance efficiency
[INFO]: S-parameter analysis plot saved to /home/duhaochen/website-trial-v1/data/spice-model-benchmark/3418c5bc0db168e464e598a84228c24b/ngspice/plots/ac_cv_sparameter_analysis.png
[INFO]: NQS effects plot saved to /home/duhaochen/website-trial-v1/data/spice-model-benchmark/3418c5bc0db168e464e598a84228c24b/ngspice/plots/ac_cv_nqs_effects.png
[INFO]: S-parameter analysis plot saved to /home/duhaochen/website-trial-v1/data/spice-model-benchmark/3418c5bc0db168e464e598a84228c24b/ngspice/plots/ac_cv_sparameter_analysis.png
norm_dvg: [2.50000000e+11 1.25000000e+11 6.25000000e+10 3.12500000e+10
 1.56250000e+10 7.81250013e+09 6.77192818e+09 5.34744260e+09
 5.01327120e+09 4.67053911e+09 4.40938973e+09 4.12699085e+09
 3.91194458e+09 3.73874493e+09 3.55339333e+09 3.37860238e+09
 3.19386371e+09 3.01060538e+09 2.84735536e+09 2.69037263e+09
 2.56192845e+09 2.49404022e+09 2.47143912e+09 2.44299527e+09
 2.42190317e+09 2.39923756e+09 2.37246047e+09 2.34592370e+09
 2.32175604e+09 2.30774557e+09 2.29752898e+09 2.28606436e+09
 2.27196216e+09 2.25258787e+09 2.23681809e+09 2.21830032e+09
 2.20453278e+09 2.19327342e+09 2.17958447e+09 2.16463871e+09
 2.15297300e+09 2.13922404e+09 2.12275403e+09 2.10515214e+09
 2.08204803e+09 2.05336297e+09 2.02632996e+09 1.99999949e+09
 1.99481612e+09 1.98452750e+09 1.96787488e+09 1.93539398e+09
 1.87354558e+09 1.77446090e+09 1.68060452e+09 1.59029082e+09
 1.49814699e+09 1.36010741e+09 1.16909316e+09 9.99999272e+08
 9.95445035e+08 9.86456683e+08 9.68960034e+08 9.35764032e+08
 8.75758704e+08 7.76210386e+08 6.32432140e+08 4.61473635e+08
 3.37044072e+08 2.65465275e+08 2.18963508e+08 1.86324836e+08
 1.62154159e+08 1.43534399e+08 1.28750319e+08 1.16727370e+08
 1.09801312e+08 1.02651001e+08 9.72522363e+07 9.52415134e+07
 9.52254606e+07 9.51999168e+07 9.51497235e+07 9.50488566e+07
 9.48478691e+07 9.44486448e+07 9.36597843e+07 9.33819749e+07
 9.31876109e+07 9.30598720e+07 9.29473469e+07 9.28346490e+07
 9.26999535e+07 9.25461419e+07 9.24269613e+07 9.22930675e+07
 9.21432722e+07 9.19820021e+07 9.18261293e+07 9.17201023e+07
 9.16917524e+07 9.16503450e+07 9.16171929e+07 9.15806077e+07
 9.15397380e+07 9.14947891e+07 9.14640965e+07 9.14510526e+07
 9.14364271e+07 9.14106710e+07 9.13857179e+07 9.13644103e+07
 9.13393203e+07 9.13109158e+07 9.12927642e+07 9.12690195e+07
 9.12469826e+07 9.12174671e+07 9.11897130e+07 9.11606122e+07
 9.11270936e+07 9.10885578e+07 9.10361360e+07 9.09725691e+07
 9.09090909e+07 9.08964059e+07 9.08710465e+07 9.08203701e+07
 9.07191252e+07 9.05174644e+07 9.01168665e+07 8.93258994e+07
 8.77851889e+07 8.73748615e+07 8.70776561e+07 8.68874004e+07
 8.66980161e+07 8.64476736e+07 8.62230904e+07 8.60590975e+07
 8.58011795e+07 8.55691658e+07 8.51997265e+07 8.46921100e+07
 8.40072204e+07 8.33339269e+07 8.32845182e+07 8.31872565e+07
 8.29935608e+07 8.26084973e+07 8.18491409e+07 8.03715772e+07
 7.75708307e+07 7.30383164e+07 6.90062369e+07 6.53960487e+07
 6.21448213e+07 5.92015709e+07 5.65244996e+07 5.40790635e+07
 5.19596042e+07 0.00000000e+00 0.00000000e+00 0.00000000e+00
 0.00000000e+00 0.00000000e+00 0.00000000e+00 0.00000000e+00
 0.00000000e+00 0.00000000e+00 0.00000000e+00 0.00000000e+00
 0.00000000e+00 0.00000000e+00 0.00000000e+00 0.00000000e+00
 0.00000000e+00 0.00000000e+00 0.00000000e+00 0.00000000e+00
 0.00000000e+00 0.00000000e+00 0.00000000e+00 0.00000000e+00
 0.00000000e+00 0.00000000e+00 0.00000000e+00 0.00000000e+00
 0.00000000e+00 0.00000000e+00 0.00000000e+00 0.00000000e+00
 0.00000000e+00 0.00000000e+00 0.00000000e+00 0.00000000e+00
 0.00000000e+00 0.00000000e+00 0.00000000e+00 0.00000000e+00
 0.00000000e+00 0.00000000e+00 0.00000000e+00 0.00000000e+00
 0.00000000e+00 0.00000000e+00 0.00000000e+00 0.00000000e+00
 0.00000000e+00 0.00000000e+00 0.00000000e+00 0.00000000e+00
 0.00000000e+00 0.00000000e+00 0.00000000e+00 0.00000000e+00
 0.00000000e+00 0.00000000e+00 0.00000000e+00 0.00000000e+00
 0.00000000e+00 0.00000000e+00 0.00000000e+00 0.00000000e+00
 0.00000000e+00 0.00000000e+00 0.00000000e+00 0.00000000e+00
 0.00000000e+00 0.00000000e+00 0.00000000e+00 0.00000000e+00
 0.00000000e+00 0.00000000e+00 0.00000000e+00 0.00000000e+00
 0.00000000e+00 0.00000000e+00 0.00000000e+00 0.00000000e+00
 0.00000000e+00 0.00000000e+00 0.00000000e+00 0.00000000e+00
 0.00000000e+00 0.00000000e+00 0.00000000e+00 0.00000000e+00
 0.00000000e+00 0.00000000e+00 0.00000000e+00 0.00000000e+00
 0.00000000e+00 0.00000000e+00 0.00000000e+00 0.00000000e+00
 0.00000000e+00 0.00000000e+00 0.00000000e+00 0.00000000e+00
 0.00000000e+00 0.00000000e+00 0.00000000e+00 0.00000000e+00
 0.00000000e+00 0.00000000e+00 0.00000000e+00 0.00000000e+00
 0.00000000e+00 0.00000000e+00 0.00000000e+00 0.00000000e+00
 0.00000000e+00 0.00000000e+00 0.00000000e+00 0.00000000e+00
 0.00000000e+00 0.00000000e+00 0.00000000e+00 0.00000000e+00
 0.00000000e+00 0.00000000e+00 0.00000000e+00 0.00000000e+00
 0.00000000e+00 0.00000000e+00 0.00000000e+00 0.00000000e+00
 0.00000000e+00 0.00000000e+00 0.00000000e+00 0.00000000e+00
 0.00000000e+00 0.00000000e+00 0.00000000e+00 0.00000000e+00
 0.00000000e+00 0.00000000e+00 0.00000000e+00 0.00000000e+00
 0.00000000e+00 0.00000000e+00 0.00000000e+00 0.00000000e+00
 0.00000000e+00 0.00000000e+00 0.00000000e+00 0.00000000e+00
 0.00000000e+00 0.00000000e+00 0.00000000e+00 0.00000000e+00
 0.00000000e+00 0.00000000e+00 0.00000000e+00 0.00000000e+00
 0.00000000e+00 0.00000000e+00 0.00000000e+00]
norm_dvd: [0. 0. 0. 0. 0. 0. 0. 0. 0. 0. 0. 0. 0. 0. 0. 0. 0. 0. 0. 0. 0. 0. 0. 0.
 0. 0. 0. 0. 0. 0. 0. 0. 0. 0. 0. 0. 0. 0. 0. 0. 0. 0. 0. 0. 0. 0. 0. 0.
 0. 0. 0. 0. 0. 0. 0. 0. 0. 0. 0. 0. 0. 0. 0. 0. 0. 0. 0. 0. 0. 0. 0. 0.
 0. 0. 0. 0. 0. 0. 0. 0. 0. 0. 0. 0. 0. 0. 0. 0. 0. 0. 0. 0. 0. 0. 0. 0.
 0. 0. 0. 0. 0. 0. 0. 0. 0. 0. 0. 0. 0. 0. 0. 0. 0. 0. 0. 0. 0. 0. 0. 0.
 0. 0. 0. 0. 0. 0. 0. 0. 0. 0. 0. 0. 0. 0. 0. 0. 0. 0. 0. 0. 0. 0. 0. 0.
 0. 0. 0. 0. 0. 0. 0. 0. 0. 0. 0. 0. 0. 0. 0. 0. 0. 0. 0. 0. 0. 0. 0. 0.
 0. 0. 0. 0. 0. 0. 0. 0. 0. 0. 0. 0. 0. 0. 0. 0. 0. 0. 0. 0. 0. 0. 0. 0.
 0. 0. 0. 0. 0. 0. 0. 0. 0. 0. 0. 0. 0. 0. 0. 0. 0. 0. 0. 0. 0. 0. 0. 0.
 0. 0. 0. 0. 0. 0. 0. 0. 0. 0. 0. 0. 0. 0. 0. 0. 0. 0. 0. 0. 0. 0. 0. 0.
 0. 0. 0. 0. 0. 0. 0. 0. 0. 0. 0. 0. 0. 0. 0. 0. 0. 0. 0. 0. 0. 0. 0. 0.
 0. 0. 0. 0. 0. 0. 0. 0. 0. 0. 0. 0. 0. 0. 0. 0. 0. 0. 0. 0. 0. 0. 0. 0.
 0. 0. 0. 0. 0. 0. 0. 0. 0. 0. 0. 0. 0. 0. 0. 0. 0. 0. 0. 0. 0. 0. 0. 0.
 0. 0. 0. 0. 0. 0. 0.]
norm_did: [1.93393230e+03 1.16035944e+03 1.93393237e+03 2.03062906e+03
 2.24819660e+03 2.20251948e+03 2.55649586e+03 2.48233270e+03
 2.74813221e+03 2.80618446e+03 2.89120697e+03 3.01993498e+03
 3.00491336e+03 3.10500663e+03 3.18796714e+03 3.34370841e+03
 3.49065621e+03 3.57459479e+03 3.69938410e+03 3.81905086e+03
 3.93158262e+03 3.79763793e+03 4.26920370e+03 3.90609896e+03
 4.36311768e+03 3.94643949e+03 4.21840316e+03 4.18426990e+03
 4.14167237e+03 4.81735631e+03 4.25267458e+03 4.55861678e+03
 4.08675080e+03 4.44917829e+03 4.56018078e+03 4.39655556e+03
 3.98608716e+03 4.86305141e+03 4.39528453e+03 4.32630702e+03
 4.66496790e+03 4.69213919e+03 4.71342996e+03 4.69607423e+03
 4.61171515e+03 4.76264814e+03 5.00077995e+03 7.14397044e+03
 3.57198663e+03 5.07955982e+03 4.89814761e+03 5.17026714e+03
 5.45061012e+03 5.75157306e+03 6.13514607e+03 6.60056490e+03
 7.46799715e+03 9.26014970e+03 1.20339627e+04 1.48753197e+04
 9.29708436e+03 1.38611012e+04 1.47908170e+04 1.67347575e+04
 2.15523685e+04 3.58362070e+04 9.97629425e+04 4.44081864e+05
 2.14921128e+06 1.03078382e+07 4.92881646e+07 2.38152467e+08
 1.32886012e+09 8.78065947e+10 4.54799168e+09 2.72389247e+09
 3.16352809e+09 2.24280416e+09 1.45467199e+09 1.82150600e+09
 1.17833117e+09 1.18256972e+09 1.18205998e+09 1.18097488e+09
 1.17854307e+09 1.17266881e+09 1.10601609e+09 1.08676959e+09
 1.07334905e+09 1.06574279e+09 1.05969855e+09 1.05439273e+09
 1.04795572e+09 1.03845450e+09 1.03269002e+09 1.02613999e+09
 1.01866161e+09 1.01013568e+09 1.00025304e+09 9.92587700e+08
 9.91146905e+08 9.88883371e+08 9.87409608e+08 9.85598446e+08
 9.83671505e+08 9.80715255e+08 9.79030262e+08 9.78246747e+08
 9.77642643e+08 9.76446876e+08 9.75125727e+08 9.74150404e+08
 9.73062377e+08 9.71274612e+08 9.70256991e+08 9.69353610e+08
 9.68435224e+08 9.66749885e+08 9.65563831e+08 9.64121826e+08
 9.62740582e+08 9.61103039e+08 9.58877534e+08 9.55713957e+08
 9.53983411e+08 9.49354754e+08 9.50287995e+08 9.49276456e+08
 9.47212442e+08 9.42925111e+08 9.33755955e+08 9.13358978e+08
 8.15434348e+08 7.95035926e+08 7.80308802e+08 7.72349336e+08
 7.65639784e+08 7.54964535e+08 7.44868046e+08 7.39930373e+08
 7.29318271e+08 7.22470503e+08 7.10340618e+08 6.93682466e+08
 6.68336905e+08 6.37743895e+08 6.35521299e+08 6.33702124e+08
 6.29479103e+08 6.20965366e+08 6.03828600e+08 5.70048088e+08
 5.04881984e+08 4.02098181e+08 3.34495567e+08 2.86872915e+08
 2.51383351e+08 2.23755365e+08 2.01526005e+08 1.82921722e+08
 1.68359706e+08 4.24177207e+08 0.00000000e+00 0.00000000e+00
 0.00000000e+00 0.00000000e+00 0.00000000e+00 0.00000000e+00
 0.00000000e+00 0.00000000e+00 0.00000000e+00 0.00000000e+00
 0.00000000e+00 0.00000000e+00 0.00000000e+00 0.00000000e+00
 0.00000000e+00 0.00000000e+00 0.00000000e+00 0.00000000e+00
 0.00000000e+00 0.00000000e+00 0.00000000e+00 0.00000000e+00
 0.00000000e+00 0.00000000e+00 0.00000000e+00 0.00000000e+00
 0.00000000e+00 0.00000000e+00 0.00000000e+00 0.00000000e+00
 0.00000000e+00 0.00000000e+00 0.00000000e+00 0.00000000e+00
 0.00000000e+00 0.00000000e+00 0.00000000e+00 0.00000000e+00
 0.00000000e+00 0.00000000e+00 0.00000000e+00 0.00000000e+00
 0.00000000e+00 0.00000000e+00 0.00000000e+00 0.00000000e+00
 0.00000000e+00 0.00000000e+00 0.00000000e+00 0.00000000e+00
 0.00000000e+00 0.00000000e+00 0.00000000e+00 0.00000000e+00
 0.00000000e+00 0.00000000e+00 0.00000000e+00 0.00000000e+00
 0.00000000e+00 0.00000000e+00 0.00000000e+00 0.00000000e+00
 0.00000000e+00 0.00000000e+00 0.00000000e+00 0.00000000e+00
 0.00000000e+00 0.00000000e+00 0.00000000e+00 0.00000000e+00
 0.00000000e+00 0.00000000e+00 0.00000000e+00 0.00000000e+00
 0.00000000e+00 0.00000000e+00 0.00000000e+00 0.00000000e+00
 0.00000000e+00 0.00000000e+00 0.00000000e+00 0.00000000e+00
 0.00000000e+00 0.00000000e+00 0.00000000e+00 0.00000000e+00
 0.00000000e+00 0.00000000e+00 0.00000000e+00 0.00000000e+00
 0.00000000e+00 0.00000000e+00 0.00000000e+00 0.00000000e+00
 0.00000000e+00 0.00000000e+00 0.00000000e+00 0.00000000e+00
 0.00000000e+00 0.00000000e+00 0.00000000e+00 0.00000000e+00
 0.00000000e+00 0.00000000e+00 0.00000000e+00 0.00000000e+00
 0.00000000e+00 0.00000000e+00 0.00000000e+00 0.00000000e+00
 0.00000000e+00 0.00000000e+00 0.00000000e+00 0.00000000e+00
 0.00000000e+00 0.00000000e+00 0.00000000e+00 0.00000000e+00
 0.00000000e+00 0.00000000e+00 0.00000000e+00 0.00000000e+00
 0.00000000e+00 0.00000000e+00 0.00000000e+00 0.00000000e+00
 0.00000000e+00 0.00000000e+00 0.00000000e+00 0.00000000e+00
 0.00000000e+00 0.00000000e+00 0.00000000e+00 0.00000000e+00
 0.00000000e+00 0.00000000e+00 0.00000000e+00 0.00000000e+00
 0.00000000e+00 0.00000000e+00 0.00000000e+00 0.00000000e+00
 0.00000000e+00 0.00000000e+00 0.00000000e+00 0.00000000e+00
 0.00000000e+00 0.00000000e+00 0.00000000e+00 0.00000000e+00
 0.00000000e+00 0.00000000e+00 0.00000000e+00 0.00000000e+00
 0.00000000e+00 0.00000000e+00 0.00000000e+00]
[WARNING]: Quasi-static verification failed
[WARNING]: Max normalized derivatives: dVg/dt=2.50e+11, dVd/dt=0.00e+00, dId/dt=8.78e+10

  ngspice: ✓ PASS  (52.6s)

✓ Benchmark completed: /home/duhaochen/website-trial-v1/data/spice-model-benchmark/3418c5bc0db168e464e598a84228c24b/ngspice
