$ /usr/bin/time -v -o /home/duhaochen/website-trial-v1/data/spice-model-benchmark/239aa096f9ba0bf8a2fd3fa32824c7e0/spectre/resource.txt /usr/bin/python -m spice_model_benchmark.cli /home/duhaochen/pipeline_full_collection/benchmark-inputs/239aa096f9ba0bf8a2fd3fa32824c7e0/spectre.lib --simulator spectre --modes dc transient ac noise --output-dir /home/duhaochen/website-trial-v1/data/spice-model-benchmark/239aa096f9ba0bf8a2fd3fa32824c7e0 --dpi 120 --log-level WARNING
/home/duhaochen/spice_model_benchmark/src/spice_model_benchmark/verification_manager.py:1557: RuntimeWarning: divide by zero encountered in divide
  tc = np.mean((d_ids / d_temp) / np.abs(i_ds[:-1]))
SPICE Model Benchmark: /home/duhaochen/pipeline_full_collection/benchmark-inputs/239aa096f9ba0bf8a2fd3fa32824c7e0/spectre.lib
Simulators: spectre
Modes: dc, transient, ac, noise
------------------------------------------------------------

============================================================
  Running: SPECTRE
  Output:  /home/duhaochen/website-trial-v1/data/spice-model-benchmark/239aa096f9ba0bf8a2fd3fa32824c7e0/spectre
============================================================
Vgs range: -1.200V to 0.000V
Ids range: -7.664e-05A to -0.000e+00A
Selected Vgs values: [-1.2 -1.  -0.8 -0.6 -0.4 -0.2  0. ]
Vgs=-1.200V: Ids range -7.664e-05A to -0.000e+00A
Vgs=-1.000V: Ids range -4.544e-05A to -0.000e+00A
Vgs=-0.800V: Ids range -2.129e-05A to -0.000e+00A
Vgs=-0.600V: Ids range -5.519e-06A to -0.000e+00A
Vgs=-0.400V: Ids range -2.082e-07A to -0.000e+00A
Vgs=-0.200V: Ids range -2.832e-09A to -0.000e+00A
Vgs=0.000V: Ids range -2.276e-11A to -9.101e-16A
ids_variation: 6.10719213889397
ids_variation <= max_variation: False
tc: inf
abs(tc) <= max_tc: False
[WARNING]: Temperature effects verification failed - effects outside expected range
/home/duhaochen/spice_model_benchmark/src/spice_model_benchmark/verification_manager.py:1817: RuntimeWarning: divide by zero encountered in log
  log_ids = np.log(np.abs(i_ds))
/home/duhaochen/.local/lib/python3.9/site-packages/numpy/lib/function_base.py:2742: RuntimeWarning: invalid value encountered in subtract
  X -= avg[:, None]
/home/duhaochen/spice_model_benchmark/src/spice_model_benchmark/verification_manager.py:1862: RuntimeWarning: divide by zero encountered in divide
  efficiency = np.abs(gm / i_ds)  # Transconductance efficiency
/home/duhaochen/spice_model_benchmark/src/spice_model_benchmark/verification_manager.py:2706: RuntimeWarning: divide by zero encountered in divide
  norm_dvg = np.abs(dvg_dt / gate_voltage[:-1])
/home/duhaochen/spice_model_benchmark/src/spice_model_benchmark/verification_manager.py:2706: RuntimeWarning: invalid value encountered in divide
  norm_dvg = np.abs(dvg_dt / gate_voltage[:-1])
norm_dvg: [4.88685909e+14 2.44342955e+14 1.22171477e+14 ... 0.00000000e+00
 0.00000000e+00 0.00000000e+00]
norm_dvd: [0. 0. 0. ... 0. 0. 0.]
norm_did: [2.52815565e+06 1.89789715e+06 1.78040394e+03 ... 0.00000000e+00
 0.00000000e+00 0.00000000e+00]
[WARNING]: Quasi-static verification failed
[WARNING]: Max normalized derivatives: dVg/dt=nan, dVd/dt=0.00e+00, dId/dt=3.36e+21
/home/duhaochen/spice_model_benchmark/src/spice_model_benchmark/plot_generator.py:633: RuntimeWarning: divide by zero encountered in log10
  plt.semilogx(freq, 20 * np.log10(s11_mag), 'r-', label='S11 (Input Return Loss)')
/home/duhaochen/spice_model_benchmark/src/spice_model_benchmark/plot_generator.py:634: RuntimeWarning: divide by zero encountered in log10
  plt.semilogx(freq, 20 * np.log10(s21_mag), 'g-', label='S21 (Forward Gain)')
/home/duhaochen/spice_model_benchmark/src/spice_model_benchmark/plot_generator.py:635: RuntimeWarning: divide by zero encountered in log10
  plt.semilogx(freq, 20 * np.log10(s12_mag), 'b-', label='S12 (Reverse Isolation)')
/home/duhaochen/spice_model_benchmark/src/spice_model_benchmark/plot_generator.py:636: RuntimeWarning: divide by zero encountered in log10
  plt.semilogx(freq, 20 * np.log10(s22_mag), 'm-', label='S22 (Output Return Loss)')
/home/duhaochen/spice_model_benchmark/src/spice_model_benchmark/verification_manager.py:2157: RuntimeWarning: invalid value encountered in scalar divide
  unilateral_ratio = np.max(s21_mag) / np.max(s12_mag)
/home/duhaochen/spice_model_benchmark/src/spice_model_benchmark/verification_manager.py:2183: RuntimeWarning: divide by zero encountered in log10
  s11_db = 20 * np.log10(s11_mag)
/home/duhaochen/spice_model_benchmark/src/spice_model_benchmark/verification_manager.py:2184: RuntimeWarning: divide by zero encountered in log10
  s21_db = 20 * np.log10(s21_mag)
/home/duhaochen/spice_model_benchmark/src/spice_model_benchmark/verification_manager.py:2185: RuntimeWarning: divide by zero encountered in log10
  s22_db = 20 * np.log10(s22_mag)
/home/duhaochen/spice_model_benchmark/src/spice_model_benchmark/verification_manager.py:2186: RuntimeWarning: divide by zero encountered in log10
  s12_db = 20 * np.log10(s12_mag)
[INFO]: S-parameter analysis plot saved to /home/duhaochen/website-trial-v1/data/spice-model-benchmark/239aa096f9ba0bf8a2fd3fa32824c7e0/spectre/plots/ac_cv_sparameter_analysis.png
[INFO]: S-parameter analysis plot saved to /home/duhaochen/website-trial-v1/data/spice-model-benchmark/239aa096f9ba0bf8a2fd3fa32824c7e0/spectre/plots/ac_cv_sparameter_analysis.png
[INFO]: NQS effects plot saved to /home/duhaochen/website-trial-v1/data/spice-model-benchmark/239aa096f9ba0bf8a2fd3fa32824c7e0/spectre/plots/ac_cv_nqs_effects.png

  spectre: ✓ PASS  (253.5s)

✓ Benchmark completed: /home/duhaochen/website-trial-v1/data/spice-model-benchmark/239aa096f9ba0bf8a2fd3fa32824c7e0/spectre
