$ /usr/bin/time -v -o /home/duhaochen/website-trial-v1/data/spice-model-benchmark/088ff2370f43ed3a660cdb73b708e956/ngspice/resource.txt /usr/bin/python -m spice_model_benchmark.cli /home/duhaochen/pipeline_full_collection/benchmark-inputs/088ff2370f43ed3a660cdb73b708e956/ngspice.lib --simulator ngspice --modes dc transient ac noise --output-dir /home/duhaochen/website-trial-v1/data/spice-model-benchmark/088ff2370f43ed3a660cdb73b708e956 --dpi 120 --log-level WARNING
/home/duhaochen/spice_model_benchmark/src/spice_model_benchmark/verification_manager.py:1557: RuntimeWarning: divide by zero encountered in divide
  tc = np.mean((d_ids / d_temp) / np.abs(i_ds[:-1]))
SPICE Model Benchmark: /home/duhaochen/pipeline_full_collection/benchmark-inputs/088ff2370f43ed3a660cdb73b708e956/ngspice.lib
Simulators: ngspice
Modes: dc, transient, ac, noise
------------------------------------------------------------

============================================================
  Running: NGSPICE
  Output:  /home/duhaochen/website-trial-v1/data/spice-model-benchmark/088ff2370f43ed3a660cdb73b708e956/ngspice
============================================================
Vgs range: 0.000V to 1.200V
Ids range: -1.739e-03A to 0.000e+00A
Selected Vgs values: [0.  0.2 0.4 0.6 0.8 1.  1.2]
Vgs=0.000V: Ids range -2.132e-11A to -3.731e-16A
Vgs=0.200V: Ids range -3.494e-09A to 0.000e+00A
Vgs=0.400V: Ids range -4.673e-07A to 0.000e+00A
Vgs=0.600V: Ids range -4.162e-05A to 0.000e+00A
Vgs=0.800V: Ids range -4.047e-04A to 0.000e+00A
Vgs=1.000V: Ids range -9.983e-04A to 0.000e+00A
Vgs=1.200V: Ids range -1.739e-03A to 0.000e+00A
ids_variation: 6.025991328717019
ids_variation <= max_variation: False
tc: inf
abs(tc) <= max_tc: False
[WARNING]: Temperature effects verification failed - effects outside expected range
/home/duhaochen/spice_model_benchmark/src/spice_model_benchmark/verification_manager.py:1817: RuntimeWarning: divide by zero encountered in log
  log_ids = np.log(np.abs(i_ds))
/home/duhaochen/.local/lib/python3.9/site-packages/numpy/lib/function_base.py:2742: RuntimeWarning: invalid value encountered in subtract
  X -= avg[:, None]
/home/duhaochen/spice_model_benchmark/src/spice_model_benchmark/verification_manager.py:1862: RuntimeWarning: divide by zero encountered in divide
  efficiency = np.abs(gm / i_ds)  # Transconductance efficiency
[INFO]: S-parameter analysis plot saved to /home/duhaochen/website-trial-v1/data/spice-model-benchmark/088ff2370f43ed3a660cdb73b708e956/ngspice/plots/ac_cv_sparameter_analysis.png
[INFO]: NQS effects plot saved to /home/duhaochen/website-trial-v1/data/spice-model-benchmark/088ff2370f43ed3a660cdb73b708e956/ngspice/plots/ac_cv_nqs_effects.png
[INFO]: S-parameter analysis plot saved to /home/duhaochen/website-trial-v1/data/spice-model-benchmark/088ff2370f43ed3a660cdb73b708e956/ngspice/plots/ac_cv_sparameter_analysis.png
norm_dvg: [2.50000000e+11 1.25000000e+11 6.25000000e+10 3.12500000e+10
 1.56249999e+10 9.78960908e+09 7.01330561e+09 5.32818507e+09
 5.00151474e+09 4.74608971e+09 4.41089225e+09 4.14467810e+09
 3.97868239e+09 3.79908178e+09 3.63298677e+09 3.46309386e+09
 3.27044155e+09 3.01444086e+09 2.64640878e+09 2.56335129e+09
 2.50690590e+09 2.47077184e+09 2.43503279e+09 2.39519293e+09
 2.35445151e+09 2.33354804e+09 2.30777509e+09 2.27657728e+09
 2.24632029e+09 2.21870197e+09 2.20537946e+09 2.18540506e+09
 2.17706332e+09 2.16502383e+09 2.14586010e+09 2.10853154e+09
 2.07337448e+09 2.05147974e+09 2.03450006e+09 2.01710276e+09
 1.99999887e+09 1.99763733e+09 1.99292674e+09 1.98357398e+09
 1.96512867e+09 1.93704943e+09 1.90672727e+09 1.86549153e+09
 1.81534057e+09 1.75369415e+09 1.68424745e+09 1.61004881e+09
 1.53529687e+09 1.50725729e+09 1.48393263e+09 1.45204100e+09
 1.43041520e+09 1.40590777e+09 1.38020862e+09 1.35023566e+09
 1.31752285e+09 1.28524735e+09 1.25325374e+09 1.21049029e+09
 1.17873193e+09 1.16147515e+09 1.14651535e+09 1.13099964e+09
 1.11382378e+09 1.10346289e+09 1.09527803e+09 1.08647061e+09
 1.07745541e+09 1.06706353e+09 1.05574080e+09 1.04207842e+09
 1.02589236e+09 1.01278069e+09 1.00000066e+09 9.97482802e+08
 9.92484521e+08 9.83694560e+08 9.66571505e+08 9.34053744e+08
 8.85830531e+08 8.40534568e+08 7.79803293e+08 7.24194204e+08
 7.13710807e+08 7.04978164e+08 6.92810868e+08 6.87059018e+08
 6.79647062e+08 6.70857050e+08 6.62087452e+08 6.52571058e+08
 6.42890129e+08 6.32077688e+08 6.11946604e+08 5.84675793e+08
 5.79552491e+08 5.76156368e+08 5.74583434e+08 5.73286583e+08
 5.71605660e+08 5.70962193e+08 5.69997617e+08 5.68932458e+08
 5.67562354e+08 5.64926982e+08 5.59857813e+08 5.54786001e+08
 5.51831590e+08 5.49850944e+08 5.47582236e+08 5.45105135e+08
 5.42683438e+08 5.39866341e+08 5.36161999e+08 5.31166681e+08
 5.24713679e+08 5.16514171e+08 5.06495668e+08 4.95119060e+08
 4.82143783e+08 4.66940859e+08 4.48906727e+08 4.27895226e+08
 4.04754751e+08 3.80163457e+08 3.54294511e+08 3.26839923e+08
 2.97648996e+08 2.68485562e+08 2.36632849e+08 2.03776824e+08
 1.75213297e+08 1.53672872e+08 1.36848905e+08 1.25476348e+08
 1.18687862e+08 1.10993109e+08 1.04445176e+08 9.96293539e+07
 9.73842469e+07 9.52363245e+07 9.52222797e+07 9.51902225e+07
 9.51244048e+07 9.49946644e+07 9.47918289e+07 9.45692296e+07
 9.42980738e+07 9.39950173e+07 9.36207573e+07 9.34773263e+07
 9.33754747e+07 9.32828888e+07 9.31545345e+07 9.30200928e+07
 9.29274990e+07 9.28199392e+07 9.27092725e+07 9.25986811e+07
 9.24566484e+07 9.23495712e+07 9.22334241e+07 9.20858199e+07
 9.20081465e+07 9.19371663e+07 9.18521440e+07 9.17746839e+07
 9.17214500e+07 9.16633869e+07 9.15965639e+07 9.15254764e+07
 9.14402184e+07 9.13349626e+07 9.12618398e+07 9.12333201e+07
 9.12094159e+07 9.11879567e+07 9.11573449e+07 9.11498087e+07
 9.11240210e+07 9.11027228e+07 9.10613406e+07 9.09962938e+07
 9.09048798e+07 9.09124349e+07 9.09012244e+07 9.08856506e+07
 9.08650384e+07 9.08176384e+07 9.07775626e+07 9.07293191e+07
 9.06842129e+07 9.06402878e+07 9.05909341e+07 9.05274285e+07
 9.04411042e+07 9.03258051e+07 9.01709296e+07 8.99619293e+07
 8.96815162e+07 8.93164301e+07 8.88565213e+07 8.83650459e+07
 8.82206566e+07 8.80869211e+07 8.79029312e+07 8.77863626e+07
 8.76531313e+07 8.74988335e+07 8.73363141e+07 8.71600180e+07
 8.69956934e+07 8.68168681e+07 8.66164493e+07 8.64353454e+07
 8.62363474e+07 8.60112520e+07 8.58899839e+07 8.58138004e+07
 8.57449506e+07 8.56689031e+07 8.55854901e+07 8.55455355e+07
 8.54924376e+07 8.54285520e+07 8.53621832e+07 8.52821387e+07
 8.51841483e+07 8.50557219e+07 8.48757896e+07 8.45601606e+07
 8.41176052e+07 8.37235676e+07 8.35738395e+07 8.34790243e+07
 8.33945418e+07 8.33352034e+07 8.33216168e+07 8.33023984e+07
 8.32611876e+07 8.31788000e+07 8.30705590e+07 8.29610319e+07
 8.28279359e+07 8.26812026e+07 8.25431017e+07 8.23758193e+07
 8.21336118e+07 8.18703085e+07 8.16808015e+07 8.16296646e+07
 8.15987247e+07 8.15746280e+07 8.15505064e+07 8.15209703e+07
 8.15087147e+07 8.14887811e+07 8.14649636e+07 8.14416545e+07
 8.14126486e+07 8.13680653e+07 8.12801855e+07 8.11712755e+07
 8.10482736e+07 8.09687247e+07 8.09108008e+07 8.08318140e+07
 8.07573673e+07 8.06741807e+07 8.05934010e+07 8.04672282e+07
 8.03058977e+07 8.00777528e+07 7.97773192e+07 7.93701178e+07
 7.88467681e+07 7.82090120e+07 7.75084100e+07 7.66941401e+07
 7.57907161e+07 7.47324674e+07 7.35119038e+07 7.20174962e+07
 7.01479185e+07 6.76435295e+07 6.41709309e+07 6.10374674e+07
 5.81957682e+07 5.56068993e+07 5.32385545e+07 5.15684811e+07
 0.00000000e+00 0.00000000e+00 0.00000000e+00 0.00000000e+00
 0.00000000e+00 0.00000000e+00 0.00000000e+00 0.00000000e+00
 0.00000000e+00 0.00000000e+00 0.00000000e+00 0.00000000e+00
 0.00000000e+00 0.00000000e+00 0.00000000e+00 0.00000000e+00
 0.00000000e+00 0.00000000e+00 0.00000000e+00 0.00000000e+00
 0.00000000e+00 0.00000000e+00 0.00000000e+00 0.00000000e+00
 0.00000000e+00 0.00000000e+00 0.00000000e+00 0.00000000e+00
 0.00000000e+00 0.00000000e+00 0.00000000e+00 0.00000000e+00
 0.00000000e+00 0.00000000e+00 0.00000000e+00 0.00000000e+00
 0.00000000e+00 0.00000000e+00 0.00000000e+00 0.00000000e+00
 0.00000000e+00 0.00000000e+00 0.00000000e+00 0.00000000e+00
 0.00000000e+00 0.00000000e+00 0.00000000e+00 0.00000000e+00
 0.00000000e+00 0.00000000e+00 0.00000000e+00 0.00000000e+00
 0.00000000e+00 0.00000000e+00 0.00000000e+00 0.00000000e+00
 0.00000000e+00 0.00000000e+00 0.00000000e+00 0.00000000e+00
 0.00000000e+00 0.00000000e+00 0.00000000e+00 0.00000000e+00
 0.00000000e+00 0.00000000e+00 0.00000000e+00 0.00000000e+00
 0.00000000e+00 0.00000000e+00 0.00000000e+00 0.00000000e+00
 0.00000000e+00 0.00000000e+00 0.00000000e+00 0.00000000e+00
 0.00000000e+00 0.00000000e+00 0.00000000e+00 0.00000000e+00
 0.00000000e+00 0.00000000e+00 0.00000000e+00 0.00000000e+00
 0.00000000e+00 0.00000000e+00 0.00000000e+00 0.00000000e+00
 0.00000000e+00 0.00000000e+00 0.00000000e+00 0.00000000e+00
 0.00000000e+00 0.00000000e+00 0.00000000e+00 0.00000000e+00
 0.00000000e+00 0.00000000e+00 0.00000000e+00 0.00000000e+00
 0.00000000e+00 0.00000000e+00 0.00000000e+00 0.00000000e+00
 0.00000000e+00 0.00000000e+00 0.00000000e+00 0.00000000e+00
 0.00000000e+00 0.00000000e+00 0.00000000e+00 0.00000000e+00
 0.00000000e+00 0.00000000e+00 0.00000000e+00 0.00000000e+00
 0.00000000e+00 0.00000000e+00 0.00000000e+00 0.00000000e+00
 0.00000000e+00 0.00000000e+00 0.00000000e+00 0.00000000e+00
 0.00000000e+00 0.00000000e+00 0.00000000e+00 0.00000000e+00
 0.00000000e+00 0.00000000e+00 0.00000000e+00 0.00000000e+00
 0.00000000e+00 0.00000000e+00 0.00000000e+00 0.00000000e+00
 0.00000000e+00 0.00000000e+00 0.00000000e+00 0.00000000e+00
 0.00000000e+00 0.00000000e+00 0.00000000e+00 0.00000000e+00
 0.00000000e+00 0.00000000e+00 0.00000000e+00 0.00000000e+00
 0.00000000e+00 0.00000000e+00 0.00000000e+00 0.00000000e+00
 0.00000000e+00 0.00000000e+00 0.00000000e+00 0.00000000e+00
 0.00000000e+00 0.00000000e+00 0.00000000e+00 0.00000000e+00
 0.00000000e+00 0.00000000e+00 0.00000000e+00 0.00000000e+00
 0.00000000e+00 0.00000000e+00 0.00000000e+00 0.00000000e+00
 0.00000000e+00 0.00000000e+00 0.00000000e+00 0.00000000e+00
 0.00000000e+00 0.00000000e+00 0.00000000e+00 0.00000000e+00
 0.00000000e+00 0.00000000e+00 0.00000000e+00 0.00000000e+00
 0.00000000e+00 0.00000000e+00 0.00000000e+00 0.00000000e+00
 0.00000000e+00 0.00000000e+00 0.00000000e+00 0.00000000e+00
 0.00000000e+00 0.00000000e+00 0.00000000e+00 0.00000000e+00
 0.00000000e+00 0.00000000e+00 0.00000000e+00 0.00000000e+00
 0.00000000e+00 0.00000000e+00 0.00000000e+00 0.00000000e+00
 0.00000000e+00 0.00000000e+00 0.00000000e+00 0.00000000e+00
 0.00000000e+00 0.00000000e+00 0.00000000e+00 0.00000000e+00
 0.00000000e+00 0.00000000e+00 0.00000000e+00 0.00000000e+00
 0.00000000e+00 0.00000000e+00 0.00000000e+00 0.00000000e+00
 0.00000000e+00 0.00000000e+00 0.00000000e+00 0.00000000e+00
 0.00000000e+00 0.00000000e+00 0.00000000e+00 0.00000000e+00
 0.00000000e+00 0.00000000e+00 0.00000000e+00 0.00000000e+00
 0.00000000e+00 0.00000000e+00 0.00000000e+00 0.00000000e+00
 0.00000000e+00 0.00000000e+00 0.00000000e+00 0.00000000e+00
 0.00000000e+00 0.00000000e+00 0.00000000e+00 0.00000000e+00
 0.00000000e+00 0.00000000e+00 0.00000000e+00 0.00000000e+00
 0.00000000e+00 0.00000000e+00 0.00000000e+00 0.00000000e+00
 0.00000000e+00 0.00000000e+00 0.00000000e+00 0.00000000e+00
 0.00000000e+00 0.00000000e+00 0.00000000e+00 0.00000000e+00
 0.00000000e+00 0.00000000e+00 0.00000000e+00 0.00000000e+00
 0.00000000e+00 0.00000000e+00 0.00000000e+00 0.00000000e+00
 0.00000000e+00 0.00000000e+00 0.00000000e+00 0.00000000e+00
 0.00000000e+00 0.00000000e+00 0.00000000e+00 0.00000000e+00
 0.00000000e+00 0.00000000e+00 0.00000000e+00 0.00000000e+00
 0.00000000e+00 0.00000000e+00 0.00000000e+00 0.00000000e+00
 0.00000000e+00 0.00000000e+00 0.00000000e+00 0.00000000e+00
 0.00000000e+00 0.00000000e+00 0.00000000e+00 0.00000000e+00
 0.00000000e+00 0.00000000e+00 0.00000000e+00 0.00000000e+00
 0.00000000e+00 0.00000000e+00 0.00000000e+00]
norm_dvd: [0. 0. 0. 0. 0. 0. 0. 0. 0. 0. 0. 0. 0. 0. 0. 0. 0. 0. 0. 0. 0. 0. 0. 0.
 0. 0. 0. 0. 0. 0. 0. 0. 0. 0. 0. 0. 0. 0. 0. 0. 0. 0. 0. 0. 0. 0. 0. 0.
 0. 0. 0. 0. 0. 0. 0. 0. 0. 0. 0. 0. 0. 0. 0. 0. 0. 0. 0. 0. 0. 0. 0. 0.
 0. 0. 0. 0. 0. 0. 0. 0. 0. 0. 0. 0. 0. 0. 0. 0. 0. 0. 0. 0. 0. 0. 0. 0.
 0. 0. 0. 0. 0. 0. 0. 0. 0. 0. 0. 0. 0. 0. 0. 0. 0. 0. 0. 0. 0. 0. 0. 0.
 0. 0. 0. 0. 0. 0. 0. 0. 0. 0. 0. 0. 0. 0. 0. 0. 0. 0. 0. 0. 0. 0. 0. 0.
 0. 0. 0. 0. 0. 0. 0. 0. 0. 0. 0. 0. 0. 0. 0. 0. 0. 0. 0. 0. 0. 0. 0. 0.
 0. 0. 0. 0. 0. 0. 0. 0. 0. 0. 0. 0. 0. 0. 0. 0. 0. 0. 0. 0. 0. 0. 0. 0.
 0. 0. 0. 0. 0. 0. 0. 0. 0. 0. 0. 0. 0. 0. 0. 0. 0. 0. 0. 0. 0. 0. 0. 0.
 0. 0. 0. 0. 0. 0. 0. 0. 0. 0. 0. 0. 0. 0. 0. 0. 0. 0. 0. 0. 0. 0. 0. 0.
 0. 0. 0. 0. 0. 0. 0. 0. 0. 0. 0. 0. 0. 0. 0. 0. 0. 0. 0. 0. 0. 0. 0. 0.
 0. 0. 0. 0. 0. 0. 0. 0. 0. 0. 0. 0. 0. 0. 0. 0. 0. 0. 0. 0. 0. 0. 0. 0.
 0. 0. 0. 0. 0. 0. 0. 0. 0. 0. 0. 0. 0. 0. 0. 0. 0. 0. 0. 0. 0. 0. 0. 0.
 0. 0. 0. 0. 0. 0. 0. 0. 0. 0. 0. 0. 0. 0. 0. 0. 0. 0. 0. 0. 0. 0. 0. 0.
 0. 0. 0. 0. 0. 0. 0. 0. 0. 0. 0. 0. 0. 0. 0. 0. 0. 0. 0. 0. 0. 0. 0. 0.
 0. 0. 0. 0. 0. 0. 0. 0. 0. 0. 0. 0. 0. 0. 0. 0. 0. 0. 0. 0. 0. 0. 0. 0.
 0. 0. 0. 0. 0. 0. 0. 0. 0. 0. 0. 0. 0. 0. 0. 0. 0. 0. 0. 0. 0. 0. 0. 0.
 0. 0. 0. 0. 0. 0. 0. 0. 0. 0. 0. 0. 0. 0. 0. 0. 0. 0. 0. 0. 0. 0. 0. 0.
 0. 0. 0. 0. 0. 0. 0. 0. 0. 0. 0. 0. 0. 0. 0. 0. 0. 0. 0. 0. 0. 0. 0. 0.
 0. 0. 0. 0. 0. 0. 0. 0. 0. 0. 0. 0. 0. 0. 0. 0. 0. 0. 0. 0. 0. 0. 0. 0.
 0. 0. 0. 0. 0. 0. 0. 0. 0. 0. 0. 0. 0. 0. 0. 0. 0. 0. 0. 0. 0. 0. 0. 0.
 0. 0. 0. 0. 0. 0. 0. 0. 0. 0. 0. 0. 0. 0. 0. 0. 0. 0. 0. 0. 0. 0. 0. 0.
 0. 0. 0. 0. 0. 0. 0. 0. 0. 0. 0. 0. 0. 0. 0. 0. 0. 0. 0. 0. 0. 0. 0. 0.
 0. 0. 0. 0. 0. 0. 0. 0. 0. 0. 0. 0. 0. 0. 0. 0. 0. 0. 0. 0. 0. 0. 0. 0.
 0. 0. 0. 0. 0. 0. 0. 0. 0. 0. 0. 0. 0. 0. 0.]
norm_did: [0.00000000e+00 0.00000000e+00 4.61168813e+02 2.30584408e+02
 3.86834609e+02 1.82474047e+02 4.90876607e+02 0.00000000e+00
 0.00000000e+00 4.60830936e+02 5.06716932e+02 7.33018234e+02
 0.00000000e+00 6.13149129e+02 5.46428301e+02 4.33786823e+02
 5.68305397e+02 4.79821072e+02 6.02651483e+02 0.00000000e+00
 1.26484476e+03 0.00000000e+00 1.08021162e+03 0.00000000e+00
 1.93938799e+03 0.00000000e+00 1.24261684e+03 0.00000000e+00
 1.33152415e+03 0.00000000e+00 0.00000000e+00 0.00000000e+00
 0.00000000e+00 1.78876896e+03 8.94384487e+02 0.00000000e+00
 1.43342131e+03 0.00000000e+00 1.74050751e+03 0.00000000e+00
 0.00000000e+00 0.00000000e+00 0.00000000e+00 1.55930261e+03
 1.00030620e+03 0.00000000e+00 1.27297366e+03 4.98254271e+02
 7.62102871e+02 9.41477352e+02 8.09003718e+02 9.75997679e+02
 1.21791634e+03 7.07568528e+02 9.97069624e+02 1.41734814e+03
 1.21097164e+03 1.11427610e+03 9.17558269e+02 1.20379406e+03
 1.16137599e+03 1.48594414e+03 1.30881365e+03 1.65755712e+03
 1.17077797e+03 1.97044966e+03 1.23333957e+03 1.62353331e+03
 1.75062833e+03 2.17906296e+03 9.96973166e+02 1.91621952e+03
 1.63269734e+03 2.20238196e+03 1.78254310e+03 1.94938380e+03
 2.33884442e+03 1.75413352e+03 5.84711410e+03 0.00000000e+00
 2.45837818e+03 2.04865079e+03 2.45838037e+03 2.78527584e+03
 3.15356010e+03 3.82252101e+03 4.64587129e+03 7.27580087e+02
 4.25144412e+03 5.33154615e+03 5.49562914e+03 5.57827509e+03
 5.74130380e+03 6.35308592e+03 6.36510533e+03 7.03494711e+03
 7.20991202e+03 8.22294365e+03 9.87428432e+03 3.41667030e+03
 8.70699339e+03 9.30730073e+03 1.12569094e+04 1.00496047e+04
 1.13012488e+04 9.94509198e+03 1.12229248e+04 1.04444166e+04
 1.07713677e+04 1.15089427e+04 1.17504623e+04 1.14637118e+04
 1.13086930e+04 1.27328607e+04 1.24423389e+04 1.26212652e+04
 1.30496972e+04 1.32575430e+04 1.43033688e+04 1.46604122e+04
 1.56091406e+04 1.69558227e+04 1.87047790e+04 2.10421070e+04
 2.42574259e+04 2.95030290e+04 3.75057224e+04 4.99244560e+04
 7.04572844e+04 1.07305806e+05 1.81667911e+05 3.53773194e+05
 7.83781253e+05 2.35977758e+06 1.01900151e+07 5.56715395e+07
 3.16334316e+08 2.19100049e+09 1.03510911e+10 3.59537007e+09
 4.90033675e+09 3.43550120e+09 2.16664924e+09 1.46259706e+09
 1.27540583e+09 1.12103245e+09 1.05373307e+09 1.05403758e+09
 1.05244932e+09 1.04743678e+09 1.03656216e+09 1.02550700e+09
 1.01127791e+09 9.96515038e+08 9.69880313e+08 9.61098017e+08
 9.55491898e+08 9.51499566e+08 9.44903471e+08 9.36805990e+08
 9.32450756e+08 9.26909735e+08 9.21205522e+08 9.16307053e+08
 9.08245203e+08 9.03077714e+08 8.97885217e+08 8.88998402e+08
 8.84988301e+08 8.81733135e+08 8.77416814e+08 8.73118232e+08
 8.70685364e+08 8.67885662e+08 8.64854933e+08 8.61636328e+08
 8.57876550e+08 8.52309034e+08 8.47718195e+08 8.46447171e+08
 8.45231938e+08 8.44298563e+08 8.42787953e+08 8.42394951e+08
 8.41192127e+08 8.40496617e+08 8.39102012e+08 8.36357683e+08
 8.31656087e+08 8.30283495e+08 8.30486358e+08 8.30119240e+08
 8.29470371e+08 8.27111684e+08 8.25394609e+08 8.23186771e+08
 8.20959845e+08 8.19085409e+08 8.17066219e+08 8.14534202e+08
 8.11061074e+08 8.06443014e+08 8.00289475e+08 7.91979631e+08
 7.80737346e+08 7.66005232e+08 7.46538296e+08 7.21443482e+08
 7.15384175e+08 7.10617974e+08 7.02442859e+08 6.98000811e+08
 6.93028879e+08 6.87095018e+08 6.80960304e+08 6.74099010e+08
 6.68031929e+08 6.61543480e+08 6.53952917e+08 6.47497751e+08
 6.40549057e+08 6.31564440e+08 6.26912454e+08 6.24154831e+08
 6.21861900e+08 6.19279682e+08 6.16044684e+08 6.14766934e+08
 6.13071248e+08 6.10916694e+08 6.08799858e+08 6.06242080e+08
 6.03226718e+08 5.99377685e+08 5.94514225e+08 5.85214238e+08
 5.70771835e+08 5.56919839e+08 5.52021528e+08 5.49128180e+08
 5.46476800e+08 5.44600568e+08 5.43959932e+08 5.43628733e+08
 5.42693573e+08 5.40464488e+08 5.37325975e+08 5.34326252e+08
 5.30624761e+08 5.26415223e+08 5.22721535e+08 5.18546805e+08
 5.12040460e+08 5.04556344e+08 4.98763944e+08 4.97365751e+08
 4.96479339e+08 4.95884727e+08 4.95270856e+08 4.94426862e+08
 4.94090101e+08 4.93631124e+08 4.93056716e+08 4.92474506e+08
 4.91787165e+08 4.90894872e+08 4.88770205e+08 4.86082808e+08
 4.82775374e+08 4.80662510e+08 4.79344087e+08 4.77368767e+08
 4.75601209e+08 4.73541019e+08 4.71823283e+08 4.68950868e+08
 4.65432592e+08 4.60398337e+08 4.53952502e+08 4.45277415e+08
 4.34328653e+08 4.21197064e+08 4.07623574e+08 3.92509343e+08
 3.76931667e+08 3.59820311e+08 3.41846541e+08 3.21846870e+08
 2.99814496e+08 2.74104016e+08 2.39327070e+08 2.12408057e+08
 1.90798370e+08 1.72989754e+08 1.57331319e+08 1.47547385e+08
 4.95324995e+08 0.00000000e+00 0.00000000e+00 0.00000000e+00
 0.00000000e+00 0.00000000e+00 0.00000000e+00 0.00000000e+00
 0.00000000e+00 0.00000000e+00 0.00000000e+00 0.00000000e+00
 0.00000000e+00 0.00000000e+00 0.00000000e+00 0.00000000e+00
 0.00000000e+00 0.00000000e+00 0.00000000e+00 0.00000000e+00
 0.00000000e+00 0.00000000e+00 0.00000000e+00 0.00000000e+00
 0.00000000e+00 0.00000000e+00 0.00000000e+00 0.00000000e+00
 0.00000000e+00 0.00000000e+00 0.00000000e+00 0.00000000e+00
 0.00000000e+00 0.00000000e+00 0.00000000e+00 0.00000000e+00
 0.00000000e+00 0.00000000e+00 0.00000000e+00 0.00000000e+00
 0.00000000e+00 0.00000000e+00 0.00000000e+00 0.00000000e+00
 0.00000000e+00 0.00000000e+00 0.00000000e+00 0.00000000e+00
 0.00000000e+00 0.00000000e+00 0.00000000e+00 0.00000000e+00
 0.00000000e+00 0.00000000e+00 0.00000000e+00 0.00000000e+00
 0.00000000e+00 0.00000000e+00 0.00000000e+00 0.00000000e+00
 0.00000000e+00 0.00000000e+00 0.00000000e+00 0.00000000e+00
 0.00000000e+00 0.00000000e+00 0.00000000e+00 0.00000000e+00
 0.00000000e+00 0.00000000e+00 0.00000000e+00 0.00000000e+00
 0.00000000e+00 0.00000000e+00 0.00000000e+00 0.00000000e+00
 0.00000000e+00 0.00000000e+00 0.00000000e+00 0.00000000e+00
 0.00000000e+00 0.00000000e+00 0.00000000e+00 0.00000000e+00
 0.00000000e+00 0.00000000e+00 0.00000000e+00 0.00000000e+00
 0.00000000e+00 0.00000000e+00 0.00000000e+00 0.00000000e+00
 0.00000000e+00 0.00000000e+00 0.00000000e+00 0.00000000e+00
 0.00000000e+00 0.00000000e+00 0.00000000e+00 0.00000000e+00
 0.00000000e+00 0.00000000e+00 0.00000000e+00 0.00000000e+00
 0.00000000e+00 0.00000000e+00 0.00000000e+00 0.00000000e+00
 0.00000000e+00 0.00000000e+00 0.00000000e+00 0.00000000e+00
 0.00000000e+00 0.00000000e+00 0.00000000e+00 0.00000000e+00
 0.00000000e+00 0.00000000e+00 0.00000000e+00 0.00000000e+00
 0.00000000e+00 0.00000000e+00 0.00000000e+00 0.00000000e+00
 0.00000000e+00 0.00000000e+00 0.00000000e+00 0.00000000e+00
 0.00000000e+00 0.00000000e+00 0.00000000e+00 0.00000000e+00
 0.00000000e+00 0.00000000e+00 0.00000000e+00 0.00000000e+00
 0.00000000e+00 0.00000000e+00 0.00000000e+00 0.00000000e+00
 0.00000000e+00 0.00000000e+00 0.00000000e+00 0.00000000e+00
 0.00000000e+00 0.00000000e+00 0.00000000e+00 0.00000000e+00
 0.00000000e+00 0.00000000e+00 0.00000000e+00 0.00000000e+00
 0.00000000e+00 0.00000000e+00 0.00000000e+00 0.00000000e+00
 0.00000000e+00 0.00000000e+00 0.00000000e+00 0.00000000e+00
 0.00000000e+00 0.00000000e+00 0.00000000e+00 0.00000000e+00
 0.00000000e+00 0.00000000e+00 0.00000000e+00 0.00000000e+00
 0.00000000e+00 0.00000000e+00 0.00000000e+00 0.00000000e+00
 0.00000000e+00 0.00000000e+00 0.00000000e+00 0.00000000e+00
 0.00000000e+00 0.00000000e+00 0.00000000e+00 0.00000000e+00
 0.00000000e+00 0.00000000e+00 0.00000000e+00 0.00000000e+00
 0.00000000e+00 0.00000000e+00 0.00000000e+00 0.00000000e+00
 0.00000000e+00 0.00000000e+00 0.00000000e+00 0.00000000e+00
 0.00000000e+00 0.00000000e+00 0.00000000e+00 0.00000000e+00
 0.00000000e+00 0.00000000e+00 0.00000000e+00 0.00000000e+00
 0.00000000e+00 0.00000000e+00 0.00000000e+00 0.00000000e+00
 0.00000000e+00 0.00000000e+00 0.00000000e+00 0.00000000e+00
 0.00000000e+00 0.00000000e+00 0.00000000e+00 0.00000000e+00
 0.00000000e+00 0.00000000e+00 0.00000000e+00 0.00000000e+00
 0.00000000e+00 0.00000000e+00 0.00000000e+00 0.00000000e+00
 0.00000000e+00 0.00000000e+00 0.00000000e+00 0.00000000e+00
 0.00000000e+00 0.00000000e+00 0.00000000e+00 0.00000000e+00
 0.00000000e+00 0.00000000e+00 0.00000000e+00 0.00000000e+00
 0.00000000e+00 0.00000000e+00 0.00000000e+00 0.00000000e+00
 0.00000000e+00 0.00000000e+00 0.00000000e+00 0.00000000e+00
 0.00000000e+00 0.00000000e+00 0.00000000e+00 0.00000000e+00
 0.00000000e+00 0.00000000e+00 0.00000000e+00 0.00000000e+00
 0.00000000e+00 0.00000000e+00 0.00000000e+00 0.00000000e+00
 0.00000000e+00 0.00000000e+00 0.00000000e+00 0.00000000e+00
 0.00000000e+00 0.00000000e+00 0.00000000e+00 0.00000000e+00
 0.00000000e+00 0.00000000e+00 0.00000000e+00 0.00000000e+00
 0.00000000e+00 0.00000000e+00 0.00000000e+00 0.00000000e+00
 0.00000000e+00 0.00000000e+00 0.00000000e+00 0.00000000e+00
 0.00000000e+00 0.00000000e+00 0.00000000e+00 0.00000000e+00
 0.00000000e+00 0.00000000e+00 0.00000000e+00 0.00000000e+00
 0.00000000e+00 0.00000000e+00 0.00000000e+00 0.00000000e+00
 0.00000000e+00 0.00000000e+00 0.00000000e+00 0.00000000e+00
 0.00000000e+00 0.00000000e+00 0.00000000e+00 0.00000000e+00
 0.00000000e+00 0.00000000e+00 0.00000000e+00]
[WARNING]: Quasi-static verification failed
[WARNING]: Max normalized derivatives: dVg/dt=2.50e+11, dVd/dt=0.00e+00, dId/dt=1.04e+10

  ngspice: ✓ PASS  (124.5s)

✓ Benchmark completed: /home/duhaochen/website-trial-v1/data/spice-model-benchmark/088ff2370f43ed3a660cdb73b708e956/ngspice
