$ /usr/bin/time -v -o /home/duhaochen/website-trial-v1/data/spice-model-benchmark/3903c31c600e102e29fed3f4bf99e7ca/hspice/resource.txt /usr/bin/python -m spice_model_benchmark.cli /home/duhaochen/pipeline_full_collection/benchmark-inputs/3903c31c600e102e29fed3f4bf99e7ca/hspice.lib --simulator hspice --modes dc transient ac noise --output-dir /home/duhaochen/website-trial-v1/data/spice-model-benchmark/3903c31c600e102e29fed3f4bf99e7ca --dpi 120 --log-level WARNING
SPICE Model Benchmark: /home/duhaochen/pipeline_full_collection/benchmark-inputs/3903c31c600e102e29fed3f4bf99e7ca/hspice.lib
Simulators: hspice
Modes: dc, transient, ac, noise
------------------------------------------------------------

============================================================
  Running: HSPICE
  Output:  /home/duhaochen/website-trial-v1/data/spice-model-benchmark/3903c31c600e102e29fed3f4bf99e7ca/hspice
============================================================
Vgs range: -1.200V to 0.000V
Ids range: -6.660e-09A to 9.771e-04A
Selected Vgs values: [-1.2 -1.  -0.8 -0.6 -0.4 -0.2  0. ]
Vgs=-1.200V: Ids range -6.660e-09A to 9.771e-04A
Vgs=-1.000V: Ids range -2.184e-09A to 3.949e-04A
Vgs=-0.800V: Ids range -5.207e-10A to 9.398e-05A
Vgs=-0.600V: Ids range -3.675e-11A to 3.914e-06A
Vgs=-0.400V: Ids range -1.304e-13A to 7.424e-08A
Vgs=-0.200V: Ids range -2.430e-16A to 2.120e-09A
Vgs=0.000V: Ids range 2.224e-14A to 5.212e-11A
ids_variation: 16.699294057120373
ids_variation <= max_variation: False
tc: 47820177048.940285
abs(tc) <= max_tc: False
[WARNING]: Temperature effects verification failed - effects outside expected range
/home/duhaochen/spice_model_benchmark/src/spice_model_benchmark/verification_manager.py:2706: RuntimeWarning: divide by zero encountered in divide
  norm_dvg = np.abs(dvg_dt / gate_voltage[:-1])
/home/duhaochen/spice_model_benchmark/src/spice_model_benchmark/verification_manager.py:2706: RuntimeWarning: invalid value encountered in divide
  norm_dvg = np.abs(dvg_dt / gate_voltage[:-1])
norm_dvg: [1.00000000e+10 5.00000000e+09 3.33333333e+09 ... 0.00000000e+00
 0.00000000e+00 0.00000000e+00]
norm_dvd: [0. 0. 0. ... 0. 0. 0.]
norm_did: [3369250.02208784 3335159.10224963 3353814.22241341 ...    4917.52813598
       0.            4917.52571644]
[WARNING]: Quasi-static verification failed
[WARNING]: Max normalized derivatives: dVg/dt=nan, dVd/dt=0.00e+00, dId/dt=2.81e+13
/home/duhaochen/spice_model_benchmark/src/spice_model_benchmark/plot_generator.py:336: UserWarning: Attempting to set identical low and high ylims makes transformation singular; automatically expanding.
  plt.ylim(0, max_cap*1.2)  # Add 20% margin to ensure all components are visible
[INFO]: S-parameter analysis plot saved to /home/duhaochen/website-trial-v1/data/spice-model-benchmark/3903c31c600e102e29fed3f4bf99e7ca/hspice/plots/ac_cv_sparameter_analysis.png
[INFO]: S-parameter analysis plot saved to /home/duhaochen/website-trial-v1/data/spice-model-benchmark/3903c31c600e102e29fed3f4bf99e7ca/hspice/plots/ac_cv_sparameter_analysis.png
[INFO]: NQS effects plot saved to /home/duhaochen/website-trial-v1/data/spice-model-benchmark/3903c31c600e102e29fed3f4bf99e7ca/hspice/plots/ac_cv_nqs_effects.png
[WARNING]: Cannot compute correlation: constant data detected

  hspice: ✓ PASS  (204.5s)

✓ Benchmark completed: /home/duhaochen/website-trial-v1/data/spice-model-benchmark/3903c31c600e102e29fed3f4bf99e7ca/hspice
