$ /usr/bin/time -v -o /home/duhaochen/website-trial-v1/data/spice-model-benchmark/b5d9b3d1a2233d5008f1575a9224763e/ngspice/resource.txt /usr/bin/python -m spice_model_benchmark.cli /home/duhaochen/pipeline_full_collection/benchmark-inputs/b5d9b3d1a2233d5008f1575a9224763e/ngspice.lib --simulator ngspice --modes dc transient ac noise --output-dir /home/duhaochen/website-trial-v1/data/spice-model-benchmark/b5d9b3d1a2233d5008f1575a9224763e --dpi 120 --log-level WARNING
/home/duhaochen/spice_model_benchmark/src/spice_model_benchmark/verification_manager.py:1557: RuntimeWarning: divide by zero encountered in divide
  tc = np.mean((d_ids / d_temp) / np.abs(i_ds[:-1]))
SPICE Model Benchmark: /home/duhaochen/pipeline_full_collection/benchmark-inputs/b5d9b3d1a2233d5008f1575a9224763e/ngspice.lib
Simulators: ngspice
Modes: dc, transient, ac, noise
------------------------------------------------------------

============================================================
  Running: NGSPICE
  Output:  /home/duhaochen/website-trial-v1/data/spice-model-benchmark/b5d9b3d1a2233d5008f1575a9224763e/ngspice
============================================================
Vgs range: 0.000V to 1.200V
Ids range: -2.147e-03A to 0.000e+00A
Selected Vgs values: [0.  0.2 0.4 0.6 0.8 1.  1.2]
Vgs=0.000V: Ids range -2.821e-10A to -1.648e-14A
Vgs=0.200V: Ids range -3.600e-08A to 0.000e+00A
Vgs=0.400V: Ids range -3.092e-06A to 0.000e+00A
Vgs=0.600V: Ids range -1.390e-04A to 0.000e+00A
Vgs=0.800V: Ids range -6.125e-04A to 0.000e+00A
Vgs=1.000V: Ids range -1.304e-03A to 0.000e+00A
Vgs=1.200V: Ids range -2.147e-03A to 0.000e+00A
ids_variation: 6.054989974288798
ids_variation <= max_variation: False
tc: inf
abs(tc) <= max_tc: False
[WARNING]: Temperature effects verification failed - effects outside expected range
/home/duhaochen/spice_model_benchmark/src/spice_model_benchmark/verification_manager.py:1817: RuntimeWarning: divide by zero encountered in log
  log_ids = np.log(np.abs(i_ds))
/home/duhaochen/.local/lib/python3.9/site-packages/numpy/lib/function_base.py:2742: RuntimeWarning: invalid value encountered in subtract
  X -= avg[:, None]
/home/duhaochen/spice_model_benchmark/src/spice_model_benchmark/verification_manager.py:1862: RuntimeWarning: divide by zero encountered in divide
  efficiency = np.abs(gm / i_ds)  # Transconductance efficiency
[INFO]: S-parameter analysis plot saved to /home/duhaochen/website-trial-v1/data/spice-model-benchmark/b5d9b3d1a2233d5008f1575a9224763e/ngspice/plots/ac_cv_sparameter_analysis.png
[INFO]: NQS effects plot saved to /home/duhaochen/website-trial-v1/data/spice-model-benchmark/b5d9b3d1a2233d5008f1575a9224763e/ngspice/plots/ac_cv_nqs_effects.png
[INFO]: S-parameter analysis plot saved to /home/duhaochen/website-trial-v1/data/spice-model-benchmark/b5d9b3d1a2233d5008f1575a9224763e/ngspice/plots/ac_cv_sparameter_analysis.png
norm_dvg: [2.50000000e+11 1.25000000e+11 6.25000000e+10 3.12500000e+10
 1.56249999e+10 8.96942272e+09 6.60336146e+09 6.07188924e+09
 5.61405451e+09 5.17292166e+09 4.77130535e+09 4.53619187e+09
 4.22823131e+09 3.98080109e+09 3.68924242e+09 3.41158198e+09
 3.08169151e+09 2.85055117e+09 2.63326542e+09 2.43167059e+09
 2.38641113e+09 2.34374744e+09 2.32021431e+09 2.29769847e+09
 2.27332795e+09 2.24735208e+09 2.23740763e+09 2.22240175e+09
 2.21687082e+09 2.20934770e+09 2.20056430e+09 2.18320137e+09
 2.15719796e+09 2.13215950e+09 2.11198287e+09 2.09585769e+09
 2.07628367e+09 2.05771258e+09 2.03627763e+09 2.01797556e+09
 2.00000076e+09 1.99650206e+09 1.98954218e+09 1.97576887e+09
 1.94878495e+09 1.89696970e+09 1.84768331e+09 1.80293669e+09
 1.77428737e+09 1.73727617e+09 1.71103656e+09 1.67734739e+09
 1.64695129e+09 1.60404044e+09 1.55393134e+09 1.49739224e+09
 1.44454090e+09 1.38927920e+09 1.33183596e+09 1.26439037e+09
 1.24562979e+09 1.22801350e+09 1.20467908e+09 1.19196305e+09
 1.18022188e+09 1.16514169e+09 1.15171201e+09 1.14078323e+09
 1.12941952e+09 1.11782874e+09 1.09534643e+09 1.06888558e+09
 1.03625378e+09 9.99999109e+08 9.96271375e+08 9.88895502e+08
 9.74467949e+08 9.46839324e+08 8.96030124e+08 8.21536707e+08
 7.60191229e+08 7.38848818e+08 7.21381470e+08 6.96928335e+08
 6.79851238e+08 6.64336299e+08 6.48235467e+08 6.28942605e+08
 6.04331571e+08 5.81984507e+08 5.63348910e+08 5.47535456e+08
 5.40549676e+08 5.36582612e+08 5.31118537e+08 5.25606504e+08
 5.23076520e+08 5.19884355e+08 5.16682489e+08 5.13844334e+08
 5.10876776e+08 5.06456458e+08 5.01048129e+08 4.97858540e+08
 4.95620665e+08 4.93404487e+08 4.90702913e+08 4.88383024e+08
 4.85157550e+08 4.81828576e+08 4.76693766e+08 4.70679429e+08
 4.62741659e+08 4.54017672e+08 4.43431335e+08 4.32392821e+08
 4.17419815e+08 3.98140729e+08 3.76423148e+08 3.52989308e+08
 3.29186322e+08 3.04872630e+08 2.80658584e+08 2.56209332e+08
 2.31787744e+08 2.07112861e+08 1.80931338e+08 1.58053826e+08
 1.42664396e+08 1.31909453e+08 1.21668581e+08 1.14681642e+08
 1.07709673e+08 1.01265660e+08 9.52373201e+07 9.52015419e+07
 9.51265851e+07 9.49787609e+07 9.47961181e+07 9.45661755e+07
 9.43121612e+07 9.39847208e+07 9.38556024e+07 9.37247600e+07
 9.35718120e+07 9.34695175e+07 9.33257517e+07 9.31860032e+07
 9.29951473e+07 9.27878896e+07 9.26073537e+07 9.24854463e+07
 9.23493808e+07 9.22075650e+07 9.20999804e+07 9.19547844e+07
 9.18214598e+07 9.17371127e+07 9.16542324e+07 9.15607853e+07
 9.15054935e+07 9.14468711e+07 9.13675662e+07 9.12973253e+07
 9.12094423e+07 9.11056057e+07 9.10455376e+07 9.09994696e+07
 9.09551413e+07 9.09189365e+07 9.08942219e+07 9.09380012e+07
 9.08879792e+07 9.09087742e+07 9.08964628e+07 9.08825320e+07
 9.08558442e+07 9.08025621e+07 9.07129415e+07 9.05750210e+07
 9.04887329e+07 9.04131946e+07 9.03224271e+07 9.02514551e+07
 9.01479258e+07 9.00532159e+07 8.99104985e+07 8.97339538e+07
 8.94875529e+07 8.91678767e+07 8.87434798e+07 8.81975931e+07
 8.75160145e+07 8.72576106e+07 8.70074088e+07 8.66846830e+07
 8.64988778e+07 8.62365533e+07 8.60178005e+07 8.57690900e+07
 8.55278571e+07 8.53383013e+07 8.50907645e+07 8.48068779e+07
 8.43529213e+07 8.38400469e+07 8.33331719e+07 8.32734829e+07
 8.31546926e+07 8.30421096e+07 8.29582729e+07 8.28995294e+07
 8.28184937e+07 8.27591935e+07 8.27015811e+07 8.26309666e+07
 8.25645557e+07 8.24905762e+07 8.24210878e+07 8.23389044e+07
 8.22486587e+07 8.21202585e+07 8.19661799e+07 8.17577674e+07
 8.16437962e+07 8.15168853e+07 8.13751137e+07 8.12636279e+07
 8.11144447e+07 8.09530937e+07 8.07271950e+07 8.04480418e+07
 8.02100269e+07 7.99945006e+07 7.97509962e+07 7.95539741e+07
 7.93606529e+07 7.93003505e+07 7.92598828e+07 7.92295729e+07
 7.91898430e+07 7.91512558e+07 7.91250240e+07 7.90945397e+07
 7.90641932e+07 7.90206057e+07 7.89592504e+07 7.88351649e+07
 7.87228753e+07 7.86013769e+07 7.85131066e+07 7.84331061e+07
 7.83418904e+07 7.82500310e+07 7.81350649e+07 7.80226517e+07
 7.78561067e+07 7.76436033e+07 7.73499598e+07 7.69709669e+07
 7.64712811e+07 7.58471365e+07 7.50733869e+07 7.42689230e+07
 7.33336649e+07 7.23183097e+07 7.10894259e+07 6.96367372e+07
 6.77192912e+07 6.52036718e+07 6.19710822e+07 5.90438684e+07
 5.63807198e+07 5.39474408e+07 5.18987664e+07 0.00000000e+00
 0.00000000e+00 0.00000000e+00 0.00000000e+00 0.00000000e+00
 0.00000000e+00 0.00000000e+00 0.00000000e+00 0.00000000e+00
 0.00000000e+00 0.00000000e+00 0.00000000e+00 0.00000000e+00
 0.00000000e+00 0.00000000e+00 0.00000000e+00 0.00000000e+00
 0.00000000e+00 0.00000000e+00 0.00000000e+00 0.00000000e+00
 0.00000000e+00 0.00000000e+00 0.00000000e+00 0.00000000e+00
 0.00000000e+00 0.00000000e+00 0.00000000e+00 0.00000000e+00
 0.00000000e+00 0.00000000e+00 0.00000000e+00 0.00000000e+00
 0.00000000e+00 0.00000000e+00 0.00000000e+00 0.00000000e+00
 0.00000000e+00 0.00000000e+00 0.00000000e+00 0.00000000e+00
 0.00000000e+00 0.00000000e+00 0.00000000e+00 0.00000000e+00
 0.00000000e+00 0.00000000e+00 0.00000000e+00 0.00000000e+00
 0.00000000e+00 0.00000000e+00 0.00000000e+00 0.00000000e+00
 0.00000000e+00 0.00000000e+00 0.00000000e+00 0.00000000e+00
 0.00000000e+00 0.00000000e+00 0.00000000e+00 0.00000000e+00
 0.00000000e+00 0.00000000e+00 0.00000000e+00 0.00000000e+00
 0.00000000e+00 0.00000000e+00 0.00000000e+00 0.00000000e+00
 0.00000000e+00 0.00000000e+00 0.00000000e+00 0.00000000e+00
 0.00000000e+00 0.00000000e+00 0.00000000e+00 0.00000000e+00
 0.00000000e+00 0.00000000e+00 0.00000000e+00 0.00000000e+00
 0.00000000e+00 0.00000000e+00 0.00000000e+00 0.00000000e+00
 0.00000000e+00 0.00000000e+00 0.00000000e+00 0.00000000e+00
 0.00000000e+00 0.00000000e+00 0.00000000e+00 0.00000000e+00
 0.00000000e+00 0.00000000e+00 0.00000000e+00 0.00000000e+00
 0.00000000e+00 0.00000000e+00 0.00000000e+00 0.00000000e+00
 0.00000000e+00 0.00000000e+00 0.00000000e+00 0.00000000e+00
 0.00000000e+00 0.00000000e+00 0.00000000e+00 0.00000000e+00
 0.00000000e+00 0.00000000e+00 0.00000000e+00 0.00000000e+00
 0.00000000e+00 0.00000000e+00 0.00000000e+00 0.00000000e+00
 0.00000000e+00 0.00000000e+00 0.00000000e+00 0.00000000e+00
 0.00000000e+00 0.00000000e+00 0.00000000e+00 0.00000000e+00
 0.00000000e+00 0.00000000e+00 0.00000000e+00 0.00000000e+00
 0.00000000e+00 0.00000000e+00 0.00000000e+00 0.00000000e+00
 0.00000000e+00 0.00000000e+00 0.00000000e+00 0.00000000e+00
 0.00000000e+00 0.00000000e+00 0.00000000e+00 0.00000000e+00
 0.00000000e+00 0.00000000e+00 0.00000000e+00 0.00000000e+00
 0.00000000e+00 0.00000000e+00 0.00000000e+00 0.00000000e+00
 0.00000000e+00 0.00000000e+00 0.00000000e+00 0.00000000e+00
 0.00000000e+00 0.00000000e+00 0.00000000e+00 0.00000000e+00
 0.00000000e+00 0.00000000e+00 0.00000000e+00 0.00000000e+00
 0.00000000e+00 0.00000000e+00 0.00000000e+00 0.00000000e+00
 0.00000000e+00 0.00000000e+00 0.00000000e+00 0.00000000e+00
 0.00000000e+00 0.00000000e+00 0.00000000e+00 0.00000000e+00
 0.00000000e+00 0.00000000e+00 0.00000000e+00 0.00000000e+00
 0.00000000e+00 0.00000000e+00 0.00000000e+00 0.00000000e+00
 0.00000000e+00 0.00000000e+00 0.00000000e+00 0.00000000e+00
 0.00000000e+00 0.00000000e+00 0.00000000e+00 0.00000000e+00
 0.00000000e+00 0.00000000e+00 0.00000000e+00 0.00000000e+00
 0.00000000e+00 0.00000000e+00 0.00000000e+00 0.00000000e+00
 0.00000000e+00 0.00000000e+00 0.00000000e+00 0.00000000e+00
 0.00000000e+00 0.00000000e+00 0.00000000e+00 0.00000000e+00
 0.00000000e+00 0.00000000e+00 0.00000000e+00 0.00000000e+00
 0.00000000e+00 0.00000000e+00 0.00000000e+00 0.00000000e+00
 0.00000000e+00 0.00000000e+00 0.00000000e+00 0.00000000e+00
 0.00000000e+00 0.00000000e+00 0.00000000e+00 0.00000000e+00
 0.00000000e+00 0.00000000e+00 0.00000000e+00 0.00000000e+00
 0.00000000e+00 0.00000000e+00 0.00000000e+00 0.00000000e+00
 0.00000000e+00 0.00000000e+00 0.00000000e+00 0.00000000e+00
 0.00000000e+00 0.00000000e+00 0.00000000e+00 0.00000000e+00
 0.00000000e+00 0.00000000e+00 0.00000000e+00 0.00000000e+00
 0.00000000e+00 0.00000000e+00 0.00000000e+00 0.00000000e+00
 0.00000000e+00 0.00000000e+00 0.00000000e+00 0.00000000e+00
 0.00000000e+00 0.00000000e+00 0.00000000e+00 0.00000000e+00
 0.00000000e+00 0.00000000e+00 0.00000000e+00 0.00000000e+00
 0.00000000e+00 0.00000000e+00 0.00000000e+00 0.00000000e+00
 0.00000000e+00 0.00000000e+00 0.00000000e+00 0.00000000e+00
 0.00000000e+00 0.00000000e+00 0.00000000e+00 0.00000000e+00
 0.00000000e+00 0.00000000e+00 0.00000000e+00 0.00000000e+00]
norm_dvd: [0. 0. 0. 0. 0. 0. 0. 0. 0. 0. 0. 0. 0. 0. 0. 0. 0. 0. 0. 0. 0. 0. 0. 0.
 0. 0. 0. 0. 0. 0. 0. 0. 0. 0. 0. 0. 0. 0. 0. 0. 0. 0. 0. 0. 0. 0. 0. 0.
 0. 0. 0. 0. 0. 0. 0. 0. 0. 0. 0. 0. 0. 0. 0. 0. 0. 0. 0. 0. 0. 0. 0. 0.
 0. 0. 0. 0. 0. 0. 0. 0. 0. 0. 0. 0. 0. 0. 0. 0. 0. 0. 0. 0. 0. 0. 0. 0.
 0. 0. 0. 0. 0. 0. 0. 0. 0. 0. 0. 0. 0. 0. 0. 0. 0. 0. 0. 0. 0. 0. 0. 0.
 0. 0. 0. 0. 0. 0. 0. 0. 0. 0. 0. 0. 0. 0. 0. 0. 0. 0. 0. 0. 0. 0. 0. 0.
 0. 0. 0. 0. 0. 0. 0. 0. 0. 0. 0. 0. 0. 0. 0. 0. 0. 0. 0. 0. 0. 0. 0. 0.
 0. 0. 0. 0. 0. 0. 0. 0. 0. 0. 0. 0. 0. 0. 0. 0. 0. 0. 0. 0. 0. 0. 0. 0.
 0. 0. 0. 0. 0. 0. 0. 0. 0. 0. 0. 0. 0. 0. 0. 0. 0. 0. 0. 0. 0. 0. 0. 0.
 0. 0. 0. 0. 0. 0. 0. 0. 0. 0. 0. 0. 0. 0. 0. 0. 0. 0. 0. 0. 0. 0. 0. 0.
 0. 0. 0. 0. 0. 0. 0. 0. 0. 0. 0. 0. 0. 0. 0. 0. 0. 0. 0. 0. 0. 0. 0. 0.
 0. 0. 0. 0. 0. 0. 0. 0. 0. 0. 0. 0. 0. 0. 0. 0. 0. 0. 0. 0. 0. 0. 0. 0.
 0. 0. 0. 0. 0. 0. 0. 0. 0. 0. 0. 0. 0. 0. 0. 0. 0. 0. 0. 0. 0. 0. 0. 0.
 0. 0. 0. 0. 0. 0. 0. 0. 0. 0. 0. 0. 0. 0. 0. 0. 0. 0. 0. 0. 0. 0. 0. 0.
 0. 0. 0. 0. 0. 0. 0. 0. 0. 0. 0. 0. 0. 0. 0. 0. 0. 0. 0. 0. 0. 0. 0. 0.
 0. 0. 0. 0. 0. 0. 0. 0. 0. 0. 0. 0. 0. 0. 0. 0. 0. 0. 0. 0. 0. 0. 0. 0.
 0. 0. 0. 0. 0. 0. 0. 0. 0. 0. 0. 0. 0. 0. 0. 0. 0. 0. 0. 0. 0. 0. 0. 0.
 0. 0. 0. 0. 0. 0. 0. 0. 0. 0. 0. 0. 0. 0. 0. 0. 0. 0. 0. 0. 0. 0. 0. 0.
 0. 0. 0. 0. 0. 0. 0. 0. 0. 0. 0. 0. 0. 0. 0. 0. 0. 0. 0. 0. 0. 0. 0. 0.
 0. 0. 0. 0. 0. 0. 0. 0. 0. 0. 0. 0. 0. 0. 0. 0. 0. 0. 0. 0. 0. 0. 0. 0.
 0. 0. 0. 0. 0. 0. 0. 0. 0. 0. 0. 0. 0. 0. 0. 0. 0. 0. 0. 0. 0. 0. 0. 0.
 0. 0. 0. 0. 0. 0. 0. 0. 0. 0. 0. 0. 0. 0. 0. 0. 0. 0. 0. 0. 0. 0. 0. 0.
 0. 0. 0. 0. 0. 0. 0. 0. 0. 0. 0. 0. 0. 0. 0. 0. 0. 0. 0. 0.]
norm_did: [1.63376512e+04 1.49761813e+04 1.80394933e+04 1.90606021e+04
 2.08707948e+04 2.24934911e+04 2.30073231e+04 2.43283303e+04
 2.50964016e+04 2.61051292e+04 2.65704317e+04 2.78124187e+04
 2.85258009e+04 2.93519228e+04 3.11042937e+04 3.26290506e+04
 3.45645119e+04 3.66859085e+04 3.90932129e+04 3.91017971e+04
 4.06955769e+04 4.15298187e+04 4.25503898e+04 4.20218351e+04
 4.28437829e+04 4.40590247e+04 4.33110272e+04 4.36559038e+04
 4.25559831e+04 4.52084901e+04 4.37015561e+04 4.53712757e+04
 4.50180125e+04 4.49693411e+04 4.63461651e+04 4.60076597e+04
 4.76092153e+04 4.68394362e+04 4.76873099e+04 4.89100608e+04
 6.21672760e+04 4.04087546e+04 4.97338412e+04 4.89567654e+04
 5.08995081e+04 5.18968178e+04 5.35177605e+04 5.47281864e+04
 5.57875022e+04 5.73768718e+04 5.84567713e+04 5.93945896e+04
 6.16912119e+04 6.42033861e+04 6.70142142e+04 7.06559279e+04
 7.43639611e+04 7.91149607e+04 8.55284971e+04 8.59531024e+04
 9.12694735e+04 9.46036861e+04 9.65540227e+04 9.85316987e+04
 1.00813384e+05 1.02850090e+05 1.04756702e+05 1.06825389e+05
 1.08556009e+05 1.12411942e+05 1.17353505e+05 1.23857182e+05
 1.32474946e+05 1.65872696e+05 1.14947093e+05 1.42592624e+05
 1.50050006e+05 1.65965119e+05 1.98482940e+05 2.40916904e+05
 2.53992700e+05 2.89009166e+05 3.22733334e+05 3.47877979e+05
 3.74520056e+05 4.05735526e+05 4.45116935e+05 5.02808900e+05
 5.70283888e+05 6.40779973e+05 7.15866610e+05 7.49466203e+05
 7.88993810e+05 8.34847400e+05 8.69422329e+05 8.82970066e+05
 9.13282437e+05 9.37000738e+05 9.57501556e+05 9.80502353e+05
 1.01293071e+06 1.05475873e+06 1.08085685e+06 1.10603633e+06
 1.13316815e+06 1.15979329e+06 1.18251816e+06 1.21423628e+06
 1.24950924e+06 1.30158721e+06 1.36957706e+06 1.46537333e+06
 1.58728432e+06 1.75434055e+06 1.96341892e+06 2.29306868e+06
 2.84492182e+06 3.74408863e+06 5.25211384e+06 7.83070161e+06
 1.25602419e+07 2.18635802e+07 4.24313346e+07 9.48849494e+07
 2.61529893e+08 1.07983700e+09 1.83340031e+10 4.59153712e+09
 3.20715151e+09 2.97485141e+09 1.98217359e+09 1.51363860e+09
 1.10322845e+09 8.17991818e+08 5.99226270e+08 5.83811619e+08
 5.82691306e+08 5.79444108e+08 5.75486860e+08 5.70316610e+08
 5.64960822e+08 5.56294589e+08 5.53410224e+08 5.50636703e+08
 5.46966896e+08 5.44971068e+08 5.41805430e+08 5.39087276e+08
 5.35076632e+08 5.30503771e+08 5.26373329e+08 5.23885136e+08
 5.21093799e+08 5.17976644e+08 5.15971414e+08 5.12944233e+08
 5.09961846e+08 5.08277403e+08 5.06666609e+08 5.04585364e+08
 5.03509569e+08 5.02445066e+08 5.00847767e+08 4.99548257e+08
 4.97893088e+08 4.95650447e+08 4.94391402e+08 4.93526539e+08
 4.92607769e+08 4.91742809e+08 4.91605090e+08 4.91605086e+08
 4.91410923e+08 4.91487227e+08 4.91356512e+08 4.91164561e+08
 4.90779757e+08 4.89924550e+08 4.88443915e+08 4.85562473e+08
 4.83886494e+08 4.82518539e+08 4.80737152e+08 4.79536626e+08
 4.77573728e+08 4.76040601e+08 4.73564191e+08 4.70647909e+08
 4.66500264e+08 4.61234729e+08 4.54276814e+08 4.45438980e+08
 4.32336270e+08 4.28106331e+08 4.24372400e+08 4.18747303e+08
 4.16135368e+08 4.11927100e+08 4.08701579e+08 4.04930520e+08
 4.01154978e+08 3.98569938e+08 3.95096981e+08 3.91605391e+08
 3.85388734e+08 3.78284930e+08 3.70093871e+08 3.69375246e+08
 3.67825510e+08 3.66262992e+08 3.65087468e+08 3.64395192e+08
 3.63288171e+08 3.62514437e+08 3.61812513e+08 3.60897267e+08
 3.60069400e+08 3.59124925e+08 3.58274519e+08 3.57259447e+08
 3.56246945e+08 3.54721396e+08 3.52965099e+08 3.50114461e+08
 3.48756192e+08 3.47259275e+08 3.45456725e+08 3.44229211e+08
 3.42484358e+08 3.40763669e+08 3.38267098e+08 3.34905839e+08
 3.32115167e+08 3.29745754e+08 3.26887259e+08 3.24684935e+08
 3.22193066e+08 3.21477694e+08 3.21015162e+08 3.20699194e+08
 3.20281501e+08 3.19802148e+08 3.19556956e+08 3.19212710e+08
 3.18914386e+08 3.18509413e+08 3.18013642e+08 3.16654012e+08
 3.15482500e+08 3.14099211e+08 3.13148861e+08 3.12344235e+08
 3.11386369e+08 3.10490877e+08 3.09288381e+08 3.08274238e+08
 3.06685426e+08 3.04733801e+08 3.01997416e+08 2.98542713e+08
 2.93983275e+08 2.88406254e+08 2.81311461e+08 2.74406056e+08
 2.66482077e+08 2.58482106e+08 2.49113977e+08 2.38964915e+08
 2.26239981e+08 2.10466874e+08 1.89650614e+08 1.72401604e+08
 1.57848224e+08 1.45178852e+08 1.35289196e+08 2.27561681e+08
 0.00000000e+00 0.00000000e+00 0.00000000e+00 0.00000000e+00
 0.00000000e+00 0.00000000e+00 0.00000000e+00 0.00000000e+00
 0.00000000e+00 0.00000000e+00 0.00000000e+00 0.00000000e+00
 0.00000000e+00 0.00000000e+00 0.00000000e+00 0.00000000e+00
 0.00000000e+00 0.00000000e+00 0.00000000e+00 0.00000000e+00
 0.00000000e+00 0.00000000e+00 0.00000000e+00 0.00000000e+00
 0.00000000e+00 0.00000000e+00 0.00000000e+00 0.00000000e+00
 0.00000000e+00 0.00000000e+00 0.00000000e+00 0.00000000e+00
 0.00000000e+00 0.00000000e+00 0.00000000e+00 0.00000000e+00
 0.00000000e+00 0.00000000e+00 0.00000000e+00 0.00000000e+00
 0.00000000e+00 0.00000000e+00 0.00000000e+00 0.00000000e+00
 0.00000000e+00 0.00000000e+00 0.00000000e+00 0.00000000e+00
 0.00000000e+00 0.00000000e+00 0.00000000e+00 0.00000000e+00
 0.00000000e+00 0.00000000e+00 0.00000000e+00 0.00000000e+00
 0.00000000e+00 0.00000000e+00 0.00000000e+00 0.00000000e+00
 0.00000000e+00 0.00000000e+00 0.00000000e+00 0.00000000e+00
 0.00000000e+00 0.00000000e+00 0.00000000e+00 0.00000000e+00
 0.00000000e+00 0.00000000e+00 0.00000000e+00 0.00000000e+00
 0.00000000e+00 0.00000000e+00 0.00000000e+00 0.00000000e+00
 0.00000000e+00 0.00000000e+00 0.00000000e+00 0.00000000e+00
 0.00000000e+00 0.00000000e+00 0.00000000e+00 0.00000000e+00
 0.00000000e+00 0.00000000e+00 0.00000000e+00 0.00000000e+00
 0.00000000e+00 0.00000000e+00 0.00000000e+00 0.00000000e+00
 0.00000000e+00 0.00000000e+00 0.00000000e+00 0.00000000e+00
 0.00000000e+00 0.00000000e+00 0.00000000e+00 0.00000000e+00
 0.00000000e+00 0.00000000e+00 0.00000000e+00 0.00000000e+00
 0.00000000e+00 0.00000000e+00 0.00000000e+00 0.00000000e+00
 0.00000000e+00 0.00000000e+00 0.00000000e+00 0.00000000e+00
 0.00000000e+00 0.00000000e+00 0.00000000e+00 0.00000000e+00
 0.00000000e+00 0.00000000e+00 0.00000000e+00 0.00000000e+00
 0.00000000e+00 0.00000000e+00 0.00000000e+00 0.00000000e+00
 0.00000000e+00 0.00000000e+00 0.00000000e+00 0.00000000e+00
 0.00000000e+00 0.00000000e+00 0.00000000e+00 0.00000000e+00
 0.00000000e+00 0.00000000e+00 0.00000000e+00 0.00000000e+00
 0.00000000e+00 0.00000000e+00 0.00000000e+00 0.00000000e+00
 0.00000000e+00 0.00000000e+00 0.00000000e+00 0.00000000e+00
 0.00000000e+00 0.00000000e+00 0.00000000e+00 0.00000000e+00
 0.00000000e+00 0.00000000e+00 0.00000000e+00 0.00000000e+00
 0.00000000e+00 0.00000000e+00 0.00000000e+00 0.00000000e+00
 0.00000000e+00 0.00000000e+00 0.00000000e+00 0.00000000e+00
 0.00000000e+00 0.00000000e+00 0.00000000e+00 0.00000000e+00
 0.00000000e+00 0.00000000e+00 0.00000000e+00 0.00000000e+00
 0.00000000e+00 0.00000000e+00 0.00000000e+00 0.00000000e+00
 0.00000000e+00 0.00000000e+00 0.00000000e+00 0.00000000e+00
 0.00000000e+00 0.00000000e+00 0.00000000e+00 0.00000000e+00
 0.00000000e+00 0.00000000e+00 0.00000000e+00 0.00000000e+00
 0.00000000e+00 0.00000000e+00 0.00000000e+00 0.00000000e+00
 0.00000000e+00 0.00000000e+00 0.00000000e+00 0.00000000e+00
 0.00000000e+00 0.00000000e+00 0.00000000e+00 0.00000000e+00
 0.00000000e+00 0.00000000e+00 0.00000000e+00 0.00000000e+00
 0.00000000e+00 0.00000000e+00 0.00000000e+00 0.00000000e+00
 0.00000000e+00 0.00000000e+00 0.00000000e+00 0.00000000e+00
 0.00000000e+00 0.00000000e+00 0.00000000e+00 0.00000000e+00
 0.00000000e+00 0.00000000e+00 0.00000000e+00 0.00000000e+00
 0.00000000e+00 0.00000000e+00 0.00000000e+00 0.00000000e+00
 0.00000000e+00 0.00000000e+00 0.00000000e+00 0.00000000e+00
 0.00000000e+00 0.00000000e+00 0.00000000e+00 0.00000000e+00
 0.00000000e+00 0.00000000e+00 0.00000000e+00 0.00000000e+00
 0.00000000e+00 0.00000000e+00 0.00000000e+00 0.00000000e+00
 0.00000000e+00 0.00000000e+00 0.00000000e+00 0.00000000e+00
 0.00000000e+00 0.00000000e+00 0.00000000e+00 0.00000000e+00
 0.00000000e+00 0.00000000e+00 0.00000000e+00 0.00000000e+00
 0.00000000e+00 0.00000000e+00 0.00000000e+00 0.00000000e+00
 0.00000000e+00 0.00000000e+00 0.00000000e+00 0.00000000e+00
 0.00000000e+00 0.00000000e+00 0.00000000e+00 0.00000000e+00
 0.00000000e+00 0.00000000e+00 0.00000000e+00 0.00000000e+00
 0.00000000e+00 0.00000000e+00 0.00000000e+00 0.00000000e+00
 0.00000000e+00 0.00000000e+00 0.00000000e+00 0.00000000e+00]
[WARNING]: Quasi-static verification failed
[WARNING]: Max normalized derivatives: dVg/dt=2.50e+11, dVd/dt=0.00e+00, dId/dt=1.83e+10

  ngspice: ✓ PASS  (122.0s)

✓ Benchmark completed: /home/duhaochen/website-trial-v1/data/spice-model-benchmark/b5d9b3d1a2233d5008f1575a9224763e/ngspice
