$ /usr/bin/time -v -o /home/duhaochen/website-trial-v1/data/spice-model-benchmark/304a79d50eb91f4919dae560a8c50916/ngspice/resource.txt /usr/bin/python -m spice_model_benchmark.cli /home/duhaochen/pipeline_full_collection/benchmark-inputs/304a79d50eb91f4919dae560a8c50916/ngspice.lib --simulator ngspice --modes dc transient ac noise --output-dir /home/duhaochen/website-trial-v1/data/spice-model-benchmark/304a79d50eb91f4919dae560a8c50916 --dpi 120 --log-level WARNING
/home/duhaochen/spice_model_benchmark/src/spice_model_benchmark/verification_manager.py:1557: RuntimeWarning: divide by zero encountered in divide
  tc = np.mean((d_ids / d_temp) / np.abs(i_ds[:-1]))
SPICE Model Benchmark: /home/duhaochen/pipeline_full_collection/benchmark-inputs/304a79d50eb91f4919dae560a8c50916/ngspice.lib
Simulators: ngspice
Modes: dc, transient, ac, noise
------------------------------------------------------------

============================================================
  Running: NGSPICE
  Output:  /home/duhaochen/website-trial-v1/data/spice-model-benchmark/304a79d50eb91f4919dae560a8c50916/ngspice
============================================================
Vgs range: -1.200V to 0.000V
Ids range: 0.000e+00A to 6.377e-04A
Selected Vgs values: [-1.2 -1.  -0.8 -0.6 -0.4 -0.2  0. ]
Vgs=-1.200V: Ids range 0.000e+00A to 6.377e-04A
Vgs=-1.000V: Ids range 0.000e+00A to 3.515e-04A
Vgs=-0.800V: Ids range 0.000e+00A to 1.310e-04A
Vgs=-0.600V: Ids range 0.000e+00A to 8.962e-06A
Vgs=-0.400V: Ids range 0.000e+00A to 1.044e-07A
Vgs=-0.200V: Ids range 0.000e+00A to 7.558e-10A
Vgs=0.000V: Ids range 2.049e-16A to 4.652e-12A
ids_variation: 6.234049017115818
ids_variation <= max_variation: False
tc: inf
abs(tc) <= max_tc: False
[WARNING]: Temperature effects verification failed - effects outside expected range
/home/duhaochen/spice_model_benchmark/src/spice_model_benchmark/verification_manager.py:1817: RuntimeWarning: divide by zero encountered in log
  log_ids = np.log(np.abs(i_ds))
/home/duhaochen/.local/lib/python3.9/site-packages/numpy/lib/function_base.py:2742: RuntimeWarning: invalid value encountered in subtract
  X -= avg[:, None]
/home/duhaochen/spice_model_benchmark/src/spice_model_benchmark/verification_manager.py:1862: RuntimeWarning: divide by zero encountered in divide
  efficiency = np.abs(gm / i_ds)  # Transconductance efficiency
[INFO]: S-parameter analysis plot saved to /home/duhaochen/website-trial-v1/data/spice-model-benchmark/304a79d50eb91f4919dae560a8c50916/ngspice/plots/ac_cv_sparameter_analysis.png
[INFO]: NQS effects plot saved to /home/duhaochen/website-trial-v1/data/spice-model-benchmark/304a79d50eb91f4919dae560a8c50916/ngspice/plots/ac_cv_nqs_effects.png
[INFO]: S-parameter analysis plot saved to /home/duhaochen/website-trial-v1/data/spice-model-benchmark/304a79d50eb91f4919dae560a8c50916/ngspice/plots/ac_cv_sparameter_analysis.png
norm_dvg: [2.50000000e+11 1.25000000e+11 6.25000000e+10 3.12500000e+10
 1.56250000e+10 7.81249992e+09 6.89738300e+09 5.58822930e+09
 5.27385794e+09 4.85462645e+09 4.60801790e+09 4.35162242e+09
 4.11069519e+09 3.97915242e+09 3.82028783e+09 3.65291936e+09
 3.49198111e+09 3.33970864e+09 3.15368012e+09 2.98523790e+09
 2.82922159e+09 2.68968155e+09 2.55374962e+09 2.48581916e+09
 2.46400667e+09 2.43757530e+09 2.41640697e+09 2.39267317e+09
 2.36644957e+09 2.33893436e+09 2.32127851e+09 2.30905365e+09
 2.29879905e+09 2.28737124e+09 2.27346999e+09 2.25528046e+09
 2.24082938e+09 2.22460924e+09 2.20694715e+09 2.19502111e+09
 2.18098026e+09 2.16724656e+09 2.15473491e+09 2.14091995e+09
 2.12431429e+09 2.10725563e+09 2.08486231e+09 2.05775555e+09
 2.02846641e+09 1.99999857e+09 1.99440276e+09 1.98330020e+09
 1.96517980e+09 1.92991411e+09 1.86304818e+09 1.77764159e+09
 1.69370281e+09 1.61006538e+09 1.48205124e+09 1.30143655e+09
 1.13097757e+09 1.00000145e+09 9.96567932e+08 9.89774584e+08
 9.76461828e+08 9.50882537e+08 9.03543970e+08 8.21726691e+08
 6.95728235e+08 5.32444681e+08 3.73394955e+08 2.87510869e+08
 2.33747021e+08 1.96922907e+08 1.70122149e+08 1.49742532e+08
 1.33723281e+08 1.20800239e+08 1.14330760e+08 1.07906180e+08
 1.01863022e+08 9.80203439e+07 9.52388907e+07 9.52188058e+07
 9.51838263e+07 9.51115636e+07 9.49676150e+07 9.46802077e+07
 9.41112633e+07 9.35372618e+07 9.33096007e+07 9.31348886e+07
 9.30109802e+07 9.29088524e+07 9.28080915e+07 9.26913946e+07
 9.25613779e+07 9.24646492e+07 9.23442118e+07 9.22104039e+07
 9.20615417e+07 9.18987358e+07 9.17409952e+07 9.16988341e+07
 9.16618433e+07 9.16304788e+07 9.15988550e+07 9.15586074e+07
 9.15177964e+07 9.14840122e+07 9.14689139e+07 9.14478020e+07
 9.14338874e+07 9.14088388e+07 9.13870504e+07 9.13629293e+07
 9.13364844e+07 9.13095062e+07 9.12896356e+07 9.12662958e+07
 9.12472430e+07 9.12119245e+07 9.11838556e+07 9.11507740e+07
 9.11196198e+07 9.10769539e+07 9.10229257e+07 9.09657522e+07
 9.09079895e+07 9.08993750e+07 9.08752712e+07 9.08288880e+07
 9.07390778e+07 9.05579713e+07 9.01984111e+07 8.94877976e+07
 8.80995340e+07 8.76246937e+07 8.72259634e+07 8.69912591e+07
 8.68047362e+07 8.66341539e+07 8.64209539e+07 8.62242223e+07
 8.60803263e+07 8.58835887e+07 8.56750932e+07 8.53860151e+07
 8.49848407e+07 8.43384295e+07 8.33329332e+07 8.32610749e+07
 8.31169332e+07 8.28301585e+07 8.22624560e+07 8.11501210e+07
 7.90132998e+07 7.50603682e+07 7.08084421e+07 6.70124068e+07
 6.36026722e+07 6.05231262e+07 5.77280219e+07 5.51796904e+07
 5.28468394e+07 5.13840061e+07 0.00000000e+00 0.00000000e+00
 0.00000000e+00 0.00000000e+00 0.00000000e+00 0.00000000e+00
 0.00000000e+00 0.00000000e+00 0.00000000e+00 0.00000000e+00
 0.00000000e+00 0.00000000e+00 0.00000000e+00 0.00000000e+00
 0.00000000e+00 0.00000000e+00 0.00000000e+00 0.00000000e+00
 0.00000000e+00 0.00000000e+00 0.00000000e+00 0.00000000e+00
 0.00000000e+00 0.00000000e+00 0.00000000e+00 0.00000000e+00
 0.00000000e+00 0.00000000e+00 0.00000000e+00 0.00000000e+00
 0.00000000e+00 0.00000000e+00 0.00000000e+00 0.00000000e+00
 0.00000000e+00 0.00000000e+00 0.00000000e+00 0.00000000e+00
 0.00000000e+00 0.00000000e+00 0.00000000e+00 0.00000000e+00
 0.00000000e+00 0.00000000e+00 0.00000000e+00 0.00000000e+00
 0.00000000e+00 0.00000000e+00 0.00000000e+00 0.00000000e+00
 0.00000000e+00 0.00000000e+00 0.00000000e+00 0.00000000e+00
 0.00000000e+00 0.00000000e+00 0.00000000e+00 0.00000000e+00
 0.00000000e+00 0.00000000e+00 0.00000000e+00 0.00000000e+00
 0.00000000e+00 0.00000000e+00 0.00000000e+00 0.00000000e+00
 0.00000000e+00 0.00000000e+00 0.00000000e+00 0.00000000e+00
 0.00000000e+00 0.00000000e+00 0.00000000e+00 0.00000000e+00
 0.00000000e+00 0.00000000e+00 0.00000000e+00 0.00000000e+00
 0.00000000e+00 0.00000000e+00 0.00000000e+00 0.00000000e+00
 0.00000000e+00 0.00000000e+00 0.00000000e+00 0.00000000e+00
 0.00000000e+00 0.00000000e+00 0.00000000e+00 0.00000000e+00
 0.00000000e+00 0.00000000e+00 0.00000000e+00 0.00000000e+00
 0.00000000e+00 0.00000000e+00 0.00000000e+00 0.00000000e+00
 0.00000000e+00 0.00000000e+00 0.00000000e+00 0.00000000e+00
 0.00000000e+00 0.00000000e+00 0.00000000e+00 0.00000000e+00
 0.00000000e+00 0.00000000e+00 0.00000000e+00 0.00000000e+00
 0.00000000e+00 0.00000000e+00 0.00000000e+00 0.00000000e+00
 0.00000000e+00 0.00000000e+00 0.00000000e+00 0.00000000e+00
 0.00000000e+00 0.00000000e+00 0.00000000e+00 0.00000000e+00
 0.00000000e+00 0.00000000e+00 0.00000000e+00 0.00000000e+00
 0.00000000e+00 0.00000000e+00 0.00000000e+00 0.00000000e+00
 0.00000000e+00 0.00000000e+00 0.00000000e+00 0.00000000e+00
 0.00000000e+00 0.00000000e+00 0.00000000e+00 0.00000000e+00
 0.00000000e+00 0.00000000e+00 0.00000000e+00 0.00000000e+00
 0.00000000e+00 0.00000000e+00 0.00000000e+00 0.00000000e+00
 0.00000000e+00 0.00000000e+00 0.00000000e+00 0.00000000e+00
 0.00000000e+00 0.00000000e+00 0.00000000e+00 0.00000000e+00
 0.00000000e+00 0.00000000e+00 0.00000000e+00 0.00000000e+00
 0.00000000e+00 0.00000000e+00 0.00000000e+00 0.00000000e+00
 0.00000000e+00]
norm_dvd: [0. 0. 0. 0. 0. 0. 0. 0. 0. 0. 0. 0. 0. 0. 0. 0. 0. 0. 0. 0. 0. 0. 0. 0.
 0. 0. 0. 0. 0. 0. 0. 0. 0. 0. 0. 0. 0. 0. 0. 0. 0. 0. 0. 0. 0. 0. 0. 0.
 0. 0. 0. 0. 0. 0. 0. 0. 0. 0. 0. 0. 0. 0. 0. 0. 0. 0. 0. 0. 0. 0. 0. 0.
 0. 0. 0. 0. 0. 0. 0. 0. 0. 0. 0. 0. 0. 0. 0. 0. 0. 0. 0. 0. 0. 0. 0. 0.
 0. 0. 0. 0. 0. 0. 0. 0. 0. 0. 0. 0. 0. 0. 0. 0. 0. 0. 0. 0. 0. 0. 0. 0.
 0. 0. 0. 0. 0. 0. 0. 0. 0. 0. 0. 0. 0. 0. 0. 0. 0. 0. 0. 0. 0. 0. 0. 0.
 0. 0. 0. 0. 0. 0. 0. 0. 0. 0. 0. 0. 0. 0. 0. 0. 0. 0. 0. 0. 0. 0. 0. 0.
 0. 0. 0. 0. 0. 0. 0. 0. 0. 0. 0. 0. 0. 0. 0. 0. 0. 0. 0. 0. 0. 0. 0. 0.
 0. 0. 0. 0. 0. 0. 0. 0. 0. 0. 0. 0. 0. 0. 0. 0. 0. 0. 0. 0. 0. 0. 0. 0.
 0. 0. 0. 0. 0. 0. 0. 0. 0. 0. 0. 0. 0. 0. 0. 0. 0. 0. 0. 0. 0. 0. 0. 0.
 0. 0. 0. 0. 0. 0. 0. 0. 0. 0. 0. 0. 0. 0. 0. 0. 0. 0. 0. 0. 0. 0. 0. 0.
 0. 0. 0. 0. 0. 0. 0. 0. 0. 0. 0. 0. 0. 0. 0. 0. 0. 0. 0. 0. 0. 0. 0. 0.
 0. 0. 0. 0. 0. 0. 0. 0. 0. 0. 0. 0. 0. 0. 0. 0. 0. 0. 0. 0. 0. 0. 0. 0.
 0. 0. 0. 0. 0. 0. 0. 0. 0. 0. 0. 0. 0. 0. 0. 0. 0.]
norm_did: [0.00000000e+00 0.00000000e+00 4.62930175e+02 2.31465086e+02
 2.31465084e+02 4.36147335e+02 2.18073666e+02 6.94377681e+02
 0.00000000e+00 6.71889085e+02 5.79284375e+02 0.00000000e+00
 9.21034987e+02 0.00000000e+00 6.17585573e+02 5.87069321e+02
 0.00000000e+00 4.19355578e+02 4.13982334e+02 8.01937016e+02
 4.03928885e+02 3.74277186e+02 6.92171332e+02 0.00000000e+00
 0.00000000e+00 2.06103905e+03 0.00000000e+00 0.00000000e+00
 1.48991924e+03 0.00000000e+00 0.00000000e+00 0.00000000e+00
 0.00000000e+00 2.77041591e+03 0.00000000e+00 0.00000000e+00
 0.00000000e+00 2.05889289e+03 0.00000000e+00 0.00000000e+00
 0.00000000e+00 2.76447455e+03 0.00000000e+00 0.00000000e+00
 0.00000000e+00 1.45314603e+03 0.00000000e+00 1.05559566e+03
 1.05559565e+03 0.00000000e+00 0.00000000e+00 0.00000000e+00
 7.96568787e+02 7.96568771e+02 5.74435909e+02 7.97032827e+02
 9.65994836e+02 8.28391269e+02 9.49182594e+02 1.21519495e+03
 1.66289813e+03 8.60354417e+03 2.15088286e+03 2.15088281e+03
 2.15088275e+03 2.15088302e+03 2.48695797e+03 3.22632296e+03
 5.34359373e+03 1.29897642e+04 6.96051550e+04 4.11960325e+05
 2.35329004e+06 1.33243699e+07 6.82606815e+07 2.76142152e+08
 9.50583872e+08 2.05852466e+09 1.14335078e+09 2.03176268e+10
 4.37786559e+09 2.33012859e+09 2.75215849e+09 1.53369445e+09
 1.54048156e+09 1.53629158e+09 1.52783782e+09 1.51062299e+09
 1.44397047e+09 1.36328121e+09 1.33617741e+09 1.31592827e+09
 1.30268986e+09 1.29244071e+09 1.28358917e+09 1.27302483e+09
 1.25937571e+09 1.25134611e+09 1.24080481e+09 1.22930404e+09
 1.21641937e+09 1.20179231e+09 1.18380943e+09 1.17969935e+09
 1.17595923e+09 1.17366219e+09 1.17125925e+09 1.16769808e+09
 1.16400282e+09 1.16091437e+09 1.15916753e+09 1.15774147e+09
 1.15655845e+09 1.15472782e+09 1.15246352e+09 1.15080021e+09
 1.14893089e+09 1.14611547e+09 1.14448424e+09 1.14292011e+09
 1.14142585e+09 1.13851223e+09 1.13643621e+09 1.13369848e+09
 1.13152270e+09 1.12837490e+09 1.12419232e+09 1.11961479e+09
 1.11869470e+09 1.11040990e+09 1.11194446e+09 1.10989761e+09
 1.10580833e+09 1.09750726e+09 1.08054810e+09 1.04550210e+09
 9.26127056e+08 8.94302296e+08 8.66928416e+08 8.52283670e+08
 8.41295430e+08 8.32457805e+08 8.20333160e+08 8.08704651e+08
 8.01834965e+08 7.91594550e+08 7.81947056e+08 7.68754143e+08
 7.52021500e+08 7.25142946e+08 6.70662963e+08 6.66169553e+08
 6.62155718e+08 6.53093432e+08 6.35210363e+08 6.00856855e+08
 5.39677538e+08 4.34748814e+08 3.51497249e+08 2.96310757e+08
 2.56745692e+08 2.26686331e+08 2.02880793e+08 1.83458552e+08
 1.66117320e+08 1.56773922e+08 1.36725455e+09 0.00000000e+00
 0.00000000e+00 0.00000000e+00 0.00000000e+00 0.00000000e+00
 0.00000000e+00 0.00000000e+00 0.00000000e+00 0.00000000e+00
 0.00000000e+00 0.00000000e+00 0.00000000e+00 0.00000000e+00
 0.00000000e+00 0.00000000e+00 0.00000000e+00 0.00000000e+00
 0.00000000e+00 0.00000000e+00 0.00000000e+00 0.00000000e+00
 0.00000000e+00 0.00000000e+00 0.00000000e+00 0.00000000e+00
 0.00000000e+00 0.00000000e+00 0.00000000e+00 0.00000000e+00
 0.00000000e+00 0.00000000e+00 0.00000000e+00 0.00000000e+00
 0.00000000e+00 0.00000000e+00 0.00000000e+00 0.00000000e+00
 0.00000000e+00 0.00000000e+00 0.00000000e+00 0.00000000e+00
 0.00000000e+00 0.00000000e+00 0.00000000e+00 0.00000000e+00
 0.00000000e+00 0.00000000e+00 0.00000000e+00 0.00000000e+00
 0.00000000e+00 0.00000000e+00 0.00000000e+00 0.00000000e+00
 0.00000000e+00 0.00000000e+00 0.00000000e+00 0.00000000e+00
 0.00000000e+00 0.00000000e+00 0.00000000e+00 0.00000000e+00
 0.00000000e+00 0.00000000e+00 0.00000000e+00 0.00000000e+00
 0.00000000e+00 0.00000000e+00 0.00000000e+00 0.00000000e+00
 0.00000000e+00 0.00000000e+00 0.00000000e+00 0.00000000e+00
 0.00000000e+00 0.00000000e+00 0.00000000e+00 0.00000000e+00
 0.00000000e+00 0.00000000e+00 0.00000000e+00 0.00000000e+00
 0.00000000e+00 0.00000000e+00 0.00000000e+00 0.00000000e+00
 0.00000000e+00 0.00000000e+00 0.00000000e+00 0.00000000e+00
 0.00000000e+00 0.00000000e+00 0.00000000e+00 0.00000000e+00
 0.00000000e+00 0.00000000e+00 0.00000000e+00 0.00000000e+00
 0.00000000e+00 0.00000000e+00 0.00000000e+00 0.00000000e+00
 0.00000000e+00 0.00000000e+00 0.00000000e+00 0.00000000e+00
 0.00000000e+00 0.00000000e+00 0.00000000e+00 0.00000000e+00
 0.00000000e+00 0.00000000e+00 0.00000000e+00 0.00000000e+00
 0.00000000e+00 0.00000000e+00 0.00000000e+00 0.00000000e+00
 0.00000000e+00 0.00000000e+00 0.00000000e+00 0.00000000e+00
 0.00000000e+00 0.00000000e+00 0.00000000e+00 0.00000000e+00
 0.00000000e+00 0.00000000e+00 0.00000000e+00 0.00000000e+00
 0.00000000e+00 0.00000000e+00 0.00000000e+00 0.00000000e+00
 0.00000000e+00 0.00000000e+00 0.00000000e+00 0.00000000e+00
 0.00000000e+00 0.00000000e+00 0.00000000e+00 0.00000000e+00
 0.00000000e+00 0.00000000e+00 0.00000000e+00 0.00000000e+00
 0.00000000e+00 0.00000000e+00 0.00000000e+00 0.00000000e+00
 0.00000000e+00 0.00000000e+00 0.00000000e+00 0.00000000e+00
 0.00000000e+00 0.00000000e+00 0.00000000e+00 0.00000000e+00
 0.00000000e+00 0.00000000e+00 0.00000000e+00 0.00000000e+00
 0.00000000e+00]
[WARNING]: Quasi-static verification failed
[WARNING]: Max normalized derivatives: dVg/dt=2.50e+11, dVd/dt=0.00e+00, dId/dt=2.03e+10

  ngspice: ✓ PASS  (54.1s)

✓ Benchmark completed: /home/duhaochen/website-trial-v1/data/spice-model-benchmark/304a79d50eb91f4919dae560a8c50916/ngspice
