$ /usr/bin/time -v -o /home/duhaochen/website-trial-v1/data/spice-model-benchmark/66a4abb39f17309b61d3bc150a99d4d7/ngspice/resource.txt /usr/bin/python -m spice_model_benchmark.cli /home/duhaochen/pipeline_full_collection/benchmark-inputs/66a4abb39f17309b61d3bc150a99d4d7/ngspice.lib --simulator ngspice --modes dc transient ac noise --output-dir /home/duhaochen/website-trial-v1/data/spice-model-benchmark/66a4abb39f17309b61d3bc150a99d4d7 --dpi 120 --log-level WARNING
/home/duhaochen/spice_model_benchmark/src/spice_model_benchmark/verification_manager.py:1557: RuntimeWarning: divide by zero encountered in divide
  tc = np.mean((d_ids / d_temp) / np.abs(i_ds[:-1]))
SPICE Model Benchmark: /home/duhaochen/pipeline_full_collection/benchmark-inputs/66a4abb39f17309b61d3bc150a99d4d7/ngspice.lib
Simulators: ngspice
Modes: dc, transient, ac, noise
------------------------------------------------------------

============================================================
  Running: NGSPICE
  Output:  /home/duhaochen/website-trial-v1/data/spice-model-benchmark/66a4abb39f17309b61d3bc150a99d4d7/ngspice
============================================================
Vgs range: 0.000V to 1.200V
Ids range: -7.965e-04A to 0.000e+00A
Selected Vgs values: [0.  0.2 0.4 0.6 0.8 1.  1.2]
Vgs=0.000V: Ids range -5.752e-12A to -1.839e-16A
Vgs=0.200V: Ids range -6.160e-10A to 0.000e+00A
Vgs=0.400V: Ids range -6.022e-08A to 0.000e+00A
Vgs=0.600V: Ids range -3.676e-06A to 0.000e+00A
Vgs=0.800V: Ids range -1.047e-04A to 0.000e+00A
Vgs=1.000V: Ids range -3.885e-04A to 0.000e+00A
Vgs=1.200V: Ids range -7.965e-04A to 0.000e+00A
ids_variation: 7.116387344223738
ids_variation <= max_variation: False
tc: inf
abs(tc) <= max_tc: False
[WARNING]: Temperature effects verification failed - effects outside expected range
/home/duhaochen/spice_model_benchmark/src/spice_model_benchmark/verification_manager.py:1817: RuntimeWarning: divide by zero encountered in log
  log_ids = np.log(np.abs(i_ds))
/home/duhaochen/.local/lib/python3.9/site-packages/numpy/lib/function_base.py:2742: RuntimeWarning: invalid value encountered in subtract
  X -= avg[:, None]
/home/duhaochen/spice_model_benchmark/src/spice_model_benchmark/verification_manager.py:1862: RuntimeWarning: divide by zero encountered in divide
  efficiency = np.abs(gm / i_ds)  # Transconductance efficiency
[INFO]: S-parameter analysis plot saved to /home/duhaochen/website-trial-v1/data/spice-model-benchmark/66a4abb39f17309b61d3bc150a99d4d7/ngspice/plots/ac_cv_sparameter_analysis.png
[INFO]: NQS effects plot saved to /home/duhaochen/website-trial-v1/data/spice-model-benchmark/66a4abb39f17309b61d3bc150a99d4d7/ngspice/plots/ac_cv_nqs_effects.png
[INFO]: S-parameter analysis plot saved to /home/duhaochen/website-trial-v1/data/spice-model-benchmark/66a4abb39f17309b61d3bc150a99d4d7/ngspice/plots/ac_cv_sparameter_analysis.png
norm_dvg: [2.50000000e+11 1.25000000e+11 6.25000000e+10 3.12500000e+10
 1.56249998e+10 9.14906751e+09 6.21454088e+09 4.60964167e+09
 4.17293067e+09 3.90399613e+09 3.54786330e+09 3.34255580e+09
 3.12052894e+09 2.93180685e+09 2.66572733e+09 2.38296690e+09
 2.17475233e+09 2.05608995e+09 2.00000254e+09 1.99895177e+09
 1.99684849e+09 1.99266874e+09 1.98435290e+09 1.96793211e+09
 1.93589040e+09 1.91771694e+09 1.90520078e+09 1.89407044e+09
 1.88019585e+09 1.87037162e+09 1.85689977e+09 1.84393896e+09
 1.81957245e+09 1.77272097e+09 1.72812181e+09 1.69814464e+09
 1.67608657e+09 1.64555726e+09 1.62279302e+09 1.59736087e+09
 1.56583591e+09 1.52443374e+09 1.47748444e+09 1.42356956e+09
 1.37539908e+09 1.33771229e+09 1.29957026e+09 1.26809832e+09
 1.23343860e+09 1.18997881e+09 1.13308346e+09 1.06163773e+09
 1.03094917e+09 1.01014887e+09 9.99996827e+08 9.98951428e+08
 9.96859688e+08 9.92700412e+08 9.84487438e+08 9.68462085e+08
 9.55509010e+08 9.41362310e+08 9.28287821e+08 9.15631967e+08
 9.03039884e+08 8.88762760e+08 8.61520984e+08 8.34062053e+08
 7.94308711e+08 7.55507727e+08 7.17561572e+08 6.74833581e+08
 6.27913988e+08 5.94362360e+08 5.81797314e+08 5.69842627e+08
 5.56575672e+08 5.46530126e+08 5.35703126e+08 5.20964933e+08
 4.95138087e+08 4.75364960e+08 4.64693066e+08 4.61506021e+08
 4.56760782e+08 4.54984586e+08 4.53413158e+08 4.52136124e+08
 4.50512491e+08 4.49534423e+08 4.48783006e+08 4.47868519e+08
 4.46049854e+08 4.42646772e+08 4.36909239e+08 4.30825445e+08
 4.27285339e+08 4.24984337e+08 4.22211025e+08 4.19809339e+08
 4.17213958e+08 4.14238866e+08 4.09519003e+08 4.04517612e+08
 3.98400887e+08 3.92714770e+08 3.85558420e+08 3.77823787e+08
 3.67232018e+08 3.54429576e+08 3.37579639e+08 3.19574887e+08
 2.99411323e+08 2.78462943e+08 2.55094693e+08 2.30080962e+08
 2.03400571e+08 1.75173118e+08 1.53641964e+08 1.36824390e+08
 1.23325266e+08 1.12250598e+08 1.03001055e+08 9.52371978e+07
 9.52234004e+07 9.51899895e+07 9.51253640e+07 9.49981953e+07
 9.47991832e+07 9.45838465e+07 9.43196284e+07 9.40363815e+07
 9.38917421e+07 9.37345861e+07 9.35867603e+07 9.34507861e+07
 9.33059621e+07 9.31220527e+07 9.29517470e+07 9.27724641e+07
 9.26407631e+07 9.25319830e+07 9.24318724e+07 9.23126419e+07
 9.22135405e+07 9.21337661e+07 9.20336453e+07 9.19377736e+07
 9.18131864e+07 9.16605148e+07 9.15495451e+07 9.14995579e+07
 9.14501286e+07 9.13845252e+07 9.13508279e+07 9.12921432e+07
 9.12368902e+07 9.11324565e+07 9.10211415e+07 9.09090909e+07
 9.09040757e+07 9.08993922e+07 9.08947038e+07 9.08739731e+07
 9.08363769e+07 9.07623403e+07 9.06953390e+07 9.06142048e+07
 9.05393127e+07 9.04759089e+07 9.03871294e+07 9.02911892e+07
 9.01544632e+07 8.99791607e+07 8.97400456e+07 8.94300341e+07
 8.90210999e+07 8.85077082e+07 8.78789300e+07 8.75563711e+07
 8.73064239e+07 8.69759907e+07 8.67269292e+07 8.64567254e+07
 8.61246416e+07 8.58265485e+07 8.53156792e+07 8.47141926e+07
 8.42417752e+07 8.39464578e+07 8.38013606e+07 8.37082148e+07
 8.36124650e+07 8.34975763e+07 8.34356769e+07 8.33689554e+07
 8.33345217e+07 8.33258122e+07 8.33081013e+07 8.32764112e+07
 8.32118599e+07 8.31051755e+07 8.29902689e+07 8.28647966e+07
 8.26388872e+07 8.21908863e+07 8.19964083e+07 8.18534454e+07
 8.16521282e+07 8.15231109e+07 8.13432649e+07 8.11605019e+07
 8.08583474e+07 8.05206600e+07 8.01236512e+07 7.98888676e+07
 7.97044256e+07 7.95160986e+07 7.94640940e+07 7.94074589e+07
 7.93378892e+07 7.93042934e+07 7.92596484e+07 7.92067493e+07
 7.91430239e+07 7.90565823e+07 7.88835556e+07 7.87089191e+07
 7.85100585e+07 7.83889748e+07 7.82970014e+07 7.81781282e+07
 7.80407116e+07 7.79159390e+07 7.77715424e+07 7.75623405e+07
 7.72875944e+07 7.69192650e+07 7.64424178e+07 7.58334923e+07
 7.50772259e+07 7.42147504e+07 7.32612451e+07 7.21947617e+07
 7.09977996e+07 6.96102323e+07 6.79572487e+07 6.58790722e+07
 6.33319236e+07 6.02779120e+07 5.75048910e+07 5.49757895e+07
 5.26597722e+07 5.12954443e+07 0.00000000e+00 0.00000000e+00
 0.00000000e+00 0.00000000e+00 0.00000000e+00 0.00000000e+00
 0.00000000e+00 0.00000000e+00 0.00000000e+00 0.00000000e+00
 0.00000000e+00 0.00000000e+00 0.00000000e+00 0.00000000e+00
 0.00000000e+00 0.00000000e+00 0.00000000e+00 0.00000000e+00
 0.00000000e+00 0.00000000e+00 0.00000000e+00 0.00000000e+00
 0.00000000e+00 0.00000000e+00 0.00000000e+00 0.00000000e+00
 0.00000000e+00 0.00000000e+00 0.00000000e+00 0.00000000e+00
 0.00000000e+00 0.00000000e+00 0.00000000e+00 0.00000000e+00
 0.00000000e+00 0.00000000e+00 0.00000000e+00 0.00000000e+00
 0.00000000e+00 0.00000000e+00 0.00000000e+00 0.00000000e+00
 0.00000000e+00 0.00000000e+00 0.00000000e+00 0.00000000e+00
 0.00000000e+00 0.00000000e+00 0.00000000e+00 0.00000000e+00
 0.00000000e+00 0.00000000e+00 0.00000000e+00 0.00000000e+00
 0.00000000e+00 0.00000000e+00 0.00000000e+00 0.00000000e+00
 0.00000000e+00 0.00000000e+00 0.00000000e+00 0.00000000e+00
 0.00000000e+00 0.00000000e+00 0.00000000e+00 0.00000000e+00
 0.00000000e+00 0.00000000e+00 0.00000000e+00 0.00000000e+00
 0.00000000e+00 0.00000000e+00 0.00000000e+00 0.00000000e+00
 0.00000000e+00 0.00000000e+00 0.00000000e+00 0.00000000e+00
 0.00000000e+00 0.00000000e+00 0.00000000e+00 0.00000000e+00
 0.00000000e+00 0.00000000e+00 0.00000000e+00 0.00000000e+00
 0.00000000e+00 0.00000000e+00 0.00000000e+00 0.00000000e+00
 0.00000000e+00 0.00000000e+00 0.00000000e+00 0.00000000e+00
 0.00000000e+00 0.00000000e+00 0.00000000e+00 0.00000000e+00
 0.00000000e+00 0.00000000e+00 0.00000000e+00 0.00000000e+00
 0.00000000e+00 0.00000000e+00 0.00000000e+00 0.00000000e+00
 0.00000000e+00 0.00000000e+00 0.00000000e+00 0.00000000e+00
 0.00000000e+00 0.00000000e+00 0.00000000e+00 0.00000000e+00
 0.00000000e+00 0.00000000e+00 0.00000000e+00 0.00000000e+00
 0.00000000e+00 0.00000000e+00 0.00000000e+00 0.00000000e+00
 0.00000000e+00 0.00000000e+00 0.00000000e+00 0.00000000e+00
 0.00000000e+00 0.00000000e+00 0.00000000e+00 0.00000000e+00
 0.00000000e+00 0.00000000e+00 0.00000000e+00 0.00000000e+00
 0.00000000e+00 0.00000000e+00 0.00000000e+00 0.00000000e+00
 0.00000000e+00 0.00000000e+00 0.00000000e+00 0.00000000e+00
 0.00000000e+00 0.00000000e+00 0.00000000e+00 0.00000000e+00
 0.00000000e+00 0.00000000e+00 0.00000000e+00 0.00000000e+00
 0.00000000e+00 0.00000000e+00 0.00000000e+00 0.00000000e+00
 0.00000000e+00 0.00000000e+00 0.00000000e+00 0.00000000e+00
 0.00000000e+00 0.00000000e+00 0.00000000e+00 0.00000000e+00
 0.00000000e+00 0.00000000e+00 0.00000000e+00 0.00000000e+00
 0.00000000e+00 0.00000000e+00 0.00000000e+00 0.00000000e+00
 0.00000000e+00 0.00000000e+00 0.00000000e+00 0.00000000e+00
 0.00000000e+00 0.00000000e+00 0.00000000e+00 0.00000000e+00
 0.00000000e+00 0.00000000e+00 0.00000000e+00 0.00000000e+00
 0.00000000e+00 0.00000000e+00 0.00000000e+00 0.00000000e+00
 0.00000000e+00 0.00000000e+00 0.00000000e+00 0.00000000e+00
 0.00000000e+00 0.00000000e+00 0.00000000e+00 0.00000000e+00
 0.00000000e+00 0.00000000e+00 0.00000000e+00 0.00000000e+00
 0.00000000e+00 0.00000000e+00 0.00000000e+00 0.00000000e+00
 0.00000000e+00 0.00000000e+00 0.00000000e+00 0.00000000e+00
 0.00000000e+00 0.00000000e+00 0.00000000e+00 0.00000000e+00
 0.00000000e+00 0.00000000e+00 0.00000000e+00 0.00000000e+00
 0.00000000e+00 0.00000000e+00 0.00000000e+00 0.00000000e+00
 0.00000000e+00 0.00000000e+00 0.00000000e+00 0.00000000e+00
 0.00000000e+00 0.00000000e+00 0.00000000e+00 0.00000000e+00
 0.00000000e+00 0.00000000e+00 0.00000000e+00 0.00000000e+00
 0.00000000e+00 0.00000000e+00 0.00000000e+00 0.00000000e+00
 0.00000000e+00 0.00000000e+00 0.00000000e+00 0.00000000e+00
 0.00000000e+00 0.00000000e+00 0.00000000e+00 0.00000000e+00
 0.00000000e+00 0.00000000e+00 0.00000000e+00 0.00000000e+00
 0.00000000e+00 0.00000000e+00 0.00000000e+00 0.00000000e+00
 0.00000000e+00 0.00000000e+00 0.00000000e+00 0.00000000e+00]
norm_dvd: [0. 0. 0. 0. 0. 0. 0. 0. 0. 0. 0. 0. 0. 0. 0. 0. 0. 0. 0. 0. 0. 0. 0. 0.
 0. 0. 0. 0. 0. 0. 0. 0. 0. 0. 0. 0. 0. 0. 0. 0. 0. 0. 0. 0. 0. 0. 0. 0.
 0. 0. 0. 0. 0. 0. 0. 0. 0. 0. 0. 0. 0. 0. 0. 0. 0. 0. 0. 0. 0. 0. 0. 0.
 0. 0. 0. 0. 0. 0. 0. 0. 0. 0. 0. 0. 0. 0. 0. 0. 0. 0. 0. 0. 0. 0. 0. 0.
 0. 0. 0. 0. 0. 0. 0. 0. 0. 0. 0. 0. 0. 0. 0. 0. 0. 0. 0. 0. 0. 0. 0. 0.
 0. 0. 0. 0. 0. 0. 0. 0. 0. 0. 0. 0. 0. 0. 0. 0. 0. 0. 0. 0. 0. 0. 0. 0.
 0. 0. 0. 0. 0. 0. 0. 0. 0. 0. 0. 0. 0. 0. 0. 0. 0. 0. 0. 0. 0. 0. 0. 0.
 0. 0. 0. 0. 0. 0. 0. 0. 0. 0. 0. 0. 0. 0. 0. 0. 0. 0. 0. 0. 0. 0. 0. 0.
 0. 0. 0. 0. 0. 0. 0. 0. 0. 0. 0. 0. 0. 0. 0. 0. 0. 0. 0. 0. 0. 0. 0. 0.
 0. 0. 0. 0. 0. 0. 0. 0. 0. 0. 0. 0. 0. 0. 0. 0. 0. 0. 0. 0. 0. 0. 0. 0.
 0. 0. 0. 0. 0. 0. 0. 0. 0. 0. 0. 0. 0. 0. 0. 0. 0. 0. 0. 0. 0. 0. 0. 0.
 0. 0. 0. 0. 0. 0. 0. 0. 0. 0. 0. 0. 0. 0. 0. 0. 0. 0. 0. 0. 0. 0. 0. 0.
 0. 0. 0. 0. 0. 0. 0. 0. 0. 0. 0. 0. 0. 0. 0. 0. 0. 0. 0. 0. 0. 0. 0. 0.
 0. 0. 0. 0. 0. 0. 0. 0. 0. 0. 0. 0. 0. 0. 0. 0. 0. 0. 0. 0. 0. 0. 0. 0.
 0. 0. 0. 0. 0. 0. 0. 0. 0. 0. 0. 0. 0. 0. 0. 0. 0. 0. 0. 0. 0. 0. 0. 0.
 0. 0. 0. 0. 0. 0. 0. 0. 0. 0. 0. 0. 0. 0. 0. 0. 0. 0. 0. 0. 0. 0. 0. 0.
 0. 0. 0. 0. 0. 0. 0. 0. 0. 0. 0. 0. 0. 0. 0. 0. 0. 0. 0. 0. 0. 0. 0. 0.
 0. 0. 0. 0. 0. 0. 0. 0. 0. 0. 0. 0. 0. 0. 0. 0. 0. 0. 0. 0. 0. 0. 0. 0.
 0. 0. 0. 0. 0. 0. 0. 0. 0. 0. 0. 0. 0. 0. 0. 0. 0. 0. 0. 0. 0. 0. 0. 0.
 0. 0. 0. 0. 0. 0. 0. 0. 0. 0. 0. 0. 0. 0. 0. 0. 0. 0. 0. 0. 0. 0. 0. 0.
 0. 0. 0. 0. 0. 0. 0. 0. 0. 0. 0. 0. 0. 0. 0. 0. 0. 0. 0. 0. 0. 0. 0. 0.
 0. 0. 0. 0.]
norm_did: [0.00000000e+00 3.86786146e+02 2.90089636e+02 2.90089625e+02
 3.41527330e+02 3.59716233e+02 4.14238622e+02 4.08880727e+02
 4.68602794e+02 4.81376784e+02 4.46829347e+02 5.08779905e+02
 6.00015300e+02 5.45320452e+02 6.25631628e+02 6.54631122e+02
 6.99601203e+02 7.93993398e+02 0.00000000e+00 0.00000000e+00
 1.47163114e+03 7.35816272e+02 7.35815972e+02 7.35816062e+02
 6.32104367e+02 9.03249864e+02 1.00326734e+03 7.94151796e+02
 5.53842631e+02 7.97718900e+02 8.17476559e+02 8.52137588e+02
 8.52137608e+02 8.50171695e+02 9.08734912e+02 7.98550546e+02
 9.78406158e+02 9.07459847e+02 9.46155823e+02 9.82010219e+02
 1.07039502e+03 1.03911002e+03 1.08641896e+03 1.13195456e+03
 1.20852078e+03 1.26929283e+03 1.29622551e+03 1.32657064e+03
 1.46304663e+03 1.53994360e+03 1.71924238e+03 1.82088241e+03
 1.93653938e+03 2.00188713e+03 1.47281326e+03 2.20923022e+03
 1.84102521e+03 2.20922762e+03 2.11717652e+03 2.21049927e+03
 2.16416549e+03 2.37830165e+03 2.38989333e+03 2.43827002e+03
 2.60913758e+03 2.69610971e+03 2.87456549e+03 3.22296839e+03
 3.61320440e+03 4.13337968e+03 4.87437958e+03 5.93832392e+03
 7.15917845e+03 7.79181775e+03 8.66718575e+03 9.43151186e+03
 1.01192182e+04 1.08778426e+04 1.19237011e+04 1.40308644e+04
 1.66487007e+04 1.85425563e+04 1.92596368e+04 2.08250509e+04
 2.13581285e+04 2.17355580e+04 2.23465248e+04 2.23437638e+04
 2.26885669e+04 2.33094760e+04 2.31152138e+04 2.34551200e+04
 2.41447028e+04 2.53458451e+04 2.69028672e+04 2.79936298e+04
 2.90625976e+04 2.99324925e+04 3.08269752e+04 3.17461580e+04
 3.27093743e+04 3.43675763e+04 3.63324356e+04 3.89297035e+04
 4.17633510e+04 4.55343001e+04 5.03245523e+04 5.74582737e+04
 6.85348477e+04 8.75504902e+04 1.19036333e+05 1.74461363e+05
 2.77845249e+05 5.03317254e+05 1.09108792e+06 3.05142413e+06
 1.26264897e+07 6.05406772e+07 2.95765107e+08 1.73671929e+09
 1.84694500e+10 4.32920837e+09 3.33322694e+09 4.28695519e+09
 1.57959656e+09 1.61725898e+09 1.62252122e+09 1.62605223e+09
 1.61991726e+09 1.61649433e+09 1.60706413e+09 1.57874506e+09
 1.57276326e+09 1.56400195e+09 1.55583964e+09 1.55006034e+09
 1.54718103e+09 1.53664682e+09 1.52894425e+09 1.51494270e+09
 1.50557256e+09 1.49898064e+09 1.49552106e+09 1.48734169e+09
 1.48010353e+09 1.47779236e+09 1.47203924e+09 1.46966959e+09
 1.46550712e+09 1.45340302e+09 1.44160929e+09 1.43852232e+09
 1.43703633e+09 1.43072890e+09 1.43114351e+09 1.42732368e+09
 1.42881156e+09 1.42376601e+09 1.41746039e+09 1.43233947e+09
 1.39073702e+09 1.40133141e+09 1.40170393e+09 1.40228996e+09
 1.40350607e+09 1.39857072e+09 1.39606381e+09 1.39085463e+09
 1.38569313e+09 1.38398281e+09 1.37966518e+09 1.37749240e+09
 1.37268936e+09 1.36770743e+09 1.35911167e+09 1.34815799e+09
 1.33079159e+09 1.30676260e+09 1.24611413e+09 1.22093568e+09
 1.21032650e+09 1.18497537e+09 1.17088880e+09 1.15779207e+09
 1.13556512e+09 1.12859379e+09 1.10153476e+09 1.05849545e+09
 1.02245128e+09 9.98913401e+08 9.88369426e+08 9.83174171e+08
 9.78451580e+08 9.69911040e+08 9.66626508e+08 9.61723041e+08
 9.60522318e+08 9.57598929e+08 9.58207241e+08 9.57641950e+08
 9.55620653e+08 9.49953284e+08 9.44004063e+08 9.40639171e+08
 9.35842708e+08 9.02584434e+08 8.90415711e+08 8.84594978e+08
 8.71665066e+08 8.66408448e+08 8.57069971e+08 8.50949349e+08
 8.36255649e+08 8.20501968e+08 7.96545607e+08 7.83847412e+08
 7.75000195e+08 7.62959338e+08 7.60612255e+08 7.58245952e+08
 7.54146473e+08 7.52889359e+08 7.50918338e+08 7.48718361e+08
 7.46273323e+08 7.44072025e+08 7.36140738e+08 7.28651030e+08
 7.18157660e+08 7.12231783e+08 7.08656693e+08 7.03746718e+08
 6.97536594e+08 6.92478657e+08 6.87389610e+08 6.79571212e+08
 6.69497940e+08 6.55883032e+08 6.38436327e+08 6.16453350e+08
 5.89241920e+08 5.59512611e+08 5.28835857e+08 4.97023897e+08
 4.64590900e+08 4.30827081e+08 3.95670331e+08 3.56922247e+08
 3.16499349e+08 2.72962142e+08 2.40099091e+08 2.14271840e+08
 1.91479863e+08 1.80393986e+08 4.56338947e+08 0.00000000e+00
 0.00000000e+00 0.00000000e+00 0.00000000e+00 0.00000000e+00
 0.00000000e+00 0.00000000e+00 0.00000000e+00 0.00000000e+00
 0.00000000e+00 0.00000000e+00 0.00000000e+00 0.00000000e+00
 0.00000000e+00 0.00000000e+00 0.00000000e+00 0.00000000e+00
 0.00000000e+00 0.00000000e+00 0.00000000e+00 0.00000000e+00
 0.00000000e+00 0.00000000e+00 0.00000000e+00 0.00000000e+00
 0.00000000e+00 0.00000000e+00 0.00000000e+00 0.00000000e+00
 0.00000000e+00 0.00000000e+00 0.00000000e+00 0.00000000e+00
 0.00000000e+00 0.00000000e+00 0.00000000e+00 0.00000000e+00
 0.00000000e+00 0.00000000e+00 0.00000000e+00 0.00000000e+00
 0.00000000e+00 0.00000000e+00 0.00000000e+00 0.00000000e+00
 0.00000000e+00 0.00000000e+00 0.00000000e+00 0.00000000e+00
 0.00000000e+00 0.00000000e+00 0.00000000e+00 0.00000000e+00
 0.00000000e+00 0.00000000e+00 0.00000000e+00 0.00000000e+00
 0.00000000e+00 0.00000000e+00 0.00000000e+00 0.00000000e+00
 0.00000000e+00 0.00000000e+00 0.00000000e+00 0.00000000e+00
 0.00000000e+00 0.00000000e+00 0.00000000e+00 0.00000000e+00
 0.00000000e+00 0.00000000e+00 0.00000000e+00 0.00000000e+00
 0.00000000e+00 0.00000000e+00 0.00000000e+00 0.00000000e+00
 0.00000000e+00 0.00000000e+00 0.00000000e+00 0.00000000e+00
 0.00000000e+00 0.00000000e+00 0.00000000e+00 0.00000000e+00
 0.00000000e+00 0.00000000e+00 0.00000000e+00 0.00000000e+00
 0.00000000e+00 0.00000000e+00 0.00000000e+00 0.00000000e+00
 0.00000000e+00 0.00000000e+00 0.00000000e+00 0.00000000e+00
 0.00000000e+00 0.00000000e+00 0.00000000e+00 0.00000000e+00
 0.00000000e+00 0.00000000e+00 0.00000000e+00 0.00000000e+00
 0.00000000e+00 0.00000000e+00 0.00000000e+00 0.00000000e+00
 0.00000000e+00 0.00000000e+00 0.00000000e+00 0.00000000e+00
 0.00000000e+00 0.00000000e+00 0.00000000e+00 0.00000000e+00
 0.00000000e+00 0.00000000e+00 0.00000000e+00 0.00000000e+00
 0.00000000e+00 0.00000000e+00 0.00000000e+00 0.00000000e+00
 0.00000000e+00 0.00000000e+00 0.00000000e+00 0.00000000e+00
 0.00000000e+00 0.00000000e+00 0.00000000e+00 0.00000000e+00
 0.00000000e+00 0.00000000e+00 0.00000000e+00 0.00000000e+00
 0.00000000e+00 0.00000000e+00 0.00000000e+00 0.00000000e+00
 0.00000000e+00 0.00000000e+00 0.00000000e+00 0.00000000e+00
 0.00000000e+00 0.00000000e+00 0.00000000e+00 0.00000000e+00
 0.00000000e+00 0.00000000e+00 0.00000000e+00 0.00000000e+00
 0.00000000e+00 0.00000000e+00 0.00000000e+00 0.00000000e+00
 0.00000000e+00 0.00000000e+00 0.00000000e+00 0.00000000e+00
 0.00000000e+00 0.00000000e+00 0.00000000e+00 0.00000000e+00
 0.00000000e+00 0.00000000e+00 0.00000000e+00 0.00000000e+00
 0.00000000e+00 0.00000000e+00 0.00000000e+00 0.00000000e+00
 0.00000000e+00 0.00000000e+00 0.00000000e+00 0.00000000e+00
 0.00000000e+00 0.00000000e+00 0.00000000e+00 0.00000000e+00
 0.00000000e+00 0.00000000e+00 0.00000000e+00 0.00000000e+00
 0.00000000e+00 0.00000000e+00 0.00000000e+00 0.00000000e+00
 0.00000000e+00 0.00000000e+00 0.00000000e+00 0.00000000e+00
 0.00000000e+00 0.00000000e+00 0.00000000e+00 0.00000000e+00
 0.00000000e+00 0.00000000e+00 0.00000000e+00 0.00000000e+00
 0.00000000e+00 0.00000000e+00 0.00000000e+00 0.00000000e+00
 0.00000000e+00 0.00000000e+00 0.00000000e+00 0.00000000e+00
 0.00000000e+00 0.00000000e+00 0.00000000e+00 0.00000000e+00
 0.00000000e+00 0.00000000e+00 0.00000000e+00 0.00000000e+00
 0.00000000e+00 0.00000000e+00 0.00000000e+00 0.00000000e+00
 0.00000000e+00 0.00000000e+00 0.00000000e+00 0.00000000e+00
 0.00000000e+00 0.00000000e+00 0.00000000e+00 0.00000000e+00
 0.00000000e+00 0.00000000e+00 0.00000000e+00 0.00000000e+00
 0.00000000e+00 0.00000000e+00 0.00000000e+00 0.00000000e+00
 0.00000000e+00 0.00000000e+00 0.00000000e+00 0.00000000e+00
 0.00000000e+00 0.00000000e+00 0.00000000e+00 0.00000000e+00
 0.00000000e+00 0.00000000e+00 0.00000000e+00 0.00000000e+00
 0.00000000e+00 0.00000000e+00 0.00000000e+00 0.00000000e+00]
[WARNING]: Quasi-static verification failed
[WARNING]: Max normalized derivatives: dVg/dt=2.50e+11, dVd/dt=0.00e+00, dId/dt=1.85e+10

  ngspice: ✓ PASS  (35.7s)

✓ Benchmark completed: /home/duhaochen/website-trial-v1/data/spice-model-benchmark/66a4abb39f17309b61d3bc150a99d4d7/ngspice
