$ /usr/bin/time -v -o /home/duhaochen/website-trial-v1/data/spice-model-benchmark/dc205c70ce833ddf92fc3a1ae508b7fc/hspice/resource.txt /usr/bin/python -m spice_model_benchmark.cli /home/duhaochen/pipeline_full_collection/benchmark-inputs/dc205c70ce833ddf92fc3a1ae508b7fc/hspice.lib --simulator hspice --modes dc transient ac noise --output-dir /home/duhaochen/website-trial-v1/data/spice-model-benchmark/dc205c70ce833ddf92fc3a1ae508b7fc --dpi 120 --log-level WARNING
SPICE Model Benchmark: /home/duhaochen/pipeline_full_collection/benchmark-inputs/dc205c70ce833ddf92fc3a1ae508b7fc/hspice.lib
Simulators: hspice
Modes: dc, transient, ac, noise
------------------------------------------------------------

============================================================
  Running: HSPICE
  Output:  /home/duhaochen/website-trial-v1/data/spice-model-benchmark/dc205c70ce833ddf92fc3a1ae508b7fc/hspice
============================================================
Vgs range: 0.000V to 1.200V
Ids range: -1.346e-02A to 7.655e-07A
Selected Vgs values: [0.  0.2 0.4 0.6 0.8 1.  1.2]
Vgs=0.000V: Ids range -1.818e-08A to -7.420e-12A
Vgs=0.200V: Ids range -4.836e-08A to 3.504e-12A
Vgs=0.400V: Ids range -5.274e-06A to 2.299e-10A
Vgs=0.600V: Ids range -5.559e-04A to 1.411e-08A
Vgs=0.800V: Ids range -3.911e-03A to 8.500e-08A
Vgs=1.000V: Ids range -8.529e-03A to 2.853e-07A
Vgs=1.200V: Ids range -1.346e-02A to 7.655e-07A
ids_variation: 19.904482980414386
ids_variation <= max_variation: False
tc: 62321.00259737795
abs(tc) <= max_tc: False
[WARNING]: Temperature effects verification failed - effects outside expected range
/home/duhaochen/spice_model_benchmark/src/spice_model_benchmark/verification_manager.py:2706: RuntimeWarning: divide by zero encountered in divide
  norm_dvg = np.abs(dvg_dt / gate_voltage[:-1])
/home/duhaochen/spice_model_benchmark/src/spice_model_benchmark/verification_manager.py:2706: RuntimeWarning: invalid value encountered in divide
  norm_dvg = np.abs(dvg_dt / gate_voltage[:-1])
norm_dvg: [1.00000000e+10 5.00000000e+09 3.33333333e+09 ... 0.00000000e+00
 0.00000000e+00 0.00000000e+00]
norm_dvd: [0. 0. 0. ... 0. 0. 0.]
norm_did: [6.95164137e+07 6.30993894e+07 5.82749313e+07 ... 0.00000000e+00
 0.00000000e+00 1.22459261e+03]
[WARNING]: Quasi-static verification failed
[WARNING]: Max normalized derivatives: dVg/dt=nan, dVd/dt=0.00e+00, dId/dt=5.20e+11
/home/duhaochen/spice_model_benchmark/src/spice_model_benchmark/plot_generator.py:336: UserWarning: Attempting to set identical low and high ylims makes transformation singular; automatically expanding.
  plt.ylim(0, max_cap*1.2)  # Add 20% margin to ensure all components are visible
[INFO]: S-parameter analysis plot saved to /home/duhaochen/website-trial-v1/data/spice-model-benchmark/dc205c70ce833ddf92fc3a1ae508b7fc/hspice/plots/ac_cv_sparameter_analysis.png
[INFO]: S-parameter analysis plot saved to /home/duhaochen/website-trial-v1/data/spice-model-benchmark/dc205c70ce833ddf92fc3a1ae508b7fc/hspice/plots/ac_cv_sparameter_analysis.png
[INFO]: NQS effects plot saved to /home/duhaochen/website-trial-v1/data/spice-model-benchmark/dc205c70ce833ddf92fc3a1ae508b7fc/hspice/plots/ac_cv_nqs_effects.png
[WARNING]: Cannot compute correlation: constant data detected

  hspice: ✓ PASS  (205.6s)

✓ Benchmark completed: /home/duhaochen/website-trial-v1/data/spice-model-benchmark/dc205c70ce833ddf92fc3a1ae508b7fc/hspice
