
6. Printing statistics.

=== adder_top ===

        +----------Local Count, excluding submodules.
        |        +-Local Area, excluding submodules.
        |        | 
       84        - wires
      129        - wire bits
        5        - public wires
       50        - public wire bits
        5        - ports
       50        - port bits
       96  996.106 cells
        3   38.102   sg13g2_a21o_1
       10    90.72   sg13g2_a21oi_1
        1   14.515   sg13g2_a221oi_1
        8   72.576   sg13g2_and2_1
        1   12.701   sg13g2_and3_1
        2   10.886   sg13g2_inv_1
        9   65.318   sg13g2_nand2_1
        4   36.288   sg13g2_nand2b_1
        2   18.144   sg13g2_nand3_1
        2   21.773   sg13g2_nand4_1
       11   79.834   sg13g2_nor2_1
        4   36.288   sg13g2_nor2b_1
        1    9.072   sg13g2_nor3_1
        8   72.576   sg13g2_o21ai_1
        3   27.216   sg13g2_or2_1
        1   12.701   sg13g2_or3_1
       13  188.698   sg13g2_xnor2_1
       13  188.698   sg13g2_xor2_1

   Chip area for module '\adder_top': 996.105600
     of which used for sequential elements: 0.000000 (0.00%)

