OpenSTA 3.1.0 543361765b Copyright (c) 2026, Parallax Software, Inc.
License GPLv3: GNU GPL version 3 <http://gnu.org/licenses/gpl.html>

This is free software, and you are free to change and redistribute it
under certain conditions; type `show_copying' for details. 
This program comes with ABSOLUTELY NO WARRANTY; for details type `show_warranty'.
Startpoint: a[0] (input port clocked by vclk)
Endpoint: sum[14] (output port clocked by vclk)
Path Group: vclk
Path Type: max

        Cap        Slew       Delay        Time   Description
---------------------------------------------------------------------------------------
               0.000000    0.000000    0.000000   clock vclk (rise edge)
                           0.000000    0.000000   clock network delay (ideal)
                           0.000000    0.000000 ^ input external delay
   0.005019    0.050000    0.000000    0.000000 ^ a[0] (in)
               0.050000    0.000000    0.000000 ^ _097_/A (sg13g2_or2_1)
   0.006267    0.037058    0.086742    0.086742 ^ _097_/X (sg13g2_or2_1)
               0.037058    0.000000    0.086742 ^ _099_/A2 (sg13g2_a21oi_1)
   0.008778    0.074538    0.084000    0.170742 v _099_/Y (sg13g2_a21oi_1)
               0.074538    0.000000    0.170742 v _102_/A1 (sg13g2_o21ai_1)
   0.008792    0.125195    0.142840    0.313582 ^ _102_/Y (sg13g2_o21ai_1)
               0.125195    0.000000    0.313582 ^ _104_/A1 (sg13g2_a21oi_1)
   0.011055    0.098025    0.126850    0.440432 v _104_/Y (sg13g2_a21oi_1)
               0.098025    0.000000    0.440432 v _114_/A1 (sg13g2_o21ai_1)
   0.002782    0.070414    0.108411    0.548843 ^ _114_/Y (sg13g2_o21ai_1)
               0.070414    0.000000    0.548843 ^ _121_/A1 (sg13g2_a21o_1)
   0.011163    0.060264    0.136644    0.685487 ^ _121_/X (sg13g2_a21o_1)
               0.060264    0.000000    0.685487 ^ _124_/A1 (sg13g2_a21o_1)
   0.008595    0.050387    0.123852    0.809339 ^ _124_/X (sg13g2_a21o_1)
               0.050387    0.000000    0.809339 ^ _127_/A1 (sg13g2_a21oi_1)
   0.008970    0.075613    0.086904    0.896243 v _127_/Y (sg13g2_a21oi_1)
               0.075613    0.000000    0.896243 v _130_/A1 (sg13g2_o21ai_1)
   0.008792    0.125252    0.143248    1.039491 ^ _130_/Y (sg13g2_o21ai_1)
               0.125252    0.000000    1.039491 ^ _132_/A1 (sg13g2_a21oi_1)
   0.008778    0.086391    0.115228    1.154719 v _132_/Y (sg13g2_a21oi_1)
               0.086391    0.000000    1.154719 v _135_/A1 (sg13g2_o21ai_1)
   0.008792    0.125824    0.147336    1.302055 ^ _135_/Y (sg13g2_o21ai_1)
               0.125824    0.000000    1.302055 ^ _138_/A1 (sg13g2_a21oi_1)
   0.005527    0.069864    0.098771    1.400826 v _138_/Y (sg13g2_a21oi_1)
               0.069864    0.000000    1.400826 v _141_/A (sg13g2_xnor2_1)
   0.010000    0.081564    0.133282    1.534108 v _141_/Y (sg13g2_xnor2_1)
               0.081564    0.000000    1.534108 v sum[14] (out)
                                       1.534108   data arrival time

               0.000000  100.000000  100.000000   clock vclk (rise edge)
                           0.000000  100.000000   clock network delay (ideal)
                           0.000000  100.000000   clock reconvergence pessimism
                           0.000000  100.000000   output external delay
                                     100.000000   data required time
---------------------------------------------------------------------------------------
                                     100.000000   data required time
                                      -1.534108   data arrival time
---------------------------------------------------------------------------------------
                                      98.465889   slack (MET)


Startpoint: a[0] (input port clocked by vclk)
Endpoint: sum[13] (output port clocked by vclk)
Path Group: vclk
Path Type: max

        Cap        Slew       Delay        Time   Description
---------------------------------------------------------------------------------------
               0.000000    0.000000    0.000000   clock vclk (rise edge)
                           0.000000    0.000000   clock network delay (ideal)
                           0.000000    0.000000 ^ input external delay
   0.005019    0.050000    0.000000    0.000000 ^ a[0] (in)
               0.050000    0.000000    0.000000 ^ _097_/A (sg13g2_or2_1)
   0.006267    0.037058    0.086742    0.086742 ^ _097_/X (sg13g2_or2_1)
               0.037058    0.000000    0.086742 ^ _099_/A2 (sg13g2_a21oi_1)
   0.008778    0.074538    0.084000    0.170742 v _099_/Y (sg13g2_a21oi_1)
               0.074538    0.000000    0.170742 v _102_/A1 (sg13g2_o21ai_1)
   0.008792    0.125195    0.142840    0.313582 ^ _102_/Y (sg13g2_o21ai_1)
               0.125195    0.000000    0.313582 ^ _104_/A1 (sg13g2_a21oi_1)
   0.011055    0.098025    0.126850    0.440432 v _104_/Y (sg13g2_a21oi_1)
               0.098025    0.000000    0.440432 v _114_/A1 (sg13g2_o21ai_1)
   0.002782    0.070414    0.108411    0.548843 ^ _114_/Y (sg13g2_o21ai_1)
               0.070414    0.000000    0.548843 ^ _121_/A1 (sg13g2_a21o_1)
   0.011163    0.060264    0.136644    0.685487 ^ _121_/X (sg13g2_a21o_1)
               0.060264    0.000000    0.685487 ^ _124_/A1 (sg13g2_a21o_1)
   0.008595    0.050387    0.123852    0.809339 ^ _124_/X (sg13g2_a21o_1)
               0.050387    0.000000    0.809339 ^ _127_/A1 (sg13g2_a21oi_1)
   0.008970    0.075613    0.086904    0.896243 v _127_/Y (sg13g2_a21oi_1)
               0.075613    0.000000    0.896243 v _130_/A1 (sg13g2_o21ai_1)
   0.008792    0.125252    0.143248    1.039491 ^ _130_/Y (sg13g2_o21ai_1)
               0.125252    0.000000    1.039491 ^ _132_/A1 (sg13g2_a21oi_1)
   0.008778    0.086391    0.115228    1.154719 v _132_/Y (sg13g2_a21oi_1)
               0.086391    0.000000    1.154719 v _135_/A1 (sg13g2_o21ai_1)
   0.008792    0.125824    0.147336    1.302055 ^ _135_/Y (sg13g2_o21ai_1)
               0.125824    0.000000    1.302055 ^ _142_/A (sg13g2_xor2_1)
   0.010000    0.112636    0.171668    1.473724 ^ _142_/X (sg13g2_xor2_1)
               0.112636    0.000000    1.473724 ^ sum[13] (out)
                                       1.473724   data arrival time

               0.000000  100.000000  100.000000   clock vclk (rise edge)
                           0.000000  100.000000   clock network delay (ideal)
                           0.000000  100.000000   clock reconvergence pessimism
                           0.000000  100.000000   output external delay
                                     100.000000   data required time
---------------------------------------------------------------------------------------
                                     100.000000   data required time
                                      -1.473724   data arrival time
---------------------------------------------------------------------------------------
                                      98.526276   slack (MET)


Startpoint: a[0] (input port clocked by vclk)
Endpoint: sum[12] (output port clocked by vclk)
Path Group: vclk
Path Type: max

        Cap        Slew       Delay        Time   Description
---------------------------------------------------------------------------------------
               0.000000    0.000000    0.000000   clock vclk (rise edge)
                           0.000000    0.000000   clock network delay (ideal)
                           0.000000    0.000000 ^ input external delay
   0.005019    0.050000    0.000000    0.000000 ^ a[0] (in)
               0.050000    0.000000    0.000000 ^ _097_/A (sg13g2_or2_1)
   0.006267    0.037058    0.086742    0.086742 ^ _097_/X (sg13g2_or2_1)
               0.037058    0.000000    0.086742 ^ _099_/A2 (sg13g2_a21oi_1)
   0.008778    0.074538    0.084000    0.170742 v _099_/Y (sg13g2_a21oi_1)
               0.074538    0.000000    0.170742 v _102_/A1 (sg13g2_o21ai_1)
   0.008792    0.125195    0.142840    0.313582 ^ _102_/Y (sg13g2_o21ai_1)
               0.125195    0.000000    0.313582 ^ _104_/A1 (sg13g2_a21oi_1)
   0.011055    0.098025    0.126850    0.440432 v _104_/Y (sg13g2_a21oi_1)
               0.098025    0.000000    0.440432 v _114_/A1 (sg13g2_o21ai_1)
   0.002782    0.070414    0.108411    0.548843 ^ _114_/Y (sg13g2_o21ai_1)
               0.070414    0.000000    0.548843 ^ _121_/A1 (sg13g2_a21o_1)
   0.011163    0.060264    0.136644    0.685487 ^ _121_/X (sg13g2_a21o_1)
               0.060264    0.000000    0.685487 ^ _124_/A1 (sg13g2_a21o_1)
   0.008595    0.050387    0.123852    0.809339 ^ _124_/X (sg13g2_a21o_1)
               0.050387    0.000000    0.809339 ^ _127_/A1 (sg13g2_a21oi_1)
   0.008970    0.075613    0.086904    0.896243 v _127_/Y (sg13g2_a21oi_1)
               0.075613    0.000000    0.896243 v _130_/A1 (sg13g2_o21ai_1)
   0.008792    0.125252    0.143248    1.039491 ^ _130_/Y (sg13g2_o21ai_1)
               0.125252    0.000000    1.039491 ^ _132_/A1 (sg13g2_a21oi_1)
   0.008778    0.086391    0.115228    1.154719 v _132_/Y (sg13g2_a21oi_1)
               0.086391    0.000000    1.154719 v _143_/A (sg13g2_xnor2_1)
   0.010000    0.083909    0.140763    1.295483 v _143_/Y (sg13g2_xnor2_1)
               0.083909    0.000000    1.295483 v sum[12] (out)
                                       1.295483   data arrival time

               0.000000  100.000000  100.000000   clock vclk (rise edge)
                           0.000000  100.000000   clock network delay (ideal)
                           0.000000  100.000000   clock reconvergence pessimism
                           0.000000  100.000000   output external delay
                                     100.000000   data required time
---------------------------------------------------------------------------------------
                                     100.000000   data required time
                                      -1.295483   data arrival time
---------------------------------------------------------------------------------------
                                      98.704514   slack (MET)


Startpoint: a[0] (input port clocked by vclk)
Endpoint: sum[11] (output port clocked by vclk)
Path Group: vclk
Path Type: max

        Cap        Slew       Delay        Time   Description
---------------------------------------------------------------------------------------
               0.000000    0.000000    0.000000   clock vclk (rise edge)
                           0.000000    0.000000   clock network delay (ideal)
                           0.000000    0.000000 ^ input external delay
   0.005019    0.050000    0.000000    0.000000 ^ a[0] (in)
               0.050000    0.000000    0.000000 ^ _097_/A (sg13g2_or2_1)
   0.006267    0.037058    0.086742    0.086742 ^ _097_/X (sg13g2_or2_1)
               0.037058    0.000000    0.086742 ^ _099_/A2 (sg13g2_a21oi_1)
   0.008778    0.074538    0.084000    0.170742 v _099_/Y (sg13g2_a21oi_1)
               0.074538    0.000000    0.170742 v _102_/A1 (sg13g2_o21ai_1)
   0.008792    0.125195    0.142840    0.313582 ^ _102_/Y (sg13g2_o21ai_1)
               0.125195    0.000000    0.313582 ^ _104_/A1 (sg13g2_a21oi_1)
   0.011055    0.098025    0.126850    0.440432 v _104_/Y (sg13g2_a21oi_1)
               0.098025    0.000000    0.440432 v _114_/A1 (sg13g2_o21ai_1)
   0.002782    0.070414    0.108411    0.548843 ^ _114_/Y (sg13g2_o21ai_1)
               0.070414    0.000000    0.548843 ^ _121_/A1 (sg13g2_a21o_1)
   0.011163    0.060264    0.136644    0.685487 ^ _121_/X (sg13g2_a21o_1)
               0.060264    0.000000    0.685487 ^ _124_/A1 (sg13g2_a21o_1)
   0.008595    0.050387    0.123852    0.809339 ^ _124_/X (sg13g2_a21o_1)
               0.050387    0.000000    0.809339 ^ _127_/A1 (sg13g2_a21oi_1)
   0.008970    0.075613    0.086904    0.896243 v _127_/Y (sg13g2_a21oi_1)
               0.075613    0.000000    0.896243 v _130_/A1 (sg13g2_o21ai_1)
   0.008792    0.125252    0.143248    1.039491 ^ _130_/Y (sg13g2_o21ai_1)
               0.125252    0.000000    1.039491 ^ _144_/A (sg13g2_xor2_1)
   0.010000    0.112635    0.171484    1.210975 ^ _144_/X (sg13g2_xor2_1)
               0.112635    0.000000    1.210975 ^ sum[11] (out)
                                       1.210975   data arrival time

               0.000000  100.000000  100.000000   clock vclk (rise edge)
                           0.000000  100.000000   clock network delay (ideal)
                           0.000000  100.000000   clock reconvergence pessimism
                           0.000000  100.000000   output external delay
                                     100.000000   data required time
---------------------------------------------------------------------------------------
                                     100.000000   data required time
                                      -1.210975   data arrival time
---------------------------------------------------------------------------------------
                                      98.789017   slack (MET)


Startpoint: a[0] (input port clocked by vclk)
Endpoint: sum[7] (output port clocked by vclk)
Path Group: vclk
Path Type: max

        Cap        Slew       Delay        Time   Description
---------------------------------------------------------------------------------------
               0.000000    0.000000    0.000000   clock vclk (rise edge)
                           0.000000    0.000000   clock network delay (ideal)
                           0.000000    0.000000 v input external delay
   0.005035    0.050000    0.000000    0.000000 v a[0] (in)
               0.050000    0.000000    0.000000 v _097_/A (sg13g2_or2_1)
   0.005921    0.036782    0.118697    0.118697 v _097_/X (sg13g2_or2_1)
               0.036782    0.000000    0.118697 v _099_/A2 (sg13g2_a21oi_1)
   0.009051    0.102173    0.109089    0.227785 ^ _099_/Y (sg13g2_a21oi_1)
               0.102173    0.000000    0.227785 ^ _102_/A1 (sg13g2_o21ai_1)
   0.008505    0.075984    0.109237    0.337022 v _102_/Y (sg13g2_o21ai_1)
               0.075984    0.000000    0.337022 v _104_/A1 (sg13g2_a21oi_1)
   0.011387    0.122683    0.128953    0.465975 ^ _104_/Y (sg13g2_a21oi_1)
               0.122683    0.000000    0.465975 ^ _107_/A_N (sg13g2_nand2b_1)
   0.006143    0.048561    0.107891    0.573866 ^ _107_/Y (sg13g2_nand2b_1)
               0.048561    0.000000    0.573866 ^ _109_/A2 (sg13g2_a21oi_1)
   0.008435    0.072943    0.087183    0.661049 v _109_/Y (sg13g2_a21oi_1)
               0.072943    0.000000    0.661049 v _110_/A2 (sg13g2_o21ai_1)
   0.008664    0.126529    0.134407    0.795456 ^ _110_/Y (sg13g2_o21ai_1)
               0.126529    0.000000    0.795456 ^ _111_/A2 (sg13g2_a21oi_1)
   0.005587    0.063908    0.102063    0.897519 v _111_/Y (sg13g2_a21oi_1)
               0.063908    0.000000    0.897519 v _112_/B1 (sg13g2_a21oi_1)
   0.005004    0.074979    0.084579    0.982099 ^ _112_/Y (sg13g2_a21oi_1)
               0.074979    0.000000    0.982099 ^ _148_/B (sg13g2_xnor2_1)
   0.010000    0.115619    0.118595    1.100694 ^ _148_/Y (sg13g2_xnor2_1)
               0.115619    0.000000    1.100694 ^ sum[7] (out)
                                       1.100694   data arrival time

               0.000000  100.000000  100.000000   clock vclk (rise edge)
                           0.000000  100.000000   clock network delay (ideal)
                           0.000000  100.000000   clock reconvergence pessimism
                           0.000000  100.000000   output external delay
                                     100.000000   data required time
---------------------------------------------------------------------------------------
                                     100.000000   data required time
                                      -1.100694   data arrival time
---------------------------------------------------------------------------------------
                                      98.899300   slack (MET)


Startpoint: a[0] (input port clocked by vclk)
Endpoint: sum[10] (output port clocked by vclk)
Path Group: vclk
Path Type: max

        Cap        Slew       Delay        Time   Description
---------------------------------------------------------------------------------------
               0.000000    0.000000    0.000000   clock vclk (rise edge)
                           0.000000    0.000000   clock network delay (ideal)
                           0.000000    0.000000 v input external delay
   0.005035    0.050000    0.000000    0.000000 v a[0] (in)
               0.050000    0.000000    0.000000 v _097_/A (sg13g2_or2_1)
   0.005921    0.036782    0.118697    0.118697 v _097_/X (sg13g2_or2_1)
               0.036782    0.000000    0.118697 v _099_/A2 (sg13g2_a21oi_1)
   0.009051    0.102173    0.109089    0.227785 ^ _099_/Y (sg13g2_a21oi_1)
               0.102173    0.000000    0.227785 ^ _102_/A1 (sg13g2_o21ai_1)
   0.008505    0.075984    0.109237    0.337022 v _102_/Y (sg13g2_o21ai_1)
               0.075984    0.000000    0.337022 v _104_/A1 (sg13g2_a21oi_1)
   0.011387    0.122683    0.128953    0.465975 ^ _104_/Y (sg13g2_a21oi_1)
               0.122683    0.000000    0.465975 ^ _114_/A1 (sg13g2_o21ai_1)
   0.002736    0.047742    0.087154    0.553129 v _114_/Y (sg13g2_o21ai_1)
               0.047742    0.000000    0.553129 v _121_/A1 (sg13g2_a21o_1)
   0.011053    0.050913    0.131632    0.684761 v _121_/X (sg13g2_a21o_1)
               0.050913    0.000000    0.684761 v _124_/A1 (sg13g2_a21o_1)
   0.008313    0.042921    0.125030    0.809791 v _124_/X (sg13g2_a21o_1)
               0.042921    0.000000    0.809791 v _127_/A1 (sg13g2_a21oi_1)
   0.009248    0.104770    0.104098    0.913888 ^ _127_/Y (sg13g2_a21oi_1)
               0.104770    0.000000    0.913888 ^ _145_/A (sg13g2_xor2_1)
   0.010000    0.112604    0.164872    1.078760 ^ _145_/X (sg13g2_xor2_1)
               0.112604    0.000000    1.078760 ^ sum[10] (out)
                                       1.078760   data arrival time

               0.000000  100.000000  100.000000   clock vclk (rise edge)
                           0.000000  100.000000   clock network delay (ideal)
                           0.000000  100.000000   clock reconvergence pessimism
                           0.000000  100.000000   output external delay
                                     100.000000   data required time
---------------------------------------------------------------------------------------
                                     100.000000   data required time
                                      -1.078760   data arrival time
---------------------------------------------------------------------------------------
                                      98.921234   slack (MET)


Startpoint: a[0] (input port clocked by vclk)
Endpoint: cout (output port clocked by vclk)
Path Group: vclk
Path Type: max

        Cap        Slew       Delay        Time   Description
---------------------------------------------------------------------------------------
               0.000000    0.000000    0.000000   clock vclk (rise edge)
                           0.000000    0.000000   clock network delay (ideal)
                           0.000000    0.000000 v input external delay
   0.005035    0.050000    0.000000    0.000000 v a[0] (in)
               0.050000    0.000000    0.000000 v _097_/A (sg13g2_or2_1)
   0.005921    0.036782    0.118697    0.118697 v _097_/X (sg13g2_or2_1)
               0.036782    0.000000    0.118697 v _099_/A2 (sg13g2_a21oi_1)
   0.009051    0.102173    0.109089    0.227785 ^ _099_/Y (sg13g2_a21oi_1)
               0.102173    0.000000    0.227785 ^ _102_/A1 (sg13g2_o21ai_1)
   0.008505    0.075984    0.109237    0.337022 v _102_/Y (sg13g2_o21ai_1)
               0.075984    0.000000    0.337022 v _104_/A1 (sg13g2_a21oi_1)
   0.011387    0.122683    0.128953    0.465975 ^ _104_/Y (sg13g2_a21oi_1)
               0.122683    0.000000    0.465975 ^ _114_/A1 (sg13g2_o21ai_1)
   0.002736    0.047742    0.087154    0.553129 v _114_/Y (sg13g2_o21ai_1)
               0.047742    0.000000    0.553129 v _121_/A1 (sg13g2_a21o_1)
   0.011053    0.050913    0.131632    0.684761 v _121_/X (sg13g2_a21o_1)
               0.050913    0.000000    0.684761 v _170_/B1 (sg13g2_a221oi_1)
   0.008663    0.176315    0.174785    0.859546 ^ _170_/Y (sg13g2_a221oi_1)
               0.176315    0.000000    0.859546 ^ _172_/A (sg13g2_nor2b_1)
   0.002481    0.043165    0.061741    0.921288 v _172_/Y (sg13g2_nor2b_1)
               0.043165    0.000000    0.921288 v _174_/B1 (sg13g2_a21o_1)
   0.010000    0.047913    0.126206    1.047493 v _174_/X (sg13g2_a21o_1)
               0.047913    0.000000    1.047493 v cout (out)
                                       1.047493   data arrival time

               0.000000  100.000000  100.000000   clock vclk (rise edge)
                           0.000000  100.000000   clock network delay (ideal)
                           0.000000  100.000000   clock reconvergence pessimism
                           0.000000  100.000000   output external delay
                                     100.000000   data required time
---------------------------------------------------------------------------------------
                                     100.000000   data required time
                                      -1.047493   data arrival time
---------------------------------------------------------------------------------------
                                      98.952499   slack (MET)


Startpoint: a[0] (input port clocked by vclk)
Endpoint: sum[15] (output port clocked by vclk)
Path Group: vclk
Path Type: max

        Cap        Slew       Delay        Time   Description
---------------------------------------------------------------------------------------
               0.000000    0.000000    0.000000   clock vclk (rise edge)
                           0.000000    0.000000   clock network delay (ideal)
                           0.000000    0.000000 v input external delay
   0.005035    0.050000    0.000000    0.000000 v a[0] (in)
               0.050000    0.000000    0.000000 v _097_/A (sg13g2_or2_1)
   0.005921    0.036782    0.118697    0.118697 v _097_/X (sg13g2_or2_1)
               0.036782    0.000000    0.118697 v _099_/A2 (sg13g2_a21oi_1)
   0.009051    0.102173    0.109089    0.227785 ^ _099_/Y (sg13g2_a21oi_1)
               0.102173    0.000000    0.227785 ^ _102_/A1 (sg13g2_o21ai_1)
   0.008505    0.075984    0.109237    0.337022 v _102_/Y (sg13g2_o21ai_1)
               0.075984    0.000000    0.337022 v _104_/A1 (sg13g2_a21oi_1)
   0.011387    0.122683    0.128953    0.465975 ^ _104_/Y (sg13g2_a21oi_1)
               0.122683    0.000000    0.465975 ^ _114_/A1 (sg13g2_o21ai_1)
   0.002736    0.047742    0.087154    0.553129 v _114_/Y (sg13g2_o21ai_1)
               0.047742    0.000000    0.553129 v _121_/A1 (sg13g2_a21o_1)
   0.011053    0.050913    0.131632    0.684761 v _121_/X (sg13g2_a21o_1)
               0.050913    0.000000    0.684761 v _170_/B1 (sg13g2_a221oi_1)
   0.008663    0.176315    0.174785    0.859546 ^ _170_/Y (sg13g2_a221oi_1)
               0.176315    0.000000    0.859546 ^ _173_/A (sg13g2_xnor2_1)
   0.010000    0.116969    0.154517    1.014063 ^ _173_/Y (sg13g2_xnor2_1)
               0.116969    0.000000    1.014063 ^ sum[15] (out)
                                       1.014063   data arrival time

               0.000000  100.000000  100.000000   clock vclk (rise edge)
                           0.000000  100.000000   clock network delay (ideal)
                           0.000000  100.000000   clock reconvergence pessimism
                           0.000000  100.000000   output external delay
                                     100.000000   data required time
---------------------------------------------------------------------------------------
                                     100.000000   data required time
                                      -1.014063   data arrival time
---------------------------------------------------------------------------------------
                                      98.985931   slack (MET)


Startpoint: a[0] (input port clocked by vclk)
Endpoint: sum[6] (output port clocked by vclk)
Path Group: vclk
Path Type: max

        Cap        Slew       Delay        Time   Description
---------------------------------------------------------------------------------------
               0.000000    0.000000    0.000000   clock vclk (rise edge)
                           0.000000    0.000000   clock network delay (ideal)
                           0.000000    0.000000 v input external delay
   0.005035    0.050000    0.000000    0.000000 v a[0] (in)
               0.050000    0.000000    0.000000 v _097_/A (sg13g2_or2_1)
   0.005921    0.036782    0.118697    0.118697 v _097_/X (sg13g2_or2_1)
               0.036782    0.000000    0.118697 v _099_/A2 (sg13g2_a21oi_1)
   0.009051    0.102173    0.109089    0.227785 ^ _099_/Y (sg13g2_a21oi_1)
               0.102173    0.000000    0.227785 ^ _102_/A1 (sg13g2_o21ai_1)
   0.008505    0.075984    0.109237    0.337022 v _102_/Y (sg13g2_o21ai_1)
               0.075984    0.000000    0.337022 v _104_/A1 (sg13g2_a21oi_1)
   0.011387    0.122683    0.128953    0.465975 ^ _104_/Y (sg13g2_a21oi_1)
               0.122683    0.000000    0.465975 ^ _107_/A_N (sg13g2_nand2b_1)
   0.006143    0.048561    0.107891    0.573866 ^ _107_/Y (sg13g2_nand2b_1)
               0.048561    0.000000    0.573866 ^ _109_/A2 (sg13g2_a21oi_1)
   0.008435    0.072943    0.087183    0.661049 v _109_/Y (sg13g2_a21oi_1)
               0.072943    0.000000    0.661049 v _110_/A2 (sg13g2_o21ai_1)
   0.008664    0.126529    0.134407    0.795456 ^ _110_/Y (sg13g2_o21ai_1)
               0.126529    0.000000    0.795456 ^ _111_/A2 (sg13g2_a21oi_1)
   0.005587    0.063908    0.102063    0.897519 v _111_/Y (sg13g2_a21oi_1)
               0.063908    0.000000    0.897519 v _150_/A (sg13g2_nor2b_1)
   0.010000    0.105995    0.104620    1.002139 ^ _150_/Y (sg13g2_nor2b_1)
               0.105995    0.000000    1.002139 ^ sum[6] (out)
                                       1.002139   data arrival time

               0.000000  100.000000  100.000000   clock vclk (rise edge)
                           0.000000  100.000000   clock network delay (ideal)
                           0.000000  100.000000   clock reconvergence pessimism
                           0.000000  100.000000   output external delay
                                     100.000000   data required time
---------------------------------------------------------------------------------------
                                     100.000000   data required time
                                      -1.002139   data arrival time
---------------------------------------------------------------------------------------
                                      98.997856   slack (MET)


Startpoint: a[0] (input port clocked by vclk)
Endpoint: sum[9] (output port clocked by vclk)
Path Group: vclk
Path Type: max

        Cap        Slew       Delay        Time   Description
---------------------------------------------------------------------------------------
               0.000000    0.000000    0.000000   clock vclk (rise edge)
                           0.000000    0.000000   clock network delay (ideal)
                           0.000000    0.000000 v input external delay
   0.005035    0.050000    0.000000    0.000000 v a[0] (in)
               0.050000    0.000000    0.000000 v _097_/A (sg13g2_or2_1)
   0.005921    0.036782    0.118697    0.118697 v _097_/X (sg13g2_or2_1)
               0.036782    0.000000    0.118697 v _099_/A2 (sg13g2_a21oi_1)
   0.009051    0.102173    0.109089    0.227785 ^ _099_/Y (sg13g2_a21oi_1)
               0.102173    0.000000    0.227785 ^ _102_/A1 (sg13g2_o21ai_1)
   0.008505    0.075984    0.109237    0.337022 v _102_/Y (sg13g2_o21ai_1)
               0.075984    0.000000    0.337022 v _104_/A1 (sg13g2_a21oi_1)
   0.011387    0.122683    0.128953    0.465975 ^ _104_/Y (sg13g2_a21oi_1)
               0.122683    0.000000    0.465975 ^ _114_/A1 (sg13g2_o21ai_1)
   0.002736    0.047742    0.087154    0.553129 v _114_/Y (sg13g2_o21ai_1)
               0.047742    0.000000    0.553129 v _121_/A1 (sg13g2_a21o_1)
   0.011053    0.050913    0.131632    0.684761 v _121_/X (sg13g2_a21o_1)
               0.050913    0.000000    0.684761 v _124_/A1 (sg13g2_a21o_1)
   0.008313    0.042921    0.125030    0.809791 v _124_/X (sg13g2_a21o_1)
               0.042921    0.000000    0.809791 v _146_/A (sg13g2_xnor2_1)
   0.010000    0.079808    0.121085    0.930876 v _146_/Y (sg13g2_xnor2_1)
               0.079808    0.000000    0.930876 v sum[9] (out)
                                       0.930876   data arrival time

               0.000000  100.000000  100.000000   clock vclk (rise edge)
                           0.000000  100.000000   clock network delay (ideal)
                           0.000000  100.000000   clock reconvergence pessimism
                           0.000000  100.000000   output external delay
                                     100.000000   data required time
---------------------------------------------------------------------------------------
                                     100.000000   data required time
                                      -0.930876   data arrival time
---------------------------------------------------------------------------------------
                                      99.069122   slack (MET)


Startpoint: a[0] (input port clocked by vclk)
Endpoint: sum[5] (output port clocked by vclk)
Path Group: vclk
Path Type: max

        Cap        Slew       Delay        Time   Description
---------------------------------------------------------------------------------------
               0.000000    0.000000    0.000000   clock vclk (rise edge)
                           0.000000    0.000000   clock network delay (ideal)
                           0.000000    0.000000 v input external delay
   0.005035    0.050000    0.000000    0.000000 v a[0] (in)
               0.050000    0.000000    0.000000 v _097_/A (sg13g2_or2_1)
   0.005921    0.036782    0.118697    0.118697 v _097_/X (sg13g2_or2_1)
               0.036782    0.000000    0.118697 v _099_/A2 (sg13g2_a21oi_1)
   0.009051    0.102173    0.109089    0.227785 ^ _099_/Y (sg13g2_a21oi_1)
               0.102173    0.000000    0.227785 ^ _102_/A1 (sg13g2_o21ai_1)
   0.008505    0.075984    0.109237    0.337022 v _102_/Y (sg13g2_o21ai_1)
               0.075984    0.000000    0.337022 v _104_/A1 (sg13g2_a21oi_1)
   0.011387    0.122683    0.128953    0.465975 ^ _104_/Y (sg13g2_a21oi_1)
               0.122683    0.000000    0.465975 ^ _107_/A_N (sg13g2_nand2b_1)
   0.006143    0.048561    0.107891    0.573866 ^ _107_/Y (sg13g2_nand2b_1)
               0.048561    0.000000    0.573866 ^ _109_/A2 (sg13g2_a21oi_1)
   0.008435    0.072943    0.087183    0.661049 v _109_/Y (sg13g2_a21oi_1)
               0.072943    0.000000    0.661049 v _110_/A2 (sg13g2_o21ai_1)
   0.008664    0.126529    0.134407    0.795456 ^ _110_/Y (sg13g2_o21ai_1)
               0.126529    0.000000    0.795456 ^ _152_/A (sg13g2_and2_1)
   0.010000    0.056252    0.135086    0.930542 ^ _152_/X (sg13g2_and2_1)
               0.056252    0.000000    0.930542 ^ sum[5] (out)
                                       0.930542   data arrival time

               0.000000  100.000000  100.000000   clock vclk (rise edge)
                           0.000000  100.000000   clock network delay (ideal)
                           0.000000  100.000000   clock reconvergence pessimism
                           0.000000  100.000000   output external delay
                                     100.000000   data required time
---------------------------------------------------------------------------------------
                                     100.000000   data required time
                                      -0.930542   data arrival time
---------------------------------------------------------------------------------------
                                      99.069458   slack (MET)


Startpoint: a[0] (input port clocked by vclk)
Endpoint: sum[8] (output port clocked by vclk)
Path Group: vclk
Path Type: max

        Cap        Slew       Delay        Time   Description
---------------------------------------------------------------------------------------
               0.000000    0.000000    0.000000   clock vclk (rise edge)
                           0.000000    0.000000   clock network delay (ideal)
                           0.000000    0.000000 v input external delay
   0.005035    0.050000    0.000000    0.000000 v a[0] (in)
               0.050000    0.000000    0.000000 v _097_/A (sg13g2_or2_1)
   0.005921    0.036782    0.118697    0.118697 v _097_/X (sg13g2_or2_1)
               0.036782    0.000000    0.118697 v _099_/A2 (sg13g2_a21oi_1)
   0.009051    0.102173    0.109089    0.227785 ^ _099_/Y (sg13g2_a21oi_1)
               0.102173    0.000000    0.227785 ^ _102_/A1 (sg13g2_o21ai_1)
   0.008505    0.075984    0.109237    0.337022 v _102_/Y (sg13g2_o21ai_1)
               0.075984    0.000000    0.337022 v _104_/A1 (sg13g2_a21oi_1)
   0.011387    0.122683    0.128953    0.465975 ^ _104_/Y (sg13g2_a21oi_1)
               0.122683    0.000000    0.465975 ^ _114_/A1 (sg13g2_o21ai_1)
   0.002736    0.047742    0.087154    0.553129 v _114_/Y (sg13g2_o21ai_1)
               0.047742    0.000000    0.553129 v _121_/A1 (sg13g2_a21o_1)
   0.011053    0.050913    0.131632    0.684761 v _121_/X (sg13g2_a21o_1)
               0.050913    0.000000    0.684761 v _147_/A (sg13g2_xnor2_1)
   0.010000    0.080474    0.124703    0.809464 v _147_/Y (sg13g2_xnor2_1)
               0.080474    0.000000    0.809464 v sum[8] (out)
                                       0.809464   data arrival time

               0.000000  100.000000  100.000000   clock vclk (rise edge)
                           0.000000  100.000000   clock network delay (ideal)
                           0.000000  100.000000   clock reconvergence pessimism
                           0.000000  100.000000   output external delay
                                     100.000000   data required time
---------------------------------------------------------------------------------------
                                     100.000000   data required time
                                      -0.809464   data arrival time
---------------------------------------------------------------------------------------
                                      99.190529   slack (MET)


Startpoint: a[0] (input port clocked by vclk)
Endpoint: sum[4] (output port clocked by vclk)
Path Group: vclk
Path Type: max

        Cap        Slew       Delay        Time   Description
---------------------------------------------------------------------------------------
               0.000000    0.000000    0.000000   clock vclk (rise edge)
                           0.000000    0.000000   clock network delay (ideal)
                           0.000000    0.000000 v input external delay
   0.005035    0.050000    0.000000    0.000000 v a[0] (in)
               0.050000    0.000000    0.000000 v _097_/A (sg13g2_or2_1)
   0.005921    0.036782    0.118697    0.118697 v _097_/X (sg13g2_or2_1)
               0.036782    0.000000    0.118697 v _099_/A2 (sg13g2_a21oi_1)
   0.009051    0.102173    0.109089    0.227785 ^ _099_/Y (sg13g2_a21oi_1)
               0.102173    0.000000    0.227785 ^ _102_/A1 (sg13g2_o21ai_1)
   0.008505    0.075984    0.109237    0.337022 v _102_/Y (sg13g2_o21ai_1)
               0.075984    0.000000    0.337022 v _104_/A1 (sg13g2_a21oi_1)
   0.011387    0.122683    0.128953    0.465975 ^ _104_/Y (sg13g2_a21oi_1)
               0.122683    0.000000    0.465975 ^ _107_/A_N (sg13g2_nand2b_1)
   0.006143    0.048561    0.107891    0.573866 ^ _107_/Y (sg13g2_nand2b_1)
               0.048561    0.000000    0.573866 ^ _109_/A2 (sg13g2_a21oi_1)
   0.008435    0.072943    0.087183    0.661049 v _109_/Y (sg13g2_a21oi_1)
               0.072943    0.000000    0.661049 v _154_/A (sg13g2_nor2b_1)
   0.010000    0.107192    0.107816    0.768865 ^ _154_/Y (sg13g2_nor2b_1)
               0.107192    0.000000    0.768865 ^ sum[4] (out)
                                       0.768865   data arrival time

               0.000000  100.000000  100.000000   clock vclk (rise edge)
                           0.000000  100.000000   clock network delay (ideal)
                           0.000000  100.000000   clock reconvergence pessimism
                           0.000000  100.000000   output external delay
                                     100.000000   data required time
---------------------------------------------------------------------------------------
                                     100.000000   data required time
                                      -0.768865   data arrival time
---------------------------------------------------------------------------------------
                                      99.231133   slack (MET)


Startpoint: a[0] (input port clocked by vclk)
Endpoint: sum[3] (output port clocked by vclk)
Path Group: vclk
Path Type: max

        Cap        Slew       Delay        Time   Description
---------------------------------------------------------------------------------------
               0.000000    0.000000    0.000000   clock vclk (rise edge)
                           0.000000    0.000000   clock network delay (ideal)
                           0.000000    0.000000 v input external delay
   0.005035    0.050000    0.000000    0.000000 v a[0] (in)
               0.050000    0.000000    0.000000 v _097_/A (sg13g2_or2_1)
   0.005921    0.036782    0.118697    0.118697 v _097_/X (sg13g2_or2_1)
               0.036782    0.000000    0.118697 v _099_/A2 (sg13g2_a21oi_1)
   0.009051    0.102173    0.109089    0.227785 ^ _099_/Y (sg13g2_a21oi_1)
               0.102173    0.000000    0.227785 ^ _102_/A1 (sg13g2_o21ai_1)
   0.008505    0.075984    0.109237    0.337022 v _102_/Y (sg13g2_o21ai_1)
               0.075984    0.000000    0.337022 v _104_/A1 (sg13g2_a21oi_1)
   0.011387    0.122683    0.128953    0.465975 ^ _104_/Y (sg13g2_a21oi_1)
               0.122683    0.000000    0.465975 ^ _155_/A (sg13g2_xnor2_1)
   0.010000    0.117395    0.139413    0.605388 ^ _155_/Y (sg13g2_xnor2_1)
               0.117395    0.000000    0.605388 ^ sum[3] (out)
                                       0.605388   data arrival time

               0.000000  100.000000  100.000000   clock vclk (rise edge)
                           0.000000  100.000000   clock network delay (ideal)
                           0.000000  100.000000   clock reconvergence pessimism
                           0.000000  100.000000   output external delay
                                     100.000000   data required time
---------------------------------------------------------------------------------------
                                     100.000000   data required time
                                      -0.605388   data arrival time
---------------------------------------------------------------------------------------
                                      99.394608   slack (MET)


Startpoint: a[0] (input port clocked by vclk)
Endpoint: sum[2] (output port clocked by vclk)
Path Group: vclk
Path Type: max

        Cap        Slew       Delay        Time   Description
---------------------------------------------------------------------------------------
               0.000000    0.000000    0.000000   clock vclk (rise edge)
                           0.000000    0.000000   clock network delay (ideal)
                           0.000000    0.000000 ^ input external delay
   0.005019    0.050000    0.000000    0.000000 ^ a[0] (in)
               0.050000    0.000000    0.000000 ^ _097_/A (sg13g2_or2_1)
   0.006267    0.037058    0.086742    0.086742 ^ _097_/X (sg13g2_or2_1)
               0.037058    0.000000    0.086742 ^ _099_/A2 (sg13g2_a21oi_1)
   0.008778    0.074538    0.084000    0.170742 v _099_/Y (sg13g2_a21oi_1)
               0.074538    0.000000    0.170742 v _102_/A1 (sg13g2_o21ai_1)
   0.008792    0.125195    0.142840    0.313582 ^ _102_/Y (sg13g2_o21ai_1)
               0.125195    0.000000    0.313582 ^ _156_/A (sg13g2_xor2_1)
   0.010000    0.112620    0.171465    0.485047 ^ _156_/X (sg13g2_xor2_1)
               0.112620    0.000000    0.485047 ^ sum[2] (out)
                                       0.485047   data arrival time

               0.000000  100.000000  100.000000   clock vclk (rise edge)
                           0.000000  100.000000   clock network delay (ideal)
                           0.000000  100.000000   clock reconvergence pessimism
                           0.000000  100.000000   output external delay
                                     100.000000   data required time
---------------------------------------------------------------------------------------
                                     100.000000   data required time
                                      -0.485047   data arrival time
---------------------------------------------------------------------------------------
                                      99.514954   slack (MET)


Startpoint: a[0] (input port clocked by vclk)
Endpoint: sum[1] (output port clocked by vclk)
Path Group: vclk
Path Type: max

        Cap        Slew       Delay        Time   Description
---------------------------------------------------------------------------------------
               0.000000    0.000000    0.000000   clock vclk (rise edge)
                           0.000000    0.000000   clock network delay (ideal)
                           0.000000    0.000000 v input external delay
   0.005035    0.050000    0.000000    0.000000 v a[0] (in)
               0.050000    0.000000    0.000000 v _097_/A (sg13g2_or2_1)
   0.005921    0.036782    0.118697    0.118697 v _097_/X (sg13g2_or2_1)
               0.036782    0.000000    0.118697 v _099_/A2 (sg13g2_a21oi_1)
   0.009051    0.102173    0.109089    0.227785 ^ _099_/Y (sg13g2_a21oi_1)
               0.102173    0.000000    0.227785 ^ _157_/A (sg13g2_xnor2_1)
   0.010000    0.115664    0.133563    0.361349 ^ _157_/Y (sg13g2_xnor2_1)
               0.115664    0.000000    0.361349 ^ sum[1] (out)
                                       0.361349   data arrival time

               0.000000  100.000000  100.000000   clock vclk (rise edge)
                           0.000000  100.000000   clock network delay (ideal)
                           0.000000  100.000000   clock reconvergence pessimism
                           0.000000  100.000000   output external delay
                                     100.000000   data required time
---------------------------------------------------------------------------------------
                                     100.000000   data required time
                                      -0.361349   data arrival time
---------------------------------------------------------------------------------------
                                      99.638649   slack (MET)


Startpoint: b[0] (input port clocked by vclk)
Endpoint: sum[0] (output port clocked by vclk)
Path Group: vclk
Path Type: max

        Cap        Slew       Delay        Time   Description
---------------------------------------------------------------------------------------
               0.000000    0.000000    0.000000   clock vclk (rise edge)
                           0.000000    0.000000   clock network delay (ideal)
                           0.000000    0.000000 v input external delay
   0.004752    0.050000    0.000000    0.000000 v b[0] (in)
               0.050000    0.000000    0.000000 v _096_/B (sg13g2_and2_1)
   0.005006    0.027688    0.086068    0.086068 v _096_/X (sg13g2_and2_1)
               0.027688    0.000000    0.086068 v _098_/A_N (sg13g2_nand2b_1)
   0.005056    0.044920    0.083651    0.169719 v _098_/Y (sg13g2_nand2b_1)
               0.044920    0.000000    0.169719 v _158_/B (sg13g2_xnor2_1)
   0.010000    0.079782    0.119585    0.289305 v _158_/Y (sg13g2_xnor2_1)
               0.079782    0.000000    0.289305 v sum[0] (out)
                                       0.289305   data arrival time

               0.000000  100.000000  100.000000   clock vclk (rise edge)
                           0.000000  100.000000   clock network delay (ideal)
                           0.000000  100.000000   clock reconvergence pessimism
                           0.000000  100.000000   output external delay
                                     100.000000   data required time
---------------------------------------------------------------------------------------
                                     100.000000   data required time
                                      -0.289305   data arrival time
---------------------------------------------------------------------------------------
                                      99.710693   slack (MET)


