
 /----------------------------------------------------------------------------\
 |  yosys -- Yosys Open SYnthesis Suite                                       |
 |  Copyright (C) 2012 - 2026  Claire Xenia Wolf <claire@yosyshq.com>         |
 |  Distributed under an ISC-like license, type "license" to see terms        |
 \----------------------------------------------------------------------------/
 Yosys 0.64+72 (git sha1 22ef99218, clang++ 20.1.8 -fPIC -O3)

-- Executing script file `/home/duhaochen/website-trial-v1/data/digital-technologies/161c42aef93a0c013cfec30bc361600b/results/adders/carry_lookahead_adder/w16/synthesis.ys' --

1. Executing Verilog-2005 frontend: /home/duhaochen/website-trial-v1/data/digital-technologies/161c42aef93a0c013cfec30bc361600b/results/adders/carry_lookahead_adder/w16/rtl.v
Parsing Verilog input from `/home/duhaochen/website-trial-v1/data/digital-technologies/161c42aef93a0c013cfec30bc361600b/results/adders/carry_lookahead_adder/w16/rtl.v' to AST representation.
Generating RTLIL representation for module `\adder_top'.
Successfully finished Verilog frontend.

2. Executing HIERARCHY pass (managing design hierarchy).

2.1. Analyzing design hierarchy..
Top module:  \adder_top

2.2. Analyzing design hierarchy..
Top module:  \adder_top
Removed 0 unused modules.

3. Executing SYNTH pass.

3.1. Executing HIERARCHY pass (managing design hierarchy).

3.1.1. Analyzing design hierarchy..
Top module:  \adder_top

3.1.2. Analyzing design hierarchy..
Top module:  \adder_top
Removed 0 unused modules.

3.2. Executing PROC pass (convert processes to netlists).

3.2.1. Executing PROC_CLEAN pass (remove empty switches from decision trees).
Cleaned up 0 empty switches.

3.2.2. Executing PROC_RMDEAD pass (remove dead branches from decision trees).
Removed a total of 0 dead cases.

3.2.3. Executing PROC_PRUNE pass (remove redundant assignments in processes).
Removed 0 redundant assignments.
Promoted 0 assignments to connections.

3.2.4. Executing PROC_INIT pass (extract init attributes).

3.2.5. Executing PROC_ARST pass (detect async resets in processes).

3.2.6. Executing PROC_ROM pass (convert switches to ROMs).
Converted 0 switches.

3.2.7. Executing PROC_MUX pass (convert decision trees to multiplexers).

3.2.8. Executing PROC_DLATCH pass (convert process syncs to latches).

3.2.9. Executing PROC_DFF pass (convert process syncs to FFs).

3.2.10. Executing PROC_MEMWR pass (convert process memory writes to cells).

3.2.11. Executing PROC_CLEAN pass (remove empty switches from decision trees).
Cleaned up 0 empty switches.

3.2.12. Executing OPT_EXPR pass (perform const folding).
Optimizing module adder_top.

3.3. Executing OPT_EXPR pass (perform const folding).
Optimizing module adder_top.

3.4. Executing OPT_CLEAN pass (remove unused cells and wires).
Finding unused cells or wires in module \adder_top..
Removed 0 unused cells and 19 unused wires.
<suppressed ~1 debug messages>

3.5. Executing CHECK pass (checking for obvious problems).
Checking module adder_top...
Found and reported 0 problems.

3.6. Executing OPT pass (performing simple optimizations).

3.6.1. Executing OPT_EXPR pass (perform const folding).
Optimizing module adder_top.

3.6.2. Executing OPT_MERGE pass (detect identical cells).
Finding identical cells in module `\adder_top'.
Computing hashes of 955 cells of `\adder_top'.
Finding duplicate cells in `\adder_top'.
Removed a total of 0 cells.

3.6.3. Executing OPT_MUXTREE pass (detect dead branches in mux trees).
Running muxtree optimizer on module \adder_top..
  Creating internal representation of mux trees.
  No muxes found in this module.
Removed 0 multiplexer ports.

3.6.4. Executing OPT_REDUCE pass (consolidate $*mux and $reduce_* inputs).
  Optimizing cells in module \adder_top.
Performed a total of 0 changes.

3.6.5. Executing OPT_MERGE pass (detect identical cells).
Finding identical cells in module `\adder_top'.
Computing hashes of 955 cells of `\adder_top'.
Finding duplicate cells in `\adder_top'.
Removed a total of 0 cells.

3.6.6. Executing OPT_DFF pass (perform DFF optimizations).

3.6.7. Executing OPT_CLEAN pass (remove unused cells and wires).
Finding unused cells or wires in module \adder_top..

3.6.8. Executing OPT_EXPR pass (perform const folding).
Optimizing module adder_top.

3.6.9. Finished fast OPT passes. (There is nothing left to do.)

3.7. Executing FSM pass (extract and optimize FSM).

3.7.1. Executing FSM_DETECT pass (finding FSMs in design).

3.7.2. Executing FSM_EXTRACT pass (extracting FSM from design).

3.7.3. Executing FSM_OPT pass (simple optimizations of FSMs).

3.7.4. Executing OPT_CLEAN pass (remove unused cells and wires).
Finding unused cells or wires in module \adder_top..

3.7.5. Executing FSM_OPT pass (simple optimizations of FSMs).

3.7.6. Executing FSM_RECODE pass (re-assigning FSM state encoding).

3.7.7. Executing FSM_INFO pass (dumping all available information on FSM cells).

3.7.8. Executing FSM_MAP pass (mapping FSMs to basic logic).

3.8. Executing OPT pass (performing simple optimizations).

3.8.1. Executing OPT_EXPR pass (perform const folding).
Optimizing module adder_top.

3.8.2. Executing OPT_MERGE pass (detect identical cells).
Finding identical cells in module `\adder_top'.
Computing hashes of 955 cells of `\adder_top'.
Finding duplicate cells in `\adder_top'.
Removed a total of 0 cells.

3.8.3. Executing OPT_MUXTREE pass (detect dead branches in mux trees).
Running muxtree optimizer on module \adder_top..
  Creating internal representation of mux trees.
  No muxes found in this module.
Removed 0 multiplexer ports.

3.8.4. Executing OPT_REDUCE pass (consolidate $*mux and $reduce_* inputs).
  Optimizing cells in module \adder_top.
Performed a total of 0 changes.

3.8.5. Executing OPT_MERGE pass (detect identical cells).
Finding identical cells in module `\adder_top'.
Computing hashes of 955 cells of `\adder_top'.
Finding duplicate cells in `\adder_top'.
Removed a total of 0 cells.

3.8.6. Executing OPT_DFF pass (perform DFF optimizations).

3.8.7. Executing OPT_CLEAN pass (remove unused cells and wires).
Finding unused cells or wires in module \adder_top..

3.8.8. Executing OPT_EXPR pass (perform const folding).
Optimizing module adder_top.

3.8.9. Finished fast OPT passes. (There is nothing left to do.)

3.9. Executing WREDUCE pass (reducing word size of cells).

3.10. Executing PEEPOPT pass (run peephole optimizers).

3.11. Executing OPT_CLEAN pass (remove unused cells and wires).
Finding unused cells or wires in module \adder_top..

3.12. Executing ALUMACC pass (create $alu and $macc cells).
Extracting $alu and $macc cells in module adder_top:
  created 0 $alu and 0 $macc cells.

3.13. Executing SHARE pass (SAT-based resource sharing).

3.14. Executing OPT pass (performing simple optimizations).

3.14.1. Executing OPT_EXPR pass (perform const folding).
Optimizing module adder_top.

3.14.2. Executing OPT_MERGE pass (detect identical cells).
Finding identical cells in module `\adder_top'.
Computing hashes of 955 cells of `\adder_top'.
Finding duplicate cells in `\adder_top'.
Removed a total of 0 cells.

3.14.3. Executing OPT_MUXTREE pass (detect dead branches in mux trees).
Running muxtree optimizer on module \adder_top..
  Creating internal representation of mux trees.
  No muxes found in this module.
Removed 0 multiplexer ports.

3.14.4. Executing OPT_REDUCE pass (consolidate $*mux and $reduce_* inputs).
  Optimizing cells in module \adder_top.
Performed a total of 0 changes.

3.14.5. Executing OPT_MERGE pass (detect identical cells).
Finding identical cells in module `\adder_top'.
Computing hashes of 955 cells of `\adder_top'.
Finding duplicate cells in `\adder_top'.
Removed a total of 0 cells.

3.14.6. Executing OPT_DFF pass (perform DFF optimizations).

3.14.7. Executing OPT_CLEAN pass (remove unused cells and wires).
Finding unused cells or wires in module \adder_top..

3.14.8. Executing OPT_EXPR pass (perform const folding).
Optimizing module adder_top.

3.14.9. Finished fast OPT passes. (There is nothing left to do.)

3.15. Executing MEMORY pass.

3.15.1. Executing OPT_MEM pass (optimize memories).
Performed a total of 0 transformations.

3.15.2. Executing OPT_MEM_PRIORITY pass (removing unnecessary memory write priority relations).
Performed a total of 0 transformations.

3.15.3. Executing OPT_MEM_FEEDBACK pass (finding memory read-to-write feedback paths).

3.15.4. Executing MEMORY_BMUX2ROM pass (converting muxes to ROMs).

3.15.5. Executing MEMORY_DFF pass (merging $dff cells to $memrd).

3.15.6. Executing OPT_CLEAN pass (remove unused cells and wires).
Finding unused cells or wires in module \adder_top..

3.15.7. Executing MEMORY_SHARE pass (consolidating $memrd/$memwr cells).

3.15.8. Executing OPT_MEM_WIDEN pass (optimize memories where all ports are wide).
Performed a total of 0 transformations.

3.15.9. Executing OPT_CLEAN pass (remove unused cells and wires).
Finding unused cells or wires in module \adder_top..

3.15.10. Executing MEMORY_COLLECT pass (generating $mem cells).

3.16. Executing OPT_CLEAN pass (remove unused cells and wires).
Finding unused cells or wires in module \adder_top..

3.17. Executing OPT pass (performing simple optimizations).

3.17.1. Executing OPT_EXPR pass (perform const folding).
Optimizing module adder_top.

3.17.2. Executing OPT_MERGE pass (detect identical cells).
Finding identical cells in module `\adder_top'.
Computing hashes of 955 cells of `\adder_top'.
Finding duplicate cells in `\adder_top'.
Removed a total of 0 cells.

3.17.3. Executing OPT_DFF pass (perform DFF optimizations).

3.17.4. Executing OPT_CLEAN pass (remove unused cells and wires).
Finding unused cells or wires in module \adder_top..

3.17.5. Finished fast OPT passes.

3.18. Executing MEMORY_MAP pass (converting memories to logic and flip-flops).

3.19. Executing OPT pass (performing simple optimizations).

3.19.1. Executing OPT_EXPR pass (perform const folding).
Optimizing module adder_top.

3.19.2. Executing OPT_MERGE pass (detect identical cells).
Finding identical cells in module `\adder_top'.
Computing hashes of 955 cells of `\adder_top'.
Finding duplicate cells in `\adder_top'.
Removed a total of 0 cells.

3.19.3. Executing OPT_MUXTREE pass (detect dead branches in mux trees).
Running muxtree optimizer on module \adder_top..
  Creating internal representation of mux trees.
  No muxes found in this module.
Removed 0 multiplexer ports.

3.19.4. Executing OPT_REDUCE pass (consolidate $*mux and $reduce_* inputs).
  Optimizing cells in module \adder_top.
Performed a total of 0 changes.

3.19.5. Executing OPT_MERGE pass (detect identical cells).
Finding identical cells in module `\adder_top'.
Computing hashes of 955 cells of `\adder_top'.
Finding duplicate cells in `\adder_top'.
Removed a total of 0 cells.

3.19.6. Executing OPT_SHARE pass.

3.19.7. Executing OPT_DFF pass (perform DFF optimizations).

3.19.8. Executing OPT_CLEAN pass (remove unused cells and wires).
Finding unused cells or wires in module \adder_top..

3.19.9. Executing OPT_EXPR pass (perform const folding).
Optimizing module adder_top.

3.19.10. Finished fast OPT passes. (There is nothing left to do.)

3.20. Executing TECHMAP pass (map to technology primitives).

3.20.1. Executing Verilog-2005 frontend: /usr/local/bin/../share/yosys/techmap.v
Parsing Verilog input from `/usr/local/bin/../share/yosys/techmap.v' to AST representation.
Generating RTLIL representation for module `\_90_simplemap_bool_ops'.
Generating RTLIL representation for module `\_90_simplemap_reduce_ops'.
Generating RTLIL representation for module `\_90_simplemap_logic_ops'.
Generating RTLIL representation for module `\_90_simplemap_compare_ops'.
Generating RTLIL representation for module `\_90_simplemap_various'.
Generating RTLIL representation for module `\_90_simplemap_registers'.
Generating RTLIL representation for module `\_90_shift_ops_shr_shl_sshl_sshr'.
Generating RTLIL representation for module `\_90_shift_shiftx'.
Generating RTLIL representation for module `\_90_fa'.
Generating RTLIL representation for module `\_90_lcu_brent_kung'.
Generating RTLIL representation for module `\_90_alu'.
Generating RTLIL representation for module `\_90_macc'.
Generating RTLIL representation for module `\_90_alumacc'.
Generating RTLIL representation for module `$__div_mod_u'.
Generating RTLIL representation for module `$__div_mod_trunc'.
Generating RTLIL representation for module `\_90_div'.
Generating RTLIL representation for module `\_90_mod'.
Generating RTLIL representation for module `$__div_mod_floor'.
Generating RTLIL representation for module `\_90_divfloor'.
Generating RTLIL representation for module `\_90_modfloor'.
Generating RTLIL representation for module `\_90_pow'.
Generating RTLIL representation for module `\_90_pmux'.
Generating RTLIL representation for module `\_90_demux'.
Generating RTLIL representation for module `\_90_lut'.
Generating RTLIL representation for module `$connect'.
Generating RTLIL representation for module `$input_port'.
Successfully finished Verilog frontend.

3.20.2. Continuing TECHMAP pass.
Using extmapper simplemap for cells of type $xor.
Using extmapper simplemap for cells of type $and.
Using extmapper simplemap for cells of type $or.
No more expansions possible.
<suppressed ~1032 debug messages>

3.21. Executing OPT pass (performing simple optimizations).

3.21.1. Executing OPT_EXPR pass (perform const folding).
Optimizing module adder_top.

3.21.2. Executing OPT_MERGE pass (detect identical cells).
Finding identical cells in module `\adder_top'.
Computing hashes of 1000 cells of `\adder_top'.
Finding duplicate cells in `\adder_top'.
Removed a total of 0 cells.

3.21.3. Executing OPT_DFF pass (perform DFF optimizations).

3.21.4. Executing OPT_CLEAN pass (remove unused cells and wires).
Finding unused cells or wires in module \adder_top..

3.21.5. Finished fast OPT passes.

3.22. Executing HIERARCHY pass (managing design hierarchy).
Attribute `top' found on module `adder_top'. Setting top module to adder_top.

3.22.1. Analyzing design hierarchy..
Top module:  \adder_top

3.22.2. Analyzing design hierarchy..
Top module:  \adder_top
Removed 0 unused modules.

3.23. Printing statistics.

=== adder_top ===

        +----------Local Count, excluding submodules.
        | 
      944 wires
     1035 wire bits
        8 public wires
       99 public wire bits
        5 ports
       50 port bits
     1000 cells
      832   $_AND_
      136   $_OR_
       32   $_XOR_

3.24. Executing CHECK pass (checking for obvious problems).
Checking module adder_top...
Found and reported 0 problems.

4. Executing ABC pass (technology mapping using ABC).

4.1. Extracting gate netlist of module `\adder_top' to `<abc-temp-dir>/input.blif'..

4.1.1. Executed ABC.
Extracted 1000 gates and 1033 wires to a netlist network with 33 inputs and 17 outputs.
Running ABC script: <abc-temp-dir>/abc.script
ABC: UC Berkeley, ABC 1.01 (compiled Apr 21 2026 18:19:32)
ABC: abc 01> empty
ABC: abc 01> source <abc-temp-dir>/abc.script
ABC: + read_blif <abc-temp-dir>/input.blif 
ABC: + read_lib -w /home/duhaochen/website-trial-v1/data/digital-technologies/161c42aef93a0c013cfec30bc361600b/library/timing.lib 
ABC: Parsing finished successfully.  Parsing time =     0.01 sec
ABC: Scl_LibertyReadGenlib() skipped cell "sg13g2_antennanp" due to dont_use attribute.
ABC: Scl_LibertyReadGenlib() skipped cell "sg13g2_decap_4" due to dont_use attribute.
ABC: Scl_LibertyReadGenlib() skipped cell "sg13g2_decap_8" due to dont_use attribute.
ABC: Scl_LibertyReadGenlib() skipped sequential cell "sg13g2_dfrbp_1".
ABC: Scl_LibertyReadGenlib() skipped sequential cell "sg13g2_dfrbp_2".
ABC: Scl_LibertyReadGenlib() skipped sequential cell "sg13g2_dlhq_1".
ABC: Scl_LibertyReadGenlib() skipped sequential cell "sg13g2_dlhr_1".
ABC: Scl_LibertyReadGenlib() skipped sequential cell "sg13g2_dlhrq_1".
ABC: Scl_LibertyReadGenlib() skipped sequential cell "sg13g2_dllr_1".
ABC: Scl_LibertyReadGenlib() skipped sequential cell "sg13g2_dllrq_1".
ABC: Scl_LibertyReadGenlib() skipped three-state cell "sg13g2_ebufn_2".
ABC: Scl_LibertyReadGenlib() skipped three-state cell "sg13g2_ebufn_4".
ABC: Scl_LibertyReadGenlib() skipped three-state cell "sg13g2_ebufn_8".
ABC: Scl_LibertyReadGenlib() skipped three-state cell "sg13g2_einvn_2".
ABC: Scl_LibertyReadGenlib() skipped three-state cell "sg13g2_einvn_4".
ABC: Scl_LibertyReadGenlib() skipped three-state cell "sg13g2_einvn_8".
ABC: Scl_LibertyReadGenlib() skipped cell "sg13g2_fill_1" due to dont_use attribute.
ABC: Scl_LibertyReadGenlib() skipped cell "sg13g2_fill_2" due to dont_use attribute.
ABC: Scl_LibertyReadGenlib() skipped cell "sg13g2_fill_4" due to dont_use attribute.
ABC: Scl_LibertyReadGenlib() skipped cell "sg13g2_fill_8" due to dont_use attribute.
ABC: Scl_LibertyReadGenlib() skipped cell "sg13g2_lgcp_1" due to dont_use attribute.
ABC: Scl_LibertyReadGenlib() skipped sequential cell "sg13g2_sdfbbp_1".
ABC: Scl_LibertyReadGenlib() skipped cell "sg13g2_sighold" due to dont_use attribute.
ABC: Scl_LibertyReadGenlib() skipped cell "sg13g2_slgcp_1" due to dont_use attribute.
ABC: Library "sg13g2_stdcell_typ_1p20V_25C" from "/home/duhaochen/website-trial-v1/data/digital-technologies/161c42aef93a0c013cfec30bc361600b/library/timing.lib" has 54 cells (24 skipped: 8 seq; 6 tri-state; 0 no func; 10 dont_use; 0 with 2 outputs; 0 with 3+ outputs).  Time =     0.03 sec
ABC: Memory =    2.40 MB. Time =     0.03 sec
ABC: + strash 
ABC: + &get -n 
ABC: + &fraig -x 
ABC: + &put 
ABC: + scorr 
ABC: Warning: The network is combinational (run "fraig" or "fraig_sweep").
ABC: + dc2 
ABC: + dretime 
ABC: + strash 
ABC: + &get -n 
ABC: + &dch -f 
ABC: + &nf 
ABC: + &put 
ABC: + write_blif <abc-temp-dir>/output.blif 
ABC: 
ABC: YOSYS_ABC_DONE 

4.1.2. Re-integrating ABC results.
ABC RESULTS:     sg13g2_a21o_1 cells:        3
ABC RESULTS:    sg13g2_a21oi_1 cells:       10
ABC RESULTS:   sg13g2_a221oi_1 cells:        1
ABC RESULTS:     sg13g2_and2_1 cells:        8
ABC RESULTS:     sg13g2_and3_1 cells:        1
ABC RESULTS:      sg13g2_inv_1 cells:        2
ABC RESULTS:    sg13g2_nand2_1 cells:        9
ABC RESULTS:   sg13g2_nand2b_1 cells:        4
ABC RESULTS:    sg13g2_nand3_1 cells:        2
ABC RESULTS:    sg13g2_nand4_1 cells:        2
ABC RESULTS:     sg13g2_nor2_1 cells:       11
ABC RESULTS:    sg13g2_nor2b_1 cells:        4
ABC RESULTS:     sg13g2_nor3_1 cells:        1
ABC RESULTS:    sg13g2_o21ai_1 cells:        8
ABC RESULTS:      sg13g2_or2_1 cells:        3
ABC RESULTS:      sg13g2_or3_1 cells:        1
ABC RESULTS:    sg13g2_xnor2_1 cells:       13
ABC RESULTS:     sg13g2_xor2_1 cells:       13
ABC RESULTS:        internal signals:      983
ABC RESULTS:           input signals:       33
ABC RESULTS:          output signals:       17
Removing temp directory.
Removing global temp directory.
Removed 0 unused cells and 989 unused wires.

5. Executing CHECK pass (checking for obvious problems).
Checking module adder_top...
Warning: Wire adder_top.\sum [15] is used but has no driver.
Warning: Wire adder_top.\sum [14] is used but has no driver.
Warning: Wire adder_top.\sum [13] is used but has no driver.
Warning: Wire adder_top.\sum [12] is used but has no driver.
Warning: Wire adder_top.\sum [11] is used but has no driver.
Warning: Wire adder_top.\sum [10] is used but has no driver.
Warning: Wire adder_top.\sum [9] is used but has no driver.
Warning: Wire adder_top.\sum [8] is used but has no driver.
Warning: Wire adder_top.\sum [7] is used but has no driver.
Warning: Wire adder_top.\sum [6] is used but has no driver.
Warning: Wire adder_top.\sum [5] is used but has no driver.
Warning: Wire adder_top.\sum [4] is used but has no driver.
Warning: Wire adder_top.\sum [3] is used but has no driver.
Warning: Wire adder_top.\sum [2] is used but has no driver.
Warning: Wire adder_top.\sum [1] is used but has no driver.
Warning: Wire adder_top.\sum [0] is used but has no driver.
Warning: Wire adder_top.\cout is used but has no driver.
Found and reported 17 problems.

6. Printing statistics.

=== adder_top ===

        +----------Local Count, excluding submodules.
        |        +-Local Area, excluding submodules.
        |        | 
       84        - wires
      129        - wire bits
        5        - public wires
       50        - public wire bits
        5        - ports
       50        - port bits
       96  996.106 cells
        3   38.102   sg13g2_a21o_1
       10    90.72   sg13g2_a21oi_1
        1   14.515   sg13g2_a221oi_1
        8   72.576   sg13g2_and2_1
        1   12.701   sg13g2_and3_1
        2   10.886   sg13g2_inv_1
        9   65.318   sg13g2_nand2_1
        4   36.288   sg13g2_nand2b_1
        2   18.144   sg13g2_nand3_1
        2   21.773   sg13g2_nand4_1
       11   79.834   sg13g2_nor2_1
        4   36.288   sg13g2_nor2b_1
        1    9.072   sg13g2_nor3_1
        8   72.576   sg13g2_o21ai_1
        3   27.216   sg13g2_or2_1
        1   12.701   sg13g2_or3_1
       13  188.698   sg13g2_xnor2_1
       13  188.698   sg13g2_xor2_1

   Chip area for module '\adder_top': 996.105600
     of which used for sequential elements: 0.000000 (0.00%)

7. Executing Verilog backend.
Dumping module `\adder_top'.

8. Executing JSON backend.

Warnings: 17 unique messages, 17 total
End of script. Logfile hash: 8a7de8109b, time: 0.75s, user: 0.52s, system: 0.02s, MEM: 21.00 MB peak
Yosys 0.64+72 (git sha1 22ef99218, clang++ 20.1.8 -fPIC -O3)
Time spent: 30% 1x abc (0 sec), 14% 12x opt_expr (0 sec), ...
