$ /usr/bin/time -v -o /home/duhaochen/website-trial-v1/data/spice-model-benchmark/80ea231b6043eed3bf298e21004cbe9d/ngspice/resource.txt /usr/bin/python -m spice_model_benchmark.cli /home/duhaochen/pipeline_full_collection/benchmark-inputs/80ea231b6043eed3bf298e21004cbe9d/ngspice.lib --simulator ngspice --modes dc transient ac noise --output-dir /home/duhaochen/website-trial-v1/data/spice-model-benchmark/80ea231b6043eed3bf298e21004cbe9d --dpi 120 --log-level WARNING
/home/duhaochen/spice_model_benchmark/src/spice_model_benchmark/verification_manager.py:1557: RuntimeWarning: divide by zero encountered in divide
  tc = np.mean((d_ids / d_temp) / np.abs(i_ds[:-1]))
SPICE Model Benchmark: /home/duhaochen/pipeline_full_collection/benchmark-inputs/80ea231b6043eed3bf298e21004cbe9d/ngspice.lib
Simulators: ngspice
Modes: dc, transient, ac, noise
------------------------------------------------------------

============================================================
  Running: NGSPICE
  Output:  /home/duhaochen/website-trial-v1/data/spice-model-benchmark/80ea231b6043eed3bf298e21004cbe9d/ngspice
============================================================
Vgs range: -1.200V to 0.000V
Ids range: 0.000e+00A to 4.638e-04A
Selected Vgs values: [-1.2 -1.  -0.8 -0.6 -0.4 -0.2  0. ]
Vgs=-1.200V: Ids range 0.000e+00A to 4.638e-04A
Vgs=-1.000V: Ids range 0.000e+00A to 2.560e-04A
Vgs=-0.800V: Ids range 0.000e+00A to 9.562e-05A
Vgs=-0.600V: Ids range 0.000e+00A to 6.420e-06A
Vgs=-0.400V: Ids range 0.000e+00A to 7.231e-08A
Vgs=-0.200V: Ids range 0.000e+00A to 5.077e-10A
Vgs=0.000V: Ids range 1.636e-16A to 3.040e-12A
ids_variation: 6.127706010808226
ids_variation <= max_variation: False
tc: inf
abs(tc) <= max_tc: False
[WARNING]: Temperature effects verification failed - effects outside expected range
/home/duhaochen/spice_model_benchmark/src/spice_model_benchmark/verification_manager.py:1817: RuntimeWarning: divide by zero encountered in log
  log_ids = np.log(np.abs(i_ds))
/home/duhaochen/.local/lib/python3.9/site-packages/numpy/lib/function_base.py:2742: RuntimeWarning: invalid value encountered in subtract
  X -= avg[:, None]
/home/duhaochen/spice_model_benchmark/src/spice_model_benchmark/verification_manager.py:1862: RuntimeWarning: divide by zero encountered in divide
  efficiency = np.abs(gm / i_ds)  # Transconductance efficiency
[INFO]: S-parameter analysis plot saved to /home/duhaochen/website-trial-v1/data/spice-model-benchmark/80ea231b6043eed3bf298e21004cbe9d/ngspice/plots/ac_cv_sparameter_analysis.png
[INFO]: NQS effects plot saved to /home/duhaochen/website-trial-v1/data/spice-model-benchmark/80ea231b6043eed3bf298e21004cbe9d/ngspice/plots/ac_cv_nqs_effects.png
[INFO]: S-parameter analysis plot saved to /home/duhaochen/website-trial-v1/data/spice-model-benchmark/80ea231b6043eed3bf298e21004cbe9d/ngspice/plots/ac_cv_sparameter_analysis.png
norm_dvg: [2.50000000e+11 1.25000000e+11 6.25000000e+10 3.12500000e+10
 1.56250000e+10 7.81250024e+09 6.94325056e+09 5.67942137e+09
 5.35189775e+09 4.91311894e+09 4.66869653e+09 4.43325589e+09
 4.19634325e+09 4.05669837e+09 3.91089514e+09 3.74312012e+09
 3.59761198e+09 3.45615754e+09 3.29964757e+09 3.11436870e+09
 2.94342364e+09 2.78863701e+09 2.63952461e+09 2.51771381e+09
 2.48448933e+09 2.45373896e+09 2.43526551e+09 2.41455807e+09
 2.39033850e+09 2.36472917e+09 2.33635166e+09 2.31968442e+09
 2.30755995e+09 2.29752598e+09 2.28563908e+09 2.27187744e+09
 2.25138414e+09 2.23500011e+09 2.21679627e+09 2.20396188e+09
 2.19281773e+09 2.17928647e+09 2.16387266e+09 2.15188785e+09
 2.13785888e+09 2.12144496e+09 2.10351347e+09 2.08017608e+09
 2.05053295e+09 2.02495088e+09 2.00000054e+09 1.99508338e+09
 1.98532232e+09 1.96805577e+09 1.93440876e+09 1.87045164e+09
 1.79516819e+09 1.71925963e+09 1.63833410e+09 1.50954295e+09
 1.33551929e+09 1.14365940e+09 9.99998755e+08 9.96000494e+08
 9.88096186e+08 9.72658314e+08 9.43185646e+08 8.89292769e+08
 7.98088519e+08 6.62250131e+08 4.94065589e+08 3.54104794e+08
 2.75936456e+08 2.26038620e+08 1.91423362e+08 1.66002029e+08
 1.46541129e+08 1.31164350e+08 1.20783332e+08 1.14748393e+08
 1.08592669e+08 1.02778621e+08 9.93101144e+07 9.52369757e+07
 9.52126626e+07 9.51614191e+07 9.50583993e+07 9.48538609e+07
 9.44474136e+07 9.36449327e+07 9.33867363e+07 9.31641001e+07
 9.30408404e+07 9.29376188e+07 9.28435522e+07 9.27278780e+07
 9.26204746e+07 9.25402277e+07 9.24371287e+07 9.23231329e+07
 9.21754600e+07 9.20158324e+07 9.18574883e+07 9.16933707e+07
 9.16587077e+07 9.16234195e+07 9.15890738e+07 9.15468314e+07
 9.15064076e+07 9.14826597e+07 9.14624773e+07 9.14483064e+07
 9.14281659e+07 9.14058609e+07 9.13736728e+07 9.13443737e+07
 9.13177417e+07 9.12916948e+07 9.12756768e+07 9.12515045e+07
 9.12215891e+07 9.12014459e+07 9.11722202e+07 9.11407929e+07
 9.11049242e+07 9.10557883e+07 9.09897459e+07 9.09124991e+07
 9.08975016e+07 9.08760349e+07 9.08317136e+07 9.07442632e+07
 9.05686314e+07 9.02199076e+07 8.95304114e+07 8.81826022e+07
 8.77049686e+07 8.72487012e+07 8.70247407e+07 8.68381594e+07
 8.66740631e+07 8.64963184e+07 8.63083516e+07 8.61597005e+07
 8.59924917e+07 8.57981427e+07 8.55689423e+07 8.52499081e+07
 8.47844240e+07 8.40526231e+07 8.33327213e+07 8.32861847e+07
 8.31917928e+07 8.30037510e+07 8.26301428e+07 8.18930435e+07
 8.04576387e+07 7.77326308e+07 7.31817432e+07 6.91342512e+07
 6.55110077e+07 6.22486364e+07 5.92957667e+07 5.66103628e+07
 5.41576552e+07 5.19086521e+07 0.00000000e+00 0.00000000e+00
 0.00000000e+00 0.00000000e+00 0.00000000e+00 0.00000000e+00
 0.00000000e+00 0.00000000e+00 0.00000000e+00 0.00000000e+00
 0.00000000e+00 0.00000000e+00 0.00000000e+00 0.00000000e+00
 0.00000000e+00 0.00000000e+00 0.00000000e+00 0.00000000e+00
 0.00000000e+00 0.00000000e+00 0.00000000e+00 0.00000000e+00
 0.00000000e+00 0.00000000e+00 0.00000000e+00 0.00000000e+00
 0.00000000e+00 0.00000000e+00 0.00000000e+00 0.00000000e+00
 0.00000000e+00 0.00000000e+00 0.00000000e+00 0.00000000e+00
 0.00000000e+00 0.00000000e+00 0.00000000e+00 0.00000000e+00
 0.00000000e+00 0.00000000e+00 0.00000000e+00 0.00000000e+00
 0.00000000e+00 0.00000000e+00 0.00000000e+00 0.00000000e+00
 0.00000000e+00 0.00000000e+00 0.00000000e+00 0.00000000e+00
 0.00000000e+00 0.00000000e+00 0.00000000e+00 0.00000000e+00
 0.00000000e+00 0.00000000e+00 0.00000000e+00 0.00000000e+00
 0.00000000e+00 0.00000000e+00 0.00000000e+00 0.00000000e+00
 0.00000000e+00 0.00000000e+00 0.00000000e+00 0.00000000e+00
 0.00000000e+00 0.00000000e+00 0.00000000e+00 0.00000000e+00
 0.00000000e+00 0.00000000e+00 0.00000000e+00 0.00000000e+00
 0.00000000e+00 0.00000000e+00 0.00000000e+00 0.00000000e+00
 0.00000000e+00 0.00000000e+00 0.00000000e+00 0.00000000e+00
 0.00000000e+00 0.00000000e+00 0.00000000e+00 0.00000000e+00
 0.00000000e+00 0.00000000e+00 0.00000000e+00 0.00000000e+00
 0.00000000e+00 0.00000000e+00 0.00000000e+00 0.00000000e+00
 0.00000000e+00 0.00000000e+00 0.00000000e+00 0.00000000e+00
 0.00000000e+00 0.00000000e+00 0.00000000e+00 0.00000000e+00
 0.00000000e+00 0.00000000e+00 0.00000000e+00 0.00000000e+00
 0.00000000e+00 0.00000000e+00 0.00000000e+00 0.00000000e+00
 0.00000000e+00 0.00000000e+00 0.00000000e+00 0.00000000e+00
 0.00000000e+00 0.00000000e+00 0.00000000e+00 0.00000000e+00
 0.00000000e+00 0.00000000e+00 0.00000000e+00 0.00000000e+00
 0.00000000e+00 0.00000000e+00 0.00000000e+00 0.00000000e+00
 0.00000000e+00 0.00000000e+00 0.00000000e+00 0.00000000e+00
 0.00000000e+00 0.00000000e+00 0.00000000e+00 0.00000000e+00
 0.00000000e+00 0.00000000e+00 0.00000000e+00 0.00000000e+00
 0.00000000e+00 0.00000000e+00 0.00000000e+00 0.00000000e+00
 0.00000000e+00 0.00000000e+00 0.00000000e+00 0.00000000e+00
 0.00000000e+00 0.00000000e+00 0.00000000e+00 0.00000000e+00
 0.00000000e+00 0.00000000e+00 0.00000000e+00 0.00000000e+00
 0.00000000e+00 0.00000000e+00 0.00000000e+00 0.00000000e+00
 0.00000000e+00 0.00000000e+00 0.00000000e+00 0.00000000e+00]
norm_dvd: [0. 0. 0. 0. 0. 0. 0. 0. 0. 0. 0. 0. 0. 0. 0. 0. 0. 0. 0. 0. 0. 0. 0. 0.
 0. 0. 0. 0. 0. 0. 0. 0. 0. 0. 0. 0. 0. 0. 0. 0. 0. 0. 0. 0. 0. 0. 0. 0.
 0. 0. 0. 0. 0. 0. 0. 0. 0. 0. 0. 0. 0. 0. 0. 0. 0. 0. 0. 0. 0. 0. 0. 0.
 0. 0. 0. 0. 0. 0. 0. 0. 0. 0. 0. 0. 0. 0. 0. 0. 0. 0. 0. 0. 0. 0. 0. 0.
 0. 0. 0. 0. 0. 0. 0. 0. 0. 0. 0. 0. 0. 0. 0. 0. 0. 0. 0. 0. 0. 0. 0. 0.
 0. 0. 0. 0. 0. 0. 0. 0. 0. 0. 0. 0. 0. 0. 0. 0. 0. 0. 0. 0. 0. 0. 0. 0.
 0. 0. 0. 0. 0. 0. 0. 0. 0. 0. 0. 0. 0. 0. 0. 0. 0. 0. 0. 0. 0. 0. 0. 0.
 0. 0. 0. 0. 0. 0. 0. 0. 0. 0. 0. 0. 0. 0. 0. 0. 0. 0. 0. 0. 0. 0. 0. 0.
 0. 0. 0. 0. 0. 0. 0. 0. 0. 0. 0. 0. 0. 0. 0. 0. 0. 0. 0. 0. 0. 0. 0. 0.
 0. 0. 0. 0. 0. 0. 0. 0. 0. 0. 0. 0. 0. 0. 0. 0. 0. 0. 0. 0. 0. 0. 0. 0.
 0. 0. 0. 0. 0. 0. 0. 0. 0. 0. 0. 0. 0. 0. 0. 0. 0. 0. 0. 0. 0. 0. 0. 0.
 0. 0. 0. 0. 0. 0. 0. 0. 0. 0. 0. 0. 0. 0. 0. 0. 0. 0. 0. 0. 0. 0. 0. 0.
 0. 0. 0. 0. 0. 0. 0. 0. 0. 0. 0. 0. 0. 0. 0. 0. 0. 0. 0. 0. 0. 0. 0. 0.
 0. 0. 0. 0. 0. 0. 0. 0. 0. 0. 0. 0. 0. 0. 0. 0.]
norm_did: [2.03978327e+03 0.00000000e+00 5.09945814e+02 2.54972905e+02
 3.82459351e+02 5.09157935e+02 5.09157915e+02 7.57204882e+02
 4.88948729e+02 0.00000000e+00 7.17266479e+02 6.40693943e+02
 0.00000000e+00 8.87816214e+02 7.11914906e+02 7.55102187e+02
 7.17189172e+02 5.94516413e+02 4.52538304e+02 8.75064478e+02
 4.32668488e+02 8.05523400e+02 8.90262911e+02 0.00000000e+00
 1.61762514e+03 0.00000000e+00 0.00000000e+00 1.94436737e+03
 0.00000000e+00 1.58856486e+03 0.00000000e+00 0.00000000e+00
 0.00000000e+00 3.60486601e+03 0.00000000e+00 0.00000000e+00
 2.50579637e+03 0.00000000e+00 0.00000000e+00 3.53884119e+03
 0.00000000e+00 0.00000000e+00 3.17038104e+03 0.00000000e+00
 0.00000000e+00 2.03058210e+03 0.00000000e+00 1.17402904e+03
 1.32433771e+03 1.32433770e+03 0.00000000e+00 0.00000000e+00
 1.84633519e+03 9.23167694e+02 9.23167674e+02 1.09173272e+03
 9.95225477e+02 1.13595724e+03 1.25341793e+03 1.51234568e+03
 1.75376010e+03 2.40330034e+03 1.01588282e+04 4.06353618e+03
 3.04765202e+03 3.04765187e+03 3.42860749e+03 4.00004119e+03
 5.65084915e+03 1.10794576e+04 3.78784254e+04 2.12373836e+05
 1.22982352e+06 6.99957631e+06 3.90775871e+07 1.96621881e+08
 7.77998782e+08 2.08700167e+09 2.23681214e+09 5.34943196e+08
 1.65129506e+09 3.34451806e+10 5.12674339e+09 4.82703919e+09
 1.91121935e+09 1.92085997e+09 1.90655502e+09 1.87853486e+09
 1.82453760e+09 1.63954387e+09 1.59260900e+09 1.55118544e+09
 1.53092329e+09 1.51492477e+09 1.50230700e+09 1.48527334e+09
 1.46869926e+09 1.45872272e+09 1.44503080e+09 1.43146683e+09
 1.41256172e+09 1.39172586e+09 1.37196236e+09 1.34647547e+09
 1.34142644e+09 1.33704731e+09 1.33354856e+09 1.32850671e+09
 1.32279572e+09 1.31977708e+09 1.31728016e+09 1.31562999e+09
 1.31357043e+09 1.31142972e+09 1.30743647e+09 1.30434350e+09
 1.30055735e+09 1.29789051e+09 1.29593268e+09 1.29342434e+09
 1.29003312e+09 1.28769839e+09 1.28475275e+09 1.28138612e+09
 1.27778177e+09 1.27312068e+09 1.26640213e+09 1.26382811e+09
 1.24962774e+09 1.25247491e+09 1.24948023e+09 1.24349528e+09
 1.23151212e+09 1.20757831e+09 1.15998264e+09 1.01627687e+09
 9.77800069e+08 9.38852326e+08 9.22069787e+08 9.08678203e+08
 8.97824741e+08 8.86115357e+08 8.73072539e+08 8.63857611e+08
 8.53720255e+08 8.42210854e+08 8.29676033e+08 8.12896598e+08
 7.89808834e+08 7.49405909e+08 7.07419391e+08 7.02245304e+08
 6.99632195e+08 6.92739028e+08 6.79114023e+08 6.52651148e+08
 6.03585550e+08 5.20168338e+08 4.02664527e+08 3.30279599e+08
 2.81113385e+08 2.45178416e+08 2.17487874e+08 1.95335780e+08
 1.77130345e+08 1.61605915e+08 1.51491848e+09 0.00000000e+00
 0.00000000e+00 0.00000000e+00 0.00000000e+00 0.00000000e+00
 0.00000000e+00 0.00000000e+00 0.00000000e+00 0.00000000e+00
 0.00000000e+00 0.00000000e+00 0.00000000e+00 0.00000000e+00
 0.00000000e+00 0.00000000e+00 0.00000000e+00 0.00000000e+00
 0.00000000e+00 0.00000000e+00 0.00000000e+00 0.00000000e+00
 0.00000000e+00 0.00000000e+00 0.00000000e+00 0.00000000e+00
 0.00000000e+00 0.00000000e+00 0.00000000e+00 0.00000000e+00
 0.00000000e+00 0.00000000e+00 0.00000000e+00 0.00000000e+00
 0.00000000e+00 0.00000000e+00 0.00000000e+00 0.00000000e+00
 0.00000000e+00 0.00000000e+00 0.00000000e+00 0.00000000e+00
 0.00000000e+00 0.00000000e+00 0.00000000e+00 0.00000000e+00
 0.00000000e+00 0.00000000e+00 0.00000000e+00 0.00000000e+00
 0.00000000e+00 0.00000000e+00 0.00000000e+00 0.00000000e+00
 0.00000000e+00 0.00000000e+00 0.00000000e+00 0.00000000e+00
 0.00000000e+00 0.00000000e+00 0.00000000e+00 0.00000000e+00
 0.00000000e+00 0.00000000e+00 0.00000000e+00 0.00000000e+00
 0.00000000e+00 0.00000000e+00 0.00000000e+00 0.00000000e+00
 0.00000000e+00 0.00000000e+00 0.00000000e+00 0.00000000e+00
 0.00000000e+00 0.00000000e+00 0.00000000e+00 0.00000000e+00
 0.00000000e+00 0.00000000e+00 0.00000000e+00 0.00000000e+00
 0.00000000e+00 0.00000000e+00 0.00000000e+00 0.00000000e+00
 0.00000000e+00 0.00000000e+00 0.00000000e+00 0.00000000e+00
 0.00000000e+00 0.00000000e+00 0.00000000e+00 0.00000000e+00
 0.00000000e+00 0.00000000e+00 0.00000000e+00 0.00000000e+00
 0.00000000e+00 0.00000000e+00 0.00000000e+00 0.00000000e+00
 0.00000000e+00 0.00000000e+00 0.00000000e+00 0.00000000e+00
 0.00000000e+00 0.00000000e+00 0.00000000e+00 0.00000000e+00
 0.00000000e+00 0.00000000e+00 0.00000000e+00 0.00000000e+00
 0.00000000e+00 0.00000000e+00 0.00000000e+00 0.00000000e+00
 0.00000000e+00 0.00000000e+00 0.00000000e+00 0.00000000e+00
 0.00000000e+00 0.00000000e+00 0.00000000e+00 0.00000000e+00
 0.00000000e+00 0.00000000e+00 0.00000000e+00 0.00000000e+00
 0.00000000e+00 0.00000000e+00 0.00000000e+00 0.00000000e+00
 0.00000000e+00 0.00000000e+00 0.00000000e+00 0.00000000e+00
 0.00000000e+00 0.00000000e+00 0.00000000e+00 0.00000000e+00
 0.00000000e+00 0.00000000e+00 0.00000000e+00 0.00000000e+00
 0.00000000e+00 0.00000000e+00 0.00000000e+00 0.00000000e+00
 0.00000000e+00 0.00000000e+00 0.00000000e+00 0.00000000e+00
 0.00000000e+00 0.00000000e+00 0.00000000e+00 0.00000000e+00
 0.00000000e+00 0.00000000e+00 0.00000000e+00 0.00000000e+00]
[WARNING]: Quasi-static verification failed
[WARNING]: Max normalized derivatives: dVg/dt=2.50e+11, dVd/dt=0.00e+00, dId/dt=3.34e+10

  ngspice: ✓ PASS  (52.4s)

✓ Benchmark completed: /home/duhaochen/website-trial-v1/data/spice-model-benchmark/80ea231b6043eed3bf298e21004cbe9d/ngspice
