$ /usr/bin/timeout --kill-after=10 300 /usr/bin/python -m spice_model_benchmark.cli /home/duhaochen/website-trial-v1/data/spice-benchmark/789454e8e4cec26f6c141611b907181f/model.lib --simulator spectre --modes dc transient ac noise --output-dir /home/duhaochen/website-trial-v1/data/spice-benchmark/789454e8e4cec26f6c141611b907181f --dpi 150 --log-level WARNING
/home/duhaochen/spice_model_benchmark/src/spice_model_benchmark/verification_manager.py:1540: RuntimeWarning: divide by zero encountered in divide
  tc = np.mean((d_ids / d_temp) / np.abs(i_ds[:-1]))
SPICE Model Benchmark: /home/duhaochen/website-trial-v1/data/spice-benchmark/789454e8e4cec26f6c141611b907181f/model.lib
Simulators: spectre
Modes: dc, transient, ac, noise
------------------------------------------------------------

============================================================
  Running: SPECTRE
  Output:  /home/duhaochen/website-trial-v1/data/spice-benchmark/789454e8e4cec26f6c141611b907181f/spectre
============================================================
Vgs range: 0.000V to 1.200V
Ids range: -6.816e-12A to 2.166e-05A
Selected Vgs values: [0.  0.2 0.4 0.6 0.8 1.  1.2]
Vgs=0.000V: Ids range 2.475e-15A to 5.055e-11A
Vgs=0.200V: Ids range -1.982e-23A to 3.469e-14A
Vgs=0.400V: Ids range -0.000e+00A to 9.686e-13A
Vgs=0.600V: Ids range -2.168e-19A to 4.096e-11A
Vgs=0.800V: Ids range -3.860e-17A to 1.737e-09A
Vgs=1.000V: Ids range -1.089e-14A to 6.985e-08A
Vgs=1.200V: Ids range -6.816e-12A to 2.166e-05A
ids_variation: 47.37556504802574
ids_variation <= max_variation: False
tc: inf
abs(tc) <= max_tc: False
[WARNING]: Temperature effects verification failed - effects outside expected range
/home/duhaochen/spice_model_benchmark/src/spice_model_benchmark/verification_manager.py:1800: RuntimeWarning: divide by zero encountered in log
  log_ids = np.log(np.abs(i_ds))
/home/duhaochen/.local/lib/python3.9/site-packages/numpy/lib/function_base.py:2742: RuntimeWarning: invalid value encountered in subtract
  X -= avg[:, None]
/home/duhaochen/spice_model_benchmark/src/spice_model_benchmark/verification_manager.py:1845: RuntimeWarning: divide by zero encountered in divide
  efficiency = np.abs(gm / i_ds)  # Transconductance efficiency
[WARNING]: Power dissipation data file at 27C°C not found in any location
[WARNING]: Power dissipation data file at 100C°C not found in any location
[ERROR]: Error creating power dissipation plot: unsupported operand type(s) for *: 'NoneType' and 'float'
[WARNING]: Cannot verify power dissipation: data missing
/home/duhaochen/spice_model_benchmark/src/spice_model_benchmark/verification_manager.py:2689: RuntimeWarning: divide by zero encountered in divide
  norm_dvg = np.abs(dvg_dt / gate_voltage[:-1])
/home/duhaochen/spice_model_benchmark/src/spice_model_benchmark/verification_manager.py:2689: RuntimeWarning: invalid value encountered in divide
  norm_dvg = np.abs(dvg_dt / gate_voltage[:-1])
norm_dvg: [4.88685909e+14 3.93925497e+14 2.83845367e+14 ... 0.00000000e+00
 0.00000000e+00 0.00000000e+00]
norm_dvd: [0. 0. 0. ... 0. 0. 0.]
norm_did: [4.98787298e+14 3.94577982e+14 2.74775633e+14 ... 3.46232974e+00
 3.43254275e+00 3.65436599e+00]
[WARNING]: Quasi-static verification failed
[WARNING]: Max normalized derivatives: dVg/dt=nan, dVd/dt=0.00e+00, dId/dt=1.50e+16
[ERROR]: Error parsing data file /home/duhaochen/website-trial-v1/data/spice-benchmark/789454e8e4cec26f6c141611b907181f/spectre/data/sparams_data.txt: tuple index out of range
[ERROR]: Error parsing data file /home/duhaochen/website-trial-v1/data/spice-benchmark/789454e8e4cec26f6c141611b907181f/spectre/data/nqs_effects.txt: tuple index out of range
[ERROR]: Could not find 'Values:' in charge conservation file

  spectre: ✓ PASS  (167.8s)

✓ Benchmark completed: /home/duhaochen/website-trial-v1/data/spice-benchmark/789454e8e4cec26f6c141611b907181f/spectre
