
6. Printing statistics.

=== adder_top ===

        +----------Local Count, excluding submodules.
        |        +-Local Area, excluding submodules.
        |        | 
       43        - wires
       64        - wire bits
        5        - public wires
       26        - public wire bits
        5        - ports
       26        - port bits
       47  138.444 cells
        5   11.732   AND2X1
        4   11.263   AOI21X1
        1    3.285   AOI22X1
        2    2.816   INVX1
       11   20.649   NAND2X1
        1    2.346   NAND3X1
        3    7.039   NOR2X1
        4   11.263   OAI21X1
        3    7.039   OR2X1
        5   23.465   XNOR2X1
        8   37.544   XOR2X1

   Chip area for module '\adder_top': 138.443500
     of which used for sequential elements: 0.000000 (0.00%)

