$ /usr/bin/time -v -o /home/duhaochen/website-trial-v1/data/spice-model-benchmark/d1f5b21697a6fa1da06353c54f1a7f43/ngspice/resource.txt /usr/bin/python -m spice_model_benchmark.cli /home/duhaochen/pipeline_full_collection/benchmark-inputs/d1f5b21697a6fa1da06353c54f1a7f43/ngspice.lib --simulator ngspice --modes dc transient ac noise --output-dir /home/duhaochen/website-trial-v1/data/spice-model-benchmark/d1f5b21697a6fa1da06353c54f1a7f43 --dpi 120 --log-level WARNING
/home/duhaochen/spice_model_benchmark/src/spice_model_benchmark/verification_manager.py:1557: RuntimeWarning: divide by zero encountered in divide
  tc = np.mean((d_ids / d_temp) / np.abs(i_ds[:-1]))
SPICE Model Benchmark: /home/duhaochen/pipeline_full_collection/benchmark-inputs/d1f5b21697a6fa1da06353c54f1a7f43/ngspice.lib
Simulators: ngspice
Modes: dc, transient, ac, noise
------------------------------------------------------------

============================================================
  Running: NGSPICE
  Output:  /home/duhaochen/website-trial-v1/data/spice-model-benchmark/d1f5b21697a6fa1da06353c54f1a7f43/ngspice
============================================================
Vgs range: 0.000V to 1.200V
Ids range: -2.726e-03A to 0.000e+00A
Selected Vgs values: [0.  0.2 0.4 0.6 0.8 1.  1.2]
Vgs=0.000V: Ids range -7.911e-11A to -1.191e-15A
Vgs=0.200V: Ids range -8.368e-09A to 0.000e+00A
Vgs=0.400V: Ids range -7.410e-07A to 0.000e+00A
Vgs=0.600V: Ids range -3.686e-05A to 0.000e+00A
Vgs=0.800V: Ids range -5.244e-04A to 0.000e+00A
Vgs=1.000V: Ids range -1.465e-03A to 0.000e+00A
Vgs=1.200V: Ids range -2.726e-03A to 0.000e+00A
ids_variation: 6.726227247226376
ids_variation <= max_variation: False
tc: inf
abs(tc) <= max_tc: False
[WARNING]: Temperature effects verification failed - effects outside expected range
/home/duhaochen/spice_model_benchmark/src/spice_model_benchmark/verification_manager.py:1817: RuntimeWarning: divide by zero encountered in log
  log_ids = np.log(np.abs(i_ds))
/home/duhaochen/.local/lib/python3.9/site-packages/numpy/lib/function_base.py:2742: RuntimeWarning: invalid value encountered in subtract
  X -= avg[:, None]
/home/duhaochen/spice_model_benchmark/src/spice_model_benchmark/verification_manager.py:1862: RuntimeWarning: divide by zero encountered in divide
  efficiency = np.abs(gm / i_ds)  # Transconductance efficiency
[INFO]: S-parameter analysis plot saved to /home/duhaochen/website-trial-v1/data/spice-model-benchmark/d1f5b21697a6fa1da06353c54f1a7f43/ngspice/plots/ac_cv_sparameter_analysis.png
[INFO]: NQS effects plot saved to /home/duhaochen/website-trial-v1/data/spice-model-benchmark/d1f5b21697a6fa1da06353c54f1a7f43/ngspice/plots/ac_cv_nqs_effects.png
[INFO]: S-parameter analysis plot saved to /home/duhaochen/website-trial-v1/data/spice-model-benchmark/d1f5b21697a6fa1da06353c54f1a7f43/ngspice/plots/ac_cv_sparameter_analysis.png
norm_dvg: [2.50000000e+11 1.25000000e+11 6.25000000e+10 3.12500000e+10
 1.56250000e+10 7.81250014e+09 6.83946136e+09 5.47552068e+09
 5.14674390e+09 4.76337190e+09 4.51037037e+09 4.21793185e+09
 3.97305632e+09 3.82575459e+09 3.65905310e+09 3.49563869e+09
 3.33309677e+09 3.17960675e+09 3.00711171e+09 2.84571827e+09
 2.69042111e+09 2.56076013e+09 2.49264319e+09 2.47015099e+09
 2.44192436e+09 2.42085347e+09 2.39811688e+09 2.37144005e+09
 2.34486645e+09 2.32130476e+09 2.30750339e+09 2.29728823e+09
 2.28585285e+09 2.27177402e+09 2.25261523e+09 2.23705227e+09
 2.21841137e+09 2.20425976e+09 2.19293169e+09 2.17919482e+09
 2.16437464e+09 2.15264948e+09 2.13888708e+09 2.12241723e+09
 2.10484097e+09 2.08179093e+09 2.05319217e+09 2.02624700e+09
 2.00000000e+09 1.99483248e+09 1.98457516e+09 1.96749079e+09
 1.93418865e+09 1.87085588e+09 1.78433189e+09 1.69825261e+09
 1.62188930e+09 1.53199766e+09 1.38741083e+09 1.20090178e+09
 9.99999133e+08 9.94267580e+08 9.82997318e+08 9.61206480e+08
 9.20399902e+08 8.48367759e+08 7.33549904e+08 5.77289478e+08
 4.04820281e+08 3.05788706e+08 2.45686243e+08 2.05329029e+08
 1.76359628e+08 1.54553964e+08 1.37547193e+08 1.23912177e+08
 1.15599843e+08 1.09224213e+08 1.02699312e+08 9.79644688e+07
 9.52380952e+07 9.52205975e+07 9.51866742e+07 9.51190056e+07
 9.49826454e+07 9.47114588e+07 9.41741641e+07 9.35598127e+07
 9.33261936e+07 9.31591723e+07 9.30370531e+07 9.29300287e+07
 9.28196003e+07 9.26967111e+07 9.25650396e+07 9.24544191e+07
 9.23279634e+07 9.21766269e+07 9.20178617e+07 9.18592312e+07
 9.16983905e+07 9.16594113e+07 9.16261403e+07 9.15939700e+07
 9.15511763e+07 9.15090451e+07 9.14872930e+07 9.14653739e+07
 9.14501162e+07 9.14306162e+07 9.14115035e+07 9.13811464e+07
 9.13556104e+07 9.13304866e+07 9.12978813e+07 9.12808908e+07
 9.12548253e+07 9.12296905e+07 9.12056031e+07 9.11787080e+07
 9.11470820e+07 9.11121440e+07 9.10645551e+07 9.10046623e+07
 9.09103466e+07 9.08997478e+07 9.08782433e+07 9.08393405e+07
 9.07597566e+07 9.06010064e+07 9.02851664e+07 8.96600467e+07
 8.84354220e+07 8.79083399e+07 8.74019887e+07 8.71332702e+07
 8.69225551e+07 8.67390346e+07 8.65375942e+07 8.63240249e+07
 8.61633377e+07 8.59727664e+07 8.57537083e+07 8.54872646e+07
 8.51146275e+07 8.45576527e+07 8.39411012e+07 8.33329389e+07
 8.32847503e+07 8.31868197e+07 8.29923329e+07 8.26061481e+07
 8.18442877e+07 8.03620378e+07 7.75529305e+07 7.30224467e+07
 6.89920709e+07 6.53833260e+07 6.21333321e+07 5.91911441e+07
 5.65149944e+07 5.40703725e+07 5.19555784e+07 0.00000000e+00
 0.00000000e+00 0.00000000e+00 0.00000000e+00 0.00000000e+00
 0.00000000e+00 0.00000000e+00 0.00000000e+00 0.00000000e+00
 0.00000000e+00 0.00000000e+00 0.00000000e+00 0.00000000e+00
 0.00000000e+00 0.00000000e+00 0.00000000e+00 0.00000000e+00
 0.00000000e+00 0.00000000e+00 0.00000000e+00 0.00000000e+00
 0.00000000e+00 0.00000000e+00 0.00000000e+00 0.00000000e+00
 0.00000000e+00 0.00000000e+00 0.00000000e+00 0.00000000e+00
 0.00000000e+00 0.00000000e+00 0.00000000e+00 0.00000000e+00
 0.00000000e+00 0.00000000e+00 0.00000000e+00 0.00000000e+00
 0.00000000e+00 0.00000000e+00 0.00000000e+00 0.00000000e+00
 0.00000000e+00 0.00000000e+00 0.00000000e+00 0.00000000e+00
 0.00000000e+00 0.00000000e+00 0.00000000e+00 0.00000000e+00
 0.00000000e+00 0.00000000e+00 0.00000000e+00 0.00000000e+00
 0.00000000e+00 0.00000000e+00 0.00000000e+00 0.00000000e+00
 0.00000000e+00 0.00000000e+00 0.00000000e+00 0.00000000e+00
 0.00000000e+00 0.00000000e+00 0.00000000e+00 0.00000000e+00
 0.00000000e+00 0.00000000e+00 0.00000000e+00 0.00000000e+00
 0.00000000e+00 0.00000000e+00 0.00000000e+00 0.00000000e+00
 0.00000000e+00 0.00000000e+00 0.00000000e+00 0.00000000e+00
 0.00000000e+00 0.00000000e+00 0.00000000e+00 0.00000000e+00
 0.00000000e+00 0.00000000e+00 0.00000000e+00 0.00000000e+00
 0.00000000e+00 0.00000000e+00 0.00000000e+00 0.00000000e+00
 0.00000000e+00 0.00000000e+00 0.00000000e+00 0.00000000e+00
 0.00000000e+00 0.00000000e+00 0.00000000e+00 0.00000000e+00
 0.00000000e+00 0.00000000e+00 0.00000000e+00 0.00000000e+00
 0.00000000e+00 0.00000000e+00 0.00000000e+00 0.00000000e+00
 0.00000000e+00 0.00000000e+00 0.00000000e+00 0.00000000e+00
 0.00000000e+00 0.00000000e+00 0.00000000e+00 0.00000000e+00
 0.00000000e+00 0.00000000e+00 0.00000000e+00 0.00000000e+00
 0.00000000e+00 0.00000000e+00 0.00000000e+00 0.00000000e+00
 0.00000000e+00 0.00000000e+00 0.00000000e+00 0.00000000e+00
 0.00000000e+00 0.00000000e+00 0.00000000e+00 0.00000000e+00
 0.00000000e+00 0.00000000e+00 0.00000000e+00 0.00000000e+00
 0.00000000e+00 0.00000000e+00 0.00000000e+00 0.00000000e+00
 0.00000000e+00 0.00000000e+00 0.00000000e+00 0.00000000e+00
 0.00000000e+00 0.00000000e+00 0.00000000e+00 0.00000000e+00
 0.00000000e+00 0.00000000e+00 0.00000000e+00 0.00000000e+00
 0.00000000e+00 0.00000000e+00 0.00000000e+00 0.00000000e+00
 0.00000000e+00 0.00000000e+00 0.00000000e+00 0.00000000e+00
 0.00000000e+00 0.00000000e+00 0.00000000e+00 0.00000000e+00]
norm_dvd: [0. 0. 0. 0. 0. 0. 0. 0. 0. 0. 0. 0. 0. 0. 0. 0. 0. 0. 0. 0. 0. 0. 0. 0.
 0. 0. 0. 0. 0. 0. 0. 0. 0. 0. 0. 0. 0. 0. 0. 0. 0. 0. 0. 0. 0. 0. 0. 0.
 0. 0. 0. 0. 0. 0. 0. 0. 0. 0. 0. 0. 0. 0. 0. 0. 0. 0. 0. 0. 0. 0. 0. 0.
 0. 0. 0. 0. 0. 0. 0. 0. 0. 0. 0. 0. 0. 0. 0. 0. 0. 0. 0. 0. 0. 0. 0. 0.
 0. 0. 0. 0. 0. 0. 0. 0. 0. 0. 0. 0. 0. 0. 0. 0. 0. 0. 0. 0. 0. 0. 0. 0.
 0. 0. 0. 0. 0. 0. 0. 0. 0. 0. 0. 0. 0. 0. 0. 0. 0. 0. 0. 0. 0. 0. 0. 0.
 0. 0. 0. 0. 0. 0. 0. 0. 0. 0. 0. 0. 0. 0. 0. 0. 0. 0. 0. 0. 0. 0. 0. 0.
 0. 0. 0. 0. 0. 0. 0. 0. 0. 0. 0. 0. 0. 0. 0. 0. 0. 0. 0. 0. 0. 0. 0. 0.
 0. 0. 0. 0. 0. 0. 0. 0. 0. 0. 0. 0. 0. 0. 0. 0. 0. 0. 0. 0. 0. 0. 0. 0.
 0. 0. 0. 0. 0. 0. 0. 0. 0. 0. 0. 0. 0. 0. 0. 0. 0. 0. 0. 0. 0. 0. 0. 0.
 0. 0. 0. 0. 0. 0. 0. 0. 0. 0. 0. 0. 0. 0. 0. 0. 0. 0. 0. 0. 0. 0. 0. 0.
 0. 0. 0. 0. 0. 0. 0. 0. 0. 0. 0. 0. 0. 0. 0. 0. 0. 0. 0. 0. 0. 0. 0. 0.
 0. 0. 0. 0. 0. 0. 0. 0. 0. 0. 0. 0. 0. 0. 0. 0. 0. 0. 0. 0. 0. 0. 0. 0.
 0. 0. 0. 0. 0. 0. 0. 0. 0. 0. 0. 0.]
norm_did: [7.73575236e+03 7.15557118e+03 8.02584380e+03 8.46098100e+03
 9.35543009e+03 9.77040840e+03 1.06200107e+04 1.10069846e+04
 1.13777802e+04 1.16930525e+04 1.20778968e+04 1.24937970e+04
 1.26123021e+04 1.29921130e+04 1.34419454e+04 1.36410633e+04
 1.41009637e+04 1.44932929e+04 1.50941048e+04 1.57126947e+04
 1.62771389e+04 1.66728859e+04 1.69403983e+04 1.71930409e+04
 1.73616118e+04 1.73831806e+04 1.74797019e+04 1.78070143e+04
 1.78706174e+04 1.80143177e+04 1.84673991e+04 1.77611879e+04
 1.82606633e+04 1.85967110e+04 1.85363482e+04 1.85344185e+04
 1.87103007e+04 1.84871884e+04 1.93759409e+04 1.87108615e+04
 1.90578888e+04 1.96703431e+04 1.91891737e+04 1.96616368e+04
 1.97063739e+04 1.98862644e+04 2.03046378e+04 2.05435186e+04
 2.38878230e+04 1.91102515e+04 2.08620585e+04 2.10388623e+04
 2.17460525e+04 2.27426233e+04 2.39644837e+04 2.52797888e+04
 2.69851854e+04 3.00906416e+04 3.62257612e+04 4.81653043e+04
 2.49562922e+04 5.21935887e+04 5.89023117e+04 6.33301341e+04
 7.31082710e+04 9.77131588e+04 1.75898597e+05 5.86245817e+05
 2.74936809e+06 1.33190312e+07 6.47074732e+07 3.23111446e+08
 2.00745526e+09 1.45238859e+10 4.57742186e+09 2.79969112e+09
 2.49078475e+09 2.46675201e+09 1.86856835e+09 1.40147562e+09
 1.38638701e+09 1.10438936e+09 1.10619559e+09 1.10593116e+09
 1.10526463e+09 1.10346798e+09 1.08036505e+09 1.03646997e+09
 1.02290893e+09 1.01339809e+09 1.00730851e+09 1.00240544e+09
 9.97775925e+08 9.92396088e+08 9.85678525e+08 9.81126815e+08
 9.76174186e+08 9.69530014e+08 9.62307846e+08 9.55169925e+08
 9.44199140e+08 9.42380713e+08 9.40738064e+08 9.39603519e+08
 9.37672796e+08 9.35279343e+08 9.34228937e+08 9.33088002e+08
 9.32495725e+08 9.31824904e+08 9.31034113e+08 9.29624077e+08
 9.28634179e+08 9.27522091e+08 9.25896587e+08 9.25145355e+08
 9.24053751e+08 9.22950319e+08 9.21976053e+08 9.20909021e+08
 9.19593231e+08 9.18365691e+08 9.16736871e+08 9.15046756e+08
 9.09814148e+08 9.07664737e+08 9.07968744e+08 9.07340104e+08
 9.06038634e+08 9.03330835e+08 8.97517673e+08 8.84448607e+08
 8.15392924e+08 7.93198596e+08 7.68367363e+08 7.56786944e+08
 7.48193677e+08 7.41479775e+08 7.34060635e+08 7.25156452e+08
 7.19692130e+08 7.13106262e+08 7.05822479e+08 6.97758888e+08
 6.87035688e+08 6.68166556e+08 6.46886275e+08 6.20549353e+08
 6.19059054e+08 6.17198316e+08 6.13197103e+08 6.05113448e+08
 5.88769389e+08 5.56342343e+08 4.93262981e+08 3.93918034e+08
 3.28124865e+08 2.81571804e+08 2.46774451e+08 2.19628374e+08
 1.97754442e+08 1.79436756e+08 1.65108040e+08 1.99672476e+08
 0.00000000e+00 0.00000000e+00 0.00000000e+00 0.00000000e+00
 0.00000000e+00 0.00000000e+00 0.00000000e+00 0.00000000e+00
 0.00000000e+00 0.00000000e+00 0.00000000e+00 0.00000000e+00
 0.00000000e+00 0.00000000e+00 0.00000000e+00 0.00000000e+00
 0.00000000e+00 0.00000000e+00 0.00000000e+00 0.00000000e+00
 0.00000000e+00 0.00000000e+00 0.00000000e+00 0.00000000e+00
 0.00000000e+00 0.00000000e+00 0.00000000e+00 0.00000000e+00
 0.00000000e+00 0.00000000e+00 0.00000000e+00 0.00000000e+00
 0.00000000e+00 0.00000000e+00 0.00000000e+00 0.00000000e+00
 0.00000000e+00 0.00000000e+00 0.00000000e+00 0.00000000e+00
 0.00000000e+00 0.00000000e+00 0.00000000e+00 0.00000000e+00
 0.00000000e+00 0.00000000e+00 0.00000000e+00 0.00000000e+00
 0.00000000e+00 0.00000000e+00 0.00000000e+00 0.00000000e+00
 0.00000000e+00 0.00000000e+00 0.00000000e+00 0.00000000e+00
 0.00000000e+00 0.00000000e+00 0.00000000e+00 0.00000000e+00
 0.00000000e+00 0.00000000e+00 0.00000000e+00 0.00000000e+00
 0.00000000e+00 0.00000000e+00 0.00000000e+00 0.00000000e+00
 0.00000000e+00 0.00000000e+00 0.00000000e+00 0.00000000e+00
 0.00000000e+00 0.00000000e+00 0.00000000e+00 0.00000000e+00
 0.00000000e+00 0.00000000e+00 0.00000000e+00 0.00000000e+00
 0.00000000e+00 0.00000000e+00 0.00000000e+00 0.00000000e+00
 0.00000000e+00 0.00000000e+00 0.00000000e+00 0.00000000e+00
 0.00000000e+00 0.00000000e+00 0.00000000e+00 0.00000000e+00
 0.00000000e+00 0.00000000e+00 0.00000000e+00 0.00000000e+00
 0.00000000e+00 0.00000000e+00 0.00000000e+00 0.00000000e+00
 0.00000000e+00 0.00000000e+00 0.00000000e+00 0.00000000e+00
 0.00000000e+00 0.00000000e+00 0.00000000e+00 0.00000000e+00
 0.00000000e+00 0.00000000e+00 0.00000000e+00 0.00000000e+00
 0.00000000e+00 0.00000000e+00 0.00000000e+00 0.00000000e+00
 0.00000000e+00 0.00000000e+00 0.00000000e+00 0.00000000e+00
 0.00000000e+00 0.00000000e+00 0.00000000e+00 0.00000000e+00
 0.00000000e+00 0.00000000e+00 0.00000000e+00 0.00000000e+00
 0.00000000e+00 0.00000000e+00 0.00000000e+00 0.00000000e+00
 0.00000000e+00 0.00000000e+00 0.00000000e+00 0.00000000e+00
 0.00000000e+00 0.00000000e+00 0.00000000e+00 0.00000000e+00
 0.00000000e+00 0.00000000e+00 0.00000000e+00 0.00000000e+00
 0.00000000e+00 0.00000000e+00 0.00000000e+00 0.00000000e+00
 0.00000000e+00 0.00000000e+00 0.00000000e+00 0.00000000e+00
 0.00000000e+00 0.00000000e+00 0.00000000e+00 0.00000000e+00
 0.00000000e+00 0.00000000e+00 0.00000000e+00 0.00000000e+00]
[WARNING]: Quasi-static verification failed
[WARNING]: Max normalized derivatives: dVg/dt=2.50e+11, dVd/dt=0.00e+00, dId/dt=1.45e+10

  ngspice: ✓ PASS  (66.7s)

✓ Benchmark completed: /home/duhaochen/website-trial-v1/data/spice-model-benchmark/d1f5b21697a6fa1da06353c54f1a7f43/ngspice
