
6. Printing statistics.

=== adder_top ===

        +----------Local Count, excluding submodules.
        |        +-Local Area, excluding submodules.
        |        | 
       16        - wires
       25        - wire bits
        5        - public wires
       14        - public wire bits
        5        - ports
       14        - port bits
       16  395.136 cells
        2   35.123   gf180mcu_fd_sc_mcu7t5v0__and2_1
        2   35.123   gf180mcu_fd_sc_mcu7t5v0__aoi21_1
        2   21.952   gf180mcu_fd_sc_mcu7t5v0__nand2_1
        2   26.342   gf180mcu_fd_sc_mcu7t5v0__nor2_1
        2   35.123   gf180mcu_fd_sc_mcu7t5v0__oai21_1
        2   35.123   gf180mcu_fd_sc_mcu7t5v0__or2_1
        2   105.37   gf180mcu_fd_sc_mcu7t5v0__xnor3_1
        2  100.979   gf180mcu_fd_sc_mcu7t5v0__xor3_1

   Chip area for module '\adder_top': 395.136000
     of which used for sequential elements: 0.000000 (0.00%)

