$ /usr/bin/time -v -o /home/duhaochen/website-trial-v1/data/spice-model-benchmark/c58e132345a0f9518bec3cc988f96d39/ngspice/resource.txt /usr/bin/python -m spice_model_benchmark.cli /home/duhaochen/pipeline_full_collection/benchmark-inputs/c58e132345a0f9518bec3cc988f96d39/ngspice.lib --simulator ngspice --modes dc transient ac noise --output-dir /home/duhaochen/website-trial-v1/data/spice-model-benchmark/c58e132345a0f9518bec3cc988f96d39 --dpi 120 --log-level WARNING
/home/duhaochen/spice_model_benchmark/src/spice_model_benchmark/verification_manager.py:1557: RuntimeWarning: divide by zero encountered in divide
  tc = np.mean((d_ids / d_temp) / np.abs(i_ds[:-1]))
SPICE Model Benchmark: /home/duhaochen/pipeline_full_collection/benchmark-inputs/c58e132345a0f9518bec3cc988f96d39/ngspice.lib
Simulators: ngspice
Modes: dc, transient, ac, noise
------------------------------------------------------------

============================================================
  Running: NGSPICE
  Output:  /home/duhaochen/website-trial-v1/data/spice-model-benchmark/c58e132345a0f9518bec3cc988f96d39/ngspice
============================================================
Vgs range: -1.200V to 0.000V
Ids range: 0.000e+00A to 3.438e-04A
Selected Vgs values: [-1.2 -1.  -0.8 -0.6 -0.4 -0.2  0. ]
Vgs=-1.200V: Ids range 0.000e+00A to 3.438e-04A
Vgs=-1.000V: Ids range 0.000e+00A to 1.633e-04A
Vgs=-0.800V: Ids range 0.000e+00A to 4.020e-05A
Vgs=-0.600V: Ids range 0.000e+00A to 9.068e-07A
Vgs=-0.400V: Ids range 0.000e+00A to 9.900e-09A
Vgs=-0.200V: Ids range 0.000e+00A to 6.994e-11A
Vgs=0.000V: Ids range 1.021e-16A to 9.973e-13A
ids_variation: 6.934794826611396
ids_variation <= max_variation: False
tc: inf
abs(tc) <= max_tc: False
[WARNING]: Temperature effects verification failed - effects outside expected range
/home/duhaochen/spice_model_benchmark/src/spice_model_benchmark/verification_manager.py:1817: RuntimeWarning: divide by zero encountered in log
  log_ids = np.log(np.abs(i_ds))
/home/duhaochen/.local/lib/python3.9/site-packages/numpy/lib/function_base.py:2742: RuntimeWarning: invalid value encountered in subtract
  X -= avg[:, None]
/home/duhaochen/spice_model_benchmark/src/spice_model_benchmark/verification_manager.py:1862: RuntimeWarning: divide by zero encountered in divide
  efficiency = np.abs(gm / i_ds)  # Transconductance efficiency
[INFO]: S-parameter analysis plot saved to /home/duhaochen/website-trial-v1/data/spice-model-benchmark/c58e132345a0f9518bec3cc988f96d39/ngspice/plots/ac_cv_sparameter_analysis.png
[INFO]: NQS effects plot saved to /home/duhaochen/website-trial-v1/data/spice-model-benchmark/c58e132345a0f9518bec3cc988f96d39/ngspice/plots/ac_cv_nqs_effects.png
[INFO]: S-parameter analysis plot saved to /home/duhaochen/website-trial-v1/data/spice-model-benchmark/c58e132345a0f9518bec3cc988f96d39/ngspice/plots/ac_cv_sparameter_analysis.png
norm_dvg: [2.50000000e+11 1.25000000e+11 6.25000000e+10 3.12500000e+10
 1.56250000e+10 7.81249988e+09 5.84366770e+09 4.93946979e+09
 4.52993032e+09 4.22828109e+09 4.03498376e+09 3.84707770e+09
 3.63712870e+09 3.47511419e+09 3.34150574e+09 3.19695495e+09
 3.05577220e+09 2.90172162e+09 2.74870069e+09 2.60892748e+09
 2.48737917e+09 2.46049991e+09 2.43461152e+09 2.41523884e+09
 2.39256739e+09 2.36640632e+09 2.33932051e+09 2.32177772e+09
 2.30936708e+09 2.29910258e+09 2.28783313e+09 2.27385925e+09
 2.25629196e+09 2.24240909e+09 2.22666264e+09 2.20898869e+09
 2.19740591e+09 2.18460145e+09 2.17118580e+09 2.15804078e+09
 2.14451298e+09 2.12763855e+09 2.11152502e+09 2.08984836e+09
 2.06500225e+09 2.03198120e+09 2.00000051e+09 1.99479243e+09
 1.98445897e+09 1.96698674e+09 1.93294940e+09 1.86829019e+09
 1.77053226e+09 1.70116713e+09 1.62520225e+09 1.55861415e+09
 1.48242374e+09 1.40710951e+09 1.31369056e+09 1.16845295e+09
 9.99999267e+08 9.95470564e+08 9.86532070e+08 9.69129183e+08
 9.36102587e+08 8.76371551e+08 7.77189418e+08 6.33743339e+08
 4.62876741e+08 3.37791922e+08 2.65928990e+08 2.19278898e+08
 1.86553161e+08 1.62327060e+08 1.43669856e+08 1.28859298e+08
 1.16816939e+08 1.06833012e+08 1.00702895e+08 9.52392798e+07
 9.52134967e+07 9.51649289e+07 9.50683113e+07 9.48749284e+07
 9.44904031e+07 9.37308804e+07 9.35146760e+07 9.33538485e+07
 9.32491051e+07 9.31443705e+07 9.30064937e+07 9.28738073e+07
 9.27708449e+07 9.26346537e+07 9.24858839e+07 9.23502550e+07
 9.22088424e+07 9.20599122e+07 9.18974292e+07 9.17417406e+07
 9.16990676e+07 9.16615440e+07 9.16330353e+07 9.15989804e+07
 9.15584266e+07 9.15172353e+07 9.14882587e+07 9.14695291e+07
 9.14498522e+07 9.14340353e+07 9.14116221e+07 9.13835385e+07
 9.13643489e+07 9.13401109e+07 9.13109901e+07 9.12891424e+07
 9.12710677e+07 9.12471796e+07 9.12143018e+07 9.11861732e+07
 9.11524785e+07 9.11232484e+07 9.10784534e+07 9.10253734e+07
 9.09682658e+07 9.09069503e+07 9.08984637e+07 9.08737403e+07
 9.08276732e+07 9.07338785e+07 9.05478657e+07 9.01779701e+07
 8.94472013e+07 8.82397841e+07 8.78470193e+07 8.75642093e+07
 8.73754509e+07 8.71908790e+07 8.69457852e+07 8.67248414e+07
 8.65637929e+07 8.63151404e+07 8.60780933e+07 8.56972167e+07
 8.51594191e+07 8.42365298e+07 8.33340490e+07 8.32928014e+07
 8.32122129e+07 8.30512060e+07 8.27312609e+07 8.20985059e+07
 8.08616446e+07 7.84964819e+07 7.41582646e+07 7.00486579e+07
 6.63315112e+07 6.29889874e+07 5.99671704e+07 5.72220164e+07
 5.47171939e+07 5.24224657e+07 5.11825851e+07 0.00000000e+00
 0.00000000e+00 0.00000000e+00 0.00000000e+00 0.00000000e+00
 0.00000000e+00 0.00000000e+00 0.00000000e+00 0.00000000e+00
 0.00000000e+00 0.00000000e+00 0.00000000e+00 0.00000000e+00
 0.00000000e+00 0.00000000e+00 0.00000000e+00 0.00000000e+00
 0.00000000e+00 0.00000000e+00 0.00000000e+00 0.00000000e+00
 0.00000000e+00 0.00000000e+00 0.00000000e+00 0.00000000e+00
 0.00000000e+00 0.00000000e+00 0.00000000e+00 0.00000000e+00
 0.00000000e+00 0.00000000e+00 0.00000000e+00 0.00000000e+00
 0.00000000e+00 0.00000000e+00 0.00000000e+00 0.00000000e+00
 0.00000000e+00 0.00000000e+00 0.00000000e+00 0.00000000e+00
 0.00000000e+00 0.00000000e+00 0.00000000e+00 0.00000000e+00
 0.00000000e+00 0.00000000e+00 0.00000000e+00 0.00000000e+00
 0.00000000e+00 0.00000000e+00 0.00000000e+00 0.00000000e+00
 0.00000000e+00 0.00000000e+00 0.00000000e+00 0.00000000e+00
 0.00000000e+00 0.00000000e+00 0.00000000e+00 0.00000000e+00
 0.00000000e+00 0.00000000e+00 0.00000000e+00 0.00000000e+00
 0.00000000e+00 0.00000000e+00 0.00000000e+00 0.00000000e+00
 0.00000000e+00 0.00000000e+00 0.00000000e+00 0.00000000e+00
 0.00000000e+00 0.00000000e+00 0.00000000e+00 0.00000000e+00
 0.00000000e+00 0.00000000e+00 0.00000000e+00 0.00000000e+00
 0.00000000e+00 0.00000000e+00 0.00000000e+00 0.00000000e+00
 0.00000000e+00 0.00000000e+00 0.00000000e+00 0.00000000e+00
 0.00000000e+00 0.00000000e+00 0.00000000e+00 0.00000000e+00
 0.00000000e+00 0.00000000e+00 0.00000000e+00 0.00000000e+00
 0.00000000e+00 0.00000000e+00 0.00000000e+00 0.00000000e+00
 0.00000000e+00 0.00000000e+00 0.00000000e+00 0.00000000e+00
 0.00000000e+00 0.00000000e+00 0.00000000e+00 0.00000000e+00
 0.00000000e+00 0.00000000e+00 0.00000000e+00 0.00000000e+00
 0.00000000e+00 0.00000000e+00 0.00000000e+00 0.00000000e+00
 0.00000000e+00 0.00000000e+00 0.00000000e+00 0.00000000e+00
 0.00000000e+00 0.00000000e+00 0.00000000e+00 0.00000000e+00
 0.00000000e+00 0.00000000e+00 0.00000000e+00 0.00000000e+00
 0.00000000e+00 0.00000000e+00 0.00000000e+00 0.00000000e+00
 0.00000000e+00 0.00000000e+00 0.00000000e+00 0.00000000e+00
 0.00000000e+00 0.00000000e+00 0.00000000e+00 0.00000000e+00
 0.00000000e+00 0.00000000e+00 0.00000000e+00 0.00000000e+00
 0.00000000e+00 0.00000000e+00 0.00000000e+00 0.00000000e+00
 0.00000000e+00 0.00000000e+00 0.00000000e+00 0.00000000e+00
 0.00000000e+00 0.00000000e+00 0.00000000e+00 0.00000000e+00
 0.00000000e+00 0.00000000e+00 0.00000000e+00 0.00000000e+00
 0.00000000e+00 0.00000000e+00 0.00000000e+00]
norm_dvd: [0. 0. 0. 0. 0. 0. 0. 0. 0. 0. 0. 0. 0. 0. 0. 0. 0. 0. 0. 0. 0. 0. 0. 0.
 0. 0. 0. 0. 0. 0. 0. 0. 0. 0. 0. 0. 0. 0. 0. 0. 0. 0. 0. 0. 0. 0. 0. 0.
 0. 0. 0. 0. 0. 0. 0. 0. 0. 0. 0. 0. 0. 0. 0. 0. 0. 0. 0. 0. 0. 0. 0. 0.
 0. 0. 0. 0. 0. 0. 0. 0. 0. 0. 0. 0. 0. 0. 0. 0. 0. 0. 0. 0. 0. 0. 0. 0.
 0. 0. 0. 0. 0. 0. 0. 0. 0. 0. 0. 0. 0. 0. 0. 0. 0. 0. 0. 0. 0. 0. 0. 0.
 0. 0. 0. 0. 0. 0. 0. 0. 0. 0. 0. 0. 0. 0. 0. 0. 0. 0. 0. 0. 0. 0. 0. 0.
 0. 0. 0. 0. 0. 0. 0. 0. 0. 0. 0. 0. 0. 0. 0. 0. 0. 0. 0. 0. 0. 0. 0. 0.
 0. 0. 0. 0. 0. 0. 0. 0. 0. 0. 0. 0. 0. 0. 0. 0. 0. 0. 0. 0. 0. 0. 0. 0.
 0. 0. 0. 0. 0. 0. 0. 0. 0. 0. 0. 0. 0. 0. 0. 0. 0. 0. 0. 0. 0. 0. 0. 0.
 0. 0. 0. 0. 0. 0. 0. 0. 0. 0. 0. 0. 0. 0. 0. 0. 0. 0. 0. 0. 0. 0. 0. 0.
 0. 0. 0. 0. 0. 0. 0. 0. 0. 0. 0. 0. 0. 0. 0. 0. 0. 0. 0. 0. 0. 0. 0. 0.
 0. 0. 0. 0. 0. 0. 0. 0. 0. 0. 0. 0. 0. 0. 0. 0. 0. 0. 0. 0. 0. 0. 0. 0.
 0. 0. 0. 0. 0. 0. 0. 0. 0. 0. 0. 0. 0. 0. 0. 0. 0. 0. 0. 0. 0. 0. 0. 0.
 0. 0. 0. 0. 0. 0. 0. 0. 0. 0. 0. 0. 0. 0. 0.]
norm_did: [0.00000000e+00 0.00000000e+00 0.00000000e+00 0.00000000e+00
 0.00000000e+00 0.00000000e+00 0.00000000e+00 0.00000000e+00
 0.00000000e+00 7.13425837e+02 0.00000000e+00 0.00000000e+00
 0.00000000e+00 0.00000000e+00 0.00000000e+00 0.00000000e+00
 0.00000000e+00 0.00000000e+00 0.00000000e+00 0.00000000e+00
 0.00000000e+00 0.00000000e+00 0.00000000e+00 0.00000000e+00
 0.00000000e+00 0.00000000e+00 0.00000000e+00 0.00000000e+00
 0.00000000e+00 0.00000000e+00 0.00000000e+00 0.00000000e+00
 0.00000000e+00 0.00000000e+00 0.00000000e+00 0.00000000e+00
 0.00000000e+00 0.00000000e+00 0.00000000e+00 0.00000000e+00
 0.00000000e+00 0.00000000e+00 0.00000000e+00 0.00000000e+00
 0.00000000e+00 0.00000000e+00 0.00000000e+00 0.00000000e+00
 0.00000000e+00 0.00000000e+00 0.00000000e+00 2.73504702e+02
 0.00000000e+00 0.00000000e+00 0.00000000e+00 0.00000000e+00
 0.00000000e+00 1.59939277e+02 0.00000000e+00 1.12132535e+02
 0.00000000e+00 0.00000000e+00 0.00000000e+00 2.22029467e+02
 1.11014733e+02 1.11014730e+02 1.66522101e+02 3.46921019e+02
 1.11140309e+03 6.04198599e+03 3.39279112e+04 1.86679273e+05
 1.03325495e+06 5.73098738e+06 3.05154970e+07 1.36759133e+08
 5.24324540e+08 1.72537867e+09 6.19614351e+08 5.95688529e+10
 2.15981527e+08 9.33544225e+08 1.04226793e+09 1.27790946e+09
 1.83694902e+09 2.84479931e+09 3.24461114e+09 3.61860494e+09
 3.92909182e+09 4.31541429e+09 4.87551644e+09 5.51274187e+09
 6.14377892e+09 7.14727306e+09 8.56640753e+09 1.03780053e+10
 1.31270272e+10 1.78888848e+10 2.86113117e+10 6.27337242e+10
 9.26934222e+10 1.63335091e+11 3.67721546e+11 8.63076696e+11
 1.65723913e+11 9.34516711e+10 7.02463435e+10 6.06063541e+10
 5.43198533e+10 4.91027832e+10 4.35733887e+10 3.86669568e+10
 3.54565089e+10 3.23326765e+10 2.91781436e+10 2.74172894e+10
 2.58869084e+10 2.43258694e+10 2.24020855e+10 2.10312852e+10
 1.95692054e+10 1.83923652e+10 1.69913510e+10 1.55675060e+10
 1.42396505e+10 1.54726185e+10 1.16742003e+10 1.25281066e+10
 1.19035826e+10 1.08546220e+10 9.30952545e+09 7.41700127e+09
 5.42660447e+09 3.51949093e+09 3.13275575e+09 2.91313570e+09
 2.79962143e+09 2.71342447e+09 2.58997090e+09 2.48167049e+09
 2.42856969e+09 2.33057367e+09 2.26789543e+09 2.16463020e+09
 2.05527376e+09 1.81827147e+09 1.63565759e+09 1.53975759e+09
 1.54301359e+09 1.52844772e+09 1.49915704e+09 1.44004888e+09
 1.32139817e+09 1.09820106e+09 7.28200031e+08 5.25753805e+08
 4.10192534e+08 3.37791727e+08 2.88154981e+08 2.51704182e+08
 2.23555721e+08 1.98678827e+08 1.87815420e+08 2.61312071e+09
 0.00000000e+00 0.00000000e+00 0.00000000e+00 0.00000000e+00
 0.00000000e+00 0.00000000e+00 0.00000000e+00 0.00000000e+00
 0.00000000e+00 0.00000000e+00 0.00000000e+00 0.00000000e+00
 0.00000000e+00 0.00000000e+00 0.00000000e+00 0.00000000e+00
 0.00000000e+00 0.00000000e+00 0.00000000e+00 0.00000000e+00
 0.00000000e+00 0.00000000e+00 0.00000000e+00 0.00000000e+00
 0.00000000e+00 0.00000000e+00 0.00000000e+00 0.00000000e+00
 0.00000000e+00 0.00000000e+00 0.00000000e+00 0.00000000e+00
 0.00000000e+00 0.00000000e+00 0.00000000e+00 0.00000000e+00
 0.00000000e+00 0.00000000e+00 0.00000000e+00 0.00000000e+00
 0.00000000e+00 0.00000000e+00 0.00000000e+00 0.00000000e+00
 0.00000000e+00 0.00000000e+00 0.00000000e+00 0.00000000e+00
 0.00000000e+00 0.00000000e+00 0.00000000e+00 0.00000000e+00
 0.00000000e+00 0.00000000e+00 0.00000000e+00 0.00000000e+00
 0.00000000e+00 0.00000000e+00 0.00000000e+00 0.00000000e+00
 0.00000000e+00 0.00000000e+00 0.00000000e+00 0.00000000e+00
 0.00000000e+00 0.00000000e+00 0.00000000e+00 0.00000000e+00
 0.00000000e+00 0.00000000e+00 0.00000000e+00 0.00000000e+00
 0.00000000e+00 0.00000000e+00 0.00000000e+00 0.00000000e+00
 0.00000000e+00 0.00000000e+00 0.00000000e+00 0.00000000e+00
 0.00000000e+00 0.00000000e+00 0.00000000e+00 0.00000000e+00
 0.00000000e+00 0.00000000e+00 0.00000000e+00 0.00000000e+00
 0.00000000e+00 0.00000000e+00 0.00000000e+00 0.00000000e+00
 0.00000000e+00 0.00000000e+00 0.00000000e+00 0.00000000e+00
 0.00000000e+00 0.00000000e+00 0.00000000e+00 0.00000000e+00
 0.00000000e+00 0.00000000e+00 0.00000000e+00 0.00000000e+00
 0.00000000e+00 0.00000000e+00 0.00000000e+00 0.00000000e+00
 0.00000000e+00 0.00000000e+00 0.00000000e+00 0.00000000e+00
 0.00000000e+00 0.00000000e+00 0.00000000e+00 0.00000000e+00
 0.00000000e+00 0.00000000e+00 0.00000000e+00 0.00000000e+00
 0.00000000e+00 0.00000000e+00 0.00000000e+00 0.00000000e+00
 0.00000000e+00 0.00000000e+00 0.00000000e+00 0.00000000e+00
 0.00000000e+00 0.00000000e+00 0.00000000e+00 0.00000000e+00
 0.00000000e+00 0.00000000e+00 0.00000000e+00 0.00000000e+00
 0.00000000e+00 0.00000000e+00 0.00000000e+00 0.00000000e+00
 0.00000000e+00 0.00000000e+00 0.00000000e+00 0.00000000e+00
 0.00000000e+00 0.00000000e+00 0.00000000e+00 0.00000000e+00
 0.00000000e+00 0.00000000e+00 0.00000000e+00 0.00000000e+00
 0.00000000e+00 0.00000000e+00 0.00000000e+00 0.00000000e+00
 0.00000000e+00 0.00000000e+00 0.00000000e+00 0.00000000e+00
 0.00000000e+00 0.00000000e+00 0.00000000e+00]
[WARNING]: Quasi-static verification failed
[WARNING]: Max normalized derivatives: dVg/dt=2.50e+11, dVd/dt=0.00e+00, dId/dt=8.63e+11

  ngspice: ✓ PASS  (53.6s)

✓ Benchmark completed: /home/duhaochen/website-trial-v1/data/spice-model-benchmark/c58e132345a0f9518bec3cc988f96d39/ngspice
