$ /usr/bin/time -v -o /home/duhaochen/website-trial-v1/data/spice-model-benchmark/7a4308b8c87856776fd027c4e3e10155/ngspice/resource.txt /usr/bin/python -m spice_model_benchmark.cli /home/duhaochen/pipeline_full_collection/benchmark-inputs/7a4308b8c87856776fd027c4e3e10155/ngspice.lib --simulator ngspice --modes dc transient ac noise --output-dir /home/duhaochen/website-trial-v1/data/spice-model-benchmark/7a4308b8c87856776fd027c4e3e10155 --dpi 120 --log-level WARNING
/home/duhaochen/spice_model_benchmark/src/spice_model_benchmark/verification_manager.py:1557: RuntimeWarning: divide by zero encountered in divide
  tc = np.mean((d_ids / d_temp) / np.abs(i_ds[:-1]))
SPICE Model Benchmark: /home/duhaochen/pipeline_full_collection/benchmark-inputs/7a4308b8c87856776fd027c4e3e10155/ngspice.lib
Simulators: ngspice
Modes: dc, transient, ac, noise
------------------------------------------------------------

============================================================
  Running: NGSPICE
  Output:  /home/duhaochen/website-trial-v1/data/spice-model-benchmark/7a4308b8c87856776fd027c4e3e10155/ngspice
============================================================
Vgs range: -1.200V to 0.000V
Ids range: 0.000e+00A to 4.571e-04A
Selected Vgs values: [-1.2 -1.  -0.8 -0.6 -0.4 -0.2  0. ]
Vgs=-1.200V: Ids range 0.000e+00A to 4.571e-04A
Vgs=-1.000V: Ids range 0.000e+00A to 2.416e-04A
Vgs=-0.800V: Ids range 0.000e+00A to 8.478e-05A
Vgs=-0.600V: Ids range 0.000e+00A to 5.829e-06A
Vgs=-0.400V: Ids range 0.000e+00A to 1.170e-07A
Vgs=-0.200V: Ids range 0.000e+00A to 1.321e-09A
Vgs=0.000V: Ids range 3.566e-16A to 1.249e-11A
ids_variation: 6.87550501718905
ids_variation <= max_variation: False
tc: inf
abs(tc) <= max_tc: False
[WARNING]: Temperature effects verification failed - effects outside expected range
/home/duhaochen/spice_model_benchmark/src/spice_model_benchmark/verification_manager.py:1817: RuntimeWarning: divide by zero encountered in log
  log_ids = np.log(np.abs(i_ds))
/home/duhaochen/.local/lib/python3.9/site-packages/numpy/lib/function_base.py:2742: RuntimeWarning: invalid value encountered in subtract
  X -= avg[:, None]
/home/duhaochen/spice_model_benchmark/src/spice_model_benchmark/verification_manager.py:1862: RuntimeWarning: divide by zero encountered in divide
  efficiency = np.abs(gm / i_ds)  # Transconductance efficiency
[INFO]: S-parameter analysis plot saved to /home/duhaochen/website-trial-v1/data/spice-model-benchmark/7a4308b8c87856776fd027c4e3e10155/ngspice/plots/ac_cv_sparameter_analysis.png
[INFO]: NQS effects plot saved to /home/duhaochen/website-trial-v1/data/spice-model-benchmark/7a4308b8c87856776fd027c4e3e10155/ngspice/plots/ac_cv_nqs_effects.png
[INFO]: S-parameter analysis plot saved to /home/duhaochen/website-trial-v1/data/spice-model-benchmark/7a4308b8c87856776fd027c4e3e10155/ngspice/plots/ac_cv_sparameter_analysis.png
norm_dvg: [2.50000000e+11 1.25000000e+11 6.25000000e+10 3.12500000e+10
 1.56250000e+10 7.81249995e+09 6.37300439e+09 5.00097942e+09
 4.61886578e+09 4.27659659e+09 3.90828923e+09 3.71131054e+09
 3.42423962e+09 3.19598623e+09 3.03712054e+09 2.89360276e+09
 2.75656870e+09 2.62840665e+09 2.50148436e+09 2.47110225e+09
 2.44394488e+09 2.42539920e+09 2.40484047e+09 2.37748361e+09
 2.35184169e+09 2.32428445e+09 2.30838578e+09 2.29818183e+09
 2.28717047e+09 2.27277196e+09 2.25521167e+09 2.24083714e+09
 2.22462973e+09 2.20699259e+09 2.19508627e+09 2.18103531e+09
 2.16732769e+09 2.15479913e+09 2.14097929e+09 2.12437176e+09
 2.10731944e+09 2.08493695e+09 2.05784789e+09 2.02851190e+09
 2.00000000e+09 1.99660528e+09 1.98984775e+09 1.97647122e+09
 1.95024974e+09 1.89984068e+09 1.80645567e+09 1.64476205e+09
 1.51447851e+09 1.35525722e+09 1.19369896e+09 1.08829788e+09
 1.00000195e+09 9.98296096e+08 9.94906127e+08 9.88196717e+08
 9.75044191e+08 9.49761361e+08 9.02935821e+08 8.21893191e+08
 6.96809468e+08 5.34207610e+08 3.74261106e+08 2.88024124e+08
 2.34086156e+08 1.97163550e+08 1.70301717e+08 1.49881637e+08
 1.33834205e+08 1.20890751e+08 1.10230110e+08 1.02187156e+08
 9.52380952e+07 9.52180066e+07 9.51785838e+07 9.51004737e+07
 9.49430489e+07 9.46303893e+07 9.40113502e+07 9.34478366e+07
 9.32126503e+07 9.30067566e+07 9.28656765e+07 9.26965961e+07
 9.25127812e+07 9.23784131e+07 9.22361850e+07 9.20896062e+07
 9.19267853e+07 9.17715699e+07 9.17220592e+07 9.16796160e+07
 9.16511136e+07 9.16216054e+07 9.15826603e+07 9.15422853e+07
 9.14948278e+07 9.14728072e+07 9.14510612e+07 9.14372502e+07
 9.14123759e+07 9.13890121e+07 9.13680933e+07 9.13414950e+07
 9.13165647e+07 9.12915288e+07 9.12702855e+07 9.12521641e+07
 9.12194847e+07 9.11951241e+07 9.11681571e+07 9.11371066e+07
 9.10976494e+07 9.10476134e+07 9.09768039e+07 9.09070094e+07
 9.08986224e+07 9.08721275e+07 9.08305962e+07 9.07458839e+07
 9.05769324e+07 9.02408915e+07 8.95763434e+07 8.82759752e+07
 8.75206017e+07 8.71688439e+07 8.68482366e+07 8.65966587e+07
 8.62461476e+07 8.59502074e+07 8.56222456e+07 8.53043580e+07
 8.47172951e+07 8.40196724e+07 8.33337511e+07 8.32869708e+07
 8.31951293e+07 8.30112746e+07 8.26463786e+07 8.19259362e+07
 8.05221829e+07 7.78541597e+07 7.32894489e+07 6.92303647e+07
 6.55973044e+07 6.23265406e+07 5.93664572e+07 5.66747919e+07
 5.42166194e+07 5.19628183e+07 0.00000000e+00 0.00000000e+00
 0.00000000e+00 0.00000000e+00 0.00000000e+00 0.00000000e+00
 0.00000000e+00 0.00000000e+00 0.00000000e+00 0.00000000e+00
 0.00000000e+00 0.00000000e+00 0.00000000e+00 0.00000000e+00
 0.00000000e+00 0.00000000e+00 0.00000000e+00 0.00000000e+00
 0.00000000e+00 0.00000000e+00 0.00000000e+00 0.00000000e+00
 0.00000000e+00 0.00000000e+00 0.00000000e+00 0.00000000e+00
 0.00000000e+00 0.00000000e+00 0.00000000e+00 0.00000000e+00
 0.00000000e+00 0.00000000e+00 0.00000000e+00 0.00000000e+00
 0.00000000e+00 0.00000000e+00 0.00000000e+00 0.00000000e+00
 0.00000000e+00 0.00000000e+00 0.00000000e+00 0.00000000e+00
 0.00000000e+00 0.00000000e+00 0.00000000e+00 0.00000000e+00
 0.00000000e+00 0.00000000e+00 0.00000000e+00 0.00000000e+00
 0.00000000e+00 0.00000000e+00 0.00000000e+00 0.00000000e+00
 0.00000000e+00 0.00000000e+00 0.00000000e+00 0.00000000e+00
 0.00000000e+00 0.00000000e+00 0.00000000e+00 0.00000000e+00
 0.00000000e+00 0.00000000e+00 0.00000000e+00 0.00000000e+00
 0.00000000e+00 0.00000000e+00 0.00000000e+00 0.00000000e+00
 0.00000000e+00 0.00000000e+00 0.00000000e+00 0.00000000e+00
 0.00000000e+00 0.00000000e+00 0.00000000e+00 0.00000000e+00
 0.00000000e+00 0.00000000e+00 0.00000000e+00 0.00000000e+00
 0.00000000e+00 0.00000000e+00 0.00000000e+00 0.00000000e+00
 0.00000000e+00 0.00000000e+00 0.00000000e+00 0.00000000e+00
 0.00000000e+00 0.00000000e+00 0.00000000e+00 0.00000000e+00
 0.00000000e+00 0.00000000e+00 0.00000000e+00 0.00000000e+00
 0.00000000e+00 0.00000000e+00 0.00000000e+00 0.00000000e+00
 0.00000000e+00 0.00000000e+00 0.00000000e+00 0.00000000e+00
 0.00000000e+00 0.00000000e+00 0.00000000e+00 0.00000000e+00
 0.00000000e+00 0.00000000e+00 0.00000000e+00 0.00000000e+00
 0.00000000e+00 0.00000000e+00 0.00000000e+00 0.00000000e+00
 0.00000000e+00 0.00000000e+00 0.00000000e+00 0.00000000e+00
 0.00000000e+00 0.00000000e+00 0.00000000e+00 0.00000000e+00
 0.00000000e+00 0.00000000e+00 0.00000000e+00 0.00000000e+00
 0.00000000e+00 0.00000000e+00 0.00000000e+00 0.00000000e+00
 0.00000000e+00 0.00000000e+00 0.00000000e+00 0.00000000e+00
 0.00000000e+00 0.00000000e+00 0.00000000e+00 0.00000000e+00
 0.00000000e+00 0.00000000e+00 0.00000000e+00 0.00000000e+00
 0.00000000e+00 0.00000000e+00 0.00000000e+00 0.00000000e+00
 0.00000000e+00 0.00000000e+00 0.00000000e+00]
norm_dvd: [0. 0. 0. 0. 0. 0. 0. 0. 0. 0. 0. 0. 0. 0. 0. 0. 0. 0. 0. 0. 0. 0. 0. 0.
 0. 0. 0. 0. 0. 0. 0. 0. 0. 0. 0. 0. 0. 0. 0. 0. 0. 0. 0. 0. 0. 0. 0. 0.
 0. 0. 0. 0. 0. 0. 0. 0. 0. 0. 0. 0. 0. 0. 0. 0. 0. 0. 0. 0. 0. 0. 0. 0.
 0. 0. 0. 0. 0. 0. 0. 0. 0. 0. 0. 0. 0. 0. 0. 0. 0. 0. 0. 0. 0. 0. 0. 0.
 0. 0. 0. 0. 0. 0. 0. 0. 0. 0. 0. 0. 0. 0. 0. 0. 0. 0. 0. 0. 0. 0. 0. 0.
 0. 0. 0. 0. 0. 0. 0. 0. 0. 0. 0. 0. 0. 0. 0. 0. 0. 0. 0. 0. 0. 0. 0. 0.
 0. 0. 0. 0. 0. 0. 0. 0. 0. 0. 0. 0. 0. 0. 0. 0. 0. 0. 0. 0. 0. 0. 0. 0.
 0. 0. 0. 0. 0. 0. 0. 0. 0. 0. 0. 0. 0. 0. 0. 0. 0. 0. 0. 0. 0. 0. 0. 0.
 0. 0. 0. 0. 0. 0. 0. 0. 0. 0. 0. 0. 0. 0. 0. 0. 0. 0. 0. 0. 0. 0. 0. 0.
 0. 0. 0. 0. 0. 0. 0. 0. 0. 0. 0. 0. 0. 0. 0. 0. 0. 0. 0. 0. 0. 0. 0. 0.
 0. 0. 0. 0. 0. 0. 0. 0. 0. 0. 0. 0. 0. 0. 0. 0. 0. 0. 0. 0. 0. 0. 0. 0.
 0. 0. 0. 0. 0. 0. 0. 0. 0. 0. 0. 0. 0. 0. 0. 0. 0. 0. 0. 0. 0. 0. 0. 0.
 0. 0. 0. 0. 0. 0. 0. 0. 0. 0. 0. 0. 0. 0. 0. 0. 0. 0. 0.]
norm_did: [7.73572415e+02 3.86786234e+02 5.80179340e+02 6.76875912e+02
 7.25224201e+02 7.49174446e+02 8.62540536e+02 7.48202286e+02
 9.82176334e+02 9.12744208e+02 1.02534188e+03 1.02736335e+03
 1.03851263e+03 1.13435267e+03 1.13686211e+03 1.17072263e+03
 1.22450688e+03 1.28233658e+03 1.25910326e+03 1.37628453e+03
 1.48335004e+03 1.31690485e+03 1.29333148e+03 1.34951448e+03
 1.22755789e+03 1.56656253e+03 1.60842828e+03 7.38507292e+02
 1.67576979e+03 1.35480598e+03 1.63172663e+03 1.42756244e+03
 1.29207567e+03 1.25892423e+03 1.58163738e+03 1.60055399e+03
 1.15333948e+03 1.54949875e+03 1.69495642e+03 1.62456334e+03
 1.51847589e+03 1.47031318e+03 1.54103369e+03 1.54103371e+03
 3.63897262e+03 9.09742744e+02 1.36461400e+03 1.59204993e+03
 1.70576777e+03 1.70576776e+03 1.93320359e+03 2.10022777e+03
 2.43318328e+03 2.94355701e+03 3.33708372e+03 3.96636343e+03
 9.06716101e+03 2.26678358e+03 4.53356719e+03 4.42023136e+03
 4.70358154e+03 5.15693757e+03 6.30449962e+03 9.37175183e+03
 2.07021926e+04 8.91612886e+04 4.36169696e+05 2.08114477e+06
 9.92698671e+06 4.67189271e+07 2.21960882e+08 1.17723398e+09
 7.69477005e+10 4.85705284e+09 3.60067123e+09 2.51710992e+09
 4.92607253e+09 1.20646221e+09 1.21121819e+09 1.21017080e+09
 1.20790056e+09 1.20275198e+09 1.16167740e+09 1.11451257e+09
 1.09902104e+09 1.08454509e+09 1.07752969e+09 1.06841798e+09
 1.05633025e+09 1.04906419e+09 1.04134126e+09 1.03380770e+09
 1.02458182e+09 1.01283385e+09 1.00969118e+09 1.00700213e+09
 1.00550771e+09 1.00409624e+09 1.00216951e+09 1.00020253e+09
 9.97123219e+08 9.95421049e+08 9.94502822e+08 9.93878177e+08
 9.92591002e+08 9.91326731e+08 9.90255387e+08 9.89099137e+08
 9.87283316e+08 9.86100432e+08 9.85208332e+08 9.84202085e+08
 9.82497288e+08 9.81373396e+08 9.79993204e+08 9.78521745e+08
 9.76879580e+08 9.74945654e+08 9.71164993e+08 9.69326406e+08
 9.64040518e+08 9.64984250e+08 9.64082408e+08 9.62233144e+08
 9.58426133e+08 9.50398898e+08 9.32885736e+08 8.55068931e+08
 8.11845740e+08 7.95563615e+08 7.80404356e+08 7.71546756e+08
 7.55940467e+08 7.44362742e+08 7.30992190e+08 7.22626897e+08
 7.01380814e+08 6.74974980e+08 6.43297069e+08 6.40921727e+08
 6.39206827e+08 6.35122871e+08 6.26904101e+08 6.10376569e+08
 5.77775750e+08 5.16073170e+08 4.09363303e+08 3.39647947e+08
 2.90791242e+08 2.54525806e+08 2.26377132e+08 2.03778701e+08
 1.85167592e+08 1.69314384e+08 5.15616994e+08 0.00000000e+00
 0.00000000e+00 0.00000000e+00 0.00000000e+00 0.00000000e+00
 0.00000000e+00 0.00000000e+00 0.00000000e+00 0.00000000e+00
 0.00000000e+00 0.00000000e+00 0.00000000e+00 0.00000000e+00
 0.00000000e+00 0.00000000e+00 0.00000000e+00 0.00000000e+00
 0.00000000e+00 0.00000000e+00 0.00000000e+00 0.00000000e+00
 0.00000000e+00 0.00000000e+00 0.00000000e+00 0.00000000e+00
 0.00000000e+00 0.00000000e+00 0.00000000e+00 0.00000000e+00
 0.00000000e+00 0.00000000e+00 0.00000000e+00 0.00000000e+00
 0.00000000e+00 0.00000000e+00 0.00000000e+00 0.00000000e+00
 0.00000000e+00 0.00000000e+00 0.00000000e+00 0.00000000e+00
 0.00000000e+00 0.00000000e+00 0.00000000e+00 0.00000000e+00
 0.00000000e+00 0.00000000e+00 0.00000000e+00 0.00000000e+00
 0.00000000e+00 0.00000000e+00 0.00000000e+00 0.00000000e+00
 0.00000000e+00 0.00000000e+00 0.00000000e+00 0.00000000e+00
 0.00000000e+00 0.00000000e+00 0.00000000e+00 0.00000000e+00
 0.00000000e+00 0.00000000e+00 0.00000000e+00 0.00000000e+00
 0.00000000e+00 0.00000000e+00 0.00000000e+00 0.00000000e+00
 0.00000000e+00 0.00000000e+00 0.00000000e+00 0.00000000e+00
 0.00000000e+00 0.00000000e+00 0.00000000e+00 0.00000000e+00
 0.00000000e+00 0.00000000e+00 0.00000000e+00 0.00000000e+00
 0.00000000e+00 0.00000000e+00 0.00000000e+00 0.00000000e+00
 0.00000000e+00 0.00000000e+00 0.00000000e+00 0.00000000e+00
 0.00000000e+00 0.00000000e+00 0.00000000e+00 0.00000000e+00
 0.00000000e+00 0.00000000e+00 0.00000000e+00 0.00000000e+00
 0.00000000e+00 0.00000000e+00 0.00000000e+00 0.00000000e+00
 0.00000000e+00 0.00000000e+00 0.00000000e+00 0.00000000e+00
 0.00000000e+00 0.00000000e+00 0.00000000e+00 0.00000000e+00
 0.00000000e+00 0.00000000e+00 0.00000000e+00 0.00000000e+00
 0.00000000e+00 0.00000000e+00 0.00000000e+00 0.00000000e+00
 0.00000000e+00 0.00000000e+00 0.00000000e+00 0.00000000e+00
 0.00000000e+00 0.00000000e+00 0.00000000e+00 0.00000000e+00
 0.00000000e+00 0.00000000e+00 0.00000000e+00 0.00000000e+00
 0.00000000e+00 0.00000000e+00 0.00000000e+00 0.00000000e+00
 0.00000000e+00 0.00000000e+00 0.00000000e+00 0.00000000e+00
 0.00000000e+00 0.00000000e+00 0.00000000e+00 0.00000000e+00
 0.00000000e+00 0.00000000e+00 0.00000000e+00 0.00000000e+00
 0.00000000e+00 0.00000000e+00 0.00000000e+00 0.00000000e+00
 0.00000000e+00 0.00000000e+00 0.00000000e+00]
[WARNING]: Quasi-static verification failed
[WARNING]: Max normalized derivatives: dVg/dt=2.50e+11, dVd/dt=0.00e+00, dId/dt=7.69e+10

  ngspice: ✓ PASS  (69.0s)

✓ Benchmark completed: /home/duhaochen/website-trial-v1/data/spice-model-benchmark/7a4308b8c87856776fd027c4e3e10155/ngspice
