$ /usr/bin/time -v -o /home/duhaochen/website-trial-v1/data/spice-model-benchmark/a0fdd603cfedf1d8d7ac7e06a770394e/ngspice/resource.txt /usr/bin/python -m spice_model_benchmark.cli /home/duhaochen/pipeline_full_collection/benchmark-inputs/a0fdd603cfedf1d8d7ac7e06a770394e/ngspice.lib --simulator ngspice --modes dc transient ac noise --output-dir /home/duhaochen/website-trial-v1/data/spice-model-benchmark/a0fdd603cfedf1d8d7ac7e06a770394e --dpi 120 --log-level WARNING
/home/duhaochen/spice_model_benchmark/src/spice_model_benchmark/verification_manager.py:1557: RuntimeWarning: divide by zero encountered in divide
  tc = np.mean((d_ids / d_temp) / np.abs(i_ds[:-1]))
SPICE Model Benchmark: /home/duhaochen/pipeline_full_collection/benchmark-inputs/a0fdd603cfedf1d8d7ac7e06a770394e/ngspice.lib
Simulators: ngspice
Modes: dc, transient, ac, noise
------------------------------------------------------------

============================================================
  Running: NGSPICE
  Output:  /home/duhaochen/website-trial-v1/data/spice-model-benchmark/a0fdd603cfedf1d8d7ac7e06a770394e/ngspice
============================================================
Vgs range: 0.000V to 1.200V
Ids range: -7.079e-05A to 0.000e+00A
Selected Vgs values: [0.  0.2 0.4 0.6 0.8 1.  1.2]
Vgs=0.000V: Ids range -1.307e-15A to -1.000e-16A
Vgs=0.200V: Ids range -3.284e-14A to 0.000e+00A
Vgs=0.400V: Ids range -2.238e-12A to 0.000e+00A
Vgs=0.600V: Ids range -3.202e-10A to 0.000e+00A
Vgs=0.800V: Ids range -4.102e-08A to 0.000e+00A
Vgs=1.000V: Ids range -2.964e-06A to 0.000e+00A
Vgs=1.200V: Ids range -7.079e-05A to 0.000e+00A
ids_variation: 9.408542915669118
ids_variation <= max_variation: False
tc: inf
abs(tc) <= max_tc: False
[WARNING]: Temperature effects verification failed - effects outside expected range
/home/duhaochen/spice_model_benchmark/src/spice_model_benchmark/verification_manager.py:1817: RuntimeWarning: divide by zero encountered in log
  log_ids = np.log(np.abs(i_ds))
/home/duhaochen/.local/lib/python3.9/site-packages/numpy/lib/function_base.py:2742: RuntimeWarning: invalid value encountered in subtract
  X -= avg[:, None]
/home/duhaochen/spice_model_benchmark/src/spice_model_benchmark/verification_manager.py:1862: RuntimeWarning: divide by zero encountered in divide
  efficiency = np.abs(gm / i_ds)  # Transconductance efficiency
[INFO]: S-parameter analysis plot saved to /home/duhaochen/website-trial-v1/data/spice-model-benchmark/a0fdd603cfedf1d8d7ac7e06a770394e/ngspice/plots/ac_cv_sparameter_analysis.png
[INFO]: NQS effects plot saved to /home/duhaochen/website-trial-v1/data/spice-model-benchmark/a0fdd603cfedf1d8d7ac7e06a770394e/ngspice/plots/ac_cv_nqs_effects.png
[INFO]: S-parameter analysis plot saved to /home/duhaochen/website-trial-v1/data/spice-model-benchmark/a0fdd603cfedf1d8d7ac7e06a770394e/ngspice/plots/ac_cv_sparameter_analysis.png
norm_dvg: [2.50000000e+11 1.25000000e+11 6.25000000e+10 3.12500000e+10
 1.56250000e+10 1.01845382e+10 7.29511089e+09 5.64116097e+09
 4.52272460e+09 3.73657838e+09 3.09258249e+09 2.57447760e+09
 2.47391968e+09 2.38409192e+09 2.27695253e+09 2.21827929e+09
 2.15237833e+09 2.08417233e+09 2.04121870e+09 1.99999673e+09
 1.99755398e+09 1.99267607e+09 1.98299537e+09 1.96391147e+09
 1.92682578e+09 1.85670288e+09 1.73073031e+09 1.55643540e+09
 1.40034181e+09 1.27853574e+09 1.22679039e+09 1.16603547e+09
 1.11781202e+09 1.06959376e+09 1.03362673e+09 9.99997286e+08
 9.98775473e+08 9.96328984e+08 9.91476463e+08 9.81912439e+08
 9.63326056e+08 9.28187717e+08 8.65078477e+08 7.61523470e+08
 6.56418354e+08 6.24296645e+08 6.01277636e+08 5.79198596e+08
 5.62689817e+08 5.44681467e+08 5.26625177e+08 5.01593329e+08
 4.76306275e+08 4.53544215e+08 4.29456022e+08 4.05669804e+08
 3.91583223e+08 3.81576117e+08 3.72817118e+08 3.62352758e+08
 3.52643745e+08 3.47039603e+08 3.40038522e+08 3.33760651e+08
 3.25558527e+08 3.16181152e+08 3.03758614e+08 2.96891622e+08
 2.90488697e+08 2.83670708e+08 2.77196670e+08 2.68987392e+08
 2.61762880e+08 2.52202776e+08 2.42857376e+08 2.33493022e+08
 2.25199910e+08 2.15331879e+08 2.06451334e+08 1.96424954e+08
 1.87566756e+08 1.79283464e+08 1.74827159e+08 1.72316237e+08
 1.70264296e+08 1.68413242e+08 1.65773424e+08 1.63399660e+08
 1.62012375e+08 1.60825727e+08 1.59517528e+08 1.58267983e+08
 1.57131610e+08 1.54907120e+08 1.52700166e+08 1.50353655e+08
 1.48796675e+08 1.47000297e+08 1.45798050e+08 1.44445938e+08
 1.43081895e+08 1.41580501e+08 1.40102496e+08 1.37963136e+08
 1.35104372e+08 1.31086313e+08 1.29684004e+08 1.28577786e+08
 1.27579087e+08 1.26643204e+08 1.25637561e+08 1.23862758e+08
 1.22158181e+08 1.20383263e+08 1.18519472e+08 1.16395299e+08
 1.13887890e+08 1.10771976e+08 1.06803198e+08 1.01479914e+08
 9.52373637e+07 9.52180530e+07 9.51796383e+07 9.51005299e+07
 9.49437982e+07 9.47241764e+07 9.45942872e+07 9.44887413e+07
 9.44016033e+07 9.43118674e+07 9.42125490e+07 9.41450556e+07
 9.40871788e+07 9.40180699e+07 9.39438292e+07 9.38639764e+07
 9.37691304e+07 9.36523811e+07 9.35034106e+07 9.33041360e+07
 9.31965865e+07 9.31052389e+07 9.30239063e+07 9.29348482e+07
 9.28396137e+07 9.27142547e+07 9.26229837e+07 9.25146223e+07
 9.24059471e+07 9.22632341e+07 9.20909201e+07 9.18557431e+07
 9.15271892e+07 9.13479536e+07 9.12543301e+07 9.12038484e+07
 9.11515753e+07 9.11011331e+07 9.10486913e+07 9.09904451e+07
 9.09090909e+07 9.09059332e+07 9.08996183e+07 9.08869913e+07
 9.08615001e+07 9.08113030e+07 9.07104881e+07 9.05768019e+07
 9.05052207e+07 9.04491067e+07 9.03848732e+07 9.03137686e+07
 9.02516186e+07 9.01773084e+07 9.00815592e+07 8.99509921e+07
 8.97758953e+07 8.95376921e+07 8.92214090e+07 8.89229671e+07
 8.86875746e+07 8.83540082e+07 8.79782101e+07 8.74788683e+07
 8.71656104e+07 8.69536317e+07 8.67511191e+07 8.64964378e+07
 8.62613060e+07 8.61344829e+07 8.59617207e+07 8.58016622e+07
 8.55697488e+07 8.52904102e+07 8.48932332e+07 8.43432684e+07
 8.38352593e+07 8.33342591e+07 8.33120394e+07 8.32711024e+07
 8.31875605e+07 8.30219850e+07 8.26924038e+07 8.20409773e+07
 8.09119698e+07 7.98673825e+07 7.84157519e+07 7.68997533e+07
 7.51630324e+07 7.41080095e+07 7.33275835e+07 7.25522797e+07
 7.16288745e+07 7.10565006e+07 7.03694744e+07 6.95128966e+07
 6.91015151e+07 6.87621277e+07 6.84661359e+07 6.81226594e+07
 6.77532415e+07 6.74332868e+07 6.70654759e+07 6.66376255e+07
 6.62436895e+07 6.58138503e+07 6.52834746e+07 6.47790366e+07
 6.43030186e+07 6.37710228e+07 6.33161000e+07 6.28524850e+07
 6.23144470e+07 6.20634111e+07 6.19149855e+07 6.17556201e+07
 6.15744260e+07 6.13875854e+07 6.11831174e+07 6.08802904e+07
 6.04792356e+07 6.00464906e+07 5.95015643e+07 5.88660310e+07
 5.79863834e+07 5.67278456e+07 5.48049779e+07 5.28668871e+07
 5.13934841e+07 0.00000000e+00 0.00000000e+00 0.00000000e+00
 0.00000000e+00 0.00000000e+00 0.00000000e+00 0.00000000e+00
 0.00000000e+00 0.00000000e+00 0.00000000e+00 0.00000000e+00
 0.00000000e+00 0.00000000e+00 0.00000000e+00 0.00000000e+00
 0.00000000e+00 0.00000000e+00 0.00000000e+00 0.00000000e+00
 0.00000000e+00 0.00000000e+00 0.00000000e+00 0.00000000e+00
 0.00000000e+00 0.00000000e+00 0.00000000e+00 0.00000000e+00
 0.00000000e+00 0.00000000e+00 0.00000000e+00 0.00000000e+00
 0.00000000e+00 0.00000000e+00 0.00000000e+00 0.00000000e+00
 0.00000000e+00 0.00000000e+00 0.00000000e+00 0.00000000e+00
 0.00000000e+00 0.00000000e+00 0.00000000e+00 0.00000000e+00
 0.00000000e+00 0.00000000e+00 0.00000000e+00 0.00000000e+00
 0.00000000e+00 0.00000000e+00 0.00000000e+00 0.00000000e+00
 0.00000000e+00 0.00000000e+00 0.00000000e+00 0.00000000e+00
 0.00000000e+00 0.00000000e+00 0.00000000e+00 0.00000000e+00
 0.00000000e+00 0.00000000e+00 0.00000000e+00 0.00000000e+00
 0.00000000e+00 0.00000000e+00 0.00000000e+00 0.00000000e+00
 0.00000000e+00 0.00000000e+00 0.00000000e+00 0.00000000e+00
 0.00000000e+00 0.00000000e+00 0.00000000e+00 0.00000000e+00
 0.00000000e+00 0.00000000e+00 0.00000000e+00 0.00000000e+00
 0.00000000e+00 0.00000000e+00 0.00000000e+00 0.00000000e+00
 0.00000000e+00 0.00000000e+00 0.00000000e+00 0.00000000e+00
 0.00000000e+00 0.00000000e+00 0.00000000e+00 0.00000000e+00
 0.00000000e+00 0.00000000e+00 0.00000000e+00 0.00000000e+00
 0.00000000e+00 0.00000000e+00 0.00000000e+00 0.00000000e+00
 0.00000000e+00 0.00000000e+00 0.00000000e+00 0.00000000e+00
 0.00000000e+00 0.00000000e+00 0.00000000e+00 0.00000000e+00
 0.00000000e+00 0.00000000e+00 0.00000000e+00 0.00000000e+00
 0.00000000e+00 0.00000000e+00 0.00000000e+00 0.00000000e+00
 0.00000000e+00 0.00000000e+00 0.00000000e+00 0.00000000e+00
 0.00000000e+00 0.00000000e+00 0.00000000e+00 0.00000000e+00
 0.00000000e+00 0.00000000e+00 0.00000000e+00 0.00000000e+00
 0.00000000e+00 0.00000000e+00 0.00000000e+00 0.00000000e+00
 0.00000000e+00 0.00000000e+00 0.00000000e+00 0.00000000e+00
 0.00000000e+00 0.00000000e+00 0.00000000e+00 0.00000000e+00
 0.00000000e+00 0.00000000e+00 0.00000000e+00 0.00000000e+00
 0.00000000e+00 0.00000000e+00 0.00000000e+00 0.00000000e+00
 0.00000000e+00 0.00000000e+00 0.00000000e+00 0.00000000e+00
 0.00000000e+00 0.00000000e+00 0.00000000e+00 0.00000000e+00
 0.00000000e+00 0.00000000e+00 0.00000000e+00 0.00000000e+00
 0.00000000e+00 0.00000000e+00 0.00000000e+00 0.00000000e+00
 0.00000000e+00 0.00000000e+00 0.00000000e+00 0.00000000e+00
 0.00000000e+00 0.00000000e+00 0.00000000e+00 0.00000000e+00
 0.00000000e+00 0.00000000e+00 0.00000000e+00 0.00000000e+00
 0.00000000e+00 0.00000000e+00 0.00000000e+00 0.00000000e+00
 0.00000000e+00 0.00000000e+00 0.00000000e+00 0.00000000e+00
 0.00000000e+00 0.00000000e+00 0.00000000e+00 0.00000000e+00
 0.00000000e+00 0.00000000e+00 0.00000000e+00 0.00000000e+00
 0.00000000e+00 0.00000000e+00 0.00000000e+00 0.00000000e+00
 0.00000000e+00 0.00000000e+00 0.00000000e+00 0.00000000e+00
 0.00000000e+00 0.00000000e+00 0.00000000e+00 0.00000000e+00
 0.00000000e+00 0.00000000e+00 0.00000000e+00 0.00000000e+00
 0.00000000e+00 0.00000000e+00 0.00000000e+00 0.00000000e+00
 0.00000000e+00 0.00000000e+00 0.00000000e+00 0.00000000e+00
 0.00000000e+00 0.00000000e+00 0.00000000e+00 0.00000000e+00
 0.00000000e+00 0.00000000e+00 0.00000000e+00 0.00000000e+00
 0.00000000e+00 0.00000000e+00 0.00000000e+00 0.00000000e+00
 0.00000000e+00 0.00000000e+00 0.00000000e+00 0.00000000e+00
 0.00000000e+00 0.00000000e+00 0.00000000e+00 0.00000000e+00
 0.00000000e+00 0.00000000e+00 0.00000000e+00 0.00000000e+00
 0.00000000e+00 0.00000000e+00 0.00000000e+00 0.00000000e+00
 0.00000000e+00 0.00000000e+00 0.00000000e+00 0.00000000e+00
 0.00000000e+00 0.00000000e+00 0.00000000e+00]
norm_dvd: [0. 0. 0. 0. 0. 0. 0. 0. 0. 0. 0. 0. 0. 0. 0. 0. 0. 0. 0. 0. 0. 0. 0. 0.
 0. 0. 0. 0. 0. 0. 0. 0. 0. 0. 0. 0. 0. 0. 0. 0. 0. 0. 0. 0. 0. 0. 0. 0.
 0. 0. 0. 0. 0. 0. 0. 0. 0. 0. 0. 0. 0. 0. 0. 0. 0. 0. 0. 0. 0. 0. 0. 0.
 0. 0. 0. 0. 0. 0. 0. 0. 0. 0. 0. 0. 0. 0. 0. 0. 0. 0. 0. 0. 0. 0. 0. 0.
 0. 0. 0. 0. 0. 0. 0. 0. 0. 0. 0. 0. 0. 0. 0. 0. 0. 0. 0. 0. 0. 0. 0. 0.
 0. 0. 0. 0. 0. 0. 0. 0. 0. 0. 0. 0. 0. 0. 0. 0. 0. 0. 0. 0. 0. 0. 0. 0.
 0. 0. 0. 0. 0. 0. 0. 0. 0. 0. 0. 0. 0. 0. 0. 0. 0. 0. 0. 0. 0. 0. 0. 0.
 0. 0. 0. 0. 0. 0. 0. 0. 0. 0. 0. 0. 0. 0. 0. 0. 0. 0. 0. 0. 0. 0. 0. 0.
 0. 0. 0. 0. 0. 0. 0. 0. 0. 0. 0. 0. 0. 0. 0. 0. 0. 0. 0. 0. 0. 0. 0. 0.
 0. 0. 0. 0. 0. 0. 0. 0. 0. 0. 0. 0. 0. 0. 0. 0. 0. 0. 0. 0. 0. 0. 0. 0.
 0. 0. 0. 0. 0. 0. 0. 0. 0. 0. 0. 0. 0. 0. 0. 0. 0. 0. 0. 0. 0. 0. 0. 0.
 0. 0. 0. 0. 0. 0. 0. 0. 0. 0. 0. 0. 0. 0. 0. 0. 0. 0. 0. 0. 0. 0. 0. 0.
 0. 0. 0. 0. 0. 0. 0. 0. 0. 0. 0. 0. 0. 0. 0. 0. 0. 0. 0. 0. 0. 0. 0. 0.
 0. 0. 0. 0. 0. 0. 0. 0. 0. 0. 0. 0. 0. 0. 0. 0. 0. 0. 0. 0. 0. 0. 0. 0.
 0. 0. 0. 0. 0. 0. 0. 0. 0. 0. 0. 0. 0. 0. 0. 0. 0. 0. 0. 0. 0. 0. 0. 0.
 0. 0. 0. 0. 0. 0. 0. 0. 0. 0. 0. 0. 0. 0. 0. 0. 0. 0. 0. 0. 0. 0. 0. 0.
 0. 0. 0. 0. 0. 0. 0. 0. 0. 0. 0. 0. 0. 0. 0. 0. 0. 0. 0. 0. 0. 0. 0. 0.
 0. 0. 0. 0. 0. 0. 0. 0. 0. 0. 0. 0. 0. 0. 0. 0. 0. 0. 0. 0. 0. 0. 0. 0.
 0. 0. 0. 0. 0. 0. 0. 0. 0. 0. 0. 0. 0. 0. 0. 0. 0. 0. 0. 0. 0. 0. 0. 0.
 0. 0. 0. 0. 0. 0. 0. 0. 0. 0. 0. 0. 0. 0. 0. 0. 0. 0. 0. 0. 0. 0. 0. 0.
 0. 0. 0. 0. 0. 0. 0. 0. 0. 0. 0. 0. 0. 0. 0. 0. 0. 0. 0.]
norm_did: [0.00000000e+00 0.00000000e+00 0.00000000e+00 0.00000000e+00
 0.00000000e+00 0.00000000e+00 0.00000000e+00 0.00000000e+00
 0.00000000e+00 0.00000000e+00 0.00000000e+00 0.00000000e+00
 0.00000000e+00 0.00000000e+00 0.00000000e+00 0.00000000e+00
 0.00000000e+00 0.00000000e+00 0.00000000e+00 0.00000000e+00
 0.00000000e+00 0.00000000e+00 0.00000000e+00 0.00000000e+00
 0.00000000e+00 0.00000000e+00 0.00000000e+00 0.00000000e+00
 0.00000000e+00 0.00000000e+00 0.00000000e+00 0.00000000e+00
 0.00000000e+00 0.00000000e+00 0.00000000e+00 0.00000000e+00
 0.00000000e+00 0.00000000e+00 0.00000000e+00 0.00000000e+00
 0.00000000e+00 0.00000000e+00 0.00000000e+00 0.00000000e+00
 0.00000000e+00 0.00000000e+00 0.00000000e+00 0.00000000e+00
 0.00000000e+00 0.00000000e+00 0.00000000e+00 0.00000000e+00
 0.00000000e+00 0.00000000e+00 0.00000000e+00 0.00000000e+00
 0.00000000e+00 0.00000000e+00 0.00000000e+00 0.00000000e+00
 0.00000000e+00 0.00000000e+00 0.00000000e+00 0.00000000e+00
 0.00000000e+00 0.00000000e+00 0.00000000e+00 0.00000000e+00
 0.00000000e+00 0.00000000e+00 0.00000000e+00 0.00000000e+00
 0.00000000e+00 0.00000000e+00 8.48895119e+00 0.00000000e+00
 0.00000000e+00 0.00000000e+00 0.00000000e+00 0.00000000e+00
 5.69110862e+00 0.00000000e+00 0.00000000e+00 0.00000000e+00
 2.17161761e+01 0.00000000e+00 1.59966926e+01 0.00000000e+00
 0.00000000e+00 2.74913165e+01 0.00000000e+00 3.06789930e+01
 1.53394985e+01 3.00506588e+01 2.74322825e+01 2.01437614e+01
 3.41380787e+01 4.99824897e+01 4.36692244e+01 6.37219469e+01
 5.67450063e+01 7.52554430e+01 1.01325227e+02 1.46245268e+02
 2.28619821e+02 1.18962969e+02 2.32444109e+02 3.22357828e+02
 3.87218424e+02 4.43607492e+02 5.77717365e+02 7.09288216e+02
 8.94356325e+02 1.18046837e+03 1.65696796e+03 2.51242115e+03
 4.28524542e+03 8.81751855e+03 2.50203775e+04 9.64318083e+04
 1.60078940e+07 1.55066040e+04 9.67558689e+04 1.00551305e+05
 1.05584202e+05 1.03189703e+05 1.07317195e+05 1.11080970e+05
 1.14713404e+05 1.17773399e+05 1.17881383e+05 1.20386782e+05
 1.23657751e+05 1.25844036e+05 1.28019757e+05 1.31166370e+05
 1.34904501e+05 1.39895127e+05 1.46892435e+05 1.42573550e+05
 1.49655214e+05 1.55005470e+05 1.59522984e+05 1.63450483e+05
 1.69040614e+05 1.69830706e+05 1.76242195e+05 1.81125325e+05
 1.88519009e+05 1.96584673e+05 2.08762891e+05 2.27087370e+05
 2.17250804e+05 2.17640120e+05 2.32324894e+05 2.46677114e+05
 2.50629019e+05 2.54484952e+05 2.58340538e+05 2.64722910e+05
 5.83419293e+05 3.85276978e+04 2.66024587e+05 2.68776675e+05
 2.71987541e+05 2.79670623e+05 2.88435309e+05 2.81247666e+05
 2.90194462e+05 3.00487981e+05 3.06570717e+05 3.09672038e+05
 3.17364282e+05 3.25928020e+05 3.37660035e+05 3.53014511e+05
 3.75566179e+05 4.07418182e+05 4.29250709e+05 4.42758370e+05
 5.07500150e+05 5.60035448e+05 6.44421652e+05 6.32028576e+05
 6.61851149e+05 7.56815759e+05 8.38040521e+05 8.79658422e+05
 8.47139845e+05 9.67042589e+05 1.00912394e+06 1.09280561e+06
 1.18085675e+06 1.33024362e+06 1.56552859e+06 1.72987027e+06
 1.98023387e+06 2.16877053e+06 2.71265421e+05 2.19130858e+06
 2.31179344e+06 2.57187357e+06 3.17822437e+06 4.57569946e+06
 5.92424037e+06 9.95782154e+06 1.65227387e+07 3.10934712e+07
 3.66110355e+07 5.05263611e+07 8.30200493e+07 1.31748065e+08
 1.50515886e+08 2.33567733e+08 3.61237173e+08 3.68186170e+08
 5.01418605e+08 6.31130643e+08 7.82401107e+08 9.65465863e+08
 1.16225143e+09 1.49972870e+09 2.04752777e+09 2.92967182e+09
 4.81242821e+09 1.17440539e+10 3.26545141e+10 8.52062366e+09
 5.88444911e+09 4.40020287e+09 3.97280499e+09 3.78656542e+09
 3.10246439e+09 2.97888416e+09 2.97779944e+09 2.94662411e+09
 2.88942160e+09 2.84128371e+09 2.85040635e+09 2.81441327e+09
 2.68373571e+09 2.58386931e+09 2.41562966e+09 2.27308976e+09
 2.06334870e+09 1.75724296e+09 1.19614637e+09 8.16133123e+08
 6.40620018e+08 8.53109263e+09 0.00000000e+00 0.00000000e+00
 0.00000000e+00 0.00000000e+00 0.00000000e+00 0.00000000e+00
 0.00000000e+00 0.00000000e+00 0.00000000e+00 0.00000000e+00
 0.00000000e+00 0.00000000e+00 0.00000000e+00 0.00000000e+00
 0.00000000e+00 0.00000000e+00 0.00000000e+00 0.00000000e+00
 0.00000000e+00 0.00000000e+00 0.00000000e+00 0.00000000e+00
 0.00000000e+00 0.00000000e+00 0.00000000e+00 0.00000000e+00
 0.00000000e+00 0.00000000e+00 0.00000000e+00 0.00000000e+00
 0.00000000e+00 0.00000000e+00 0.00000000e+00 0.00000000e+00
 0.00000000e+00 0.00000000e+00 0.00000000e+00 0.00000000e+00
 0.00000000e+00 0.00000000e+00 0.00000000e+00 0.00000000e+00
 0.00000000e+00 0.00000000e+00 0.00000000e+00 0.00000000e+00
 0.00000000e+00 0.00000000e+00 0.00000000e+00 0.00000000e+00
 0.00000000e+00 0.00000000e+00 0.00000000e+00 0.00000000e+00
 0.00000000e+00 0.00000000e+00 0.00000000e+00 0.00000000e+00
 0.00000000e+00 0.00000000e+00 0.00000000e+00 0.00000000e+00
 0.00000000e+00 0.00000000e+00 0.00000000e+00 0.00000000e+00
 0.00000000e+00 0.00000000e+00 0.00000000e+00 0.00000000e+00
 0.00000000e+00 0.00000000e+00 0.00000000e+00 0.00000000e+00
 0.00000000e+00 0.00000000e+00 0.00000000e+00 0.00000000e+00
 0.00000000e+00 0.00000000e+00 0.00000000e+00 0.00000000e+00
 0.00000000e+00 0.00000000e+00 0.00000000e+00 0.00000000e+00
 0.00000000e+00 0.00000000e+00 0.00000000e+00 0.00000000e+00
 0.00000000e+00 0.00000000e+00 0.00000000e+00 0.00000000e+00
 0.00000000e+00 0.00000000e+00 0.00000000e+00 0.00000000e+00
 0.00000000e+00 0.00000000e+00 0.00000000e+00 0.00000000e+00
 0.00000000e+00 0.00000000e+00 0.00000000e+00 0.00000000e+00
 0.00000000e+00 0.00000000e+00 0.00000000e+00 0.00000000e+00
 0.00000000e+00 0.00000000e+00 0.00000000e+00 0.00000000e+00
 0.00000000e+00 0.00000000e+00 0.00000000e+00 0.00000000e+00
 0.00000000e+00 0.00000000e+00 0.00000000e+00 0.00000000e+00
 0.00000000e+00 0.00000000e+00 0.00000000e+00 0.00000000e+00
 0.00000000e+00 0.00000000e+00 0.00000000e+00 0.00000000e+00
 0.00000000e+00 0.00000000e+00 0.00000000e+00 0.00000000e+00
 0.00000000e+00 0.00000000e+00 0.00000000e+00 0.00000000e+00
 0.00000000e+00 0.00000000e+00 0.00000000e+00 0.00000000e+00
 0.00000000e+00 0.00000000e+00 0.00000000e+00 0.00000000e+00
 0.00000000e+00 0.00000000e+00 0.00000000e+00 0.00000000e+00
 0.00000000e+00 0.00000000e+00 0.00000000e+00 0.00000000e+00
 0.00000000e+00 0.00000000e+00 0.00000000e+00 0.00000000e+00
 0.00000000e+00 0.00000000e+00 0.00000000e+00 0.00000000e+00
 0.00000000e+00 0.00000000e+00 0.00000000e+00 0.00000000e+00
 0.00000000e+00 0.00000000e+00 0.00000000e+00 0.00000000e+00
 0.00000000e+00 0.00000000e+00 0.00000000e+00 0.00000000e+00
 0.00000000e+00 0.00000000e+00 0.00000000e+00 0.00000000e+00
 0.00000000e+00 0.00000000e+00 0.00000000e+00 0.00000000e+00
 0.00000000e+00 0.00000000e+00 0.00000000e+00 0.00000000e+00
 0.00000000e+00 0.00000000e+00 0.00000000e+00 0.00000000e+00
 0.00000000e+00 0.00000000e+00 0.00000000e+00 0.00000000e+00
 0.00000000e+00 0.00000000e+00 0.00000000e+00 0.00000000e+00
 0.00000000e+00 0.00000000e+00 0.00000000e+00 0.00000000e+00
 0.00000000e+00 0.00000000e+00 0.00000000e+00 0.00000000e+00
 0.00000000e+00 0.00000000e+00 0.00000000e+00 0.00000000e+00
 0.00000000e+00 0.00000000e+00 0.00000000e+00 0.00000000e+00
 0.00000000e+00 0.00000000e+00 0.00000000e+00 0.00000000e+00
 0.00000000e+00 0.00000000e+00 0.00000000e+00 0.00000000e+00
 0.00000000e+00 0.00000000e+00 0.00000000e+00 0.00000000e+00
 0.00000000e+00 0.00000000e+00 0.00000000e+00 0.00000000e+00
 0.00000000e+00 0.00000000e+00 0.00000000e+00 0.00000000e+00
 0.00000000e+00 0.00000000e+00 0.00000000e+00 0.00000000e+00
 0.00000000e+00 0.00000000e+00 0.00000000e+00 0.00000000e+00
 0.00000000e+00 0.00000000e+00 0.00000000e+00 0.00000000e+00
 0.00000000e+00 0.00000000e+00 0.00000000e+00]
[WARNING]: Quasi-static verification failed
[WARNING]: Max normalized derivatives: dVg/dt=2.50e+11, dVd/dt=0.00e+00, dId/dt=3.27e+10

  ngspice: ✓ PASS  (113.1s)

✓ Benchmark completed: /home/duhaochen/website-trial-v1/data/spice-model-benchmark/a0fdd603cfedf1d8d7ac7e06a770394e/ngspice
