$ /usr/bin/time -v -o /home/duhaochen/website-trial-v1/data/spice-model-benchmark/975e01162f1b3514a5ee41988ddd34ef/ngspice/resource.txt /usr/bin/python -m spice_model_benchmark.cli /home/duhaochen/pipeline_full_collection/benchmark-inputs/975e01162f1b3514a5ee41988ddd34ef/ngspice.lib --simulator ngspice --modes dc transient ac noise --output-dir /home/duhaochen/website-trial-v1/data/spice-model-benchmark/975e01162f1b3514a5ee41988ddd34ef --dpi 120 --log-level WARNING
/home/duhaochen/spice_model_benchmark/src/spice_model_benchmark/verification_manager.py:1557: RuntimeWarning: divide by zero encountered in divide
  tc = np.mean((d_ids / d_temp) / np.abs(i_ds[:-1]))
SPICE Model Benchmark: /home/duhaochen/pipeline_full_collection/benchmark-inputs/975e01162f1b3514a5ee41988ddd34ef/ngspice.lib
Simulators: ngspice
Modes: dc, transient, ac, noise
------------------------------------------------------------

============================================================
  Running: NGSPICE
  Output:  /home/duhaochen/website-trial-v1/data/spice-model-benchmark/975e01162f1b3514a5ee41988ddd34ef/ngspice
============================================================
Vgs range: 0.000V to 1.200V
Ids range: -1.055e-03A to 0.000e+00A
Selected Vgs values: [0.  0.2 0.4 0.6 0.8 1.  1.2]
Vgs=0.000V: Ids range -1.501e-10A to -8.354e-15A
Vgs=0.200V: Ids range -1.537e-08A to 0.000e+00A
Vgs=0.400V: Ids range -1.128e-06A to 0.000e+00A
Vgs=0.600V: Ids range -4.840e-05A to 0.000e+00A
Vgs=0.800V: Ids range -2.668e-04A to 0.000e+00A
Vgs=1.000V: Ids range -6.127e-04A to 0.000e+00A
Vgs=1.200V: Ids range -1.055e-03A to 0.000e+00A
ids_variation: 6.402342637665207
ids_variation <= max_variation: False
tc: inf
abs(tc) <= max_tc: False
[WARNING]: Temperature effects verification failed - effects outside expected range
/home/duhaochen/spice_model_benchmark/src/spice_model_benchmark/verification_manager.py:1817: RuntimeWarning: divide by zero encountered in log
  log_ids = np.log(np.abs(i_ds))
/home/duhaochen/.local/lib/python3.9/site-packages/numpy/lib/function_base.py:2742: RuntimeWarning: invalid value encountered in subtract
  X -= avg[:, None]
/home/duhaochen/spice_model_benchmark/src/spice_model_benchmark/verification_manager.py:1862: RuntimeWarning: divide by zero encountered in divide
  efficiency = np.abs(gm / i_ds)  # Transconductance efficiency
[INFO]: S-parameter analysis plot saved to /home/duhaochen/website-trial-v1/data/spice-model-benchmark/975e01162f1b3514a5ee41988ddd34ef/ngspice/plots/ac_cv_sparameter_analysis.png
[INFO]: NQS effects plot saved to /home/duhaochen/website-trial-v1/data/spice-model-benchmark/975e01162f1b3514a5ee41988ddd34ef/ngspice/plots/ac_cv_nqs_effects.png
[INFO]: S-parameter analysis plot saved to /home/duhaochen/website-trial-v1/data/spice-model-benchmark/975e01162f1b3514a5ee41988ddd34ef/ngspice/plots/ac_cv_sparameter_analysis.png
norm_dvg: [2.50000000e+11 1.25000000e+11 6.25000000e+10 3.12500000e+10
 1.56249999e+10 8.44752931e+09 5.61880408e+09 5.07101322e+09
 4.55257946e+09 4.19754874e+09 3.85676225e+09 3.57202677e+09
 3.19333439e+09 2.79455413e+09 2.54302143e+09 2.29239856e+09
 2.13624009e+09 2.06544722e+09 2.02789147e+09 1.99999888e+09
 1.99763323e+09 1.99291169e+09 1.98353761e+09 1.96505205e+09
 1.93716814e+09 1.91473410e+09 1.88978773e+09 1.87742390e+09
 1.86259001e+09 1.85520998e+09 1.84509635e+09 1.82519566e+09
 1.78665491e+09 1.76340177e+09 1.74446336e+09 1.72664376e+09
 1.70540481e+09 1.68678608e+09 1.66343414e+09 1.63785098e+09
 1.60312675e+09 1.56290876e+09 1.51547771e+09 1.46419759e+09
 1.42735735e+09 1.39660417e+09 1.36413064e+09 1.33831507e+09
 1.30760744e+09 1.27249964e+09 1.22822322e+09 1.17739939e+09
 1.12620970e+09 1.06708118e+09 1.03245210e+09 1.00000151e+09
 9.97793313e+08 9.93412573e+08 9.84762922e+08 9.67907579e+08
 9.49887608e+08 9.29115045e+08 9.09529104e+08 8.98902586e+08
 8.86481695e+08 8.75619832e+08 8.63203939e+08 8.52237482e+08
 8.42148647e+08 8.22670421e+08 8.01272994e+08 7.72494490e+08
 7.35583944e+08 6.73375843e+08 6.21287719e+08 5.66622354e+08
 5.42566071e+08 5.28284410e+08 5.07374972e+08 4.95667349e+08
 4.80811814e+08 4.67003534e+08 4.46081352e+08 4.17304710e+08
 3.99223078e+08 3.95337003e+08 3.90459339e+08 3.89281343e+08
 3.87201986e+08 3.86414026e+08 3.85565252e+08 3.84504090e+08
 3.83873558e+08 3.83158740e+08 3.82345382e+08 3.81298267e+08
 3.79759543e+08 3.77655602e+08 3.73938657e+08 3.70123016e+08
 3.68237368e+08 3.66648650e+08 3.64352795e+08 3.62604065e+08
 3.60655422e+08 3.58077751e+08 3.54534780e+08 3.50469801e+08
 3.45845444e+08 3.41144074e+08 3.35499657e+08 3.28973344e+08
 3.20260486e+08 3.09049348e+08 2.94519083e+08 2.78730439e+08
 2.61638180e+08 2.43882153e+08 2.24838891e+08 2.04884550e+08
 1.85338231e+08 1.64723580e+08 1.45543962e+08 1.30364902e+08
 1.18052935e+08 1.07865831e+08 1.01159408e+08 9.52380952e+07
 9.52158238e+07 9.51713122e+07 9.50824136e+07 9.49051139e+07
 9.46784398e+07 9.44300180e+07 9.41231326e+07 9.39295750e+07
 9.38215461e+07 9.37143029e+07 9.35743116e+07 9.34624965e+07
 9.33555625e+07 9.32330695e+07 9.30967417e+07 9.29333663e+07
 9.27510800e+07 9.25482302e+07 9.23634481e+07 9.21706165e+07
 9.19927934e+07 9.18870435e+07 9.17859523e+07 9.16685726e+07
 9.15956757e+07 9.15179565e+07 9.14179582e+07 9.13207087e+07
 9.11967568e+07 9.10530459e+07 9.09046966e+07 9.09128337e+07
 9.09005435e+07 9.08891496e+07 9.08646232e+07 9.08377505e+07
 9.08120076e+07 9.07841298e+07 9.07662740e+07 9.07369742e+07
 9.07134997e+07 9.06694004e+07 9.06018631e+07 9.04701655e+07
 9.03701672e+07 9.02566226e+07 9.01641917e+07 9.00656914e+07
 8.99904579e+07 8.98771460e+07 8.97650290e+07 8.95998388e+07
 8.93941520e+07 8.91080033e+07 8.87341028e+07 8.82381093e+07
 8.75913825e+07 8.67751743e+07 8.64377274e+07 8.61749363e+07
 8.58716464e+07 8.55496646e+07 8.52736649e+07 8.49610999e+07
 8.45062711e+07 8.40182825e+07 8.36743776e+07 8.33335238e+07
 8.32829064e+07 8.31815135e+07 8.29930730e+07 8.26184915e+07
 8.18794482e+07 8.14430046e+07 8.12604732e+07 8.10809795e+07
 8.09725698e+07 8.08831877e+07 8.08028396e+07 8.07205576e+07
 8.06254086e+07 8.05362249e+07 8.04918376e+07 8.04400884e+07
 8.03893373e+07 8.03365347e+07 8.02719975e+07 8.01744447e+07
 8.00488353e+07 7.98484949e+07 7.94507689e+07 7.92838212e+07
 7.91491003e+07 7.89965605e+07 7.88316053e+07 7.86751983e+07
 7.85104144e+07 7.82998137e+07 7.80326733e+07 7.77209552e+07
 7.73936003e+07 7.70278490e+07 7.67560149e+07 7.65627056e+07
 7.63141061e+07 7.62589678e+07 7.62092878e+07 7.61382367e+07
 7.60958177e+07 7.60596216e+07 7.60162315e+07 7.59662891e+07
 7.58959152e+07 7.57940552e+07 7.56238014e+07 7.54457268e+07
 7.52906691e+07 7.51841958e+07 7.50788434e+07 7.49615597e+07
 7.48563301e+07 7.47090262e+07 7.45563561e+07 7.43310942e+07
 7.40427126e+07 7.36480844e+07 7.31289456e+07 7.24457677e+07
 7.15855911e+07 7.05226312e+07 6.94453181e+07 6.81945185e+07
 6.68741856e+07 6.53005593e+07 6.35086443e+07 6.12256711e+07
 5.83763358e+07 5.57717361e+07 5.33896302e+07 5.16392506e+07
 0.00000000e+00 0.00000000e+00 0.00000000e+00 0.00000000e+00
 0.00000000e+00 0.00000000e+00 0.00000000e+00 0.00000000e+00
 0.00000000e+00 0.00000000e+00 0.00000000e+00 0.00000000e+00
 0.00000000e+00 0.00000000e+00 0.00000000e+00 0.00000000e+00
 0.00000000e+00 0.00000000e+00 0.00000000e+00 0.00000000e+00
 0.00000000e+00 0.00000000e+00 0.00000000e+00 0.00000000e+00
 0.00000000e+00 0.00000000e+00 0.00000000e+00 0.00000000e+00
 0.00000000e+00 0.00000000e+00 0.00000000e+00 0.00000000e+00
 0.00000000e+00 0.00000000e+00 0.00000000e+00 0.00000000e+00
 0.00000000e+00 0.00000000e+00 0.00000000e+00 0.00000000e+00
 0.00000000e+00 0.00000000e+00 0.00000000e+00 0.00000000e+00
 0.00000000e+00 0.00000000e+00 0.00000000e+00 0.00000000e+00
 0.00000000e+00 0.00000000e+00 0.00000000e+00 0.00000000e+00
 0.00000000e+00 0.00000000e+00 0.00000000e+00 0.00000000e+00
 0.00000000e+00 0.00000000e+00 0.00000000e+00 0.00000000e+00
 0.00000000e+00 0.00000000e+00 0.00000000e+00 0.00000000e+00
 0.00000000e+00 0.00000000e+00 0.00000000e+00 0.00000000e+00
 0.00000000e+00 0.00000000e+00 0.00000000e+00 0.00000000e+00
 0.00000000e+00 0.00000000e+00 0.00000000e+00 0.00000000e+00
 0.00000000e+00 0.00000000e+00 0.00000000e+00 0.00000000e+00
 0.00000000e+00 0.00000000e+00 0.00000000e+00 0.00000000e+00
 0.00000000e+00 0.00000000e+00 0.00000000e+00 0.00000000e+00
 0.00000000e+00 0.00000000e+00 0.00000000e+00 0.00000000e+00
 0.00000000e+00 0.00000000e+00 0.00000000e+00 0.00000000e+00
 0.00000000e+00 0.00000000e+00 0.00000000e+00 0.00000000e+00
 0.00000000e+00 0.00000000e+00 0.00000000e+00 0.00000000e+00
 0.00000000e+00 0.00000000e+00 0.00000000e+00 0.00000000e+00
 0.00000000e+00 0.00000000e+00 0.00000000e+00 0.00000000e+00
 0.00000000e+00 0.00000000e+00 0.00000000e+00 0.00000000e+00
 0.00000000e+00 0.00000000e+00 0.00000000e+00 0.00000000e+00
 0.00000000e+00 0.00000000e+00 0.00000000e+00 0.00000000e+00
 0.00000000e+00 0.00000000e+00 0.00000000e+00 0.00000000e+00
 0.00000000e+00 0.00000000e+00 0.00000000e+00 0.00000000e+00
 0.00000000e+00 0.00000000e+00 0.00000000e+00 0.00000000e+00
 0.00000000e+00 0.00000000e+00 0.00000000e+00 0.00000000e+00
 0.00000000e+00 0.00000000e+00 0.00000000e+00 0.00000000e+00
 0.00000000e+00 0.00000000e+00 0.00000000e+00 0.00000000e+00
 0.00000000e+00 0.00000000e+00 0.00000000e+00 0.00000000e+00
 0.00000000e+00 0.00000000e+00 0.00000000e+00 0.00000000e+00
 0.00000000e+00 0.00000000e+00 0.00000000e+00 0.00000000e+00
 0.00000000e+00 0.00000000e+00 0.00000000e+00 0.00000000e+00
 0.00000000e+00 0.00000000e+00 0.00000000e+00 0.00000000e+00
 0.00000000e+00 0.00000000e+00 0.00000000e+00 0.00000000e+00
 0.00000000e+00 0.00000000e+00 0.00000000e+00 0.00000000e+00
 0.00000000e+00 0.00000000e+00 0.00000000e+00 0.00000000e+00
 0.00000000e+00 0.00000000e+00 0.00000000e+00 0.00000000e+00
 0.00000000e+00 0.00000000e+00 0.00000000e+00 0.00000000e+00
 0.00000000e+00 0.00000000e+00 0.00000000e+00 0.00000000e+00
 0.00000000e+00 0.00000000e+00 0.00000000e+00 0.00000000e+00
 0.00000000e+00 0.00000000e+00 0.00000000e+00 0.00000000e+00
 0.00000000e+00 0.00000000e+00 0.00000000e+00 0.00000000e+00
 0.00000000e+00 0.00000000e+00 0.00000000e+00 0.00000000e+00
 0.00000000e+00 0.00000000e+00 0.00000000e+00 0.00000000e+00
 0.00000000e+00 0.00000000e+00 0.00000000e+00 0.00000000e+00
 0.00000000e+00 0.00000000e+00 0.00000000e+00 0.00000000e+00
 0.00000000e+00 0.00000000e+00 0.00000000e+00 0.00000000e+00
 0.00000000e+00 0.00000000e+00 0.00000000e+00 0.00000000e+00
 0.00000000e+00 0.00000000e+00 0.00000000e+00 0.00000000e+00
 0.00000000e+00 0.00000000e+00 0.00000000e+00 0.00000000e+00
 0.00000000e+00 0.00000000e+00 0.00000000e+00 0.00000000e+00
 0.00000000e+00 0.00000000e+00 0.00000000e+00 0.00000000e+00
 0.00000000e+00 0.00000000e+00 0.00000000e+00 0.00000000e+00
 0.00000000e+00 0.00000000e+00 0.00000000e+00 0.00000000e+00
 0.00000000e+00 0.00000000e+00 0.00000000e+00 0.00000000e+00
 0.00000000e+00 0.00000000e+00 0.00000000e+00 0.00000000e+00
 0.00000000e+00 0.00000000e+00 0.00000000e+00 0.00000000e+00
 0.00000000e+00 0.00000000e+00 0.00000000e+00 0.00000000e+00]
norm_dvd: [0. 0. 0. 0. 0. 0. 0. 0. 0. 0. 0. 0. 0. 0. 0. 0. 0. 0. 0. 0. 0. 0. 0. 0.
 0. 0. 0. 0. 0. 0. 0. 0. 0. 0. 0. 0. 0. 0. 0. 0. 0. 0. 0. 0. 0. 0. 0. 0.
 0. 0. 0. 0. 0. 0. 0. 0. 0. 0. 0. 0. 0. 0. 0. 0. 0. 0. 0. 0. 0. 0. 0. 0.
 0. 0. 0. 0. 0. 0. 0. 0. 0. 0. 0. 0. 0. 0. 0. 0. 0. 0. 0. 0. 0. 0. 0. 0.
 0. 0. 0. 0. 0. 0. 0. 0. 0. 0. 0. 0. 0. 0. 0. 0. 0. 0. 0. 0. 0. 0. 0. 0.
 0. 0. 0. 0. 0. 0. 0. 0. 0. 0. 0. 0. 0. 0. 0. 0. 0. 0. 0. 0. 0. 0. 0. 0.
 0. 0. 0. 0. 0. 0. 0. 0. 0. 0. 0. 0. 0. 0. 0. 0. 0. 0. 0. 0. 0. 0. 0. 0.
 0. 0. 0. 0. 0. 0. 0. 0. 0. 0. 0. 0. 0. 0. 0. 0. 0. 0. 0. 0. 0. 0. 0. 0.
 0. 0. 0. 0. 0. 0. 0. 0. 0. 0. 0. 0. 0. 0. 0. 0. 0. 0. 0. 0. 0. 0. 0. 0.
 0. 0. 0. 0. 0. 0. 0. 0. 0. 0. 0. 0. 0. 0. 0. 0. 0. 0. 0. 0. 0. 0. 0. 0.
 0. 0. 0. 0. 0. 0. 0. 0. 0. 0. 0. 0. 0. 0. 0. 0. 0. 0. 0. 0. 0. 0. 0. 0.
 0. 0. 0. 0. 0. 0. 0. 0. 0. 0. 0. 0. 0. 0. 0. 0. 0. 0. 0. 0. 0. 0. 0. 0.
 0. 0. 0. 0. 0. 0. 0. 0. 0. 0. 0. 0. 0. 0. 0. 0. 0. 0. 0. 0. 0. 0. 0. 0.
 0. 0. 0. 0. 0. 0. 0. 0. 0. 0. 0. 0. 0. 0. 0. 0. 0. 0. 0. 0. 0. 0. 0. 0.
 0. 0. 0. 0. 0. 0. 0. 0. 0. 0. 0. 0. 0. 0. 0. 0. 0. 0. 0. 0. 0. 0. 0. 0.
 0. 0. 0. 0. 0. 0. 0. 0. 0. 0. 0. 0. 0. 0. 0. 0. 0. 0. 0. 0. 0. 0. 0. 0.
 0. 0. 0. 0. 0. 0. 0. 0. 0. 0. 0. 0. 0. 0. 0. 0. 0. 0. 0. 0. 0. 0. 0. 0.
 0. 0. 0. 0. 0. 0. 0. 0. 0. 0. 0. 0. 0. 0. 0. 0. 0. 0. 0. 0. 0. 0. 0. 0.
 0. 0. 0. 0. 0. 0. 0. 0. 0. 0. 0. 0. 0. 0. 0. 0. 0. 0. 0. 0. 0. 0. 0. 0.
 0. 0. 0. 0. 0. 0. 0. 0. 0. 0. 0. 0. 0. 0. 0. 0. 0. 0. 0. 0. 0. 0. 0. 0.
 0. 0. 0. 0. 0. 0. 0. 0. 0. 0. 0. 0. 0. 0. 0. 0. 0. 0. 0. 0. 0. 0. 0. 0.
 0. 0. 0. 0. 0. 0. 0. 0. 0. 0. 0. 0. 0. 0. 0. 0. 0. 0. 0. 0. 0. 0. 0. 0.
 0. 0. 0. 0. 0. 0. 0. 0.]
norm_did: [2.82357830e+04 2.49480577e+04 2.90093752e+04 3.05082071e+04
 3.33459921e+04 3.72280642e+04 3.84672834e+04 4.15447200e+04
 4.33875761e+04 4.51279412e+04 4.70855076e+04 4.98186208e+04
 5.39427166e+04 5.78760955e+04 6.28718547e+04 6.72971481e+04
 6.97200679e+04 7.19565524e+04 7.33437684e+04 9.13470511e+04
 6.52478972e+04 7.50350876e+04 7.50350851e+04 7.62492256e+04
 7.69978654e+04 7.80982466e+04 7.85859682e+04 7.95152884e+04
 7.96840732e+04 8.06418761e+04 8.11655577e+04 8.27365297e+04
 8.40621686e+04 8.49454589e+04 8.63037762e+04 8.75196858e+04
 8.84472908e+04 8.99796666e+04 9.16110724e+04 9.37120580e+04
 9.64861428e+04 1.00056164e+05 1.04375598e+05 1.08224568e+05
 1.11927849e+05 1.15734880e+05 1.19265784e+05 1.23269061e+05
 1.28256698e+05 1.34792934e+05 1.43696102e+05 1.54386836e+05
 1.68809916e+05 1.80561785e+05 1.93115562e+05 2.20499935e+05
 1.77799633e+05 2.04399969e+05 2.10087848e+05 2.17733659e+05
 2.27198196e+05 2.37667248e+05 2.44417352e+05 2.53219579e+05
 2.60538134e+05 2.68926311e+05 2.77047952e+05 2.84985069e+05
 2.98635715e+05 3.16958044e+05 3.43469531e+05 3.84804452e+05
 4.71099744e+05 5.98733538e+05 7.94179701e+05 9.48189118e+05
 1.07927719e+06 1.27108142e+06 1.40956605e+06 1.59254269e+06
 1.79913685e+06 2.13592877e+06 2.78217294e+06 3.49608297e+06
 3.47731491e+06 4.19666634e+06 4.26410375e+06 4.48250828e+06
 4.54126147e+06 4.61236472e+06 4.67886885e+06 4.72136698e+06
 4.77074002e+06 4.82249175e+06 4.88532005e+06 4.97531270e+06
 5.10345970e+06 5.32627732e+06 5.60713204e+06 5.76895718e+06
 5.95375327e+06 6.15831630e+06 6.32747527e+06 6.51369938e+06
 6.75461853e+06 7.09136108e+06 7.52540552e+06 8.06992178e+06
 8.70438670e+06 9.52821277e+06 1.06191790e+07 1.22765774e+07
 1.49787673e+07 1.97859531e+07 2.81082501e+07 4.31828966e+07
 7.24777303e+07 1.37989547e+08 3.14112583e+08 9.13223158e+08
 5.39526079e+09 7.46277637e+09 3.83640226e+09 3.15020876e+09
 2.25079668e+09 1.34582713e+09 9.74508786e+08 7.41445443e+08
 6.75612687e+08 6.75078614e+08 6.73588110e+08 6.69208796e+08
 6.63194234e+08 6.57019663e+08 6.47556864e+08 6.41519782e+08
 6.38656964e+08 6.36169666e+08 6.32195142e+08 6.29249055e+08
 6.26628737e+08 6.23579323e+08 6.20335497e+08 6.16325716e+08
 6.11888609e+08 6.06616871e+08 6.02064264e+08 5.97162415e+08
 5.92187644e+08 5.89565131e+08 5.87240379e+08 5.84064137e+08
 5.82342710e+08 5.80652521e+08 5.78245716e+08 5.76157657e+08
 5.73394153e+08 5.70002237e+08 5.65803185e+08 5.65435431e+08
 5.65419837e+08 5.65242708e+08 5.64747210e+08 5.64077540e+08
 5.63501392e+08 5.62719913e+08 5.62434682e+08 5.61777895e+08
 5.61354701e+08 5.60485510e+08 5.59455275e+08 5.56183215e+08
 5.54032179e+08 5.51296495e+08 5.49252557e+08 5.46894768e+08
 5.45467536e+08 5.42948414e+08 5.40833975e+08 5.37490074e+08
 5.33547208e+08 5.27945891e+08 5.20760258e+08 5.11319957e+08
 4.99113998e+08 4.80257907e+08 4.73415721e+08 4.68709374e+08
 4.63205371e+08 4.57111684e+08 4.52346782e+08 4.47546278e+08
 4.39808891e+08 4.30844401e+08 4.25131249e+08 4.18352285e+08
 4.17621161e+08 4.16444636e+08 4.14277983e+08 4.09988653e+08
 3.97342864e+08 3.89812825e+08 3.87136047e+08 3.84257422e+08
 3.82624837e+08 3.81313093e+08 3.80185456e+08 3.79072192e+08
 3.77712956e+08 3.76288896e+08 3.75686882e+08 3.74968432e+08
 3.74280124e+08 3.73577304e+08 3.72826096e+08 3.71589113e+08
 3.70158503e+08 3.68187132e+08 3.61980566e+08 3.59655390e+08
 3.57960411e+08 3.56019403e+08 3.53855723e+08 3.51885316e+08
 3.49955502e+08 3.47501556e+08 3.44328422e+08 3.40549356e+08
 3.36716360e+08 3.32040463e+08 3.28591922e+08 3.26533481e+08
 3.23055781e+08 3.22402793e+08 3.21917087e+08 3.21015292e+08
 3.20507080e+08 3.20133607e+08 3.19672732e+08 3.19174602e+08
 3.18487091e+08 3.17569955e+08 3.15711669e+08 3.13684899e+08
 3.11834470e+08 3.10681833e+08 3.09586025e+08 3.08289088e+08
 3.07294333e+08 3.05750457e+08 3.04361336e+08 3.02199437e+08
 2.99535364e+08 2.95881238e+08 2.91166700e+08 2.85003682e+08
 2.77429901e+08 2.67783619e+08 2.58837814e+08 2.48567253e+08
 2.38666033e+08 2.27242052e+08 2.15459184e+08 2.01188202e+08
 1.82799362e+08 1.67276759e+08 1.53387436e+08 1.44265817e+08
 2.38710425e+08 0.00000000e+00 0.00000000e+00 0.00000000e+00
 0.00000000e+00 0.00000000e+00 0.00000000e+00 0.00000000e+00
 0.00000000e+00 0.00000000e+00 0.00000000e+00 0.00000000e+00
 0.00000000e+00 0.00000000e+00 0.00000000e+00 0.00000000e+00
 0.00000000e+00 0.00000000e+00 0.00000000e+00 0.00000000e+00
 0.00000000e+00 0.00000000e+00 0.00000000e+00 0.00000000e+00
 0.00000000e+00 0.00000000e+00 0.00000000e+00 0.00000000e+00
 0.00000000e+00 0.00000000e+00 0.00000000e+00 0.00000000e+00
 0.00000000e+00 0.00000000e+00 0.00000000e+00 0.00000000e+00
 0.00000000e+00 0.00000000e+00 0.00000000e+00 0.00000000e+00
 0.00000000e+00 0.00000000e+00 0.00000000e+00 0.00000000e+00
 0.00000000e+00 0.00000000e+00 0.00000000e+00 0.00000000e+00
 0.00000000e+00 0.00000000e+00 0.00000000e+00 0.00000000e+00
 0.00000000e+00 0.00000000e+00 0.00000000e+00 0.00000000e+00
 0.00000000e+00 0.00000000e+00 0.00000000e+00 0.00000000e+00
 0.00000000e+00 0.00000000e+00 0.00000000e+00 0.00000000e+00
 0.00000000e+00 0.00000000e+00 0.00000000e+00 0.00000000e+00
 0.00000000e+00 0.00000000e+00 0.00000000e+00 0.00000000e+00
 0.00000000e+00 0.00000000e+00 0.00000000e+00 0.00000000e+00
 0.00000000e+00 0.00000000e+00 0.00000000e+00 0.00000000e+00
 0.00000000e+00 0.00000000e+00 0.00000000e+00 0.00000000e+00
 0.00000000e+00 0.00000000e+00 0.00000000e+00 0.00000000e+00
 0.00000000e+00 0.00000000e+00 0.00000000e+00 0.00000000e+00
 0.00000000e+00 0.00000000e+00 0.00000000e+00 0.00000000e+00
 0.00000000e+00 0.00000000e+00 0.00000000e+00 0.00000000e+00
 0.00000000e+00 0.00000000e+00 0.00000000e+00 0.00000000e+00
 0.00000000e+00 0.00000000e+00 0.00000000e+00 0.00000000e+00
 0.00000000e+00 0.00000000e+00 0.00000000e+00 0.00000000e+00
 0.00000000e+00 0.00000000e+00 0.00000000e+00 0.00000000e+00
 0.00000000e+00 0.00000000e+00 0.00000000e+00 0.00000000e+00
 0.00000000e+00 0.00000000e+00 0.00000000e+00 0.00000000e+00
 0.00000000e+00 0.00000000e+00 0.00000000e+00 0.00000000e+00
 0.00000000e+00 0.00000000e+00 0.00000000e+00 0.00000000e+00
 0.00000000e+00 0.00000000e+00 0.00000000e+00 0.00000000e+00
 0.00000000e+00 0.00000000e+00 0.00000000e+00 0.00000000e+00
 0.00000000e+00 0.00000000e+00 0.00000000e+00 0.00000000e+00
 0.00000000e+00 0.00000000e+00 0.00000000e+00 0.00000000e+00
 0.00000000e+00 0.00000000e+00 0.00000000e+00 0.00000000e+00
 0.00000000e+00 0.00000000e+00 0.00000000e+00 0.00000000e+00
 0.00000000e+00 0.00000000e+00 0.00000000e+00 0.00000000e+00
 0.00000000e+00 0.00000000e+00 0.00000000e+00 0.00000000e+00
 0.00000000e+00 0.00000000e+00 0.00000000e+00 0.00000000e+00
 0.00000000e+00 0.00000000e+00 0.00000000e+00 0.00000000e+00
 0.00000000e+00 0.00000000e+00 0.00000000e+00 0.00000000e+00
 0.00000000e+00 0.00000000e+00 0.00000000e+00 0.00000000e+00
 0.00000000e+00 0.00000000e+00 0.00000000e+00 0.00000000e+00
 0.00000000e+00 0.00000000e+00 0.00000000e+00 0.00000000e+00
 0.00000000e+00 0.00000000e+00 0.00000000e+00 0.00000000e+00
 0.00000000e+00 0.00000000e+00 0.00000000e+00 0.00000000e+00
 0.00000000e+00 0.00000000e+00 0.00000000e+00 0.00000000e+00
 0.00000000e+00 0.00000000e+00 0.00000000e+00 0.00000000e+00
 0.00000000e+00 0.00000000e+00 0.00000000e+00 0.00000000e+00
 0.00000000e+00 0.00000000e+00 0.00000000e+00 0.00000000e+00
 0.00000000e+00 0.00000000e+00 0.00000000e+00 0.00000000e+00
 0.00000000e+00 0.00000000e+00 0.00000000e+00 0.00000000e+00
 0.00000000e+00 0.00000000e+00 0.00000000e+00 0.00000000e+00
 0.00000000e+00 0.00000000e+00 0.00000000e+00 0.00000000e+00
 0.00000000e+00 0.00000000e+00 0.00000000e+00 0.00000000e+00
 0.00000000e+00 0.00000000e+00 0.00000000e+00 0.00000000e+00
 0.00000000e+00 0.00000000e+00 0.00000000e+00 0.00000000e+00
 0.00000000e+00 0.00000000e+00 0.00000000e+00 0.00000000e+00
 0.00000000e+00 0.00000000e+00 0.00000000e+00 0.00000000e+00
 0.00000000e+00 0.00000000e+00 0.00000000e+00 0.00000000e+00
 0.00000000e+00 0.00000000e+00 0.00000000e+00 0.00000000e+00
 0.00000000e+00 0.00000000e+00 0.00000000e+00 0.00000000e+00
 0.00000000e+00 0.00000000e+00 0.00000000e+00 0.00000000e+00
 0.00000000e+00 0.00000000e+00 0.00000000e+00 0.00000000e+00]
[WARNING]: Quasi-static verification failed
[WARNING]: Max normalized derivatives: dVg/dt=2.50e+11, dVd/dt=0.00e+00, dId/dt=7.46e+09

  ngspice: ✓ PASS  (87.8s)

✓ Benchmark completed: /home/duhaochen/website-trial-v1/data/spice-model-benchmark/975e01162f1b3514a5ee41988ddd34ef/ngspice
