$ /usr/bin/time -v -o /home/duhaochen/website-trial-v1/data/spice-model-benchmark/e02f72efa173293b723148dbdc2a21eb/hspice/resource.txt /usr/bin/python -m spice_model_benchmark.cli /home/duhaochen/pipeline_full_collection/benchmark-inputs/e02f72efa173293b723148dbdc2a21eb/hspice.lib --simulator hspice --modes dc transient ac noise --output-dir /home/duhaochen/website-trial-v1/data/spice-model-benchmark/e02f72efa173293b723148dbdc2a21eb --dpi 120 --log-level WARNING
SPICE Model Benchmark: /home/duhaochen/pipeline_full_collection/benchmark-inputs/e02f72efa173293b723148dbdc2a21eb/hspice.lib
Simulators: hspice
Modes: dc, transient, ac, noise
------------------------------------------------------------

============================================================
  Running: HSPICE
  Output:  /home/duhaochen/website-trial-v1/data/spice-model-benchmark/e02f72efa173293b723148dbdc2a21eb/hspice
============================================================
Vgs range: 0.000V to 1.200V
Ids range: -6.787e-03A to 3.504e-06A
Selected Vgs values: [0.  0.2 0.4 0.6 0.8 1.  1.2]
Vgs=0.000V: Ids range -7.908e-08A to -2.101e-11A
Vgs=0.200V: Ids range -2.830e-07A to 4.529e-11A
Vgs=0.400V: Ids range -9.700e-06A to 1.770e-09A
Vgs=0.600V: Ids range -3.127e-04A to 4.569e-08A
Vgs=0.800V: Ids range -1.475e-03A to 2.710e-07A
Vgs=1.000V: Ids range -3.604e-03A to 1.072e-06A
Vgs=1.200V: Ids range -6.787e-03A to 3.504e-06A
ids_variation: 15.002940713792103
ids_variation <= max_variation: False
tc: 7075.741542273642
abs(tc) <= max_tc: False
[WARNING]: Temperature effects verification failed - effects outside expected range
/home/duhaochen/spice_model_benchmark/src/spice_model_benchmark/verification_manager.py:2706: RuntimeWarning: divide by zero encountered in divide
  norm_dvg = np.abs(dvg_dt / gate_voltage[:-1])
/home/duhaochen/spice_model_benchmark/src/spice_model_benchmark/verification_manager.py:2706: RuntimeWarning: invalid value encountered in divide
  norm_dvg = np.abs(dvg_dt / gate_voltage[:-1])
norm_dvg: [1.00000000e+10 5.00000000e+09 3.33333333e+09 ... 0.00000000e+00
 0.00000000e+00 0.00000000e+00]
norm_dvd: [0. 0. 0. ... 0. 0. 0.]
norm_did: [2.00799650e+08 1.92610121e+08 1.82299537e+08 ... 0.00000000e+00
 0.00000000e+00 0.00000000e+00]
[WARNING]: Quasi-static verification failed
[WARNING]: Max normalized derivatives: dVg/dt=nan, dVd/dt=0.00e+00, dId/dt=1.16e+12
/home/duhaochen/spice_model_benchmark/src/spice_model_benchmark/plot_generator.py:336: UserWarning: Attempting to set identical low and high ylims makes transformation singular; automatically expanding.
  plt.ylim(0, max_cap*1.2)  # Add 20% margin to ensure all components are visible
[INFO]: S-parameter analysis plot saved to /home/duhaochen/website-trial-v1/data/spice-model-benchmark/e02f72efa173293b723148dbdc2a21eb/hspice/plots/ac_cv_sparameter_analysis.png
[INFO]: S-parameter analysis plot saved to /home/duhaochen/website-trial-v1/data/spice-model-benchmark/e02f72efa173293b723148dbdc2a21eb/hspice/plots/ac_cv_sparameter_analysis.png
[INFO]: NQS effects plot saved to /home/duhaochen/website-trial-v1/data/spice-model-benchmark/e02f72efa173293b723148dbdc2a21eb/hspice/plots/ac_cv_nqs_effects.png
[WARNING]: Cannot compute correlation: constant data detected

  hspice: ✓ PASS  (218.5s)

✓ Benchmark completed: /home/duhaochen/website-trial-v1/data/spice-model-benchmark/e02f72efa173293b723148dbdc2a21eb/hspice
