$ /usr/bin/time -v -o /home/duhaochen/website-trial-v1/data/spice-model-benchmark/bbf01fc285ae1fd32569f1b8cc7ed75e/ngspice/resource.txt /usr/bin/python -m spice_model_benchmark.cli /home/duhaochen/pipeline_full_collection/benchmark-inputs/bbf01fc285ae1fd32569f1b8cc7ed75e/ngspice.lib --simulator ngspice --modes dc transient ac noise --output-dir /home/duhaochen/website-trial-v1/data/spice-model-benchmark/bbf01fc285ae1fd32569f1b8cc7ed75e --dpi 120 --log-level WARNING
/home/duhaochen/spice_model_benchmark/src/spice_model_benchmark/verification_manager.py:1557: RuntimeWarning: divide by zero encountered in divide
  tc = np.mean((d_ids / d_temp) / np.abs(i_ds[:-1]))
SPICE Model Benchmark: /home/duhaochen/pipeline_full_collection/benchmark-inputs/bbf01fc285ae1fd32569f1b8cc7ed75e/ngspice.lib
Simulators: ngspice
Modes: dc, transient, ac, noise
------------------------------------------------------------

============================================================
  Running: NGSPICE
  Output:  /home/duhaochen/website-trial-v1/data/spice-model-benchmark/bbf01fc285ae1fd32569f1b8cc7ed75e/ngspice
============================================================
Vgs range: 0.000V to 1.200V
Ids range: -1.032e-03A to 0.000e+00A
Selected Vgs values: [0.  0.2 0.4 0.6 0.8 1.  1.2]
Vgs=0.000V: Ids range -5.470e-11A to -1.441e-15A
Vgs=0.200V: Ids range -5.728e-09A to 0.000e+00A
Vgs=0.400V: Ids range -4.750e-07A to 0.000e+00A
Vgs=0.600V: Ids range -2.408e-05A to 0.000e+00A
Vgs=0.800V: Ids range -2.203e-04A to 0.000e+00A
Vgs=1.000V: Ids range -5.684e-04A to 0.000e+00A
Vgs=1.200V: Ids range -1.032e-03A to 0.000e+00A
ids_variation: 6.676074818483632
ids_variation <= max_variation: False
tc: inf
abs(tc) <= max_tc: False
[WARNING]: Temperature effects verification failed - effects outside expected range
/home/duhaochen/spice_model_benchmark/src/spice_model_benchmark/verification_manager.py:1817: RuntimeWarning: divide by zero encountered in log
  log_ids = np.log(np.abs(i_ds))
/home/duhaochen/.local/lib/python3.9/site-packages/numpy/lib/function_base.py:2742: RuntimeWarning: invalid value encountered in subtract
  X -= avg[:, None]
/home/duhaochen/spice_model_benchmark/src/spice_model_benchmark/verification_manager.py:1862: RuntimeWarning: divide by zero encountered in divide
  efficiency = np.abs(gm / i_ds)  # Transconductance efficiency
[INFO]: S-parameter analysis plot saved to /home/duhaochen/website-trial-v1/data/spice-model-benchmark/bbf01fc285ae1fd32569f1b8cc7ed75e/ngspice/plots/ac_cv_sparameter_analysis.png
[INFO]: NQS effects plot saved to /home/duhaochen/website-trial-v1/data/spice-model-benchmark/bbf01fc285ae1fd32569f1b8cc7ed75e/ngspice/plots/ac_cv_nqs_effects.png
[INFO]: S-parameter analysis plot saved to /home/duhaochen/website-trial-v1/data/spice-model-benchmark/bbf01fc285ae1fd32569f1b8cc7ed75e/ngspice/plots/ac_cv_sparameter_analysis.png
norm_dvg: [2.50000000e+11 1.25000000e+11 6.25000000e+10 3.12500000e+10
 1.56250001e+10 9.80053887e+09 7.00144874e+09 5.34773432e+09
 4.83341807e+09 4.44969245e+09 4.05020657e+09 3.82327200e+09
 3.53191653e+09 3.26373257e+09 2.91415548e+09 2.59387133e+09
 2.36647218e+09 2.31629784e+09 2.27698846e+09 2.24700440e+09
 2.21156004e+09 2.17510040e+09 2.15526302e+09 2.12957745e+09
 2.10169221e+09 2.08681623e+09 2.07422545e+09 2.05921171e+09
 2.04864321e+09 2.03385414e+09 2.01678533e+09 2.00000351e+09
 1.99923430e+09 1.99771953e+09 1.99469164e+09 1.98865288e+09
 1.97669247e+09 1.95319521e+09 1.90783941e+09 1.88401628e+09
 1.86288322e+09 1.83651374e+09 1.81447797e+09 1.78821878e+09
 1.75816652e+09 1.71816333e+09 1.67168788e+09 1.61743566e+09
 1.56181470e+09 1.50559580e+09 1.44556996e+09 1.41466930e+09
 1.38989370e+09 1.35932580e+09 1.34055484e+09 1.31374116e+09
 1.28664189e+09 1.25217832e+09 1.21271470e+09 1.16722994e+09
 1.12452244e+09 1.10008882e+09 1.08038923e+09 1.05960514e+09
 1.03719148e+09 1.02251407e+09 1.01113162e+09 1.00000177e+09
 9.98115686e+08 9.94373002e+08 9.88103197e+08 9.75798714e+08
 9.56639396e+08 9.38228527e+08 9.13558018e+08 8.82982534e+08
 8.32157616e+08 7.76508515e+08 7.26170408e+08 6.83912618e+08
 6.69480849e+08 6.58346516e+08 6.47891938e+08 6.35932821e+08
 6.28259677e+08 6.16049110e+08 6.05372328e+08 5.91911716e+08
 5.78816254e+08 5.59402884e+08 5.51724119e+08 5.48301171e+08
 5.44275690e+08 5.42380688e+08 5.40788138e+08 5.39705129e+08
 5.38805712e+08 5.38005321e+08 5.37196894e+08 5.36256731e+08
 5.35534686e+08 5.34819752e+08 5.33971998e+08 5.33010314e+08
 5.31596118e+08 5.28788092e+08 5.23770740e+08 5.18897422e+08
 5.15162548e+08 5.12842544e+08 5.10535704e+08 5.07759295e+08
 5.05176721e+08 5.02359071e+08 4.98269202e+08 4.93382722e+08
 4.87298728e+08 4.80517650e+08 4.73552795e+08 4.65454394e+08
 4.56275226e+08 4.44651599e+08 4.30323934e+08 4.12112192e+08
 3.91112753e+08 3.67071859e+08 3.40203023e+08 3.09288327e+08
 2.79602357e+08 2.47806081e+08 2.16512261e+08 1.84546923e+08
 1.60805931e+08 1.42477012e+08 1.27898891e+08 1.16027101e+08
 1.06172032e+08 1.00408281e+08 9.52389378e+07 9.52197470e+07
 9.51868596e+07 9.51186311e+07 9.49825287e+07 9.47518454e+07
 9.45423556e+07 9.42426756e+07 9.39377997e+07 9.35919948e+07
 9.34667247e+07 9.33638712e+07 9.32687243e+07 9.31452817e+07
 9.30427119e+07 9.29495341e+07 9.28420340e+07 9.27343990e+07
 9.26087833e+07 9.24669356e+07 9.23315208e+07 9.22412662e+07
 9.21450563e+07 9.20385680e+07 9.19792432e+07 9.19081297e+07
 9.18187903e+07 9.17316008e+07 9.16250607e+07 9.14984601e+07
 9.14527749e+07 9.14191090e+07 9.13919204e+07 9.13530849e+07
 9.13363705e+07 9.13046176e+07 9.12771918e+07 9.12309446e+07
 9.11694258e+07 9.11068552e+07 9.10078657e+07 9.09050494e+07
 9.09049157e+07 9.08900004e+07 9.08665598e+07 9.08194240e+07
 9.07711593e+07 9.07297161e+07 9.06827572e+07 9.06210997e+07
 9.05380094e+07 9.04266162e+07 9.02774562e+07 9.00761938e+07
 8.98058753e+07 8.94521781e+07 8.90045762e+07 8.87366979e+07
 8.85648875e+07 8.83012429e+07 8.81170555e+07 8.78979362e+07
 8.76859722e+07 8.73999694e+07 8.71183833e+07 8.67515270e+07
 8.65849138e+07 8.64477482e+07 8.63516445e+07 8.62728149e+07
 8.62045056e+07 8.61303523e+07 8.60502384e+07 8.59969688e+07
 8.59411692e+07 8.58713733e+07 8.58018278e+07 8.57102072e+07
 8.55947224e+07 8.54255202e+07 8.51327326e+07 8.47479655e+07
 8.43458770e+07 8.41669742e+07 8.40614957e+07 8.39752657e+07
 8.38512409e+07 8.37522866e+07 8.36520000e+07 8.35457946e+07
 8.34394287e+07 8.33328786e+07 8.33128104e+07 8.32697511e+07
 8.31851256e+07 8.30162356e+07 8.27082097e+07 8.24300299e+07
 8.22368815e+07 8.21525869e+07 8.20939396e+07 8.20554409e+07
 8.20203772e+07 8.19792661e+07 8.19345954e+07 8.19126527e+07
 8.18823681e+07 8.18495224e+07 8.18043237e+07 8.17495523e+07
 8.16528733e+07 8.14823252e+07 8.13239187e+07 8.12128267e+07
 8.11398004e+07 8.10615678e+07 8.09736861e+07 8.08966541e+07
 8.07919131e+07 8.06697638e+07 8.04919025e+07 8.02590263e+07
 7.99346904e+07 7.95074444e+07 7.89393702e+07 7.82064915e+07
 7.73519014e+07 7.63437887e+07 7.52269948e+07 7.39748555e+07
 7.25944467e+07 7.10104578e+07 6.91574012e+07 6.68547119e+07
 6.38908118e+07 6.07839815e+07 5.79652925e+07 5.53964360e+07
 5.30455967e+07 5.14778014e+07 0.00000000e+00 0.00000000e+00
 0.00000000e+00 0.00000000e+00 0.00000000e+00 0.00000000e+00
 0.00000000e+00 0.00000000e+00 0.00000000e+00 0.00000000e+00
 0.00000000e+00 0.00000000e+00 0.00000000e+00 0.00000000e+00
 0.00000000e+00 0.00000000e+00 0.00000000e+00 0.00000000e+00
 0.00000000e+00 0.00000000e+00 0.00000000e+00 0.00000000e+00
 0.00000000e+00 0.00000000e+00 0.00000000e+00 0.00000000e+00
 0.00000000e+00 0.00000000e+00 0.00000000e+00 0.00000000e+00
 0.00000000e+00 0.00000000e+00 0.00000000e+00 0.00000000e+00
 0.00000000e+00 0.00000000e+00 0.00000000e+00 0.00000000e+00
 0.00000000e+00 0.00000000e+00 0.00000000e+00 0.00000000e+00
 0.00000000e+00 0.00000000e+00 0.00000000e+00 0.00000000e+00
 0.00000000e+00 0.00000000e+00 0.00000000e+00 0.00000000e+00
 0.00000000e+00 0.00000000e+00 0.00000000e+00 0.00000000e+00
 0.00000000e+00 0.00000000e+00 0.00000000e+00 0.00000000e+00
 0.00000000e+00 0.00000000e+00 0.00000000e+00 0.00000000e+00
 0.00000000e+00 0.00000000e+00 0.00000000e+00 0.00000000e+00
 0.00000000e+00 0.00000000e+00 0.00000000e+00 0.00000000e+00
 0.00000000e+00 0.00000000e+00 0.00000000e+00 0.00000000e+00
 0.00000000e+00 0.00000000e+00 0.00000000e+00 0.00000000e+00
 0.00000000e+00 0.00000000e+00 0.00000000e+00 0.00000000e+00
 0.00000000e+00 0.00000000e+00 0.00000000e+00 0.00000000e+00
 0.00000000e+00 0.00000000e+00 0.00000000e+00 0.00000000e+00
 0.00000000e+00 0.00000000e+00 0.00000000e+00 0.00000000e+00
 0.00000000e+00 0.00000000e+00 0.00000000e+00 0.00000000e+00
 0.00000000e+00 0.00000000e+00 0.00000000e+00 0.00000000e+00
 0.00000000e+00 0.00000000e+00 0.00000000e+00 0.00000000e+00
 0.00000000e+00 0.00000000e+00 0.00000000e+00 0.00000000e+00
 0.00000000e+00 0.00000000e+00 0.00000000e+00 0.00000000e+00
 0.00000000e+00 0.00000000e+00 0.00000000e+00 0.00000000e+00
 0.00000000e+00 0.00000000e+00 0.00000000e+00 0.00000000e+00
 0.00000000e+00 0.00000000e+00 0.00000000e+00 0.00000000e+00
 0.00000000e+00 0.00000000e+00 0.00000000e+00 0.00000000e+00
 0.00000000e+00 0.00000000e+00 0.00000000e+00 0.00000000e+00
 0.00000000e+00 0.00000000e+00 0.00000000e+00 0.00000000e+00
 0.00000000e+00 0.00000000e+00 0.00000000e+00 0.00000000e+00
 0.00000000e+00 0.00000000e+00 0.00000000e+00 0.00000000e+00
 0.00000000e+00 0.00000000e+00 0.00000000e+00 0.00000000e+00
 0.00000000e+00 0.00000000e+00 0.00000000e+00 0.00000000e+00
 0.00000000e+00 0.00000000e+00 0.00000000e+00 0.00000000e+00
 0.00000000e+00 0.00000000e+00 0.00000000e+00 0.00000000e+00
 0.00000000e+00 0.00000000e+00 0.00000000e+00 0.00000000e+00
 0.00000000e+00 0.00000000e+00 0.00000000e+00 0.00000000e+00
 0.00000000e+00 0.00000000e+00 0.00000000e+00 0.00000000e+00
 0.00000000e+00 0.00000000e+00 0.00000000e+00 0.00000000e+00
 0.00000000e+00 0.00000000e+00 0.00000000e+00 0.00000000e+00
 0.00000000e+00 0.00000000e+00 0.00000000e+00 0.00000000e+00
 0.00000000e+00 0.00000000e+00 0.00000000e+00 0.00000000e+00
 0.00000000e+00 0.00000000e+00 0.00000000e+00 0.00000000e+00
 0.00000000e+00 0.00000000e+00 0.00000000e+00 0.00000000e+00
 0.00000000e+00 0.00000000e+00 0.00000000e+00 0.00000000e+00
 0.00000000e+00 0.00000000e+00 0.00000000e+00 0.00000000e+00
 0.00000000e+00 0.00000000e+00 0.00000000e+00 0.00000000e+00
 0.00000000e+00 0.00000000e+00 0.00000000e+00 0.00000000e+00
 0.00000000e+00 0.00000000e+00 0.00000000e+00 0.00000000e+00
 0.00000000e+00 0.00000000e+00 0.00000000e+00 0.00000000e+00
 0.00000000e+00 0.00000000e+00 0.00000000e+00 0.00000000e+00
 0.00000000e+00 0.00000000e+00 0.00000000e+00 0.00000000e+00
 0.00000000e+00 0.00000000e+00 0.00000000e+00 0.00000000e+00
 0.00000000e+00 0.00000000e+00 0.00000000e+00 0.00000000e+00
 0.00000000e+00 0.00000000e+00 0.00000000e+00 0.00000000e+00
 0.00000000e+00 0.00000000e+00 0.00000000e+00 0.00000000e+00
 0.00000000e+00 0.00000000e+00 0.00000000e+00 0.00000000e+00
 0.00000000e+00 0.00000000e+00 0.00000000e+00 0.00000000e+00
 0.00000000e+00 0.00000000e+00 0.00000000e+00 0.00000000e+00
 0.00000000e+00 0.00000000e+00 0.00000000e+00 0.00000000e+00
 0.00000000e+00 0.00000000e+00 0.00000000e+00 0.00000000e+00
 0.00000000e+00 0.00000000e+00 0.00000000e+00 0.00000000e+00
 0.00000000e+00 0.00000000e+00 0.00000000e+00 0.00000000e+00
 0.00000000e+00 0.00000000e+00]
norm_dvd: [0. 0. 0. 0. 0. 0. 0. 0. 0. 0. 0. 0. 0. 0. 0. 0. 0. 0. 0. 0. 0. 0. 0. 0.
 0. 0. 0. 0. 0. 0. 0. 0. 0. 0. 0. 0. 0. 0. 0. 0. 0. 0. 0. 0. 0. 0. 0. 0.
 0. 0. 0. 0. 0. 0. 0. 0. 0. 0. 0. 0. 0. 0. 0. 0. 0. 0. 0. 0. 0. 0. 0. 0.
 0. 0. 0. 0. 0. 0. 0. 0. 0. 0. 0. 0. 0. 0. 0. 0. 0. 0. 0. 0. 0. 0. 0. 0.
 0. 0. 0. 0. 0. 0. 0. 0. 0. 0. 0. 0. 0. 0. 0. 0. 0. 0. 0. 0. 0. 0. 0. 0.
 0. 0. 0. 0. 0. 0. 0. 0. 0. 0. 0. 0. 0. 0. 0. 0. 0. 0. 0. 0. 0. 0. 0. 0.
 0. 0. 0. 0. 0. 0. 0. 0. 0. 0. 0. 0. 0. 0. 0. 0. 0. 0. 0. 0. 0. 0. 0. 0.
 0. 0. 0. 0. 0. 0. 0. 0. 0. 0. 0. 0. 0. 0. 0. 0. 0. 0. 0. 0. 0. 0. 0. 0.
 0. 0. 0. 0. 0. 0. 0. 0. 0. 0. 0. 0. 0. 0. 0. 0. 0. 0. 0. 0. 0. 0. 0. 0.
 0. 0. 0. 0. 0. 0. 0. 0. 0. 0. 0. 0. 0. 0. 0. 0. 0. 0. 0. 0. 0. 0. 0. 0.
 0. 0. 0. 0. 0. 0. 0. 0. 0. 0. 0. 0. 0. 0. 0. 0. 0. 0. 0. 0. 0. 0. 0. 0.
 0. 0. 0. 0. 0. 0. 0. 0. 0. 0. 0. 0. 0. 0. 0. 0. 0. 0. 0. 0. 0. 0. 0. 0.
 0. 0. 0. 0. 0. 0. 0. 0. 0. 0. 0. 0. 0. 0. 0. 0. 0. 0. 0. 0. 0. 0. 0. 0.
 0. 0. 0. 0. 0. 0. 0. 0. 0. 0. 0. 0. 0. 0. 0. 0. 0. 0. 0. 0. 0. 0. 0. 0.
 0. 0. 0. 0. 0. 0. 0. 0. 0. 0. 0. 0. 0. 0. 0. 0. 0. 0. 0. 0. 0. 0. 0. 0.
 0. 0. 0. 0. 0. 0. 0. 0. 0. 0. 0. 0. 0. 0. 0. 0. 0. 0. 0. 0. 0. 0. 0. 0.
 0. 0. 0. 0. 0. 0. 0. 0. 0. 0. 0. 0. 0. 0. 0. 0. 0. 0. 0. 0. 0. 0. 0. 0.
 0. 0. 0. 0. 0. 0. 0. 0. 0. 0. 0. 0. 0. 0. 0. 0. 0. 0. 0. 0. 0. 0. 0. 0.
 0. 0. 0. 0. 0. 0. 0. 0. 0. 0. 0. 0. 0. 0. 0. 0. 0. 0. 0. 0. 0. 0. 0. 0.
 0. 0. 0. 0. 0. 0. 0. 0. 0. 0. 0. 0. 0. 0. 0. 0. 0. 0. 0. 0. 0. 0. 0. 0.
 0. 0. 0. 0. 0. 0. 0. 0. 0. 0. 0. 0. 0. 0. 0. 0. 0. 0. 0. 0. 0. 0. 0. 0.
 0. 0. 0. 0. 0. 0. 0. 0. 0. 0. 0. 0. 0. 0. 0. 0. 0. 0. 0. 0. 0. 0. 0. 0.
 0. 0. 0. 0. 0. 0. 0. 0. 0. 0. 0. 0. 0. 0. 0. 0. 0. 0. 0. 0. 0. 0. 0. 0.
 0. 0.]
norm_did: [6.57538627e+03 6.18859898e+03 6.96217418e+03 7.39731090e+03
 7.89129886e+03 8.53367679e+03 9.28273155e+03 9.64159599e+03
 1.02324118e+04 1.06790048e+04 1.09793968e+04 1.14729580e+04
 1.19701077e+04 1.27544180e+04 1.38022909e+04 1.48259737e+04
 1.50432251e+04 1.57763854e+04 1.58400371e+04 1.62686814e+04
 1.65341526e+04 1.64527113e+04 1.68648041e+04 1.71337873e+04
 1.68793776e+04 1.75507710e+04 1.71664694e+04 1.72909810e+04
 1.78724837e+04 1.78459530e+04 1.78459586e+04 1.62702081e+04
 1.62702076e+04 1.83039842e+04 1.83039962e+04 1.83039848e+04
 1.80497697e+04 1.86853240e+04 1.89086409e+04 1.92707883e+04
 1.94707284e+04 1.96531639e+04 2.00733030e+04 2.03940576e+04
 2.09132694e+04 2.15135997e+04 2.22842790e+04 2.32584991e+04
 2.42673806e+04 2.56367226e+04 2.64167991e+04 2.73814057e+04
 2.82097200e+04 2.88374598e+04 2.97744807e+04 3.05919192e+04
 3.18239358e+04 3.33986297e+04 3.53414296e+04 3.76602800e+04
 3.93234060e+04 4.09787090e+04 4.24384454e+04 4.42283303e+04
 4.54999006e+04 4.66580017e+04 4.77823154e+04 5.82282575e+04
 4.34660536e+04 4.92243720e+04 5.01942868e+04 5.20134860e+04
 5.40052839e+04 5.68715765e+04 6.07790461e+04 6.80430289e+04
 7.94438816e+04 9.40755513e+04 1.11357760e+05 1.19383422e+05
 1.30331804e+05 1.38249115e+05 1.46164104e+05 1.52348228e+05
 1.61400657e+05 1.70950716e+05 1.82962381e+05 1.96938174e+05
 2.18282884e+05 2.31135399e+05 2.39219747e+05 2.50052488e+05
 2.53841522e+05 2.57897968e+05 2.60123741e+05 2.61810296e+05
 2.63813448e+05 2.64938533e+05 2.67214395e+05 2.67976053e+05
 2.69846967e+05 2.70712425e+05 2.72978533e+05 2.75440394e+05
 2.79623506e+05 2.87836236e+05 2.97836280e+05 3.06521985e+05
 3.12707591e+05 3.19386242e+05 3.25922790e+05 3.32591815e+05
 3.39655103e+05 3.49486356e+05 3.62371238e+05 3.79085555e+05
 3.99903681e+05 4.23866643e+05 4.53709434e+05 4.91442395e+05
 5.44315349e+05 6.22056605e+05 7.45117218e+05 9.41817825e+05
 1.27254715e+06 1.87576715e+06 3.16193924e+06 5.98887184e+06
 1.36574187e+07 3.96237886e+07 1.66949447e+08 8.77562224e+08
 1.25628461e+10 5.30495943e+09 3.58557977e+09 2.94488149e+09
 1.81047291e+09 1.36394096e+09 1.23372469e+09 9.11234100e+08
 9.11448030e+08 9.10405277e+08 9.07249252e+08 8.97384467e+08
 8.91121102e+08 8.79189493e+08 8.67975305e+08 8.49643370e+08
 8.44199413e+08 8.40119020e+08 8.37060096e+08 8.31864925e+08
 8.27797173e+08 8.24526656e+08 8.20504667e+08 8.16748639e+08
 8.12360264e+08 8.06944220e+08 8.01027394e+08 7.97839742e+08
 7.94422433e+08 7.89668259e+08 7.87691135e+08 7.85461323e+08
 7.82118780e+08 7.79346765e+08 7.75846922e+08 7.69805169e+08
 7.67994293e+08 7.66700314e+08 7.65898556e+08 7.64269515e+08
 7.63682359e+08 7.62692391e+08 7.61928656e+08 7.60559407e+08
 7.58437056e+08 7.56790509e+08 7.53294588e+08 7.48911939e+08
 7.47923969e+08 7.47954303e+08 7.47439413e+08 7.45883565e+08
 7.44095482e+08 7.42706804e+08 7.41296004e+08 7.39525346e+08
 7.37075650e+08 7.33820185e+08 7.29485804e+08 7.23638076e+08
 7.15648377e+08 7.05059640e+08 6.87801870e+08 6.77856729e+08
 6.73544964e+08 6.64172437e+08 6.58833213e+08 6.51933881e+08
 6.46293767e+08 6.37523987e+08 6.30014892e+08 6.17017652e+08
 6.11860124e+08 6.07511890e+08 6.04563953e+08 6.02220508e+08
 6.00363570e+08 5.98328468e+08 5.95769104e+08 5.94335592e+08
 5.92910499e+08 5.90994750e+08 5.89237225e+08 5.86963840e+08
 5.84288832e+08 5.80822258e+08 5.73710474e+08 5.63589718e+08
 5.51190931e+08 5.45998045e+08 5.43160433e+08 5.41319670e+08
 5.37989669e+08 5.35543606e+08 5.33103319e+08 5.30500976e+08
 5.27893907e+08 5.24819832e+08 5.24227995e+08 5.23606487e+08
 5.22207557e+08 5.19207483e+08 5.11661684e+08 5.04577358e+08
 4.99354974e+08 4.97290501e+08 4.95783224e+08 4.94916163e+08
 4.94165308e+08 4.93252395e+08 4.92123309e+08 4.91684373e+08
 4.91009678e+08 4.90363338e+08 4.89421926e+08 4.88494064e+08
 4.86846995e+08 4.83024465e+08 4.79267909e+08 4.76616196e+08
 4.75084184e+08 4.73485652e+08 4.71545015e+08 4.70080329e+08
 4.67990897e+08 4.65780778e+08 4.62425425e+08 4.58188323e+08
 4.52221540e+08 4.44541383e+08 4.34462075e+08 4.21417136e+08
 4.06929046e+08 3.90366460e+08 3.73167193e+08 3.55034637e+08
 3.36706447e+08 3.17421850e+08 2.97245910e+08 2.74892368e+08
 2.47181024e+08 2.20423155e+08 1.98804975e+08 1.80915119e+08
 1.64766812e+08 1.55443725e+08 2.83872274e+08 0.00000000e+00
 0.00000000e+00 0.00000000e+00 0.00000000e+00 0.00000000e+00
 0.00000000e+00 0.00000000e+00 0.00000000e+00 0.00000000e+00
 0.00000000e+00 0.00000000e+00 0.00000000e+00 0.00000000e+00
 0.00000000e+00 0.00000000e+00 0.00000000e+00 0.00000000e+00
 0.00000000e+00 0.00000000e+00 0.00000000e+00 0.00000000e+00
 0.00000000e+00 0.00000000e+00 0.00000000e+00 0.00000000e+00
 0.00000000e+00 0.00000000e+00 0.00000000e+00 0.00000000e+00
 0.00000000e+00 0.00000000e+00 0.00000000e+00 0.00000000e+00
 0.00000000e+00 0.00000000e+00 0.00000000e+00 0.00000000e+00
 0.00000000e+00 0.00000000e+00 0.00000000e+00 0.00000000e+00
 0.00000000e+00 0.00000000e+00 0.00000000e+00 0.00000000e+00
 0.00000000e+00 0.00000000e+00 0.00000000e+00 0.00000000e+00
 0.00000000e+00 0.00000000e+00 0.00000000e+00 0.00000000e+00
 0.00000000e+00 0.00000000e+00 0.00000000e+00 0.00000000e+00
 0.00000000e+00 0.00000000e+00 0.00000000e+00 0.00000000e+00
 0.00000000e+00 0.00000000e+00 0.00000000e+00 0.00000000e+00
 0.00000000e+00 0.00000000e+00 0.00000000e+00 0.00000000e+00
 0.00000000e+00 0.00000000e+00 0.00000000e+00 0.00000000e+00
 0.00000000e+00 0.00000000e+00 0.00000000e+00 0.00000000e+00
 0.00000000e+00 0.00000000e+00 0.00000000e+00 0.00000000e+00
 0.00000000e+00 0.00000000e+00 0.00000000e+00 0.00000000e+00
 0.00000000e+00 0.00000000e+00 0.00000000e+00 0.00000000e+00
 0.00000000e+00 0.00000000e+00 0.00000000e+00 0.00000000e+00
 0.00000000e+00 0.00000000e+00 0.00000000e+00 0.00000000e+00
 0.00000000e+00 0.00000000e+00 0.00000000e+00 0.00000000e+00
 0.00000000e+00 0.00000000e+00 0.00000000e+00 0.00000000e+00
 0.00000000e+00 0.00000000e+00 0.00000000e+00 0.00000000e+00
 0.00000000e+00 0.00000000e+00 0.00000000e+00 0.00000000e+00
 0.00000000e+00 0.00000000e+00 0.00000000e+00 0.00000000e+00
 0.00000000e+00 0.00000000e+00 0.00000000e+00 0.00000000e+00
 0.00000000e+00 0.00000000e+00 0.00000000e+00 0.00000000e+00
 0.00000000e+00 0.00000000e+00 0.00000000e+00 0.00000000e+00
 0.00000000e+00 0.00000000e+00 0.00000000e+00 0.00000000e+00
 0.00000000e+00 0.00000000e+00 0.00000000e+00 0.00000000e+00
 0.00000000e+00 0.00000000e+00 0.00000000e+00 0.00000000e+00
 0.00000000e+00 0.00000000e+00 0.00000000e+00 0.00000000e+00
 0.00000000e+00 0.00000000e+00 0.00000000e+00 0.00000000e+00
 0.00000000e+00 0.00000000e+00 0.00000000e+00 0.00000000e+00
 0.00000000e+00 0.00000000e+00 0.00000000e+00 0.00000000e+00
 0.00000000e+00 0.00000000e+00 0.00000000e+00 0.00000000e+00
 0.00000000e+00 0.00000000e+00 0.00000000e+00 0.00000000e+00
 0.00000000e+00 0.00000000e+00 0.00000000e+00 0.00000000e+00
 0.00000000e+00 0.00000000e+00 0.00000000e+00 0.00000000e+00
 0.00000000e+00 0.00000000e+00 0.00000000e+00 0.00000000e+00
 0.00000000e+00 0.00000000e+00 0.00000000e+00 0.00000000e+00
 0.00000000e+00 0.00000000e+00 0.00000000e+00 0.00000000e+00
 0.00000000e+00 0.00000000e+00 0.00000000e+00 0.00000000e+00
 0.00000000e+00 0.00000000e+00 0.00000000e+00 0.00000000e+00
 0.00000000e+00 0.00000000e+00 0.00000000e+00 0.00000000e+00
 0.00000000e+00 0.00000000e+00 0.00000000e+00 0.00000000e+00
 0.00000000e+00 0.00000000e+00 0.00000000e+00 0.00000000e+00
 0.00000000e+00 0.00000000e+00 0.00000000e+00 0.00000000e+00
 0.00000000e+00 0.00000000e+00 0.00000000e+00 0.00000000e+00
 0.00000000e+00 0.00000000e+00 0.00000000e+00 0.00000000e+00
 0.00000000e+00 0.00000000e+00 0.00000000e+00 0.00000000e+00
 0.00000000e+00 0.00000000e+00 0.00000000e+00 0.00000000e+00
 0.00000000e+00 0.00000000e+00 0.00000000e+00 0.00000000e+00
 0.00000000e+00 0.00000000e+00 0.00000000e+00 0.00000000e+00
 0.00000000e+00 0.00000000e+00 0.00000000e+00 0.00000000e+00
 0.00000000e+00 0.00000000e+00 0.00000000e+00 0.00000000e+00
 0.00000000e+00 0.00000000e+00 0.00000000e+00 0.00000000e+00
 0.00000000e+00 0.00000000e+00 0.00000000e+00 0.00000000e+00
 0.00000000e+00 0.00000000e+00 0.00000000e+00 0.00000000e+00
 0.00000000e+00 0.00000000e+00 0.00000000e+00 0.00000000e+00
 0.00000000e+00 0.00000000e+00 0.00000000e+00 0.00000000e+00
 0.00000000e+00 0.00000000e+00 0.00000000e+00 0.00000000e+00
 0.00000000e+00 0.00000000e+00 0.00000000e+00 0.00000000e+00
 0.00000000e+00 0.00000000e+00 0.00000000e+00 0.00000000e+00
 0.00000000e+00 0.00000000e+00]
[WARNING]: Quasi-static verification failed
[WARNING]: Max normalized derivatives: dVg/dt=2.50e+11, dVd/dt=0.00e+00, dId/dt=1.26e+10

  ngspice: ✓ PASS  (135.8s)

✓ Benchmark completed: /home/duhaochen/website-trial-v1/data/spice-model-benchmark/bbf01fc285ae1fd32569f1b8cc7ed75e/ngspice
