$ /usr/bin/time -v -o /home/duhaochen/website-trial-v1/data/spice-model-benchmark/1eb6c1898a497d6ea3b60dd1ed94a9a3/ngspice/resource.txt /usr/bin/python -m spice_model_benchmark.cli /home/duhaochen/pipeline_full_collection/benchmark-inputs/1eb6c1898a497d6ea3b60dd1ed94a9a3/ngspice.lib --simulator ngspice --modes dc transient ac noise --output-dir /home/duhaochen/website-trial-v1/data/spice-model-benchmark/1eb6c1898a497d6ea3b60dd1ed94a9a3 --dpi 120 --log-level WARNING
/home/duhaochen/spice_model_benchmark/src/spice_model_benchmark/verification_manager.py:1557: RuntimeWarning: divide by zero encountered in divide
  tc = np.mean((d_ids / d_temp) / np.abs(i_ds[:-1]))
SPICE Model Benchmark: /home/duhaochen/pipeline_full_collection/benchmark-inputs/1eb6c1898a497d6ea3b60dd1ed94a9a3/ngspice.lib
Simulators: ngspice
Modes: dc, transient, ac, noise
------------------------------------------------------------

============================================================
  Running: NGSPICE
  Output:  /home/duhaochen/website-trial-v1/data/spice-model-benchmark/1eb6c1898a497d6ea3b60dd1ed94a9a3/ngspice
============================================================
Vgs range: -1.200V to 0.000V
Ids range: 0.000e+00A to 2.077e-04A
Selected Vgs values: [-1.2 -1.  -0.8 -0.6 -0.4 -0.2  0. ]
Vgs=-1.200V: Ids range 0.000e+00A to 2.077e-04A
Vgs=-1.000V: Ids range 0.000e+00A to 8.969e-05A
Vgs=-0.800V: Ids range 0.000e+00A to 1.473e-05A
Vgs=-0.600V: Ids range 0.000e+00A to 2.116e-07A
Vgs=-0.400V: Ids range 0.000e+00A to 1.832e-09A
Vgs=-0.200V: Ids range 0.000e+00A to 1.181e-11A
Vgs=0.000V: Ids range 1.001e-16A to 1.591e-13A
ids_variation: 7.026402044745783
ids_variation <= max_variation: False
tc: inf
abs(tc) <= max_tc: False
[WARNING]: Temperature effects verification failed - effects outside expected range
/home/duhaochen/spice_model_benchmark/src/spice_model_benchmark/verification_manager.py:1817: RuntimeWarning: divide by zero encountered in log
  log_ids = np.log(np.abs(i_ds))
/home/duhaochen/.local/lib/python3.9/site-packages/numpy/lib/function_base.py:2742: RuntimeWarning: invalid value encountered in subtract
  X -= avg[:, None]
/home/duhaochen/spice_model_benchmark/src/spice_model_benchmark/verification_manager.py:1862: RuntimeWarning: divide by zero encountered in divide
  efficiency = np.abs(gm / i_ds)  # Transconductance efficiency
[INFO]: S-parameter analysis plot saved to /home/duhaochen/website-trial-v1/data/spice-model-benchmark/1eb6c1898a497d6ea3b60dd1ed94a9a3/ngspice/plots/ac_cv_sparameter_analysis.png
[INFO]: NQS effects plot saved to /home/duhaochen/website-trial-v1/data/spice-model-benchmark/1eb6c1898a497d6ea3b60dd1ed94a9a3/ngspice/plots/ac_cv_nqs_effects.png
[INFO]: S-parameter analysis plot saved to /home/duhaochen/website-trial-v1/data/spice-model-benchmark/1eb6c1898a497d6ea3b60dd1ed94a9a3/ngspice/plots/ac_cv_sparameter_analysis.png
norm_dvg: [2.50000000e+11 1.25000000e+11 6.25000000e+10 3.12500000e+10
 1.56250000e+10 7.81249997e+09 4.74411030e+09 4.35011367e+09
 3.92789566e+09 3.77393114e+09 3.62401795e+09 3.43690813e+09
 3.28184552e+09 3.18561006e+09 3.07332640e+09 2.96254337e+09
 2.84771829e+09 2.73673619e+09 2.61982857e+09 2.48961080e+09
 2.46080785e+09 2.43493330e+09 2.41619440e+09 2.39456068e+09
 2.36830231e+09 2.34215419e+09 2.32031459e+09 2.30684198e+09
 2.29663128e+09 2.28549732e+09 2.27139091e+09 2.25372908e+09
 2.23954256e+09 2.22353560e+09 2.20591778e+09 2.19418161e+09
 2.17997599e+09 2.16675703e+09 2.15387098e+09 2.14005886e+09
 2.12344492e+09 2.10662451e+09 2.08454572e+09 2.05806060e+09
 2.02861471e+09 2.00000109e+09 1.99509656e+09 1.98536548e+09
 1.96939840e+09 1.93822415e+09 1.87874587e+09 1.80170178e+09
 1.71888526e+09 1.63235322e+09 1.58176092e+09 1.52134145e+09
 1.46877235e+09 1.41105172e+09 1.35133724e+09 1.25888282e+09
 1.12485337e+09 9.99999039e+08 9.96542830e+08 9.89697583e+08
 9.76286764e+08 9.50526662e+08 9.02880288e+08 8.20611880e+08
 6.94118725e+08 5.30554281e+08 3.72464270e+08 2.86958762e+08
 2.33381962e+08 1.96663746e+08 1.69928695e+08 1.49592630e+08
 1.33603724e+08 1.20702664e+08 1.10073713e+08 1.02119900e+08
 9.52386035e+07 9.52102823e+07 9.51528020e+07 9.50402650e+07
 9.48151054e+07 9.43678768e+07 9.39286433e+07 9.37163280e+07
 9.35660570e+07 9.34558402e+07 9.33565352e+07 9.32440042e+07
 9.31278236e+07 9.30406702e+07 9.29323405e+07 9.28110911e+07
 9.26556716e+07 9.24686905e+07 9.23217984e+07 9.21789314e+07
 9.20322952e+07 9.18700186e+07 9.17156360e+07 9.16779797e+07
 9.16407205e+07 9.16111789e+07 9.15715027e+07 9.15295570e+07
 9.14865279e+07 9.14672306e+07 9.14429835e+07 9.14324495e+07
 9.14048078e+07 9.13786310e+07 9.13495218e+07 9.13197902e+07
 9.12968633e+07 9.12772143e+07 9.12492878e+07 9.12289598e+07
 9.12000436e+07 9.11762876e+07 9.11439647e+07 9.11074451e+07
 9.10595957e+07 9.09957365e+07 9.09079092e+07 9.09002680e+07
 9.08758359e+07 9.08352709e+07 9.07503468e+07 9.05818549e+07
 9.02463582e+07 8.95829962e+07 8.84966722e+07 8.81230188e+07
 8.78632171e+07 8.76837158e+07 8.75089982e+07 8.72880096e+07
 8.70821651e+07 8.69340166e+07 8.67280998e+07 8.65108597e+07
 8.62043938e+07 8.57786761e+07 8.50825671e+07 8.41988661e+07
 8.33335890e+07 8.32957572e+07 8.32201326e+07 8.30700891e+07
 8.27713990e+07 8.21801430e+07 8.10228093e+07 7.88032054e+07
 7.58547609e+07 7.29247470e+07 7.01502325e+07 6.70464444e+07
 6.36333334e+07 6.05508869e+07 5.77532796e+07 5.52027669e+07
 5.28679991e+07 5.13940191e+07 0.00000000e+00 0.00000000e+00
 0.00000000e+00 0.00000000e+00 0.00000000e+00 0.00000000e+00
 0.00000000e+00 0.00000000e+00 0.00000000e+00 0.00000000e+00
 0.00000000e+00 0.00000000e+00 0.00000000e+00 0.00000000e+00
 0.00000000e+00 0.00000000e+00 0.00000000e+00 0.00000000e+00
 0.00000000e+00 0.00000000e+00 0.00000000e+00 0.00000000e+00
 0.00000000e+00 0.00000000e+00 0.00000000e+00 0.00000000e+00
 0.00000000e+00 0.00000000e+00 0.00000000e+00 0.00000000e+00
 0.00000000e+00 0.00000000e+00 0.00000000e+00 0.00000000e+00
 0.00000000e+00 0.00000000e+00 0.00000000e+00 0.00000000e+00
 0.00000000e+00 0.00000000e+00 0.00000000e+00 0.00000000e+00
 0.00000000e+00 0.00000000e+00 0.00000000e+00 0.00000000e+00
 0.00000000e+00 0.00000000e+00 0.00000000e+00 0.00000000e+00
 0.00000000e+00 0.00000000e+00 0.00000000e+00 0.00000000e+00
 0.00000000e+00 0.00000000e+00 0.00000000e+00 0.00000000e+00
 0.00000000e+00 0.00000000e+00 0.00000000e+00 0.00000000e+00
 0.00000000e+00 0.00000000e+00 0.00000000e+00 0.00000000e+00
 0.00000000e+00 0.00000000e+00 0.00000000e+00 0.00000000e+00
 0.00000000e+00 0.00000000e+00 0.00000000e+00 0.00000000e+00
 0.00000000e+00 0.00000000e+00 0.00000000e+00 0.00000000e+00
 0.00000000e+00 0.00000000e+00 0.00000000e+00 0.00000000e+00
 0.00000000e+00 0.00000000e+00 0.00000000e+00 0.00000000e+00
 0.00000000e+00 0.00000000e+00 0.00000000e+00 0.00000000e+00
 0.00000000e+00 0.00000000e+00 0.00000000e+00 0.00000000e+00
 0.00000000e+00 0.00000000e+00 0.00000000e+00 0.00000000e+00
 0.00000000e+00 0.00000000e+00 0.00000000e+00 0.00000000e+00
 0.00000000e+00 0.00000000e+00 0.00000000e+00 0.00000000e+00
 0.00000000e+00 0.00000000e+00 0.00000000e+00 0.00000000e+00
 0.00000000e+00 0.00000000e+00 0.00000000e+00 0.00000000e+00
 0.00000000e+00 0.00000000e+00 0.00000000e+00 0.00000000e+00
 0.00000000e+00 0.00000000e+00 0.00000000e+00 0.00000000e+00
 0.00000000e+00 0.00000000e+00 0.00000000e+00 0.00000000e+00
 0.00000000e+00 0.00000000e+00 0.00000000e+00 0.00000000e+00
 0.00000000e+00 0.00000000e+00 0.00000000e+00 0.00000000e+00
 0.00000000e+00 0.00000000e+00 0.00000000e+00 0.00000000e+00
 0.00000000e+00 0.00000000e+00 0.00000000e+00 0.00000000e+00
 0.00000000e+00 0.00000000e+00 0.00000000e+00 0.00000000e+00
 0.00000000e+00 0.00000000e+00 0.00000000e+00 0.00000000e+00
 0.00000000e+00 0.00000000e+00 0.00000000e+00 0.00000000e+00
 0.00000000e+00 0.00000000e+00 0.00000000e+00 0.00000000e+00
 0.00000000e+00 0.00000000e+00 0.00000000e+00 0.00000000e+00
 0.00000000e+00 0.00000000e+00]
norm_dvd: [0. 0. 0. 0. 0. 0. 0. 0. 0. 0. 0. 0. 0. 0. 0. 0. 0. 0. 0. 0. 0. 0. 0. 0.
 0. 0. 0. 0. 0. 0. 0. 0. 0. 0. 0. 0. 0. 0. 0. 0. 0. 0. 0. 0. 0. 0. 0. 0.
 0. 0. 0. 0. 0. 0. 0. 0. 0. 0. 0. 0. 0. 0. 0. 0. 0. 0. 0. 0. 0. 0. 0. 0.
 0. 0. 0. 0. 0. 0. 0. 0. 0. 0. 0. 0. 0. 0. 0. 0. 0. 0. 0. 0. 0. 0. 0. 0.
 0. 0. 0. 0. 0. 0. 0. 0. 0. 0. 0. 0. 0. 0. 0. 0. 0. 0. 0. 0. 0. 0. 0. 0.
 0. 0. 0. 0. 0. 0. 0. 0. 0. 0. 0. 0. 0. 0. 0. 0. 0. 0. 0. 0. 0. 0. 0. 0.
 0. 0. 0. 0. 0. 0. 0. 0. 0. 0. 0. 0. 0. 0. 0. 0. 0. 0. 0. 0. 0. 0. 0. 0.
 0. 0. 0. 0. 0. 0. 0. 0. 0. 0. 0. 0. 0. 0. 0. 0. 0. 0. 0. 0. 0. 0. 0. 0.
 0. 0. 0. 0. 0. 0. 0. 0. 0. 0. 0. 0. 0. 0. 0. 0. 0. 0. 0. 0. 0. 0. 0. 0.
 0. 0. 0. 0. 0. 0. 0. 0. 0. 0. 0. 0. 0. 0. 0. 0. 0. 0. 0. 0. 0. 0. 0. 0.
 0. 0. 0. 0. 0. 0. 0. 0. 0. 0. 0. 0. 0. 0. 0. 0. 0. 0. 0. 0. 0. 0. 0. 0.
 0. 0. 0. 0. 0. 0. 0. 0. 0. 0. 0. 0. 0. 0. 0. 0. 0. 0. 0. 0. 0. 0. 0. 0.
 0. 0. 0. 0. 0. 0. 0. 0. 0. 0. 0. 0. 0. 0. 0. 0. 0. 0. 0. 0. 0. 0. 0. 0.
 0. 0. 0. 0. 0. 0. 0. 0. 0. 0. 0. 0. 0. 0. 0. 0. 0. 0.]
norm_did: [0.00000000e+00 0.00000000e+00 0.00000000e+00 0.00000000e+00
 0.00000000e+00 0.00000000e+00 0.00000000e+00 0.00000000e+00
 0.00000000e+00 8.31381231e+02 0.00000000e+00 0.00000000e+00
 0.00000000e+00 0.00000000e+00 0.00000000e+00 0.00000000e+00
 0.00000000e+00 0.00000000e+00 0.00000000e+00 0.00000000e+00
 0.00000000e+00 0.00000000e+00 0.00000000e+00 0.00000000e+00
 0.00000000e+00 0.00000000e+00 0.00000000e+00 0.00000000e+00
 0.00000000e+00 0.00000000e+00 0.00000000e+00 0.00000000e+00
 0.00000000e+00 0.00000000e+00 0.00000000e+00 0.00000000e+00
 0.00000000e+00 0.00000000e+00 0.00000000e+00 0.00000000e+00
 0.00000000e+00 0.00000000e+00 0.00000000e+00 0.00000000e+00
 0.00000000e+00 0.00000000e+00 0.00000000e+00 0.00000000e+00
 0.00000000e+00 0.00000000e+00 0.00000000e+00 0.00000000e+00
 0.00000000e+00 0.00000000e+00 0.00000000e+00 0.00000000e+00
 0.00000000e+00 0.00000000e+00 0.00000000e+00 0.00000000e+00
 0.00000000e+00 0.00000000e+00 0.00000000e+00 6.56565494e+02
 0.00000000e+00 0.00000000e+00 0.00000000e+00 4.10353443e+01
 8.20706869e+01 2.39211868e+02 1.27579639e+03 7.31303968e+03
 4.07568581e+04 2.27618150e+05 1.27196054e+06 7.09851588e+06
 3.88868389e+07 1.93567297e+08 7.52426796e+08 1.81669770e+09
 1.13914670e+11 1.86022557e+09 1.36257426e+09 1.36204675e+09
 1.35873391e+09 1.34800717e+09 1.36114461e+09 1.31338028e+09
 1.28559304e+09 1.26915105e+09 1.25705865e+09 1.24683706e+09
 1.23918077e+09 1.22641344e+09 1.21495445e+09 1.20167269e+09
 1.18465817e+09 1.16834795e+09 1.14842708e+09 1.12829098e+09
 1.10767854e+09 1.08657280e+09 1.09021024e+09 1.06176544e+09
 1.05407872e+09 1.04868303e+09 1.04291257e+09 1.03688261e+09
 1.03256390e+09 1.02855455e+09 1.02482864e+09 1.02178863e+09
 1.01797926e+09 1.01401203e+09 1.00957733e+09 1.00540708e+09
 1.00186174e+09 9.98066892e+08 9.94129301e+08 9.90424231e+08
 9.86281603e+08 9.81687230e+08 9.76425276e+08 9.69946237e+08
 9.61348734e+08 9.49670335e+08 9.57417326e+07 1.36773630e+09
 9.31170780e+08 9.21714574e+08 9.02270585e+08 8.61413866e+08
 7.71714959e+08 5.83550200e+08 3.82377303e+08 2.80846647e+08
 2.17511058e+08 1.66117809e+08 1.05584531e+08 3.30652162e+07
 3.21788281e+07 9.11795227e+07 1.71696028e+08 2.74535710e+08
 4.31782796e+08 7.02517894e+08 1.19649884e+09 2.05953152e+09
 5.62317956e+09 3.03809579e+09 3.63823032e+09 4.22734122e+09
 5.87203796e+09 1.49331615e+10 1.32400788e+10 3.51403117e+09
 1.75752221e+09 1.11734542e+09 8.06545500e+08 5.95888971e+08
 4.48531958e+08 3.61563665e+08 3.04335514e+08 2.63487386e+08
 2.30217842e+08 2.13406608e+08 4.58866345e+09 0.00000000e+00
 0.00000000e+00 0.00000000e+00 0.00000000e+00 0.00000000e+00
 0.00000000e+00 0.00000000e+00 0.00000000e+00 0.00000000e+00
 0.00000000e+00 0.00000000e+00 0.00000000e+00 0.00000000e+00
 0.00000000e+00 0.00000000e+00 0.00000000e+00 0.00000000e+00
 0.00000000e+00 0.00000000e+00 0.00000000e+00 0.00000000e+00
 0.00000000e+00 0.00000000e+00 0.00000000e+00 0.00000000e+00
 0.00000000e+00 0.00000000e+00 0.00000000e+00 0.00000000e+00
 0.00000000e+00 0.00000000e+00 0.00000000e+00 0.00000000e+00
 0.00000000e+00 0.00000000e+00 0.00000000e+00 0.00000000e+00
 0.00000000e+00 0.00000000e+00 0.00000000e+00 0.00000000e+00
 0.00000000e+00 0.00000000e+00 0.00000000e+00 0.00000000e+00
 0.00000000e+00 0.00000000e+00 0.00000000e+00 0.00000000e+00
 0.00000000e+00 0.00000000e+00 0.00000000e+00 0.00000000e+00
 0.00000000e+00 0.00000000e+00 0.00000000e+00 0.00000000e+00
 0.00000000e+00 0.00000000e+00 0.00000000e+00 0.00000000e+00
 0.00000000e+00 0.00000000e+00 0.00000000e+00 0.00000000e+00
 0.00000000e+00 0.00000000e+00 0.00000000e+00 0.00000000e+00
 0.00000000e+00 0.00000000e+00 0.00000000e+00 0.00000000e+00
 0.00000000e+00 0.00000000e+00 0.00000000e+00 0.00000000e+00
 0.00000000e+00 0.00000000e+00 0.00000000e+00 0.00000000e+00
 0.00000000e+00 0.00000000e+00 0.00000000e+00 0.00000000e+00
 0.00000000e+00 0.00000000e+00 0.00000000e+00 0.00000000e+00
 0.00000000e+00 0.00000000e+00 0.00000000e+00 0.00000000e+00
 0.00000000e+00 0.00000000e+00 0.00000000e+00 0.00000000e+00
 0.00000000e+00 0.00000000e+00 0.00000000e+00 0.00000000e+00
 0.00000000e+00 0.00000000e+00 0.00000000e+00 0.00000000e+00
 0.00000000e+00 0.00000000e+00 0.00000000e+00 0.00000000e+00
 0.00000000e+00 0.00000000e+00 0.00000000e+00 0.00000000e+00
 0.00000000e+00 0.00000000e+00 0.00000000e+00 0.00000000e+00
 0.00000000e+00 0.00000000e+00 0.00000000e+00 0.00000000e+00
 0.00000000e+00 0.00000000e+00 0.00000000e+00 0.00000000e+00
 0.00000000e+00 0.00000000e+00 0.00000000e+00 0.00000000e+00
 0.00000000e+00 0.00000000e+00 0.00000000e+00 0.00000000e+00
 0.00000000e+00 0.00000000e+00 0.00000000e+00 0.00000000e+00
 0.00000000e+00 0.00000000e+00 0.00000000e+00 0.00000000e+00
 0.00000000e+00 0.00000000e+00 0.00000000e+00 0.00000000e+00
 0.00000000e+00 0.00000000e+00 0.00000000e+00 0.00000000e+00
 0.00000000e+00 0.00000000e+00 0.00000000e+00 0.00000000e+00
 0.00000000e+00 0.00000000e+00 0.00000000e+00 0.00000000e+00
 0.00000000e+00 0.00000000e+00 0.00000000e+00 0.00000000e+00
 0.00000000e+00 0.00000000e+00]
[WARNING]: Quasi-static verification failed
[WARNING]: Max normalized derivatives: dVg/dt=2.50e+11, dVd/dt=0.00e+00, dId/dt=1.14e+11

  ngspice: ✓ PASS  (59.5s)

✓ Benchmark completed: /home/duhaochen/website-trial-v1/data/spice-model-benchmark/1eb6c1898a497d6ea3b60dd1ed94a9a3/ngspice
