
6. Printing statistics.

=== adder_top ===

        +----------Local Count, excluding submodules.
        |        +-Local Area, excluding submodules.
        |        | 
       41        - wires
       62        - wire bits
        5        - public wires
       26        - public wire bits
        5        - ports
       26        - port bits
       45  134.689 cells
        2    4.693   AND2X1
        7   19.711   AOI21X1
        7    9.855   INVX1
        4    7.509   NAND2X1
        6   14.079   NOR2X1
        1    2.816   NOR3X1
        2    5.632   OAI21X1
        2    4.693   OR2X1
        9   42.237   XNOR2X1
        5   23.465   XOR2X1

   Chip area for module '\adder_top': 134.689100
     of which used for sequential elements: 0.000000 (0.00%)

