OpenSTA 3.1.0 543361765b Copyright (c) 2026, Parallax Software, Inc.
License GPLv3: GNU GPL version 3 <http://gnu.org/licenses/gpl.html>

This is free software, and you are free to change and redistribute it
under certain conditions; type `show_copying' for details. 
This program comes with ABSOLUTELY NO WARRANTY; for details type `show_warranty'.
Startpoint: cin (input port clocked by vclk)
Endpoint: sum[7] (output port clocked by vclk)
Path Group: vclk
Path Type: max

        Cap        Slew       Delay        Time   Description
---------------------------------------------------------------------------------------
               0.000000    0.000000    0.000000   clock vclk (rise edge)
                           0.000000    0.000000   clock network delay (ideal)
                           0.000000    0.000000 v input external delay
   0.006018    0.050000    0.000000    0.000000 v cin (in)
               0.050000    0.000000    0.000000 v _45_/B (OR2X1)
   0.004623    0.017130    0.057750    0.057750 v _45_/Y (OR2X1)
               0.017130    0.000000    0.057750 v _47_/B (AOI21X1)
   0.007954    0.054966    0.050438    0.108187 ^ _47_/Y (AOI21X1)
               0.054966    0.000000    0.108187 ^ _49_/B (XNOR2X1)
   0.008390    0.067890    0.073375    0.181562 ^ _49_/Y (XNOR2X1)
               0.067890    0.000000    0.181562 ^ _50_/B (AOI21X1)
   0.007301    0.028698    0.046910    0.228472 v _50_/Y (AOI21X1)
               0.028698    0.000000    0.228472 v _52_/B (XNOR2X1)
   0.008390    0.067902    0.070683    0.299155 ^ _52_/Y (XNOR2X1)
               0.067902    0.000000    0.299155 ^ _53_/B (AOI21X1)
   0.007301    0.028698    0.046913    0.346068 v _53_/Y (AOI21X1)
               0.028698    0.000000    0.346068 v _55_/B (XNOR2X1)
   0.008390    0.067902    0.070683    0.416751 ^ _55_/Y (XNOR2X1)
               0.067902    0.000000    0.416751 ^ _56_/B (AOI21X1)
   0.006489    0.026692    0.045518    0.462270 v _56_/Y (AOI21X1)
               0.026692    0.000000    0.462270 v _59_/B (NAND2X1)
   0.004752    0.045844    0.025834    0.488103 ^ _59_/Y (NAND2X1)
               0.045844    0.000000    0.488103 ^ _61_/B (AOI21X1)
   0.007301    0.028999    0.041607    0.529710 v _61_/Y (AOI21X1)
               0.028999    0.000000    0.529710 v _63_/B (XNOR2X1)
   0.008390    0.067895    0.070714    0.600424 ^ _63_/Y (XNOR2X1)
               0.067895    0.000000    0.600424 ^ _64_/B (AOI21X1)
   0.007301    0.028698    0.046911    0.647335 v _64_/Y (AOI21X1)
               0.028698    0.000000    0.647335 v _66_/B (XNOR2X1)
   0.010733    0.079168    0.078297    0.725632 ^ _66_/Y (XNOR2X1)
               0.079168    0.000000    0.725632 ^ _68_/B (AOI21X1)
   0.005004    0.022862    0.045678    0.771311 v _68_/Y (AOI21X1)
               0.022862    0.000000    0.771311 v _71_/B (XNOR2X1)
   0.005589    0.054575    0.060984    0.832294 ^ _71_/Y (XNOR2X1)
               0.054575    0.000000    0.832294 ^ _77_/B (XNOR2X1)
   0.010000    0.075730    0.078571    0.910866 ^ _77_/Y (XNOR2X1)
               0.075730    0.000000    0.910866 ^ sum[7] (out)
                                       0.910866   data arrival time

               0.000000  100.000000  100.000000   clock vclk (rise edge)
                           0.000000  100.000000   clock network delay (ideal)
                           0.000000  100.000000   clock reconvergence pessimism
                           0.000000  100.000000   output external delay
                                     100.000000   data required time
---------------------------------------------------------------------------------------
                                     100.000000   data required time
                                      -0.910866   data arrival time
---------------------------------------------------------------------------------------
                                      99.089134   slack (MET)


Startpoint: cin (input port clocked by vclk)
Endpoint: cout (output port clocked by vclk)
Path Group: vclk
Path Type: max

        Cap        Slew       Delay        Time   Description
---------------------------------------------------------------------------------------
               0.000000    0.000000    0.000000   clock vclk (rise edge)
                           0.000000    0.000000   clock network delay (ideal)
                           0.000000    0.000000 v input external delay
   0.006018    0.050000    0.000000    0.000000 v cin (in)
               0.050000    0.000000    0.000000 v _45_/B (OR2X1)
   0.004623    0.017130    0.057750    0.057750 v _45_/Y (OR2X1)
               0.017130    0.000000    0.057750 v _47_/B (AOI21X1)
   0.007954    0.054966    0.050438    0.108187 ^ _47_/Y (AOI21X1)
               0.054966    0.000000    0.108187 ^ _49_/B (XNOR2X1)
   0.008390    0.067890    0.073375    0.181562 ^ _49_/Y (XNOR2X1)
               0.067890    0.000000    0.181562 ^ _50_/B (AOI21X1)
   0.007301    0.028698    0.046910    0.228472 v _50_/Y (AOI21X1)
               0.028698    0.000000    0.228472 v _52_/B (XNOR2X1)
   0.008390    0.067902    0.070683    0.299155 ^ _52_/Y (XNOR2X1)
               0.067902    0.000000    0.299155 ^ _53_/B (AOI21X1)
   0.007301    0.028698    0.046913    0.346068 v _53_/Y (AOI21X1)
               0.028698    0.000000    0.346068 v _55_/B (XNOR2X1)
   0.008390    0.067902    0.070683    0.416751 ^ _55_/Y (XNOR2X1)
               0.067902    0.000000    0.416751 ^ _56_/B (AOI21X1)
   0.006489    0.026692    0.045518    0.462270 v _56_/Y (AOI21X1)
               0.026692    0.000000    0.462270 v _59_/B (NAND2X1)
   0.004752    0.045844    0.025834    0.488103 ^ _59_/Y (NAND2X1)
               0.045844    0.000000    0.488103 ^ _61_/B (AOI21X1)
   0.007301    0.028999    0.041607    0.529710 v _61_/Y (AOI21X1)
               0.028999    0.000000    0.529710 v _63_/B (XNOR2X1)
   0.008390    0.067895    0.070714    0.600424 ^ _63_/Y (XNOR2X1)
               0.067895    0.000000    0.600424 ^ _64_/B (AOI21X1)
   0.007301    0.028698    0.046911    0.647335 v _64_/Y (AOI21X1)
               0.028698    0.000000    0.647335 v _66_/B (XNOR2X1)
   0.010733    0.079168    0.078297    0.725632 ^ _66_/Y (XNOR2X1)
               0.079168    0.000000    0.725632 ^ _67_/B (AND2X1)
   0.006120    0.044223    0.049618    0.775250 ^ _67_/Y (AND2X1)
               0.044223    0.000000    0.775250 ^ _70_/C (NOR3X1)
   0.002632    0.028436    0.029353    0.804603 v _70_/Y (NOR3X1)
               0.028436    0.000000    0.804603 v _72_/B (OAI21X1)
   0.010000    0.077673    0.068747    0.873349 ^ _72_/Y (OAI21X1)
               0.077673    0.000000    0.873349 ^ cout (out)
                                       0.873349   data arrival time

               0.000000  100.000000  100.000000   clock vclk (rise edge)
                           0.000000  100.000000   clock network delay (ideal)
                           0.000000  100.000000   clock reconvergence pessimism
                           0.000000  100.000000   output external delay
                                     100.000000   data required time
---------------------------------------------------------------------------------------
                                     100.000000   data required time
                                      -0.873349   data arrival time
---------------------------------------------------------------------------------------
                                      99.126648   slack (MET)


Startpoint: cin (input port clocked by vclk)
Endpoint: sum[6] (output port clocked by vclk)
Path Group: vclk
Path Type: max

        Cap        Slew       Delay        Time   Description
---------------------------------------------------------------------------------------
               0.000000    0.000000    0.000000   clock vclk (rise edge)
                           0.000000    0.000000   clock network delay (ideal)
                           0.000000    0.000000 v input external delay
   0.006018    0.050000    0.000000    0.000000 v cin (in)
               0.050000    0.000000    0.000000 v _45_/B (OR2X1)
   0.004623    0.017130    0.057750    0.057750 v _45_/Y (OR2X1)
               0.017130    0.000000    0.057750 v _47_/B (AOI21X1)
   0.007954    0.054966    0.050438    0.108187 ^ _47_/Y (AOI21X1)
               0.054966    0.000000    0.108187 ^ _49_/B (XNOR2X1)
   0.008390    0.067890    0.073375    0.181562 ^ _49_/Y (XNOR2X1)
               0.067890    0.000000    0.181562 ^ _50_/B (AOI21X1)
   0.007301    0.028698    0.046910    0.228472 v _50_/Y (AOI21X1)
               0.028698    0.000000    0.228472 v _52_/B (XNOR2X1)
   0.008390    0.067902    0.070683    0.299155 ^ _52_/Y (XNOR2X1)
               0.067902    0.000000    0.299155 ^ _53_/B (AOI21X1)
   0.007301    0.028698    0.046913    0.346068 v _53_/Y (AOI21X1)
               0.028698    0.000000    0.346068 v _55_/B (XNOR2X1)
   0.008390    0.067902    0.070683    0.416751 ^ _55_/Y (XNOR2X1)
               0.067902    0.000000    0.416751 ^ _56_/B (AOI21X1)
   0.006489    0.026692    0.045518    0.462270 v _56_/Y (AOI21X1)
               0.026692    0.000000    0.462270 v _59_/B (NAND2X1)
   0.004752    0.045844    0.025834    0.488103 ^ _59_/Y (NAND2X1)
               0.045844    0.000000    0.488103 ^ _61_/B (AOI21X1)
   0.007301    0.028999    0.041607    0.529710 v _61_/Y (AOI21X1)
               0.028999    0.000000    0.529710 v _63_/B (XNOR2X1)
   0.008390    0.067895    0.070714    0.600424 ^ _63_/Y (XNOR2X1)
               0.067895    0.000000    0.600424 ^ _64_/B (AOI21X1)
   0.007301    0.028698    0.046911    0.647335 v _64_/Y (AOI21X1)
               0.028698    0.000000    0.647335 v _66_/B (XNOR2X1)
   0.010733    0.079168    0.078297    0.725632 ^ _66_/Y (XNOR2X1)
               0.079168    0.000000    0.725632 ^ _73_/B (XOR2X1)
   0.010000    0.078949    0.080910    0.806543 ^ _73_/Y (XOR2X1)
               0.078949    0.000000    0.806543 ^ sum[6] (out)
                                       0.806543   data arrival time

               0.000000  100.000000  100.000000   clock vclk (rise edge)
                           0.000000  100.000000   clock network delay (ideal)
                           0.000000  100.000000   clock reconvergence pessimism
                           0.000000  100.000000   output external delay
                                     100.000000   data required time
---------------------------------------------------------------------------------------
                                     100.000000   data required time
                                      -0.806543   data arrival time
---------------------------------------------------------------------------------------
                                      99.193451   slack (MET)


Startpoint: cin (input port clocked by vclk)
Endpoint: sum[5] (output port clocked by vclk)
Path Group: vclk
Path Type: max

        Cap        Slew       Delay        Time   Description
---------------------------------------------------------------------------------------
               0.000000    0.000000    0.000000   clock vclk (rise edge)
                           0.000000    0.000000   clock network delay (ideal)
                           0.000000    0.000000 v input external delay
   0.006018    0.050000    0.000000    0.000000 v cin (in)
               0.050000    0.000000    0.000000 v _45_/B (OR2X1)
   0.004623    0.017130    0.057750    0.057750 v _45_/Y (OR2X1)
               0.017130    0.000000    0.057750 v _47_/B (AOI21X1)
   0.007954    0.054966    0.050438    0.108187 ^ _47_/Y (AOI21X1)
               0.054966    0.000000    0.108187 ^ _49_/B (XNOR2X1)
   0.008390    0.067890    0.073375    0.181562 ^ _49_/Y (XNOR2X1)
               0.067890    0.000000    0.181562 ^ _50_/B (AOI21X1)
   0.007301    0.028698    0.046910    0.228472 v _50_/Y (AOI21X1)
               0.028698    0.000000    0.228472 v _52_/B (XNOR2X1)
   0.008390    0.067902    0.070683    0.299155 ^ _52_/Y (XNOR2X1)
               0.067902    0.000000    0.299155 ^ _53_/B (AOI21X1)
   0.007301    0.028698    0.046913    0.346068 v _53_/Y (AOI21X1)
               0.028698    0.000000    0.346068 v _55_/B (XNOR2X1)
   0.008390    0.067902    0.070683    0.416751 ^ _55_/Y (XNOR2X1)
               0.067902    0.000000    0.416751 ^ _56_/B (AOI21X1)
   0.006489    0.026692    0.045518    0.462270 v _56_/Y (AOI21X1)
               0.026692    0.000000    0.462270 v _59_/B (NAND2X1)
   0.004752    0.045844    0.025834    0.488103 ^ _59_/Y (NAND2X1)
               0.045844    0.000000    0.488103 ^ _61_/B (AOI21X1)
   0.007301    0.028999    0.041607    0.529710 v _61_/Y (AOI21X1)
               0.028999    0.000000    0.529710 v _63_/B (XNOR2X1)
   0.008390    0.067895    0.070714    0.600424 ^ _63_/Y (XNOR2X1)
               0.067895    0.000000    0.600424 ^ _79_/B (XOR2X1)
   0.010000    0.079128    0.079825    0.680249 ^ _79_/Y (XOR2X1)
               0.079128    0.000000    0.680249 ^ sum[5] (out)
                                       0.680249   data arrival time

               0.000000  100.000000  100.000000   clock vclk (rise edge)
                           0.000000  100.000000   clock network delay (ideal)
                           0.000000  100.000000   clock reconvergence pessimism
                           0.000000  100.000000   output external delay
                                     100.000000   data required time
---------------------------------------------------------------------------------------
                                     100.000000   data required time
                                      -0.680249   data arrival time
---------------------------------------------------------------------------------------
                                      99.319748   slack (MET)


Startpoint: cin (input port clocked by vclk)
Endpoint: sum[4] (output port clocked by vclk)
Path Group: vclk
Path Type: max

        Cap        Slew       Delay        Time   Description
---------------------------------------------------------------------------------------
               0.000000    0.000000    0.000000   clock vclk (rise edge)
                           0.000000    0.000000   clock network delay (ideal)
                           0.000000    0.000000 v input external delay
   0.006018    0.050000    0.000000    0.000000 v cin (in)
               0.050000    0.000000    0.000000 v _45_/B (OR2X1)
   0.004623    0.017130    0.057750    0.057750 v _45_/Y (OR2X1)
               0.017130    0.000000    0.057750 v _47_/B (AOI21X1)
   0.007954    0.054966    0.050438    0.108187 ^ _47_/Y (AOI21X1)
               0.054966    0.000000    0.108187 ^ _49_/B (XNOR2X1)
   0.008390    0.067890    0.073375    0.181562 ^ _49_/Y (XNOR2X1)
               0.067890    0.000000    0.181562 ^ _50_/B (AOI21X1)
   0.007301    0.028698    0.046910    0.228472 v _50_/Y (AOI21X1)
               0.028698    0.000000    0.228472 v _52_/B (XNOR2X1)
   0.008390    0.067902    0.070683    0.299155 ^ _52_/Y (XNOR2X1)
               0.067902    0.000000    0.299155 ^ _53_/B (AOI21X1)
   0.007301    0.028698    0.046913    0.346068 v _53_/Y (AOI21X1)
               0.028698    0.000000    0.346068 v _55_/B (XNOR2X1)
   0.008390    0.067902    0.070683    0.416751 ^ _55_/Y (XNOR2X1)
               0.067902    0.000000    0.416751 ^ _56_/B (AOI21X1)
   0.006489    0.026692    0.045518    0.462270 v _56_/Y (AOI21X1)
               0.026692    0.000000    0.462270 v _58_/B (OR2X1)
   0.001884    0.010951    0.049587    0.511857 v _58_/Y (OR2X1)
               0.010951    0.000000    0.511857 v _60_/A (NAND2X1)
   0.005589    0.049956    0.036937    0.548795 ^ _60_/Y (NAND2X1)
               0.049956    0.000000    0.548795 ^ _74_/B (XNOR2X1)
   0.010000    0.075712    0.078097    0.626892 ^ _74_/Y (XNOR2X1)
               0.075712    0.000000    0.626892 ^ sum[4] (out)
                                       0.626892   data arrival time

               0.000000  100.000000  100.000000   clock vclk (rise edge)
                           0.000000  100.000000   clock network delay (ideal)
                           0.000000  100.000000   clock reconvergence pessimism
                           0.000000  100.000000   output external delay
                                     100.000000   data required time
---------------------------------------------------------------------------------------
                                     100.000000   data required time
                                      -0.626892   data arrival time
---------------------------------------------------------------------------------------
                                      99.373108   slack (MET)


Startpoint: cin (input port clocked by vclk)
Endpoint: sum[3] (output port clocked by vclk)
Path Group: vclk
Path Type: max

        Cap        Slew       Delay        Time   Description
---------------------------------------------------------------------------------------
               0.000000    0.000000    0.000000   clock vclk (rise edge)
                           0.000000    0.000000   clock network delay (ideal)
                           0.000000    0.000000 v input external delay
   0.006018    0.050000    0.000000    0.000000 v cin (in)
               0.050000    0.000000    0.000000 v _45_/B (OR2X1)
   0.004623    0.017130    0.057750    0.057750 v _45_/Y (OR2X1)
               0.017130    0.000000    0.057750 v _47_/B (AOI21X1)
   0.007954    0.054966    0.050438    0.108187 ^ _47_/Y (AOI21X1)
               0.054966    0.000000    0.108187 ^ _49_/B (XNOR2X1)
   0.008390    0.067890    0.073375    0.181562 ^ _49_/Y (XNOR2X1)
               0.067890    0.000000    0.181562 ^ _50_/B (AOI21X1)
   0.007301    0.028698    0.046910    0.228472 v _50_/Y (AOI21X1)
               0.028698    0.000000    0.228472 v _52_/B (XNOR2X1)
   0.008390    0.067902    0.070683    0.299155 ^ _52_/Y (XNOR2X1)
               0.067902    0.000000    0.299155 ^ _53_/B (AOI21X1)
   0.007301    0.028698    0.046913    0.346068 v _53_/Y (AOI21X1)
               0.028698    0.000000    0.346068 v _55_/B (XNOR2X1)
   0.008390    0.067902    0.070683    0.416751 ^ _55_/Y (XNOR2X1)
               0.067902    0.000000    0.416751 ^ _75_/B (XOR2X1)
   0.010000    0.079128    0.079826    0.496577 ^ _75_/Y (XOR2X1)
               0.079128    0.000000    0.496577 ^ sum[3] (out)
                                       0.496577   data arrival time

               0.000000  100.000000  100.000000   clock vclk (rise edge)
                           0.000000  100.000000   clock network delay (ideal)
                           0.000000  100.000000   clock reconvergence pessimism
                           0.000000  100.000000   output external delay
                                     100.000000   data required time
---------------------------------------------------------------------------------------
                                     100.000000   data required time
                                      -0.496577   data arrival time
---------------------------------------------------------------------------------------
                                      99.503418   slack (MET)


Startpoint: cin (input port clocked by vclk)
Endpoint: sum[2] (output port clocked by vclk)
Path Group: vclk
Path Type: max

        Cap        Slew       Delay        Time   Description
---------------------------------------------------------------------------------------
               0.000000    0.000000    0.000000   clock vclk (rise edge)
                           0.000000    0.000000   clock network delay (ideal)
                           0.000000    0.000000 v input external delay
   0.006018    0.050000    0.000000    0.000000 v cin (in)
               0.050000    0.000000    0.000000 v _45_/B (OR2X1)
   0.004623    0.017130    0.057750    0.057750 v _45_/Y (OR2X1)
               0.017130    0.000000    0.057750 v _47_/B (AOI21X1)
   0.007954    0.054966    0.050438    0.108187 ^ _47_/Y (AOI21X1)
               0.054966    0.000000    0.108187 ^ _49_/B (XNOR2X1)
   0.008390    0.067890    0.073375    0.181562 ^ _49_/Y (XNOR2X1)
               0.067890    0.000000    0.181562 ^ _50_/B (AOI21X1)
   0.007301    0.028698    0.046910    0.228472 v _50_/Y (AOI21X1)
               0.028698    0.000000    0.228472 v _52_/B (XNOR2X1)
   0.008390    0.067902    0.070683    0.299155 ^ _52_/Y (XNOR2X1)
               0.067902    0.000000    0.299155 ^ _78_/B (XOR2X1)
   0.010000    0.079128    0.079825    0.378981 ^ _78_/Y (XOR2X1)
               0.079128    0.000000    0.378981 ^ sum[2] (out)
                                       0.378981   data arrival time

               0.000000  100.000000  100.000000   clock vclk (rise edge)
                           0.000000  100.000000   clock network delay (ideal)
                           0.000000  100.000000   clock reconvergence pessimism
                           0.000000  100.000000   output external delay
                                     100.000000   data required time
---------------------------------------------------------------------------------------
                                     100.000000   data required time
                                      -0.378981   data arrival time
---------------------------------------------------------------------------------------
                                      99.621017   slack (MET)


Startpoint: cin (input port clocked by vclk)
Endpoint: sum[1] (output port clocked by vclk)
Path Group: vclk
Path Type: max

        Cap        Slew       Delay        Time   Description
---------------------------------------------------------------------------------------
               0.000000    0.000000    0.000000   clock vclk (rise edge)
                           0.000000    0.000000   clock network delay (ideal)
                           0.000000    0.000000 v input external delay
   0.006018    0.050000    0.000000    0.000000 v cin (in)
               0.050000    0.000000    0.000000 v _45_/B (OR2X1)
   0.004623    0.017130    0.057750    0.057750 v _45_/Y (OR2X1)
               0.017130    0.000000    0.057750 v _47_/B (AOI21X1)
   0.007954    0.054966    0.050438    0.108187 ^ _47_/Y (AOI21X1)
               0.054966    0.000000    0.108187 ^ _49_/B (XNOR2X1)
   0.008390    0.067890    0.073375    0.181562 ^ _49_/Y (XNOR2X1)
               0.067890    0.000000    0.181562 ^ _80_/B (XOR2X1)
   0.010000    0.079128    0.079824    0.261387 ^ _80_/Y (XOR2X1)
               0.079128    0.000000    0.261387 ^ sum[1] (out)
                                       0.261387   data arrival time

               0.000000  100.000000  100.000000   clock vclk (rise edge)
                           0.000000  100.000000   clock network delay (ideal)
                           0.000000  100.000000   clock reconvergence pessimism
                           0.000000  100.000000   output external delay
                                     100.000000   data required time
---------------------------------------------------------------------------------------
                                     100.000000   data required time
                                      -0.261387   data arrival time
---------------------------------------------------------------------------------------
                                      99.738609   slack (MET)


Startpoint: cin (input port clocked by vclk)
Endpoint: sum[0] (output port clocked by vclk)
Path Group: vclk
Path Type: max

        Cap        Slew       Delay        Time   Description
---------------------------------------------------------------------------------------
               0.000000    0.000000    0.000000   clock vclk (rise edge)
                           0.000000    0.000000   clock network delay (ideal)
                           0.000000    0.000000 v input external delay
   0.006018    0.050000    0.000000    0.000000 v cin (in)
               0.050000    0.000000    0.000000 v _45_/B (OR2X1)
   0.004623    0.017130    0.057750    0.057750 v _45_/Y (OR2X1)
               0.017130    0.000000    0.057750 v _46_/B (NAND2X1)
   0.005589    0.050454    0.025353    0.083103 ^ _46_/Y (NAND2X1)
               0.050454    0.000000    0.083103 ^ _76_/B (XNOR2X1)
   0.010000    0.075676    0.078148    0.161251 ^ _76_/Y (XNOR2X1)
               0.075676    0.000000    0.161251 ^ sum[0] (out)
                                       0.161251   data arrival time

               0.000000  100.000000  100.000000   clock vclk (rise edge)
                           0.000000  100.000000   clock network delay (ideal)
                           0.000000  100.000000   clock reconvergence pessimism
                           0.000000  100.000000   output external delay
                                     100.000000   data required time
---------------------------------------------------------------------------------------
                                     100.000000   data required time
                                      -0.161251   data arrival time
---------------------------------------------------------------------------------------
                                      99.838745   slack (MET)


