
 /----------------------------------------------------------------------------\
 |  yosys -- Yosys Open SYnthesis Suite                                       |
 |  Copyright (C) 2012 - 2026  Claire Xenia Wolf <claire@yosyshq.com>         |
 |  Distributed under an ISC-like license, type "license" to see terms        |
 \----------------------------------------------------------------------------/
 Yosys 0.64+72 (git sha1 22ef99218, clang++ 20.1.8 -fPIC -O3)

-- Executing script file `/home/duhaochen/website-trial-v1/data/digital-technologies/32a353950dd59f618dfcbd4725b2abb3/results/adders/ripple_carry_adder/w8/synthesis.ys' --

1. Executing Verilog-2005 frontend: /home/duhaochen/website-trial-v1/data/digital-technologies/32a353950dd59f618dfcbd4725b2abb3/results/adders/ripple_carry_adder/w8/rtl.v
Parsing Verilog input from `/home/duhaochen/website-trial-v1/data/digital-technologies/32a353950dd59f618dfcbd4725b2abb3/results/adders/ripple_carry_adder/w8/rtl.v' to AST representation.
Generating RTLIL representation for module `\adder_top'.
Successfully finished Verilog frontend.

2. Executing HIERARCHY pass (managing design hierarchy).

2.1. Analyzing design hierarchy..
Top module:  \adder_top

2.2. Analyzing design hierarchy..
Top module:  \adder_top
Removed 0 unused modules.

3. Executing SYNTH pass.

3.1. Executing HIERARCHY pass (managing design hierarchy).

3.1.1. Analyzing design hierarchy..
Top module:  \adder_top

3.1.2. Analyzing design hierarchy..
Top module:  \adder_top
Removed 0 unused modules.

3.2. Executing PROC pass (convert processes to netlists).

3.2.1. Executing PROC_CLEAN pass (remove empty switches from decision trees).
Cleaned up 0 empty switches.

3.2.2. Executing PROC_RMDEAD pass (remove dead branches from decision trees).
Removed a total of 0 dead cases.

3.2.3. Executing PROC_PRUNE pass (remove redundant assignments in processes).
Removed 0 redundant assignments.
Promoted 0 assignments to connections.

3.2.4. Executing PROC_INIT pass (extract init attributes).

3.2.5. Executing PROC_ARST pass (detect async resets in processes).

3.2.6. Executing PROC_ROM pass (convert switches to ROMs).
Converted 0 switches.

3.2.7. Executing PROC_MUX pass (convert decision trees to multiplexers).

3.2.8. Executing PROC_DLATCH pass (convert process syncs to latches).

3.2.9. Executing PROC_DFF pass (convert process syncs to FFs).

3.2.10. Executing PROC_MEMWR pass (convert process memory writes to cells).

3.2.11. Executing PROC_CLEAN pass (remove empty switches from decision trees).
Cleaned up 0 empty switches.

3.2.12. Executing OPT_EXPR pass (perform const folding).
Optimizing module adder_top.

3.3. Executing OPT_EXPR pass (perform const folding).
Optimizing module adder_top.

3.4. Executing OPT_CLEAN pass (remove unused cells and wires).
Finding unused cells or wires in module \adder_top..
Removed 0 unused cells and 8 unused wires.
<suppressed ~1 debug messages>

3.5. Executing CHECK pass (checking for obvious problems).
Checking module adder_top...
Found and reported 0 problems.

3.6. Executing OPT pass (performing simple optimizations).

3.6.1. Executing OPT_EXPR pass (perform const folding).
Optimizing module adder_top.

3.6.2. Executing OPT_MERGE pass (detect identical cells).
Finding identical cells in module `\adder_top'.
Computing hashes of 16 cells of `\adder_top'.
Finding duplicate cells in `\adder_top'.
Removed a total of 0 cells.

3.6.3. Executing OPT_MUXTREE pass (detect dead branches in mux trees).
Running muxtree optimizer on module \adder_top..
  Creating internal representation of mux trees.
  No muxes found in this module.
Removed 0 multiplexer ports.

3.6.4. Executing OPT_REDUCE pass (consolidate $*mux and $reduce_* inputs).
  Optimizing cells in module \adder_top.
Performed a total of 0 changes.

3.6.5. Executing OPT_MERGE pass (detect identical cells).
Finding identical cells in module `\adder_top'.
Computing hashes of 16 cells of `\adder_top'.
Finding duplicate cells in `\adder_top'.
Removed a total of 0 cells.

3.6.6. Executing OPT_DFF pass (perform DFF optimizations).

3.6.7. Executing OPT_CLEAN pass (remove unused cells and wires).
Finding unused cells or wires in module \adder_top..

3.6.8. Executing OPT_EXPR pass (perform const folding).
Optimizing module adder_top.

3.6.9. Finished fast OPT passes. (There is nothing left to do.)

3.7. Executing FSM pass (extract and optimize FSM).

3.7.1. Executing FSM_DETECT pass (finding FSMs in design).

3.7.2. Executing FSM_EXTRACT pass (extracting FSM from design).

3.7.3. Executing FSM_OPT pass (simple optimizations of FSMs).

3.7.4. Executing OPT_CLEAN pass (remove unused cells and wires).
Finding unused cells or wires in module \adder_top..

3.7.5. Executing FSM_OPT pass (simple optimizations of FSMs).

3.7.6. Executing FSM_RECODE pass (re-assigning FSM state encoding).

3.7.7. Executing FSM_INFO pass (dumping all available information on FSM cells).

3.7.8. Executing FSM_MAP pass (mapping FSMs to basic logic).

3.8. Executing OPT pass (performing simple optimizations).

3.8.1. Executing OPT_EXPR pass (perform const folding).
Optimizing module adder_top.

3.8.2. Executing OPT_MERGE pass (detect identical cells).
Finding identical cells in module `\adder_top'.
Computing hashes of 16 cells of `\adder_top'.
Finding duplicate cells in `\adder_top'.
Removed a total of 0 cells.

3.8.3. Executing OPT_MUXTREE pass (detect dead branches in mux trees).
Running muxtree optimizer on module \adder_top..
  Creating internal representation of mux trees.
  No muxes found in this module.
Removed 0 multiplexer ports.

3.8.4. Executing OPT_REDUCE pass (consolidate $*mux and $reduce_* inputs).
  Optimizing cells in module \adder_top.
Performed a total of 0 changes.

3.8.5. Executing OPT_MERGE pass (detect identical cells).
Finding identical cells in module `\adder_top'.
Computing hashes of 16 cells of `\adder_top'.
Finding duplicate cells in `\adder_top'.
Removed a total of 0 cells.

3.8.6. Executing OPT_DFF pass (perform DFF optimizations).

3.8.7. Executing OPT_CLEAN pass (remove unused cells and wires).
Finding unused cells or wires in module \adder_top..

3.8.8. Executing OPT_EXPR pass (perform const folding).
Optimizing module adder_top.

3.8.9. Finished fast OPT passes. (There is nothing left to do.)

3.9. Executing WREDUCE pass (reducing word size of cells).

3.10. Executing PEEPOPT pass (run peephole optimizers).

3.11. Executing OPT_CLEAN pass (remove unused cells and wires).
Finding unused cells or wires in module \adder_top..

3.12. Executing ALUMACC pass (create $alu and $macc cells).
Extracting $alu and $macc cells in module adder_top:
  creating $macc model for $add$/home/duhaochen/website-trial-v1/data/digital-technologies/32a353950dd59f618dfcbd4725b2abb3/results/adders/ripple_carry_adder/w8/rtl.v:11$16 ($add).
  creating $macc model for $add$/home/duhaochen/website-trial-v1/data/digital-technologies/32a353950dd59f618dfcbd4725b2abb3/results/adders/ripple_carry_adder/w8/rtl.v:11$15 ($add).
  creating $macc model for $add$/home/duhaochen/website-trial-v1/data/digital-technologies/32a353950dd59f618dfcbd4725b2abb3/results/adders/ripple_carry_adder/w8/rtl.v:10$14 ($add).
  creating $macc model for $add$/home/duhaochen/website-trial-v1/data/digital-technologies/32a353950dd59f618dfcbd4725b2abb3/results/adders/ripple_carry_adder/w8/rtl.v:10$13 ($add).
  creating $macc model for $add$/home/duhaochen/website-trial-v1/data/digital-technologies/32a353950dd59f618dfcbd4725b2abb3/results/adders/ripple_carry_adder/w8/rtl.v:9$12 ($add).
  creating $macc model for $add$/home/duhaochen/website-trial-v1/data/digital-technologies/32a353950dd59f618dfcbd4725b2abb3/results/adders/ripple_carry_adder/w8/rtl.v:9$11 ($add).
  creating $macc model for $add$/home/duhaochen/website-trial-v1/data/digital-technologies/32a353950dd59f618dfcbd4725b2abb3/results/adders/ripple_carry_adder/w8/rtl.v:8$10 ($add).
  creating $macc model for $add$/home/duhaochen/website-trial-v1/data/digital-technologies/32a353950dd59f618dfcbd4725b2abb3/results/adders/ripple_carry_adder/w8/rtl.v:8$9 ($add).
  creating $macc model for $add$/home/duhaochen/website-trial-v1/data/digital-technologies/32a353950dd59f618dfcbd4725b2abb3/results/adders/ripple_carry_adder/w8/rtl.v:7$8 ($add).
  creating $macc model for $add$/home/duhaochen/website-trial-v1/data/digital-technologies/32a353950dd59f618dfcbd4725b2abb3/results/adders/ripple_carry_adder/w8/rtl.v:7$7 ($add).
  creating $macc model for $add$/home/duhaochen/website-trial-v1/data/digital-technologies/32a353950dd59f618dfcbd4725b2abb3/results/adders/ripple_carry_adder/w8/rtl.v:6$6 ($add).
  creating $macc model for $add$/home/duhaochen/website-trial-v1/data/digital-technologies/32a353950dd59f618dfcbd4725b2abb3/results/adders/ripple_carry_adder/w8/rtl.v:6$5 ($add).
  creating $macc model for $add$/home/duhaochen/website-trial-v1/data/digital-technologies/32a353950dd59f618dfcbd4725b2abb3/results/adders/ripple_carry_adder/w8/rtl.v:5$4 ($add).
  creating $macc model for $add$/home/duhaochen/website-trial-v1/data/digital-technologies/32a353950dd59f618dfcbd4725b2abb3/results/adders/ripple_carry_adder/w8/rtl.v:5$3 ($add).
  creating $macc model for $add$/home/duhaochen/website-trial-v1/data/digital-technologies/32a353950dd59f618dfcbd4725b2abb3/results/adders/ripple_carry_adder/w8/rtl.v:4$2 ($add).
  creating $macc model for $add$/home/duhaochen/website-trial-v1/data/digital-technologies/32a353950dd59f618dfcbd4725b2abb3/results/adders/ripple_carry_adder/w8/rtl.v:4$1 ($add).
  merging $macc model for $add$/home/duhaochen/website-trial-v1/data/digital-technologies/32a353950dd59f618dfcbd4725b2abb3/results/adders/ripple_carry_adder/w8/rtl.v:4$1 into $add$/home/duhaochen/website-trial-v1/data/digital-technologies/32a353950dd59f618dfcbd4725b2abb3/results/adders/ripple_carry_adder/w8/rtl.v:4$2.
  merging $macc model for $add$/home/duhaochen/website-trial-v1/data/digital-technologies/32a353950dd59f618dfcbd4725b2abb3/results/adders/ripple_carry_adder/w8/rtl.v:5$3 into $add$/home/duhaochen/website-trial-v1/data/digital-technologies/32a353950dd59f618dfcbd4725b2abb3/results/adders/ripple_carry_adder/w8/rtl.v:5$4.
  merging $macc model for $add$/home/duhaochen/website-trial-v1/data/digital-technologies/32a353950dd59f618dfcbd4725b2abb3/results/adders/ripple_carry_adder/w8/rtl.v:6$5 into $add$/home/duhaochen/website-trial-v1/data/digital-technologies/32a353950dd59f618dfcbd4725b2abb3/results/adders/ripple_carry_adder/w8/rtl.v:6$6.
  merging $macc model for $add$/home/duhaochen/website-trial-v1/data/digital-technologies/32a353950dd59f618dfcbd4725b2abb3/results/adders/ripple_carry_adder/w8/rtl.v:7$7 into $add$/home/duhaochen/website-trial-v1/data/digital-technologies/32a353950dd59f618dfcbd4725b2abb3/results/adders/ripple_carry_adder/w8/rtl.v:7$8.
  merging $macc model for $add$/home/duhaochen/website-trial-v1/data/digital-technologies/32a353950dd59f618dfcbd4725b2abb3/results/adders/ripple_carry_adder/w8/rtl.v:8$9 into $add$/home/duhaochen/website-trial-v1/data/digital-technologies/32a353950dd59f618dfcbd4725b2abb3/results/adders/ripple_carry_adder/w8/rtl.v:8$10.
  merging $macc model for $add$/home/duhaochen/website-trial-v1/data/digital-technologies/32a353950dd59f618dfcbd4725b2abb3/results/adders/ripple_carry_adder/w8/rtl.v:9$11 into $add$/home/duhaochen/website-trial-v1/data/digital-technologies/32a353950dd59f618dfcbd4725b2abb3/results/adders/ripple_carry_adder/w8/rtl.v:9$12.
  merging $macc model for $add$/home/duhaochen/website-trial-v1/data/digital-technologies/32a353950dd59f618dfcbd4725b2abb3/results/adders/ripple_carry_adder/w8/rtl.v:10$13 into $add$/home/duhaochen/website-trial-v1/data/digital-technologies/32a353950dd59f618dfcbd4725b2abb3/results/adders/ripple_carry_adder/w8/rtl.v:10$14.
  merging $macc model for $add$/home/duhaochen/website-trial-v1/data/digital-technologies/32a353950dd59f618dfcbd4725b2abb3/results/adders/ripple_carry_adder/w8/rtl.v:11$15 into $add$/home/duhaochen/website-trial-v1/data/digital-technologies/32a353950dd59f618dfcbd4725b2abb3/results/adders/ripple_carry_adder/w8/rtl.v:11$16.
  creating $alu model for $macc $add$/home/duhaochen/website-trial-v1/data/digital-technologies/32a353950dd59f618dfcbd4725b2abb3/results/adders/ripple_carry_adder/w8/rtl.v:5$4.
  creating $alu model for $macc $add$/home/duhaochen/website-trial-v1/data/digital-technologies/32a353950dd59f618dfcbd4725b2abb3/results/adders/ripple_carry_adder/w8/rtl.v:8$10.
  creating $alu model for $macc $add$/home/duhaochen/website-trial-v1/data/digital-technologies/32a353950dd59f618dfcbd4725b2abb3/results/adders/ripple_carry_adder/w8/rtl.v:6$6.
  creating $alu model for $macc $add$/home/duhaochen/website-trial-v1/data/digital-technologies/32a353950dd59f618dfcbd4725b2abb3/results/adders/ripple_carry_adder/w8/rtl.v:9$12.
  creating $alu model for $macc $add$/home/duhaochen/website-trial-v1/data/digital-technologies/32a353950dd59f618dfcbd4725b2abb3/results/adders/ripple_carry_adder/w8/rtl.v:4$2.
  creating $alu model for $macc $add$/home/duhaochen/website-trial-v1/data/digital-technologies/32a353950dd59f618dfcbd4725b2abb3/results/adders/ripple_carry_adder/w8/rtl.v:10$14.
  creating $alu model for $macc $add$/home/duhaochen/website-trial-v1/data/digital-technologies/32a353950dd59f618dfcbd4725b2abb3/results/adders/ripple_carry_adder/w8/rtl.v:7$8.
  creating $alu model for $macc $add$/home/duhaochen/website-trial-v1/data/digital-technologies/32a353950dd59f618dfcbd4725b2abb3/results/adders/ripple_carry_adder/w8/rtl.v:11$16.
  creating $alu cell for $add$/home/duhaochen/website-trial-v1/data/digital-technologies/32a353950dd59f618dfcbd4725b2abb3/results/adders/ripple_carry_adder/w8/rtl.v:11$16: $auto$alumacc.cc:512:replace_alu$17
  creating $alu cell for $add$/home/duhaochen/website-trial-v1/data/digital-technologies/32a353950dd59f618dfcbd4725b2abb3/results/adders/ripple_carry_adder/w8/rtl.v:7$8: $auto$alumacc.cc:512:replace_alu$20
  creating $alu cell for $add$/home/duhaochen/website-trial-v1/data/digital-technologies/32a353950dd59f618dfcbd4725b2abb3/results/adders/ripple_carry_adder/w8/rtl.v:10$14: $auto$alumacc.cc:512:replace_alu$23
  creating $alu cell for $add$/home/duhaochen/website-trial-v1/data/digital-technologies/32a353950dd59f618dfcbd4725b2abb3/results/adders/ripple_carry_adder/w8/rtl.v:4$2: $auto$alumacc.cc:512:replace_alu$26
  creating $alu cell for $add$/home/duhaochen/website-trial-v1/data/digital-technologies/32a353950dd59f618dfcbd4725b2abb3/results/adders/ripple_carry_adder/w8/rtl.v:9$12: $auto$alumacc.cc:512:replace_alu$29
  creating $alu cell for $add$/home/duhaochen/website-trial-v1/data/digital-technologies/32a353950dd59f618dfcbd4725b2abb3/results/adders/ripple_carry_adder/w8/rtl.v:6$6: $auto$alumacc.cc:512:replace_alu$32
  creating $alu cell for $add$/home/duhaochen/website-trial-v1/data/digital-technologies/32a353950dd59f618dfcbd4725b2abb3/results/adders/ripple_carry_adder/w8/rtl.v:8$10: $auto$alumacc.cc:512:replace_alu$35
  creating $alu cell for $add$/home/duhaochen/website-trial-v1/data/digital-technologies/32a353950dd59f618dfcbd4725b2abb3/results/adders/ripple_carry_adder/w8/rtl.v:5$4: $auto$alumacc.cc:512:replace_alu$38
  created 8 $alu and 0 $macc cells.

3.13. Executing SHARE pass (SAT-based resource sharing).

3.14. Executing OPT pass (performing simple optimizations).

3.14.1. Executing OPT_EXPR pass (perform const folding).
Optimizing module adder_top.

3.14.2. Executing OPT_MERGE pass (detect identical cells).
Finding identical cells in module `\adder_top'.
Computing hashes of 16 cells of `\adder_top'.
Finding duplicate cells in `\adder_top'.
Removed a total of 0 cells.

3.14.3. Executing OPT_MUXTREE pass (detect dead branches in mux trees).
Running muxtree optimizer on module \adder_top..
  Creating internal representation of mux trees.
  No muxes found in this module.
Removed 0 multiplexer ports.

3.14.4. Executing OPT_REDUCE pass (consolidate $*mux and $reduce_* inputs).
  Optimizing cells in module \adder_top.
Performed a total of 0 changes.

3.14.5. Executing OPT_MERGE pass (detect identical cells).
Finding identical cells in module `\adder_top'.
Computing hashes of 16 cells of `\adder_top'.
Finding duplicate cells in `\adder_top'.
Removed a total of 0 cells.

3.14.6. Executing OPT_DFF pass (perform DFF optimizations).

3.14.7. Executing OPT_CLEAN pass (remove unused cells and wires).
Finding unused cells or wires in module \adder_top..
Removed 8 unused cells and 8 unused wires.
<suppressed ~9 debug messages>

3.14.8. Executing OPT_EXPR pass (perform const folding).
Optimizing module adder_top.

3.14.9. Rerunning OPT passes. (Maybe there is more to do..)

3.14.10. Executing OPT_MUXTREE pass (detect dead branches in mux trees).
Running muxtree optimizer on module \adder_top..
  Creating internal representation of mux trees.
  No muxes found in this module.
Removed 0 multiplexer ports.

3.14.11. Executing OPT_REDUCE pass (consolidate $*mux and $reduce_* inputs).
  Optimizing cells in module \adder_top.
Performed a total of 0 changes.

3.14.12. Executing OPT_MERGE pass (detect identical cells).
Finding identical cells in module `\adder_top'.
Computing hashes of 8 cells of `\adder_top'.
Finding duplicate cells in `\adder_top'.
Removed a total of 0 cells.

3.14.13. Executing OPT_DFF pass (perform DFF optimizations).

3.14.14. Executing OPT_CLEAN pass (remove unused cells and wires).
Finding unused cells or wires in module \adder_top..

3.14.15. Executing OPT_EXPR pass (perform const folding).
Optimizing module adder_top.

3.14.16. Finished fast OPT passes. (There is nothing left to do.)

3.15. Executing MEMORY pass.

3.15.1. Executing OPT_MEM pass (optimize memories).
Performed a total of 0 transformations.

3.15.2. Executing OPT_MEM_PRIORITY pass (removing unnecessary memory write priority relations).
Performed a total of 0 transformations.

3.15.3. Executing OPT_MEM_FEEDBACK pass (finding memory read-to-write feedback paths).

3.15.4. Executing MEMORY_BMUX2ROM pass (converting muxes to ROMs).

3.15.5. Executing MEMORY_DFF pass (merging $dff cells to $memrd).

3.15.6. Executing OPT_CLEAN pass (remove unused cells and wires).
Finding unused cells or wires in module \adder_top..

3.15.7. Executing MEMORY_SHARE pass (consolidating $memrd/$memwr cells).

3.15.8. Executing OPT_MEM_WIDEN pass (optimize memories where all ports are wide).
Performed a total of 0 transformations.

3.15.9. Executing OPT_CLEAN pass (remove unused cells and wires).
Finding unused cells or wires in module \adder_top..

3.15.10. Executing MEMORY_COLLECT pass (generating $mem cells).

3.16. Executing OPT_CLEAN pass (remove unused cells and wires).
Finding unused cells or wires in module \adder_top..

3.17. Executing OPT pass (performing simple optimizations).

3.17.1. Executing OPT_EXPR pass (perform const folding).
Optimizing module adder_top.

3.17.2. Executing OPT_MERGE pass (detect identical cells).
Finding identical cells in module `\adder_top'.
Computing hashes of 8 cells of `\adder_top'.
Finding duplicate cells in `\adder_top'.
Removed a total of 0 cells.

3.17.3. Executing OPT_DFF pass (perform DFF optimizations).

3.17.4. Executing OPT_CLEAN pass (remove unused cells and wires).
Finding unused cells or wires in module \adder_top..

3.17.5. Finished fast OPT passes.

3.18. Executing MEMORY_MAP pass (converting memories to logic and flip-flops).

3.19. Executing OPT pass (performing simple optimizations).

3.19.1. Executing OPT_EXPR pass (perform const folding).
Optimizing module adder_top.

3.19.2. Executing OPT_MERGE pass (detect identical cells).
Finding identical cells in module `\adder_top'.
Computing hashes of 8 cells of `\adder_top'.
Finding duplicate cells in `\adder_top'.
Removed a total of 0 cells.

3.19.3. Executing OPT_MUXTREE pass (detect dead branches in mux trees).
Running muxtree optimizer on module \adder_top..
  Creating internal representation of mux trees.
  No muxes found in this module.
Removed 0 multiplexer ports.

3.19.4. Executing OPT_REDUCE pass (consolidate $*mux and $reduce_* inputs).
  Optimizing cells in module \adder_top.
Performed a total of 0 changes.

3.19.5. Executing OPT_MERGE pass (detect identical cells).
Finding identical cells in module `\adder_top'.
Computing hashes of 8 cells of `\adder_top'.
Finding duplicate cells in `\adder_top'.
Removed a total of 0 cells.

3.19.6. Executing OPT_SHARE pass.

3.19.7. Executing OPT_DFF pass (perform DFF optimizations).

3.19.8. Executing OPT_CLEAN pass (remove unused cells and wires).
Finding unused cells or wires in module \adder_top..

3.19.9. Executing OPT_EXPR pass (perform const folding).
Optimizing module adder_top.

3.19.10. Finished fast OPT passes. (There is nothing left to do.)

3.20. Executing TECHMAP pass (map to technology primitives).

3.20.1. Executing Verilog-2005 frontend: /usr/local/bin/../share/yosys/techmap.v
Parsing Verilog input from `/usr/local/bin/../share/yosys/techmap.v' to AST representation.
Generating RTLIL representation for module `\_90_simplemap_bool_ops'.
Generating RTLIL representation for module `\_90_simplemap_reduce_ops'.
Generating RTLIL representation for module `\_90_simplemap_logic_ops'.
Generating RTLIL representation for module `\_90_simplemap_compare_ops'.
Generating RTLIL representation for module `\_90_simplemap_various'.
Generating RTLIL representation for module `\_90_simplemap_registers'.
Generating RTLIL representation for module `\_90_shift_ops_shr_shl_sshl_sshr'.
Generating RTLIL representation for module `\_90_shift_shiftx'.
Generating RTLIL representation for module `\_90_fa'.
Generating RTLIL representation for module `\_90_lcu_brent_kung'.
Generating RTLIL representation for module `\_90_alu'.
Generating RTLIL representation for module `\_90_macc'.
Generating RTLIL representation for module `\_90_alumacc'.
Generating RTLIL representation for module `$__div_mod_u'.
Generating RTLIL representation for module `$__div_mod_trunc'.
Generating RTLIL representation for module `\_90_div'.
Generating RTLIL representation for module `\_90_mod'.
Generating RTLIL representation for module `$__div_mod_floor'.
Generating RTLIL representation for module `\_90_divfloor'.
Generating RTLIL representation for module `\_90_modfloor'.
Generating RTLIL representation for module `\_90_pow'.
Generating RTLIL representation for module `\_90_pmux'.
Generating RTLIL representation for module `\_90_demux'.
Generating RTLIL representation for module `\_90_lut'.
Generating RTLIL representation for module `$connect'.
Generating RTLIL representation for module `$input_port'.
Successfully finished Verilog frontend.

3.20.2. Continuing TECHMAP pass.
Using template $paramod$1d1e68f77481583066c6d429218f48ea9d5739b3\_90_alu for cells of type $alu.
Using extmapper simplemap for cells of type $xor.
Using template $paramod\_90_fa\WIDTH=32'00000000000000000000000000000010 for cells of type $fa.
Using template $paramod\_90_lcu_brent_kung\WIDTH=32'00000000000000000000000000000010 for cells of type $lcu.
Using extmapper simplemap for cells of type $pos.
Using extmapper simplemap for cells of type $mux.
Using extmapper simplemap for cells of type $not.
Using extmapper simplemap for cells of type $or.
Using extmapper simplemap for cells of type $and.
No more expansions possible.
<suppressed ~352 debug messages>

3.21. Executing OPT pass (performing simple optimizations).

3.21.1. Executing OPT_EXPR pass (perform const folding).
Optimizing module adder_top.
<suppressed ~120 debug messages>

3.21.2. Executing OPT_MERGE pass (detect identical cells).
Finding identical cells in module `\adder_top'.
Computing hashes of 48 cells of `\adder_top'.
Finding duplicate cells in `\adder_top'.
Removed a total of 0 cells.

3.21.3. Executing OPT_DFF pass (perform DFF optimizations).

3.21.4. Executing OPT_CLEAN pass (remove unused cells and wires).
Finding unused cells or wires in module \adder_top..
Removed 8 unused cells and 320 unused wires.
<suppressed ~9 debug messages>

3.21.5. Finished fast OPT passes.

3.22. Executing HIERARCHY pass (managing design hierarchy).
Attribute `top' found on module `adder_top'. Setting top module to adder_top.

3.22.1. Analyzing design hierarchy..
Top module:  \adder_top

3.22.2. Analyzing design hierarchy..
Top module:  \adder_top
Removed 0 unused modules.

3.23. Printing statistics.

=== adder_top ===

        +----------Local Count, excluding submodules.
        | 
       30 wires
       75 wire bits
        6 public wires
       35 public wire bits
        5 ports
       26 port bits
       40 cells
       16   $_AND_
        8   $_OR_
       16   $_XOR_

3.24. Executing CHECK pass (checking for obvious problems).
Checking module adder_top...
Found and reported 0 problems.

4. Executing ABC pass (technology mapping using ABC).

4.1. Extracting gate netlist of module `\adder_top' to `<abc-temp-dir>/input.blif'..

4.1.1. Executed ABC.
Extracted 40 gates and 57 wires to a netlist network with 17 inputs and 9 outputs.
Running ABC script: <abc-temp-dir>/abc.script
ABC: UC Berkeley, ABC 1.01 (compiled Apr 21 2026 18:19:32)
ABC: abc 01> empty
ABC: abc 01> source <abc-temp-dir>/abc.script
ABC: + read_blif <abc-temp-dir>/input.blif 
ABC: + read_lib -w /home/duhaochen/website-trial-v1/data/digital-technologies/32a353950dd59f618dfcbd4725b2abb3/library/timing.lib 
ABC: Parsing finished successfully.  Parsing time =     0.00 sec
ABC: Scl_LibertyReadGenlib() skipped sequential cell "DFFNEGX1".
ABC: Scl_LibertyReadGenlib() skipped sequential cell "DFFPOSX1".
ABC: Scl_LibertyReadGenlib() skipped sequential cell "DFFSR".
ABC: Scl_LibertyReadGenlib() skipped sequential cell "LATCH".
ABC: Scl_LibertyReadGenlib() skipped three-state cell "TBUFX1".
ABC: Scl_LibertyReadGenlib() skipped three-state cell "TBUFX2".
ABC: Library "gscl45nm" from "/home/duhaochen/website-trial-v1/data/digital-technologies/32a353950dd59f618dfcbd4725b2abb3/library/timing.lib" has 25 cells (6 skipped: 4 seq; 2 tri-state; 0 no func; 0 dont_use; 0 with 2 outputs; 0 with 3+ outputs).  Time =     0.01 sec
ABC: Memory =    0.48 MB. Time =     0.01 sec
ABC: Warning: Detected 2 multi-output cells (for example, "FAX1").
ABC: + strash 
ABC: + &get -n 
ABC: + &fraig -x 
ABC: + &put 
ABC: + scorr 
ABC: Warning: The network is combinational (run "fraig" or "fraig_sweep").
ABC: + dc2 
ABC: + dretime 
ABC: + strash 
ABC: + &get -n 
ABC: + &dch -f 
ABC: + &nf 
ABC: + &put 
ABC: + write_blif <abc-temp-dir>/output.blif 
ABC: 
ABC: YOSYS_ABC_DONE 

4.1.2. Re-integrating ABC results.
ABC RESULTS:            AND2X1 cells:        2
ABC RESULTS:           AOI21X1 cells:        7
ABC RESULTS:             INVX1 cells:        7
ABC RESULTS:           NAND2X1 cells:        4
ABC RESULTS:            NOR2X1 cells:        6
ABC RESULTS:            NOR3X1 cells:        1
ABC RESULTS:           OAI21X1 cells:        2
ABC RESULTS:             OR2X1 cells:        2
ABC RESULTS:           XNOR2X1 cells:        9
ABC RESULTS:            XOR2X1 cells:        5
ABC RESULTS:        internal signals:       31
ABC RESULTS:           input signals:       17
ABC RESULTS:          output signals:        9
Removing temp directory.
Removing global temp directory.
Removed 0 unused cells and 51 unused wires.

5. Executing CHECK pass (checking for obvious problems).
Checking module adder_top...
Warning: Wire adder_top.\sum [7] is used but has no driver.
Warning: Wire adder_top.\sum [6] is used but has no driver.
Warning: Wire adder_top.\sum [5] is used but has no driver.
Warning: Wire adder_top.\sum [4] is used but has no driver.
Warning: Wire adder_top.\sum [3] is used but has no driver.
Warning: Wire adder_top.\sum [2] is used but has no driver.
Warning: Wire adder_top.\sum [1] is used but has no driver.
Warning: Wire adder_top.\sum [0] is used but has no driver.
Warning: Wire adder_top.\cout is used but has no driver.
Found and reported 9 problems.

6. Printing statistics.

=== adder_top ===

        +----------Local Count, excluding submodules.
        |        +-Local Area, excluding submodules.
        |        | 
       41        - wires
       62        - wire bits
        5        - public wires
       26        - public wire bits
        5        - ports
       26        - port bits
       45  134.689 cells
        2    4.693   AND2X1
        7   19.711   AOI21X1
        7    9.855   INVX1
        4    7.509   NAND2X1
        6   14.079   NOR2X1
        1    2.816   NOR3X1
        2    5.632   OAI21X1
        2    4.693   OR2X1
        9   42.237   XNOR2X1
        5   23.465   XOR2X1

   Chip area for module '\adder_top': 134.689100
     of which used for sequential elements: 0.000000 (0.00%)

7. Executing Verilog backend.
Dumping module `\adder_top'.

8. Executing JSON backend.

Warnings: 9 unique messages, 9 total
End of script. Logfile hash: 13eb71916c, time: 0.16s, user: 0.09s, system: 0.02s, MEM: 18.75 MB peak
Yosys 0.64+72 (git sha1 22ef99218, clang++ 20.1.8 -fPIC -O3)
Time spent: 41% 1x abc (0 sec), 14% 3x read_verilog (0 sec), ...
