$ /usr/bin/time -v -o /home/duhaochen/website-trial-v1/data/spice-model-benchmark/c9aa73141510f253b15f2218fae3c8e3/ngspice/resource.txt /usr/bin/python -m spice_model_benchmark.cli /home/duhaochen/pipeline_full_collection/benchmark-inputs/c9aa73141510f253b15f2218fae3c8e3/ngspice.lib --simulator ngspice --modes dc transient ac noise --output-dir /home/duhaochen/website-trial-v1/data/spice-model-benchmark/c9aa73141510f253b15f2218fae3c8e3 --dpi 120 --log-level WARNING
/home/duhaochen/spice_model_benchmark/src/spice_model_benchmark/verification_manager.py:1557: RuntimeWarning: divide by zero encountered in divide
  tc = np.mean((d_ids / d_temp) / np.abs(i_ds[:-1]))
SPICE Model Benchmark: /home/duhaochen/pipeline_full_collection/benchmark-inputs/c9aa73141510f253b15f2218fae3c8e3/ngspice.lib
Simulators: ngspice
Modes: dc, transient, ac, noise
------------------------------------------------------------

============================================================
  Running: NGSPICE
  Output:  /home/duhaochen/website-trial-v1/data/spice-model-benchmark/c9aa73141510f253b15f2218fae3c8e3/ngspice
============================================================
Vgs range: -1.200V to 0.000V
Ids range: 0.000e+00A to 1.853e-04A
Selected Vgs values: [-1.2 -1.  -0.8 -0.6 -0.4 -0.2  0. ]
Vgs=-1.200V: Ids range 0.000e+00A to 1.853e-04A
Vgs=-1.000V: Ids range 0.000e+00A to 1.053e-04A
Vgs=-0.800V: Ids range 0.000e+00A to 4.489e-05A
Vgs=-0.600V: Ids range 0.000e+00A to 8.098e-06A
Vgs=-0.400V: Ids range 0.000e+00A to 1.899e-07A
Vgs=-0.200V: Ids range 0.000e+00A to 2.608e-09A
Vgs=0.000V: Ids range 1.690e-15A to 2.552e-11A
ids_variation: 6.546402861757032
ids_variation <= max_variation: False
tc: inf
abs(tc) <= max_tc: False
[WARNING]: Temperature effects verification failed - effects outside expected range
/home/duhaochen/spice_model_benchmark/src/spice_model_benchmark/verification_manager.py:1817: RuntimeWarning: divide by zero encountered in log
  log_ids = np.log(np.abs(i_ds))
/home/duhaochen/.local/lib/python3.9/site-packages/numpy/lib/function_base.py:2742: RuntimeWarning: invalid value encountered in subtract
  X -= avg[:, None]
/home/duhaochen/spice_model_benchmark/src/spice_model_benchmark/verification_manager.py:1862: RuntimeWarning: divide by zero encountered in divide
  efficiency = np.abs(gm / i_ds)  # Transconductance efficiency
[INFO]: S-parameter analysis plot saved to /home/duhaochen/website-trial-v1/data/spice-model-benchmark/c9aa73141510f253b15f2218fae3c8e3/ngspice/plots/ac_cv_sparameter_analysis.png
[INFO]: NQS effects plot saved to /home/duhaochen/website-trial-v1/data/spice-model-benchmark/c9aa73141510f253b15f2218fae3c8e3/ngspice/plots/ac_cv_nqs_effects.png
[INFO]: S-parameter analysis plot saved to /home/duhaochen/website-trial-v1/data/spice-model-benchmark/c9aa73141510f253b15f2218fae3c8e3/ngspice/plots/ac_cv_sparameter_analysis.png
norm_dvg: [2.50000000e+11 1.25000000e+11 6.25000000e+10 3.12500000e+10
 1.56250000e+10 7.81250000e+09 6.65015651e+09 5.61488887e+09
 5.11577357e+09 4.53000283e+09 4.17943859e+09 3.81772973e+09
 3.51368694e+09 3.24049778e+09 3.09845520e+09 2.95536921e+09
 2.81530963e+09 2.67983499e+09 2.54638514e+09 2.49010912e+09
 2.46633139e+09 2.44146421e+09 2.42094221e+09 2.39831106e+09
 2.37192228e+09 2.34529184e+09 2.32117401e+09 2.30711437e+09
 2.29691595e+09 2.28546217e+09 2.27136457e+09 2.25199250e+09
 2.23622495e+09 2.21772399e+09 2.20397170e+09 2.19272057e+09
 2.17904225e+09 2.16409925e+09 2.15244021e+09 2.13870051e+09
 2.12223819e+09 2.10464557e+09 2.08155106e+09 2.05287903e+09
 2.02609492e+09 2.00000066e+09 1.99594148e+09 1.98787311e+09
 1.97358393e+09 1.94561078e+09 1.89197918e+09 1.79312220e+09
 1.62346811e+09 1.36514500e+09 1.17516755e+09 1.00000048e+09
 9.96547471e+08 9.89712258e+08 9.76321404e+08 9.50596466e+08
 9.03010632e+08 8.20830708e+08 6.94434395e+08 5.30924672e+08
 3.72646778e+08 2.87067080e+08 2.33453604e+08 1.96714615e+08
 1.69966673e+08 1.49622061e+08 1.33627200e+08 1.20721824e+08
 1.10089645e+08 1.02126758e+08 9.52380952e+07 9.52150191e+07
 9.51681318e+07 9.50744185e+07 9.48885003e+07 9.45185529e+07
 9.37870012e+07 9.32319452e+07 9.30473918e+07 9.26802819e+07
 9.25100377e+07 9.23564762e+07 9.22236060e+07 9.20833954e+07
 9.19174024e+07 9.17683913e+07 9.17189987e+07 9.16779672e+07
 9.16499806e+07 9.16166765e+07 9.15798950e+07 9.15398359e+07
 9.14911175e+07 9.14626605e+07 9.14514037e+07 9.14330880e+07
 9.14062549e+07 9.13843102e+07 9.13568661e+07 9.13334307e+07
 9.13057538e+07 9.12840611e+07 9.12592364e+07 9.12394021e+07
 9.12121555e+07 9.11839319e+07 9.11539685e+07 9.11204539e+07
 9.10757450e+07 9.10224133e+07 9.09657169e+07 9.09102016e+07
 9.08961528e+07 9.08761946e+07 9.08341707e+07 9.07519833e+07
 9.05881671e+07 9.02625288e+07 8.96179192e+07 8.83559003e+07
 8.73365738e+07 8.68892173e+07 8.64609397e+07 8.61940248e+07
 8.58880058e+07 8.55501193e+07 8.52762351e+07 8.49352460e+07
 8.44580499e+07 8.38919221e+07 8.33338588e+07 8.32962477e+07
 8.32234864e+07 8.30772337e+07 8.27863136e+07 8.22106954e+07
 8.10831872e+07 7.89184251e+07 7.49180837e+07 7.06818073e+07
 6.68989749e+07 6.35004812e+07 6.04305855e+07 5.76438242e+07
 5.51027573e+07 5.27762465e+07 5.13506444e+07 0.00000000e+00
 0.00000000e+00 0.00000000e+00 0.00000000e+00 0.00000000e+00
 0.00000000e+00 0.00000000e+00 0.00000000e+00 0.00000000e+00
 0.00000000e+00 0.00000000e+00 0.00000000e+00 0.00000000e+00
 0.00000000e+00 0.00000000e+00 0.00000000e+00 0.00000000e+00
 0.00000000e+00 0.00000000e+00 0.00000000e+00 0.00000000e+00
 0.00000000e+00 0.00000000e+00 0.00000000e+00 0.00000000e+00
 0.00000000e+00 0.00000000e+00 0.00000000e+00 0.00000000e+00
 0.00000000e+00 0.00000000e+00 0.00000000e+00 0.00000000e+00
 0.00000000e+00 0.00000000e+00 0.00000000e+00 0.00000000e+00
 0.00000000e+00 0.00000000e+00 0.00000000e+00 0.00000000e+00
 0.00000000e+00 0.00000000e+00 0.00000000e+00 0.00000000e+00
 0.00000000e+00 0.00000000e+00 0.00000000e+00 0.00000000e+00
 0.00000000e+00 0.00000000e+00 0.00000000e+00 0.00000000e+00
 0.00000000e+00 0.00000000e+00 0.00000000e+00 0.00000000e+00
 0.00000000e+00 0.00000000e+00 0.00000000e+00 0.00000000e+00
 0.00000000e+00 0.00000000e+00 0.00000000e+00 0.00000000e+00
 0.00000000e+00 0.00000000e+00 0.00000000e+00 0.00000000e+00
 0.00000000e+00 0.00000000e+00 0.00000000e+00 0.00000000e+00
 0.00000000e+00 0.00000000e+00 0.00000000e+00 0.00000000e+00
 0.00000000e+00 0.00000000e+00 0.00000000e+00 0.00000000e+00
 0.00000000e+00 0.00000000e+00 0.00000000e+00 0.00000000e+00
 0.00000000e+00 0.00000000e+00 0.00000000e+00 0.00000000e+00
 0.00000000e+00 0.00000000e+00 0.00000000e+00 0.00000000e+00
 0.00000000e+00 0.00000000e+00 0.00000000e+00 0.00000000e+00
 0.00000000e+00 0.00000000e+00 0.00000000e+00 0.00000000e+00
 0.00000000e+00 0.00000000e+00 0.00000000e+00 0.00000000e+00
 0.00000000e+00 0.00000000e+00 0.00000000e+00 0.00000000e+00
 0.00000000e+00 0.00000000e+00 0.00000000e+00 0.00000000e+00
 0.00000000e+00 0.00000000e+00 0.00000000e+00 0.00000000e+00
 0.00000000e+00 0.00000000e+00 0.00000000e+00 0.00000000e+00
 0.00000000e+00 0.00000000e+00 0.00000000e+00 0.00000000e+00
 0.00000000e+00 0.00000000e+00 0.00000000e+00 0.00000000e+00
 0.00000000e+00 0.00000000e+00 0.00000000e+00 0.00000000e+00
 0.00000000e+00 0.00000000e+00 0.00000000e+00 0.00000000e+00
 0.00000000e+00 0.00000000e+00 0.00000000e+00 0.00000000e+00
 0.00000000e+00 0.00000000e+00 0.00000000e+00 0.00000000e+00
 0.00000000e+00 0.00000000e+00 0.00000000e+00 0.00000000e+00]
norm_dvd: [0. 0. 0. 0. 0. 0. 0. 0. 0. 0. 0. 0. 0. 0. 0. 0. 0. 0. 0. 0. 0. 0. 0. 0.
 0. 0. 0. 0. 0. 0. 0. 0. 0. 0. 0. 0. 0. 0. 0. 0. 0. 0. 0. 0. 0. 0. 0. 0.
 0. 0. 0. 0. 0. 0. 0. 0. 0. 0. 0. 0. 0. 0. 0. 0. 0. 0. 0. 0. 0. 0. 0. 0.
 0. 0. 0. 0. 0. 0. 0. 0. 0. 0. 0. 0. 0. 0. 0. 0. 0. 0. 0. 0. 0. 0. 0. 0.
 0. 0. 0. 0. 0. 0. 0. 0. 0. 0. 0. 0. 0. 0. 0. 0. 0. 0. 0. 0. 0. 0. 0. 0.
 0. 0. 0. 0. 0. 0. 0. 0. 0. 0. 0. 0. 0. 0. 0. 0. 0. 0. 0. 0. 0. 0. 0. 0.
 0. 0. 0. 0. 0. 0. 0. 0. 0. 0. 0. 0. 0. 0. 0. 0. 0. 0. 0. 0. 0. 0. 0. 0.
 0. 0. 0. 0. 0. 0. 0. 0. 0. 0. 0. 0. 0. 0. 0. 0. 0. 0. 0. 0. 0. 0. 0. 0.
 0. 0. 0. 0. 0. 0. 0. 0. 0. 0. 0. 0. 0. 0. 0. 0. 0. 0. 0. 0. 0. 0. 0. 0.
 0. 0. 0. 0. 0. 0. 0. 0. 0. 0. 0. 0. 0. 0. 0. 0. 0. 0. 0. 0. 0. 0. 0. 0.
 0. 0. 0. 0. 0. 0. 0. 0. 0. 0. 0. 0. 0. 0. 0. 0. 0. 0. 0. 0. 0. 0. 0. 0.
 0. 0. 0. 0. 0. 0. 0. 0. 0. 0. 0. 0. 0. 0. 0. 0. 0. 0. 0. 0. 0. 0. 0. 0.
 0. 0. 0. 0. 0. 0. 0. 0. 0. 0. 0. 0.]
norm_did: [2.15707432e+03 3.23561144e+03 1.88743996e+03 2.29189131e+03
 2.35929970e+03 2.89250208e+03 2.80083618e+03 2.97939581e+03
 3.07219681e+03 3.26191226e+03 3.42555445e+03 3.42611067e+03
 3.77594287e+03 3.65943039e+03 4.14139440e+03 3.84423554e+03
 4.32458871e+03 4.41201776e+03 4.37479458e+03 4.45711636e+03
 5.22328771e+03 3.72741985e+03 5.53435548e+03 4.64995124e+03
 4.50591924e+03 4.86896080e+03 4.92971257e+03 4.48336263e+03
 3.95411626e+03 4.76610599e+03 5.69550521e+03 4.13376815e+03
 5.78189013e+03 4.60075548e+03 5.55850643e+03 4.52065781e+03
 5.44612787e+03 5.17082330e+03 4.33622483e+03 4.75781396e+03
 5.47634202e+03 5.72883164e+03 5.14372928e+03 5.35946815e+03
 5.35946796e+03 0.00000000e+00 8.48661929e+03 5.92207096e+03
 5.32986372e+03 5.62596667e+03 5.92206989e+03 6.21817221e+03
 7.10647994e+03 9.28988687e+03 1.18375722e+04 9.08962369e+04
 2.24127637e+04 1.49418294e+04 1.57200577e+04 1.66539093e+04
 1.88329097e+04 2.39107426e+04 3.78892784e+04 8.64958809e+04
 4.17033357e+05 2.16177421e+06 1.01378622e+07 4.09563960e+07
 1.64266839e+08 4.55633475e+08 4.59345546e+08 7.79520213e+09
 3.24877371e+09 1.40044268e+09 1.41108775e+09 7.89008872e+08
 7.89109303e+08 7.86449602e+08 7.81154510e+08 7.70627373e+08
 7.39720040e+08 7.14927364e+08 7.10089329e+08 6.94976675e+08
 6.88882581e+08 6.83373614e+08 6.78930647e+08 6.74468639e+08
 6.68791690e+08 6.62896906e+08 6.61259896e+08 6.59740612e+08
 6.58848883e+08 6.57895861e+08 6.56685078e+08 6.55450747e+08
 6.53723686e+08 6.52755964e+08 6.52293345e+08 6.51790907e+08
 6.51053786e+08 6.50208975e+08 6.49481669e+08 6.48702303e+08
 6.47676745e+08 6.47061566e+08 6.46359782e+08 6.45665554e+08
 6.44852654e+08 6.44056462e+08 6.43067794e+08 6.42137887e+08
 6.40854848e+08 6.39186866e+08 6.37435336e+08 6.36804578e+08
 6.34277837e+08 6.34519217e+08 6.33615265e+08 6.31827936e+08
 6.28265443e+08 6.21200256e+08 6.07325266e+08 5.70447719e+08
 5.40457627e+08 5.29465139e+08 5.18369012e+08 5.12496019e+08
 5.05801508e+08 4.97963930e+08 4.92440763e+08 4.85984352e+08
 4.76587573e+08 4.65167569e+08 4.52343685e+08 4.50784635e+08
 4.50083275e+08 4.48086190e+08 4.44137065e+08 4.36425272e+08
 4.21746293e+08 3.95252008e+08 3.41158087e+08 2.92377797e+08
 2.56215009e+08 2.28165702e+08 2.05660890e+08 1.87137759e+08
 1.71589268e+08 1.57085962e+08 1.49504513e+08 2.45846429e+09
 0.00000000e+00 0.00000000e+00 0.00000000e+00 0.00000000e+00
 0.00000000e+00 0.00000000e+00 0.00000000e+00 0.00000000e+00
 0.00000000e+00 0.00000000e+00 0.00000000e+00 0.00000000e+00
 0.00000000e+00 0.00000000e+00 0.00000000e+00 0.00000000e+00
 0.00000000e+00 0.00000000e+00 0.00000000e+00 0.00000000e+00
 0.00000000e+00 0.00000000e+00 0.00000000e+00 0.00000000e+00
 0.00000000e+00 0.00000000e+00 0.00000000e+00 0.00000000e+00
 0.00000000e+00 0.00000000e+00 0.00000000e+00 0.00000000e+00
 0.00000000e+00 0.00000000e+00 0.00000000e+00 0.00000000e+00
 0.00000000e+00 0.00000000e+00 0.00000000e+00 0.00000000e+00
 0.00000000e+00 0.00000000e+00 0.00000000e+00 0.00000000e+00
 0.00000000e+00 0.00000000e+00 0.00000000e+00 0.00000000e+00
 0.00000000e+00 0.00000000e+00 0.00000000e+00 0.00000000e+00
 0.00000000e+00 0.00000000e+00 0.00000000e+00 0.00000000e+00
 0.00000000e+00 0.00000000e+00 0.00000000e+00 0.00000000e+00
 0.00000000e+00 0.00000000e+00 0.00000000e+00 0.00000000e+00
 0.00000000e+00 0.00000000e+00 0.00000000e+00 0.00000000e+00
 0.00000000e+00 0.00000000e+00 0.00000000e+00 0.00000000e+00
 0.00000000e+00 0.00000000e+00 0.00000000e+00 0.00000000e+00
 0.00000000e+00 0.00000000e+00 0.00000000e+00 0.00000000e+00
 0.00000000e+00 0.00000000e+00 0.00000000e+00 0.00000000e+00
 0.00000000e+00 0.00000000e+00 0.00000000e+00 0.00000000e+00
 0.00000000e+00 0.00000000e+00 0.00000000e+00 0.00000000e+00
 0.00000000e+00 0.00000000e+00 0.00000000e+00 0.00000000e+00
 0.00000000e+00 0.00000000e+00 0.00000000e+00 0.00000000e+00
 0.00000000e+00 0.00000000e+00 0.00000000e+00 0.00000000e+00
 0.00000000e+00 0.00000000e+00 0.00000000e+00 0.00000000e+00
 0.00000000e+00 0.00000000e+00 0.00000000e+00 0.00000000e+00
 0.00000000e+00 0.00000000e+00 0.00000000e+00 0.00000000e+00
 0.00000000e+00 0.00000000e+00 0.00000000e+00 0.00000000e+00
 0.00000000e+00 0.00000000e+00 0.00000000e+00 0.00000000e+00
 0.00000000e+00 0.00000000e+00 0.00000000e+00 0.00000000e+00
 0.00000000e+00 0.00000000e+00 0.00000000e+00 0.00000000e+00
 0.00000000e+00 0.00000000e+00 0.00000000e+00 0.00000000e+00
 0.00000000e+00 0.00000000e+00 0.00000000e+00 0.00000000e+00
 0.00000000e+00 0.00000000e+00 0.00000000e+00 0.00000000e+00
 0.00000000e+00 0.00000000e+00 0.00000000e+00 0.00000000e+00]
[WARNING]: Quasi-static verification failed
[WARNING]: Max normalized derivatives: dVg/dt=2.50e+11, dVd/dt=0.00e+00, dId/dt=7.80e+09

  ngspice: ✓ PASS  (46.2s)

✓ Benchmark completed: /home/duhaochen/website-trial-v1/data/spice-model-benchmark/c9aa73141510f253b15f2218fae3c8e3/ngspice
