
6. Printing statistics.

=== adder_top ===

        +----------Local Count, excluding submodules.
        |        +-Local Area, excluding submodules.
        |        | 
      198        - wires
      291        - wire bits
        5        - public wires
       98        - public wire bits
        5        - ports
       98        - port bits
      226 2.26E+03 cells
       12   152.41   sg13g2_a21o_1
       13  117.936   sg13g2_a21oi_1
        5   72.576   sg13g2_a221oi_1
        3   32.546   sg13g2_a22oi_1
       25    226.8   sg13g2_and2_1
        7   38.102   sg13g2_inv_1
       30  217.728   sg13g2_nand2_1
        5    45.36   sg13g2_nand2b_1
       22  199.584   sg13g2_nand3_1
        1   12.701   sg13g2_nand3b_1
        4   43.546   sg13g2_nand4_1
       18  130.637   sg13g2_nor2_1
        8   72.576   sg13g2_nor2b_1
        5    45.36   sg13g2_nor3_1
        1   10.886   sg13g2_nor4_1
       16  145.152   sg13g2_o21ai_1
        7   63.504   sg13g2_or2_1
        4   50.803   sg13g2_or3_1
        1   14.515   sg13g2_or4_1
       24  348.365   sg13g2_xnor2_1
       15  217.728   sg13g2_xor2_1

   Chip area for module '\adder_top': 2258.814600
     of which used for sequential elements: 0.000000 (0.00%)

