OpenSTA 3.1.0 543361765b Copyright (c) 2026, Parallax Software, Inc.
License GPLv3: GNU GPL version 3 <http://gnu.org/licenses/gpl.html>

This is free software, and you are free to change and redistribute it
under certain conditions; type `show_copying' for details. 
This program comes with ABSOLUTELY NO WARRANTY; for details type `show_warranty'.
Startpoint: a[7] (input port clocked by vclk)
Endpoint: sum[30] (output port clocked by vclk)
Path Group: vclk
Path Type: max

        Cap        Slew       Delay        Time   Description
---------------------------------------------------------------------------------------
               0.000000    0.000000    0.000000   clock vclk (rise edge)
                           0.000000    0.000000   clock network delay (ideal)
                           0.000000    0.000000 ^ input external delay
   0.008840    0.050000    0.000000    0.000000 ^ a[7] (in)
               0.050000    0.000000    0.000000 ^ _227_/A (sg13g2_xor2_1)
   0.017896    0.175026    0.187434    0.187434 ^ _227_/X (sg13g2_xor2_1)
               0.175026    0.000000    0.187434 ^ _268_/B (sg13g2_nand4_1)
   0.002715    0.087341    0.131189    0.318624 v _268_/Y (sg13g2_nand4_1)
               0.087341    0.000000    0.318624 v _269_/D (sg13g2_nor4_1)
   0.003007    0.119976    0.116444    0.435067 ^ _269_/Y (sg13g2_nor4_1)
               0.119976    0.000000    0.435067 ^ _276_/A2 (sg13g2_a21oi_1)
   0.002906    0.049036    0.087385    0.522453 v _276_/Y (sg13g2_a21oi_1)
               0.049036    0.000000    0.522453 v _277_/B1 (sg13g2_o21ai_1)
   0.008923    0.131118    0.066539    0.588992 ^ _277_/Y (sg13g2_o21ai_1)
               0.131118    0.000000    0.588992 ^ _280_/A2 (sg13g2_o21ai_1)
   0.008421    0.080422    0.105812    0.694804 v _280_/Y (sg13g2_o21ai_1)
               0.080422    0.000000    0.694804 v _282_/A2 (sg13g2_a21oi_1)
   0.009459    0.110696    0.128131    0.822934 ^ _282_/Y (sg13g2_a21oi_1)
               0.110696    0.000000    0.822934 ^ _286_/A2 (sg13g2_o21ai_1)
   0.005871    0.070422    0.088494    0.911428 v _286_/Y (sg13g2_o21ai_1)
               0.070422    0.000000    0.911428 v _289_/A2 (sg13g2_a21oi_1)
   0.009022    0.103896    0.121695    1.033123 ^ _289_/Y (sg13g2_a21oi_1)
               0.103896    0.000000    1.033123 ^ _291_/A2 (sg13g2_o21ai_1)
   0.008246    0.079316    0.098455    1.131578 v _291_/Y (sg13g2_o21ai_1)
               0.079316    0.000000    1.131578 v _293_/A2 (sg13g2_a21o_1)
   0.008246    0.043247    0.145618    1.277196 v _293_/X (sg13g2_a21o_1)
               0.043247    0.000000    1.277196 v _296_/A2 (sg13g2_a21o_1)
   0.008246    0.043184    0.131184    1.408380 v _296_/X (sg13g2_a21o_1)
               0.043184    0.000000    1.408380 v _298_/A2 (sg13g2_a21o_1)
   0.008246    0.043386    0.131159    1.539538 v _298_/X (sg13g2_a21o_1)
               0.043386    0.000000    1.539538 v _301_/A2 (sg13g2_a21o_1)
   0.008246    0.043151    0.131239    1.670778 v _301_/X (sg13g2_a21o_1)
               0.043151    0.000000    1.670778 v _303_/A2 (sg13g2_a21o_1)
   0.008246    0.043407    0.131145    1.801923 v _303_/X (sg13g2_a21o_1)
               0.043407    0.000000    1.801923 v _305_/A2 (sg13g2_a21o_1)
   0.008246    0.043409    0.131248    1.933171 v _305_/X (sg13g2_a21o_1)
               0.043409    0.000000    1.933171 v _308_/A2 (sg13g2_a21o_1)
   0.008246    0.043377    0.131249    2.064419 v _308_/X (sg13g2_a21o_1)
               0.043377    0.000000    2.064419 v _310_/A2 (sg13g2_a21o_1)
   0.008246    0.043211    0.131236    2.195655 v _310_/X (sg13g2_a21o_1)
               0.043211    0.000000    2.195655 v _312_/A2 (sg13g2_a21o_1)
   0.008246    0.043426    0.131169    2.326824 v _312_/X (sg13g2_a21o_1)
               0.043426    0.000000    2.326824 v _315_/A2 (sg13g2_a21o_1)
   0.008246    0.043385    0.131255    2.458079 v _315_/X (sg13g2_a21o_1)
               0.043385    0.000000    2.458079 v _318_/A2 (sg13g2_a21o_1)
   0.008421    0.043686    0.131744    2.589824 v _318_/X (sg13g2_a21o_1)
               0.043686    0.000000    2.589824 v _321_/A2 (sg13g2_a21oi_1)
   0.005765    0.081505    0.092197    2.682021 ^ _321_/Y (sg13g2_a21oi_1)
               0.081505    0.000000    2.682021 ^ _322_/B1 (sg13g2_a21oi_1)
   0.008778    0.074538    0.064648    2.746669 v _322_/Y (sg13g2_a21oi_1)
               0.074538    0.000000    2.746669 v _325_/A1 (sg13g2_o21ai_1)
   0.005657    0.095695    0.120466    2.867135 ^ _325_/Y (sg13g2_o21ai_1)
               0.095695    0.000000    2.867135 ^ _327_/A (sg13g2_xnor2_1)
   0.010000    0.117256    0.131609    2.998744 ^ _327_/Y (sg13g2_xnor2_1)
               0.117256    0.000000    2.998744 ^ sum[30] (out)
                                       2.998744   data arrival time

               0.000000  100.000000  100.000000   clock vclk (rise edge)
                           0.000000  100.000000   clock network delay (ideal)
                           0.000000  100.000000   clock reconvergence pessimism
                           0.000000  100.000000   output external delay
                                     100.000000   data required time
---------------------------------------------------------------------------------------
                                     100.000000   data required time
                                      -2.998744   data arrival time
---------------------------------------------------------------------------------------
                                      97.001251   slack (MET)


Startpoint: a[7] (input port clocked by vclk)
Endpoint: sum[29] (output port clocked by vclk)
Path Group: vclk
Path Type: max

        Cap        Slew       Delay        Time   Description
---------------------------------------------------------------------------------------
               0.000000    0.000000    0.000000   clock vclk (rise edge)
                           0.000000    0.000000   clock network delay (ideal)
                           0.000000    0.000000 ^ input external delay
   0.008840    0.050000    0.000000    0.000000 ^ a[7] (in)
               0.050000    0.000000    0.000000 ^ _227_/A (sg13g2_xor2_1)
   0.017896    0.175026    0.187434    0.187434 ^ _227_/X (sg13g2_xor2_1)
               0.175026    0.000000    0.187434 ^ _268_/B (sg13g2_nand4_1)
   0.002715    0.087341    0.131189    0.318624 v _268_/Y (sg13g2_nand4_1)
               0.087341    0.000000    0.318624 v _269_/D (sg13g2_nor4_1)
   0.003007    0.119976    0.116444    0.435067 ^ _269_/Y (sg13g2_nor4_1)
               0.119976    0.000000    0.435067 ^ _276_/A2 (sg13g2_a21oi_1)
   0.002906    0.049036    0.087385    0.522453 v _276_/Y (sg13g2_a21oi_1)
               0.049036    0.000000    0.522453 v _277_/B1 (sg13g2_o21ai_1)
   0.008923    0.131118    0.066539    0.588992 ^ _277_/Y (sg13g2_o21ai_1)
               0.131118    0.000000    0.588992 ^ _280_/A2 (sg13g2_o21ai_1)
   0.008421    0.080422    0.105812    0.694804 v _280_/Y (sg13g2_o21ai_1)
               0.080422    0.000000    0.694804 v _282_/A2 (sg13g2_a21oi_1)
   0.009459    0.110696    0.128131    0.822934 ^ _282_/Y (sg13g2_a21oi_1)
               0.110696    0.000000    0.822934 ^ _286_/A2 (sg13g2_o21ai_1)
   0.005871    0.070422    0.088494    0.911428 v _286_/Y (sg13g2_o21ai_1)
               0.070422    0.000000    0.911428 v _289_/A2 (sg13g2_a21oi_1)
   0.009022    0.103896    0.121695    1.033123 ^ _289_/Y (sg13g2_a21oi_1)
               0.103896    0.000000    1.033123 ^ _291_/A2 (sg13g2_o21ai_1)
   0.008246    0.079316    0.098455    1.131578 v _291_/Y (sg13g2_o21ai_1)
               0.079316    0.000000    1.131578 v _293_/A2 (sg13g2_a21o_1)
   0.008246    0.043247    0.145618    1.277196 v _293_/X (sg13g2_a21o_1)
               0.043247    0.000000    1.277196 v _296_/A2 (sg13g2_a21o_1)
   0.008246    0.043184    0.131184    1.408380 v _296_/X (sg13g2_a21o_1)
               0.043184    0.000000    1.408380 v _298_/A2 (sg13g2_a21o_1)
   0.008246    0.043386    0.131159    1.539538 v _298_/X (sg13g2_a21o_1)
               0.043386    0.000000    1.539538 v _301_/A2 (sg13g2_a21o_1)
   0.008246    0.043151    0.131239    1.670778 v _301_/X (sg13g2_a21o_1)
               0.043151    0.000000    1.670778 v _303_/A2 (sg13g2_a21o_1)
   0.008246    0.043407    0.131145    1.801923 v _303_/X (sg13g2_a21o_1)
               0.043407    0.000000    1.801923 v _305_/A2 (sg13g2_a21o_1)
   0.008246    0.043409    0.131248    1.933171 v _305_/X (sg13g2_a21o_1)
               0.043409    0.000000    1.933171 v _308_/A2 (sg13g2_a21o_1)
   0.008246    0.043377    0.131249    2.064419 v _308_/X (sg13g2_a21o_1)
               0.043377    0.000000    2.064419 v _310_/A2 (sg13g2_a21o_1)
   0.008246    0.043211    0.131236    2.195655 v _310_/X (sg13g2_a21o_1)
               0.043211    0.000000    2.195655 v _312_/A2 (sg13g2_a21o_1)
   0.008246    0.043426    0.131169    2.326824 v _312_/X (sg13g2_a21o_1)
               0.043426    0.000000    2.326824 v _315_/A2 (sg13g2_a21o_1)
   0.008246    0.043385    0.131255    2.458079 v _315_/X (sg13g2_a21o_1)
               0.043385    0.000000    2.458079 v _318_/A2 (sg13g2_a21o_1)
   0.008421    0.043686    0.131744    2.589824 v _318_/X (sg13g2_a21o_1)
               0.043686    0.000000    2.589824 v _321_/A2 (sg13g2_a21oi_1)
   0.005765    0.081505    0.092197    2.682021 ^ _321_/Y (sg13g2_a21oi_1)
               0.081505    0.000000    2.682021 ^ _322_/B1 (sg13g2_a21oi_1)
   0.008778    0.074538    0.064648    2.746669 v _322_/Y (sg13g2_a21oi_1)
               0.074538    0.000000    2.746669 v _328_/A (sg13g2_xnor2_1)
   0.010000    0.083997    0.135397    2.882066 v _328_/Y (sg13g2_xnor2_1)
               0.083997    0.000000    2.882066 v sum[29] (out)
                                       2.882066   data arrival time

               0.000000  100.000000  100.000000   clock vclk (rise edge)
                           0.000000  100.000000   clock network delay (ideal)
                           0.000000  100.000000   clock reconvergence pessimism
                           0.000000  100.000000   output external delay
                                     100.000000   data required time
---------------------------------------------------------------------------------------
                                     100.000000   data required time
                                      -2.882066   data arrival time
---------------------------------------------------------------------------------------
                                      97.117928   slack (MET)


Startpoint: a[7] (input port clocked by vclk)
Endpoint: sum[28] (output port clocked by vclk)
Path Group: vclk
Path Type: max

        Cap        Slew       Delay        Time   Description
---------------------------------------------------------------------------------------
               0.000000    0.000000    0.000000   clock vclk (rise edge)
                           0.000000    0.000000   clock network delay (ideal)
                           0.000000    0.000000 ^ input external delay
   0.008840    0.050000    0.000000    0.000000 ^ a[7] (in)
               0.050000    0.000000    0.000000 ^ _227_/A (sg13g2_xor2_1)
   0.017896    0.175026    0.187434    0.187434 ^ _227_/X (sg13g2_xor2_1)
               0.175026    0.000000    0.187434 ^ _268_/B (sg13g2_nand4_1)
   0.002715    0.087341    0.131189    0.318624 v _268_/Y (sg13g2_nand4_1)
               0.087341    0.000000    0.318624 v _269_/D (sg13g2_nor4_1)
   0.003007    0.119976    0.116444    0.435067 ^ _269_/Y (sg13g2_nor4_1)
               0.119976    0.000000    0.435067 ^ _276_/A2 (sg13g2_a21oi_1)
   0.002906    0.049036    0.087385    0.522453 v _276_/Y (sg13g2_a21oi_1)
               0.049036    0.000000    0.522453 v _277_/B1 (sg13g2_o21ai_1)
   0.008923    0.131118    0.066539    0.588992 ^ _277_/Y (sg13g2_o21ai_1)
               0.131118    0.000000    0.588992 ^ _280_/A2 (sg13g2_o21ai_1)
   0.008421    0.080422    0.105812    0.694804 v _280_/Y (sg13g2_o21ai_1)
               0.080422    0.000000    0.694804 v _282_/A2 (sg13g2_a21oi_1)
   0.009459    0.110696    0.128131    0.822934 ^ _282_/Y (sg13g2_a21oi_1)
               0.110696    0.000000    0.822934 ^ _286_/A2 (sg13g2_o21ai_1)
   0.005871    0.070422    0.088494    0.911428 v _286_/Y (sg13g2_o21ai_1)
               0.070422    0.000000    0.911428 v _289_/A2 (sg13g2_a21oi_1)
   0.009022    0.103896    0.121695    1.033123 ^ _289_/Y (sg13g2_a21oi_1)
               0.103896    0.000000    1.033123 ^ _291_/A2 (sg13g2_o21ai_1)
   0.008246    0.079316    0.098455    1.131578 v _291_/Y (sg13g2_o21ai_1)
               0.079316    0.000000    1.131578 v _293_/A2 (sg13g2_a21o_1)
   0.008246    0.043247    0.145618    1.277196 v _293_/X (sg13g2_a21o_1)
               0.043247    0.000000    1.277196 v _296_/A2 (sg13g2_a21o_1)
   0.008246    0.043184    0.131184    1.408380 v _296_/X (sg13g2_a21o_1)
               0.043184    0.000000    1.408380 v _298_/A2 (sg13g2_a21o_1)
   0.008246    0.043386    0.131159    1.539538 v _298_/X (sg13g2_a21o_1)
               0.043386    0.000000    1.539538 v _301_/A2 (sg13g2_a21o_1)
   0.008246    0.043151    0.131239    1.670778 v _301_/X (sg13g2_a21o_1)
               0.043151    0.000000    1.670778 v _303_/A2 (sg13g2_a21o_1)
   0.008246    0.043407    0.131145    1.801923 v _303_/X (sg13g2_a21o_1)
               0.043407    0.000000    1.801923 v _305_/A2 (sg13g2_a21o_1)
   0.008246    0.043409    0.131248    1.933171 v _305_/X (sg13g2_a21o_1)
               0.043409    0.000000    1.933171 v _308_/A2 (sg13g2_a21o_1)
   0.008246    0.043377    0.131249    2.064419 v _308_/X (sg13g2_a21o_1)
               0.043377    0.000000    2.064419 v _310_/A2 (sg13g2_a21o_1)
   0.008246    0.043211    0.131236    2.195655 v _310_/X (sg13g2_a21o_1)
               0.043211    0.000000    2.195655 v _312_/A2 (sg13g2_a21o_1)
   0.008246    0.043426    0.131169    2.326824 v _312_/X (sg13g2_a21o_1)
               0.043426    0.000000    2.326824 v _315_/A2 (sg13g2_a21o_1)
   0.008246    0.043385    0.131255    2.458079 v _315_/X (sg13g2_a21o_1)
               0.043385    0.000000    2.458079 v _318_/A2 (sg13g2_a21o_1)
   0.008421    0.043686    0.131744    2.589824 v _318_/X (sg13g2_a21o_1)
               0.043686    0.000000    2.589824 v _329_/B (sg13g2_nand3_1)
   0.002300    0.039186    0.042511    2.632335 ^ _329_/Y (sg13g2_nand3_1)
               0.039186    0.000000    2.632335 ^ _330_/B_N (sg13g2_nor2b_1)
   0.010000    0.105215    0.133451    2.765786 ^ _330_/Y (sg13g2_nor2b_1)
               0.105215    0.000000    2.765786 ^ sum[28] (out)
                                       2.765786   data arrival time

               0.000000  100.000000  100.000000   clock vclk (rise edge)
                           0.000000  100.000000   clock network delay (ideal)
                           0.000000  100.000000   clock reconvergence pessimism
                           0.000000  100.000000   output external delay
                                     100.000000   data required time
---------------------------------------------------------------------------------------
                                     100.000000   data required time
                                      -2.765786   data arrival time
---------------------------------------------------------------------------------------
                                      97.234207   slack (MET)


Startpoint: a[7] (input port clocked by vclk)
Endpoint: sum[27] (output port clocked by vclk)
Path Group: vclk
Path Type: max

        Cap        Slew       Delay        Time   Description
---------------------------------------------------------------------------------------
               0.000000    0.000000    0.000000   clock vclk (rise edge)
                           0.000000    0.000000   clock network delay (ideal)
                           0.000000    0.000000 ^ input external delay
   0.008840    0.050000    0.000000    0.000000 ^ a[7] (in)
               0.050000    0.000000    0.000000 ^ _227_/A (sg13g2_xor2_1)
   0.017896    0.175026    0.187434    0.187434 ^ _227_/X (sg13g2_xor2_1)
               0.175026    0.000000    0.187434 ^ _268_/B (sg13g2_nand4_1)
   0.002715    0.087341    0.131189    0.318624 v _268_/Y (sg13g2_nand4_1)
               0.087341    0.000000    0.318624 v _269_/D (sg13g2_nor4_1)
   0.003007    0.119976    0.116444    0.435067 ^ _269_/Y (sg13g2_nor4_1)
               0.119976    0.000000    0.435067 ^ _276_/A2 (sg13g2_a21oi_1)
   0.002906    0.049036    0.087385    0.522453 v _276_/Y (sg13g2_a21oi_1)
               0.049036    0.000000    0.522453 v _277_/B1 (sg13g2_o21ai_1)
   0.008923    0.131118    0.066539    0.588992 ^ _277_/Y (sg13g2_o21ai_1)
               0.131118    0.000000    0.588992 ^ _280_/A2 (sg13g2_o21ai_1)
   0.008421    0.080422    0.105812    0.694804 v _280_/Y (sg13g2_o21ai_1)
               0.080422    0.000000    0.694804 v _282_/A2 (sg13g2_a21oi_1)
   0.009459    0.110696    0.128131    0.822934 ^ _282_/Y (sg13g2_a21oi_1)
               0.110696    0.000000    0.822934 ^ _286_/A2 (sg13g2_o21ai_1)
   0.005871    0.070422    0.088494    0.911428 v _286_/Y (sg13g2_o21ai_1)
               0.070422    0.000000    0.911428 v _289_/A2 (sg13g2_a21oi_1)
   0.009022    0.103896    0.121695    1.033123 ^ _289_/Y (sg13g2_a21oi_1)
               0.103896    0.000000    1.033123 ^ _291_/A2 (sg13g2_o21ai_1)
   0.008246    0.079316    0.098455    1.131578 v _291_/Y (sg13g2_o21ai_1)
               0.079316    0.000000    1.131578 v _293_/A2 (sg13g2_a21o_1)
   0.008246    0.043247    0.145618    1.277196 v _293_/X (sg13g2_a21o_1)
               0.043247    0.000000    1.277196 v _296_/A2 (sg13g2_a21o_1)
   0.008246    0.043184    0.131184    1.408380 v _296_/X (sg13g2_a21o_1)
               0.043184    0.000000    1.408380 v _298_/A2 (sg13g2_a21o_1)
   0.008246    0.043386    0.131159    1.539538 v _298_/X (sg13g2_a21o_1)
               0.043386    0.000000    1.539538 v _301_/A2 (sg13g2_a21o_1)
   0.008246    0.043151    0.131239    1.670778 v _301_/X (sg13g2_a21o_1)
               0.043151    0.000000    1.670778 v _303_/A2 (sg13g2_a21o_1)
   0.008246    0.043407    0.131145    1.801923 v _303_/X (sg13g2_a21o_1)
               0.043407    0.000000    1.801923 v _305_/A2 (sg13g2_a21o_1)
   0.008246    0.043409    0.131248    1.933171 v _305_/X (sg13g2_a21o_1)
               0.043409    0.000000    1.933171 v _308_/A2 (sg13g2_a21o_1)
   0.008246    0.043377    0.131249    2.064419 v _308_/X (sg13g2_a21o_1)
               0.043377    0.000000    2.064419 v _310_/A2 (sg13g2_a21o_1)
   0.008246    0.043211    0.131236    2.195655 v _310_/X (sg13g2_a21o_1)
               0.043211    0.000000    2.195655 v _312_/A2 (sg13g2_a21o_1)
   0.008246    0.043426    0.131169    2.326824 v _312_/X (sg13g2_a21o_1)
               0.043426    0.000000    2.326824 v _315_/A2 (sg13g2_a21o_1)
   0.008246    0.043385    0.131255    2.458079 v _315_/X (sg13g2_a21o_1)
               0.043385    0.000000    2.458079 v _318_/A2 (sg13g2_a21o_1)
   0.008421    0.043686    0.131744    2.589824 v _318_/X (sg13g2_a21o_1)
               0.043686    0.000000    2.589824 v _332_/A (sg13g2_and2_1)
   0.010000    0.042065    0.089844    2.679668 v _332_/X (sg13g2_and2_1)
               0.042065    0.000000    2.679668 v sum[27] (out)
                                       2.679668   data arrival time

               0.000000  100.000000  100.000000   clock vclk (rise edge)
                           0.000000  100.000000   clock network delay (ideal)
                           0.000000  100.000000   clock reconvergence pessimism
                           0.000000  100.000000   output external delay
                                     100.000000   data required time
---------------------------------------------------------------------------------------
                                     100.000000   data required time
                                      -2.679668   data arrival time
---------------------------------------------------------------------------------------
                                      97.320328   slack (MET)


Startpoint: a[7] (input port clocked by vclk)
Endpoint: sum[26] (output port clocked by vclk)
Path Group: vclk
Path Type: max

        Cap        Slew       Delay        Time   Description
---------------------------------------------------------------------------------------
               0.000000    0.000000    0.000000   clock vclk (rise edge)
                           0.000000    0.000000   clock network delay (ideal)
                           0.000000    0.000000 ^ input external delay
   0.008840    0.050000    0.000000    0.000000 ^ a[7] (in)
               0.050000    0.000000    0.000000 ^ _227_/A (sg13g2_xor2_1)
   0.017896    0.175026    0.187434    0.187434 ^ _227_/X (sg13g2_xor2_1)
               0.175026    0.000000    0.187434 ^ _268_/B (sg13g2_nand4_1)
   0.002715    0.087341    0.131189    0.318624 v _268_/Y (sg13g2_nand4_1)
               0.087341    0.000000    0.318624 v _269_/D (sg13g2_nor4_1)
   0.003007    0.119976    0.116444    0.435067 ^ _269_/Y (sg13g2_nor4_1)
               0.119976    0.000000    0.435067 ^ _276_/A2 (sg13g2_a21oi_1)
   0.002906    0.049036    0.087385    0.522453 v _276_/Y (sg13g2_a21oi_1)
               0.049036    0.000000    0.522453 v _277_/B1 (sg13g2_o21ai_1)
   0.008923    0.131118    0.066539    0.588992 ^ _277_/Y (sg13g2_o21ai_1)
               0.131118    0.000000    0.588992 ^ _280_/A2 (sg13g2_o21ai_1)
   0.008421    0.080422    0.105812    0.694804 v _280_/Y (sg13g2_o21ai_1)
               0.080422    0.000000    0.694804 v _282_/A2 (sg13g2_a21oi_1)
   0.009459    0.110696    0.128131    0.822934 ^ _282_/Y (sg13g2_a21oi_1)
               0.110696    0.000000    0.822934 ^ _286_/A2 (sg13g2_o21ai_1)
   0.005871    0.070422    0.088494    0.911428 v _286_/Y (sg13g2_o21ai_1)
               0.070422    0.000000    0.911428 v _289_/A2 (sg13g2_a21oi_1)
   0.009022    0.103896    0.121695    1.033123 ^ _289_/Y (sg13g2_a21oi_1)
               0.103896    0.000000    1.033123 ^ _291_/A2 (sg13g2_o21ai_1)
   0.008246    0.079316    0.098455    1.131578 v _291_/Y (sg13g2_o21ai_1)
               0.079316    0.000000    1.131578 v _293_/A2 (sg13g2_a21o_1)
   0.008246    0.043247    0.145618    1.277196 v _293_/X (sg13g2_a21o_1)
               0.043247    0.000000    1.277196 v _296_/A2 (sg13g2_a21o_1)
   0.008246    0.043184    0.131184    1.408380 v _296_/X (sg13g2_a21o_1)
               0.043184    0.000000    1.408380 v _298_/A2 (sg13g2_a21o_1)
   0.008246    0.043386    0.131159    1.539538 v _298_/X (sg13g2_a21o_1)
               0.043386    0.000000    1.539538 v _301_/A2 (sg13g2_a21o_1)
   0.008246    0.043151    0.131239    1.670778 v _301_/X (sg13g2_a21o_1)
               0.043151    0.000000    1.670778 v _303_/A2 (sg13g2_a21o_1)
   0.008246    0.043407    0.131145    1.801923 v _303_/X (sg13g2_a21o_1)
               0.043407    0.000000    1.801923 v _305_/A2 (sg13g2_a21o_1)
   0.008246    0.043409    0.131248    1.933171 v _305_/X (sg13g2_a21o_1)
               0.043409    0.000000    1.933171 v _308_/A2 (sg13g2_a21o_1)
   0.008246    0.043377    0.131249    2.064419 v _308_/X (sg13g2_a21o_1)
               0.043377    0.000000    2.064419 v _310_/A2 (sg13g2_a21o_1)
   0.008246    0.043211    0.131236    2.195655 v _310_/X (sg13g2_a21o_1)
               0.043211    0.000000    2.195655 v _312_/A2 (sg13g2_a21o_1)
   0.008246    0.043426    0.131169    2.326824 v _312_/X (sg13g2_a21o_1)
               0.043426    0.000000    2.326824 v _315_/A2 (sg13g2_a21o_1)
   0.008246    0.043385    0.131255    2.458079 v _315_/X (sg13g2_a21o_1)
               0.043385    0.000000    2.458079 v _334_/A (sg13g2_and2_1)
   0.010000    0.042094    0.089713    2.547793 v _334_/X (sg13g2_and2_1)
               0.042094    0.000000    2.547793 v sum[26] (out)
                                       2.547793   data arrival time

               0.000000  100.000000  100.000000   clock vclk (rise edge)
                           0.000000  100.000000   clock network delay (ideal)
                           0.000000  100.000000   clock reconvergence pessimism
                           0.000000  100.000000   output external delay
                                     100.000000   data required time
---------------------------------------------------------------------------------------
                                     100.000000   data required time
                                      -2.547793   data arrival time
---------------------------------------------------------------------------------------
                                      97.452202   slack (MET)


Startpoint: a[7] (input port clocked by vclk)
Endpoint: sum[25] (output port clocked by vclk)
Path Group: vclk
Path Type: max

        Cap        Slew       Delay        Time   Description
---------------------------------------------------------------------------------------
               0.000000    0.000000    0.000000   clock vclk (rise edge)
                           0.000000    0.000000   clock network delay (ideal)
                           0.000000    0.000000 ^ input external delay
   0.008840    0.050000    0.000000    0.000000 ^ a[7] (in)
               0.050000    0.000000    0.000000 ^ _227_/A (sg13g2_xor2_1)
   0.017896    0.175026    0.187434    0.187434 ^ _227_/X (sg13g2_xor2_1)
               0.175026    0.000000    0.187434 ^ _268_/B (sg13g2_nand4_1)
   0.002715    0.087341    0.131189    0.318624 v _268_/Y (sg13g2_nand4_1)
               0.087341    0.000000    0.318624 v _269_/D (sg13g2_nor4_1)
   0.003007    0.119976    0.116444    0.435067 ^ _269_/Y (sg13g2_nor4_1)
               0.119976    0.000000    0.435067 ^ _276_/A2 (sg13g2_a21oi_1)
   0.002906    0.049036    0.087385    0.522453 v _276_/Y (sg13g2_a21oi_1)
               0.049036    0.000000    0.522453 v _277_/B1 (sg13g2_o21ai_1)
   0.008923    0.131118    0.066539    0.588992 ^ _277_/Y (sg13g2_o21ai_1)
               0.131118    0.000000    0.588992 ^ _280_/A2 (sg13g2_o21ai_1)
   0.008421    0.080422    0.105812    0.694804 v _280_/Y (sg13g2_o21ai_1)
               0.080422    0.000000    0.694804 v _282_/A2 (sg13g2_a21oi_1)
   0.009459    0.110696    0.128131    0.822934 ^ _282_/Y (sg13g2_a21oi_1)
               0.110696    0.000000    0.822934 ^ _286_/A2 (sg13g2_o21ai_1)
   0.005871    0.070422    0.088494    0.911428 v _286_/Y (sg13g2_o21ai_1)
               0.070422    0.000000    0.911428 v _289_/A2 (sg13g2_a21oi_1)
   0.009022    0.103896    0.121695    1.033123 ^ _289_/Y (sg13g2_a21oi_1)
               0.103896    0.000000    1.033123 ^ _291_/A2 (sg13g2_o21ai_1)
   0.008246    0.079316    0.098455    1.131578 v _291_/Y (sg13g2_o21ai_1)
               0.079316    0.000000    1.131578 v _293_/A2 (sg13g2_a21o_1)
   0.008246    0.043247    0.145618    1.277196 v _293_/X (sg13g2_a21o_1)
               0.043247    0.000000    1.277196 v _296_/A2 (sg13g2_a21o_1)
   0.008246    0.043184    0.131184    1.408380 v _296_/X (sg13g2_a21o_1)
               0.043184    0.000000    1.408380 v _298_/A2 (sg13g2_a21o_1)
   0.008246    0.043386    0.131159    1.539538 v _298_/X (sg13g2_a21o_1)
               0.043386    0.000000    1.539538 v _301_/A2 (sg13g2_a21o_1)
   0.008246    0.043151    0.131239    1.670778 v _301_/X (sg13g2_a21o_1)
               0.043151    0.000000    1.670778 v _303_/A2 (sg13g2_a21o_1)
   0.008246    0.043407    0.131145    1.801923 v _303_/X (sg13g2_a21o_1)
               0.043407    0.000000    1.801923 v _305_/A2 (sg13g2_a21o_1)
   0.008246    0.043409    0.131248    1.933171 v _305_/X (sg13g2_a21o_1)
               0.043409    0.000000    1.933171 v _308_/A2 (sg13g2_a21o_1)
   0.008246    0.043377    0.131249    2.064419 v _308_/X (sg13g2_a21o_1)
               0.043377    0.000000    2.064419 v _310_/A2 (sg13g2_a21o_1)
   0.008246    0.043211    0.131236    2.195655 v _310_/X (sg13g2_a21o_1)
               0.043211    0.000000    2.195655 v _312_/A2 (sg13g2_a21o_1)
   0.008246    0.043426    0.131169    2.326824 v _312_/X (sg13g2_a21o_1)
               0.043426    0.000000    2.326824 v _336_/A (sg13g2_and2_1)
   0.010000    0.042101    0.089731    2.416555 v _336_/X (sg13g2_and2_1)
               0.042101    0.000000    2.416555 v sum[25] (out)
                                       2.416555   data arrival time

               0.000000  100.000000  100.000000   clock vclk (rise edge)
                           0.000000  100.000000   clock network delay (ideal)
                           0.000000  100.000000   clock reconvergence pessimism
                           0.000000  100.000000   output external delay
                                     100.000000   data required time
---------------------------------------------------------------------------------------
                                     100.000000   data required time
                                      -2.416555   data arrival time
---------------------------------------------------------------------------------------
                                      97.583443   slack (MET)


Startpoint: a[7] (input port clocked by vclk)
Endpoint: sum[24] (output port clocked by vclk)
Path Group: vclk
Path Type: max

        Cap        Slew       Delay        Time   Description
---------------------------------------------------------------------------------------
               0.000000    0.000000    0.000000   clock vclk (rise edge)
                           0.000000    0.000000   clock network delay (ideal)
                           0.000000    0.000000 ^ input external delay
   0.008840    0.050000    0.000000    0.000000 ^ a[7] (in)
               0.050000    0.000000    0.000000 ^ _227_/A (sg13g2_xor2_1)
   0.017896    0.175026    0.187434    0.187434 ^ _227_/X (sg13g2_xor2_1)
               0.175026    0.000000    0.187434 ^ _268_/B (sg13g2_nand4_1)
   0.002715    0.087341    0.131189    0.318624 v _268_/Y (sg13g2_nand4_1)
               0.087341    0.000000    0.318624 v _269_/D (sg13g2_nor4_1)
   0.003007    0.119976    0.116444    0.435067 ^ _269_/Y (sg13g2_nor4_1)
               0.119976    0.000000    0.435067 ^ _276_/A2 (sg13g2_a21oi_1)
   0.002906    0.049036    0.087385    0.522453 v _276_/Y (sg13g2_a21oi_1)
               0.049036    0.000000    0.522453 v _277_/B1 (sg13g2_o21ai_1)
   0.008923    0.131118    0.066539    0.588992 ^ _277_/Y (sg13g2_o21ai_1)
               0.131118    0.000000    0.588992 ^ _280_/A2 (sg13g2_o21ai_1)
   0.008421    0.080422    0.105812    0.694804 v _280_/Y (sg13g2_o21ai_1)
               0.080422    0.000000    0.694804 v _282_/A2 (sg13g2_a21oi_1)
   0.009459    0.110696    0.128131    0.822934 ^ _282_/Y (sg13g2_a21oi_1)
               0.110696    0.000000    0.822934 ^ _286_/A2 (sg13g2_o21ai_1)
   0.005871    0.070422    0.088494    0.911428 v _286_/Y (sg13g2_o21ai_1)
               0.070422    0.000000    0.911428 v _289_/A2 (sg13g2_a21oi_1)
   0.009022    0.103896    0.121695    1.033123 ^ _289_/Y (sg13g2_a21oi_1)
               0.103896    0.000000    1.033123 ^ _291_/A2 (sg13g2_o21ai_1)
   0.008246    0.079316    0.098455    1.131578 v _291_/Y (sg13g2_o21ai_1)
               0.079316    0.000000    1.131578 v _293_/A2 (sg13g2_a21o_1)
   0.008246    0.043247    0.145618    1.277196 v _293_/X (sg13g2_a21o_1)
               0.043247    0.000000    1.277196 v _296_/A2 (sg13g2_a21o_1)
   0.008246    0.043184    0.131184    1.408380 v _296_/X (sg13g2_a21o_1)
               0.043184    0.000000    1.408380 v _298_/A2 (sg13g2_a21o_1)
   0.008246    0.043386    0.131159    1.539538 v _298_/X (sg13g2_a21o_1)
               0.043386    0.000000    1.539538 v _301_/A2 (sg13g2_a21o_1)
   0.008246    0.043151    0.131239    1.670778 v _301_/X (sg13g2_a21o_1)
               0.043151    0.000000    1.670778 v _303_/A2 (sg13g2_a21o_1)
   0.008246    0.043407    0.131145    1.801923 v _303_/X (sg13g2_a21o_1)
               0.043407    0.000000    1.801923 v _305_/A2 (sg13g2_a21o_1)
   0.008246    0.043409    0.131248    1.933171 v _305_/X (sg13g2_a21o_1)
               0.043409    0.000000    1.933171 v _308_/A2 (sg13g2_a21o_1)
   0.008246    0.043377    0.131249    2.064419 v _308_/X (sg13g2_a21o_1)
               0.043377    0.000000    2.064419 v _310_/A2 (sg13g2_a21o_1)
   0.008246    0.043211    0.131236    2.195655 v _310_/X (sg13g2_a21o_1)
               0.043211    0.000000    2.195655 v _338_/A (sg13g2_and2_1)
   0.010000    0.042107    0.089637    2.285292 v _338_/X (sg13g2_and2_1)
               0.042107    0.000000    2.285292 v sum[24] (out)
                                       2.285292   data arrival time

               0.000000  100.000000  100.000000   clock vclk (rise edge)
                           0.000000  100.000000   clock network delay (ideal)
                           0.000000  100.000000   clock reconvergence pessimism
                           0.000000  100.000000   output external delay
                                     100.000000   data required time
---------------------------------------------------------------------------------------
                                     100.000000   data required time
                                      -2.285292   data arrival time
---------------------------------------------------------------------------------------
                                      97.714706   slack (MET)


Startpoint: a[7] (input port clocked by vclk)
Endpoint: sum[23] (output port clocked by vclk)
Path Group: vclk
Path Type: max

        Cap        Slew       Delay        Time   Description
---------------------------------------------------------------------------------------
               0.000000    0.000000    0.000000   clock vclk (rise edge)
                           0.000000    0.000000   clock network delay (ideal)
                           0.000000    0.000000 ^ input external delay
   0.008840    0.050000    0.000000    0.000000 ^ a[7] (in)
               0.050000    0.000000    0.000000 ^ _227_/A (sg13g2_xor2_1)
   0.017896    0.175026    0.187434    0.187434 ^ _227_/X (sg13g2_xor2_1)
               0.175026    0.000000    0.187434 ^ _268_/B (sg13g2_nand4_1)
   0.002715    0.087341    0.131189    0.318624 v _268_/Y (sg13g2_nand4_1)
               0.087341    0.000000    0.318624 v _269_/D (sg13g2_nor4_1)
   0.003007    0.119976    0.116444    0.435067 ^ _269_/Y (sg13g2_nor4_1)
               0.119976    0.000000    0.435067 ^ _276_/A2 (sg13g2_a21oi_1)
   0.002906    0.049036    0.087385    0.522453 v _276_/Y (sg13g2_a21oi_1)
               0.049036    0.000000    0.522453 v _277_/B1 (sg13g2_o21ai_1)
   0.008923    0.131118    0.066539    0.588992 ^ _277_/Y (sg13g2_o21ai_1)
               0.131118    0.000000    0.588992 ^ _280_/A2 (sg13g2_o21ai_1)
   0.008421    0.080422    0.105812    0.694804 v _280_/Y (sg13g2_o21ai_1)
               0.080422    0.000000    0.694804 v _282_/A2 (sg13g2_a21oi_1)
   0.009459    0.110696    0.128131    0.822934 ^ _282_/Y (sg13g2_a21oi_1)
               0.110696    0.000000    0.822934 ^ _286_/A2 (sg13g2_o21ai_1)
   0.005871    0.070422    0.088494    0.911428 v _286_/Y (sg13g2_o21ai_1)
               0.070422    0.000000    0.911428 v _289_/A2 (sg13g2_a21oi_1)
   0.009022    0.103896    0.121695    1.033123 ^ _289_/Y (sg13g2_a21oi_1)
               0.103896    0.000000    1.033123 ^ _291_/A2 (sg13g2_o21ai_1)
   0.008246    0.079316    0.098455    1.131578 v _291_/Y (sg13g2_o21ai_1)
               0.079316    0.000000    1.131578 v _293_/A2 (sg13g2_a21o_1)
   0.008246    0.043247    0.145618    1.277196 v _293_/X (sg13g2_a21o_1)
               0.043247    0.000000    1.277196 v _296_/A2 (sg13g2_a21o_1)
   0.008246    0.043184    0.131184    1.408380 v _296_/X (sg13g2_a21o_1)
               0.043184    0.000000    1.408380 v _298_/A2 (sg13g2_a21o_1)
   0.008246    0.043386    0.131159    1.539538 v _298_/X (sg13g2_a21o_1)
               0.043386    0.000000    1.539538 v _301_/A2 (sg13g2_a21o_1)
   0.008246    0.043151    0.131239    1.670778 v _301_/X (sg13g2_a21o_1)
               0.043151    0.000000    1.670778 v _303_/A2 (sg13g2_a21o_1)
   0.008246    0.043407    0.131145    1.801923 v _303_/X (sg13g2_a21o_1)
               0.043407    0.000000    1.801923 v _305_/A2 (sg13g2_a21o_1)
   0.008246    0.043409    0.131248    1.933171 v _305_/X (sg13g2_a21o_1)
               0.043409    0.000000    1.933171 v _308_/A2 (sg13g2_a21o_1)
   0.008246    0.043377    0.131249    2.064419 v _308_/X (sg13g2_a21o_1)
               0.043377    0.000000    2.064419 v _340_/A (sg13g2_and2_1)
   0.010000    0.042061    0.089710    2.154129 v _340_/X (sg13g2_and2_1)
               0.042061    0.000000    2.154129 v sum[23] (out)
                                       2.154129   data arrival time

               0.000000  100.000000  100.000000   clock vclk (rise edge)
                           0.000000  100.000000   clock network delay (ideal)
                           0.000000  100.000000   clock reconvergence pessimism
                           0.000000  100.000000   output external delay
                                     100.000000   data required time
---------------------------------------------------------------------------------------
                                     100.000000   data required time
                                      -2.154129   data arrival time
---------------------------------------------------------------------------------------
                                      97.845863   slack (MET)


Startpoint: a[7] (input port clocked by vclk)
Endpoint: sum[22] (output port clocked by vclk)
Path Group: vclk
Path Type: max

        Cap        Slew       Delay        Time   Description
---------------------------------------------------------------------------------------
               0.000000    0.000000    0.000000   clock vclk (rise edge)
                           0.000000    0.000000   clock network delay (ideal)
                           0.000000    0.000000 ^ input external delay
   0.008840    0.050000    0.000000    0.000000 ^ a[7] (in)
               0.050000    0.000000    0.000000 ^ _227_/A (sg13g2_xor2_1)
   0.017896    0.175026    0.187434    0.187434 ^ _227_/X (sg13g2_xor2_1)
               0.175026    0.000000    0.187434 ^ _268_/B (sg13g2_nand4_1)
   0.002715    0.087341    0.131189    0.318624 v _268_/Y (sg13g2_nand4_1)
               0.087341    0.000000    0.318624 v _269_/D (sg13g2_nor4_1)
   0.003007    0.119976    0.116444    0.435067 ^ _269_/Y (sg13g2_nor4_1)
               0.119976    0.000000    0.435067 ^ _276_/A2 (sg13g2_a21oi_1)
   0.002906    0.049036    0.087385    0.522453 v _276_/Y (sg13g2_a21oi_1)
               0.049036    0.000000    0.522453 v _277_/B1 (sg13g2_o21ai_1)
   0.008923    0.131118    0.066539    0.588992 ^ _277_/Y (sg13g2_o21ai_1)
               0.131118    0.000000    0.588992 ^ _280_/A2 (sg13g2_o21ai_1)
   0.008421    0.080422    0.105812    0.694804 v _280_/Y (sg13g2_o21ai_1)
               0.080422    0.000000    0.694804 v _282_/A2 (sg13g2_a21oi_1)
   0.009459    0.110696    0.128131    0.822934 ^ _282_/Y (sg13g2_a21oi_1)
               0.110696    0.000000    0.822934 ^ _286_/A2 (sg13g2_o21ai_1)
   0.005871    0.070422    0.088494    0.911428 v _286_/Y (sg13g2_o21ai_1)
               0.070422    0.000000    0.911428 v _289_/A2 (sg13g2_a21oi_1)
   0.009022    0.103896    0.121695    1.033123 ^ _289_/Y (sg13g2_a21oi_1)
               0.103896    0.000000    1.033123 ^ _291_/A2 (sg13g2_o21ai_1)
   0.008246    0.079316    0.098455    1.131578 v _291_/Y (sg13g2_o21ai_1)
               0.079316    0.000000    1.131578 v _293_/A2 (sg13g2_a21o_1)
   0.008246    0.043247    0.145618    1.277196 v _293_/X (sg13g2_a21o_1)
               0.043247    0.000000    1.277196 v _296_/A2 (sg13g2_a21o_1)
   0.008246    0.043184    0.131184    1.408380 v _296_/X (sg13g2_a21o_1)
               0.043184    0.000000    1.408380 v _298_/A2 (sg13g2_a21o_1)
   0.008246    0.043386    0.131159    1.539538 v _298_/X (sg13g2_a21o_1)
               0.043386    0.000000    1.539538 v _301_/A2 (sg13g2_a21o_1)
   0.008246    0.043151    0.131239    1.670778 v _301_/X (sg13g2_a21o_1)
               0.043151    0.000000    1.670778 v _303_/A2 (sg13g2_a21o_1)
   0.008246    0.043407    0.131145    1.801923 v _303_/X (sg13g2_a21o_1)
               0.043407    0.000000    1.801923 v _305_/A2 (sg13g2_a21o_1)
   0.008246    0.043409    0.131248    1.933171 v _305_/X (sg13g2_a21o_1)
               0.043409    0.000000    1.933171 v _342_/A (sg13g2_and2_1)
   0.010000    0.042100    0.089724    2.022895 v _342_/X (sg13g2_and2_1)
               0.042100    0.000000    2.022895 v sum[22] (out)
                                       2.022895   data arrival time

               0.000000  100.000000  100.000000   clock vclk (rise edge)
                           0.000000  100.000000   clock network delay (ideal)
                           0.000000  100.000000   clock reconvergence pessimism
                           0.000000  100.000000   output external delay
                                     100.000000   data required time
---------------------------------------------------------------------------------------
                                     100.000000   data required time
                                      -2.022895   data arrival time
---------------------------------------------------------------------------------------
                                      97.977104   slack (MET)


Startpoint: a[7] (input port clocked by vclk)
Endpoint: sum[21] (output port clocked by vclk)
Path Group: vclk
Path Type: max

        Cap        Slew       Delay        Time   Description
---------------------------------------------------------------------------------------
               0.000000    0.000000    0.000000   clock vclk (rise edge)
                           0.000000    0.000000   clock network delay (ideal)
                           0.000000    0.000000 ^ input external delay
   0.008840    0.050000    0.000000    0.000000 ^ a[7] (in)
               0.050000    0.000000    0.000000 ^ _227_/A (sg13g2_xor2_1)
   0.017896    0.175026    0.187434    0.187434 ^ _227_/X (sg13g2_xor2_1)
               0.175026    0.000000    0.187434 ^ _268_/B (sg13g2_nand4_1)
   0.002715    0.087341    0.131189    0.318624 v _268_/Y (sg13g2_nand4_1)
               0.087341    0.000000    0.318624 v _269_/D (sg13g2_nor4_1)
   0.003007    0.119976    0.116444    0.435067 ^ _269_/Y (sg13g2_nor4_1)
               0.119976    0.000000    0.435067 ^ _276_/A2 (sg13g2_a21oi_1)
   0.002906    0.049036    0.087385    0.522453 v _276_/Y (sg13g2_a21oi_1)
               0.049036    0.000000    0.522453 v _277_/B1 (sg13g2_o21ai_1)
   0.008923    0.131118    0.066539    0.588992 ^ _277_/Y (sg13g2_o21ai_1)
               0.131118    0.000000    0.588992 ^ _280_/A2 (sg13g2_o21ai_1)
   0.008421    0.080422    0.105812    0.694804 v _280_/Y (sg13g2_o21ai_1)
               0.080422    0.000000    0.694804 v _282_/A2 (sg13g2_a21oi_1)
   0.009459    0.110696    0.128131    0.822934 ^ _282_/Y (sg13g2_a21oi_1)
               0.110696    0.000000    0.822934 ^ _286_/A2 (sg13g2_o21ai_1)
   0.005871    0.070422    0.088494    0.911428 v _286_/Y (sg13g2_o21ai_1)
               0.070422    0.000000    0.911428 v _289_/A2 (sg13g2_a21oi_1)
   0.009022    0.103896    0.121695    1.033123 ^ _289_/Y (sg13g2_a21oi_1)
               0.103896    0.000000    1.033123 ^ _291_/A2 (sg13g2_o21ai_1)
   0.008246    0.079316    0.098455    1.131578 v _291_/Y (sg13g2_o21ai_1)
               0.079316    0.000000    1.131578 v _293_/A2 (sg13g2_a21o_1)
   0.008246    0.043247    0.145618    1.277196 v _293_/X (sg13g2_a21o_1)
               0.043247    0.000000    1.277196 v _296_/A2 (sg13g2_a21o_1)
   0.008246    0.043184    0.131184    1.408380 v _296_/X (sg13g2_a21o_1)
               0.043184    0.000000    1.408380 v _298_/A2 (sg13g2_a21o_1)
   0.008246    0.043386    0.131159    1.539538 v _298_/X (sg13g2_a21o_1)
               0.043386    0.000000    1.539538 v _301_/A2 (sg13g2_a21o_1)
   0.008246    0.043151    0.131239    1.670778 v _301_/X (sg13g2_a21o_1)
               0.043151    0.000000    1.670778 v _303_/A2 (sg13g2_a21o_1)
   0.008246    0.043407    0.131145    1.801923 v _303_/X (sg13g2_a21o_1)
               0.043407    0.000000    1.801923 v _344_/A (sg13g2_and2_1)
   0.010000    0.042106    0.089723    1.891646 v _344_/X (sg13g2_and2_1)
               0.042106    0.000000    1.891646 v sum[21] (out)
                                       1.891646   data arrival time

               0.000000  100.000000  100.000000   clock vclk (rise edge)
                           0.000000  100.000000   clock network delay (ideal)
                           0.000000  100.000000   clock reconvergence pessimism
                           0.000000  100.000000   output external delay
                                     100.000000   data required time
---------------------------------------------------------------------------------------
                                     100.000000   data required time
                                      -1.891646   data arrival time
---------------------------------------------------------------------------------------
                                      98.108353   slack (MET)


Startpoint: a[7] (input port clocked by vclk)
Endpoint: sum[20] (output port clocked by vclk)
Path Group: vclk
Path Type: max

        Cap        Slew       Delay        Time   Description
---------------------------------------------------------------------------------------
               0.000000    0.000000    0.000000   clock vclk (rise edge)
                           0.000000    0.000000   clock network delay (ideal)
                           0.000000    0.000000 ^ input external delay
   0.008840    0.050000    0.000000    0.000000 ^ a[7] (in)
               0.050000    0.000000    0.000000 ^ _227_/A (sg13g2_xor2_1)
   0.017896    0.175026    0.187434    0.187434 ^ _227_/X (sg13g2_xor2_1)
               0.175026    0.000000    0.187434 ^ _268_/B (sg13g2_nand4_1)
   0.002715    0.087341    0.131189    0.318624 v _268_/Y (sg13g2_nand4_1)
               0.087341    0.000000    0.318624 v _269_/D (sg13g2_nor4_1)
   0.003007    0.119976    0.116444    0.435067 ^ _269_/Y (sg13g2_nor4_1)
               0.119976    0.000000    0.435067 ^ _276_/A2 (sg13g2_a21oi_1)
   0.002906    0.049036    0.087385    0.522453 v _276_/Y (sg13g2_a21oi_1)
               0.049036    0.000000    0.522453 v _277_/B1 (sg13g2_o21ai_1)
   0.008923    0.131118    0.066539    0.588992 ^ _277_/Y (sg13g2_o21ai_1)
               0.131118    0.000000    0.588992 ^ _280_/A2 (sg13g2_o21ai_1)
   0.008421    0.080422    0.105812    0.694804 v _280_/Y (sg13g2_o21ai_1)
               0.080422    0.000000    0.694804 v _282_/A2 (sg13g2_a21oi_1)
   0.009459    0.110696    0.128131    0.822934 ^ _282_/Y (sg13g2_a21oi_1)
               0.110696    0.000000    0.822934 ^ _286_/A2 (sg13g2_o21ai_1)
   0.005871    0.070422    0.088494    0.911428 v _286_/Y (sg13g2_o21ai_1)
               0.070422    0.000000    0.911428 v _289_/A2 (sg13g2_a21oi_1)
   0.009022    0.103896    0.121695    1.033123 ^ _289_/Y (sg13g2_a21oi_1)
               0.103896    0.000000    1.033123 ^ _291_/A2 (sg13g2_o21ai_1)
   0.008246    0.079316    0.098455    1.131578 v _291_/Y (sg13g2_o21ai_1)
               0.079316    0.000000    1.131578 v _293_/A2 (sg13g2_a21o_1)
   0.008246    0.043247    0.145618    1.277196 v _293_/X (sg13g2_a21o_1)
               0.043247    0.000000    1.277196 v _296_/A2 (sg13g2_a21o_1)
   0.008246    0.043184    0.131184    1.408380 v _296_/X (sg13g2_a21o_1)
               0.043184    0.000000    1.408380 v _298_/A2 (sg13g2_a21o_1)
   0.008246    0.043386    0.131159    1.539538 v _298_/X (sg13g2_a21o_1)
               0.043386    0.000000    1.539538 v _301_/A2 (sg13g2_a21o_1)
   0.008246    0.043151    0.131239    1.670778 v _301_/X (sg13g2_a21o_1)
               0.043151    0.000000    1.670778 v _346_/A (sg13g2_and2_1)
   0.010000    0.042071    0.089611    1.760389 v _346_/X (sg13g2_and2_1)
               0.042071    0.000000    1.760389 v sum[20] (out)
                                       1.760389   data arrival time

               0.000000  100.000000  100.000000   clock vclk (rise edge)
                           0.000000  100.000000   clock network delay (ideal)
                           0.000000  100.000000   clock reconvergence pessimism
                           0.000000  100.000000   output external delay
                                     100.000000   data required time
---------------------------------------------------------------------------------------
                                     100.000000   data required time
                                      -1.760389   data arrival time
---------------------------------------------------------------------------------------
                                      98.239609   slack (MET)


Startpoint: a[7] (input port clocked by vclk)
Endpoint: sum[19] (output port clocked by vclk)
Path Group: vclk
Path Type: max

        Cap        Slew       Delay        Time   Description
---------------------------------------------------------------------------------------
               0.000000    0.000000    0.000000   clock vclk (rise edge)
                           0.000000    0.000000   clock network delay (ideal)
                           0.000000    0.000000 ^ input external delay
   0.008840    0.050000    0.000000    0.000000 ^ a[7] (in)
               0.050000    0.000000    0.000000 ^ _227_/A (sg13g2_xor2_1)
   0.017896    0.175026    0.187434    0.187434 ^ _227_/X (sg13g2_xor2_1)
               0.175026    0.000000    0.187434 ^ _268_/B (sg13g2_nand4_1)
   0.002715    0.087341    0.131189    0.318624 v _268_/Y (sg13g2_nand4_1)
               0.087341    0.000000    0.318624 v _269_/D (sg13g2_nor4_1)
   0.003007    0.119976    0.116444    0.435067 ^ _269_/Y (sg13g2_nor4_1)
               0.119976    0.000000    0.435067 ^ _276_/A2 (sg13g2_a21oi_1)
   0.002906    0.049036    0.087385    0.522453 v _276_/Y (sg13g2_a21oi_1)
               0.049036    0.000000    0.522453 v _277_/B1 (sg13g2_o21ai_1)
   0.008923    0.131118    0.066539    0.588992 ^ _277_/Y (sg13g2_o21ai_1)
               0.131118    0.000000    0.588992 ^ _280_/A2 (sg13g2_o21ai_1)
   0.008421    0.080422    0.105812    0.694804 v _280_/Y (sg13g2_o21ai_1)
               0.080422    0.000000    0.694804 v _282_/A2 (sg13g2_a21oi_1)
   0.009459    0.110696    0.128131    0.822934 ^ _282_/Y (sg13g2_a21oi_1)
               0.110696    0.000000    0.822934 ^ _286_/A2 (sg13g2_o21ai_1)
   0.005871    0.070422    0.088494    0.911428 v _286_/Y (sg13g2_o21ai_1)
               0.070422    0.000000    0.911428 v _289_/A2 (sg13g2_a21oi_1)
   0.009022    0.103896    0.121695    1.033123 ^ _289_/Y (sg13g2_a21oi_1)
               0.103896    0.000000    1.033123 ^ _291_/A2 (sg13g2_o21ai_1)
   0.008246    0.079316    0.098455    1.131578 v _291_/Y (sg13g2_o21ai_1)
               0.079316    0.000000    1.131578 v _293_/A2 (sg13g2_a21o_1)
   0.008246    0.043247    0.145618    1.277196 v _293_/X (sg13g2_a21o_1)
               0.043247    0.000000    1.277196 v _296_/A2 (sg13g2_a21o_1)
   0.008246    0.043184    0.131184    1.408380 v _296_/X (sg13g2_a21o_1)
               0.043184    0.000000    1.408380 v _298_/A2 (sg13g2_a21o_1)
   0.008246    0.043386    0.131159    1.539538 v _298_/X (sg13g2_a21o_1)
               0.043386    0.000000    1.539538 v _348_/A (sg13g2_and2_1)
   0.010000    0.042107    0.089713    1.629252 v _348_/X (sg13g2_and2_1)
               0.042107    0.000000    1.629252 v sum[19] (out)
                                       1.629252   data arrival time

               0.000000  100.000000  100.000000   clock vclk (rise edge)
                           0.000000  100.000000   clock network delay (ideal)
                           0.000000  100.000000   clock reconvergence pessimism
                           0.000000  100.000000   output external delay
                                     100.000000   data required time
---------------------------------------------------------------------------------------
                                     100.000000   data required time
                                      -1.629252   data arrival time
---------------------------------------------------------------------------------------
                                      98.370743   slack (MET)


Startpoint: a[0] (input port clocked by vclk)
Endpoint: sum[11] (output port clocked by vclk)
Path Group: vclk
Path Type: max

        Cap        Slew       Delay        Time   Description
---------------------------------------------------------------------------------------
               0.000000    0.000000    0.000000   clock vclk (rise edge)
                           0.000000    0.000000   clock network delay (ideal)
                           0.000000    0.000000 ^ input external delay
   0.008407    0.050000    0.000000    0.000000 ^ a[0] (in)
               0.050000    0.000000    0.000000 ^ _238_/A (sg13g2_xor2_1)
   0.010591    0.116236    0.143878    0.143878 ^ _238_/X (sg13g2_xor2_1)
               0.116236    0.000000    0.143878 ^ _239_/B (sg13g2_and2_1)
   0.006452    0.041746    0.124338    0.268216 ^ _239_/X (sg13g2_and2_1)
               0.041746    0.000000    0.268216 ^ _245_/A2 (sg13g2_o21ai_1)
   0.005871    0.058635    0.067363    0.335579 v _245_/Y (sg13g2_o21ai_1)
               0.058635    0.000000    0.335579 v _247_/A2 (sg13g2_a21oi_1)
   0.008207    0.098903    0.112349    0.447928 ^ _247_/Y (sg13g2_a21oi_1)
               0.098903    0.000000    0.447928 ^ _250_/C1 (sg13g2_a221oi_1)
   0.006157    0.086835    0.065443    0.513371 v _250_/Y (sg13g2_a221oi_1)
               0.086835    0.000000    0.513371 v _256_/A (sg13g2_nor3_1)
   0.006452    0.127442    0.146612    0.659983 ^ _256_/Y (sg13g2_nor3_1)
               0.127442    0.000000    0.659983 ^ _258_/A2 (sg13g2_o21ai_1)
   0.005806    0.071203    0.091781    0.751764 v _258_/Y (sg13g2_o21ai_1)
               0.071203    0.000000    0.751764 v _259_/A2 (sg13g2_a21oi_1)
   0.009459    0.107407    0.124618    0.876382 ^ _259_/Y (sg13g2_a21oi_1)
               0.107407    0.000000    0.876382 ^ _261_/A2 (sg13g2_o21ai_1)
   0.005631    0.078437    0.086624    0.963006 v _261_/Y (sg13g2_o21ai_1)
               0.078437    0.000000    0.963006 v _262_/A2 (sg13g2_a21o_1)
   0.008356    0.043321    0.145585    1.108592 v _262_/X (sg13g2_a21o_1)
               0.043321    0.000000    1.108592 v _263_/A2 (sg13g2_a21oi_1)
   0.005765    0.076788    0.092062    1.200653 ^ _263_/Y (sg13g2_a21oi_1)
               0.076788    0.000000    1.200653 ^ _264_/B1 (sg13g2_a21oi_1)
   0.008313    0.072071    0.061360    1.262013 v _264_/Y (sg13g2_a21oi_1)
               0.072071    0.000000    1.262013 v _265_/A2 (sg13g2_o21ai_1)
   0.005250    0.094852    0.109337    1.371351 ^ _265_/Y (sg13g2_o21ai_1)
               0.094852    0.000000    1.371351 ^ _362_/B (sg13g2_xor2_1)
   0.010000    0.113219    0.158048    1.529398 ^ _362_/X (sg13g2_xor2_1)
               0.113219    0.000000    1.529398 ^ sum[11] (out)
                                       1.529398   data arrival time

               0.000000  100.000000  100.000000   clock vclk (rise edge)
                           0.000000  100.000000   clock network delay (ideal)
                           0.000000  100.000000   clock reconvergence pessimism
                           0.000000  100.000000   output external delay
                                     100.000000   data required time
---------------------------------------------------------------------------------------
                                     100.000000   data required time
                                      -1.529398   data arrival time
---------------------------------------------------------------------------------------
                                      98.470596   slack (MET)


Startpoint: a[0] (input port clocked by vclk)
Endpoint: sum[18] (output port clocked by vclk)
Path Group: vclk
Path Type: max

        Cap        Slew       Delay        Time   Description
---------------------------------------------------------------------------------------
               0.000000    0.000000    0.000000   clock vclk (rise edge)
                           0.000000    0.000000   clock network delay (ideal)
                           0.000000    0.000000 v input external delay
   0.008269    0.050000    0.000000    0.000000 v a[0] (in)
               0.050000    0.000000    0.000000 v _238_/A (sg13g2_xor2_1)
   0.010385    0.083372    0.125341    0.125341 v _238_/X (sg13g2_xor2_1)
               0.083372    0.000000    0.125341 v _241_/B1 (sg13g2_a221oi_1)
   0.003394    0.113253    0.138896    0.264237 ^ _241_/Y (sg13g2_a221oi_1)
               0.113253    0.000000    0.264237 ^ _251_/A1 (sg13g2_o21ai_1)
   0.002786    0.046818    0.085194    0.349431 v _251_/Y (sg13g2_o21ai_1)
               0.046818    0.000000    0.349431 v _276_/A1 (sg13g2_a21oi_1)
   0.003230    0.057529    0.069438    0.418870 ^ _276_/Y (sg13g2_a21oi_1)
               0.057529    0.000000    0.418870 ^ _277_/B1 (sg13g2_o21ai_1)
   0.008599    0.074830    0.087528    0.506398 v _277_/Y (sg13g2_o21ai_1)
               0.074830    0.000000    0.506398 v _280_/A2 (sg13g2_o21ai_1)
   0.008697    0.127025    0.135400    0.641798 ^ _280_/Y (sg13g2_o21ai_1)
               0.127025    0.000000    0.641798 ^ _282_/A2 (sg13g2_a21oi_1)
   0.008972    0.081668    0.118562    0.760361 v _282_/Y (sg13g2_a21oi_1)
               0.081668    0.000000    0.760361 v _286_/A2 (sg13g2_o21ai_1)
   0.006143    0.104232    0.119556    0.879917 ^ _286_/Y (sg13g2_o21ai_1)
               0.104232    0.000000    0.879917 ^ _289_/A2 (sg13g2_a21oi_1)
   0.008611    0.076814    0.109804    0.989720 v _289_/Y (sg13g2_a21oi_1)
               0.076814    0.000000    0.989720 v _291_/A2 (sg13g2_o21ai_1)
   0.008549    0.125858    0.135118    1.124838 ^ _291_/Y (sg13g2_o21ai_1)
               0.125858    0.000000    1.124838 ^ _293_/A2 (sg13g2_a21o_1)
   0.008549    0.050971    0.151071    1.275910 ^ _293_/X (sg13g2_a21o_1)
               0.050971    0.000000    1.275910 ^ _296_/A2 (sg13g2_a21o_1)
   0.008549    0.050105    0.122202    1.398112 ^ _296_/X (sg13g2_a21o_1)
               0.050105    0.000000    1.398112 ^ _350_/A (sg13g2_and2_1)
   0.010000    0.054228    0.107245    1.505357 ^ _350_/X (sg13g2_and2_1)
               0.054228    0.000000    1.505357 ^ sum[18] (out)
                                       1.505357   data arrival time

               0.000000  100.000000  100.000000   clock vclk (rise edge)
                           0.000000  100.000000   clock network delay (ideal)
                           0.000000  100.000000   clock reconvergence pessimism
                           0.000000  100.000000   output external delay
                                     100.000000   data required time
---------------------------------------------------------------------------------------
                                     100.000000   data required time
                                      -1.505357   data arrival time
---------------------------------------------------------------------------------------
                                      98.494644   slack (MET)


Startpoint: a[0] (input port clocked by vclk)
Endpoint: sum[10] (output port clocked by vclk)
Path Group: vclk
Path Type: max

        Cap        Slew       Delay        Time   Description
---------------------------------------------------------------------------------------
               0.000000    0.000000    0.000000   clock vclk (rise edge)
                           0.000000    0.000000   clock network delay (ideal)
                           0.000000    0.000000 v input external delay
   0.008269    0.050000    0.000000    0.000000 v a[0] (in)
               0.050000    0.000000    0.000000 v _238_/A (sg13g2_xor2_1)
   0.010385    0.083372    0.125341    0.125341 v _238_/X (sg13g2_xor2_1)
               0.083372    0.000000    0.125341 v _239_/B (sg13g2_and2_1)
   0.006113    0.031605    0.104287    0.229628 v _239_/X (sg13g2_and2_1)
               0.031605    0.000000    0.229628 v _245_/A2 (sg13g2_o21ai_1)
   0.006143    0.098394    0.099975    0.329604 ^ _245_/Y (sg13g2_o21ai_1)
               0.098394    0.000000    0.329604 ^ _247_/A2 (sg13g2_a21oi_1)
   0.008244    0.074138    0.106317    0.435921 v _247_/Y (sg13g2_a21oi_1)
               0.074138    0.000000    0.435921 v _250_/C1 (sg13g2_a221oi_1)
   0.006017    0.145063    0.134041    0.569961 ^ _250_/Y (sg13g2_a221oi_1)
               0.145063    0.000000    0.569961 ^ _256_/A (sg13g2_nor3_1)
   0.006113    0.057900    0.088104    0.658065 v _256_/Y (sg13g2_nor3_1)
               0.057900    0.000000    0.658065 v _258_/A2 (sg13g2_o21ai_1)
   0.006110    0.101151    0.110022    0.768087 ^ _258_/Y (sg13g2_o21ai_1)
               0.101151    0.000000    0.768087 ^ _259_/A2 (sg13g2_a21oi_1)
   0.008972    0.078300    0.110528    0.878614 v _259_/Y (sg13g2_a21oi_1)
               0.078300    0.000000    0.878614 v _261_/A2 (sg13g2_o21ai_1)
   0.005962    0.102169    0.116922    0.995537 ^ _261_/Y (sg13g2_o21ai_1)
               0.102169    0.000000    0.995537 ^ _262_/A2 (sg13g2_a21o_1)
   0.008664    0.050968    0.143752    1.139289 ^ _262_/X (sg13g2_a21o_1)
               0.050968    0.000000    1.139289 ^ _263_/A2 (sg13g2_a21oi_1)
   0.005587    0.060197    0.075694    1.214983 v _263_/Y (sg13g2_a21oi_1)
               0.060197    0.000000    1.214983 v _264_/B1 (sg13g2_a21oi_1)
   0.008451    0.101387    0.104412    1.319395 ^ _264_/Y (sg13g2_a21oi_1)
               0.101387    0.000000    1.319395 ^ _363_/B (sg13g2_xnor2_1)
   0.010000    0.117522    0.129018    1.448413 ^ _363_/Y (sg13g2_xnor2_1)
               0.117522    0.000000    1.448413 ^ sum[10] (out)
                                       1.448413   data arrival time

               0.000000  100.000000  100.000000   clock vclk (rise edge)
                           0.000000  100.000000   clock network delay (ideal)
                           0.000000  100.000000   clock reconvergence pessimism
                           0.000000  100.000000   output external delay
                                     100.000000   data required time
---------------------------------------------------------------------------------------
                                     100.000000   data required time
                                      -1.448413   data arrival time
---------------------------------------------------------------------------------------
                                      98.551582   slack (MET)


Startpoint: a[0] (input port clocked by vclk)
Endpoint: sum[17] (output port clocked by vclk)
Path Group: vclk
Path Type: max

        Cap        Slew       Delay        Time   Description
---------------------------------------------------------------------------------------
               0.000000    0.000000    0.000000   clock vclk (rise edge)
                           0.000000    0.000000   clock network delay (ideal)
                           0.000000    0.000000 v input external delay
   0.008269    0.050000    0.000000    0.000000 v a[0] (in)
               0.050000    0.000000    0.000000 v _238_/A (sg13g2_xor2_1)
   0.010385    0.083372    0.125341    0.125341 v _238_/X (sg13g2_xor2_1)
               0.083372    0.000000    0.125341 v _241_/B1 (sg13g2_a221oi_1)
   0.003394    0.113253    0.138896    0.264237 ^ _241_/Y (sg13g2_a221oi_1)
               0.113253    0.000000    0.264237 ^ _251_/A1 (sg13g2_o21ai_1)
   0.002786    0.046818    0.085194    0.349431 v _251_/Y (sg13g2_o21ai_1)
               0.046818    0.000000    0.349431 v _276_/A1 (sg13g2_a21oi_1)
   0.003230    0.057529    0.069438    0.418870 ^ _276_/Y (sg13g2_a21oi_1)
               0.057529    0.000000    0.418870 ^ _277_/B1 (sg13g2_o21ai_1)
   0.008599    0.074830    0.087528    0.506398 v _277_/Y (sg13g2_o21ai_1)
               0.074830    0.000000    0.506398 v _280_/A2 (sg13g2_o21ai_1)
   0.008697    0.127025    0.135400    0.641798 ^ _280_/Y (sg13g2_o21ai_1)
               0.127025    0.000000    0.641798 ^ _282_/A2 (sg13g2_a21oi_1)
   0.008972    0.081668    0.118562    0.760361 v _282_/Y (sg13g2_a21oi_1)
               0.081668    0.000000    0.760361 v _286_/A2 (sg13g2_o21ai_1)
   0.006143    0.104232    0.119556    0.879917 ^ _286_/Y (sg13g2_o21ai_1)
               0.104232    0.000000    0.879917 ^ _289_/A2 (sg13g2_a21oi_1)
   0.008611    0.076814    0.109804    0.989720 v _289_/Y (sg13g2_a21oi_1)
               0.076814    0.000000    0.989720 v _291_/A2 (sg13g2_o21ai_1)
   0.008549    0.125858    0.135118    1.124838 ^ _291_/Y (sg13g2_o21ai_1)
               0.125858    0.000000    1.124838 ^ _293_/A2 (sg13g2_a21o_1)
   0.008549    0.050971    0.151071    1.275910 ^ _293_/X (sg13g2_a21o_1)
               0.050971    0.000000    1.275910 ^ _352_/A (sg13g2_and2_1)
   0.010000    0.054249    0.107606    1.383516 ^ _352_/X (sg13g2_and2_1)
               0.054249    0.000000    1.383516 ^ sum[17] (out)
                                       1.383516   data arrival time

               0.000000  100.000000  100.000000   clock vclk (rise edge)
                           0.000000  100.000000   clock network delay (ideal)
                           0.000000  100.000000   clock reconvergence pessimism
                           0.000000  100.000000   output external delay
                                     100.000000   data required time
---------------------------------------------------------------------------------------
                                     100.000000   data required time
                                      -1.383516   data arrival time
---------------------------------------------------------------------------------------
                                      98.616478   slack (MET)


Startpoint: a[0] (input port clocked by vclk)
Endpoint: sum[9] (output port clocked by vclk)
Path Group: vclk
Path Type: max

        Cap        Slew       Delay        Time   Description
---------------------------------------------------------------------------------------
               0.000000    0.000000    0.000000   clock vclk (rise edge)
                           0.000000    0.000000   clock network delay (ideal)
                           0.000000    0.000000 v input external delay
   0.008269    0.050000    0.000000    0.000000 v a[0] (in)
               0.050000    0.000000    0.000000 v _238_/A (sg13g2_xor2_1)
   0.010385    0.083372    0.125341    0.125341 v _238_/X (sg13g2_xor2_1)
               0.083372    0.000000    0.125341 v _239_/B (sg13g2_and2_1)
   0.006113    0.031605    0.104287    0.229628 v _239_/X (sg13g2_and2_1)
               0.031605    0.000000    0.229628 v _245_/A2 (sg13g2_o21ai_1)
   0.006143    0.098394    0.099975    0.329604 ^ _245_/Y (sg13g2_o21ai_1)
               0.098394    0.000000    0.329604 ^ _247_/A2 (sg13g2_a21oi_1)
   0.008244    0.074138    0.106317    0.435921 v _247_/Y (sg13g2_a21oi_1)
               0.074138    0.000000    0.435921 v _250_/C1 (sg13g2_a221oi_1)
   0.006017    0.145063    0.134041    0.569961 ^ _250_/Y (sg13g2_a221oi_1)
               0.145063    0.000000    0.569961 ^ _256_/A (sg13g2_nor3_1)
   0.006113    0.057900    0.088104    0.658065 v _256_/Y (sg13g2_nor3_1)
               0.057900    0.000000    0.658065 v _258_/A2 (sg13g2_o21ai_1)
   0.006110    0.101151    0.110022    0.768087 ^ _258_/Y (sg13g2_o21ai_1)
               0.101151    0.000000    0.768087 ^ _259_/A2 (sg13g2_a21oi_1)
   0.008972    0.078300    0.110528    0.878614 v _259_/Y (sg13g2_a21oi_1)
               0.078300    0.000000    0.878614 v _261_/A2 (sg13g2_o21ai_1)
   0.005962    0.102169    0.116922    0.995537 ^ _261_/Y (sg13g2_o21ai_1)
               0.102169    0.000000    0.995537 ^ _262_/A2 (sg13g2_a21o_1)
   0.008664    0.050968    0.143752    1.139289 ^ _262_/X (sg13g2_a21o_1)
               0.050968    0.000000    1.139289 ^ _263_/A2 (sg13g2_a21oi_1)
   0.005587    0.060197    0.075694    1.214983 v _263_/Y (sg13g2_a21oi_1)
               0.060197    0.000000    1.214983 v _365_/A (sg13g2_nor2b_1)
   0.010000    0.105504    0.103307    1.318290 ^ _365_/Y (sg13g2_nor2b_1)
               0.105504    0.000000    1.318290 ^ sum[9] (out)
                                       1.318290   data arrival time

               0.000000  100.000000  100.000000   clock vclk (rise edge)
                           0.000000  100.000000   clock network delay (ideal)
                           0.000000  100.000000   clock reconvergence pessimism
                           0.000000  100.000000   output external delay
                                     100.000000   data required time
---------------------------------------------------------------------------------------
                                     100.000000   data required time
                                      -1.318290   data arrival time
---------------------------------------------------------------------------------------
                                      98.681709   slack (MET)


Startpoint: a[0] (input port clocked by vclk)
Endpoint: sum[16] (output port clocked by vclk)
Path Group: vclk
Path Type: max

        Cap        Slew       Delay        Time   Description
---------------------------------------------------------------------------------------
               0.000000    0.000000    0.000000   clock vclk (rise edge)
                           0.000000    0.000000   clock network delay (ideal)
                           0.000000    0.000000 v input external delay
   0.008269    0.050000    0.000000    0.000000 v a[0] (in)
               0.050000    0.000000    0.000000 v _238_/A (sg13g2_xor2_1)
   0.010385    0.083372    0.125341    0.125341 v _238_/X (sg13g2_xor2_1)
               0.083372    0.000000    0.125341 v _241_/B1 (sg13g2_a221oi_1)
   0.003394    0.113253    0.138896    0.264237 ^ _241_/Y (sg13g2_a221oi_1)
               0.113253    0.000000    0.264237 ^ _251_/A1 (sg13g2_o21ai_1)
   0.002786    0.046818    0.085194    0.349431 v _251_/Y (sg13g2_o21ai_1)
               0.046818    0.000000    0.349431 v _276_/A1 (sg13g2_a21oi_1)
   0.003230    0.057529    0.069438    0.418870 ^ _276_/Y (sg13g2_a21oi_1)
               0.057529    0.000000    0.418870 ^ _277_/B1 (sg13g2_o21ai_1)
   0.008599    0.074830    0.087528    0.506398 v _277_/Y (sg13g2_o21ai_1)
               0.074830    0.000000    0.506398 v _280_/A2 (sg13g2_o21ai_1)
   0.008697    0.127025    0.135400    0.641798 ^ _280_/Y (sg13g2_o21ai_1)
               0.127025    0.000000    0.641798 ^ _282_/A2 (sg13g2_a21oi_1)
   0.008972    0.081668    0.118562    0.760361 v _282_/Y (sg13g2_a21oi_1)
               0.081668    0.000000    0.760361 v _286_/A2 (sg13g2_o21ai_1)
   0.006143    0.104232    0.119556    0.879917 ^ _286_/Y (sg13g2_o21ai_1)
               0.104232    0.000000    0.879917 ^ _289_/A2 (sg13g2_a21oi_1)
   0.008611    0.076814    0.109804    0.989720 v _289_/Y (sg13g2_a21oi_1)
               0.076814    0.000000    0.989720 v _291_/A2 (sg13g2_o21ai_1)
   0.008549    0.125858    0.135118    1.124838 ^ _291_/Y (sg13g2_o21ai_1)
               0.125858    0.000000    1.124838 ^ _354_/A (sg13g2_and2_1)
   0.010000    0.056231    0.134897    1.259735 ^ _354_/X (sg13g2_and2_1)
               0.056231    0.000000    1.259735 ^ sum[16] (out)
                                       1.259735   data arrival time

               0.000000  100.000000  100.000000   clock vclk (rise edge)
                           0.000000  100.000000   clock network delay (ideal)
                           0.000000  100.000000   clock reconvergence pessimism
                           0.000000  100.000000   output external delay
                                     100.000000   data required time
---------------------------------------------------------------------------------------
                                     100.000000   data required time
                                      -1.259735   data arrival time
---------------------------------------------------------------------------------------
                                      98.740265   slack (MET)


Startpoint: a[0] (input port clocked by vclk)
Endpoint: sum[8] (output port clocked by vclk)
Path Group: vclk
Path Type: max

        Cap        Slew       Delay        Time   Description
---------------------------------------------------------------------------------------
               0.000000    0.000000    0.000000   clock vclk (rise edge)
                           0.000000    0.000000   clock network delay (ideal)
                           0.000000    0.000000 v input external delay
   0.008269    0.050000    0.000000    0.000000 v a[0] (in)
               0.050000    0.000000    0.000000 v _238_/A (sg13g2_xor2_1)
   0.010385    0.083372    0.125341    0.125341 v _238_/X (sg13g2_xor2_1)
               0.083372    0.000000    0.125341 v _239_/B (sg13g2_and2_1)
   0.006113    0.031605    0.104287    0.229628 v _239_/X (sg13g2_and2_1)
               0.031605    0.000000    0.229628 v _245_/A2 (sg13g2_o21ai_1)
   0.006143    0.098394    0.099975    0.329604 ^ _245_/Y (sg13g2_o21ai_1)
               0.098394    0.000000    0.329604 ^ _247_/A2 (sg13g2_a21oi_1)
   0.008244    0.074138    0.106317    0.435921 v _247_/Y (sg13g2_a21oi_1)
               0.074138    0.000000    0.435921 v _250_/C1 (sg13g2_a221oi_1)
   0.006017    0.145063    0.134041    0.569961 ^ _250_/Y (sg13g2_a221oi_1)
               0.145063    0.000000    0.569961 ^ _256_/A (sg13g2_nor3_1)
   0.006113    0.057900    0.088104    0.658065 v _256_/Y (sg13g2_nor3_1)
               0.057900    0.000000    0.658065 v _258_/A2 (sg13g2_o21ai_1)
   0.006110    0.101151    0.110022    0.768087 ^ _258_/Y (sg13g2_o21ai_1)
               0.101151    0.000000    0.768087 ^ _259_/A2 (sg13g2_a21oi_1)
   0.008972    0.078300    0.110528    0.878614 v _259_/Y (sg13g2_a21oi_1)
               0.078300    0.000000    0.878614 v _261_/A2 (sg13g2_o21ai_1)
   0.005962    0.102169    0.116922    0.995537 ^ _261_/Y (sg13g2_o21ai_1)
               0.102169    0.000000    0.995537 ^ _262_/A2 (sg13g2_a21o_1)
   0.008664    0.050968    0.143752    1.139289 ^ _262_/X (sg13g2_a21o_1)
               0.050968    0.000000    1.139289 ^ _367_/A (sg13g2_and2_1)
   0.010000    0.054249    0.107605    1.246894 ^ _367_/X (sg13g2_and2_1)
               0.054249    0.000000    1.246894 ^ sum[8] (out)
                                       1.246894   data arrival time

               0.000000  100.000000  100.000000   clock vclk (rise edge)
                           0.000000  100.000000   clock network delay (ideal)
                           0.000000  100.000000   clock reconvergence pessimism
                           0.000000  100.000000   output external delay
                                     100.000000   data required time
---------------------------------------------------------------------------------------
                                     100.000000   data required time
                                      -1.246894   data arrival time
---------------------------------------------------------------------------------------
                                      98.753098   slack (MET)


Startpoint: a[7] (input port clocked by vclk)
Endpoint: cout (output port clocked by vclk)
Path Group: vclk
Path Type: max

        Cap        Slew       Delay        Time   Description
---------------------------------------------------------------------------------------
               0.000000    0.000000    0.000000   clock vclk (rise edge)
                           0.000000    0.000000   clock network delay (ideal)
                           0.000000    0.000000 ^ input external delay
   0.008840    0.050000    0.000000    0.000000 ^ a[7] (in)
               0.050000    0.000000    0.000000 ^ _227_/A (sg13g2_xor2_1)
   0.017896    0.175026    0.187434    0.187434 ^ _227_/X (sg13g2_xor2_1)
               0.175026    0.000000    0.187434 ^ _268_/B (sg13g2_nand4_1)
   0.002715    0.087341    0.131189    0.318624 v _268_/Y (sg13g2_nand4_1)
               0.087341    0.000000    0.318624 v _269_/D (sg13g2_nor4_1)
   0.003007    0.119976    0.116444    0.435067 ^ _269_/Y (sg13g2_nor4_1)
               0.119976    0.000000    0.435067 ^ _276_/A2 (sg13g2_a21oi_1)
   0.002906    0.049036    0.087385    0.522453 v _276_/Y (sg13g2_a21oi_1)
               0.049036    0.000000    0.522453 v _277_/B1 (sg13g2_o21ai_1)
   0.008923    0.131118    0.066539    0.588992 ^ _277_/Y (sg13g2_o21ai_1)
               0.131118    0.000000    0.588992 ^ _404_/A (sg13g2_nand4_1)
   0.002241    0.080951    0.102357    0.691349 v _404_/Y (sg13g2_nand4_1)
               0.080951    0.000000    0.691349 v _410_/B_N (sg13g2_nor2b_1)
   0.003066    0.027957    0.090414    0.781763 v _410_/Y (sg13g2_nor2b_1)
               0.027957    0.000000    0.781763 v _412_/B (sg13g2_nor3_1)
   0.002513    0.078956    0.087549    0.869312 ^ _412_/Y (sg13g2_nor3_1)
               0.078956    0.000000    0.869312 ^ _413_/C (sg13g2_or3_1)
   0.008595    0.048378    0.107017    0.976329 ^ _413_/X (sg13g2_or3_1)
               0.048378    0.000000    0.976329 ^ _414_/A (sg13g2_inv_1)
   0.003251    0.022473    0.033624    1.009953 v _414_/Y (sg13g2_inv_1)
               0.022473    0.000000    1.009953 v _418_/A1 (sg13g2_o21ai_1)
   0.010000    0.138668    0.131581    1.141534 ^ _418_/Y (sg13g2_o21ai_1)
               0.138668    0.000000    1.141534 ^ cout (out)
                                       1.141534   data arrival time

               0.000000  100.000000  100.000000   clock vclk (rise edge)
                           0.000000  100.000000   clock network delay (ideal)
                           0.000000  100.000000   clock reconvergence pessimism
                           0.000000  100.000000   output external delay
                                     100.000000   data required time
---------------------------------------------------------------------------------------
                                     100.000000   data required time
                                      -1.141534   data arrival time
---------------------------------------------------------------------------------------
                                      98.858459   slack (MET)


