$ /usr/bin/time -v -o /home/duhaochen/website-trial-v1/data/spice-model-benchmark/a687312c04c197236a82d3e9f5c8163f/ngspice/resource.txt /usr/bin/python -m spice_model_benchmark.cli /home/duhaochen/pipeline_full_collection/benchmark-inputs/a687312c04c197236a82d3e9f5c8163f/ngspice.lib --simulator ngspice --modes dc transient ac noise --output-dir /home/duhaochen/website-trial-v1/data/spice-model-benchmark/a687312c04c197236a82d3e9f5c8163f --dpi 120 --log-level WARNING
/home/duhaochen/spice_model_benchmark/src/spice_model_benchmark/verification_manager.py:1557: RuntimeWarning: divide by zero encountered in divide
  tc = np.mean((d_ids / d_temp) / np.abs(i_ds[:-1]))
SPICE Model Benchmark: /home/duhaochen/pipeline_full_collection/benchmark-inputs/a687312c04c197236a82d3e9f5c8163f/ngspice.lib
Simulators: ngspice
Modes: dc, transient, ac, noise
------------------------------------------------------------

============================================================
  Running: NGSPICE
  Output:  /home/duhaochen/website-trial-v1/data/spice-model-benchmark/a687312c04c197236a82d3e9f5c8163f/ngspice
============================================================
Vgs range: -1.200V to 0.000V
Ids range: 0.000e+00A to 3.628e-04A
Selected Vgs values: [-1.2 -1.  -0.8 -0.6 -0.4 -0.2  0. ]
Vgs=-1.200V: Ids range 0.000e+00A to 3.628e-04A
Vgs=-1.000V: Ids range 0.000e+00A to 2.086e-04A
Vgs=-0.800V: Ids range 0.000e+00A to 8.564e-05A
Vgs=-0.600V: Ids range 0.000e+00A to 9.658e-06A
Vgs=-0.400V: Ids range 0.000e+00A to 1.030e-07A
Vgs=-0.200V: Ids range 0.000e+00A to 7.496e-10A
Vgs=0.000V: Ids range 2.382e-16A to 4.396e-12A
ids_variation: 5.871449577219632
ids_variation <= max_variation: False
tc: inf
abs(tc) <= max_tc: False
[WARNING]: Temperature effects verification failed - effects outside expected range
/home/duhaochen/spice_model_benchmark/src/spice_model_benchmark/verification_manager.py:1817: RuntimeWarning: divide by zero encountered in log
  log_ids = np.log(np.abs(i_ds))
/home/duhaochen/.local/lib/python3.9/site-packages/numpy/lib/function_base.py:2742: RuntimeWarning: invalid value encountered in subtract
  X -= avg[:, None]
/home/duhaochen/spice_model_benchmark/src/spice_model_benchmark/verification_manager.py:1862: RuntimeWarning: divide by zero encountered in divide
  efficiency = np.abs(gm / i_ds)  # Transconductance efficiency
[INFO]: S-parameter analysis plot saved to /home/duhaochen/website-trial-v1/data/spice-model-benchmark/a687312c04c197236a82d3e9f5c8163f/ngspice/plots/ac_cv_sparameter_analysis.png
[INFO]: NQS effects plot saved to /home/duhaochen/website-trial-v1/data/spice-model-benchmark/a687312c04c197236a82d3e9f5c8163f/ngspice/plots/ac_cv_nqs_effects.png
[INFO]: S-parameter analysis plot saved to /home/duhaochen/website-trial-v1/data/spice-model-benchmark/a687312c04c197236a82d3e9f5c8163f/ngspice/plots/ac_cv_sparameter_analysis.png
norm_dvg: [2.50000000e+11 1.25000000e+11 6.25000000e+10 3.12500000e+10
 1.56250000e+10 7.81250026e+09 6.97840206e+09 5.75050280e+09
 5.42880243e+09 5.10502748e+09 4.85815777e+09 4.57668835e+09
 4.32367944e+09 4.18098677e+09 4.02649514e+09 3.86797856e+09
 3.72422777e+09 3.57446370e+09 3.34628513e+09 3.16419672e+09
 3.00428393e+09 2.85533928e+09 2.71623768e+09 2.57681102e+09
 2.46214006e+09 2.43885152e+09 2.41547735e+09 2.39385364e+09
 2.36693835e+09 2.34009405e+09 2.32315124e+09 2.31064110e+09
 2.30050484e+09 2.28909699e+09 2.27516346e+09 2.25701265e+09
 2.24254966e+09 2.22630741e+09 2.20861357e+09 2.19668134e+09
 2.18260649e+09 2.16888370e+09 2.15633251e+09 2.14249548e+09
 2.12586508e+09 2.10879309e+09 2.08638394e+09 2.05927173e+09
 2.02920313e+09 2.00000046e+09 1.99425926e+09 1.98287813e+09
 1.96351054e+09 1.92588863e+09 1.85481038e+09 1.76476068e+09
 1.64215390e+09 1.47308935e+09 1.26114215e+09 1.11549125e+09
 9.99999132e+08 9.96174319e+08 9.88607973e+08 9.73817015e+08
 9.45523139e+08 8.93597708e+08 8.05162910e+08 6.72128636e+08
 5.05187807e+08 3.59781874e+08 2.79371603e+08 2.28338556e+08
 1.93070250e+08 1.67239130e+08 1.47504333e+08 1.31935489e+08
 1.24634037e+08 1.18462595e+08 1.11886033e+08 1.07478783e+08
 1.03662610e+08 9.96798522e+07 9.74083647e+07 9.52397493e+07
 9.52198627e+07 9.51863104e+07 9.51162853e+07 9.49775207e+07
 9.47014336e+07 9.41538194e+07 9.34232879e+07 9.31979626e+07
 9.30147656e+07 9.29024351e+07 9.28067581e+07 9.27149673e+07
 9.26102362e+07 9.25019015e+07 9.24273806e+07 9.23276270e+07
 9.22184235e+07 9.20761320e+07 9.19134490e+07 9.17581353e+07
 9.17109076e+07 9.16682864e+07 9.16412203e+07 9.16110885e+07
 9.15660579e+07 9.15287764e+07 9.14854291e+07 9.14632184e+07
 9.14486245e+07 9.14282672e+07 9.14045670e+07 9.13797409e+07
 9.13588248e+07 9.13310367e+07 9.12996927e+07 9.12832621e+07
 9.12612982e+07 9.12384472e+07 9.12089197e+07 9.11828492e+07
 9.11511911e+07 9.11165251e+07 9.10750703e+07 9.10212180e+07
 9.09641071e+07 9.09102158e+07 9.08985231e+07 9.08748653e+07
 9.08310966e+07 9.07427053e+07 9.05652144e+07 9.02131577e+07
 8.95170732e+07 8.81564149e+07 8.76599266e+07 8.70870758e+07
 8.68642985e+07 8.66730091e+07 8.65158386e+07 8.63519169e+07
 8.61750459e+07 8.59782095e+07 8.58191565e+07 8.56343315e+07
 8.54256655e+07 8.51283939e+07 8.47119167e+07 8.40355950e+07
 8.33335171e+07 8.32805177e+07 8.31764154e+07 8.29675075e+07
 8.25534796e+07 8.17375648e+07 8.01531818e+07 7.71618067e+07
 7.26755833e+07 6.86823589e+07 6.51051014e+07 6.18820338e+07
 5.89630307e+07 5.63070054e+07 5.38799480e+07 5.18675191e+07
 0.00000000e+00 0.00000000e+00 0.00000000e+00 0.00000000e+00
 0.00000000e+00 0.00000000e+00 0.00000000e+00 0.00000000e+00
 0.00000000e+00 0.00000000e+00 0.00000000e+00 0.00000000e+00
 0.00000000e+00 0.00000000e+00 0.00000000e+00 0.00000000e+00
 0.00000000e+00 0.00000000e+00 0.00000000e+00 0.00000000e+00
 0.00000000e+00 0.00000000e+00 0.00000000e+00 0.00000000e+00
 0.00000000e+00 0.00000000e+00 0.00000000e+00 0.00000000e+00
 0.00000000e+00 0.00000000e+00 0.00000000e+00 0.00000000e+00
 0.00000000e+00 0.00000000e+00 0.00000000e+00 0.00000000e+00
 0.00000000e+00 0.00000000e+00 0.00000000e+00 0.00000000e+00
 0.00000000e+00 0.00000000e+00 0.00000000e+00 0.00000000e+00
 0.00000000e+00 0.00000000e+00 0.00000000e+00 0.00000000e+00
 0.00000000e+00 0.00000000e+00 0.00000000e+00 0.00000000e+00
 0.00000000e+00 0.00000000e+00 0.00000000e+00 0.00000000e+00
 0.00000000e+00 0.00000000e+00 0.00000000e+00 0.00000000e+00
 0.00000000e+00 0.00000000e+00 0.00000000e+00 0.00000000e+00
 0.00000000e+00 0.00000000e+00 0.00000000e+00 0.00000000e+00
 0.00000000e+00 0.00000000e+00 0.00000000e+00 0.00000000e+00
 0.00000000e+00 0.00000000e+00 0.00000000e+00 0.00000000e+00
 0.00000000e+00 0.00000000e+00 0.00000000e+00 0.00000000e+00
 0.00000000e+00 0.00000000e+00 0.00000000e+00 0.00000000e+00
 0.00000000e+00 0.00000000e+00 0.00000000e+00 0.00000000e+00
 0.00000000e+00 0.00000000e+00 0.00000000e+00 0.00000000e+00
 0.00000000e+00 0.00000000e+00 0.00000000e+00 0.00000000e+00
 0.00000000e+00 0.00000000e+00 0.00000000e+00 0.00000000e+00
 0.00000000e+00 0.00000000e+00 0.00000000e+00 0.00000000e+00
 0.00000000e+00 0.00000000e+00 0.00000000e+00 0.00000000e+00
 0.00000000e+00 0.00000000e+00 0.00000000e+00 0.00000000e+00
 0.00000000e+00 0.00000000e+00 0.00000000e+00 0.00000000e+00
 0.00000000e+00 0.00000000e+00 0.00000000e+00 0.00000000e+00
 0.00000000e+00 0.00000000e+00 0.00000000e+00 0.00000000e+00
 0.00000000e+00 0.00000000e+00 0.00000000e+00 0.00000000e+00
 0.00000000e+00 0.00000000e+00 0.00000000e+00 0.00000000e+00
 0.00000000e+00 0.00000000e+00 0.00000000e+00 0.00000000e+00
 0.00000000e+00 0.00000000e+00 0.00000000e+00 0.00000000e+00
 0.00000000e+00 0.00000000e+00 0.00000000e+00 0.00000000e+00
 0.00000000e+00 0.00000000e+00 0.00000000e+00 0.00000000e+00
 0.00000000e+00 0.00000000e+00 0.00000000e+00 0.00000000e+00
 0.00000000e+00 0.00000000e+00 0.00000000e+00 0.00000000e+00
 0.00000000e+00 0.00000000e+00 0.00000000e+00]
norm_dvd: [0. 0. 0. 0. 0. 0. 0. 0. 0. 0. 0. 0. 0. 0. 0. 0. 0. 0. 0. 0. 0. 0. 0. 0.
 0. 0. 0. 0. 0. 0. 0. 0. 0. 0. 0. 0. 0. 0. 0. 0. 0. 0. 0. 0. 0. 0. 0. 0.
 0. 0. 0. 0. 0. 0. 0. 0. 0. 0. 0. 0. 0. 0. 0. 0. 0. 0. 0. 0. 0. 0. 0. 0.
 0. 0. 0. 0. 0. 0. 0. 0. 0. 0. 0. 0. 0. 0. 0. 0. 0. 0. 0. 0. 0. 0. 0. 0.
 0. 0. 0. 0. 0. 0. 0. 0. 0. 0. 0. 0. 0. 0. 0. 0. 0. 0. 0. 0. 0. 0. 0. 0.
 0. 0. 0. 0. 0. 0. 0. 0. 0. 0. 0. 0. 0. 0. 0. 0. 0. 0. 0. 0. 0. 0. 0. 0.
 0. 0. 0. 0. 0. 0. 0. 0. 0. 0. 0. 0. 0. 0. 0. 0. 0. 0. 0. 0. 0. 0. 0. 0.
 0. 0. 0. 0. 0. 0. 0. 0. 0. 0. 0. 0. 0. 0. 0. 0. 0. 0. 0. 0. 0. 0. 0. 0.
 0. 0. 0. 0. 0. 0. 0. 0. 0. 0. 0. 0. 0. 0. 0. 0. 0. 0. 0. 0. 0. 0. 0. 0.
 0. 0. 0. 0. 0. 0. 0. 0. 0. 0. 0. 0. 0. 0. 0. 0. 0. 0. 0. 0. 0. 0. 0. 0.
 0. 0. 0. 0. 0. 0. 0. 0. 0. 0. 0. 0. 0. 0. 0. 0. 0. 0. 0. 0. 0. 0. 0. 0.
 0. 0. 0. 0. 0. 0. 0. 0. 0. 0. 0. 0. 0. 0. 0. 0. 0. 0. 0. 0. 0. 0. 0. 0.
 0. 0. 0. 0. 0. 0. 0. 0. 0. 0. 0. 0. 0. 0. 0. 0. 0. 0. 0. 0. 0. 0. 0. 0.
 0. 0. 0. 0. 0. 0. 0. 0. 0. 0. 0. 0. 0. 0. 0.]
norm_did: [0.00000000e+00 2.21422187e+03 1.10711092e+03 1.38388862e+03
 1.66066627e+03 1.73672635e+03 1.73672625e+03 2.57845690e+03
 1.51624898e+03 1.77956080e+03 2.09890603e+03 2.07812844e+03
 2.24409640e+03 2.89536156e+03 1.74038911e+03 2.66265025e+03
 2.36179273e+03 2.32139701e+03 2.57510265e+03 2.63252576e+03
 2.55049789e+03 2.96295241e+03 2.66770192e+03 3.43019405e+03
 2.28380996e+03 4.46423986e+03 2.36832383e+03 3.72907983e+03
 1.82745767e+03 5.68418580e+03 3.80009249e+03 0.00000000e+00
 4.08888060e+03 3.31062393e+03 2.50572733e+03 6.19847864e+03
 2.72264926e+03 2.46135036e+03 3.60070265e+03 3.01729857e+03
 3.05533712e+03 6.60023013e+03 2.95710790e+03 2.42570928e+03
 4.65149576e+03 3.47792749e+03 4.21057400e+03 3.69256326e+03
 3.69256318e+03 0.00000000e+00 6.15427176e+03 3.56093649e+03
 3.56093644e+03 4.00605335e+03 4.50725269e+03 4.39627650e+03
 5.19582675e+03 6.05536443e+03 8.04127455e+03 1.00943575e+04
 2.76702252e+04 1.61409840e+04 1.15292654e+04 1.23939621e+04
 1.35468792e+04 1.59247782e+04 2.24819958e+04 4.44593413e+04
 1.56595279e+05 8.85324962e+05 5.14695785e+06 2.92309404e+07
 1.56658355e+08 6.84359758e+08 2.01858673e+09 2.90713678e+09
 1.57789158e+09 3.11175184e+08 9.56747759e+08 3.38793125e+09
 3.33034635e+10 3.20336464e+09 2.13182320e+09 1.93157468e+09
 1.50968090e+09 1.51346700e+09 1.50544015e+09 1.48960596e+09
 1.45870252e+09 1.38699284e+09 1.27672312e+09 1.24810433e+09
 1.22492739e+09 1.21204010e+09 1.20133650e+09 1.19193101e+09
 1.18096813e+09 1.16865909e+09 1.16178308e+09 1.15184040e+09
 1.14180895e+09 1.12826981e+09 1.11246224e+09 1.09520567e+09
 1.09055574e+09 1.08644248e+09 1.08390711e+09 1.08136886e+09
 1.07732821e+09 1.07389545e+09 1.06972732e+09 1.06741604e+09
 1.06600173e+09 1.06459510e+09 1.06258773e+09 1.06018866e+09
 1.05830713e+09 1.05610189e+09 1.05323916e+09 1.05160026e+09
 1.04977783e+09 1.04786832e+09 1.04543112e+09 1.04323588e+09
 1.04045200e+09 1.03789420e+09 1.03442098e+09 1.02990573e+09
 1.02519556e+09 1.02526446e+09 1.01612310e+09 1.01751712e+09
 1.01477369e+09 1.00929369e+09 9.98400160e+08 9.76958837e+08
 9.35475748e+08 8.31507894e+08 8.02508400e+08 7.66222699e+08
 7.53836027e+08 7.43448119e+08 7.35414641e+08 7.27269188e+08
 7.18668977e+08 7.08715073e+08 7.01327389e+08 6.92846574e+08
 6.84005062e+08 6.71609580e+08 6.55513488e+08 6.27522019e+08
 5.97750190e+08 5.93243572e+08 5.90901590e+08 5.84665304e+08
 5.72499583e+08 5.49399322e+08 5.08073857e+08 4.38630140e+08
 3.52134644e+08 2.95669742e+08 2.55523938e+08 2.25188138e+08
 2.01256817e+08 1.81791090e+08 1.65269902e+08 1.52892453e+08
 2.08926276e+09 0.00000000e+00 0.00000000e+00 0.00000000e+00
 0.00000000e+00 0.00000000e+00 0.00000000e+00 0.00000000e+00
 0.00000000e+00 0.00000000e+00 0.00000000e+00 0.00000000e+00
 0.00000000e+00 0.00000000e+00 0.00000000e+00 0.00000000e+00
 0.00000000e+00 0.00000000e+00 0.00000000e+00 0.00000000e+00
 0.00000000e+00 0.00000000e+00 0.00000000e+00 0.00000000e+00
 0.00000000e+00 0.00000000e+00 0.00000000e+00 0.00000000e+00
 0.00000000e+00 0.00000000e+00 0.00000000e+00 0.00000000e+00
 0.00000000e+00 0.00000000e+00 0.00000000e+00 0.00000000e+00
 0.00000000e+00 0.00000000e+00 0.00000000e+00 0.00000000e+00
 0.00000000e+00 0.00000000e+00 0.00000000e+00 0.00000000e+00
 0.00000000e+00 0.00000000e+00 0.00000000e+00 0.00000000e+00
 0.00000000e+00 0.00000000e+00 0.00000000e+00 0.00000000e+00
 0.00000000e+00 0.00000000e+00 0.00000000e+00 0.00000000e+00
 0.00000000e+00 0.00000000e+00 0.00000000e+00 0.00000000e+00
 0.00000000e+00 0.00000000e+00 0.00000000e+00 0.00000000e+00
 0.00000000e+00 0.00000000e+00 0.00000000e+00 0.00000000e+00
 0.00000000e+00 0.00000000e+00 0.00000000e+00 0.00000000e+00
 0.00000000e+00 0.00000000e+00 0.00000000e+00 0.00000000e+00
 0.00000000e+00 0.00000000e+00 0.00000000e+00 0.00000000e+00
 0.00000000e+00 0.00000000e+00 0.00000000e+00 0.00000000e+00
 0.00000000e+00 0.00000000e+00 0.00000000e+00 0.00000000e+00
 0.00000000e+00 0.00000000e+00 0.00000000e+00 0.00000000e+00
 0.00000000e+00 0.00000000e+00 0.00000000e+00 0.00000000e+00
 0.00000000e+00 0.00000000e+00 0.00000000e+00 0.00000000e+00
 0.00000000e+00 0.00000000e+00 0.00000000e+00 0.00000000e+00
 0.00000000e+00 0.00000000e+00 0.00000000e+00 0.00000000e+00
 0.00000000e+00 0.00000000e+00 0.00000000e+00 0.00000000e+00
 0.00000000e+00 0.00000000e+00 0.00000000e+00 0.00000000e+00
 0.00000000e+00 0.00000000e+00 0.00000000e+00 0.00000000e+00
 0.00000000e+00 0.00000000e+00 0.00000000e+00 0.00000000e+00
 0.00000000e+00 0.00000000e+00 0.00000000e+00 0.00000000e+00
 0.00000000e+00 0.00000000e+00 0.00000000e+00 0.00000000e+00
 0.00000000e+00 0.00000000e+00 0.00000000e+00 0.00000000e+00
 0.00000000e+00 0.00000000e+00 0.00000000e+00 0.00000000e+00
 0.00000000e+00 0.00000000e+00 0.00000000e+00 0.00000000e+00
 0.00000000e+00 0.00000000e+00 0.00000000e+00 0.00000000e+00
 0.00000000e+00 0.00000000e+00 0.00000000e+00 0.00000000e+00
 0.00000000e+00 0.00000000e+00 0.00000000e+00 0.00000000e+00
 0.00000000e+00 0.00000000e+00 0.00000000e+00]
[WARNING]: Quasi-static verification failed
[WARNING]: Max normalized derivatives: dVg/dt=2.50e+11, dVd/dt=0.00e+00, dId/dt=3.33e+10

  ngspice: ✓ PASS  (49.7s)

✓ Benchmark completed: /home/duhaochen/website-trial-v1/data/spice-model-benchmark/a687312c04c197236a82d3e9f5c8163f/ngspice
