
6. Printing statistics.

=== adder_top ===

        +----------Local Count, excluding submodules.
        |        +-Local Area, excluding submodules.
        |        | 
       46        - wires
       67        - wire bits
        5        - public wires
       26        - public wire bits
        5        - ports
       26        - port bits
       50  502.589 cells
        1   12.701   sg13g2_a21o_1
        6   54.432   sg13g2_a21oi_1
        1   14.515   sg13g2_a221oi_1
        4   36.288   sg13g2_and2_1
        2   10.886   sg13g2_inv_1
        7   50.803   sg13g2_nand2_1
        2   18.144   sg13g2_nand2b_1
        1    9.072   sg13g2_nand3_1
        2   14.515   sg13g2_nor2_1
        1    9.072   sg13g2_nor2b_1
        2   21.773   sg13g2_nor4_1
        5    45.36   sg13g2_o21ai_1
        5    45.36   sg13g2_or2_1
        7  101.606   sg13g2_xnor2_1
        4   58.061   sg13g2_xor2_1

   Chip area for module '\adder_top': 502.588800
     of which used for sequential elements: 0.000000 (0.00%)

