OpenSTA 3.1.0 543361765b Copyright (c) 2026, Parallax Software, Inc.
License GPLv3: GNU GPL version 3 <http://gnu.org/licenses/gpl.html>

This is free software, and you are free to change and redistribute it
under certain conditions; type `show_copying' for details. 
This program comes with ABSOLUTELY NO WARRANTY; for details type `show_warranty'.
Startpoint: a[0] (input port clocked by vclk)
Endpoint: sum[6] (output port clocked by vclk)
Path Group: vclk
Path Type: max

        Cap        Slew       Delay        Time   Description
---------------------------------------------------------------------------------------
               0.000000    0.000000    0.000000   clock vclk (rise edge)
                           0.000000    0.000000   clock network delay (ideal)
                           0.000000    0.000000 ^ input external delay
   0.005019    0.050000    0.000000    0.000000 ^ a[0] (in)
               0.050000    0.000000    0.000000 ^ _49_/A (sg13g2_or2_1)
   0.006267    0.037058    0.086742    0.086742 ^ _49_/X (sg13g2_or2_1)
               0.037058    0.000000    0.086742 ^ _51_/A2 (sg13g2_a21oi_1)
   0.008970    0.075557    0.084829    0.171571 v _51_/Y (sg13g2_a21oi_1)
               0.075557    0.000000    0.171571 v _53_/A1 (sg13g2_o21ai_1)
   0.008595    0.129164    0.141822    0.313392 ^ _53_/Y (sg13g2_o21ai_1)
               0.129164    0.000000    0.313392 ^ _56_/A1 (sg13g2_a21oi_1)
   0.008970    0.088078    0.117488    0.430880 v _56_/Y (sg13g2_a21oi_1)
               0.088078    0.000000    0.430880 v _59_/A1 (sg13g2_o21ai_1)
   0.008595    0.126626    0.146566    0.577446 ^ _59_/Y (sg13g2_o21ai_1)
               0.126626    0.000000    0.577446 ^ _63_/A1 (sg13g2_a21oi_1)
   0.008970    0.087622    0.116660    0.694105 v _63_/Y (sg13g2_a21oi_1)
               0.087622    0.000000    0.694105 v _66_/A1 (sg13g2_o21ai_1)
   0.005657    0.099193    0.125344    0.819450 ^ _66_/Y (sg13g2_o21ai_1)
               0.099193    0.000000    0.819450 ^ _68_/A (sg13g2_xnor2_1)
   0.010000    0.117027    0.132714    0.952163 ^ _68_/Y (sg13g2_xnor2_1)
               0.117027    0.000000    0.952163 ^ sum[6] (out)
                                       0.952163   data arrival time

               0.000000  100.000000  100.000000   clock vclk (rise edge)
                           0.000000  100.000000   clock network delay (ideal)
                           0.000000  100.000000   clock reconvergence pessimism
                           0.000000  100.000000   output external delay
                                     100.000000   data required time
---------------------------------------------------------------------------------------
                                     100.000000   data required time
                                      -0.952163   data arrival time
---------------------------------------------------------------------------------------
                                      99.047836   slack (MET)


Startpoint: a[0] (input port clocked by vclk)
Endpoint: sum[5] (output port clocked by vclk)
Path Group: vclk
Path Type: max

        Cap        Slew       Delay        Time   Description
---------------------------------------------------------------------------------------
               0.000000    0.000000    0.000000   clock vclk (rise edge)
                           0.000000    0.000000   clock network delay (ideal)
                           0.000000    0.000000 v input external delay
   0.005035    0.050000    0.000000    0.000000 v a[0] (in)
               0.050000    0.000000    0.000000 v _49_/A (sg13g2_or2_1)
   0.005921    0.036782    0.118697    0.118697 v _49_/X (sg13g2_or2_1)
               0.036782    0.000000    0.118697 v _51_/A2 (sg13g2_a21oi_1)
   0.009248    0.104689    0.110254    0.228951 ^ _51_/Y (sg13g2_a21oi_1)
               0.104689    0.000000    0.228951 ^ _53_/A1 (sg13g2_o21ai_1)
   0.008313    0.075272    0.109034    0.337984 v _53_/Y (sg13g2_o21ai_1)
               0.075272    0.000000    0.337984 v _56_/A1 (sg13g2_a21oi_1)
   0.009248    0.104687    0.115649    0.453634 ^ _56_/Y (sg13g2_a21oi_1)
               0.104687    0.000000    0.453634 ^ _59_/A1 (sg13g2_o21ai_1)
   0.008313    0.075272    0.109033    0.562667 v _59_/Y (sg13g2_o21ai_1)
               0.075272    0.000000    0.562667 v _63_/A1 (sg13g2_a21oi_1)
   0.009248    0.104885    0.115649    0.678316 ^ _63_/Y (sg13g2_a21oi_1)
               0.104885    0.000000    0.678316 ^ _69_/A (sg13g2_xor2_1)
   0.010000    0.113131    0.164909    0.843225 ^ _69_/X (sg13g2_xor2_1)
               0.113131    0.000000    0.843225 ^ sum[5] (out)
                                       0.843225   data arrival time

               0.000000  100.000000  100.000000   clock vclk (rise edge)
                           0.000000  100.000000   clock network delay (ideal)
                           0.000000  100.000000   clock reconvergence pessimism
                           0.000000  100.000000   output external delay
                                     100.000000   data required time
---------------------------------------------------------------------------------------
                                     100.000000   data required time
                                      -0.843225   data arrival time
---------------------------------------------------------------------------------------
                                      99.156776   slack (MET)


Startpoint: a[2] (input port clocked by vclk)
Endpoint: sum[7] (output port clocked by vclk)
Path Group: vclk
Path Type: max

        Cap        Slew       Delay        Time   Description
---------------------------------------------------------------------------------------
               0.000000    0.000000    0.000000   clock vclk (rise edge)
                           0.000000    0.000000   clock network delay (ideal)
                           0.000000    0.000000 v input external delay
   0.005035    0.050000    0.000000    0.000000 v a[2] (in)
               0.050000    0.000000    0.000000 v _54_/A (sg13g2_or2_1)
   0.008869    0.045159    0.127228    0.127228 v _54_/X (sg13g2_or2_1)
               0.045159    0.000000    0.127228 v _76_/A2 (sg13g2_a21oi_1)
   0.003136    0.055836    0.077122    0.204350 ^ _76_/Y (sg13g2_a21oi_1)
               0.055836    0.000000    0.204350 ^ _77_/B (sg13g2_nand2_1)
   0.002481    0.033949    0.052584    0.256935 v _77_/Y (sg13g2_nand2_1)
               0.033949    0.000000    0.256935 v _78_/B1 (sg13g2_a21o_1)
   0.002858    0.027304    0.101765    0.358699 v _78_/X (sg13g2_a21o_1)
               0.027304    0.000000    0.358699 v _79_/C (sg13g2_nand3_1)
   0.002939    0.033772    0.040763    0.399462 ^ _79_/Y (sg13g2_nand3_1)
               0.033772    0.000000    0.399462 ^ _82_/A1 (sg13g2_a21oi_1)
   0.002657    0.040250    0.052312    0.451774 v _82_/Y (sg13g2_a21oi_1)
               0.040250    0.000000    0.451774 v _85_/C1 (sg13g2_a221oi_1)
   0.009051    0.181775    0.149109    0.600883 ^ _85_/Y (sg13g2_a221oi_1)
               0.181775    0.000000    0.600883 ^ _89_/A (sg13g2_xnor2_1)
   0.010000    0.116916    0.155623    0.756506 ^ _89_/Y (sg13g2_xnor2_1)
               0.116916    0.000000    0.756506 ^ sum[7] (out)
                                       0.756506   data arrival time

               0.000000  100.000000  100.000000   clock vclk (rise edge)
                           0.000000  100.000000   clock network delay (ideal)
                           0.000000  100.000000   clock reconvergence pessimism
                           0.000000  100.000000   output external delay
                                     100.000000   data required time
---------------------------------------------------------------------------------------
                                     100.000000   data required time
                                      -0.756506   data arrival time
---------------------------------------------------------------------------------------
                                      99.243492   slack (MET)


Startpoint: a[2] (input port clocked by vclk)
Endpoint: cout (output port clocked by vclk)
Path Group: vclk
Path Type: max

        Cap        Slew       Delay        Time   Description
---------------------------------------------------------------------------------------
               0.000000    0.000000    0.000000   clock vclk (rise edge)
                           0.000000    0.000000   clock network delay (ideal)
                           0.000000    0.000000 v input external delay
   0.005035    0.050000    0.000000    0.000000 v a[2] (in)
               0.050000    0.000000    0.000000 v _54_/A (sg13g2_or2_1)
   0.008869    0.045159    0.127228    0.127228 v _54_/X (sg13g2_or2_1)
               0.045159    0.000000    0.127228 v _76_/A2 (sg13g2_a21oi_1)
   0.003136    0.055836    0.077122    0.204350 ^ _76_/Y (sg13g2_a21oi_1)
               0.055836    0.000000    0.204350 ^ _77_/B (sg13g2_nand2_1)
   0.002481    0.033949    0.052584    0.256935 v _77_/Y (sg13g2_nand2_1)
               0.033949    0.000000    0.256935 v _78_/B1 (sg13g2_a21o_1)
   0.002858    0.027304    0.101765    0.358699 v _78_/X (sg13g2_a21o_1)
               0.027304    0.000000    0.358699 v _79_/C (sg13g2_nand3_1)
   0.002939    0.033772    0.040763    0.399462 ^ _79_/Y (sg13g2_nand3_1)
               0.033772    0.000000    0.399462 ^ _82_/A1 (sg13g2_a21oi_1)
   0.002657    0.040250    0.052312    0.451774 v _82_/Y (sg13g2_a21oi_1)
               0.040250    0.000000    0.451774 v _85_/C1 (sg13g2_a221oi_1)
   0.009051    0.181775    0.149109    0.600883 ^ _85_/Y (sg13g2_a221oi_1)
               0.181775    0.000000    0.600883 ^ _90_/A1 (sg13g2_o21ai_1)
   0.010000    0.094052    0.138471    0.739354 v _90_/Y (sg13g2_o21ai_1)
               0.094052    0.000000    0.739354 v cout (out)
                                       0.739354   data arrival time

               0.000000  100.000000  100.000000   clock vclk (rise edge)
                           0.000000  100.000000   clock network delay (ideal)
                           0.000000  100.000000   clock reconvergence pessimism
                           0.000000  100.000000   output external delay
                                     100.000000   data required time
---------------------------------------------------------------------------------------
                                     100.000000   data required time
                                      -0.739354   data arrival time
---------------------------------------------------------------------------------------
                                      99.260643   slack (MET)


Startpoint: a[0] (input port clocked by vclk)
Endpoint: sum[4] (output port clocked by vclk)
Path Group: vclk
Path Type: max

        Cap        Slew       Delay        Time   Description
---------------------------------------------------------------------------------------
               0.000000    0.000000    0.000000   clock vclk (rise edge)
                           0.000000    0.000000   clock network delay (ideal)
                           0.000000    0.000000 ^ input external delay
   0.005019    0.050000    0.000000    0.000000 ^ a[0] (in)
               0.050000    0.000000    0.000000 ^ _49_/A (sg13g2_or2_1)
   0.006267    0.037058    0.086742    0.086742 ^ _49_/X (sg13g2_or2_1)
               0.037058    0.000000    0.086742 ^ _51_/A2 (sg13g2_a21oi_1)
   0.008970    0.075557    0.084829    0.171571 v _51_/Y (sg13g2_a21oi_1)
               0.075557    0.000000    0.171571 v _53_/A1 (sg13g2_o21ai_1)
   0.008595    0.129164    0.141822    0.313392 ^ _53_/Y (sg13g2_o21ai_1)
               0.129164    0.000000    0.313392 ^ _56_/A1 (sg13g2_a21oi_1)
   0.008970    0.088078    0.117488    0.430880 v _56_/Y (sg13g2_a21oi_1)
               0.088078    0.000000    0.430880 v _59_/A1 (sg13g2_o21ai_1)
   0.008595    0.126626    0.146566    0.577446 ^ _59_/Y (sg13g2_o21ai_1)
               0.126626    0.000000    0.577446 ^ _70_/A (sg13g2_xnor2_1)
   0.010000    0.115046    0.140537    0.717983 ^ _70_/Y (sg13g2_xnor2_1)
               0.115046    0.000000    0.717983 ^ sum[4] (out)
                                       0.717983   data arrival time

               0.000000  100.000000  100.000000   clock vclk (rise edge)
                           0.000000  100.000000   clock network delay (ideal)
                           0.000000  100.000000   clock reconvergence pessimism
                           0.000000  100.000000   output external delay
                                     100.000000   data required time
---------------------------------------------------------------------------------------
                                     100.000000   data required time
                                      -0.717983   data arrival time
---------------------------------------------------------------------------------------
                                      99.282013   slack (MET)


Startpoint: a[0] (input port clocked by vclk)
Endpoint: sum[3] (output port clocked by vclk)
Path Group: vclk
Path Type: max

        Cap        Slew       Delay        Time   Description
---------------------------------------------------------------------------------------
               0.000000    0.000000    0.000000   clock vclk (rise edge)
                           0.000000    0.000000   clock network delay (ideal)
                           0.000000    0.000000 v input external delay
   0.005035    0.050000    0.000000    0.000000 v a[0] (in)
               0.050000    0.000000    0.000000 v _49_/A (sg13g2_or2_1)
   0.005921    0.036782    0.118697    0.118697 v _49_/X (sg13g2_or2_1)
               0.036782    0.000000    0.118697 v _51_/A2 (sg13g2_a21oi_1)
   0.009248    0.104689    0.110254    0.228951 ^ _51_/Y (sg13g2_a21oi_1)
               0.104689    0.000000    0.228951 ^ _53_/A1 (sg13g2_o21ai_1)
   0.008313    0.075272    0.109034    0.337984 v _53_/Y (sg13g2_o21ai_1)
               0.075272    0.000000    0.337984 v _56_/A1 (sg13g2_a21oi_1)
   0.009248    0.104687    0.115649    0.453634 ^ _56_/Y (sg13g2_a21oi_1)
               0.104687    0.000000    0.453634 ^ _71_/A (sg13g2_xor2_1)
   0.010000    0.113151    0.164845    0.618479 ^ _71_/X (sg13g2_xor2_1)
               0.113151    0.000000    0.618479 ^ sum[3] (out)
                                       0.618479   data arrival time

               0.000000  100.000000  100.000000   clock vclk (rise edge)
                           0.000000  100.000000   clock network delay (ideal)
                           0.000000  100.000000   clock reconvergence pessimism
                           0.000000  100.000000   output external delay
                                     100.000000   data required time
---------------------------------------------------------------------------------------
                                     100.000000   data required time
                                      -0.618479   data arrival time
---------------------------------------------------------------------------------------
                                      99.381516   slack (MET)


Startpoint: a[0] (input port clocked by vclk)
Endpoint: sum[2] (output port clocked by vclk)
Path Group: vclk
Path Type: max

        Cap        Slew       Delay        Time   Description
---------------------------------------------------------------------------------------
               0.000000    0.000000    0.000000   clock vclk (rise edge)
                           0.000000    0.000000   clock network delay (ideal)
                           0.000000    0.000000 v input external delay
   0.005035    0.050000    0.000000    0.000000 v a[0] (in)
               0.050000    0.000000    0.000000 v _49_/A (sg13g2_or2_1)
   0.005921    0.036782    0.118697    0.118697 v _49_/X (sg13g2_or2_1)
               0.036782    0.000000    0.118697 v _51_/A2 (sg13g2_a21oi_1)
   0.009248    0.104689    0.110254    0.228951 ^ _51_/Y (sg13g2_a21oi_1)
               0.104689    0.000000    0.228951 ^ _53_/A1 (sg13g2_o21ai_1)
   0.008313    0.075272    0.109034    0.337984 v _53_/Y (sg13g2_o21ai_1)
               0.075272    0.000000    0.337984 v _72_/A (sg13g2_xnor2_1)
   0.010000    0.086716    0.135730    0.473714 v _72_/Y (sg13g2_xnor2_1)
               0.086716    0.000000    0.473714 v sum[2] (out)
                                       0.473714   data arrival time

               0.000000  100.000000  100.000000   clock vclk (rise edge)
                           0.000000  100.000000   clock network delay (ideal)
                           0.000000  100.000000   clock reconvergence pessimism
                           0.000000  100.000000   output external delay
                                     100.000000   data required time
---------------------------------------------------------------------------------------
                                     100.000000   data required time
                                      -0.473714   data arrival time
---------------------------------------------------------------------------------------
                                      99.526283   slack (MET)


Startpoint: a[0] (input port clocked by vclk)
Endpoint: sum[1] (output port clocked by vclk)
Path Group: vclk
Path Type: max

        Cap        Slew       Delay        Time   Description
---------------------------------------------------------------------------------------
               0.000000    0.000000    0.000000   clock vclk (rise edge)
                           0.000000    0.000000   clock network delay (ideal)
                           0.000000    0.000000 v input external delay
   0.005035    0.050000    0.000000    0.000000 v a[0] (in)
               0.050000    0.000000    0.000000 v _49_/A (sg13g2_or2_1)
   0.005921    0.036782    0.118697    0.118697 v _49_/X (sg13g2_or2_1)
               0.036782    0.000000    0.118697 v _51_/A2 (sg13g2_a21oi_1)
   0.009248    0.104689    0.110254    0.228951 ^ _51_/Y (sg13g2_a21oi_1)
               0.104689    0.000000    0.228951 ^ _73_/A (sg13g2_xor2_1)
   0.010000    0.112602    0.164846    0.393796 ^ _73_/X (sg13g2_xor2_1)
               0.112602    0.000000    0.393796 ^ sum[1] (out)
                                       0.393796   data arrival time

               0.000000  100.000000  100.000000   clock vclk (rise edge)
                           0.000000  100.000000   clock network delay (ideal)
                           0.000000  100.000000   clock reconvergence pessimism
                           0.000000  100.000000   output external delay
                                     100.000000   data required time
---------------------------------------------------------------------------------------
                                     100.000000   data required time
                                      -0.393796   data arrival time
---------------------------------------------------------------------------------------
                                      99.606201   slack (MET)


Startpoint: b[0] (input port clocked by vclk)
Endpoint: sum[0] (output port clocked by vclk)
Path Group: vclk
Path Type: max

        Cap        Slew       Delay        Time   Description
---------------------------------------------------------------------------------------
               0.000000    0.000000    0.000000   clock vclk (rise edge)
                           0.000000    0.000000   clock network delay (ideal)
                           0.000000    0.000000 v input external delay
   0.004752    0.050000    0.000000    0.000000 v b[0] (in)
               0.050000    0.000000    0.000000 v _48_/B (sg13g2_and2_1)
   0.007742    0.035537    0.093041    0.093041 v _48_/X (sg13g2_and2_1)
               0.035537    0.000000    0.093041 v _50_/A_N (sg13g2_nand2b_1)
   0.008031    0.060932    0.099629    0.192670 v _50_/Y (sg13g2_nand2b_1)
               0.060932    0.000000    0.192670 v _74_/B (sg13g2_xnor2_1)
   0.010000    0.079782    0.126295    0.318966 v _74_/Y (sg13g2_xnor2_1)
               0.079782    0.000000    0.318966 v sum[0] (out)
                                       0.318966   data arrival time

               0.000000  100.000000  100.000000   clock vclk (rise edge)
                           0.000000  100.000000   clock network delay (ideal)
                           0.000000  100.000000   clock reconvergence pessimism
                           0.000000  100.000000   output external delay
                                     100.000000   data required time
---------------------------------------------------------------------------------------
                                     100.000000   data required time
                                      -0.318966   data arrival time
---------------------------------------------------------------------------------------
                                      99.681038   slack (MET)


