$ /usr/bin/time -v -o /home/duhaochen/website-trial-v1/data/spice-model-benchmark/6c9970f8837184826e36fd905bd79116/ngspice/resource.txt /usr/bin/python -m spice_model_benchmark.cli /home/duhaochen/pipeline_full_collection/benchmark-inputs/6c9970f8837184826e36fd905bd79116/ngspice.lib --simulator ngspice --modes dc transient ac noise --output-dir /home/duhaochen/website-trial-v1/data/spice-model-benchmark/6c9970f8837184826e36fd905bd79116 --dpi 120 --log-level WARNING
/home/duhaochen/spice_model_benchmark/src/spice_model_benchmark/verification_manager.py:1557: RuntimeWarning: divide by zero encountered in divide
  tc = np.mean((d_ids / d_temp) / np.abs(i_ds[:-1]))
SPICE Model Benchmark: /home/duhaochen/pipeline_full_collection/benchmark-inputs/6c9970f8837184826e36fd905bd79116/ngspice.lib
Simulators: ngspice
Modes: dc, transient, ac, noise
------------------------------------------------------------

============================================================
  Running: NGSPICE
  Output:  /home/duhaochen/website-trial-v1/data/spice-model-benchmark/6c9970f8837184826e36fd905bd79116/ngspice
============================================================
Vgs range: -1.200V to 0.000V
Ids range: 0.000e+00A to 9.489e-04A
Selected Vgs values: [-1.2 -1.  -0.8 -0.6 -0.4 -0.2  0. ]
Vgs=-1.200V: Ids range 0.000e+00A to 9.489e-04A
Vgs=-1.000V: Ids range 0.000e+00A to 5.021e-04A
Vgs=-0.800V: Ids range 0.000e+00A to 1.764e-04A
Vgs=-0.600V: Ids range 0.000e+00A to 1.215e-05A
Vgs=-0.400V: Ids range 0.000e+00A to 2.439e-07A
Vgs=-0.200V: Ids range 0.000e+00A to 2.754e-09A
Vgs=0.000V: Ids range 5.264e-16A to 2.604e-11A
ids_variation: 6.858356522219152
ids_variation <= max_variation: False
tc: inf
abs(tc) <= max_tc: False
[WARNING]: Temperature effects verification failed - effects outside expected range
/home/duhaochen/spice_model_benchmark/src/spice_model_benchmark/verification_manager.py:1817: RuntimeWarning: divide by zero encountered in log
  log_ids = np.log(np.abs(i_ds))
/home/duhaochen/.local/lib/python3.9/site-packages/numpy/lib/function_base.py:2742: RuntimeWarning: invalid value encountered in subtract
  X -= avg[:, None]
/home/duhaochen/spice_model_benchmark/src/spice_model_benchmark/verification_manager.py:1862: RuntimeWarning: divide by zero encountered in divide
  efficiency = np.abs(gm / i_ds)  # Transconductance efficiency
[INFO]: S-parameter analysis plot saved to /home/duhaochen/website-trial-v1/data/spice-model-benchmark/6c9970f8837184826e36fd905bd79116/ngspice/plots/ac_cv_sparameter_analysis.png
[INFO]: NQS effects plot saved to /home/duhaochen/website-trial-v1/data/spice-model-benchmark/6c9970f8837184826e36fd905bd79116/ngspice/plots/ac_cv_nqs_effects.png
[INFO]: S-parameter analysis plot saved to /home/duhaochen/website-trial-v1/data/spice-model-benchmark/6c9970f8837184826e36fd905bd79116/ngspice/plots/ac_cv_sparameter_analysis.png
norm_dvg: [2.50000000e+11 1.25000000e+11 6.25000000e+10 3.12500000e+10
 1.56250000e+10 7.81250013e+09 6.75605513e+09 5.31784540e+09
 4.98240345e+09 4.64739686e+09 4.38253896e+09 4.10184939e+09
 3.90866403e+09 3.73198389e+09 3.54386930e+09 3.36365011e+09
 3.17401494e+09 2.98759890e+09 2.81277128e+09 2.66774086e+09
 2.53589838e+09 2.49100265e+09 2.46410762e+09 2.44254094e+09
 2.42279158e+09 2.40052828e+09 2.37429515e+09 2.34769181e+09
 2.32234830e+09 2.30773254e+09 2.29753711e+09 2.28609799e+09
 2.27193009e+09 2.25246037e+09 2.23655098e+09 2.21812350e+09
 2.20463148e+09 2.19340979e+09 2.17976313e+09 2.16469920e+09
 2.15308370e+09 2.13934952e+09 2.12287735e+09 2.10525061e+09
 2.08209036e+09 2.05331493e+09 2.02630678e+09 1.99999949e+09
 1.99482038e+09 1.98454152e+09 1.96801134e+09 1.93576431e+09
 1.87434012e+09 1.76248789e+09 1.67152291e+09 1.57794576e+09
 1.48383230e+09 1.34290642e+09 1.14982997e+09 9.99999162e+08
 9.96037081e+08 9.88203292e+08 9.72901162e+08 9.43675184e+08
 8.90192691e+08 7.99562680e+08 6.64298858e+08 4.96358663e+08
 3.55281158e+08 2.76650259e+08 2.26517384e+08 1.91766608e+08
 1.66260100e+08 1.46742201e+08 1.31325417e+08 1.18840041e+08
 1.11499854e+08 1.03786347e+08 9.93286397e+07 9.52380952e+07
 9.52159492e+07 9.51708879e+07 9.50808129e+07 9.49021686e+07
 9.45465110e+07 9.38432438e+07 9.35253700e+07 9.32787573e+07
 9.31182387e+07 9.29953477e+07 9.28843248e+07 9.27561592e+07
 9.26224911e+07 9.25268581e+07 9.23982893e+07 9.22596508e+07
 9.21080613e+07 9.19457589e+07 9.17888983e+07 9.17293235e+07
 9.16898867e+07 9.16565362e+07 9.16284499e+07 9.15917824e+07
 9.15535160e+07 9.15101551e+07 9.14832104e+07 9.14635737e+07
 9.14507007e+07 9.14297293e+07 9.14077993e+07 9.13818371e+07
 9.13577887e+07 9.13310606e+07 9.13022649e+07 9.12813372e+07
 9.12587463e+07 9.12373410e+07 9.12091559e+07 9.11862760e+07
 9.11497014e+07 9.11191905e+07 9.10751324e+07 9.10204751e+07
 9.09647489e+07 9.09090909e+07 9.08979675e+07 9.08757288e+07
 9.08312840e+07 9.07425248e+07 9.05654906e+07 9.02135736e+07
 8.95179072e+07 8.81580254e+07 8.76419095e+07 8.72837611e+07
 8.70472613e+07 8.68466914e+07 8.66493320e+07 8.64082486e+07
 8.61548930e+07 8.59605348e+07 8.57203320e+07 8.54459502e+07
 8.50229017e+07 8.43978620e+07 8.33329902e+07 8.32490842e+07
 8.30810960e+07 8.27471595e+07 8.20872407e+07 8.07984985e+07
 7.83387035e+07 7.38426612e+07 6.97237891e+07 6.60401344e+07
 6.27261782e+07 5.97289245e+07 5.70050445e+07 5.45187686e+07
 5.22403190e+07 5.10956003e+07 0.00000000e+00 0.00000000e+00
 0.00000000e+00 0.00000000e+00 0.00000000e+00 0.00000000e+00
 0.00000000e+00 0.00000000e+00 0.00000000e+00 0.00000000e+00
 0.00000000e+00 0.00000000e+00 0.00000000e+00 0.00000000e+00
 0.00000000e+00 0.00000000e+00 0.00000000e+00 0.00000000e+00
 0.00000000e+00 0.00000000e+00 0.00000000e+00 0.00000000e+00
 0.00000000e+00 0.00000000e+00 0.00000000e+00 0.00000000e+00
 0.00000000e+00 0.00000000e+00 0.00000000e+00 0.00000000e+00
 0.00000000e+00 0.00000000e+00 0.00000000e+00 0.00000000e+00
 0.00000000e+00 0.00000000e+00 0.00000000e+00 0.00000000e+00
 0.00000000e+00 0.00000000e+00 0.00000000e+00 0.00000000e+00
 0.00000000e+00 0.00000000e+00 0.00000000e+00 0.00000000e+00
 0.00000000e+00 0.00000000e+00 0.00000000e+00 0.00000000e+00
 0.00000000e+00 0.00000000e+00 0.00000000e+00 0.00000000e+00
 0.00000000e+00 0.00000000e+00 0.00000000e+00 0.00000000e+00
 0.00000000e+00 0.00000000e+00 0.00000000e+00 0.00000000e+00
 0.00000000e+00 0.00000000e+00 0.00000000e+00 0.00000000e+00
 0.00000000e+00 0.00000000e+00 0.00000000e+00 0.00000000e+00
 0.00000000e+00 0.00000000e+00 0.00000000e+00 0.00000000e+00
 0.00000000e+00 0.00000000e+00 0.00000000e+00 0.00000000e+00
 0.00000000e+00 0.00000000e+00 0.00000000e+00 0.00000000e+00
 0.00000000e+00 0.00000000e+00 0.00000000e+00 0.00000000e+00
 0.00000000e+00 0.00000000e+00 0.00000000e+00 0.00000000e+00
 0.00000000e+00 0.00000000e+00 0.00000000e+00 0.00000000e+00
 0.00000000e+00 0.00000000e+00 0.00000000e+00 0.00000000e+00
 0.00000000e+00 0.00000000e+00 0.00000000e+00 0.00000000e+00
 0.00000000e+00 0.00000000e+00 0.00000000e+00 0.00000000e+00
 0.00000000e+00 0.00000000e+00 0.00000000e+00 0.00000000e+00
 0.00000000e+00 0.00000000e+00 0.00000000e+00 0.00000000e+00
 0.00000000e+00 0.00000000e+00 0.00000000e+00 0.00000000e+00
 0.00000000e+00 0.00000000e+00 0.00000000e+00 0.00000000e+00
 0.00000000e+00 0.00000000e+00 0.00000000e+00 0.00000000e+00
 0.00000000e+00 0.00000000e+00 0.00000000e+00 0.00000000e+00
 0.00000000e+00 0.00000000e+00 0.00000000e+00 0.00000000e+00
 0.00000000e+00 0.00000000e+00 0.00000000e+00 0.00000000e+00
 0.00000000e+00 0.00000000e+00 0.00000000e+00 0.00000000e+00
 0.00000000e+00 0.00000000e+00 0.00000000e+00 0.00000000e+00
 0.00000000e+00 0.00000000e+00 0.00000000e+00 0.00000000e+00
 0.00000000e+00 0.00000000e+00 0.00000000e+00 0.00000000e+00
 0.00000000e+00 0.00000000e+00 0.00000000e+00 0.00000000e+00
 0.00000000e+00]
norm_dvd: [0. 0. 0. 0. 0. 0. 0. 0. 0. 0. 0. 0. 0. 0. 0. 0. 0. 0. 0. 0. 0. 0. 0. 0.
 0. 0. 0. 0. 0. 0. 0. 0. 0. 0. 0. 0. 0. 0. 0. 0. 0. 0. 0. 0. 0. 0. 0. 0.
 0. 0. 0. 0. 0. 0. 0. 0. 0. 0. 0. 0. 0. 0. 0. 0. 0. 0. 0. 0. 0. 0. 0. 0.
 0. 0. 0. 0. 0. 0. 0. 0. 0. 0. 0. 0. 0. 0. 0. 0. 0. 0. 0. 0. 0. 0. 0. 0.
 0. 0. 0. 0. 0. 0. 0. 0. 0. 0. 0. 0. 0. 0. 0. 0. 0. 0. 0. 0. 0. 0. 0. 0.
 0. 0. 0. 0. 0. 0. 0. 0. 0. 0. 0. 0. 0. 0. 0. 0. 0. 0. 0. 0. 0. 0. 0. 0.
 0. 0. 0. 0. 0. 0. 0. 0. 0. 0. 0. 0. 0. 0. 0. 0. 0. 0. 0. 0. 0. 0. 0. 0.
 0. 0. 0. 0. 0. 0. 0. 0. 0. 0. 0. 0. 0. 0. 0. 0. 0. 0. 0. 0. 0. 0. 0. 0.
 0. 0. 0. 0. 0. 0. 0. 0. 0. 0. 0. 0. 0. 0. 0. 0. 0. 0. 0. 0. 0. 0. 0. 0.
 0. 0. 0. 0. 0. 0. 0. 0. 0. 0. 0. 0. 0. 0. 0. 0. 0. 0. 0. 0. 0. 0. 0. 0.
 0. 0. 0. 0. 0. 0. 0. 0. 0. 0. 0. 0. 0. 0. 0. 0. 0. 0. 0. 0. 0. 0. 0. 0.
 0. 0. 0. 0. 0. 0. 0. 0. 0. 0. 0. 0. 0. 0. 0. 0. 0. 0. 0. 0. 0. 0. 0. 0.
 0. 0. 0. 0. 0. 0. 0. 0. 0. 0. 0. 0. 0. 0. 0. 0. 0. 0. 0. 0. 0. 0. 0. 0.
 0. 0. 0. 0. 0. 0. 0. 0. 0.]
norm_did: [1.54714544e+03 5.80179530e+02 1.35375225e+03 1.35375228e+03
 1.54714553e+03 1.46866004e+03 1.70055372e+03 1.71087079e+03
 1.81792379e+03 1.90358742e+03 1.98171442e+03 1.92600057e+03
 2.17150833e+03 2.06670506e+03 2.14901033e+03 2.26467702e+03
 2.36102043e+03 2.45410048e+03 2.48148646e+03 2.61978976e+03
 2.61225237e+03 2.82470729e+03 2.59057124e+03 2.78159471e+03
 2.82924321e+03 2.68911899e+03 2.91749934e+03 2.99569952e+03
 2.83642492e+03 2.41358639e+03 3.55196724e+03 2.83588427e+03
 2.84652909e+03 2.93953108e+03 2.91573007e+03 2.80362901e+03
 3.33356344e+03 2.71016843e+03 3.39213252e+03 3.10436548e+03
 3.11311348e+03 2.98610625e+03 3.13804675e+03 3.22100886e+03
 3.21806283e+03 3.09842339e+03 3.33676371e+03 5.95850862e+03
 1.78755190e+03 3.28998924e+03 3.47276644e+03 3.47276654e+03
 3.74693265e+03 3.90832010e+03 4.18637217e+03 4.50342231e+03
 5.20653354e+03 6.55779749e+03 8.27561146e+03 1.90521067e+04
 5.24905601e+03 9.33164961e+03 9.86627995e+03 1.11056420e+04
 1.39731929e+04 2.21809644e+04 5.58749585e+04 2.47261384e+05
 1.20202066e+06 5.74289172e+06 2.73905687e+07 1.30240277e+08
 6.62232968e+08 6.02766893e+09 5.88099519e+09 2.82727259e+09
 3.64126888e+09 2.35412900e+09 1.82551812e+09 2.25520153e+09
 1.20198978e+09 1.20673475e+09 1.20557329e+09 1.20305848e+09
 1.19722231e+09 1.13769354e+09 1.11568714e+09 1.09785152e+09
 1.08704910e+09 1.07964435e+09 1.07393929e+09 1.06701393e+09
 1.05811242e+09 1.05402848e+09 1.04726046e+09 1.04007097e+09
 1.03221698e+09 1.02312306e+09 1.01155212e+09 1.00757673e+09
 1.00513250e+09 1.00340370e+09 1.00198816e+09 1.00029481e+09
 9.98238637e+08 9.95471627e+08 9.93920593e+08 9.92726887e+08
 9.91983745e+08 9.91176037e+08 9.90156605e+08 9.88587957e+08
 9.87482209e+08 9.86211933e+08 9.84339588e+08 9.83376981e+08
 9.82261366e+08 9.81134013e+08 9.79797910e+08 9.78624598e+08
 9.76920154e+08 9.75595700e+08 9.73641278e+08 9.70865765e+08
 9.67990092e+08 9.67193316e+08 9.61854434e+08 9.63063036e+08
 9.62120639e+08 9.60205459e+08 9.56253821e+08 9.47895498e+08
 9.29580966e+08 8.42989844e+08 8.15987181e+08 7.97697994e+08
 7.86762174e+08 7.78162807e+08 7.70647110e+08 7.60820514e+08
 7.49377420e+08 7.42294583e+08 7.33210356e+08 7.24713684e+08
 7.11237493e+08 6.93512639e+08 6.43106398e+08 6.39834214e+08
 6.36439511e+08 6.28944565e+08 6.13856171e+08 5.83933988e+08
 5.28298025e+08 4.20136647e+08 3.46901907e+08 2.95991192e+08
 2.58444111e+08 2.29443896e+08 2.06248056e+08 1.87198726e+08
 1.69332747e+08 1.61963255e+08 8.19503429e+08 0.00000000e+00
 0.00000000e+00 0.00000000e+00 0.00000000e+00 0.00000000e+00
 0.00000000e+00 0.00000000e+00 0.00000000e+00 0.00000000e+00
 0.00000000e+00 0.00000000e+00 0.00000000e+00 0.00000000e+00
 0.00000000e+00 0.00000000e+00 0.00000000e+00 0.00000000e+00
 0.00000000e+00 0.00000000e+00 0.00000000e+00 0.00000000e+00
 0.00000000e+00 0.00000000e+00 0.00000000e+00 0.00000000e+00
 0.00000000e+00 0.00000000e+00 0.00000000e+00 0.00000000e+00
 0.00000000e+00 0.00000000e+00 0.00000000e+00 0.00000000e+00
 0.00000000e+00 0.00000000e+00 0.00000000e+00 0.00000000e+00
 0.00000000e+00 0.00000000e+00 0.00000000e+00 0.00000000e+00
 0.00000000e+00 0.00000000e+00 0.00000000e+00 0.00000000e+00
 0.00000000e+00 0.00000000e+00 0.00000000e+00 0.00000000e+00
 0.00000000e+00 0.00000000e+00 0.00000000e+00 0.00000000e+00
 0.00000000e+00 0.00000000e+00 0.00000000e+00 0.00000000e+00
 0.00000000e+00 0.00000000e+00 0.00000000e+00 0.00000000e+00
 0.00000000e+00 0.00000000e+00 0.00000000e+00 0.00000000e+00
 0.00000000e+00 0.00000000e+00 0.00000000e+00 0.00000000e+00
 0.00000000e+00 0.00000000e+00 0.00000000e+00 0.00000000e+00
 0.00000000e+00 0.00000000e+00 0.00000000e+00 0.00000000e+00
 0.00000000e+00 0.00000000e+00 0.00000000e+00 0.00000000e+00
 0.00000000e+00 0.00000000e+00 0.00000000e+00 0.00000000e+00
 0.00000000e+00 0.00000000e+00 0.00000000e+00 0.00000000e+00
 0.00000000e+00 0.00000000e+00 0.00000000e+00 0.00000000e+00
 0.00000000e+00 0.00000000e+00 0.00000000e+00 0.00000000e+00
 0.00000000e+00 0.00000000e+00 0.00000000e+00 0.00000000e+00
 0.00000000e+00 0.00000000e+00 0.00000000e+00 0.00000000e+00
 0.00000000e+00 0.00000000e+00 0.00000000e+00 0.00000000e+00
 0.00000000e+00 0.00000000e+00 0.00000000e+00 0.00000000e+00
 0.00000000e+00 0.00000000e+00 0.00000000e+00 0.00000000e+00
 0.00000000e+00 0.00000000e+00 0.00000000e+00 0.00000000e+00
 0.00000000e+00 0.00000000e+00 0.00000000e+00 0.00000000e+00
 0.00000000e+00 0.00000000e+00 0.00000000e+00 0.00000000e+00
 0.00000000e+00 0.00000000e+00 0.00000000e+00 0.00000000e+00
 0.00000000e+00 0.00000000e+00 0.00000000e+00 0.00000000e+00
 0.00000000e+00 0.00000000e+00 0.00000000e+00 0.00000000e+00
 0.00000000e+00 0.00000000e+00 0.00000000e+00 0.00000000e+00
 0.00000000e+00 0.00000000e+00 0.00000000e+00 0.00000000e+00
 0.00000000e+00 0.00000000e+00 0.00000000e+00 0.00000000e+00
 0.00000000e+00 0.00000000e+00 0.00000000e+00 0.00000000e+00
 0.00000000e+00]
[WARNING]: Quasi-static verification failed
[WARNING]: Max normalized derivatives: dVg/dt=2.50e+11, dVd/dt=0.00e+00, dId/dt=6.03e+09

  ngspice: ✓ PASS  (54.1s)

✓ Benchmark completed: /home/duhaochen/website-trial-v1/data/spice-model-benchmark/6c9970f8837184826e36fd905bd79116/ngspice
