$ /usr/bin/time -v -o /home/duhaochen/website-trial-v1/data/spice-model-benchmark/d270bd02e8d74cb642e828c6c2b3fd6e/hspice/resource.txt /usr/bin/python -m spice_model_benchmark.cli /home/duhaochen/pipeline_full_collection/benchmark-inputs/d270bd02e8d74cb642e828c6c2b3fd6e/hspice.lib --simulator hspice --modes dc transient ac noise --output-dir /home/duhaochen/website-trial-v1/data/spice-model-benchmark/d270bd02e8d74cb642e828c6c2b3fd6e --dpi 120 --log-level WARNING
SPICE Model Benchmark: /home/duhaochen/pipeline_full_collection/benchmark-inputs/d270bd02e8d74cb642e828c6c2b3fd6e/hspice.lib
Simulators: hspice
Modes: dc, transient, ac, noise
------------------------------------------------------------

============================================================
  Running: HSPICE
  Output:  /home/duhaochen/website-trial-v1/data/spice-model-benchmark/d270bd02e8d74cb642e828c6c2b3fd6e/hspice
============================================================
Vgs range: -1.200V to 0.000V
Ids range: -2.093e-11A to 6.550e-04A
Selected Vgs values: [-1.2 -1.  -0.8 -0.6 -0.4 -0.2  0. ]
Vgs=-1.200V: Ids range -2.093e-11A to 6.550e-04A
Vgs=-1.000V: Ids range -7.547e-12A to 3.806e-04A
Vgs=-0.800V: Ids range -2.509e-12A to 1.853e-04A
Vgs=-0.600V: Ids range -7.334e-13A to 6.109e-05A
Vgs=-0.400V: Ids range -1.694e-13A to 5.776e-06A
Vgs=-0.200V: Ids range -2.204e-14A to 1.874e-07A
Vgs=0.000V: Ids range 1.373e-11A to 4.493e-09A
ids_variation: 9.99068077711741
ids_variation <= max_variation: False
tc: 219812.68332938137
abs(tc) <= max_tc: False
[WARNING]: Temperature effects verification failed - effects outside expected range
/home/duhaochen/spice_model_benchmark/src/spice_model_benchmark/verification_manager.py:2706: RuntimeWarning: divide by zero encountered in divide
  norm_dvg = np.abs(dvg_dt / gate_voltage[:-1])
/home/duhaochen/spice_model_benchmark/src/spice_model_benchmark/verification_manager.py:2706: RuntimeWarning: invalid value encountered in divide
  norm_dvg = np.abs(dvg_dt / gate_voltage[:-1])
norm_dvg: [1.00000000e+10 5.00000000e+09 3.33333333e+09 ... 0.00000000e+00
 0.00000000e+00 0.00000000e+00]
norm_dvd: [0. 0. 0. ... 0. 0. 0.]
norm_did: [1754005.20000519 2303643.21173846 3256861.34278475 ...       0.
       0.               0.        ]
[WARNING]: Quasi-static verification failed
[WARNING]: Max normalized derivatives: dVg/dt=nan, dVd/dt=0.00e+00, dId/dt=2.43e+12
/home/duhaochen/spice_model_benchmark/src/spice_model_benchmark/plot_generator.py:336: UserWarning: Attempting to set identical low and high ylims makes transformation singular; automatically expanding.
  plt.ylim(0, max_cap*1.2)  # Add 20% margin to ensure all components are visible
[INFO]: S-parameter analysis plot saved to /home/duhaochen/website-trial-v1/data/spice-model-benchmark/d270bd02e8d74cb642e828c6c2b3fd6e/hspice/plots/ac_cv_sparameter_analysis.png
[INFO]: S-parameter analysis plot saved to /home/duhaochen/website-trial-v1/data/spice-model-benchmark/d270bd02e8d74cb642e828c6c2b3fd6e/hspice/plots/ac_cv_sparameter_analysis.png
[INFO]: NQS effects plot saved to /home/duhaochen/website-trial-v1/data/spice-model-benchmark/d270bd02e8d74cb642e828c6c2b3fd6e/hspice/plots/ac_cv_nqs_effects.png
[WARNING]: Cannot compute correlation: constant data detected

  hspice: ✓ PASS  (204.7s)

✓ Benchmark completed: /home/duhaochen/website-trial-v1/data/spice-model-benchmark/d270bd02e8d74cb642e828c6c2b3fd6e/hspice
