$ /usr/bin/time -v -o /home/duhaochen/website-trial-v1/data/spice-model-benchmark/4206421792473caec81aa89f48115dbf/ngspice/resource.txt /usr/bin/python -m spice_model_benchmark.cli /home/duhaochen/pipeline_full_collection/benchmark-inputs/4206421792473caec81aa89f48115dbf/ngspice.lib --simulator ngspice --modes dc transient ac noise --output-dir /home/duhaochen/website-trial-v1/data/spice-model-benchmark/4206421792473caec81aa89f48115dbf --dpi 120 --log-level WARNING
/home/duhaochen/spice_model_benchmark/src/spice_model_benchmark/verification_manager.py:1557: RuntimeWarning: divide by zero encountered in divide
  tc = np.mean((d_ids / d_temp) / np.abs(i_ds[:-1]))
SPICE Model Benchmark: /home/duhaochen/pipeline_full_collection/benchmark-inputs/4206421792473caec81aa89f48115dbf/ngspice.lib
Simulators: ngspice
Modes: dc, transient, ac, noise
------------------------------------------------------------

============================================================
  Running: NGSPICE
  Output:  /home/duhaochen/website-trial-v1/data/spice-model-benchmark/4206421792473caec81aa89f48115dbf/ngspice
============================================================
Vgs range: -1.200V to 0.000V
Ids range: 0.000e+00A to 1.284e-03A
Selected Vgs values: [-1.2 -1.  -0.8 -0.6 -0.4 -0.2  0. ]
Vgs=-1.200V: Ids range 0.000e+00A to 1.284e-03A
Vgs=-1.000V: Ids range 0.000e+00A to 6.812e-04A
Vgs=-0.800V: Ids range 0.000e+00A to 2.400e-04A
Vgs=-0.600V: Ids range 0.000e+00A to 1.657e-05A
Vgs=-0.400V: Ids range 0.000e+00A to 3.325e-07A
Vgs=-0.200V: Ids range 0.000e+00A to 3.754e-09A
Vgs=0.000V: Ids range 6.452e-16A to 3.550e-11A
ids_variation: 6.838628305969314
ids_variation <= max_variation: False
tc: inf
abs(tc) <= max_tc: False
[WARNING]: Temperature effects verification failed - effects outside expected range
/home/duhaochen/spice_model_benchmark/src/spice_model_benchmark/verification_manager.py:1817: RuntimeWarning: divide by zero encountered in log
  log_ids = np.log(np.abs(i_ds))
/home/duhaochen/.local/lib/python3.9/site-packages/numpy/lib/function_base.py:2742: RuntimeWarning: invalid value encountered in subtract
  X -= avg[:, None]
/home/duhaochen/spice_model_benchmark/src/spice_model_benchmark/verification_manager.py:1862: RuntimeWarning: divide by zero encountered in divide
  efficiency = np.abs(gm / i_ds)  # Transconductance efficiency
[INFO]: S-parameter analysis plot saved to /home/duhaochen/website-trial-v1/data/spice-model-benchmark/4206421792473caec81aa89f48115dbf/ngspice/plots/ac_cv_sparameter_analysis.png
[INFO]: NQS effects plot saved to /home/duhaochen/website-trial-v1/data/spice-model-benchmark/4206421792473caec81aa89f48115dbf/ngspice/plots/ac_cv_nqs_effects.png
[INFO]: S-parameter analysis plot saved to /home/duhaochen/website-trial-v1/data/spice-model-benchmark/4206421792473caec81aa89f48115dbf/ngspice/plots/ac_cv_sparameter_analysis.png
norm_dvg: [2.50000000e+11 1.25000000e+11 6.25000000e+10 3.12500000e+10
 1.56250000e+10 7.81250020e+09 6.78818097e+09 5.37794605e+09
 5.04507155e+09 4.69370564e+09 4.43552326e+09 4.15103750e+09
 3.91229096e+09 3.74312895e+09 3.56049939e+09 3.39121855e+09
 3.21165700e+09 3.03078799e+09 2.86718493e+09 2.70702155e+09
 2.57699019e+09 2.47511568e+09 2.45252988e+09 2.42740027e+09
 2.40651387e+09 2.37803714e+09 2.35238752e+09 2.32431760e+09
 2.30870046e+09 2.29844651e+09 2.28736107e+09 2.27297186e+09
 2.25495030e+09 2.24013206e+09 2.22354091e+09 2.20824282e+09
 2.19729688e+09 2.18302691e+09 2.17012554e+09 2.15708973e+09
 2.14322607e+09 2.12665569e+09 2.10987320e+09 2.08797703e+09
 2.06170726e+09 2.03038471e+09 2.00000134e+09 1.99403140e+09
 1.98220176e+09 1.96425850e+09 1.92932988e+09 1.86307069e+09
 1.76851434e+09 1.67604783e+09 1.58937266e+09 1.49486089e+09
 1.34823968e+09 1.15532545e+09 1.00000119e+09 9.95798879e+08
 9.87501553e+08 9.71315156e+08 9.40483610e+08 8.84342067e+08
 7.90022206e+08 6.51129300e+08 4.81740722e+08 3.47728673e+08
 2.72049221e+08 2.23423475e+08 1.89544519e+08 1.64587233e+08
 1.45437507e+08 1.30279488e+08 1.17982884e+08 1.11085382e+08
 1.03649533e+08 9.92659322e+07 9.52393578e+07 9.52146620e+07
 9.51700371e+07 9.50785520e+07 9.48972850e+07 9.45362320e+07
 9.38224402e+07 9.35179478e+07 9.32690166e+07 9.31066990e+07
 9.29862342e+07 9.28761409e+07 9.27492159e+07 9.26180188e+07
 9.25259809e+07 9.23987351e+07 9.22634570e+07 9.21138276e+07
 9.19501654e+07 9.17947485e+07 9.17312847e+07 9.16907137e+07
 9.16603931e+07 9.16308763e+07 9.15951252e+07 9.15551111e+07
 9.15125631e+07 9.14843641e+07 9.14674118e+07 9.14500756e+07
 9.14295541e+07 9.14086336e+07 9.13843289e+07 9.13593061e+07
 9.13367883e+07 9.13068916e+07 9.12841218e+07 9.12671201e+07
 9.12424049e+07 9.12086690e+07 9.11814467e+07 9.11482849e+07
 9.11166131e+07 9.10721785e+07 9.10180815e+07 9.09625068e+07
 9.09056030e+07 9.08989036e+07 9.08770833e+07 9.08340547e+07
 9.07476843e+07 9.05765190e+07 9.02355796e+07 8.95616182e+07
 8.82432621e+07 8.77255953e+07 8.73410101e+07 8.70851891e+07
 8.68797876e+07 8.66877023e+07 8.64462897e+07 8.62206495e+07
 8.60603268e+07 8.58051845e+07 8.55762659e+07 8.52125268e+07
 8.47158668e+07 8.40189700e+07 8.33333333e+07 8.32845071e+07
 8.31870261e+07 8.29927224e+07 8.26068987e+07 8.18458539e+07
 8.03651186e+07 7.75587146e+07 7.30275748e+07 6.89966484e+07
 6.53874372e+07 6.21370551e+07 5.91945130e+07 5.65180655e+07
 5.40731741e+07 5.19568787e+07 0.00000000e+00 0.00000000e+00
 0.00000000e+00 0.00000000e+00 0.00000000e+00 0.00000000e+00
 0.00000000e+00 0.00000000e+00 0.00000000e+00 0.00000000e+00
 0.00000000e+00 0.00000000e+00 0.00000000e+00 0.00000000e+00
 0.00000000e+00 0.00000000e+00 0.00000000e+00 0.00000000e+00
 0.00000000e+00 0.00000000e+00 0.00000000e+00 0.00000000e+00
 0.00000000e+00 0.00000000e+00 0.00000000e+00 0.00000000e+00
 0.00000000e+00 0.00000000e+00 0.00000000e+00 0.00000000e+00
 0.00000000e+00 0.00000000e+00 0.00000000e+00 0.00000000e+00
 0.00000000e+00 0.00000000e+00 0.00000000e+00 0.00000000e+00
 0.00000000e+00 0.00000000e+00 0.00000000e+00 0.00000000e+00
 0.00000000e+00 0.00000000e+00 0.00000000e+00 0.00000000e+00
 0.00000000e+00 0.00000000e+00 0.00000000e+00 0.00000000e+00
 0.00000000e+00 0.00000000e+00 0.00000000e+00 0.00000000e+00
 0.00000000e+00 0.00000000e+00 0.00000000e+00 0.00000000e+00
 0.00000000e+00 0.00000000e+00 0.00000000e+00 0.00000000e+00
 0.00000000e+00 0.00000000e+00 0.00000000e+00 0.00000000e+00
 0.00000000e+00 0.00000000e+00 0.00000000e+00 0.00000000e+00
 0.00000000e+00 0.00000000e+00 0.00000000e+00 0.00000000e+00
 0.00000000e+00 0.00000000e+00 0.00000000e+00 0.00000000e+00
 0.00000000e+00 0.00000000e+00 0.00000000e+00 0.00000000e+00
 0.00000000e+00 0.00000000e+00 0.00000000e+00 0.00000000e+00
 0.00000000e+00 0.00000000e+00 0.00000000e+00 0.00000000e+00
 0.00000000e+00 0.00000000e+00 0.00000000e+00 0.00000000e+00
 0.00000000e+00 0.00000000e+00 0.00000000e+00 0.00000000e+00
 0.00000000e+00 0.00000000e+00 0.00000000e+00 0.00000000e+00
 0.00000000e+00 0.00000000e+00 0.00000000e+00 0.00000000e+00
 0.00000000e+00 0.00000000e+00 0.00000000e+00 0.00000000e+00
 0.00000000e+00 0.00000000e+00 0.00000000e+00 0.00000000e+00
 0.00000000e+00 0.00000000e+00 0.00000000e+00 0.00000000e+00
 0.00000000e+00 0.00000000e+00 0.00000000e+00 0.00000000e+00
 0.00000000e+00 0.00000000e+00 0.00000000e+00 0.00000000e+00
 0.00000000e+00 0.00000000e+00 0.00000000e+00 0.00000000e+00
 0.00000000e+00 0.00000000e+00 0.00000000e+00 0.00000000e+00
 0.00000000e+00 0.00000000e+00 0.00000000e+00 0.00000000e+00
 0.00000000e+00 0.00000000e+00 0.00000000e+00 0.00000000e+00
 0.00000000e+00 0.00000000e+00 0.00000000e+00 0.00000000e+00
 0.00000000e+00 0.00000000e+00 0.00000000e+00 0.00000000e+00
 0.00000000e+00 0.00000000e+00 0.00000000e+00 0.00000000e+00
 0.00000000e+00 0.00000000e+00 0.00000000e+00]
norm_dvd: [0. 0. 0. 0. 0. 0. 0. 0. 0. 0. 0. 0. 0. 0. 0. 0. 0. 0. 0. 0. 0. 0. 0. 0.
 0. 0. 0. 0. 0. 0. 0. 0. 0. 0. 0. 0. 0. 0. 0. 0. 0. 0. 0. 0. 0. 0. 0. 0.
 0. 0. 0. 0. 0. 0. 0. 0. 0. 0. 0. 0. 0. 0. 0. 0. 0. 0. 0. 0. 0. 0. 0. 0.
 0. 0. 0. 0. 0. 0. 0. 0. 0. 0. 0. 0. 0. 0. 0. 0. 0. 0. 0. 0. 0. 0. 0. 0.
 0. 0. 0. 0. 0. 0. 0. 0. 0. 0. 0. 0. 0. 0. 0. 0. 0. 0. 0. 0. 0. 0. 0. 0.
 0. 0. 0. 0. 0. 0. 0. 0. 0. 0. 0. 0. 0. 0. 0. 0. 0. 0. 0. 0. 0. 0. 0. 0.
 0. 0. 0. 0. 0. 0. 0. 0. 0. 0. 0. 0. 0. 0. 0. 0. 0. 0. 0. 0. 0. 0. 0. 0.
 0. 0. 0. 0. 0. 0. 0. 0. 0. 0. 0. 0. 0. 0. 0. 0. 0. 0. 0. 0. 0. 0. 0. 0.
 0. 0. 0. 0. 0. 0. 0. 0. 0. 0. 0. 0. 0. 0. 0. 0. 0. 0. 0. 0. 0. 0. 0. 0.
 0. 0. 0. 0. 0. 0. 0. 0. 0. 0. 0. 0. 0. 0. 0. 0. 0. 0. 0. 0. 0. 0. 0. 0.
 0. 0. 0. 0. 0. 0. 0. 0. 0. 0. 0. 0. 0. 0. 0. 0. 0. 0. 0. 0. 0. 0. 0. 0.
 0. 0. 0. 0. 0. 0. 0. 0. 0. 0. 0. 0. 0. 0. 0. 0. 0. 0. 0. 0. 0. 0. 0. 0.
 0. 0. 0. 0. 0. 0. 0. 0. 0. 0. 0. 0. 0. 0. 0. 0. 0. 0. 0. 0. 0. 0. 0. 0.
 0. 0. 0. 0. 0. 0. 0.]
norm_did: [2.32071936e+03 1.93393284e+03 2.41741607e+03 2.51411282e+03
 2.85255131e+03 2.80354680e+03 3.20405358e+03 3.27875665e+03
 3.33659950e+03 3.61796656e+03 3.60474732e+03 3.78865698e+03
 3.75018569e+03 3.95161268e+03 4.08311472e+03 4.22295412e+03
 4.32968435e+03 4.51974228e+03 4.64844227e+03 4.81411629e+03
 5.03710737e+03 4.98974707e+03 5.13105786e+03 5.19305868e+03
 5.28536604e+03 5.39889279e+03 5.12326010e+03 5.31651578e+03
 5.60309960e+03 5.87077447e+03 5.03121424e+03 5.72017097e+03
 5.27415200e+03 5.57377599e+03 5.95854573e+03 5.48735523e+03
 5.72093689e+03 5.68073133e+03 5.55519250e+03 5.67597658e+03
 5.95775170e+03 5.79114935e+03 5.91417344e+03 5.83113737e+03
 6.20305292e+03 5.99628392e+03 9.30458153e+03 4.65228921e+03
 6.37875806e+03 6.37875755e+03 6.54662034e+03 6.90063588e+03
 7.29055724e+03 7.75063240e+03 8.36203603e+03 9.50629446e+03
 1.17926730e+04 1.50983411e+04 1.21019528e+04 1.26520260e+04
 1.74194579e+04 1.84737990e+04 2.06512447e+04 2.59344259e+04
 4.10219189e+04 1.03613150e+05 4.45600351e+05 2.16303898e+06
 1.03897419e+07 4.98400869e+07 2.41839218e+08 1.35849013e+09
 6.60855381e+10 4.57277854e+09 2.61585462e+09 3.15823688e+09
 2.15214771e+09 1.71975612e+09 1.92952250e+09 1.16641163e+09
 1.17006382e+09 1.16921530e+09 1.16731877e+09 1.16268527e+09
 1.10557646e+09 1.08649402e+09 1.06963396e+09 1.05945090e+09
 1.05261445e+09 1.04749958e+09 1.04102007e+09 1.03279382e+09
 1.02923975e+09 1.02299526e+09 1.01650597e+09 1.00932853e+09
 1.00072345e+09 9.89905211e+08 9.85852129e+08 9.83638522e+08
 9.81952289e+08 9.80618844e+08 9.79097018e+08 9.77107146e+08
 9.74643361e+08 9.72933695e+08 9.71931056e+08 9.71128986e+08
 9.70393340e+08 9.69414333e+08 9.67977382e+08 9.66985026e+08
 9.65907483e+08 9.64126756e+08 9.63146544e+08 9.62257965e+08
 9.61397046e+08 9.59676407e+08 9.58408608e+08 9.56833039e+08
 9.55547948e+08 9.53790922e+08 9.51037022e+08 9.48395626e+08
 9.47111613e+08 9.43002265e+08 9.43890565e+08 9.43069412e+08
 9.41392058e+08 9.37932112e+08 9.30562761e+08 9.14251612e+08
 8.33608478e+08 8.07981731e+08 7.88987821e+08 7.77343572e+08
 7.68644703e+08 7.61719369e+08 7.51726033e+08 7.41612498e+08
 7.36906241e+08 7.26529488e+08 7.19853393e+08 7.08011503e+08
 6.92294210e+08 6.66716449e+08 6.35713883e+08 6.33605680e+08
 6.31783301e+08 6.27603652e+08 6.19175296e+08 6.02192738e+08
 5.68669191e+08 5.03798937e+08 4.01569193e+08 3.34238478e+08
 2.86763472e+08 2.51360176e+08 2.23785398e+08 2.01590081e+08
 1.83001027e+08 1.68472074e+08 3.84747392e+08 0.00000000e+00
 0.00000000e+00 0.00000000e+00 0.00000000e+00 0.00000000e+00
 0.00000000e+00 0.00000000e+00 0.00000000e+00 0.00000000e+00
 0.00000000e+00 0.00000000e+00 0.00000000e+00 0.00000000e+00
 0.00000000e+00 0.00000000e+00 0.00000000e+00 0.00000000e+00
 0.00000000e+00 0.00000000e+00 0.00000000e+00 0.00000000e+00
 0.00000000e+00 0.00000000e+00 0.00000000e+00 0.00000000e+00
 0.00000000e+00 0.00000000e+00 0.00000000e+00 0.00000000e+00
 0.00000000e+00 0.00000000e+00 0.00000000e+00 0.00000000e+00
 0.00000000e+00 0.00000000e+00 0.00000000e+00 0.00000000e+00
 0.00000000e+00 0.00000000e+00 0.00000000e+00 0.00000000e+00
 0.00000000e+00 0.00000000e+00 0.00000000e+00 0.00000000e+00
 0.00000000e+00 0.00000000e+00 0.00000000e+00 0.00000000e+00
 0.00000000e+00 0.00000000e+00 0.00000000e+00 0.00000000e+00
 0.00000000e+00 0.00000000e+00 0.00000000e+00 0.00000000e+00
 0.00000000e+00 0.00000000e+00 0.00000000e+00 0.00000000e+00
 0.00000000e+00 0.00000000e+00 0.00000000e+00 0.00000000e+00
 0.00000000e+00 0.00000000e+00 0.00000000e+00 0.00000000e+00
 0.00000000e+00 0.00000000e+00 0.00000000e+00 0.00000000e+00
 0.00000000e+00 0.00000000e+00 0.00000000e+00 0.00000000e+00
 0.00000000e+00 0.00000000e+00 0.00000000e+00 0.00000000e+00
 0.00000000e+00 0.00000000e+00 0.00000000e+00 0.00000000e+00
 0.00000000e+00 0.00000000e+00 0.00000000e+00 0.00000000e+00
 0.00000000e+00 0.00000000e+00 0.00000000e+00 0.00000000e+00
 0.00000000e+00 0.00000000e+00 0.00000000e+00 0.00000000e+00
 0.00000000e+00 0.00000000e+00 0.00000000e+00 0.00000000e+00
 0.00000000e+00 0.00000000e+00 0.00000000e+00 0.00000000e+00
 0.00000000e+00 0.00000000e+00 0.00000000e+00 0.00000000e+00
 0.00000000e+00 0.00000000e+00 0.00000000e+00 0.00000000e+00
 0.00000000e+00 0.00000000e+00 0.00000000e+00 0.00000000e+00
 0.00000000e+00 0.00000000e+00 0.00000000e+00 0.00000000e+00
 0.00000000e+00 0.00000000e+00 0.00000000e+00 0.00000000e+00
 0.00000000e+00 0.00000000e+00 0.00000000e+00 0.00000000e+00
 0.00000000e+00 0.00000000e+00 0.00000000e+00 0.00000000e+00
 0.00000000e+00 0.00000000e+00 0.00000000e+00 0.00000000e+00
 0.00000000e+00 0.00000000e+00 0.00000000e+00 0.00000000e+00
 0.00000000e+00 0.00000000e+00 0.00000000e+00 0.00000000e+00
 0.00000000e+00 0.00000000e+00 0.00000000e+00 0.00000000e+00
 0.00000000e+00 0.00000000e+00 0.00000000e+00 0.00000000e+00
 0.00000000e+00 0.00000000e+00 0.00000000e+00]
[WARNING]: Quasi-static verification failed
[WARNING]: Max normalized derivatives: dVg/dt=2.50e+11, dVd/dt=0.00e+00, dId/dt=6.61e+10

  ngspice: ✓ PASS  (95.2s)

✓ Benchmark completed: /home/duhaochen/website-trial-v1/data/spice-model-benchmark/4206421792473caec81aa89f48115dbf/ngspice
