$ /usr/bin/time -v -o /home/duhaochen/website-trial-v1/data/spice-model-benchmark/a9249aae377cd2fafa340ce69bfc2164/hspice/resource.txt /usr/bin/python -m spice_model_benchmark.cli /home/duhaochen/pipeline_full_collection/benchmark-inputs/a9249aae377cd2fafa340ce69bfc2164/hspice.lib --simulator hspice --modes dc transient ac noise --output-dir /home/duhaochen/website-trial-v1/data/spice-model-benchmark/a9249aae377cd2fafa340ce69bfc2164 --dpi 120 --log-level WARNING
SPICE Model Benchmark: /home/duhaochen/pipeline_full_collection/benchmark-inputs/a9249aae377cd2fafa340ce69bfc2164/hspice.lib
Simulators: hspice
Modes: dc, transient, ac, noise
------------------------------------------------------------

============================================================
  Running: HSPICE
  Output:  /home/duhaochen/website-trial-v1/data/spice-model-benchmark/a9249aae377cd2fafa340ce69bfc2164/hspice
============================================================
Vgs range: 0.000V to 1.200V
Ids range: -5.270e-04A to 1.383e-15A
Selected Vgs values: [0.  0.2 0.4 0.6 0.8 1.  1.2]
Vgs=0.000V: Ids range -6.106e-10A to -5.113e-14A
Vgs=0.200V: Ids range -1.315e-08A to 4.681e-23A
Vgs=0.400V: Ids range -2.511e-07A to 2.396e-20A
Vgs=0.600V: Ids range -3.741e-06A to 7.608e-18A
Vgs=0.800V: Ids range -4.219e-05A to 1.423e-16A
Vgs=1.000V: Ids range -2.214e-04A to 5.238e-16A
Vgs=1.200V: Ids range -5.270e-04A to 1.383e-15A
ids_variation: 7.208075355187022
ids_variation <= max_variation: False
tc: 2.8737471260447248e+17
abs(tc) <= max_tc: False
[WARNING]: Temperature effects verification failed - effects outside expected range
/home/duhaochen/spice_model_benchmark/src/spice_model_benchmark/verification_manager.py:2706: RuntimeWarning: divide by zero encountered in divide
  norm_dvg = np.abs(dvg_dt / gate_voltage[:-1])
/home/duhaochen/spice_model_benchmark/src/spice_model_benchmark/verification_manager.py:2706: RuntimeWarning: invalid value encountered in divide
  norm_dvg = np.abs(dvg_dt / gate_voltage[:-1])
norm_dvg: [1.00000000e+10 5.00000000e+09 3.33333333e+09 ... 0.00000000e+00
 0.00000000e+00 0.00000000e+00]
norm_dvd: [0. 0. 0. ... 0. 0. 0.]
norm_did: [10201.26959169 85982.21712892 77238.92696275 ...     0.
     0.          2497.44511315]
[WARNING]: Quasi-static verification failed
[WARNING]: Max normalized derivatives: dVg/dt=nan, dVd/dt=0.00e+00, dId/dt=3.19e+13
/home/duhaochen/spice_model_benchmark/src/spice_model_benchmark/plot_generator.py:336: UserWarning: Attempting to set identical low and high ylims makes transformation singular; automatically expanding.
  plt.ylim(0, max_cap*1.2)  # Add 20% margin to ensure all components are visible
[INFO]: S-parameter analysis plot saved to /home/duhaochen/website-trial-v1/data/spice-model-benchmark/a9249aae377cd2fafa340ce69bfc2164/hspice/plots/ac_cv_sparameter_analysis.png
[INFO]: S-parameter analysis plot saved to /home/duhaochen/website-trial-v1/data/spice-model-benchmark/a9249aae377cd2fafa340ce69bfc2164/hspice/plots/ac_cv_sparameter_analysis.png
[INFO]: NQS effects plot saved to /home/duhaochen/website-trial-v1/data/spice-model-benchmark/a9249aae377cd2fafa340ce69bfc2164/hspice/plots/ac_cv_nqs_effects.png
[WARNING]: Cannot compute correlation: constant data detected

  hspice: ✓ PASS  (218.9s)

✓ Benchmark completed: /home/duhaochen/website-trial-v1/data/spice-model-benchmark/a9249aae377cd2fafa340ce69bfc2164/hspice
