$ /usr/bin/time -v -o /home/duhaochen/website-trial-v1/data/spice-model-benchmark/f141fba2b8af8f1adad9688ed62d32e2/ngspice/resource.txt /usr/bin/python -m spice_model_benchmark.cli /home/duhaochen/pipeline_full_collection/benchmark-inputs/f141fba2b8af8f1adad9688ed62d32e2/ngspice.lib --simulator ngspice --modes dc transient ac noise --output-dir /home/duhaochen/website-trial-v1/data/spice-model-benchmark/f141fba2b8af8f1adad9688ed62d32e2 --dpi 120 --log-level WARNING
/home/duhaochen/spice_model_benchmark/src/spice_model_benchmark/verification_manager.py:1557: RuntimeWarning: divide by zero encountered in divide
  tc = np.mean((d_ids / d_temp) / np.abs(i_ds[:-1]))
SPICE Model Benchmark: /home/duhaochen/pipeline_full_collection/benchmark-inputs/f141fba2b8af8f1adad9688ed62d32e2/ngspice.lib
Simulators: ngspice
Modes: dc, transient, ac, noise
------------------------------------------------------------

============================================================
  Running: NGSPICE
  Output:  /home/duhaochen/website-trial-v1/data/spice-model-benchmark/f141fba2b8af8f1adad9688ed62d32e2/ngspice
============================================================
Vgs range: 0.000V to 1.200V
Ids range: -1.242e-03A to 0.000e+00A
Selected Vgs values: [0.  0.2 0.4 0.6 0.8 1.  1.2]
Vgs=0.000V: Ids range -5.533e-12A to -1.781e-16A
Vgs=0.200V: Ids range -9.661e-10A to 0.000e+00A
Vgs=0.400V: Ids range -1.471e-07A to 0.000e+00A
Vgs=0.600V: Ids range -1.301e-05A to 0.000e+00A
Vgs=0.800V: Ids range -2.509e-04A to 0.000e+00A
Vgs=1.000V: Ids range -6.860e-04A to 0.000e+00A
Vgs=1.200V: Ids range -1.242e-03A to 0.000e+00A
ids_variation: 5.951007163419088
ids_variation <= max_variation: False
tc: inf
abs(tc) <= max_tc: False
[WARNING]: Temperature effects verification failed - effects outside expected range
/home/duhaochen/spice_model_benchmark/src/spice_model_benchmark/verification_manager.py:1817: RuntimeWarning: divide by zero encountered in log
  log_ids = np.log(np.abs(i_ds))
/home/duhaochen/.local/lib/python3.9/site-packages/numpy/lib/function_base.py:2742: RuntimeWarning: invalid value encountered in subtract
  X -= avg[:, None]
/home/duhaochen/spice_model_benchmark/src/spice_model_benchmark/verification_manager.py:1862: RuntimeWarning: divide by zero encountered in divide
  efficiency = np.abs(gm / i_ds)  # Transconductance efficiency
[INFO]: S-parameter analysis plot saved to /home/duhaochen/website-trial-v1/data/spice-model-benchmark/f141fba2b8af8f1adad9688ed62d32e2/ngspice/plots/ac_cv_sparameter_analysis.png
[INFO]: NQS effects plot saved to /home/duhaochen/website-trial-v1/data/spice-model-benchmark/f141fba2b8af8f1adad9688ed62d32e2/ngspice/plots/ac_cv_nqs_effects.png
[INFO]: S-parameter analysis plot saved to /home/duhaochen/website-trial-v1/data/spice-model-benchmark/f141fba2b8af8f1adad9688ed62d32e2/ngspice/plots/ac_cv_sparameter_analysis.png
norm_dvg: [2.50000000e+11 1.25000000e+11 6.25000000e+10 3.12500000e+10
 1.56250001e+10 8.90126127e+09 5.91551369e+09 5.26785401e+09
 4.94564338e+09 4.71118812e+09 4.50435811e+09 4.25742836e+09
 4.04905205e+09 3.93687027e+09 3.80486305e+09 3.66021336e+09
 3.53213576e+09 3.40993324e+09 3.25311965e+09 3.04779438e+09
 2.74835530e+09 2.52061228e+09 2.38930920e+09 2.28351820e+09
 2.21208935e+09 2.17689386e+09 2.14657601e+09 2.11844843e+09
 2.08371193e+09 2.05266347e+09 2.02909516e+09 2.01444224e+09
 2.00000279e+09 1.99713540e+09 1.99143375e+09 1.98012470e+09
 1.95788918e+09 1.91488230e+09 1.87432493e+09 1.83340918e+09
 1.81919065e+09 1.80993975e+09 1.80265574e+09 1.79515185e+09
 1.78727102e+09 1.77171258e+09 1.74139470e+09 1.72480508e+09
 1.71262644e+09 1.70048613e+09 1.68618402e+09 1.67489330e+09
 1.65836579e+09 1.64285619e+09 1.61959673e+09 1.59145539e+09
 1.55367436e+09 1.50748873e+09 1.45014642e+09 1.38440370e+09
 1.31090719e+09 1.24096466e+09 1.19114560e+09 1.17028620e+09
 1.14983940e+09 1.12380270e+09 1.10434722e+09 1.08423302e+09
 1.06244048e+09 1.03911618e+09 1.01918297e+09 1.00000061e+09
 9.97265232e+08 9.91838977e+08 9.81163697e+08 9.60486941e+08
 9.21642186e+08 8.78288157e+08 8.59214069e+08 8.44935572e+08
 8.32116630e+08 8.18166293e+08 8.03707025e+08 7.96762000e+08
 7.88497834e+08 7.78195913e+08 7.69138693e+08 7.58570934e+08
 7.50026055e+08 7.40770682e+08 7.30384987e+08 7.19150639e+08
 6.99594929e+08 6.81245067e+08 6.56093408e+08 6.30373801e+08
 5.88164110e+08 5.39921075e+08 4.96664316e+08 4.53176740e+08
 4.45145641e+08 4.38428152e+08 4.32684220e+08 4.25674226e+08
 4.21584596e+08 4.16868051e+08 4.11037234e+08 4.05775864e+08
 4.00016403e+08 3.94259412e+08 3.87938673e+08 3.78178627e+08
 3.68216520e+08 3.57001757e+08 3.43010239e+08 3.40077659e+08
 3.38247900e+08 3.37395566e+08 3.36775861e+08 3.35859807e+08
 3.35476900e+08 3.35149942e+08 3.34706896e+08 3.34246541e+08
 3.33329956e+08 3.31511124e+08 3.28147713e+08 3.25040282e+08
 3.23678507e+08 3.22518021e+08 3.21072345e+08 3.19862638e+08
 3.18313717e+08 3.16397009e+08 3.13683896e+08 3.10214317e+08
 3.05632390e+08 2.99963809e+08 2.93444009e+08 2.85939379e+08
 2.77036771e+08 2.66285886e+08 2.53489139e+08 2.39286385e+08
 2.24338705e+08 2.08914725e+08 1.93007463e+08 1.76516569e+08
 1.59343837e+08 1.42287298e+08 1.27745990e+08 1.18567689e+08
 1.13040314e+08 1.07573422e+08 1.02212576e+08 9.88169256e+07
 9.52368637e+07 9.52153364e+07 9.51676986e+07 9.50748683e+07
 9.48887336e+07 9.46284892e+07 9.43532194e+07 9.40299445e+07
 9.36873559e+07 9.35688418e+07 9.34779773e+07 9.33903767e+07
 9.32764493e+07 9.31457957e+07 9.30670438e+07 9.29710071e+07
 9.28811173e+07 9.27838390e+07 9.26779611e+07 9.25959658e+07
 9.24996372e+07 9.23929835e+07 9.22593051e+07 9.20783994e+07
 9.19834231e+07 9.18990596e+07 9.18065801e+07 9.17075610e+07
 9.16576669e+07 9.15955848e+07 9.15163106e+07 9.14444585e+07
 9.13550497e+07 9.12559130e+07 9.11241759e+07 9.10165064e+07
 9.09090909e+07 9.09052157e+07 9.08950127e+07 9.08724673e+07
 9.08327705e+07 9.07510809e+07 9.06332857e+07 9.05795318e+07
 9.05532906e+07 9.05343141e+07 9.05166980e+07 9.04901956e+07
 9.04822377e+07 9.04636833e+07 9.04428370e+07 9.04054233e+07
 9.03425156e+07 9.02173131e+07 9.01341703e+07 9.00731660e+07
 9.00076780e+07 8.99335214e+07 8.98701200e+07 8.97881452e+07
 8.97057173e+07 8.95857652e+07 8.94341813e+07 8.92240479e+07
 8.89461292e+07 8.85725418e+07 8.80720514e+07 8.74152179e+07
 8.71515355e+07 8.69444812e+07 8.67855673e+07 8.66231299e+07
 8.64446718e+07 8.62384251e+07 8.60782529e+07 8.58930950e+07
 8.56833253e+07 8.53830673e+07 8.49629713e+07 8.46212869e+07
 8.43897395e+07 8.41674058e+07 8.38713850e+07 8.36014095e+07
 8.33706352e+07 8.33323101e+07 8.33149980e+07 8.32764206e+07
 8.32286284e+07 8.31317219e+07 8.29392752e+07 8.27031774e+07
 8.24336796e+07 8.21764129e+07 8.17917467e+07 8.12305241e+07
 8.04526840e+07 8.02003444e+07 7.99992758e+07 7.98829385e+07
 7.97720985e+07 7.96678682e+07 7.95375635e+07 7.94186532e+07
 7.93546162e+07 7.92790796e+07 7.91915071e+07 7.90977370e+07
 7.89897516e+07 7.88618973e+07 7.87040055e+07 7.85001658e+07
 7.82221282e+07 7.76718070e+07 7.70474793e+07 7.68631344e+07
 7.66903356e+07 7.65938048e+07 7.64839339e+07 7.63486174e+07
 7.62513619e+07 7.61356957e+07 7.60023971e+07 7.58559869e+07
 7.56895090e+07 7.55170714e+07 7.53108606e+07 7.50138497e+07
 7.46931568e+07 7.43213625e+07 7.40516422e+07 7.37645919e+07
 7.37017284e+07 7.36580772e+07 7.36290719e+07 7.35954122e+07
 7.35571031e+07 7.35387087e+07 7.35140284e+07 7.34839235e+07
 7.34493843e+07 7.34060516e+07 7.33413779e+07 7.32121226e+07
 7.30805474e+07 7.29343720e+07 7.28392217e+07 7.27631435e+07
 7.26668389e+07 7.25556552e+07 7.24556957e+07 7.23444747e+07
 7.21837500e+07 7.19692548e+07 7.16790600e+07 7.12853261e+07
 7.07525342e+07 7.00496067e+07 6.91475018e+07 6.81483014e+07
 6.70484098e+07 6.58438163e+07 6.44901355e+07 6.29404004e+07
 6.11029027e+07 5.88410462e+07 5.61957527e+07 5.37780605e+07
 5.18202732e+07 0.00000000e+00 0.00000000e+00 0.00000000e+00
 0.00000000e+00 0.00000000e+00 0.00000000e+00 0.00000000e+00
 0.00000000e+00 0.00000000e+00 0.00000000e+00 0.00000000e+00
 0.00000000e+00 0.00000000e+00 0.00000000e+00 0.00000000e+00
 0.00000000e+00 0.00000000e+00 0.00000000e+00 0.00000000e+00
 0.00000000e+00 0.00000000e+00 0.00000000e+00 0.00000000e+00
 0.00000000e+00 0.00000000e+00 0.00000000e+00 0.00000000e+00
 0.00000000e+00 0.00000000e+00 0.00000000e+00 0.00000000e+00
 0.00000000e+00 0.00000000e+00 0.00000000e+00 0.00000000e+00
 0.00000000e+00 0.00000000e+00 0.00000000e+00 0.00000000e+00
 0.00000000e+00 0.00000000e+00 0.00000000e+00 0.00000000e+00
 0.00000000e+00 0.00000000e+00 0.00000000e+00 0.00000000e+00
 0.00000000e+00 0.00000000e+00 0.00000000e+00 0.00000000e+00
 0.00000000e+00 0.00000000e+00 0.00000000e+00 0.00000000e+00
 0.00000000e+00 0.00000000e+00 0.00000000e+00 0.00000000e+00
 0.00000000e+00 0.00000000e+00 0.00000000e+00 0.00000000e+00
 0.00000000e+00 0.00000000e+00 0.00000000e+00 0.00000000e+00
 0.00000000e+00 0.00000000e+00 0.00000000e+00 0.00000000e+00
 0.00000000e+00 0.00000000e+00 0.00000000e+00 0.00000000e+00
 0.00000000e+00 0.00000000e+00 0.00000000e+00 0.00000000e+00
 0.00000000e+00 0.00000000e+00 0.00000000e+00 0.00000000e+00
 0.00000000e+00 0.00000000e+00 0.00000000e+00 0.00000000e+00
 0.00000000e+00 0.00000000e+00 0.00000000e+00 0.00000000e+00
 0.00000000e+00 0.00000000e+00 0.00000000e+00 0.00000000e+00
 0.00000000e+00 0.00000000e+00 0.00000000e+00 0.00000000e+00
 0.00000000e+00 0.00000000e+00 0.00000000e+00 0.00000000e+00
 0.00000000e+00 0.00000000e+00 0.00000000e+00 0.00000000e+00
 0.00000000e+00 0.00000000e+00 0.00000000e+00 0.00000000e+00
 0.00000000e+00 0.00000000e+00 0.00000000e+00 0.00000000e+00
 0.00000000e+00 0.00000000e+00 0.00000000e+00 0.00000000e+00
 0.00000000e+00 0.00000000e+00 0.00000000e+00 0.00000000e+00
 0.00000000e+00 0.00000000e+00 0.00000000e+00 0.00000000e+00
 0.00000000e+00 0.00000000e+00 0.00000000e+00 0.00000000e+00
 0.00000000e+00 0.00000000e+00 0.00000000e+00 0.00000000e+00
 0.00000000e+00 0.00000000e+00 0.00000000e+00 0.00000000e+00
 0.00000000e+00 0.00000000e+00 0.00000000e+00 0.00000000e+00
 0.00000000e+00 0.00000000e+00 0.00000000e+00 0.00000000e+00
 0.00000000e+00 0.00000000e+00 0.00000000e+00 0.00000000e+00
 0.00000000e+00 0.00000000e+00 0.00000000e+00 0.00000000e+00
 0.00000000e+00 0.00000000e+00 0.00000000e+00 0.00000000e+00
 0.00000000e+00 0.00000000e+00 0.00000000e+00 0.00000000e+00
 0.00000000e+00 0.00000000e+00 0.00000000e+00 0.00000000e+00
 0.00000000e+00 0.00000000e+00 0.00000000e+00 0.00000000e+00
 0.00000000e+00 0.00000000e+00 0.00000000e+00 0.00000000e+00
 0.00000000e+00 0.00000000e+00 0.00000000e+00 0.00000000e+00
 0.00000000e+00 0.00000000e+00 0.00000000e+00 0.00000000e+00
 0.00000000e+00 0.00000000e+00 0.00000000e+00 0.00000000e+00
 0.00000000e+00 0.00000000e+00 0.00000000e+00 0.00000000e+00
 0.00000000e+00 0.00000000e+00 0.00000000e+00 0.00000000e+00
 0.00000000e+00 0.00000000e+00 0.00000000e+00 0.00000000e+00
 0.00000000e+00 0.00000000e+00 0.00000000e+00 0.00000000e+00
 0.00000000e+00 0.00000000e+00 0.00000000e+00 0.00000000e+00
 0.00000000e+00 0.00000000e+00 0.00000000e+00 0.00000000e+00
 0.00000000e+00 0.00000000e+00 0.00000000e+00 0.00000000e+00
 0.00000000e+00 0.00000000e+00 0.00000000e+00 0.00000000e+00
 0.00000000e+00 0.00000000e+00 0.00000000e+00 0.00000000e+00
 0.00000000e+00 0.00000000e+00 0.00000000e+00 0.00000000e+00
 0.00000000e+00 0.00000000e+00 0.00000000e+00 0.00000000e+00
 0.00000000e+00 0.00000000e+00 0.00000000e+00 0.00000000e+00
 0.00000000e+00 0.00000000e+00 0.00000000e+00 0.00000000e+00
 0.00000000e+00 0.00000000e+00 0.00000000e+00 0.00000000e+00
 0.00000000e+00 0.00000000e+00 0.00000000e+00 0.00000000e+00
 0.00000000e+00 0.00000000e+00 0.00000000e+00 0.00000000e+00
 0.00000000e+00 0.00000000e+00 0.00000000e+00 0.00000000e+00
 0.00000000e+00 0.00000000e+00 0.00000000e+00 0.00000000e+00
 0.00000000e+00 0.00000000e+00 0.00000000e+00 0.00000000e+00
 0.00000000e+00 0.00000000e+00 0.00000000e+00 0.00000000e+00
 0.00000000e+00 0.00000000e+00 0.00000000e+00 0.00000000e+00
 0.00000000e+00 0.00000000e+00 0.00000000e+00 0.00000000e+00
 0.00000000e+00 0.00000000e+00 0.00000000e+00 0.00000000e+00
 0.00000000e+00 0.00000000e+00 0.00000000e+00 0.00000000e+00
 0.00000000e+00 0.00000000e+00 0.00000000e+00 0.00000000e+00
 0.00000000e+00 0.00000000e+00 0.00000000e+00 0.00000000e+00
 0.00000000e+00 0.00000000e+00 0.00000000e+00 0.00000000e+00
 0.00000000e+00 0.00000000e+00 0.00000000e+00 0.00000000e+00
 0.00000000e+00 0.00000000e+00 0.00000000e+00 0.00000000e+00
 0.00000000e+00 0.00000000e+00 0.00000000e+00 0.00000000e+00
 0.00000000e+00 0.00000000e+00 0.00000000e+00 0.00000000e+00
 0.00000000e+00 0.00000000e+00 0.00000000e+00 0.00000000e+00
 0.00000000e+00 0.00000000e+00 0.00000000e+00]
norm_dvd: [0. 0. 0. 0. 0. 0. 0. 0. 0. 0. 0. 0. 0. 0. 0. 0. 0. 0. 0. 0. 0. 0. 0. 0.
 0. 0. 0. 0. 0. 0. 0. 0. 0. 0. 0. 0. 0. 0. 0. 0. 0. 0. 0. 0. 0. 0. 0. 0.
 0. 0. 0. 0. 0. 0. 0. 0. 0. 0. 0. 0. 0. 0. 0. 0. 0. 0. 0. 0. 0. 0. 0. 0.
 0. 0. 0. 0. 0. 0. 0. 0. 0. 0. 0. 0. 0. 0. 0. 0. 0. 0. 0. 0. 0. 0. 0. 0.
 0. 0. 0. 0. 0. 0. 0. 0. 0. 0. 0. 0. 0. 0. 0. 0. 0. 0. 0. 0. 0. 0. 0. 0.
 0. 0. 0. 0. 0. 0. 0. 0. 0. 0. 0. 0. 0. 0. 0. 0. 0. 0. 0. 0. 0. 0. 0. 0.
 0. 0. 0. 0. 0. 0. 0. 0. 0. 0. 0. 0. 0. 0. 0. 0. 0. 0. 0. 0. 0. 0. 0. 0.
 0. 0. 0. 0. 0. 0. 0. 0. 0. 0. 0. 0. 0. 0. 0. 0. 0. 0. 0. 0. 0. 0. 0. 0.
 0. 0. 0. 0. 0. 0. 0. 0. 0. 0. 0. 0. 0. 0. 0. 0. 0. 0. 0. 0. 0. 0. 0. 0.
 0. 0. 0. 0. 0. 0. 0. 0. 0. 0. 0. 0. 0. 0. 0. 0. 0. 0. 0. 0. 0. 0. 0. 0.
 0. 0. 0. 0. 0. 0. 0. 0. 0. 0. 0. 0. 0. 0. 0. 0. 0. 0. 0. 0. 0. 0. 0. 0.
 0. 0. 0. 0. 0. 0. 0. 0. 0. 0. 0. 0. 0. 0. 0. 0. 0. 0. 0. 0. 0. 0. 0. 0.
 0. 0. 0. 0. 0. 0. 0. 0. 0. 0. 0. 0. 0. 0. 0. 0. 0. 0. 0. 0. 0. 0. 0. 0.
 0. 0. 0. 0. 0. 0. 0. 0. 0. 0. 0. 0. 0. 0. 0. 0. 0. 0. 0. 0. 0. 0. 0. 0.
 0. 0. 0. 0. 0. 0. 0. 0. 0. 0. 0. 0. 0. 0. 0. 0. 0. 0. 0. 0. 0. 0. 0. 0.
 0. 0. 0. 0. 0. 0. 0. 0. 0. 0. 0. 0. 0. 0. 0. 0. 0. 0. 0. 0. 0. 0. 0. 0.
 0. 0. 0. 0. 0. 0. 0. 0. 0. 0. 0. 0. 0. 0. 0. 0. 0. 0. 0. 0. 0. 0. 0. 0.
 0. 0. 0. 0. 0. 0. 0. 0. 0. 0. 0. 0. 0. 0. 0. 0. 0. 0. 0. 0. 0. 0. 0. 0.
 0. 0. 0. 0. 0. 0. 0. 0. 0. 0. 0. 0. 0. 0. 0. 0. 0. 0. 0. 0. 0. 0. 0. 0.
 0. 0. 0. 0. 0. 0. 0. 0. 0. 0. 0. 0. 0. 0. 0. 0. 0. 0. 0. 0. 0. 0. 0. 0.
 0. 0. 0. 0. 0. 0. 0. 0. 0. 0. 0. 0. 0. 0. 0. 0. 0. 0. 0. 0. 0. 0. 0. 0.
 0. 0. 0. 0. 0. 0. 0. 0. 0. 0. 0. 0. 0. 0. 0. 0. 0. 0. 0. 0. 0. 0. 0. 0.
 0. 0. 0. 0. 0. 0. 0. 0. 0. 0. 0. 0. 0. 0. 0. 0. 0. 0. 0. 0. 0. 0. 0. 0.
 0. 0. 0. 0. 0. 0. 0. 0. 0. 0. 0. 0. 0. 0. 0. 0. 0. 0. 0. 0. 0. 0. 0. 0.
 0. 0. 0. 0. 0. 0. 0. 0. 0. 0. 0. 0. 0. 0. 0. 0. 0. 0. 0. 0. 0. 0. 0. 0.
 0. 0. 0. 0. 0. 0. 0. 0. 0. 0. 0. 0. 0. 0. 0. 0. 0. 0. 0. 0. 0. 0. 0. 0.
 0. 0. 0. 0. 0. 0. 0. 0. 0. 0. 0. 0. 0. 0. 0. 0. 0. 0. 0.]
norm_did: [0.00000000e+00 0.00000000e+00 0.00000000e+00 0.00000000e+00
 1.82219397e+02 1.55354823e+02 0.00000000e+00 0.00000000e+00
 0.00000000e+00 9.03822119e+02 0.00000000e+00 0.00000000e+00
 0.00000000e+00 0.00000000e+00 8.48125849e+02 0.00000000e+00
 0.00000000e+00 0.00000000e+00 4.25379572e+02 0.00000000e+00
 2.67958535e+02 4.04052153e+02 0.00000000e+00 6.22962926e+02
 0.00000000e+00 0.00000000e+00 0.00000000e+00 1.11943140e+03
 0.00000000e+00 0.00000000e+00 0.00000000e+00 0.00000000e+00
 0.00000000e+00 0.00000000e+00 0.00000000e+00 1.53588354e+03
 0.00000000e+00 0.00000000e+00 7.39855828e+02 0.00000000e+00
 0.00000000e+00 0.00000000e+00 0.00000000e+00 0.00000000e+00
 0.00000000e+00 8.96450705e+02 0.00000000e+00 0.00000000e+00
 0.00000000e+00 0.00000000e+00 2.20348346e+03 0.00000000e+00
 0.00000000e+00 0.00000000e+00 8.06848243e+02 5.76520992e+02
 0.00000000e+00 6.71668029e+02 2.69005195e+02 4.35042797e+02
 6.14673418e+02 5.22750294e+02 5.88688583e+02 5.79745306e+02
 8.74389500e+02 5.61938097e+02 5.24398931e+02 9.31278091e+02
 8.33923371e+02 4.68026886e+02 9.36053763e+02 0.00000000e+00
 1.60600161e+03 8.03000075e+02 8.03000429e+02 1.00375052e+03
 9.86851496e+02 1.04557405e+03 1.34369209e+03 1.44948873e+03
 1.28969697e+03 1.20185899e+03 1.62445765e+03 2.00904224e+03
 1.04936811e+03 1.74640048e+03 1.94547944e+03 1.17308569e+03
 2.11525296e+03 1.83561224e+03 1.64749890e+03 2.03971237e+03
 2.05916415e+03 2.34816917e+03 2.69144554e+03 2.94036363e+03
 3.71114139e+03 5.51560705e+03 7.61404179e+03 2.78798672e+04
 1.58677825e+04 1.45464266e+04 1.50450590e+04 1.73938548e+04
 1.73970004e+04 1.78619955e+04 1.98263988e+04 2.11027728e+04
 2.29254239e+04 2.47268303e+04 2.63504065e+04 3.11526888e+04
 3.65523911e+04 4.30200201e+04 1.00565107e+05 7.14442788e+04
 6.60225346e+04 6.30265600e+04 6.30299794e+04 6.51100250e+04
 6.33362031e+04 6.47617113e+04 6.63622762e+04 6.52918991e+04
 6.63622224e+04 6.86632340e+04 7.52914894e+04 8.91346550e+04
 8.40422097e+04 8.45059559e+04 8.67678782e+04 8.91715981e+04
 9.11848571e+04 9.53820672e+04 1.01043221e+05 1.09363396e+05
 1.21806564e+05 1.40807155e+05 1.65847779e+05 1.99941350e+05
 2.51491766e+05 3.37949731e+05 5.02520001e+05 8.21666367e+05
 1.44382023e+06 2.69887377e+06 5.24690362e+06 8.55385931e+06
 1.45137784e+07 2.52779882e+08 1.04369161e+08 2.23094551e+08
 2.60458345e+10 9.42076834e+09 3.59659500e+09 2.57327976e+09
 2.77761785e+09 1.56644240e+09 1.57330852e+09 1.57112487e+09
 1.55762855e+09 1.53195613e+09 1.50759472e+09 1.47667177e+09
 1.42861603e+09 1.41516155e+09 1.40620248e+09 1.39981512e+09
 1.39034399e+09 1.37547156e+09 1.36910522e+09 1.36020932e+09
 1.35255627e+09 1.34457425e+09 1.33362586e+09 1.32741767e+09
 1.31959144e+09 1.31182105e+09 1.30304193e+09 1.28295934e+09
 1.27420304e+09 1.26765590e+09 1.26022602e+09 1.24974684e+09
 1.24603688e+09 1.24183535e+09 1.23511160e+09 1.23004380e+09
 1.22326243e+09 1.21695384e+09 1.20521148e+09 1.19666192e+09
 1.18863510e+09 1.18124401e+09 1.18303210e+09 1.18234450e+09
 1.18101680e+09 1.17627766e+09 1.16454863e+09 1.15892973e+09
 1.15676864e+09 1.15519416e+09 1.15399503e+09 1.15180767e+09
 1.15134964e+09 1.14984041e+09 1.14913685e+09 1.14737215e+09
 1.14522960e+09 1.13395145e+09 1.12700349e+09 1.12250055e+09
 1.11798980e+09 1.11214321e+09 1.10814922e+09 1.10222584e+09
 1.09756024e+09 1.09007323e+09 1.08122311e+09 1.06854368e+09
 1.05199627e+09 1.02981911e+09 9.99928044e+08 9.45894718e+08
 9.27679977e+08 9.13682916e+08 9.04042952e+08 8.94600488e+08
 8.84557023e+08 8.71388029e+08 8.62591808e+08 8.52410129e+08
 8.42270680e+08 8.27624902e+08 8.03138508e+08 7.83094984e+08
 7.70924584e+08 7.60662027e+08 7.45407323e+08 7.31606036e+08
 7.17923996e+08 7.16642690e+08 7.14871927e+08 7.13610695e+08
 7.11975643e+08 7.08682785e+08 7.00280396e+08 6.89867894e+08
 6.77619752e+08 6.67682922e+08 6.52899175e+08 6.31471840e+08
 5.96163218e+08 5.86251688e+08 5.78190213e+08 5.73953848e+08
 5.69918763e+08 5.66412654e+08 5.61746191e+08 5.57208909e+08
 5.55101245e+08 5.52575398e+08 5.49630720e+08 5.46581921e+08
 5.43076663e+08 5.39037533e+08 5.34147913e+08 5.28025449e+08
 5.20873903e+08 5.04304174e+08 4.83554872e+08 4.78287569e+08
 4.73099699e+08 4.70526628e+08 4.67678080e+08 4.63841920e+08
 4.61358863e+08 4.58399543e+08 4.54980026e+08 4.51318688e+08
 4.47100001e+08 4.42940591e+08 4.38271025e+08 4.31190501e+08
 4.23856878e+08 4.14896623e+08 4.08968267e+08 4.01793929e+08
 4.00373857e+08 3.99389260e+08 3.98787406e+08 3.98104704e+08
 3.97213667e+08 3.96846714e+08 3.96340994e+08 3.95730844e+08
 3.95055581e+08 3.94228214e+08 3.93143942e+08 3.90497845e+08
 3.87872089e+08 3.84722994e+08 3.82751119e+08 3.81330863e+08
 3.79485991e+08 3.77283220e+08 3.75387490e+08 3.73445292e+08
 3.70594976e+08 3.66864858e+08 3.61923211e+08 3.55388520e+08
 3.46796693e+08 3.35903944e+08 3.22225853e+08 3.08071836e+08
 2.93579337e+08 2.78978938e+08 2.63907943e+08 2.48202445e+08
 2.31353818e+08 2.12171890e+08 1.90592348e+08 1.72381445e+08
 1.59205848e+08 6.45806810e+08 0.00000000e+00 0.00000000e+00
 0.00000000e+00 0.00000000e+00 0.00000000e+00 0.00000000e+00
 0.00000000e+00 0.00000000e+00 0.00000000e+00 0.00000000e+00
 0.00000000e+00 0.00000000e+00 0.00000000e+00 0.00000000e+00
 0.00000000e+00 0.00000000e+00 0.00000000e+00 0.00000000e+00
 0.00000000e+00 0.00000000e+00 0.00000000e+00 0.00000000e+00
 0.00000000e+00 0.00000000e+00 0.00000000e+00 0.00000000e+00
 0.00000000e+00 0.00000000e+00 0.00000000e+00 0.00000000e+00
 0.00000000e+00 0.00000000e+00 0.00000000e+00 0.00000000e+00
 0.00000000e+00 0.00000000e+00 0.00000000e+00 0.00000000e+00
 0.00000000e+00 0.00000000e+00 0.00000000e+00 0.00000000e+00
 0.00000000e+00 0.00000000e+00 0.00000000e+00 0.00000000e+00
 0.00000000e+00 0.00000000e+00 0.00000000e+00 0.00000000e+00
 0.00000000e+00 0.00000000e+00 0.00000000e+00 0.00000000e+00
 0.00000000e+00 0.00000000e+00 0.00000000e+00 0.00000000e+00
 0.00000000e+00 0.00000000e+00 0.00000000e+00 0.00000000e+00
 0.00000000e+00 0.00000000e+00 0.00000000e+00 0.00000000e+00
 0.00000000e+00 0.00000000e+00 0.00000000e+00 0.00000000e+00
 0.00000000e+00 0.00000000e+00 0.00000000e+00 0.00000000e+00
 0.00000000e+00 0.00000000e+00 0.00000000e+00 0.00000000e+00
 0.00000000e+00 0.00000000e+00 0.00000000e+00 0.00000000e+00
 0.00000000e+00 0.00000000e+00 0.00000000e+00 0.00000000e+00
 0.00000000e+00 0.00000000e+00 0.00000000e+00 0.00000000e+00
 0.00000000e+00 0.00000000e+00 0.00000000e+00 0.00000000e+00
 0.00000000e+00 0.00000000e+00 0.00000000e+00 0.00000000e+00
 0.00000000e+00 0.00000000e+00 0.00000000e+00 0.00000000e+00
 0.00000000e+00 0.00000000e+00 0.00000000e+00 0.00000000e+00
 0.00000000e+00 0.00000000e+00 0.00000000e+00 0.00000000e+00
 0.00000000e+00 0.00000000e+00 0.00000000e+00 0.00000000e+00
 0.00000000e+00 0.00000000e+00 0.00000000e+00 0.00000000e+00
 0.00000000e+00 0.00000000e+00 0.00000000e+00 0.00000000e+00
 0.00000000e+00 0.00000000e+00 0.00000000e+00 0.00000000e+00
 0.00000000e+00 0.00000000e+00 0.00000000e+00 0.00000000e+00
 0.00000000e+00 0.00000000e+00 0.00000000e+00 0.00000000e+00
 0.00000000e+00 0.00000000e+00 0.00000000e+00 0.00000000e+00
 0.00000000e+00 0.00000000e+00 0.00000000e+00 0.00000000e+00
 0.00000000e+00 0.00000000e+00 0.00000000e+00 0.00000000e+00
 0.00000000e+00 0.00000000e+00 0.00000000e+00 0.00000000e+00
 0.00000000e+00 0.00000000e+00 0.00000000e+00 0.00000000e+00
 0.00000000e+00 0.00000000e+00 0.00000000e+00 0.00000000e+00
 0.00000000e+00 0.00000000e+00 0.00000000e+00 0.00000000e+00
 0.00000000e+00 0.00000000e+00 0.00000000e+00 0.00000000e+00
 0.00000000e+00 0.00000000e+00 0.00000000e+00 0.00000000e+00
 0.00000000e+00 0.00000000e+00 0.00000000e+00 0.00000000e+00
 0.00000000e+00 0.00000000e+00 0.00000000e+00 0.00000000e+00
 0.00000000e+00 0.00000000e+00 0.00000000e+00 0.00000000e+00
 0.00000000e+00 0.00000000e+00 0.00000000e+00 0.00000000e+00
 0.00000000e+00 0.00000000e+00 0.00000000e+00 0.00000000e+00
 0.00000000e+00 0.00000000e+00 0.00000000e+00 0.00000000e+00
 0.00000000e+00 0.00000000e+00 0.00000000e+00 0.00000000e+00
 0.00000000e+00 0.00000000e+00 0.00000000e+00 0.00000000e+00
 0.00000000e+00 0.00000000e+00 0.00000000e+00 0.00000000e+00
 0.00000000e+00 0.00000000e+00 0.00000000e+00 0.00000000e+00
 0.00000000e+00 0.00000000e+00 0.00000000e+00 0.00000000e+00
 0.00000000e+00 0.00000000e+00 0.00000000e+00 0.00000000e+00
 0.00000000e+00 0.00000000e+00 0.00000000e+00 0.00000000e+00
 0.00000000e+00 0.00000000e+00 0.00000000e+00 0.00000000e+00
 0.00000000e+00 0.00000000e+00 0.00000000e+00 0.00000000e+00
 0.00000000e+00 0.00000000e+00 0.00000000e+00 0.00000000e+00
 0.00000000e+00 0.00000000e+00 0.00000000e+00 0.00000000e+00
 0.00000000e+00 0.00000000e+00 0.00000000e+00 0.00000000e+00
 0.00000000e+00 0.00000000e+00 0.00000000e+00 0.00000000e+00
 0.00000000e+00 0.00000000e+00 0.00000000e+00 0.00000000e+00
 0.00000000e+00 0.00000000e+00 0.00000000e+00 0.00000000e+00
 0.00000000e+00 0.00000000e+00 0.00000000e+00 0.00000000e+00
 0.00000000e+00 0.00000000e+00 0.00000000e+00 0.00000000e+00
 0.00000000e+00 0.00000000e+00 0.00000000e+00 0.00000000e+00
 0.00000000e+00 0.00000000e+00 0.00000000e+00 0.00000000e+00
 0.00000000e+00 0.00000000e+00 0.00000000e+00 0.00000000e+00
 0.00000000e+00 0.00000000e+00 0.00000000e+00 0.00000000e+00
 0.00000000e+00 0.00000000e+00 0.00000000e+00 0.00000000e+00
 0.00000000e+00 0.00000000e+00 0.00000000e+00 0.00000000e+00
 0.00000000e+00 0.00000000e+00 0.00000000e+00 0.00000000e+00
 0.00000000e+00 0.00000000e+00 0.00000000e+00 0.00000000e+00
 0.00000000e+00 0.00000000e+00 0.00000000e+00 0.00000000e+00
 0.00000000e+00 0.00000000e+00 0.00000000e+00 0.00000000e+00
 0.00000000e+00 0.00000000e+00 0.00000000e+00 0.00000000e+00
 0.00000000e+00 0.00000000e+00 0.00000000e+00 0.00000000e+00
 0.00000000e+00 0.00000000e+00 0.00000000e+00 0.00000000e+00
 0.00000000e+00 0.00000000e+00 0.00000000e+00]
[WARNING]: Quasi-static verification failed
[WARNING]: Max normalized derivatives: dVg/dt=2.50e+11, dVd/dt=0.00e+00, dId/dt=2.60e+10

  ngspice: ✓ PASS  (43.7s)

✓ Benchmark completed: /home/duhaochen/website-trial-v1/data/spice-model-benchmark/f141fba2b8af8f1adad9688ed62d32e2/ngspice
