
6. Printing statistics.

=== adder_top ===

        +----------Local Count, excluding submodules.
        |        +-Local Area, excluding submodules.
        |        | 
       23        - wires
       32        - wire bits
        5        - public wires
       14        - public wire bits
        5        - ports
       14        - port bits
       23   76.496 cells
        2    4.693   AND2X1
        2    5.632   AOI21X1
        1    3.285   AOI22X1
        3    5.632   NAND2X1
        1    2.346   NAND3X1
        1    2.346   NOR2X1
        2    5.632   OAI21X1
        2    4.693   OR2X1
        3   14.079   XNOR2X1
        6   28.158   XOR2X1

   Chip area for module '\adder_top': 76.495900
     of which used for sequential elements: 0.000000 (0.00%)

