$ /usr/bin/time -v -o /home/duhaochen/website-trial-v1/data/spice-model-benchmark/3c2654d20983d55e19def179bed07e16/ngspice/resource.txt /usr/bin/python -m spice_model_benchmark.cli /home/duhaochen/pipeline_full_collection/benchmark-inputs/3c2654d20983d55e19def179bed07e16/ngspice.lib --simulator ngspice --modes dc transient ac noise --output-dir /home/duhaochen/website-trial-v1/data/spice-model-benchmark/3c2654d20983d55e19def179bed07e16 --dpi 120 --log-level WARNING
/home/duhaochen/spice_model_benchmark/src/spice_model_benchmark/verification_manager.py:1557: RuntimeWarning: divide by zero encountered in divide
  tc = np.mean((d_ids / d_temp) / np.abs(i_ds[:-1]))
SPICE Model Benchmark: /home/duhaochen/pipeline_full_collection/benchmark-inputs/3c2654d20983d55e19def179bed07e16/ngspice.lib
Simulators: ngspice
Modes: dc, transient, ac, noise
------------------------------------------------------------

============================================================
  Running: NGSPICE
  Output:  /home/duhaochen/website-trial-v1/data/spice-model-benchmark/3c2654d20983d55e19def179bed07e16/ngspice
============================================================
Vgs range: 0.000V to 1.200V
Ids range: -8.181e-04A to 0.000e+00A
Selected Vgs values: [0.  0.2 0.4 0.6 0.8 1.  1.2]
Vgs=0.000V: Ids range -1.188e-12A to -1.012e-16A
Vgs=0.200V: Ids range -8.115e-11A to 0.000e+00A
Vgs=0.400V: Ids range -1.124e-08A to 0.000e+00A
Vgs=0.600V: Ids range -1.127e-06A to 0.000e+00A
Vgs=0.800V: Ids range -6.574e-05A to 0.000e+00A
Vgs=1.000V: Ids range -3.618e-04A to 0.000e+00A
Vgs=1.200V: Ids range -8.181e-04A to 0.000e+00A
ids_variation: 7.23292264685933
ids_variation <= max_variation: False
tc: inf
abs(tc) <= max_tc: False
[WARNING]: Temperature effects verification failed - effects outside expected range
/home/duhaochen/spice_model_benchmark/src/spice_model_benchmark/verification_manager.py:1817: RuntimeWarning: divide by zero encountered in log
  log_ids = np.log(np.abs(i_ds))
/home/duhaochen/.local/lib/python3.9/site-packages/numpy/lib/function_base.py:2742: RuntimeWarning: invalid value encountered in subtract
  X -= avg[:, None]
/home/duhaochen/spice_model_benchmark/src/spice_model_benchmark/verification_manager.py:1862: RuntimeWarning: divide by zero encountered in divide
  efficiency = np.abs(gm / i_ds)  # Transconductance efficiency
[INFO]: S-parameter analysis plot saved to /home/duhaochen/website-trial-v1/data/spice-model-benchmark/3c2654d20983d55e19def179bed07e16/ngspice/plots/ac_cv_sparameter_analysis.png
[INFO]: NQS effects plot saved to /home/duhaochen/website-trial-v1/data/spice-model-benchmark/3c2654d20983d55e19def179bed07e16/ngspice/plots/ac_cv_nqs_effects.png
[INFO]: S-parameter analysis plot saved to /home/duhaochen/website-trial-v1/data/spice-model-benchmark/3c2654d20983d55e19def179bed07e16/ngspice/plots/ac_cv_sparameter_analysis.png
norm_dvg: [2.50000000e+11 1.25000000e+11 6.25000000e+10 3.12500000e+10
 1.56250000e+10 1.01677705e+10 7.28531069e+09 5.63103119e+09
 4.51630036e+09 3.97959906e+09 3.79003489e+09 3.61889835e+09
 3.40733613e+09 3.24467662e+09 3.11631474e+09 2.98188340e+09
 2.84090152e+09 2.68301065e+09 2.60538016e+09 2.52857741e+09
 2.44926382e+09 2.40642625e+09 2.35129391e+09 2.29066976e+09
 2.22243995e+09 2.14081702e+09 2.06801439e+09 2.03606095e+09
 2.00378891e+09 2.00000291e+09 1.99908337e+09 1.99725771e+09
 1.99361205e+09 1.98635904e+09 1.97201379e+09 1.94393463e+09
 1.89010893e+09 1.83766678e+09 1.81002786e+09 1.78665242e+09
 1.76535351e+09 1.73952749e+09 1.71980430e+09 1.69108855e+09
 1.66288414e+09 1.62135750e+09 1.57299403e+09 1.51152076e+09
 1.44328862e+09 1.37626664e+09 1.30680250e+09 1.23572571e+09
 1.19520527e+09 1.17550848e+09 1.15929101e+09 1.14007935e+09
 1.12043555e+09 1.10724437e+09 1.08917672e+09 1.07293213e+09
 1.05190603e+09 1.03135607e+09 1.01543611e+09 1.00000089e+09
 9.98129200e+08 9.94406318e+08 9.87047171e+08 9.72647750e+08
 9.45074931e+08 9.19676264e+08 8.90163828e+08 8.67749639e+08
 8.45108479e+08 8.03194861e+08 7.61896178e+08 7.21205592e+08
 6.86076532e+08 6.45848578e+08 6.13630426e+08 5.92453479e+08
 5.83066868e+08 5.76720157e+08 5.71692732e+08 5.64266615e+08
 5.57469229e+08 5.51994423e+08 5.46324075e+08 5.39308266e+08
 5.30521184e+08 5.19006359e+08 5.12066167e+08 5.06581178e+08
 5.02915910e+08 4.99882092e+08 4.97574694e+08 4.95785697e+08
 4.94362216e+08 4.93067419e+08 4.91808650e+08 4.90429395e+08
 4.89100832e+08 4.87822620e+08 4.86165831e+08 4.84537220e+08
 4.81680675e+08 4.77045978e+08 4.72452197e+08 4.66643128e+08
 4.60858670e+08 4.58098870e+08 4.55871001e+08 4.52823388e+08
 4.50387666e+08 4.47242882e+08 4.43647785e+08 4.38480386e+08
 4.32287115e+08 4.24396804e+08 4.16288024e+08 4.06668102e+08
 3.96034418e+08 3.82774020e+08 3.67259206e+08 3.48670312e+08
 3.28633131e+08 3.06661848e+08 2.83290784e+08 2.57245994e+08
 2.30877568e+08 2.01713292e+08 1.73685545e+08 1.52496408e+08
 1.35915150e+08 1.22586103e+08 1.11637899e+08 1.02484937e+08
 9.52364061e+07 9.52125325e+07 9.51615888e+07 9.50594435e+07
 9.48560893e+07 9.46283308e+07 9.43729786e+07 9.40911809e+07
 9.37777407e+07 9.35117791e+07 9.33770813e+07 9.32628497e+07
 9.31112555e+07 9.29703958e+07 9.28561960e+07 9.27292379e+07
 9.26359051e+07 9.25450767e+07 9.24525825e+07 9.23508661e+07
 9.22528170e+07 9.21403601e+07 9.20086646e+07 9.18463100e+07
 9.16394806e+07 9.13814547e+07 9.11451819e+07 9.10939809e+07
 9.10518652e+07 9.10097308e+07 9.09785017e+07 9.09437831e+07
 9.09025769e+07 9.09169416e+07 9.09033249e+07 9.08956381e+07
 9.08802684e+07 9.08485273e+07 9.07883623e+07 9.06654825e+07
 9.05857465e+07 9.05131479e+07 9.04574565e+07 9.03853778e+07
 9.03108165e+07 9.02387865e+07 9.01618314e+07 9.00520715e+07
 8.99075828e+07 8.97085811e+07 8.94436505e+07 8.90906933e+07
 8.86425624e+07 8.81817258e+07 8.77814335e+07 8.75539008e+07
 8.73494273e+07 8.71832439e+07 8.70199563e+07 8.68431111e+07
 8.67126499e+07 8.65362910e+07 8.63611040e+07 8.61172711e+07
 8.59865358e+07 8.58539078e+07 8.56864874e+07 8.55779344e+07
 8.54633034e+07 8.53407507e+07 8.51977175e+07 8.50088971e+07
 8.47485958e+07 8.43156135e+07 8.38920176e+07 8.36118640e+07
 8.33338211e+07 8.32934355e+07 8.32149824e+07 8.30705697e+07
 8.27837730e+07 8.24689688e+07 8.22261667e+07 8.20583348e+07
 8.19454365e+07 8.18504030e+07 8.17366172e+07 8.16189315e+07
 8.15287293e+07 8.14201840e+07 8.12992390e+07 8.11291012e+07
 8.08795523e+07 8.05681609e+07 8.02865148e+07 8.02057157e+07
 8.01420747e+07 8.00932274e+07 8.00450842e+07 7.99944794e+07
 7.99468911e+07 7.99080229e+07 7.98605564e+07 7.98010713e+07
 7.97031477e+07 7.95818982e+07 7.94609268e+07 7.93034307e+07
 7.91214861e+07 7.90183404e+07 7.89415363e+07 7.88368543e+07
 7.87471887e+07 7.86416691e+07 7.85209947e+07 7.83412831e+07
 7.81093827e+07 7.77912214e+07 7.73848488e+07 7.68759749e+07
 7.63012966e+07 7.55999929e+07 7.47924647e+07 7.38263316e+07
 7.27299937e+07 7.14390060e+07 6.99264625e+07 6.80367222e+07
 6.55955752e+07 6.23249770e+07 5.93650410e+07 5.66735012e+07
 5.42154383e+07 5.19617379e+07 0.00000000e+00 0.00000000e+00
 0.00000000e+00 0.00000000e+00 0.00000000e+00 0.00000000e+00
 0.00000000e+00 0.00000000e+00 0.00000000e+00 0.00000000e+00
 0.00000000e+00 0.00000000e+00 0.00000000e+00 0.00000000e+00
 0.00000000e+00 0.00000000e+00 0.00000000e+00 0.00000000e+00
 0.00000000e+00 0.00000000e+00 0.00000000e+00 0.00000000e+00
 0.00000000e+00 0.00000000e+00 0.00000000e+00 0.00000000e+00
 0.00000000e+00 0.00000000e+00 0.00000000e+00 0.00000000e+00
 0.00000000e+00 0.00000000e+00 0.00000000e+00 0.00000000e+00
 0.00000000e+00 0.00000000e+00 0.00000000e+00 0.00000000e+00
 0.00000000e+00 0.00000000e+00 0.00000000e+00 0.00000000e+00
 0.00000000e+00 0.00000000e+00 0.00000000e+00 0.00000000e+00
 0.00000000e+00 0.00000000e+00 0.00000000e+00 0.00000000e+00
 0.00000000e+00 0.00000000e+00 0.00000000e+00 0.00000000e+00
 0.00000000e+00 0.00000000e+00 0.00000000e+00 0.00000000e+00
 0.00000000e+00 0.00000000e+00 0.00000000e+00 0.00000000e+00
 0.00000000e+00 0.00000000e+00 0.00000000e+00 0.00000000e+00
 0.00000000e+00 0.00000000e+00 0.00000000e+00 0.00000000e+00
 0.00000000e+00 0.00000000e+00 0.00000000e+00 0.00000000e+00
 0.00000000e+00 0.00000000e+00 0.00000000e+00 0.00000000e+00
 0.00000000e+00 0.00000000e+00 0.00000000e+00 0.00000000e+00
 0.00000000e+00 0.00000000e+00 0.00000000e+00 0.00000000e+00
 0.00000000e+00 0.00000000e+00 0.00000000e+00 0.00000000e+00
 0.00000000e+00 0.00000000e+00 0.00000000e+00 0.00000000e+00
 0.00000000e+00 0.00000000e+00 0.00000000e+00 0.00000000e+00
 0.00000000e+00 0.00000000e+00 0.00000000e+00 0.00000000e+00
 0.00000000e+00 0.00000000e+00 0.00000000e+00 0.00000000e+00
 0.00000000e+00 0.00000000e+00 0.00000000e+00 0.00000000e+00
 0.00000000e+00 0.00000000e+00 0.00000000e+00 0.00000000e+00
 0.00000000e+00 0.00000000e+00 0.00000000e+00 0.00000000e+00
 0.00000000e+00 0.00000000e+00 0.00000000e+00 0.00000000e+00
 0.00000000e+00 0.00000000e+00 0.00000000e+00 0.00000000e+00
 0.00000000e+00 0.00000000e+00 0.00000000e+00 0.00000000e+00
 0.00000000e+00 0.00000000e+00 0.00000000e+00 0.00000000e+00
 0.00000000e+00 0.00000000e+00 0.00000000e+00 0.00000000e+00
 0.00000000e+00 0.00000000e+00 0.00000000e+00 0.00000000e+00
 0.00000000e+00 0.00000000e+00 0.00000000e+00 0.00000000e+00
 0.00000000e+00 0.00000000e+00 0.00000000e+00 0.00000000e+00
 0.00000000e+00 0.00000000e+00 0.00000000e+00 0.00000000e+00
 0.00000000e+00 0.00000000e+00 0.00000000e+00 0.00000000e+00
 0.00000000e+00 0.00000000e+00 0.00000000e+00 0.00000000e+00
 0.00000000e+00 0.00000000e+00 0.00000000e+00 0.00000000e+00
 0.00000000e+00 0.00000000e+00 0.00000000e+00 0.00000000e+00
 0.00000000e+00 0.00000000e+00 0.00000000e+00 0.00000000e+00
 0.00000000e+00 0.00000000e+00 0.00000000e+00 0.00000000e+00
 0.00000000e+00 0.00000000e+00 0.00000000e+00 0.00000000e+00
 0.00000000e+00 0.00000000e+00 0.00000000e+00 0.00000000e+00
 0.00000000e+00 0.00000000e+00 0.00000000e+00 0.00000000e+00
 0.00000000e+00 0.00000000e+00 0.00000000e+00 0.00000000e+00
 0.00000000e+00 0.00000000e+00 0.00000000e+00 0.00000000e+00
 0.00000000e+00 0.00000000e+00 0.00000000e+00 0.00000000e+00
 0.00000000e+00 0.00000000e+00 0.00000000e+00 0.00000000e+00
 0.00000000e+00 0.00000000e+00 0.00000000e+00 0.00000000e+00
 0.00000000e+00 0.00000000e+00 0.00000000e+00 0.00000000e+00
 0.00000000e+00 0.00000000e+00 0.00000000e+00 0.00000000e+00
 0.00000000e+00 0.00000000e+00 0.00000000e+00 0.00000000e+00
 0.00000000e+00 0.00000000e+00 0.00000000e+00 0.00000000e+00
 0.00000000e+00 0.00000000e+00 0.00000000e+00 0.00000000e+00
 0.00000000e+00 0.00000000e+00 0.00000000e+00 0.00000000e+00
 0.00000000e+00 0.00000000e+00 0.00000000e+00 0.00000000e+00
 0.00000000e+00 0.00000000e+00 0.00000000e+00 0.00000000e+00
 0.00000000e+00 0.00000000e+00 0.00000000e+00 0.00000000e+00
 0.00000000e+00 0.00000000e+00 0.00000000e+00 0.00000000e+00
 0.00000000e+00 0.00000000e+00 0.00000000e+00 0.00000000e+00
 0.00000000e+00 0.00000000e+00 0.00000000e+00 0.00000000e+00
 0.00000000e+00 0.00000000e+00 0.00000000e+00 0.00000000e+00
 0.00000000e+00 0.00000000e+00 0.00000000e+00 0.00000000e+00
 0.00000000e+00 0.00000000e+00]
norm_dvd: [0. 0. 0. 0. 0. 0. 0. 0. 0. 0. 0. 0. 0. 0. 0. 0. 0. 0. 0. 0. 0. 0. 0. 0.
 0. 0. 0. 0. 0. 0. 0. 0. 0. 0. 0. 0. 0. 0. 0. 0. 0. 0. 0. 0. 0. 0. 0. 0.
 0. 0. 0. 0. 0. 0. 0. 0. 0. 0. 0. 0. 0. 0. 0. 0. 0. 0. 0. 0. 0. 0. 0. 0.
 0. 0. 0. 0. 0. 0. 0. 0. 0. 0. 0. 0. 0. 0. 0. 0. 0. 0. 0. 0. 0. 0. 0. 0.
 0. 0. 0. 0. 0. 0. 0. 0. 0. 0. 0. 0. 0. 0. 0. 0. 0. 0. 0. 0. 0. 0. 0. 0.
 0. 0. 0. 0. 0. 0. 0. 0. 0. 0. 0. 0. 0. 0. 0. 0. 0. 0. 0. 0. 0. 0. 0. 0.
 0. 0. 0. 0. 0. 0. 0. 0. 0. 0. 0. 0. 0. 0. 0. 0. 0. 0. 0. 0. 0. 0. 0. 0.
 0. 0. 0. 0. 0. 0. 0. 0. 0. 0. 0. 0. 0. 0. 0. 0. 0. 0. 0. 0. 0. 0. 0. 0.
 0. 0. 0. 0. 0. 0. 0. 0. 0. 0. 0. 0. 0. 0. 0. 0. 0. 0. 0. 0. 0. 0. 0. 0.
 0. 0. 0. 0. 0. 0. 0. 0. 0. 0. 0. 0. 0. 0. 0. 0. 0. 0. 0. 0. 0. 0. 0. 0.
 0. 0. 0. 0. 0. 0. 0. 0. 0. 0. 0. 0. 0. 0. 0. 0. 0. 0. 0. 0. 0. 0. 0. 0.
 0. 0. 0. 0. 0. 0. 0. 0. 0. 0. 0. 0. 0. 0. 0. 0. 0. 0. 0. 0. 0. 0. 0. 0.
 0. 0. 0. 0. 0. 0. 0. 0. 0. 0. 0. 0. 0. 0. 0. 0. 0. 0. 0. 0. 0. 0. 0. 0.
 0. 0. 0. 0. 0. 0. 0. 0. 0. 0. 0. 0. 0. 0. 0. 0. 0. 0. 0. 0. 0. 0. 0. 0.
 0. 0. 0. 0. 0. 0. 0. 0. 0. 0. 0. 0. 0. 0. 0. 0. 0. 0. 0. 0. 0. 0. 0. 0.
 0. 0. 0. 0. 0. 0. 0. 0. 0. 0. 0. 0. 0. 0. 0. 0. 0. 0. 0. 0. 0. 0. 0. 0.
 0. 0. 0. 0. 0. 0. 0. 0. 0. 0. 0. 0. 0. 0. 0. 0. 0. 0. 0. 0. 0. 0. 0. 0.
 0. 0. 0. 0. 0. 0. 0. 0. 0. 0. 0. 0. 0. 0. 0. 0. 0. 0. 0. 0. 0. 0. 0. 0.
 0. 0. 0. 0. 0. 0. 0. 0. 0. 0. 0. 0. 0. 0. 0. 0. 0. 0. 0. 0. 0. 0. 0. 0.
 0. 0. 0. 0. 0. 0. 0. 0. 0. 0. 0. 0. 0. 0. 0. 0. 0. 0. 0. 0. 0. 0. 0. 0.
 0. 0. 0. 0. 0. 0. 0. 0. 0. 0. 0. 0. 0. 0. 0. 0. 0. 0. 0. 0. 0. 0. 0. 0.
 0. 0. 0. 0. 0. 0. 0. 0. 0. 0. 0. 0. 0. 0. 0. 0. 0. 0. 0. 0. 0. 0. 0. 0.
 0. 0. 0. 0. 0. 0. 0. 0. 0. 0.]
norm_did: [0.00000000e+00 0.00000000e+00 0.00000000e+00 0.00000000e+00
 0.00000000e+00 0.00000000e+00 0.00000000e+00 0.00000000e+00
 0.00000000e+00 0.00000000e+00 0.00000000e+00 0.00000000e+00
 0.00000000e+00 0.00000000e+00 0.00000000e+00 0.00000000e+00
 0.00000000e+00 0.00000000e+00 0.00000000e+00 0.00000000e+00
 0.00000000e+00 0.00000000e+00 0.00000000e+00 5.43299834e+02
 0.00000000e+00 0.00000000e+00 0.00000000e+00 0.00000000e+00
 0.00000000e+00 0.00000000e+00 0.00000000e+00 0.00000000e+00
 0.00000000e+00 0.00000000e+00 0.00000000e+00 0.00000000e+00
 0.00000000e+00 0.00000000e+00 0.00000000e+00 0.00000000e+00
 0.00000000e+00 0.00000000e+00 0.00000000e+00 0.00000000e+00
 0.00000000e+00 0.00000000e+00 0.00000000e+00 0.00000000e+00
 0.00000000e+00 0.00000000e+00 0.00000000e+00 0.00000000e+00
 0.00000000e+00 0.00000000e+00 0.00000000e+00 0.00000000e+00
 0.00000000e+00 0.00000000e+00 0.00000000e+00 0.00000000e+00
 0.00000000e+00 0.00000000e+00 0.00000000e+00 3.88400396e+03
 0.00000000e+00 0.00000000e+00 0.00000000e+00 0.00000000e+00
 0.00000000e+00 0.00000000e+00 0.00000000e+00 0.00000000e+00
 0.00000000e+00 1.07895551e+02 0.00000000e+00 1.02562443e+02
 8.02044317e+01 8.95693158e+01 0.00000000e+00 2.67971329e+02
 0.00000000e+00 0.00000000e+00 0.00000000e+00 3.36966220e+02
 0.00000000e+00 0.00000000e+00 3.05791459e+02 0.00000000e+00
 1.74115054e+02 2.78840250e+02 0.00000000e+00 5.06033028e+02
 0.00000000e+00 0.00000000e+00 0.00000000e+00 1.25272462e+03
 0.00000000e+00 0.00000000e+00 0.00000000e+00 0.00000000e+00
 0.00000000e+00 0.00000000e+00 1.05334730e+03 0.00000000e+00
 3.61030122e+02 0.00000000e+00 2.76338542e+02 2.70690323e+02
 5.57256937e+02 0.00000000e+00 4.93154679e+02 0.00000000e+00
 4.66312057e+02 0.00000000e+00 5.48196879e+02 2.22869529e+02
 3.38607024e+02 4.75942901e+02 5.12563264e+02 4.41132293e+02
 6.65938595e+02 7.91720872e+02 1.05335836e+03 1.49905171e+03
 2.30455718e+03 4.00589087e+03 8.29237314e+03 2.04848984e+04
 7.20453210e+04 3.64781194e+05 1.94840459e+06 1.02443684e+07
 5.34732700e+07 2.83914772e+08 1.76955527e+09 1.65056016e+10
 9.40460925e+10 2.04889429e+09 2.71971914e+09 2.74501663e+09
 2.72224178e+09 2.70125185e+09 2.68225725e+09 2.66577239e+09
 2.61481401e+09 2.53287210e+09 2.53263670e+09 2.54542263e+09
 2.52934453e+09 2.50896256e+09 2.50893114e+09 2.48693791e+09
 2.48234747e+09 2.47804109e+09 2.47600086e+09 2.46821385e+09
 2.46785571e+09 2.46745007e+09 2.47033623e+09 2.47517061e+09
 2.47953735e+09 2.45530184e+09 2.37150946e+09 2.37533017e+09
 2.37504505e+09 2.36897653e+09 2.36776768e+09 2.36568092e+09
 2.87074304e+09 2.09359265e+09 2.35510541e+09 2.35699939e+09
 2.36078322e+09 2.36830456e+09 2.38336763e+09 2.36208901e+09
 2.35418270e+09 2.34481688e+09 2.34625197e+09 2.34204110e+09
 2.33627938e+09 2.33271508e+09 2.33708542e+09 2.33951359e+09
 2.34486602e+09 2.34868707e+09 2.35243602e+09 2.34851746e+09
 2.31015962e+09 2.24955697e+09 2.16837871e+09 2.13653087e+09
 2.10594494e+09 2.08718882e+09 2.07262796e+09 2.04446660e+09
 2.03913335e+09 2.02014641e+09 2.01458898e+09 1.96678185e+09
 1.95130537e+09 1.94254754e+09 1.91372930e+09 1.90206702e+09
 1.89062793e+09 1.88041896e+09 1.87242351e+09 1.86342144e+09
 1.86267077e+09 1.81060381e+09 1.74042000e+09 1.70681033e+09
 1.68336142e+09 1.62509928e+09 1.64239732e+09 1.64564316e+09
 1.61749513e+09 1.57414427e+09 1.53891422e+09 1.51449786e+09
 1.50009153e+09 1.49220228e+09 1.48069252e+09 1.46566054e+09
 1.45810412e+09 1.44823733e+09 1.44086651e+09 1.43129028e+09
 1.41160026e+09 1.37702152e+09 1.33188049e+09 1.32170845e+09
 1.31396113e+09 1.30912166e+09 1.30491905e+09 1.29952394e+09
 1.29465578e+09 1.29130224e+09 1.28796467e+09 1.28530267e+09
 1.27785075e+09 1.26640842e+09 1.25767957e+09 1.24477187e+09
 1.22206804e+09 1.21074857e+09 1.20551024e+09 1.19505120e+09
 1.18798784e+09 1.17936869e+09 1.17244423e+09 1.15960215e+09
 1.14411752e+09 1.12096305e+09 1.09076220e+09 1.05013846e+09
 1.00755701e+09 9.54896821e+08 8.97839935e+08 8.31374903e+08
 7.62562530e+08 6.88826137e+08 6.14278398e+08 5.35934747e+08
 4.55732515e+08 3.67358762e+08 3.08686541e+08 2.66766624e+08
 2.35066669e+08 2.09738273e+08 6.87577196e+08 0.00000000e+00
 0.00000000e+00 0.00000000e+00 0.00000000e+00 0.00000000e+00
 0.00000000e+00 0.00000000e+00 0.00000000e+00 0.00000000e+00
 0.00000000e+00 0.00000000e+00 0.00000000e+00 0.00000000e+00
 0.00000000e+00 0.00000000e+00 0.00000000e+00 0.00000000e+00
 0.00000000e+00 0.00000000e+00 0.00000000e+00 0.00000000e+00
 0.00000000e+00 0.00000000e+00 0.00000000e+00 0.00000000e+00
 0.00000000e+00 0.00000000e+00 0.00000000e+00 0.00000000e+00
 0.00000000e+00 0.00000000e+00 0.00000000e+00 0.00000000e+00
 0.00000000e+00 0.00000000e+00 0.00000000e+00 0.00000000e+00
 0.00000000e+00 0.00000000e+00 0.00000000e+00 0.00000000e+00
 0.00000000e+00 0.00000000e+00 0.00000000e+00 0.00000000e+00
 0.00000000e+00 0.00000000e+00 0.00000000e+00 0.00000000e+00
 0.00000000e+00 0.00000000e+00 0.00000000e+00 0.00000000e+00
 0.00000000e+00 0.00000000e+00 0.00000000e+00 0.00000000e+00
 0.00000000e+00 0.00000000e+00 0.00000000e+00 0.00000000e+00
 0.00000000e+00 0.00000000e+00 0.00000000e+00 0.00000000e+00
 0.00000000e+00 0.00000000e+00 0.00000000e+00 0.00000000e+00
 0.00000000e+00 0.00000000e+00 0.00000000e+00 0.00000000e+00
 0.00000000e+00 0.00000000e+00 0.00000000e+00 0.00000000e+00
 0.00000000e+00 0.00000000e+00 0.00000000e+00 0.00000000e+00
 0.00000000e+00 0.00000000e+00 0.00000000e+00 0.00000000e+00
 0.00000000e+00 0.00000000e+00 0.00000000e+00 0.00000000e+00
 0.00000000e+00 0.00000000e+00 0.00000000e+00 0.00000000e+00
 0.00000000e+00 0.00000000e+00 0.00000000e+00 0.00000000e+00
 0.00000000e+00 0.00000000e+00 0.00000000e+00 0.00000000e+00
 0.00000000e+00 0.00000000e+00 0.00000000e+00 0.00000000e+00
 0.00000000e+00 0.00000000e+00 0.00000000e+00 0.00000000e+00
 0.00000000e+00 0.00000000e+00 0.00000000e+00 0.00000000e+00
 0.00000000e+00 0.00000000e+00 0.00000000e+00 0.00000000e+00
 0.00000000e+00 0.00000000e+00 0.00000000e+00 0.00000000e+00
 0.00000000e+00 0.00000000e+00 0.00000000e+00 0.00000000e+00
 0.00000000e+00 0.00000000e+00 0.00000000e+00 0.00000000e+00
 0.00000000e+00 0.00000000e+00 0.00000000e+00 0.00000000e+00
 0.00000000e+00 0.00000000e+00 0.00000000e+00 0.00000000e+00
 0.00000000e+00 0.00000000e+00 0.00000000e+00 0.00000000e+00
 0.00000000e+00 0.00000000e+00 0.00000000e+00 0.00000000e+00
 0.00000000e+00 0.00000000e+00 0.00000000e+00 0.00000000e+00
 0.00000000e+00 0.00000000e+00 0.00000000e+00 0.00000000e+00
 0.00000000e+00 0.00000000e+00 0.00000000e+00 0.00000000e+00
 0.00000000e+00 0.00000000e+00 0.00000000e+00 0.00000000e+00
 0.00000000e+00 0.00000000e+00 0.00000000e+00 0.00000000e+00
 0.00000000e+00 0.00000000e+00 0.00000000e+00 0.00000000e+00
 0.00000000e+00 0.00000000e+00 0.00000000e+00 0.00000000e+00
 0.00000000e+00 0.00000000e+00 0.00000000e+00 0.00000000e+00
 0.00000000e+00 0.00000000e+00 0.00000000e+00 0.00000000e+00
 0.00000000e+00 0.00000000e+00 0.00000000e+00 0.00000000e+00
 0.00000000e+00 0.00000000e+00 0.00000000e+00 0.00000000e+00
 0.00000000e+00 0.00000000e+00 0.00000000e+00 0.00000000e+00
 0.00000000e+00 0.00000000e+00 0.00000000e+00 0.00000000e+00
 0.00000000e+00 0.00000000e+00 0.00000000e+00 0.00000000e+00
 0.00000000e+00 0.00000000e+00 0.00000000e+00 0.00000000e+00
 0.00000000e+00 0.00000000e+00 0.00000000e+00 0.00000000e+00
 0.00000000e+00 0.00000000e+00 0.00000000e+00 0.00000000e+00
 0.00000000e+00 0.00000000e+00 0.00000000e+00 0.00000000e+00
 0.00000000e+00 0.00000000e+00 0.00000000e+00 0.00000000e+00
 0.00000000e+00 0.00000000e+00 0.00000000e+00 0.00000000e+00
 0.00000000e+00 0.00000000e+00 0.00000000e+00 0.00000000e+00
 0.00000000e+00 0.00000000e+00 0.00000000e+00 0.00000000e+00
 0.00000000e+00 0.00000000e+00 0.00000000e+00 0.00000000e+00
 0.00000000e+00 0.00000000e+00 0.00000000e+00 0.00000000e+00
 0.00000000e+00 0.00000000e+00 0.00000000e+00 0.00000000e+00
 0.00000000e+00 0.00000000e+00 0.00000000e+00 0.00000000e+00
 0.00000000e+00 0.00000000e+00 0.00000000e+00 0.00000000e+00
 0.00000000e+00 0.00000000e+00 0.00000000e+00 0.00000000e+00
 0.00000000e+00 0.00000000e+00 0.00000000e+00 0.00000000e+00
 0.00000000e+00 0.00000000e+00 0.00000000e+00 0.00000000e+00
 0.00000000e+00 0.00000000e+00]
[WARNING]: Quasi-static verification failed
[WARNING]: Max normalized derivatives: dVg/dt=2.50e+11, dVd/dt=0.00e+00, dId/dt=9.40e+10

  ngspice: ✓ PASS  (102.0s)

✓ Benchmark completed: /home/duhaochen/website-trial-v1/data/spice-model-benchmark/3c2654d20983d55e19def179bed07e16/ngspice
