$ /usr/bin/time -v -o /home/duhaochen/website-trial-v1/data/spice-model-benchmark/52fddd8d55c7e479cfc7ae46b6002264/hspice/resource.txt /usr/bin/python -m spice_model_benchmark.cli /home/duhaochen/pipeline_full_collection/benchmark-inputs/52fddd8d55c7e479cfc7ae46b6002264/hspice.lib --simulator hspice --modes dc transient ac noise --output-dir /home/duhaochen/website-trial-v1/data/spice-model-benchmark/52fddd8d55c7e479cfc7ae46b6002264 --dpi 120 --log-level WARNING
SPICE Model Benchmark: /home/duhaochen/pipeline_full_collection/benchmark-inputs/52fddd8d55c7e479cfc7ae46b6002264/hspice.lib
Simulators: hspice
Modes: dc, transient, ac, noise
------------------------------------------------------------

============================================================
  Running: HSPICE
  Output:  /home/duhaochen/website-trial-v1/data/spice-model-benchmark/52fddd8d55c7e479cfc7ae46b6002264/hspice
============================================================
Vgs range: 0.000V to 1.200V
Ids range: -6.007e-03A to 1.405e-06A
Selected Vgs values: [0.  0.2 0.4 0.6 0.8 1.  1.2]
Vgs=0.000V: Ids range -6.386e-11A to -1.775e-14A
Vgs=0.200V: Ids range -5.121e-10A to 4.167e-15A
Vgs=0.400V: Ids range -1.986e-08A to 2.250e-12A
Vgs=0.600V: Ids range -4.861e-06A to 8.995e-10A
Vgs=0.800V: Ids range -4.516e-04A to 6.400e-08A
Vgs=1.000V: Ids range -2.756e-03A to 3.951e-07A
Vgs=1.200V: Ids range -6.007e-03A to 1.405e-06A
ids_variation: 25.691660472537073
ids_variation <= max_variation: False
tc: 160994986490.74423
abs(tc) <= max_tc: False
[WARNING]: Temperature effects verification failed - effects outside expected range
/home/duhaochen/spice_model_benchmark/src/spice_model_benchmark/verification_manager.py:2706: RuntimeWarning: divide by zero encountered in divide
  norm_dvg = np.abs(dvg_dt / gate_voltage[:-1])
/home/duhaochen/spice_model_benchmark/src/spice_model_benchmark/verification_manager.py:2706: RuntimeWarning: invalid value encountered in divide
  norm_dvg = np.abs(dvg_dt / gate_voltage[:-1])
norm_dvg: [1.00000000e+10 5.00000000e+09 3.33333333e+09 ... 0.00000000e+00
 0.00000000e+00 0.00000000e+00]
norm_dvd: [0. 0. 0. ... 0. 0. 0.]
norm_did: [4.76639434e+06 5.14235636e+06 5.01906279e+06 ... 0.00000000e+00
 0.00000000e+00 3.44656803e+03]
[WARNING]: Quasi-static verification failed
[WARNING]: Max normalized derivatives: dVg/dt=nan, dVd/dt=0.00e+00, dId/dt=1.34e+13
/home/duhaochen/spice_model_benchmark/src/spice_model_benchmark/plot_generator.py:336: UserWarning: Attempting to set identical low and high ylims makes transformation singular; automatically expanding.
  plt.ylim(0, max_cap*1.2)  # Add 20% margin to ensure all components are visible
[INFO]: S-parameter analysis plot saved to /home/duhaochen/website-trial-v1/data/spice-model-benchmark/52fddd8d55c7e479cfc7ae46b6002264/hspice/plots/ac_cv_sparameter_analysis.png
[INFO]: S-parameter analysis plot saved to /home/duhaochen/website-trial-v1/data/spice-model-benchmark/52fddd8d55c7e479cfc7ae46b6002264/hspice/plots/ac_cv_sparameter_analysis.png
[INFO]: NQS effects plot saved to /home/duhaochen/website-trial-v1/data/spice-model-benchmark/52fddd8d55c7e479cfc7ae46b6002264/hspice/plots/ac_cv_nqs_effects.png
[WARNING]: Cannot compute correlation: constant data detected

  hspice: ✓ PASS  (209.8s)

✓ Benchmark completed: /home/duhaochen/website-trial-v1/data/spice-model-benchmark/52fddd8d55c7e479cfc7ae46b6002264/hspice
