$ /usr/bin/time -v -o /home/duhaochen/website-trial-v1/data/spice-model-benchmark/78f87edf45a8074d576fb28f544b940a/ngspice/resource.txt /usr/bin/python -m spice_model_benchmark.cli /home/duhaochen/pipeline_full_collection/benchmark-inputs/78f87edf45a8074d576fb28f544b940a/ngspice.lib --simulator ngspice --modes dc transient ac noise --output-dir /home/duhaochen/website-trial-v1/data/spice-model-benchmark/78f87edf45a8074d576fb28f544b940a --dpi 120 --log-level WARNING
/home/duhaochen/spice_model_benchmark/src/spice_model_benchmark/verification_manager.py:1557: RuntimeWarning: divide by zero encountered in divide
  tc = np.mean((d_ids / d_temp) / np.abs(i_ds[:-1]))
SPICE Model Benchmark: /home/duhaochen/pipeline_full_collection/benchmark-inputs/78f87edf45a8074d576fb28f544b940a/ngspice.lib
Simulators: ngspice
Modes: dc, transient, ac, noise
------------------------------------------------------------

============================================================
  Running: NGSPICE
  Output:  /home/duhaochen/website-trial-v1/data/spice-model-benchmark/78f87edf45a8074d576fb28f544b940a/ngspice
============================================================
Vgs range: 0.000V to 1.200V
Ids range: -1.346e-03A to 0.000e+00A
Selected Vgs values: [0.  0.2 0.4 0.6 0.8 1.  1.2]
Vgs=0.000V: Ids range -3.834e-11A to -6.790e-16A
Vgs=0.200V: Ids range -4.055e-09A to 0.000e+00A
Vgs=0.400V: Ids range -3.591e-07A to 0.000e+00A
Vgs=0.600V: Ids range -1.785e-05A to 0.000e+00A
Vgs=0.800V: Ids range -2.557e-04A to 0.000e+00A
Vgs=1.000V: Ids range -7.192e-04A to 0.000e+00A
Vgs=1.200V: Ids range -1.346e-03A to 0.000e+00A
ids_variation: 6.780799156333269
ids_variation <= max_variation: False
tc: inf
abs(tc) <= max_tc: False
[WARNING]: Temperature effects verification failed - effects outside expected range
/home/duhaochen/spice_model_benchmark/src/spice_model_benchmark/verification_manager.py:1817: RuntimeWarning: divide by zero encountered in log
  log_ids = np.log(np.abs(i_ds))
/home/duhaochen/.local/lib/python3.9/site-packages/numpy/lib/function_base.py:2742: RuntimeWarning: invalid value encountered in subtract
  X -= avg[:, None]
/home/duhaochen/spice_model_benchmark/src/spice_model_benchmark/verification_manager.py:1862: RuntimeWarning: divide by zero encountered in divide
  efficiency = np.abs(gm / i_ds)  # Transconductance efficiency
[INFO]: S-parameter analysis plot saved to /home/duhaochen/website-trial-v1/data/spice-model-benchmark/78f87edf45a8074d576fb28f544b940a/ngspice/plots/ac_cv_sparameter_analysis.png
[INFO]: NQS effects plot saved to /home/duhaochen/website-trial-v1/data/spice-model-benchmark/78f87edf45a8074d576fb28f544b940a/ngspice/plots/ac_cv_nqs_effects.png
[INFO]: S-parameter analysis plot saved to /home/duhaochen/website-trial-v1/data/spice-model-benchmark/78f87edf45a8074d576fb28f544b940a/ngspice/plots/ac_cv_sparameter_analysis.png
norm_dvg: [2.50000000e+11 1.25000000e+11 6.25000000e+10 3.12500000e+10
 1.56250000e+10 7.81250013e+09 6.75605513e+09 5.31784540e+09
 4.98240345e+09 4.64739686e+09 4.38253896e+09 4.10184939e+09
 3.90866403e+09 3.73198389e+09 3.54386930e+09 3.36365011e+09
 3.17401494e+09 2.98759890e+09 2.81277128e+09 2.66774086e+09
 2.53589838e+09 2.49100265e+09 2.46410762e+09 2.44254094e+09
 2.42279158e+09 2.40052828e+09 2.37429515e+09 2.34769181e+09
 2.32234830e+09 2.30773254e+09 2.29753711e+09 2.28609799e+09
 2.27193009e+09 2.25246037e+09 2.23655098e+09 2.21812350e+09
 2.20463148e+09 2.19340979e+09 2.17976313e+09 2.16469920e+09
 2.15308370e+09 2.13934952e+09 2.12287735e+09 2.10525061e+09
 2.08209036e+09 2.05331493e+09 2.02630678e+09 1.99999949e+09
 1.99482038e+09 1.98454152e+09 1.96801134e+09 1.93576431e+09
 1.87434012e+09 1.76248789e+09 1.67152291e+09 1.57794576e+09
 1.48383230e+09 1.34290642e+09 1.14982997e+09 9.99999162e+08
 9.96037081e+08 9.88203292e+08 9.72901162e+08 9.43675184e+08
 8.90192691e+08 7.99562680e+08 6.64298858e+08 4.96358663e+08
 3.55281158e+08 2.76650259e+08 2.26517384e+08 1.91766608e+08
 1.66260100e+08 1.46742201e+08 1.31325417e+08 1.18840041e+08
 1.11499854e+08 1.03786347e+08 9.93286397e+07 9.52380952e+07
 9.52159492e+07 9.51708879e+07 9.50808129e+07 9.49021686e+07
 9.45465110e+07 9.38432438e+07 9.35253700e+07 9.32787573e+07
 9.31182387e+07 9.29953477e+07 9.28843248e+07 9.27561592e+07
 9.26224911e+07 9.25268581e+07 9.23982893e+07 9.22596508e+07
 9.21080613e+07 9.19457589e+07 9.17888983e+07 9.17293235e+07
 9.16898867e+07 9.16565362e+07 9.16284499e+07 9.15917824e+07
 9.15535160e+07 9.15101551e+07 9.14832104e+07 9.14635737e+07
 9.14507007e+07 9.14297293e+07 9.14077993e+07 9.13818371e+07
 9.13577887e+07 9.13310606e+07 9.13022649e+07 9.12813372e+07
 9.12587463e+07 9.12373410e+07 9.12091559e+07 9.11862760e+07
 9.11497014e+07 9.11191905e+07 9.10751324e+07 9.10204751e+07
 9.09647489e+07 9.09090909e+07 9.08979675e+07 9.08757288e+07
 9.08312840e+07 9.07425248e+07 9.05654906e+07 9.02135736e+07
 8.95179072e+07 8.81580254e+07 8.76419095e+07 8.72837611e+07
 8.70472613e+07 8.68466914e+07 8.66493320e+07 8.64082486e+07
 8.61548930e+07 8.59605348e+07 8.57203320e+07 8.54459502e+07
 8.50229017e+07 8.43978620e+07 8.33329902e+07 8.32490842e+07
 8.30810960e+07 8.27471595e+07 8.20872407e+07 8.07984985e+07
 7.83387035e+07 7.38426612e+07 6.97237891e+07 6.60401344e+07
 6.27261782e+07 5.97289245e+07 5.70050445e+07 5.45187686e+07
 5.22403190e+07 5.10956003e+07 0.00000000e+00 0.00000000e+00
 0.00000000e+00 0.00000000e+00 0.00000000e+00 0.00000000e+00
 0.00000000e+00 0.00000000e+00 0.00000000e+00 0.00000000e+00
 0.00000000e+00 0.00000000e+00 0.00000000e+00 0.00000000e+00
 0.00000000e+00 0.00000000e+00 0.00000000e+00 0.00000000e+00
 0.00000000e+00 0.00000000e+00 0.00000000e+00 0.00000000e+00
 0.00000000e+00 0.00000000e+00 0.00000000e+00 0.00000000e+00
 0.00000000e+00 0.00000000e+00 0.00000000e+00 0.00000000e+00
 0.00000000e+00 0.00000000e+00 0.00000000e+00 0.00000000e+00
 0.00000000e+00 0.00000000e+00 0.00000000e+00 0.00000000e+00
 0.00000000e+00 0.00000000e+00 0.00000000e+00 0.00000000e+00
 0.00000000e+00 0.00000000e+00 0.00000000e+00 0.00000000e+00
 0.00000000e+00 0.00000000e+00 0.00000000e+00 0.00000000e+00
 0.00000000e+00 0.00000000e+00 0.00000000e+00 0.00000000e+00
 0.00000000e+00 0.00000000e+00 0.00000000e+00 0.00000000e+00
 0.00000000e+00 0.00000000e+00 0.00000000e+00 0.00000000e+00
 0.00000000e+00 0.00000000e+00 0.00000000e+00 0.00000000e+00
 0.00000000e+00 0.00000000e+00 0.00000000e+00 0.00000000e+00
 0.00000000e+00 0.00000000e+00 0.00000000e+00 0.00000000e+00
 0.00000000e+00 0.00000000e+00 0.00000000e+00 0.00000000e+00
 0.00000000e+00 0.00000000e+00 0.00000000e+00 0.00000000e+00
 0.00000000e+00 0.00000000e+00 0.00000000e+00 0.00000000e+00
 0.00000000e+00 0.00000000e+00 0.00000000e+00 0.00000000e+00
 0.00000000e+00 0.00000000e+00 0.00000000e+00 0.00000000e+00
 0.00000000e+00 0.00000000e+00 0.00000000e+00 0.00000000e+00
 0.00000000e+00 0.00000000e+00 0.00000000e+00 0.00000000e+00
 0.00000000e+00 0.00000000e+00 0.00000000e+00 0.00000000e+00
 0.00000000e+00 0.00000000e+00 0.00000000e+00 0.00000000e+00
 0.00000000e+00 0.00000000e+00 0.00000000e+00 0.00000000e+00
 0.00000000e+00 0.00000000e+00 0.00000000e+00 0.00000000e+00
 0.00000000e+00 0.00000000e+00 0.00000000e+00 0.00000000e+00
 0.00000000e+00 0.00000000e+00 0.00000000e+00 0.00000000e+00
 0.00000000e+00 0.00000000e+00 0.00000000e+00 0.00000000e+00
 0.00000000e+00 0.00000000e+00 0.00000000e+00 0.00000000e+00
 0.00000000e+00 0.00000000e+00 0.00000000e+00 0.00000000e+00
 0.00000000e+00 0.00000000e+00 0.00000000e+00 0.00000000e+00
 0.00000000e+00 0.00000000e+00 0.00000000e+00 0.00000000e+00
 0.00000000e+00 0.00000000e+00 0.00000000e+00 0.00000000e+00
 0.00000000e+00 0.00000000e+00 0.00000000e+00 0.00000000e+00
 0.00000000e+00 0.00000000e+00 0.00000000e+00 0.00000000e+00
 0.00000000e+00]
norm_dvd: [0. 0. 0. 0. 0. 0. 0. 0. 0. 0. 0. 0. 0. 0. 0. 0. 0. 0. 0. 0. 0. 0. 0. 0.
 0. 0. 0. 0. 0. 0. 0. 0. 0. 0. 0. 0. 0. 0. 0. 0. 0. 0. 0. 0. 0. 0. 0. 0.
 0. 0. 0. 0. 0. 0. 0. 0. 0. 0. 0. 0. 0. 0. 0. 0. 0. 0. 0. 0. 0. 0. 0. 0.
 0. 0. 0. 0. 0. 0. 0. 0. 0. 0. 0. 0. 0. 0. 0. 0. 0. 0. 0. 0. 0. 0. 0. 0.
 0. 0. 0. 0. 0. 0. 0. 0. 0. 0. 0. 0. 0. 0. 0. 0. 0. 0. 0. 0. 0. 0. 0. 0.
 0. 0. 0. 0. 0. 0. 0. 0. 0. 0. 0. 0. 0. 0. 0. 0. 0. 0. 0. 0. 0. 0. 0. 0.
 0. 0. 0. 0. 0. 0. 0. 0. 0. 0. 0. 0. 0. 0. 0. 0. 0. 0. 0. 0. 0. 0. 0. 0.
 0. 0. 0. 0. 0. 0. 0. 0. 0. 0. 0. 0. 0. 0. 0. 0. 0. 0. 0. 0. 0. 0. 0. 0.
 0. 0. 0. 0. 0. 0. 0. 0. 0. 0. 0. 0. 0. 0. 0. 0. 0. 0. 0. 0. 0. 0. 0. 0.
 0. 0. 0. 0. 0. 0. 0. 0. 0. 0. 0. 0. 0. 0. 0. 0. 0. 0. 0. 0. 0. 0. 0. 0.
 0. 0. 0. 0. 0. 0. 0. 0. 0. 0. 0. 0. 0. 0. 0. 0. 0. 0. 0. 0. 0. 0. 0. 0.
 0. 0. 0. 0. 0. 0. 0. 0. 0. 0. 0. 0. 0. 0. 0. 0. 0. 0. 0. 0. 0. 0. 0. 0.
 0. 0. 0. 0. 0. 0. 0. 0. 0. 0. 0. 0. 0. 0. 0. 0. 0. 0. 0. 0. 0. 0. 0. 0.
 0. 0. 0. 0. 0. 0. 0. 0. 0.]
norm_did: [3.09429333e+03 2.32072004e+03 2.99759674e+03 3.09429357e+03
 3.48108061e+03 3.47840892e+03 3.98084595e+03 3.91056637e+03
 4.27747287e+03 4.40205130e+03 4.45886306e+03 4.62240741e+03
 4.72623028e+03 4.89483446e+03 5.01436448e+03 5.13908223e+03
 5.35165433e+03 5.57750978e+03 5.84350988e+03 6.03346538e+03
 6.09526628e+03 6.00251366e+03 6.47643978e+03 6.49039926e+03
 6.06267509e+03 6.72280980e+03 6.48334378e+03 6.32426638e+03
 6.80743264e+03 6.43624260e+03 7.10394800e+03 6.80613518e+03
 6.50636478e+03 6.85891915e+03 7.08107251e+03 6.72872277e+03
 6.66714003e+03 7.04645187e+03 7.26886993e+03 6.82961771e+03
 7.26394610e+03 6.82539951e+03 7.45287628e+03 7.02767012e+03
 7.35558748e+03 7.62690440e+03 7.38856402e+03 1.07253386e+04
 5.95851929e+03 7.67665822e+03 7.85943605e+03 8.04221417e+03
 8.45346515e+03 8.91900891e+03 9.59379475e+03 1.03540514e+04
 1.16819218e+04 1.44519516e+04 1.84272694e+04 6.99877375e+03
 1.67193135e+04 2.13851578e+04 2.24544304e+04 2.49088788e+04
 3.07169514e+04 4.68228779e+04 1.10041450e+05 4.57502456e+05
 2.22474316e+06 1.07069285e+07 5.15081394e+07 2.51093452e+08
 1.42586202e+09 4.30610741e+10 4.57077902e+09 2.68565014e+09
 3.06316986e+09 2.08834985e+09 1.68429288e+09 1.82914879e+09
 1.14740333e+09 1.15050350e+09 1.14978266e+09 1.14814781e+09
 1.14406256e+09 1.09034228e+09 1.07067911e+09 1.05461519e+09
 1.04488954e+09 1.03824384e+09 1.03315912e+09 1.02694348e+09
 1.01884939e+09 1.01523407e+09 1.00913845e+09 1.00265350e+09
 9.95555276e+08 9.87288447e+08 9.76606117e+08 9.72980817e+08
 9.70751039e+08 9.69175684e+08 9.67894215e+08 9.66356585e+08
 9.64484634e+08 9.61933264e+08 9.60512623e+08 9.59418300e+08
 9.58744102e+08 9.58011000e+08 9.57087585e+08 9.55646160e+08
 9.54640934e+08 9.53482988e+08 9.51758360e+08 9.50880318e+08
 9.49861296e+08 9.48833813e+08 9.47610048e+08 9.46545208e+08
 9.44981107e+08 9.43782420e+08 9.42002489e+08 9.39457729e+08
 9.36818691e+08 9.35161088e+08 9.31580249e+08 9.32284489e+08
 9.31466006e+08 9.29797389e+08 9.26334119e+08 9.18931357e+08
 9.02439275e+08 8.20913872e+08 7.95493749e+08 7.78220421e+08
 7.67880330e+08 7.59743412e+08 7.52633986e+08 7.43313166e+08
 7.32427848e+08 7.25702291e+08 7.17058572e+08 7.08979038e+08
 6.96131347e+08 6.79194088e+08 6.30458590e+08 6.27718896e+08
 6.24355692e+08 6.17127838e+08 6.02540882e+08 5.73497271e+08
 5.19202724e+08 4.13609687e+08 3.41778776e+08 2.91691851e+08
 2.54677906e+08 2.26050801e+08 2.03132504e+08 1.84299701e+08
 1.66733147e+08 1.59437284e+08 5.71740997e+08 0.00000000e+00
 0.00000000e+00 0.00000000e+00 0.00000000e+00 0.00000000e+00
 0.00000000e+00 0.00000000e+00 0.00000000e+00 0.00000000e+00
 0.00000000e+00 0.00000000e+00 0.00000000e+00 0.00000000e+00
 0.00000000e+00 0.00000000e+00 0.00000000e+00 0.00000000e+00
 0.00000000e+00 0.00000000e+00 0.00000000e+00 0.00000000e+00
 0.00000000e+00 0.00000000e+00 0.00000000e+00 0.00000000e+00
 0.00000000e+00 0.00000000e+00 0.00000000e+00 0.00000000e+00
 0.00000000e+00 0.00000000e+00 0.00000000e+00 0.00000000e+00
 0.00000000e+00 0.00000000e+00 0.00000000e+00 0.00000000e+00
 0.00000000e+00 0.00000000e+00 0.00000000e+00 0.00000000e+00
 0.00000000e+00 0.00000000e+00 0.00000000e+00 0.00000000e+00
 0.00000000e+00 0.00000000e+00 0.00000000e+00 0.00000000e+00
 0.00000000e+00 0.00000000e+00 0.00000000e+00 0.00000000e+00
 0.00000000e+00 0.00000000e+00 0.00000000e+00 0.00000000e+00
 0.00000000e+00 0.00000000e+00 0.00000000e+00 0.00000000e+00
 0.00000000e+00 0.00000000e+00 0.00000000e+00 0.00000000e+00
 0.00000000e+00 0.00000000e+00 0.00000000e+00 0.00000000e+00
 0.00000000e+00 0.00000000e+00 0.00000000e+00 0.00000000e+00
 0.00000000e+00 0.00000000e+00 0.00000000e+00 0.00000000e+00
 0.00000000e+00 0.00000000e+00 0.00000000e+00 0.00000000e+00
 0.00000000e+00 0.00000000e+00 0.00000000e+00 0.00000000e+00
 0.00000000e+00 0.00000000e+00 0.00000000e+00 0.00000000e+00
 0.00000000e+00 0.00000000e+00 0.00000000e+00 0.00000000e+00
 0.00000000e+00 0.00000000e+00 0.00000000e+00 0.00000000e+00
 0.00000000e+00 0.00000000e+00 0.00000000e+00 0.00000000e+00
 0.00000000e+00 0.00000000e+00 0.00000000e+00 0.00000000e+00
 0.00000000e+00 0.00000000e+00 0.00000000e+00 0.00000000e+00
 0.00000000e+00 0.00000000e+00 0.00000000e+00 0.00000000e+00
 0.00000000e+00 0.00000000e+00 0.00000000e+00 0.00000000e+00
 0.00000000e+00 0.00000000e+00 0.00000000e+00 0.00000000e+00
 0.00000000e+00 0.00000000e+00 0.00000000e+00 0.00000000e+00
 0.00000000e+00 0.00000000e+00 0.00000000e+00 0.00000000e+00
 0.00000000e+00 0.00000000e+00 0.00000000e+00 0.00000000e+00
 0.00000000e+00 0.00000000e+00 0.00000000e+00 0.00000000e+00
 0.00000000e+00 0.00000000e+00 0.00000000e+00 0.00000000e+00
 0.00000000e+00 0.00000000e+00 0.00000000e+00 0.00000000e+00
 0.00000000e+00 0.00000000e+00 0.00000000e+00 0.00000000e+00
 0.00000000e+00 0.00000000e+00 0.00000000e+00 0.00000000e+00
 0.00000000e+00 0.00000000e+00 0.00000000e+00 0.00000000e+00
 0.00000000e+00]
[WARNING]: Quasi-static verification failed
[WARNING]: Max normalized derivatives: dVg/dt=2.50e+11, dVd/dt=0.00e+00, dId/dt=4.31e+10

  ngspice: ✓ PASS  (96.3s)

✓ Benchmark completed: /home/duhaochen/website-trial-v1/data/spice-model-benchmark/78f87edf45a8074d576fb28f544b940a/ngspice
