$ /usr/bin/time -v -o /home/duhaochen/website-trial-v1/data/spice-model-benchmark/42b85108fb4fd9c9e204e97b074ad105/hspice/resource.txt /usr/bin/python -m spice_model_benchmark.cli /home/duhaochen/pipeline_full_collection/benchmark-inputs/42b85108fb4fd9c9e204e97b074ad105/hspice.lib --simulator hspice --modes dc transient ac noise --output-dir /home/duhaochen/website-trial-v1/data/spice-model-benchmark/42b85108fb4fd9c9e204e97b074ad105 --dpi 120 --log-level WARNING
SPICE Model Benchmark: /home/duhaochen/pipeline_full_collection/benchmark-inputs/42b85108fb4fd9c9e204e97b074ad105/hspice.lib
Simulators: hspice
Modes: dc, transient, ac, noise
------------------------------------------------------------

============================================================
  Running: HSPICE
  Output:  /home/duhaochen/website-trial-v1/data/spice-model-benchmark/42b85108fb4fd9c9e204e97b074ad105/hspice
============================================================
Vgs range: 0.000V to 1.200V
Ids range: -1.242e-02A to 1.561e-07A
Selected Vgs values: [0.  0.2 0.4 0.6 0.8 1.  1.2]
Vgs=0.000V: Ids range -5.864e-09A to -5.298e-12A
Vgs=0.200V: Ids range -6.959e-08A to 9.739e-13A
Vgs=0.400V: Ids range -6.325e-06A to 7.904e-11A
Vgs=0.600V: Ids range -4.846e-04A to 3.465e-09A
Vgs=0.800V: Ids range -3.773e-03A to 1.848e-08A
Vgs=1.000V: Ids range -8.049e-03A to 5.945e-08A
Vgs=1.200V: Ids range -1.242e-02A to 1.561e-07A
ids_variation: 18.59658577392714
ids_variation <= max_variation: False
tc: 142094.9928843064
abs(tc) <= max_tc: False
[WARNING]: Temperature effects verification failed - effects outside expected range
/home/duhaochen/spice_model_benchmark/src/spice_model_benchmark/verification_manager.py:2706: RuntimeWarning: divide by zero encountered in divide
  norm_dvg = np.abs(dvg_dt / gate_voltage[:-1])
/home/duhaochen/spice_model_benchmark/src/spice_model_benchmark/verification_manager.py:2706: RuntimeWarning: invalid value encountered in divide
  norm_dvg = np.abs(dvg_dt / gate_voltage[:-1])
norm_dvg: [1.00000000e+10 5.00000000e+09 3.33333333e+09 ... 0.00000000e+00
 0.00000000e+00 0.00000000e+00]
norm_dvd: [0. 0. 0. ... 0. 0. 0.]
norm_did: [1.40795587e+07 1.29601169e+07 1.19039526e+07 ... 0.00000000e+00
 1.02777976e+03 1.02777965e+03]
[WARNING]: Quasi-static verification failed
[WARNING]: Max normalized derivatives: dVg/dt=nan, dVd/dt=0.00e+00, dId/dt=2.08e+11
/home/duhaochen/spice_model_benchmark/src/spice_model_benchmark/plot_generator.py:336: UserWarning: Attempting to set identical low and high ylims makes transformation singular; automatically expanding.
  plt.ylim(0, max_cap*1.2)  # Add 20% margin to ensure all components are visible
[INFO]: S-parameter analysis plot saved to /home/duhaochen/website-trial-v1/data/spice-model-benchmark/42b85108fb4fd9c9e204e97b074ad105/hspice/plots/ac_cv_sparameter_analysis.png
[INFO]: S-parameter analysis plot saved to /home/duhaochen/website-trial-v1/data/spice-model-benchmark/42b85108fb4fd9c9e204e97b074ad105/hspice/plots/ac_cv_sparameter_analysis.png
[INFO]: NQS effects plot saved to /home/duhaochen/website-trial-v1/data/spice-model-benchmark/42b85108fb4fd9c9e204e97b074ad105/hspice/plots/ac_cv_nqs_effects.png
[WARNING]: Cannot compute correlation: constant data detected

  hspice: ✓ PASS  (210.5s)

✓ Benchmark completed: /home/duhaochen/website-trial-v1/data/spice-model-benchmark/42b85108fb4fd9c9e204e97b074ad105/hspice
