$ /usr/bin/time -v -o /home/duhaochen/website-trial-v1/data/spice-model-benchmark/d7237e0e83f549ad7de00830df5dbf4d/ngspice/resource.txt /usr/bin/python -m spice_model_benchmark.cli /home/duhaochen/pipeline_full_collection/benchmark-inputs/d7237e0e83f549ad7de00830df5dbf4d/ngspice.lib --simulator ngspice --modes dc transient ac noise --output-dir /home/duhaochen/website-trial-v1/data/spice-model-benchmark/d7237e0e83f549ad7de00830df5dbf4d --dpi 120 --log-level WARNING
/home/duhaochen/spice_model_benchmark/src/spice_model_benchmark/verification_manager.py:1557: RuntimeWarning: divide by zero encountered in divide
  tc = np.mean((d_ids / d_temp) / np.abs(i_ds[:-1]))
SPICE Model Benchmark: /home/duhaochen/pipeline_full_collection/benchmark-inputs/d7237e0e83f549ad7de00830df5dbf4d/ngspice.lib
Simulators: ngspice
Modes: dc, transient, ac, noise
------------------------------------------------------------

============================================================
  Running: NGSPICE
  Output:  /home/duhaochen/website-trial-v1/data/spice-model-benchmark/d7237e0e83f549ad7de00830df5dbf4d/ngspice
============================================================
Vgs range: -1.200V to 0.000V
Ids range: 0.000e+00A to 1.833e-03A
Selected Vgs values: [-1.2 -1.  -0.8 -0.6 -0.4 -0.2  0. ]
Vgs=-1.200V: Ids range 0.000e+00A to 1.833e-03A
Vgs=-1.000V: Ids range 0.000e+00A to 9.728e-04A
Vgs=-0.800V: Ids range 0.000e+00A to 3.430e-04A
Vgs=-0.600V: Ids range 0.000e+00A to 2.369e-05A
Vgs=-0.400V: Ids range 0.000e+00A to 4.749e-07A
Vgs=-0.200V: Ids range 0.000e+00A to 5.363e-09A
Vgs=0.000V: Ids range 8.372e-16A to 5.070e-11A
ids_variation: 6.829996021019272
ids_variation <= max_variation: False
tc: inf
abs(tc) <= max_tc: False
[WARNING]: Temperature effects verification failed - effects outside expected range
/home/duhaochen/spice_model_benchmark/src/spice_model_benchmark/verification_manager.py:1817: RuntimeWarning: divide by zero encountered in log
  log_ids = np.log(np.abs(i_ds))
/home/duhaochen/.local/lib/python3.9/site-packages/numpy/lib/function_base.py:2742: RuntimeWarning: invalid value encountered in subtract
  X -= avg[:, None]
/home/duhaochen/spice_model_benchmark/src/spice_model_benchmark/verification_manager.py:1862: RuntimeWarning: divide by zero encountered in divide
  efficiency = np.abs(gm / i_ds)  # Transconductance efficiency
[INFO]: S-parameter analysis plot saved to /home/duhaochen/website-trial-v1/data/spice-model-benchmark/d7237e0e83f549ad7de00830df5dbf4d/ngspice/plots/ac_cv_sparameter_analysis.png
[INFO]: NQS effects plot saved to /home/duhaochen/website-trial-v1/data/spice-model-benchmark/d7237e0e83f549ad7de00830df5dbf4d/ngspice/plots/ac_cv_nqs_effects.png
[INFO]: S-parameter analysis plot saved to /home/duhaochen/website-trial-v1/data/spice-model-benchmark/d7237e0e83f549ad7de00830df5dbf4d/ngspice/plots/ac_cv_sparameter_analysis.png
norm_dvg: [2.50000000e+11 1.25000000e+11 6.25000000e+10 3.12500000e+10
 1.56250000e+10 7.81250014e+09 6.83946136e+09 5.47552068e+09
 5.14674390e+09 4.76337190e+09 4.51037037e+09 4.21793185e+09
 3.97305632e+09 3.82575459e+09 3.65905310e+09 3.49563869e+09
 3.33309677e+09 3.17960675e+09 3.00711171e+09 2.84571827e+09
 2.69042111e+09 2.56076013e+09 2.49264319e+09 2.47015099e+09
 2.44192436e+09 2.42085347e+09 2.39811688e+09 2.37144005e+09
 2.34486645e+09 2.32130476e+09 2.30750339e+09 2.29728823e+09
 2.28585285e+09 2.27177402e+09 2.25261523e+09 2.23705227e+09
 2.21841137e+09 2.20425976e+09 2.19293169e+09 2.17919482e+09
 2.16437464e+09 2.15264948e+09 2.13888708e+09 2.12241723e+09
 2.10484097e+09 2.08179093e+09 2.05319217e+09 2.02624700e+09
 2.00000000e+09 1.99483248e+09 1.98457516e+09 1.96749079e+09
 1.93418865e+09 1.87085588e+09 1.78433189e+09 1.69825261e+09
 1.62188930e+09 1.53199766e+09 1.38741083e+09 1.20090178e+09
 9.99999133e+08 9.94267580e+08 9.82997318e+08 9.61206480e+08
 9.20399902e+08 8.48367759e+08 7.33549904e+08 5.77289478e+08
 4.04820281e+08 3.05788706e+08 2.45686243e+08 2.05329029e+08
 1.76359628e+08 1.54553964e+08 1.37547193e+08 1.23912177e+08
 1.15599843e+08 1.09224213e+08 1.02699312e+08 9.79644688e+07
 9.52380952e+07 9.52205975e+07 9.51866742e+07 9.51190056e+07
 9.49826454e+07 9.47114588e+07 9.41741641e+07 9.35598127e+07
 9.33261936e+07 9.31591723e+07 9.30370531e+07 9.29300287e+07
 9.28196003e+07 9.26967111e+07 9.25650396e+07 9.24544191e+07
 9.23279634e+07 9.21766269e+07 9.20178617e+07 9.18592312e+07
 9.16983905e+07 9.16594113e+07 9.16261403e+07 9.15939700e+07
 9.15511763e+07 9.15090451e+07 9.14872930e+07 9.14653739e+07
 9.14501162e+07 9.14306162e+07 9.14115035e+07 9.13811464e+07
 9.13556104e+07 9.13304866e+07 9.12978813e+07 9.12808908e+07
 9.12548253e+07 9.12296905e+07 9.12056031e+07 9.11787080e+07
 9.11470820e+07 9.11121440e+07 9.10645551e+07 9.10046623e+07
 9.09103466e+07 9.08997478e+07 9.08782433e+07 9.08393405e+07
 9.07597566e+07 9.06010064e+07 9.02851664e+07 8.96600467e+07
 8.84354220e+07 8.79083399e+07 8.74019887e+07 8.71332702e+07
 8.69225551e+07 8.67390346e+07 8.65375942e+07 8.63240249e+07
 8.61633377e+07 8.59727664e+07 8.57537083e+07 8.54872646e+07
 8.51146275e+07 8.45576527e+07 8.39411012e+07 8.33329389e+07
 8.32847503e+07 8.31868197e+07 8.29923329e+07 8.26061481e+07
 8.18442877e+07 8.03620378e+07 7.75529305e+07 7.30224467e+07
 6.89920709e+07 6.53833260e+07 6.21333321e+07 5.91911441e+07
 5.65149944e+07 5.40703725e+07 5.19555784e+07 0.00000000e+00
 0.00000000e+00 0.00000000e+00 0.00000000e+00 0.00000000e+00
 0.00000000e+00 0.00000000e+00 0.00000000e+00 0.00000000e+00
 0.00000000e+00 0.00000000e+00 0.00000000e+00 0.00000000e+00
 0.00000000e+00 0.00000000e+00 0.00000000e+00 0.00000000e+00
 0.00000000e+00 0.00000000e+00 0.00000000e+00 0.00000000e+00
 0.00000000e+00 0.00000000e+00 0.00000000e+00 0.00000000e+00
 0.00000000e+00 0.00000000e+00 0.00000000e+00 0.00000000e+00
 0.00000000e+00 0.00000000e+00 0.00000000e+00 0.00000000e+00
 0.00000000e+00 0.00000000e+00 0.00000000e+00 0.00000000e+00
 0.00000000e+00 0.00000000e+00 0.00000000e+00 0.00000000e+00
 0.00000000e+00 0.00000000e+00 0.00000000e+00 0.00000000e+00
 0.00000000e+00 0.00000000e+00 0.00000000e+00 0.00000000e+00
 0.00000000e+00 0.00000000e+00 0.00000000e+00 0.00000000e+00
 0.00000000e+00 0.00000000e+00 0.00000000e+00 0.00000000e+00
 0.00000000e+00 0.00000000e+00 0.00000000e+00 0.00000000e+00
 0.00000000e+00 0.00000000e+00 0.00000000e+00 0.00000000e+00
 0.00000000e+00 0.00000000e+00 0.00000000e+00 0.00000000e+00
 0.00000000e+00 0.00000000e+00 0.00000000e+00 0.00000000e+00
 0.00000000e+00 0.00000000e+00 0.00000000e+00 0.00000000e+00
 0.00000000e+00 0.00000000e+00 0.00000000e+00 0.00000000e+00
 0.00000000e+00 0.00000000e+00 0.00000000e+00 0.00000000e+00
 0.00000000e+00 0.00000000e+00 0.00000000e+00 0.00000000e+00
 0.00000000e+00 0.00000000e+00 0.00000000e+00 0.00000000e+00
 0.00000000e+00 0.00000000e+00 0.00000000e+00 0.00000000e+00
 0.00000000e+00 0.00000000e+00 0.00000000e+00 0.00000000e+00
 0.00000000e+00 0.00000000e+00 0.00000000e+00 0.00000000e+00
 0.00000000e+00 0.00000000e+00 0.00000000e+00 0.00000000e+00
 0.00000000e+00 0.00000000e+00 0.00000000e+00 0.00000000e+00
 0.00000000e+00 0.00000000e+00 0.00000000e+00 0.00000000e+00
 0.00000000e+00 0.00000000e+00 0.00000000e+00 0.00000000e+00
 0.00000000e+00 0.00000000e+00 0.00000000e+00 0.00000000e+00
 0.00000000e+00 0.00000000e+00 0.00000000e+00 0.00000000e+00
 0.00000000e+00 0.00000000e+00 0.00000000e+00 0.00000000e+00
 0.00000000e+00 0.00000000e+00 0.00000000e+00 0.00000000e+00
 0.00000000e+00 0.00000000e+00 0.00000000e+00 0.00000000e+00
 0.00000000e+00 0.00000000e+00 0.00000000e+00 0.00000000e+00
 0.00000000e+00 0.00000000e+00 0.00000000e+00 0.00000000e+00
 0.00000000e+00 0.00000000e+00 0.00000000e+00 0.00000000e+00
 0.00000000e+00 0.00000000e+00 0.00000000e+00 0.00000000e+00
 0.00000000e+00 0.00000000e+00 0.00000000e+00 0.00000000e+00]
norm_dvd: [0. 0. 0. 0. 0. 0. 0. 0. 0. 0. 0. 0. 0. 0. 0. 0. 0. 0. 0. 0. 0. 0. 0. 0.
 0. 0. 0. 0. 0. 0. 0. 0. 0. 0. 0. 0. 0. 0. 0. 0. 0. 0. 0. 0. 0. 0. 0. 0.
 0. 0. 0. 0. 0. 0. 0. 0. 0. 0. 0. 0. 0. 0. 0. 0. 0. 0. 0. 0. 0. 0. 0. 0.
 0. 0. 0. 0. 0. 0. 0. 0. 0. 0. 0. 0. 0. 0. 0. 0. 0. 0. 0. 0. 0. 0. 0. 0.
 0. 0. 0. 0. 0. 0. 0. 0. 0. 0. 0. 0. 0. 0. 0. 0. 0. 0. 0. 0. 0. 0. 0. 0.
 0. 0. 0. 0. 0. 0. 0. 0. 0. 0. 0. 0. 0. 0. 0. 0. 0. 0. 0. 0. 0. 0. 0. 0.
 0. 0. 0. 0. 0. 0. 0. 0. 0. 0. 0. 0. 0. 0. 0. 0. 0. 0. 0. 0. 0. 0. 0. 0.
 0. 0. 0. 0. 0. 0. 0. 0. 0. 0. 0. 0. 0. 0. 0. 0. 0. 0. 0. 0. 0. 0. 0. 0.
 0. 0. 0. 0. 0. 0. 0. 0. 0. 0. 0. 0. 0. 0. 0. 0. 0. 0. 0. 0. 0. 0. 0. 0.
 0. 0. 0. 0. 0. 0. 0. 0. 0. 0. 0. 0. 0. 0. 0. 0. 0. 0. 0. 0. 0. 0. 0. 0.
 0. 0. 0. 0. 0. 0. 0. 0. 0. 0. 0. 0. 0. 0. 0. 0. 0. 0. 0. 0. 0. 0. 0. 0.
 0. 0. 0. 0. 0. 0. 0. 0. 0. 0. 0. 0. 0. 0. 0. 0. 0. 0. 0. 0. 0. 0. 0. 0.
 0. 0. 0. 0. 0. 0. 0. 0. 0. 0. 0. 0. 0. 0. 0. 0. 0. 0. 0. 0. 0. 0. 0. 0.
 0. 0. 0. 0. 0. 0. 0. 0. 0. 0. 0. 0.]
norm_did: [4.25465583e+03 3.48108209e+03 4.15795930e+03 4.39970141e+03
 4.88318577e+03 5.01263229e+03 5.52239188e+03 5.56978459e+03
 5.93621696e+03 6.04358317e+03 6.34087754e+03 6.45863860e+03
 6.54560511e+03 6.75587770e+03 6.90259857e+03 7.09776578e+03
 7.37093346e+03 7.54677729e+03 7.79312396e+03 8.16141782e+03
 8.46736766e+03 8.69886198e+03 8.47016427e+03 8.92711885e+03
 9.11480808e+03 9.08662433e+03 8.90471602e+03 9.38911277e+03
 9.29268092e+03 9.00711962e+03 9.63512245e+03 9.23577706e+03
 9.70093447e+03 9.50494339e+03 9.51862268e+03 9.88497867e+03
 9.62239667e+03 9.90380579e+03 9.68792608e+03 9.84777638e+03
 9.83628407e+03 1.03527639e+04 9.80775385e+03 1.02240028e+04
 1.02943254e+04 1.04055534e+04 1.05105848e+04 1.05105855e+04
 1.43326220e+04 8.95788551e+03 1.09613653e+04 1.09613683e+04
 1.13149606e+04 1.18189378e+04 1.24723542e+04 1.31141610e+04
 1.40698416e+04 1.57389138e+04 1.90456743e+04 2.54511590e+04
 1.87840531e+03 2.48218056e+04 3.06582929e+04 3.30734116e+04
 3.83564906e+04 5.18158274e+04 9.51796833e+04 3.28454824e+05
 1.55075680e+06 7.48372860e+06 3.61151609e+07 1.75669200e+08
 9.41048109e+08 1.67630711e+10 5.36111584e+09 2.83315268e+09
 2.62179976e+09 2.69581202e+09 2.00060602e+09 1.46866737e+09
 1.59319770e+09 1.14015328e+09 1.14304580e+09 1.14261812e+09
 1.14162329e+09 1.13916520e+09 1.11391919e+09 1.06707966e+09
 1.05242890e+09 1.04220476e+09 1.03565849e+09 1.03038117e+09
 1.02539470e+09 1.01961513e+09 1.01243971e+09 1.00754804e+09
 1.00222600e+09 9.95120983e+08 9.87413573e+08 9.79801713e+08
 9.68249496e+08 9.66276465e+08 9.64525122e+08 9.63310279e+08
 9.61258381e+08 9.58729235e+08 9.57611349e+08 9.56403013e+08
 9.55770524e+08 9.55055081e+08 9.54209591e+08 9.52716604e+08
 9.51663162e+08 9.50479881e+08 9.48762640e+08 9.47959686e+08
 9.46802482e+08 9.45631335e+08 9.44596107e+08 9.43461134e+08
 9.42063600e+08 9.40755450e+08 9.39020618e+08 9.37209865e+08
 9.32423724e+08 9.29102222e+08 9.29743703e+08 9.29057324e+08
 9.27639532e+08 9.24700872e+08 9.18431460e+08 9.04479317e+08
 8.32335249e+08 8.09144366e+08 7.83306545e+08 7.71261398e+08
 7.62333506e+08 7.55364469e+08 7.47670711e+08 7.38444445e+08
 7.32785365e+08 7.25970108e+08 7.18439711e+08 7.10113842e+08
 6.99058940e+08 6.79611201e+08 6.57703433e+08 6.30750226e+08
 6.28956440e+08 6.27128836e+08 6.23050714e+08 6.14817855e+08
 5.98194985e+08 5.65283995e+08 5.01287245e+08 4.00118606e+08
 3.33313762e+08 2.86130221e+08 2.50902374e+08 2.23440147e+08
 2.01320571e+08 1.82782070e+08 1.68298142e+08 3.01131331e+08
 0.00000000e+00 0.00000000e+00 0.00000000e+00 0.00000000e+00
 0.00000000e+00 0.00000000e+00 0.00000000e+00 0.00000000e+00
 0.00000000e+00 0.00000000e+00 0.00000000e+00 0.00000000e+00
 0.00000000e+00 0.00000000e+00 0.00000000e+00 0.00000000e+00
 0.00000000e+00 0.00000000e+00 0.00000000e+00 0.00000000e+00
 0.00000000e+00 0.00000000e+00 0.00000000e+00 0.00000000e+00
 0.00000000e+00 0.00000000e+00 0.00000000e+00 0.00000000e+00
 0.00000000e+00 0.00000000e+00 0.00000000e+00 0.00000000e+00
 0.00000000e+00 0.00000000e+00 0.00000000e+00 0.00000000e+00
 0.00000000e+00 0.00000000e+00 0.00000000e+00 0.00000000e+00
 0.00000000e+00 0.00000000e+00 0.00000000e+00 0.00000000e+00
 0.00000000e+00 0.00000000e+00 0.00000000e+00 0.00000000e+00
 0.00000000e+00 0.00000000e+00 0.00000000e+00 0.00000000e+00
 0.00000000e+00 0.00000000e+00 0.00000000e+00 0.00000000e+00
 0.00000000e+00 0.00000000e+00 0.00000000e+00 0.00000000e+00
 0.00000000e+00 0.00000000e+00 0.00000000e+00 0.00000000e+00
 0.00000000e+00 0.00000000e+00 0.00000000e+00 0.00000000e+00
 0.00000000e+00 0.00000000e+00 0.00000000e+00 0.00000000e+00
 0.00000000e+00 0.00000000e+00 0.00000000e+00 0.00000000e+00
 0.00000000e+00 0.00000000e+00 0.00000000e+00 0.00000000e+00
 0.00000000e+00 0.00000000e+00 0.00000000e+00 0.00000000e+00
 0.00000000e+00 0.00000000e+00 0.00000000e+00 0.00000000e+00
 0.00000000e+00 0.00000000e+00 0.00000000e+00 0.00000000e+00
 0.00000000e+00 0.00000000e+00 0.00000000e+00 0.00000000e+00
 0.00000000e+00 0.00000000e+00 0.00000000e+00 0.00000000e+00
 0.00000000e+00 0.00000000e+00 0.00000000e+00 0.00000000e+00
 0.00000000e+00 0.00000000e+00 0.00000000e+00 0.00000000e+00
 0.00000000e+00 0.00000000e+00 0.00000000e+00 0.00000000e+00
 0.00000000e+00 0.00000000e+00 0.00000000e+00 0.00000000e+00
 0.00000000e+00 0.00000000e+00 0.00000000e+00 0.00000000e+00
 0.00000000e+00 0.00000000e+00 0.00000000e+00 0.00000000e+00
 0.00000000e+00 0.00000000e+00 0.00000000e+00 0.00000000e+00
 0.00000000e+00 0.00000000e+00 0.00000000e+00 0.00000000e+00
 0.00000000e+00 0.00000000e+00 0.00000000e+00 0.00000000e+00
 0.00000000e+00 0.00000000e+00 0.00000000e+00 0.00000000e+00
 0.00000000e+00 0.00000000e+00 0.00000000e+00 0.00000000e+00
 0.00000000e+00 0.00000000e+00 0.00000000e+00 0.00000000e+00
 0.00000000e+00 0.00000000e+00 0.00000000e+00 0.00000000e+00
 0.00000000e+00 0.00000000e+00 0.00000000e+00 0.00000000e+00
 0.00000000e+00 0.00000000e+00 0.00000000e+00 0.00000000e+00]
[WARNING]: Quasi-static verification failed
[WARNING]: Max normalized derivatives: dVg/dt=2.50e+11, dVd/dt=0.00e+00, dId/dt=1.68e+10

  ngspice: ✓ PASS  (93.3s)

✓ Benchmark completed: /home/duhaochen/website-trial-v1/data/spice-model-benchmark/d7237e0e83f549ad7de00830df5dbf4d/ngspice
