$ /usr/bin/time -v -o /home/duhaochen/website-trial-v1/data/spice-model-benchmark/52fddd8d55c7e479cfc7ae46b6002264/spectre/resource.txt /usr/bin/python -m spice_model_benchmark.cli /home/duhaochen/pipeline_full_collection/benchmark-inputs/52fddd8d55c7e479cfc7ae46b6002264/spectre.lib --simulator spectre --modes dc transient ac noise --output-dir /home/duhaochen/website-trial-v1/data/spice-model-benchmark/52fddd8d55c7e479cfc7ae46b6002264 --dpi 120 --log-level WARNING
SPICE Model Benchmark: /home/duhaochen/pipeline_full_collection/benchmark-inputs/52fddd8d55c7e479cfc7ae46b6002264/spectre.lib
Simulators: spectre
Modes: dc, transient, ac, noise
------------------------------------------------------------

============================================================
  Running: SPECTRE
  Output:  /home/duhaochen/website-trial-v1/data/spice-model-benchmark/52fddd8d55c7e479cfc7ae46b6002264/spectre
============================================================
Vgs range: 0.000V to 1.200V
Ids range: -7.027e-06A to 2.191e-03A
Selected Vgs values: [0.  0.2 0.4 0.6 0.8 1.  1.2]
Vgs=0.000V: Ids range 4.715e-15A to 5.296e-11A
Vgs=0.200V: Ids range -2.083e-14A to 1.016e-10A
Vgs=0.400V: Ids range -1.125e-11A to 3.942e-09A
Vgs=0.600V: Ids range -4.497e-09A to 9.936e-07A
Vgs=0.800V: Ids range -3.200e-07A to 1.046e-04A
Vgs=1.000V: Ids range -1.975e-06A to 8.221e-04A
Vgs=1.200V: Ids range -7.027e-06A to 2.191e-03A
ids_variation: 30.223051588441944
ids_variation <= max_variation: False
tc: 12389609407.366917
abs(tc) <= max_tc: False
[WARNING]: Temperature effects verification failed - effects outside expected range
/home/duhaochen/spice_model_benchmark/src/spice_model_benchmark/verification_manager.py:2706: RuntimeWarning: divide by zero encountered in divide
  norm_dvg = np.abs(dvg_dt / gate_voltage[:-1])
/home/duhaochen/spice_model_benchmark/src/spice_model_benchmark/verification_manager.py:2706: RuntimeWarning: invalid value encountered in divide
  norm_dvg = np.abs(dvg_dt / gate_voltage[:-1])
norm_dvg: [2.47929218e+11 1.47362519e+11 8.13594202e+10 ... 0.00000000e+00
 0.00000000e+00 0.00000000e+00]
norm_dvd: [0. 0. 0. ... 0. 0. 0.]
norm_did: [4.03038432e+10 1.63780470e+10 6.45501084e+09 ... 0.00000000e+00
 0.00000000e+00 0.00000000e+00]
[WARNING]: Quasi-static verification failed
[WARNING]: Max normalized derivatives: dVg/dt=nan, dVd/dt=0.00e+00, dId/dt=1.94e+14
/home/duhaochen/spice_model_benchmark/src/spice_model_benchmark/plot_generator.py:633: RuntimeWarning: divide by zero encountered in log10
  plt.semilogx(freq, 20 * np.log10(s11_mag), 'r-', label='S11 (Input Return Loss)')
/home/duhaochen/spice_model_benchmark/src/spice_model_benchmark/plot_generator.py:634: RuntimeWarning: divide by zero encountered in log10
  plt.semilogx(freq, 20 * np.log10(s21_mag), 'g-', label='S21 (Forward Gain)')
/home/duhaochen/spice_model_benchmark/src/spice_model_benchmark/plot_generator.py:635: RuntimeWarning: divide by zero encountered in log10
  plt.semilogx(freq, 20 * np.log10(s12_mag), 'b-', label='S12 (Reverse Isolation)')
/home/duhaochen/spice_model_benchmark/src/spice_model_benchmark/plot_generator.py:636: RuntimeWarning: divide by zero encountered in log10
  plt.semilogx(freq, 20 * np.log10(s22_mag), 'm-', label='S22 (Output Return Loss)')
/home/duhaochen/spice_model_benchmark/src/spice_model_benchmark/verification_manager.py:2157: RuntimeWarning: invalid value encountered in scalar divide
  unilateral_ratio = np.max(s21_mag) / np.max(s12_mag)
/home/duhaochen/spice_model_benchmark/src/spice_model_benchmark/verification_manager.py:2183: RuntimeWarning: divide by zero encountered in log10
  s11_db = 20 * np.log10(s11_mag)
/home/duhaochen/spice_model_benchmark/src/spice_model_benchmark/verification_manager.py:2184: RuntimeWarning: divide by zero encountered in log10
  s21_db = 20 * np.log10(s21_mag)
/home/duhaochen/spice_model_benchmark/src/spice_model_benchmark/verification_manager.py:2185: RuntimeWarning: divide by zero encountered in log10
  s22_db = 20 * np.log10(s22_mag)
/home/duhaochen/spice_model_benchmark/src/spice_model_benchmark/verification_manager.py:2186: RuntimeWarning: divide by zero encountered in log10
  s12_db = 20 * np.log10(s12_mag)
[INFO]: S-parameter analysis plot saved to /home/duhaochen/website-trial-v1/data/spice-model-benchmark/52fddd8d55c7e479cfc7ae46b6002264/spectre/plots/ac_cv_sparameter_analysis.png
[INFO]: S-parameter analysis plot saved to /home/duhaochen/website-trial-v1/data/spice-model-benchmark/52fddd8d55c7e479cfc7ae46b6002264/spectre/plots/ac_cv_sparameter_analysis.png
[INFO]: NQS effects plot saved to /home/duhaochen/website-trial-v1/data/spice-model-benchmark/52fddd8d55c7e479cfc7ae46b6002264/spectre/plots/ac_cv_nqs_effects.png

  spectre: ✓ PASS  (56.2s)

✓ Benchmark completed: /home/duhaochen/website-trial-v1/data/spice-model-benchmark/52fddd8d55c7e479cfc7ae46b6002264/spectre
