$ /usr/bin/time -v -o /home/duhaochen/website-trial-v1/data/spice-model-benchmark/2fed61d6f65aa2a9cfb4f673b9b8e22d/ngspice/resource.txt /usr/bin/python -m spice_model_benchmark.cli /home/duhaochen/pipeline_full_collection/benchmark-inputs/2fed61d6f65aa2a9cfb4f673b9b8e22d/ngspice.lib --simulator ngspice --modes dc transient ac noise --output-dir /home/duhaochen/website-trial-v1/data/spice-model-benchmark/2fed61d6f65aa2a9cfb4f673b9b8e22d --dpi 120 --log-level WARNING
/home/duhaochen/spice_model_benchmark/src/spice_model_benchmark/verification_manager.py:1557: RuntimeWarning: divide by zero encountered in divide
  tc = np.mean((d_ids / d_temp) / np.abs(i_ds[:-1]))
SPICE Model Benchmark: /home/duhaochen/pipeline_full_collection/benchmark-inputs/2fed61d6f65aa2a9cfb4f673b9b8e22d/ngspice.lib
Simulators: ngspice
Modes: dc, transient, ac, noise
------------------------------------------------------------

============================================================
  Running: NGSPICE
  Output:  /home/duhaochen/website-trial-v1/data/spice-model-benchmark/2fed61d6f65aa2a9cfb4f673b9b8e22d/ngspice
============================================================
Vgs range: 0.000V to 1.200V
Ids range: -4.756e-04A to 0.000e+00A
Selected Vgs values: [0.  0.2 0.4 0.6 0.8 1.  1.2]
Vgs=0.000V: Ids range -1.051e-10A to -9.080e-15A
Vgs=0.200V: Ids range -1.059e-08A to 0.000e+00A
Vgs=0.400V: Ids range -7.243e-07A to 0.000e+00A
Vgs=0.600V: Ids range -2.696e-05A to 0.000e+00A
Vgs=0.800V: Ids range -1.257e-04A to 0.000e+00A
Vgs=1.000V: Ids range -2.791e-04A to 0.000e+00A
Vgs=1.200V: Ids range -4.756e-04A to 0.000e+00A
ids_variation: 6.3908372160628035
ids_variation <= max_variation: False
tc: inf
abs(tc) <= max_tc: False
[WARNING]: Temperature effects verification failed - effects outside expected range
/home/duhaochen/spice_model_benchmark/src/spice_model_benchmark/verification_manager.py:1817: RuntimeWarning: divide by zero encountered in log
  log_ids = np.log(np.abs(i_ds))
/home/duhaochen/.local/lib/python3.9/site-packages/numpy/lib/function_base.py:2742: RuntimeWarning: invalid value encountered in subtract
  X -= avg[:, None]
/home/duhaochen/spice_model_benchmark/src/spice_model_benchmark/verification_manager.py:1862: RuntimeWarning: divide by zero encountered in divide
  efficiency = np.abs(gm / i_ds)  # Transconductance efficiency
/home/duhaochen/spice_model_benchmark/src/spice_model_benchmark/verification_manager.py:2701: RuntimeWarning: divide by zero encountered in divide
  dvg_dt = np.diff(gate_voltage) / dt
/home/duhaochen/spice_model_benchmark/src/spice_model_benchmark/verification_manager.py:2701: RuntimeWarning: invalid value encountered in divide
  dvg_dt = np.diff(gate_voltage) / dt
/home/duhaochen/spice_model_benchmark/src/spice_model_benchmark/verification_manager.py:2702: RuntimeWarning: invalid value encountered in divide
  dvd_dt = np.diff(drain_voltage) / dt
/home/duhaochen/spice_model_benchmark/src/spice_model_benchmark/verification_manager.py:2703: RuntimeWarning: divide by zero encountered in divide
  did_dt = np.diff(drain_current) / dt
/home/duhaochen/spice_model_benchmark/src/spice_model_benchmark/verification_manager.py:2703: RuntimeWarning: invalid value encountered in divide
  did_dt = np.diff(drain_current) / dt
[INFO]: S-parameter analysis plot saved to /home/duhaochen/website-trial-v1/data/spice-model-benchmark/2fed61d6f65aa2a9cfb4f673b9b8e22d/ngspice/plots/ac_cv_sparameter_analysis.png
[INFO]: NQS effects plot saved to /home/duhaochen/website-trial-v1/data/spice-model-benchmark/2fed61d6f65aa2a9cfb4f673b9b8e22d/ngspice/plots/ac_cv_nqs_effects.png
[INFO]: S-parameter analysis plot saved to /home/duhaochen/website-trial-v1/data/spice-model-benchmark/2fed61d6f65aa2a9cfb4f673b9b8e22d/ngspice/plots/ac_cv_sparameter_analysis.png
norm_dvg: [9.99998830e+11 9.97159511e+11 9.91524651e+11 ... 0.00000000e+00
 0.00000000e+00 0.00000000e+00]
norm_dvd: [0. 0. 0. ... 0. 0. 0.]
norm_did: [ 826543.83929634 2479635.87523416 1033180.6935178  ...       0.
       0.               0.        ]
[WARNING]: Quasi-static verification failed
[WARNING]: Max normalized derivatives: dVg/dt=nan, dVd/dt=nan, dId/dt=nan

  ngspice: ✓ PASS  (302.0s)

✓ Benchmark completed: /home/duhaochen/website-trial-v1/data/spice-model-benchmark/2fed61d6f65aa2a9cfb4f673b9b8e22d/ngspice
