$ /usr/bin/time -v -o /home/duhaochen/website-trial-v1/data/spice-model-benchmark/58dc7643b0cd8d0517cf8937f2ad3193/ngspice/resource.txt /usr/bin/python -m spice_model_benchmark.cli /home/duhaochen/pipeline_full_collection/benchmark-inputs/58dc7643b0cd8d0517cf8937f2ad3193/ngspice.lib --simulator ngspice --modes dc transient ac noise --output-dir /home/duhaochen/website-trial-v1/data/spice-model-benchmark/58dc7643b0cd8d0517cf8937f2ad3193 --dpi 120 --log-level WARNING
/home/duhaochen/spice_model_benchmark/src/spice_model_benchmark/verification_manager.py:1557: RuntimeWarning: divide by zero encountered in divide
  tc = np.mean((d_ids / d_temp) / np.abs(i_ds[:-1]))
SPICE Model Benchmark: /home/duhaochen/pipeline_full_collection/benchmark-inputs/58dc7643b0cd8d0517cf8937f2ad3193/ngspice.lib
Simulators: ngspice
Modes: dc, transient, ac, noise
------------------------------------------------------------

============================================================
  Running: NGSPICE
  Output:  /home/duhaochen/website-trial-v1/data/spice-model-benchmark/58dc7643b0cd8d0517cf8937f2ad3193/ngspice
============================================================
Vgs range: -1.200V to 0.000V
Ids range: 0.000e+00A to 1.853e-04A
Selected Vgs values: [-1.2 -1.  -0.8 -0.6 -0.4 -0.2  0. ]
Vgs=-1.200V: Ids range 0.000e+00A to 1.853e-04A
Vgs=-1.000V: Ids range 0.000e+00A to 1.053e-04A
Vgs=-0.800V: Ids range 0.000e+00A to 4.489e-05A
Vgs=-0.600V: Ids range 0.000e+00A to 8.098e-06A
Vgs=-0.400V: Ids range 0.000e+00A to 1.899e-07A
Vgs=-0.200V: Ids range 0.000e+00A to 2.608e-09A
Vgs=0.000V: Ids range 1.690e-15A to 2.552e-11A
ids_variation: 6.546402861757032
ids_variation <= max_variation: False
tc: inf
abs(tc) <= max_tc: False
[WARNING]: Temperature effects verification failed - effects outside expected range
/home/duhaochen/spice_model_benchmark/src/spice_model_benchmark/verification_manager.py:1817: RuntimeWarning: divide by zero encountered in log
  log_ids = np.log(np.abs(i_ds))
/home/duhaochen/.local/lib/python3.9/site-packages/numpy/lib/function_base.py:2742: RuntimeWarning: invalid value encountered in subtract
  X -= avg[:, None]
/home/duhaochen/spice_model_benchmark/src/spice_model_benchmark/verification_manager.py:1862: RuntimeWarning: divide by zero encountered in divide
  efficiency = np.abs(gm / i_ds)  # Transconductance efficiency
[INFO]: S-parameter analysis plot saved to /home/duhaochen/website-trial-v1/data/spice-model-benchmark/58dc7643b0cd8d0517cf8937f2ad3193/ngspice/plots/ac_cv_sparameter_analysis.png
[INFO]: NQS effects plot saved to /home/duhaochen/website-trial-v1/data/spice-model-benchmark/58dc7643b0cd8d0517cf8937f2ad3193/ngspice/plots/ac_cv_nqs_effects.png
[INFO]: S-parameter analysis plot saved to /home/duhaochen/website-trial-v1/data/spice-model-benchmark/58dc7643b0cd8d0517cf8937f2ad3193/ngspice/plots/ac_cv_sparameter_analysis.png
norm_dvg: [2.50000000e+11 1.25000000e+11 6.25000000e+10 3.12500000e+10
 1.56250000e+10 7.81249988e+09 6.65910549e+09 5.61924955e+09
 5.12243078e+09 4.53689163e+09 4.18383146e+09 3.82369188e+09
 3.52177171e+09 3.23882707e+09 3.09507963e+09 2.95297671e+09
 2.81415182e+09 2.67933793e+09 2.54599340e+09 2.49018736e+09
 2.46632204e+09 2.44157013e+09 2.42107465e+09 2.39845913e+09
 2.37207150e+09 2.34544454e+09 2.32123209e+09 2.30713286e+09
 2.29693686e+09 2.28547810e+09 2.27137787e+09 2.25197688e+09
 2.23618319e+09 2.21769803e+09 2.20399862e+09 2.19275326e+09
 2.17908064e+09 2.16412013e+09 2.15246865e+09 2.13873172e+09
 2.12226822e+09 2.10467215e+09 2.08156836e+09 2.05288247e+09
 2.02609602e+09 2.00000130e+09 1.99590539e+09 1.98776741e+09
 1.97344913e+09 1.94542385e+09 1.89169447e+09 1.79267346e+09
 1.62278364e+09 1.36421349e+09 1.17660757e+09 1.00000094e+09
 9.96480417e+08 9.89517263e+08 9.75877290e+08 9.49695029e+08
 9.01330963e+08 8.18014573e+08 6.90381036e+08 5.26182241e+08
 3.70304232e+08 2.85674925e+08 2.32532062e+08 1.96059893e+08
 1.69477673e+08 1.49242990e+08 1.33324761e+08 1.20474928e+08
 1.09884287e+08 1.02038306e+08 9.52393293e+07 9.52144598e+07
 9.51675317e+07 9.50755076e+07 9.48893085e+07 9.45201937e+07
 9.37904506e+07 9.32328860e+07 9.30434988e+07 9.26667203e+07
 9.24961293e+07 9.23407062e+07 9.22073938e+07 9.20659460e+07
 9.19017907e+07 9.17498285e+07 9.17085107e+07 9.16677290e+07
 9.16378003e+07 9.16064515e+07 9.15665744e+07 9.15255254e+07
 9.14874006e+07 9.14678780e+07 9.14501498e+07 9.14324171e+07
 9.14107476e+07 9.13824582e+07 9.13607502e+07 9.13332230e+07
 9.13042357e+07 9.12857467e+07 9.12621905e+07 9.12383716e+07
 9.12152416e+07 9.11851951e+07 9.11551564e+07 9.11221576e+07
 9.10770766e+07 9.10243308e+07 9.09667835e+07 9.09090909e+07
 9.08981497e+07 9.08752409e+07 9.08328110e+07 9.07495654e+07
 9.05837179e+07 9.02533903e+07 8.96000931e+07 8.83213962e+07
 8.73225628e+07 8.68831147e+07 8.64582759e+07 8.61931615e+07
 8.58885187e+07 8.55526862e+07 8.52813320e+07 8.49423843e+07
 8.44713261e+07 8.38984020e+07 8.33335876e+07 8.32949041e+07
 8.32199275e+07 8.30685138e+07 8.27681815e+07 8.21735893e+07
 8.10098599e+07 7.87785196e+07 7.46653412e+07 7.04567966e+07
 6.66973701e+07 6.33188116e+07 6.02660277e+07 5.74940808e+07
 5.49659093e+07 5.26507312e+07 5.12911223e+07 0.00000000e+00
 0.00000000e+00 0.00000000e+00 0.00000000e+00 0.00000000e+00
 0.00000000e+00 0.00000000e+00 0.00000000e+00 0.00000000e+00
 0.00000000e+00 0.00000000e+00 0.00000000e+00 0.00000000e+00
 0.00000000e+00 0.00000000e+00 0.00000000e+00 0.00000000e+00
 0.00000000e+00 0.00000000e+00 0.00000000e+00 0.00000000e+00
 0.00000000e+00 0.00000000e+00 0.00000000e+00 0.00000000e+00
 0.00000000e+00 0.00000000e+00 0.00000000e+00 0.00000000e+00
 0.00000000e+00 0.00000000e+00 0.00000000e+00 0.00000000e+00
 0.00000000e+00 0.00000000e+00 0.00000000e+00 0.00000000e+00
 0.00000000e+00 0.00000000e+00 0.00000000e+00 0.00000000e+00
 0.00000000e+00 0.00000000e+00 0.00000000e+00 0.00000000e+00
 0.00000000e+00 0.00000000e+00 0.00000000e+00 0.00000000e+00
 0.00000000e+00 0.00000000e+00 0.00000000e+00 0.00000000e+00
 0.00000000e+00 0.00000000e+00 0.00000000e+00 0.00000000e+00
 0.00000000e+00 0.00000000e+00 0.00000000e+00 0.00000000e+00
 0.00000000e+00 0.00000000e+00 0.00000000e+00 0.00000000e+00
 0.00000000e+00 0.00000000e+00 0.00000000e+00 0.00000000e+00
 0.00000000e+00 0.00000000e+00 0.00000000e+00 0.00000000e+00
 0.00000000e+00 0.00000000e+00 0.00000000e+00 0.00000000e+00
 0.00000000e+00 0.00000000e+00 0.00000000e+00 0.00000000e+00
 0.00000000e+00 0.00000000e+00 0.00000000e+00 0.00000000e+00
 0.00000000e+00 0.00000000e+00 0.00000000e+00 0.00000000e+00
 0.00000000e+00 0.00000000e+00 0.00000000e+00 0.00000000e+00
 0.00000000e+00 0.00000000e+00 0.00000000e+00 0.00000000e+00
 0.00000000e+00 0.00000000e+00 0.00000000e+00 0.00000000e+00
 0.00000000e+00 0.00000000e+00 0.00000000e+00 0.00000000e+00
 0.00000000e+00 0.00000000e+00 0.00000000e+00 0.00000000e+00
 0.00000000e+00 0.00000000e+00 0.00000000e+00 0.00000000e+00
 0.00000000e+00 0.00000000e+00 0.00000000e+00 0.00000000e+00
 0.00000000e+00 0.00000000e+00 0.00000000e+00 0.00000000e+00
 0.00000000e+00 0.00000000e+00 0.00000000e+00 0.00000000e+00
 0.00000000e+00 0.00000000e+00 0.00000000e+00 0.00000000e+00
 0.00000000e+00 0.00000000e+00 0.00000000e+00 0.00000000e+00
 0.00000000e+00 0.00000000e+00 0.00000000e+00 0.00000000e+00
 0.00000000e+00 0.00000000e+00 0.00000000e+00 0.00000000e+00
 0.00000000e+00 0.00000000e+00 0.00000000e+00 0.00000000e+00
 0.00000000e+00 0.00000000e+00 0.00000000e+00 0.00000000e+00
 0.00000000e+00 0.00000000e+00]
norm_dvd: [0. 0. 0. 0. 0. 0. 0. 0. 0. 0. 0. 0. 0. 0. 0. 0. 0. 0. 0. 0. 0. 0. 0. 0.
 0. 0. 0. 0. 0. 0. 0. 0. 0. 0. 0. 0. 0. 0. 0. 0. 0. 0. 0. 0. 0. 0. 0. 0.
 0. 0. 0. 0. 0. 0. 0. 0. 0. 0. 0. 0. 0. 0. 0. 0. 0. 0. 0. 0. 0. 0. 0. 0.
 0. 0. 0. 0. 0. 0. 0. 0. 0. 0. 0. 0. 0. 0. 0. 0. 0. 0. 0. 0. 0. 0. 0. 0.
 0. 0. 0. 0. 0. 0. 0. 0. 0. 0. 0. 0. 0. 0. 0. 0. 0. 0. 0. 0. 0. 0. 0. 0.
 0. 0. 0. 0. 0. 0. 0. 0. 0. 0. 0. 0. 0. 0. 0. 0. 0. 0. 0. 0. 0. 0. 0. 0.
 0. 0. 0. 0. 0. 0. 0. 0. 0. 0. 0. 0. 0. 0. 0. 0. 0. 0. 0. 0. 0. 0. 0. 0.
 0. 0. 0. 0. 0. 0. 0. 0. 0. 0. 0. 0. 0. 0. 0. 0. 0. 0. 0. 0. 0. 0. 0. 0.
 0. 0. 0. 0. 0. 0. 0. 0. 0. 0. 0. 0. 0. 0. 0. 0. 0. 0. 0. 0. 0. 0. 0. 0.
 0. 0. 0. 0. 0. 0. 0. 0. 0. 0. 0. 0. 0. 0. 0. 0. 0. 0. 0. 0. 0. 0. 0. 0.
 0. 0. 0. 0. 0. 0. 0. 0. 0. 0. 0. 0. 0. 0. 0. 0. 0. 0. 0. 0. 0. 0. 0. 0.
 0. 0. 0. 0. 0. 0. 0. 0. 0. 0. 0. 0. 0. 0. 0. 0. 0. 0. 0. 0. 0. 0. 0. 0.
 0. 0. 0. 0. 0. 0. 0. 0. 0. 0. 0. 0. 0. 0.]
norm_did: [2.32472239e+03 3.48708354e+03 2.03413201e+03 2.47001736e+03
 2.54266473e+03 3.14572139e+03 3.01157934e+03 3.23250426e+03
 3.32163421e+03 3.49955137e+03 3.71757574e+03 3.73271590e+03
 3.93611569e+03 4.21505119e+03 4.18657509e+03 4.45307056e+03
 4.42068689e+03 4.75708871e+03 4.75387661e+03 4.78602814e+03
 5.65594422e+03 4.02248102e+03 5.96949697e+03 5.01205750e+03
 4.85737444e+03 5.22718508e+03 5.29889514e+03 4.83197027e+03
 4.26045590e+03 5.13515107e+03 6.12937523e+03 4.44722797e+03
 6.23655278e+03 4.97657053e+03 5.99478483e+03 4.87469694e+03
 5.86178827e+03 5.57710700e+03 4.67409439e+03 5.12771700e+03
 5.90072285e+03 6.17178157e+03 5.54073431e+03 5.77569647e+03
 5.77569536e+03 0.00000000e+00 9.06613528e+03 6.36919855e+03
 5.73227855e+03 6.05073862e+03 6.36919755e+03 6.76727137e+03
 7.64303275e+03 1.00246119e+04 1.27310196e+04 9.61139596e+04
 2.36992909e+04 1.64578498e+04 1.69515814e+04 1.79390403e+04
 2.04076967e+04 2.60032944e+04 4.15350823e+04 9.62691196e+04
 4.65595179e+05 2.40962576e+06 1.12715461e+07 4.53815699e+07
 1.81758760e+08 4.87665563e+08 5.32030549e+08 9.16136693e+09
 3.10641141e+09 1.38249375e+09 1.38785674e+09 7.87391142e+08
 7.87500879e+08 7.84877442e+08 7.79625224e+08 7.69190941e+08
 7.38542595e+08 7.13772007e+08 7.08842096e+08 6.93371701e+08
 6.87281049e+08 6.81756595e+08 6.77308018e+08 6.72826337e+08
 6.67222989e+08 6.61282427e+08 6.59825392e+08 6.58402989e+08
 6.57508646e+08 6.56593051e+08 6.55218273e+08 6.53932367e+08
 6.52593218e+08 6.51849785e+08 6.51331291e+08 6.50830609e+08
 6.50145307e+08 6.49243995e+08 6.48564759e+08 6.47763340e+08
 6.46732161e+08 6.46140860e+08 6.45457128e+08 6.44739472e+08
 6.43955539e+08 6.43152341e+08 6.42154540e+08 6.41245136e+08
 6.39963756e+08 6.38333520e+08 6.36556501e+08 6.35879103e+08
 6.33378055e+08 6.33591714e+08 6.32682507e+08 6.30877470e+08
 6.27284235e+08 6.20153025e+08 6.06152705e+08 5.68709119e+08
 5.39461823e+08 5.28728615e+08 5.17758500e+08 5.11942397e+08
 5.05294642e+08 4.97522190e+08 4.92059061e+08 4.85645022e+08
 4.76461620e+08 4.64923540e+08 4.51964572e+08 4.50393303e+08
 4.49662870e+08 4.47602733e+08 4.43536084e+08 4.35597024e+08
 4.20510856e+08 3.93371117e+08 3.37779084e+08 2.89940599e+08
 2.54364181e+08 2.26705079e+08 2.04474267e+08 1.86152104e+08
 1.70756162e+08 1.56281241e+08 1.49081379e+08 2.46505455e+09
 0.00000000e+00 0.00000000e+00 0.00000000e+00 0.00000000e+00
 0.00000000e+00 0.00000000e+00 0.00000000e+00 0.00000000e+00
 0.00000000e+00 0.00000000e+00 0.00000000e+00 0.00000000e+00
 0.00000000e+00 0.00000000e+00 0.00000000e+00 0.00000000e+00
 0.00000000e+00 0.00000000e+00 0.00000000e+00 0.00000000e+00
 0.00000000e+00 0.00000000e+00 0.00000000e+00 0.00000000e+00
 0.00000000e+00 0.00000000e+00 0.00000000e+00 0.00000000e+00
 0.00000000e+00 0.00000000e+00 0.00000000e+00 0.00000000e+00
 0.00000000e+00 0.00000000e+00 0.00000000e+00 0.00000000e+00
 0.00000000e+00 0.00000000e+00 0.00000000e+00 0.00000000e+00
 0.00000000e+00 0.00000000e+00 0.00000000e+00 0.00000000e+00
 0.00000000e+00 0.00000000e+00 0.00000000e+00 0.00000000e+00
 0.00000000e+00 0.00000000e+00 0.00000000e+00 0.00000000e+00
 0.00000000e+00 0.00000000e+00 0.00000000e+00 0.00000000e+00
 0.00000000e+00 0.00000000e+00 0.00000000e+00 0.00000000e+00
 0.00000000e+00 0.00000000e+00 0.00000000e+00 0.00000000e+00
 0.00000000e+00 0.00000000e+00 0.00000000e+00 0.00000000e+00
 0.00000000e+00 0.00000000e+00 0.00000000e+00 0.00000000e+00
 0.00000000e+00 0.00000000e+00 0.00000000e+00 0.00000000e+00
 0.00000000e+00 0.00000000e+00 0.00000000e+00 0.00000000e+00
 0.00000000e+00 0.00000000e+00 0.00000000e+00 0.00000000e+00
 0.00000000e+00 0.00000000e+00 0.00000000e+00 0.00000000e+00
 0.00000000e+00 0.00000000e+00 0.00000000e+00 0.00000000e+00
 0.00000000e+00 0.00000000e+00 0.00000000e+00 0.00000000e+00
 0.00000000e+00 0.00000000e+00 0.00000000e+00 0.00000000e+00
 0.00000000e+00 0.00000000e+00 0.00000000e+00 0.00000000e+00
 0.00000000e+00 0.00000000e+00 0.00000000e+00 0.00000000e+00
 0.00000000e+00 0.00000000e+00 0.00000000e+00 0.00000000e+00
 0.00000000e+00 0.00000000e+00 0.00000000e+00 0.00000000e+00
 0.00000000e+00 0.00000000e+00 0.00000000e+00 0.00000000e+00
 0.00000000e+00 0.00000000e+00 0.00000000e+00 0.00000000e+00
 0.00000000e+00 0.00000000e+00 0.00000000e+00 0.00000000e+00
 0.00000000e+00 0.00000000e+00 0.00000000e+00 0.00000000e+00
 0.00000000e+00 0.00000000e+00 0.00000000e+00 0.00000000e+00
 0.00000000e+00 0.00000000e+00 0.00000000e+00 0.00000000e+00
 0.00000000e+00 0.00000000e+00 0.00000000e+00 0.00000000e+00
 0.00000000e+00 0.00000000e+00 0.00000000e+00 0.00000000e+00
 0.00000000e+00 0.00000000e+00]
[WARNING]: Quasi-static verification failed
[WARNING]: Max normalized derivatives: dVg/dt=2.50e+11, dVd/dt=0.00e+00, dId/dt=9.16e+09

  ngspice: ✓ PASS  (65.2s)

✓ Benchmark completed: /home/duhaochen/website-trial-v1/data/spice-model-benchmark/58dc7643b0cd8d0517cf8937f2ad3193/ngspice
