
6. Printing statistics.

=== adder_top ===

        +----------Local Count, excluding submodules.
        |        +-Local Area, excluding submodules.
        |        | 
      133        - wires
      226        - wire bits
        5        - public wires
       98        - public wire bits
        5        - ports
       98        - port bits
      161  1649.29 cells
        2   25.402   sg13g2_a21o_1
        2   18.144   sg13g2_a21oi_1
        2   18.144   sg13g2_and2_1
       29  157.853   sg13g2_inv_1
       28  203.213   sg13g2_nand2_1
        1    9.072   sg13g2_nand2b_1
        3   21.773   sg13g2_nor2_1
        2   18.144   sg13g2_nor2b_1
       28  254.016   sg13g2_o21ai_1
        1    9.072   sg13g2_or2_1
       59  856.397   sg13g2_xnor2_1
        4   58.061   sg13g2_xor2_1

   Chip area for module '\adder_top': 1649.289600
     of which used for sequential elements: 0.000000 (0.00%)

