
6. Printing statistics.

=== adder_top ===

        +----------Local Count, excluding submodules.
        |        +-Local Area, excluding submodules.
        |        | 
       87        - wires
      132        - wire bits
        5        - public wires
       50        - public wire bits
        5        - ports
       50        - port bits
       99 1.97E+03 cells
        5   87.808   gf180mcu_fd_sc_mcu7t5v0__and2_1
        1   21.952   gf180mcu_fd_sc_mcu7t5v0__and3_1
        1   24.147   gf180mcu_fd_sc_mcu7t5v0__and4_1
        2   43.904   gf180mcu_fd_sc_mcu7t5v0__aoi211_1
        7  122.931   gf180mcu_fd_sc_mcu7t5v0__aoi21_1
        1   24.147   gf180mcu_fd_sc_mcu7t5v0__aoi221_1
        2   39.514   gf180mcu_fd_sc_mcu7t5v0__aoi22_1
        7   61.466   gf180mcu_fd_sc_mcu7t5v0__clkinv_1
       13  142.688   gf180mcu_fd_sc_mcu7t5v0__nand2_1
        2   30.733   gf180mcu_fd_sc_mcu7t5v0__nand3_1
        1   19.757   gf180mcu_fd_sc_mcu7t5v0__nand4_1
       12  158.054   gf180mcu_fd_sc_mcu7t5v0__nor2_1
        2   43.904   gf180mcu_fd_sc_mcu7t5v0__nor4_1
        2   43.904   gf180mcu_fd_sc_mcu7t5v0__oai211_1
        5   87.808   gf180mcu_fd_sc_mcu7t5v0__oai21_1
        1   21.952   gf180mcu_fd_sc_mcu7t5v0__oai22_1
        1   24.147   gf180mcu_fd_sc_mcu7t5v0__oai31_1
        1   17.562   gf180mcu_fd_sc_mcu7t5v0__or2_1
        1   21.952   gf180mcu_fd_sc_mcu7t5v0__or3_1
        1   26.342   gf180mcu_fd_sc_mcu7t5v0__or4_1
        7  199.763   gf180mcu_fd_sc_mcu7t5v0__xnor2_1
       21   553.19   gf180mcu_fd_sc_mcu7t5v0__xor2_1
        3  151.469   gf180mcu_fd_sc_mcu7t5v0__xor3_1

   Chip area for module '\adder_top': 1969.094400
     of which used for sequential elements: 0.000000 (0.00%)

